

================================================================
== Vitis HLS Report for 'mp_mul_flat_Pipeline_VITIS_LOOP_109_8'
================================================================
* Date:           Thu Jun 25 13:51:47 2026

* Version:        2024.2.2 (Build 6049644 on Mar  5 2025)
* Project:        proj_kara_flat
* Solution:       solution1 (Vivado IP Flow Target)
* Product family: virtexuplus
* Target device:  xcvu9p-flga2104-2-i


================================================================
== Performance Estimates
================================================================
+ Timing: 
    * Summary: 
    +--------+----------+----------+------------+
    |  Clock |  Target  | Estimated| Uncertainty|
    +--------+----------+----------+------------+
    |ap_clk  |  10.00 ns|  2.356 ns|     2.70 ns|
    +--------+----------+----------+------------+

+ Latency: 
    * Summary: 
    +---------+---------+----------+----------+-----+-----+------------------------------------------------+
    |  Latency (cycles) |  Latency (absolute) |  Interval |                    Pipeline                    |
    |   min   |   max   |    min   |    max   | min | max |                      Type                      |
    +---------+---------+----------+----------+-----+-----+------------------------------------------------+
    |       18|       18|  0.180 us|  0.180 us|   17|   17|  loop auto-rewind stp (delay=0 clock cycles(s))|
    +---------+---------+----------+----------+-----+-----+------------------------------------------------+

    + Detail: 
        * Instance: 
        N/A

        * Loop: 
        +--------------------+---------+---------+----------+-----------+-----------+------+----------+
        |                    |  Latency (cycles) | Iteration|  Initiation Interval  | Trip |          |
        |      Loop Name     |   min   |   max   |  Latency |  achieved |   target  | Count| Pipelined|
        +--------------------+---------+---------+----------+-----------+-----------+------+----------+
        |- VITIS_LOOP_109_8  |       16|       16|         1|          1|          1|    16|       yes|
        +--------------------+---------+---------+----------+-----------+-----------+------+----------+



================================================================
== Utilization Estimates
================================================================
* Summary: 
+---------------------+---------+------+---------+---------+-----+
|         Name        | BRAM_18K|  DSP |    FF   |   LUT   | URAM|
+---------------------+---------+------+---------+---------+-----+
|DSP                  |        -|     -|        -|        -|    -|
|Expression           |        -|     -|        0|       25|    -|
|FIFO                 |        -|     -|        -|        -|    -|
|Instance             |        -|     -|        0|      273|    -|
|Memory               |        -|     -|        -|        -|    -|
|Multiplexer          |        -|     -|        0|       36|    -|
|Register             |        -|     -|        7|        -|    -|
+---------------------+---------+------+---------+---------+-----+
|Total                |        0|     0|        7|      334|    0|
+---------------------+---------+------+---------+---------+-----+
|Available SLR        |     1440|  2280|   788160|   394080|  320|
+---------------------+---------+------+---------+---------+-----+
|Utilization SLR (%)  |        0|     0|       ~0|       ~0|    0|
+---------------------+---------+------+---------+---------+-----+
|Available            |     4320|  6840|  2364480|  1182240|  960|
+---------------------+---------+------+---------+---------+-----+
|Utilization (%)      |        0|     0|       ~0|       ~0|    0|
+---------------------+---------+------+---------+---------+-----+

+ Detail: 
    * Instance: 
    +-----------------------------------------+------------------------------------+---------+----+---+-----+-----+
    |                 Instance                |               Module               | BRAM_18K| DSP| FF| LUT | URAM|
    +-----------------------------------------+------------------------------------+---------+----+---+-----+-----+
    |partselect_64ns_1024ns_32ns_64_1_1_U107  |partselect_64ns_1024ns_32ns_64_1_1  |        0|   0|  0|  273|    0|
    +-----------------------------------------+------------------------------------+---------+----+---+-----+-----+
    |Total                                    |                                    |        0|   0|  0|  273|    0|
    +-----------------------------------------+------------------------------------+---------+----+---+-----+-----+

    * DSP: 
    N/A

    * Memory: 
    N/A

    * FIFO: 
    N/A

    * Expression: 
    +---------------------+----------+----+---+----+------------+------------+
    |    Variable Name    | Operation| DSP| FF| LUT| Bitwidth P0| Bitwidth P1|
    +---------------------+----------+----+---+----+------------+------------+
    |add_ln109_fu_79_p2   |         +|   0|  0|  12|           5|           1|
    |icmp_ln109_fu_73_p2  |      icmp|   0|  0|  13|           5|           6|
    +---------------------+----------+----+---+----+------------+------------+
    |Total                |          |   0|  0|  25|          10|           7|
    +---------------------+----------+----+---+----+------------+------------+

    * Multiplexer: 
    +----------------------+----+-----------+-----+-----------+
    |         Name         | LUT| Input Size| Bits| Total Bits|
    +----------------------+----+-----------+-----+-----------+
    |ap_done_int           |   9|          2|    1|          2|
    |ap_sig_allocacmp_i_9  |   9|          2|    5|         10|
    |c_WEN_A_local         |   9|          2|    8|         16|
    |i_fu_42               |   9|          2|    5|         10|
    +----------------------+----+-----------+-----+-----------+
    |Total                 |  36|          8|   19|         38|
    +----------------------+----+-----------+-----+-----------+

    * Register: 
    +-------------+---+----+-----+-----------+
    |     Name    | FF| LUT| Bits| Const Bits|
    +-------------+---+----+-----+-----------+
    |ap_CS_fsm    |  1|   0|    1|          0|
    |ap_done_reg  |  1|   0|    1|          0|
    |i_fu_42      |  5|   0|    5|          0|
    +-------------+---+----+-----+-----------+
    |Total        |  7|   0|    7|          0|
    +-------------+---+----+-----+-----------+



================================================================
== Interface
================================================================
* Summary: 
+------------+-----+------+------------+---------------------------------------+--------------+
|  RTL Ports | Dir | Bits |  Protocol  |             Source Object             |    C Type    |
+------------+-----+------+------------+---------------------------------------+--------------+
|ap_clk      |   in|     1|  ap_ctrl_hs|  mp_mul_flat_Pipeline_VITIS_LOOP_109_8|  return value|
|ap_rst      |   in|     1|  ap_ctrl_hs|  mp_mul_flat_Pipeline_VITIS_LOOP_109_8|  return value|
|ap_start    |   in|     1|  ap_ctrl_hs|  mp_mul_flat_Pipeline_VITIS_LOOP_109_8|  return value|
|ap_done     |  out|     1|  ap_ctrl_hs|  mp_mul_flat_Pipeline_VITIS_LOOP_109_8|  return value|
|ap_idle     |  out|     1|  ap_ctrl_hs|  mp_mul_flat_Pipeline_VITIS_LOOP_109_8|  return value|
|ap_ready    |  out|     1|  ap_ctrl_hs|  mp_mul_flat_Pipeline_VITIS_LOOP_109_8|  return value|
|out_reload  |   in|  1024|     ap_none|                             out_reload|        scalar|
|c_Addr_A    |  out|    32|        bram|                                      c|         array|
|c_EN_A      |  out|     1|        bram|                                      c|         array|
|c_WEN_A     |  out|     8|        bram|                                      c|         array|
|c_Din_A     |  out|    64|        bram|                                      c|         array|
|c_Dout_A    |   in|    64|        bram|                                      c|         array|
+------------+-----+------+------------+---------------------------------------+--------------+

============================================================
+ Verbose Summary: Synthesis Manager
============================================================
InlineROM: 1
ExposeGlobal: 0
============================================================
+ Verbose Summary: CDFG Model
============================================================
IsTopModel: 0
ResetActiveHigh: 1
IsCombinational: 2
IsDatapathOnly: 2
HasWiredReturn: 1
HasMFsm: 2
HasVarLatency: 1
IsPipeline: 0
IsRtlPipelined: 0
IsInstanceOverlapped: 0
IsDontTouch: 0
HasImplIP: 0
IsGatedGlobalClock: 0

+ Individual pipeline summary: 
  * Pipeline-0: initiation interval (II) = 1, depth = 1


============================================================
+ Verbose Summary: Schedule
============================================================
* Number of FSM states : 1
* Pipeline : 1
  Pipeline-0 : II = 1, D = 1, States = { 1 }
* Dataflow Pipeline: 0

* FSM state transitions: 
1 --> 

* FSM state operations: 

State 1 <SV = 0> <Delay = 2.35>
ST_1 : Operation 4 [1/1] (0.00ns)   --->   "%i = alloca i32 1" [mp_mul_rewriter/auto/test_karatsuba_handwritten_flat.cpp:109]   --->   Operation 4 'alloca' 'i' <Predicate = true> <Delay = 0.00>
ST_1 : Operation 5 [1/1] (0.00ns)   --->   "%specinterface_ln0 = specinterface void @_ssdm_op_SpecInterface, i64 %c, void @empty, i32 0, i32 0, void @empty_13, i32 4294967295, i32 0, void @empty_13, void @empty_13, void @empty_13, i32 0, i32 0, i32 0, i32 0, void @empty_13, void @empty_13, i32 4294967295, i32 0, i32 0"   --->   Operation 5 'specinterface' 'specinterface_ln0' <Predicate = true> <Delay = 0.00>
ST_1 : Operation 6 [1/1] (0.00ns)   --->   "%out_reload_read = read i1024 @_ssdm_op_Read.ap_auto.i1024, i1024 %out_reload"   --->   Operation 6 'read' 'out_reload_read' <Predicate = true> <Delay = 0.00>
ST_1 : Operation 7 [1/1] (0.38ns)   --->   "%store_ln109 = store i5 0, i5 %i" [mp_mul_rewriter/auto/test_karatsuba_handwritten_flat.cpp:109]   --->   Operation 7 'store' 'store_ln109' <Predicate = true> <Delay = 0.38>
ST_1 : Operation 8 [1/1] (0.00ns)   --->   "%br_ln0 = br void %for.inc139"   --->   Operation 8 'br' 'br_ln0' <Predicate = true> <Delay = 0.00>
ST_1 : Operation 9 [1/1] (0.00ns)   --->   "%i_9 = load i5 %i" [mp_mul_rewriter/auto/test_karatsuba_handwritten_flat.cpp:112]   --->   Operation 9 'load' 'i_9' <Predicate = true> <Delay = 0.00>
ST_1 : Operation 10 [1/1] (0.70ns)   --->   "%icmp_ln109 = icmp_eq  i5 %i_9, i5 16" [mp_mul_rewriter/auto/test_karatsuba_handwritten_flat.cpp:109]   --->   Operation 10 'icmp' 'icmp_ln109' <Predicate = true> <Delay = 0.70> <CoreInst = "Cmp">   --->   Core 9 'Cmp' <Latency = 0> <II = 1> <Delay = 0.70> <FuncUnit> <Opcode : 'seteq' 'setne' 'setle' 'setge' 'setlt' 'setgt'> <InPorts = 2> <OutPorts = 1>
ST_1 : Operation 11 [1/1] (0.70ns)   --->   "%add_ln109 = add i5 %i_9, i5 1" [mp_mul_rewriter/auto/test_karatsuba_handwritten_flat.cpp:109]   --->   Operation 11 'add' 'add_ln109' <Predicate = true> <Delay = 0.70> <CoreInst = "Adder">   --->   Core 1 'Adder' <Latency = 0> <II = 1> <Delay = 0.70> <FuncUnit> <Opcode : 'add' 'sub'> <InPorts = 2> <OutPorts = 1>
ST_1 : Operation 12 [1/1] (0.00ns)   --->   "%br_ln109 = br i1 %icmp_ln109, void %for.inc139.split, void %for.end141.exitStub" [mp_mul_rewriter/auto/test_karatsuba_handwritten_flat.cpp:109]   --->   Operation 12 'br' 'br_ln109' <Predicate = true> <Delay = 0.00>
ST_1 : Operation 13 [1/1] (0.00ns)   --->   "%zext_ln109 = zext i5 %i_9" [mp_mul_rewriter/auto/test_karatsuba_handwritten_flat.cpp:109]   --->   Operation 13 'zext' 'zext_ln109' <Predicate = (!icmp_ln109)> <Delay = 0.00>
ST_1 : Operation 14 [1/1] (0.00ns)   --->   "%specpipeline_ln111 = specpipeline void @_ssdm_op_SpecPipeline, i32 1, i32 0, i32 0, i32 0, void @empty_13" [mp_mul_rewriter/auto/test_karatsuba_handwritten_flat.cpp:111]   --->   Operation 14 'specpipeline' 'specpipeline_ln111' <Predicate = (!icmp_ln109)> <Delay = 0.00>
ST_1 : Operation 15 [1/1] (0.00ns)   --->   "%speclooptripcount_ln109 = speclooptripcount void @_ssdm_op_SpecLoopTripCount, i64 16, i64 16, i64 16" [mp_mul_rewriter/auto/test_karatsuba_handwritten_flat.cpp:109]   --->   Operation 15 'speclooptripcount' 'speclooptripcount_ln109' <Predicate = (!icmp_ln109)> <Delay = 0.00>
ST_1 : Operation 16 [1/1] (0.00ns)   --->   "%specloopname_ln109 = specloopname void @_ssdm_op_SpecLoopName, void @empty_3" [mp_mul_rewriter/auto/test_karatsuba_handwritten_flat.cpp:109]   --->   Operation 16 'specloopname' 'specloopname_ln109' <Predicate = (!icmp_ln109)> <Delay = 0.00>
ST_1 : Operation 17 [1/1] (0.00ns)   --->   "%trunc_ln112 = trunc i5 %i_9" [mp_mul_rewriter/auto/test_karatsuba_handwritten_flat.cpp:112]   --->   Operation 17 'trunc' 'trunc_ln112' <Predicate = (!icmp_ln109)> <Delay = 0.00>
ST_1 : Operation 18 [1/1] (0.00ns)   --->   "%shl_ln6 = bitconcatenate i10 @_ssdm_op_BitConcatenate.i10.i4.i6, i4 %trunc_ln112, i6 0" [mp_mul_rewriter/auto/test_karatsuba_handwritten_flat.cpp:112]   --->   Operation 18 'bitconcatenate' 'shl_ln6' <Predicate = (!icmp_ln109)> <Delay = 0.00>
ST_1 : Operation 19 [1/1] (0.00ns)   --->   "%zext_ln112 = zext i10 %shl_ln6" [mp_mul_rewriter/auto/test_karatsuba_handwritten_flat.cpp:112]   --->   Operation 19 'zext' 'zext_ln112' <Predicate = (!icmp_ln109)> <Delay = 0.00>
ST_1 : Operation 20 [1/1] (1.25ns)   --->   "%tmp_6 = partselect i64 @_ssdm_op_PartSelect.i64.i1024.i32, i1024 %out_reload_read, i32 %zext_ln112" [mp_mul_rewriter/auto/test_karatsuba_handwritten_flat.cpp:112]   --->   Operation 20 'partselect' 'tmp_6' <Predicate = (!icmp_ln109)> <Delay = 1.25> <CoreInst = "PartSelect">   --->   Core 165 'PartSelect' <Latency = 0> <II = 1> <Delay = 1.25> <FuncUnit> <Opcode : 'partselect'> <InPorts = 2> <OutPorts = 1>
ST_1 : Operation 21 [1/1] (0.00ns)   --->   "%c_addr = getelementptr i64 %c, i64 0, i64 %zext_ln109" [mp_mul_rewriter/auto/test_karatsuba_handwritten_flat.cpp:112]   --->   Operation 21 'getelementptr' 'c_addr' <Predicate = (!icmp_ln109)> <Delay = 0.00>
ST_1 : Operation 22 [1/1] ( I:0.71ns O:0.71ns )   --->   "%store_ln112 = store i64 %tmp_6, i4 %c_addr" [mp_mul_rewriter/auto/test_karatsuba_handwritten_flat.cpp:112]   --->   Operation 22 'store' 'store_ln112' <Predicate = (!icmp_ln109)> <Delay = 0.71> <CoreInst = "RAM">   --->   Core 82 'RAM' <Latency = 1> <II = 1> <Delay = 0.71> <Storage> <Opcode : 'load' 'store'> <Ports = 2> <Width = 64> <Depth = 16> <RAM>
ST_1 : Operation 23 [1/1] (0.38ns)   --->   "%store_ln109 = store i5 %add_ln109, i5 %i" [mp_mul_rewriter/auto/test_karatsuba_handwritten_flat.cpp:109]   --->   Operation 23 'store' 'store_ln109' <Predicate = (!icmp_ln109)> <Delay = 0.38>
ST_1 : Operation 24 [1/1] (0.00ns)   --->   "%br_ln109 = br void %for.inc139" [mp_mul_rewriter/auto/test_karatsuba_handwritten_flat.cpp:109]   --->   Operation 24 'br' 'br_ln109' <Predicate = (!icmp_ln109)> <Delay = 0.00>
ST_1 : Operation 25 [1/1] (0.38ns)   --->   "%ret_ln0 = ret"   --->   Operation 25 'ret' 'ret_ln0' <Predicate = (icmp_ln109)> <Delay = 0.38>


============================================================
+ Verbose Summary: Binding
============================================================
STG Binding: 
---------------- STG Properties BEGIN ----------------
- Is combinational: 0
- Is one-state seq: 0
- Is datapath-only: 0
- Is pipelined: 0
- Is top level: 0
Port [ Return ] is wired: 1; IO mode=ap_ctrl_hs:ce=0
Port [ out_reload]:  wired=1; compound=0; hidden=0; nouse=0; global=0; static=0; extern=0; dir=0; type=0; pingpong=0; private_global=0; IO mode=ap_none:ce=0
Port [ c]:  wired=1; compound=1; hidden=0; nouse=0; global=0; static=0; extern=0; dir=1; type=1; pingpong=0; private_global=0; MemPort=[03]; IO mode=bram:ce=0
---------------- STG Properties END ------------------

---------------- Datapath Model BEGIN ----------------

<LifeTime>
<method=bitvector/>
i                       (alloca           ) [ 01]
specinterface_ln0       (specinterface    ) [ 00]
out_reload_read         (read             ) [ 00]
store_ln109             (store            ) [ 00]
br_ln0                  (br               ) [ 00]
i_9                     (load             ) [ 00]
icmp_ln109              (icmp             ) [ 01]
add_ln109               (add              ) [ 00]
br_ln109                (br               ) [ 00]
zext_ln109              (zext             ) [ 00]
specpipeline_ln111      (specpipeline     ) [ 00]
speclooptripcount_ln109 (speclooptripcount) [ 00]
specloopname_ln109      (specloopname     ) [ 00]
trunc_ln112             (trunc            ) [ 00]
shl_ln6                 (bitconcatenate   ) [ 00]
zext_ln112              (zext             ) [ 00]
tmp_6                   (partselect       ) [ 00]
c_addr                  (getelementptr    ) [ 00]
store_ln112             (store            ) [ 00]
store_ln109             (store            ) [ 00]
br_ln109                (br               ) [ 00]
ret_ln0                 (ret              ) [ 00]
</LifeTime>

<model>

<comp_list>
<comp id="0" class="1000" name="out_reload">
<pin_list>
<pin id="1" dir="1" index="0" bw="1" slack="0"/>
</pin_list>
<bind>
<StgValue><ssdm name="out_reload"/></StgValue>
</bind>
</comp>

<comp id="2" class="1000" name="c">
<pin_list>
<pin id="3" dir="1" index="0" bw="1" slack="0"/>
</pin_list>
<bind>
<StgValue><ssdm name="c"/><MemPortTyVec>0 3 </MemPortTyVec>
</StgValue>
</bind>
</comp>

<comp id="4" class="1001" name="const_4">
<pin_list>
<pin id="5" dir="1" index="0" bw="1" slack="0"/>
</pin_list>
<bind>
<StgValue><ssdm name=""/></StgValue>
</bind>
</comp>

<comp id="6" class="1001" name="const_6">
<pin_list>
<pin id="7" dir="1" index="0" bw="1" slack="2147483647"/>
</pin_list>
<bind>
<StgValue><ssdm name="_ssdm_op_SpecInterface"/></StgValue>
</bind>
</comp>

<comp id="8" class="1001" name="const_8">
<pin_list>
<pin id="9" dir="1" index="0" bw="1" slack="2147483647"/>
</pin_list>
<bind>
<StgValue><ssdm name="empty"/></StgValue>
</bind>
</comp>

<comp id="10" class="1001" name="const_10">
<pin_list>
<pin id="11" dir="1" index="0" bw="1" slack="2147483647"/>
</pin_list>
<bind>
<StgValue><ssdm name=""/></StgValue>
</bind>
</comp>

<comp id="12" class="1001" name="const_12">
<pin_list>
<pin id="13" dir="1" index="0" bw="1" slack="2147483647"/>
</pin_list>
<bind>
<StgValue><ssdm name="empty_13"/></StgValue>
</bind>
</comp>

<comp id="14" class="1001" name="const_14">
<pin_list>
<pin id="15" dir="1" index="0" bw="1" slack="2147483647"/>
</pin_list>
<bind>
<StgValue><ssdm name=""/></StgValue>
</bind>
</comp>

<comp id="16" class="1001" name="const_16">
<pin_list>
<pin id="17" dir="1" index="0" bw="1" slack="0"/>
</pin_list>
<bind>
<StgValue><ssdm name="_ssdm_op_Read.ap_auto.i1024"/></StgValue>
</bind>
</comp>

<comp id="18" class="1001" name="const_18">
<pin_list>
<pin id="19" dir="1" index="0" bw="1" slack="0"/>
</pin_list>
<bind>
<StgValue><ssdm name=""/></StgValue>
</bind>
</comp>

<comp id="20" class="1001" name="const_20">
<pin_list>
<pin id="21" dir="1" index="0" bw="1" slack="0"/>
</pin_list>
<bind>
<StgValue><ssdm name=""/></StgValue>
</bind>
</comp>

<comp id="22" class="1001" name="const_22">
<pin_list>
<pin id="23" dir="1" index="0" bw="1" slack="0"/>
</pin_list>
<bind>
<StgValue><ssdm name=""/></StgValue>
</bind>
</comp>

<comp id="24" class="1001" name="const_24">
<pin_list>
<pin id="25" dir="1" index="0" bw="1" slack="2147483647"/>
</pin_list>
<bind>
<StgValue><ssdm name="_ssdm_op_SpecPipeline"/></StgValue>
</bind>
</comp>

<comp id="26" class="1001" name="const_26">
<pin_list>
<pin id="27" dir="1" index="0" bw="1" slack="2147483647"/>
</pin_list>
<bind>
<StgValue><ssdm name="_ssdm_op_SpecLoopTripCount"/></StgValue>
</bind>
</comp>

<comp id="28" class="1001" name="const_28">
<pin_list>
<pin id="29" dir="1" index="0" bw="1" slack="2147483647"/>
</pin_list>
<bind>
<StgValue><ssdm name=""/></StgValue>
</bind>
</comp>

<comp id="30" class="1001" name="const_30">
<pin_list>
<pin id="31" dir="1" index="0" bw="1" slack="2147483647"/>
</pin_list>
<bind>
<StgValue><ssdm name="_ssdm_op_SpecLoopName"/></StgValue>
</bind>
</comp>

<comp id="32" class="1001" name="const_32">
<pin_list>
<pin id="33" dir="1" index="0" bw="1" slack="2147483647"/>
</pin_list>
<bind>
<StgValue><ssdm name="empty_3"/></StgValue>
</bind>
</comp>

<comp id="34" class="1001" name="const_34">
<pin_list>
<pin id="35" dir="1" index="0" bw="1" slack="0"/>
</pin_list>
<bind>
<StgValue><ssdm name="_ssdm_op_BitConcatenate.i10.i4.i6"/></StgValue>
</bind>
</comp>

<comp id="36" class="1001" name="const_36">
<pin_list>
<pin id="37" dir="1" index="0" bw="1" slack="0"/>
</pin_list>
<bind>
<StgValue><ssdm name=""/></StgValue>
</bind>
</comp>

<comp id="38" class="1001" name="const_38">
<pin_list>
<pin id="39" dir="1" index="0" bw="1" slack="0"/>
</pin_list>
<bind>
<StgValue><ssdm name="_ssdm_op_PartSelect.i64.i1024.i32"/></StgValue>
</bind>
</comp>

<comp id="40" class="1001" name="const_40">
<pin_list>
<pin id="41" dir="1" index="0" bw="1" slack="0"/>
</pin_list>
<bind>
<StgValue><ssdm name=""/></StgValue>
</bind>
</comp>

<comp id="42" class="1004" name="i_fu_42">
<pin_list>
<pin id="43" dir="0" index="0" bw="1" slack="0"/>
<pin id="44" dir="1" index="1" bw="5" slack="0"/>
</pin_list>
<bind>
<opcode="alloca(26) " fcode="alloca"/>
<opset="i/1 "/>
</bind>
</comp>

<comp id="46" class="1004" name="out_reload_read_read_fu_46">
<pin_list>
<pin id="47" dir="0" index="0" bw="1024" slack="0"/>
<pin id="48" dir="0" index="1" bw="1024" slack="0"/>
<pin id="49" dir="1" index="2" bw="1024" slack="0"/>
</pin_list>
<bind>
<opcode="read(1150) " fcode="read"/>
<opset="out_reload_read/1 "/>
</bind>
</comp>

<comp id="52" class="1004" name="c_addr_gep_fu_52">
<pin_list>
<pin id="53" dir="0" index="0" bw="64" slack="0"/>
<pin id="54" dir="0" index="1" bw="1" slack="0"/>
<pin id="55" dir="0" index="2" bw="5" slack="0"/>
<pin id="56" dir="1" index="3" bw="4" slack="0"/>
</pin_list>
<bind>
<opcode="getelementptr(29) " fcode="getelementptr"/>
<opset="c_addr/1 "/>
</bind>
</comp>

<comp id="59" class="1004" name="store_ln112_access_fu_59">
<pin_list>
<pin id="60" dir="0" index="0" bw="4" slack="0"/>
<pin id="61" dir="0" index="1" bw="64" slack="0"/>
<pin id="62" dir="0" index="2" bw="0" slack="2147483647"/>
<pin id="63" dir="1" index="3" bw="64" slack="2147483647"/>
</pin_list>
<bind>
<opcode="store(28) " fcode="store"/>
<opset="store_ln112/1 "/>
</bind>
</comp>

<comp id="65" class="1004" name="store_ln109_store_fu_65">
<pin_list>
<pin id="66" dir="0" index="0" bw="1" slack="0"/>
<pin id="67" dir="0" index="1" bw="5" slack="0"/>
<pin id="68" dir="1" index="2" bw="0" slack="2147483647"/>
</pin_list>
<bind>
<opcode="store(28) " fcode="store"/>
<opset="store_ln109/1 "/>
</bind>
</comp>

<comp id="70" class="1004" name="i_9_load_fu_70">
<pin_list>
<pin id="71" dir="0" index="0" bw="5" slack="0"/>
<pin id="72" dir="1" index="1" bw="5" slack="0"/>
</pin_list>
<bind>
<opcode="load(27) " fcode="load"/>
<opset="i_9/1 "/>
</bind>
</comp>

<comp id="73" class="1004" name="icmp_ln109_fu_73">
<pin_list>
<pin id="74" dir="0" index="0" bw="5" slack="0"/>
<pin id="75" dir="0" index="1" bw="5" slack="0"/>
<pin id="76" dir="1" index="2" bw="1" slack="2147483647"/>
</pin_list>
<bind>
<opcode="icmp(45) " fcode="icmp"/>
<opset="icmp_ln109/1 "/>
</bind>
</comp>

<comp id="79" class="1004" name="add_ln109_fu_79">
<pin_list>
<pin id="80" dir="0" index="0" bw="5" slack="0"/>
<pin id="81" dir="0" index="1" bw="1" slack="0"/>
<pin id="82" dir="1" index="2" bw="5" slack="0"/>
</pin_list>
<bind>
<opcode="add(8) " fcode="add"/>
<opset="add_ln109/1 "/>
</bind>
</comp>

<comp id="85" class="1004" name="zext_ln109_fu_85">
<pin_list>
<pin id="86" dir="0" index="0" bw="5" slack="0"/>
<pin id="87" dir="1" index="1" bw="64" slack="0"/>
</pin_list>
<bind>
<opcode="zext(34) " fcode="zext"/>
<opset="zext_ln109/1 "/>
</bind>
</comp>

<comp id="90" class="1004" name="trunc_ln112_fu_90">
<pin_list>
<pin id="91" dir="0" index="0" bw="5" slack="0"/>
<pin id="92" dir="1" index="1" bw="4" slack="0"/>
</pin_list>
<bind>
<opcode="trunc(33) " fcode="trunc"/>
<opset="trunc_ln112/1 "/>
</bind>
</comp>

<comp id="94" class="1004" name="shl_ln6_fu_94">
<pin_list>
<pin id="95" dir="0" index="0" bw="10" slack="0"/>
<pin id="96" dir="0" index="1" bw="4" slack="0"/>
<pin id="97" dir="0" index="2" bw="1" slack="0"/>
<pin id="98" dir="1" index="3" bw="10" slack="0"/>
</pin_list>
<bind>
<opcode="bitconcatenate(1004) " fcode="bitconcatenate"/>
<opset="shl_ln6/1 "/>
</bind>
</comp>

<comp id="102" class="1004" name="zext_ln112_fu_102">
<pin_list>
<pin id="103" dir="0" index="0" bw="10" slack="0"/>
<pin id="104" dir="1" index="1" bw="32" slack="0"/>
</pin_list>
<bind>
<opcode="zext(34) " fcode="zext"/>
<opset="zext_ln112/1 "/>
</bind>
</comp>

<comp id="106" class="1004" name="tmp_6_fu_106">
<pin_list>
<pin id="107" dir="0" index="0" bw="64" slack="0"/>
<pin id="108" dir="0" index="1" bw="1024" slack="0"/>
<pin id="109" dir="0" index="2" bw="10" slack="0"/>
<pin id="110" dir="1" index="3" bw="64" slack="0"/>
</pin_list>
<bind>
<opcode="partselect(1002) " fcode="partselect"/>
<opset="tmp_6/1 "/>
</bind>
</comp>

<comp id="115" class="1004" name="store_ln109_store_fu_115">
<pin_list>
<pin id="116" dir="0" index="0" bw="5" slack="0"/>
<pin id="117" dir="0" index="1" bw="5" slack="0"/>
<pin id="118" dir="1" index="2" bw="0" slack="2147483647"/>
</pin_list>
<bind>
<opcode="store(28) " fcode="store"/>
<opset="store_ln109/1 "/>
</bind>
</comp>

<comp id="120" class="1005" name="i_reg_120">
<pin_list>
<pin id="121" dir="0" index="0" bw="5" slack="0"/>
<pin id="122" dir="1" index="1" bw="5" slack="0"/>
</pin_list>
<bind>
<opset="i "/>
</bind>
</comp>

</comp_list>

<net_list>
<net id="45"><net_src comp="4" pin="0"/><net_sink comp="42" pin=0"/></net>

<net id="50"><net_src comp="16" pin="0"/><net_sink comp="46" pin=0"/></net>

<net id="51"><net_src comp="0" pin="0"/><net_sink comp="46" pin=1"/></net>

<net id="57"><net_src comp="2" pin="0"/><net_sink comp="52" pin=0"/></net>

<net id="58"><net_src comp="40" pin="0"/><net_sink comp="52" pin=1"/></net>

<net id="64"><net_src comp="52" pin="3"/><net_sink comp="59" pin=0"/></net>

<net id="69"><net_src comp="18" pin="0"/><net_sink comp="65" pin=0"/></net>

<net id="77"><net_src comp="70" pin="1"/><net_sink comp="73" pin=0"/></net>

<net id="78"><net_src comp="20" pin="0"/><net_sink comp="73" pin=1"/></net>

<net id="83"><net_src comp="70" pin="1"/><net_sink comp="79" pin=0"/></net>

<net id="84"><net_src comp="22" pin="0"/><net_sink comp="79" pin=1"/></net>

<net id="88"><net_src comp="70" pin="1"/><net_sink comp="85" pin=0"/></net>

<net id="89"><net_src comp="85" pin="1"/><net_sink comp="52" pin=2"/></net>

<net id="93"><net_src comp="70" pin="1"/><net_sink comp="90" pin=0"/></net>

<net id="99"><net_src comp="34" pin="0"/><net_sink comp="94" pin=0"/></net>

<net id="100"><net_src comp="90" pin="1"/><net_sink comp="94" pin=1"/></net>

<net id="101"><net_src comp="36" pin="0"/><net_sink comp="94" pin=2"/></net>

<net id="105"><net_src comp="94" pin="3"/><net_sink comp="102" pin=0"/></net>

<net id="111"><net_src comp="38" pin="0"/><net_sink comp="106" pin=0"/></net>

<net id="112"><net_src comp="46" pin="2"/><net_sink comp="106" pin=1"/></net>

<net id="113"><net_src comp="102" pin="1"/><net_sink comp="106" pin=2"/></net>

<net id="114"><net_src comp="106" pin="3"/><net_sink comp="59" pin=1"/></net>

<net id="119"><net_src comp="79" pin="2"/><net_sink comp="115" pin=0"/></net>

<net id="123"><net_src comp="42" pin="1"/><net_sink comp="120" pin=0"/></net>

<net id="124"><net_src comp="120" pin="1"/><net_sink comp="65" pin=1"/></net>

<net id="125"><net_src comp="120" pin="1"/><net_sink comp="70" pin=0"/></net>

<net id="126"><net_src comp="120" pin="1"/><net_sink comp="115" pin=1"/></net>

</net_list>

</model> 
---------------- Datapath Model END ------------------

* FSMD analyzer results:
  - Output states:
	Port: c | {1 }
 - Input state : 
	Port: mp_mul_flat_Pipeline_VITIS_LOOP_109_8 : out_reload | {1 }
	Port: mp_mul_flat_Pipeline_VITIS_LOOP_109_8 : c | {}
  - Chain level:
	State 1
		store_ln109 : 1
		i_9 : 1
		icmp_ln109 : 2
		add_ln109 : 2
		br_ln109 : 3
		zext_ln109 : 2
		trunc_ln112 : 2
		shl_ln6 : 3
		zext_ln112 : 4
		tmp_6 : 5
		c_addr : 3
		store_ln112 : 6
		store_ln109 : 3


============================================================
+ Verbose Summary: Datapath Resource usage 
============================================================

* Functional unit list:
|----------|----------------------------|---------|---------|
| Operation|       Functional Unit      |    FF   |   LUT   |
|----------|----------------------------|---------|---------|
|partselect|        tmp_6_fu_106        |    0    |   273   |
|----------|----------------------------|---------|---------|
|   icmp   |      icmp_ln109_fu_73      |    0    |    12   |
|----------|----------------------------|---------|---------|
|    add   |       add_ln109_fu_79      |    0    |    12   |
|----------|----------------------------|---------|---------|
|   read   | out_reload_read_read_fu_46 |    0    |    0    |
|----------|----------------------------|---------|---------|
|   zext   |      zext_ln109_fu_85      |    0    |    0    |
|          |      zext_ln112_fu_102     |    0    |    0    |
|----------|----------------------------|---------|---------|
|   trunc  |      trunc_ln112_fu_90     |    0    |    0    |
|----------|----------------------------|---------|---------|
|bitconcatenate|        shl_ln6_fu_94       |    0    |    0    |
|----------|----------------------------|---------|---------|
|   Total  |                            |    0    |   297   |
|----------|----------------------------|---------|---------|

Memories:
N/A

* Register list:
+---------+--------+
|         |   FF   |
+---------+--------+
|i_reg_120|    5   |
+---------+--------+
|  Total  |    5   |
+---------+--------+

* Multiplexer (MUX) list: 
|--------|------|------|------|--------|
|  Comp  |  Pin | Size |  BW  | S x BW |
|--------|------|------|------|--------|
|  Total |      |      |      |    0   |
|--------|------|------|------|--------|



* Summary:
+-----------+--------+--------+
|           |   FF   |   LUT  |
+-----------+--------+--------+
|  Function |    0   |   297  |
|   Memory  |    -   |    -   |
|Multiplexer|    -   |    -   |
|  Register |    5   |    -   |
+-----------+--------+--------+
|   Total   |    5   |   297  |
+-----------+--------+--------+
