

================================================================
== Vitis HLS Report for 'rsa_modexp_hw_Pipeline_VITIS_LOOP_127_21'
================================================================
* Date:           Tue Sep 15 18:45:22 2026

* Version:        2024.2.2 (Build 6049644 on Mar  5 2025)
* Project:        rsa_modexp_hls_converted_flat_window
* Solution:       solution1 (Vivado IP Flow Target)
* Product family: virtexuplus58g
* Target device:  xcvu29p-fsga2577-2L-e


================================================================
== Performance Estimates
================================================================
+ Timing: 
    * Summary: 
    +--------+----------+----------+------------+
    |  Clock |  Target  | Estimated| Uncertainty|
    +--------+----------+----------+------------+
    |ap_clk  |  10.00 ns|  7.300 ns|     2.70 ns|
    +--------+----------+----------+------------+

+ Latency: 
    * Summary: 
    +---------+---------+----------+----------+-----+-----+------------------------------------------------+
    |  Latency (cycles) |  Latency (absolute) |  Interval |                    Pipeline                    |
    |   min   |   max   |    min   |    max   | min | max |                      Type                      |
    +---------+---------+----------+----------+-----+-----+------------------------------------------------+
    |       19|       19|  0.190 us|  0.190 us|   17|   17|  loop auto-rewind stp (delay=0 clock cycles(s))|
    +---------+---------+----------+----------+-----+-----+------------------------------------------------+

    + Detail: 
        * Instance: 
        N/A

        * Loop: 
        +---------------------+---------+---------+----------+-----------+-----------+------+----------+
        |                     |  Latency (cycles) | Iteration|  Initiation Interval  | Trip |          |
        |      Loop Name      |   min   |   max   |  Latency |  achieved |   target  | Count| Pipelined|
        +---------------------+---------+---------+----------+-----------+-----------+------+----------+
        |- VITIS_LOOP_127_21  |       17|       17|         3|          1|          1|    16|       yes|
        +---------------------+---------+---------+----------+-----------+-----------+------+----------+



================================================================
== Utilization Estimates
================================================================
* Summary: 
+---------------------+---------+-------+---------+---------+------+
|         Name        | BRAM_18K|  DSP  |    FF   |   LUT   | URAM |
+---------------------+---------+-------+---------+---------+------+
|DSP                  |        -|      -|        -|        -|     -|
|Expression           |        -|      -|        0|       29|     -|
|FIFO                 |        -|      -|        -|        -|     -|
|Instance             |        -|      -|        -|        -|     -|
|Memory               |        -|      -|        -|        -|     -|
|Multiplexer          |        -|      -|        0|       45|     -|
|Register             |        -|      -|       42|        -|     -|
+---------------------+---------+-------+---------+---------+------+
|Total                |        0|      0|       42|       74|     0|
+---------------------+---------+-------+---------+---------+------+
|Available SLR        |     1344|   3072|   864000|   432000|   320|
+---------------------+---------+-------+---------+---------+------+
|Utilization SLR (%)  |        0|      0|       ~0|       ~0|     0|
+---------------------+---------+-------+---------+---------+------+
|Available            |     5376|  12288|  3456000|  1728000|  1280|
+---------------------+---------+-------+---------+---------+------+
|Utilization (%)      |        0|      0|       ~0|       ~0|     0|
+---------------------+---------+-------+---------+---------+------+

+ Detail: 
    * Instance: 
    N/A

    * DSP: 
    N/A

    * Memory: 
    N/A

    * FIFO: 
    N/A

    * Expression: 
    +---------------------------+----------+----+---+----+------------+------------+
    |       Variable Name       | Operation| DSP| FF| LUT| Bitwidth P0| Bitwidth P1|
    +---------------------------+----------+----+---+----+------------+------------+
    |add_ln127_fu_99_p2         |         +|   0|  0|  12|           5|           1|
    |ap_block_pp0_stage0_11001  |       and|   0|  0|   2|           1|           1|
    |icmp_ln127_fu_93_p2        |      icmp|   0|  0|  13|           5|           6|
    |ap_enable_pp0              |       xor|   0|  0|   2|           1|           2|
    +---------------------------+----------+----+---+----+------------+------------+
    |Total                      |          |   0|  0|  29|          12|          10|
    +---------------------------+----------+----+---+----+------------+------------+

    * Multiplexer: 
    +-------------------------+----+-----------+-----+-----------+
    |           Name          | LUT| Input Size| Bits| Total Bits|
    +-------------------------+----+-----------+-----+-----------+
    |ap_done_int              |   9|          2|    1|          2|
    |ap_enable_reg_pp0_iter1  |   9|          2|    1|          2|
    |ap_sig_allocacmp_k_5     |   9|          2|    5|         10|
    |gmem_blk_n_W             |   9|          2|    1|          2|
    |k_fu_50                  |   9|          2|    5|         10|
    +-------------------------+----+-----------+-----+-----------+
    |Total                    |  45|         10|   13|         26|
    +-------------------------+----+-----------+-----+-----------+

    * Register: 
    +----------------------------------+----+----+-----+-----------+
    |               Name               | FF | LUT| Bits| Const Bits|
    +----------------------------------+----+----+-----+-----------+
    |ap_CS_fsm                         |   1|   0|    1|          0|
    |ap_done_reg                       |   1|   0|    1|          0|
    |ap_enable_reg_pp0_iter1           |   1|   0|    1|          0|
    |ap_enable_reg_pp0_iter2           |   1|   0|    1|          0|
    |ap_loop_exit_ready_pp0_iter1_reg  |   1|   0|    1|          0|
    |final_out_load_reg_142            |  32|   0|   32|          0|
    |k_fu_50                           |   5|   0|    5|          0|
    +----------------------------------+----+----+-----+-----------+
    |Total                             |  42|   0|   42|          0|
    +----------------------------------+----+----+-----+-----------+



================================================================
== Interface
================================================================
* Summary: 
+-----------------------+-----+-----+------------+------------------------------------------+--------------+
|       RTL Ports       | Dir | Bits|  Protocol  |               Source Object              |    C Type    |
+-----------------------+-----+-----+------------+------------------------------------------+--------------+
|ap_clk                 |   in|    1|  ap_ctrl_hs|  rsa_modexp_hw_Pipeline_VITIS_LOOP_127_21|  return value|
|ap_rst                 |   in|    1|  ap_ctrl_hs|  rsa_modexp_hw_Pipeline_VITIS_LOOP_127_21|  return value|
|ap_start               |   in|    1|  ap_ctrl_hs|  rsa_modexp_hw_Pipeline_VITIS_LOOP_127_21|  return value|
|ap_done                |  out|    1|  ap_ctrl_hs|  rsa_modexp_hw_Pipeline_VITIS_LOOP_127_21|  return value|
|ap_idle                |  out|    1|  ap_ctrl_hs|  rsa_modexp_hw_Pipeline_VITIS_LOOP_127_21|  return value|
|ap_ready               |  out|    1|  ap_ctrl_hs|  rsa_modexp_hw_Pipeline_VITIS_LOOP_127_21|  return value|
|m_axi_gmem_0_AWVALID   |  out|    1|       m_axi|                                      gmem|       pointer|
|m_axi_gmem_0_AWREADY   |   in|    1|       m_axi|                                      gmem|       pointer|
|m_axi_gmem_0_AWADDR    |  out|   64|       m_axi|                                      gmem|       pointer|
|m_axi_gmem_0_AWID      |  out|    1|       m_axi|                                      gmem|       pointer|
|m_axi_gmem_0_AWLEN     |  out|   32|       m_axi|                                      gmem|       pointer|
|m_axi_gmem_0_AWSIZE    |  out|    3|       m_axi|                                      gmem|       pointer|
|m_axi_gmem_0_AWBURST   |  out|    2|       m_axi|                                      gmem|       pointer|
|m_axi_gmem_0_AWLOCK    |  out|    2|       m_axi|                                      gmem|       pointer|
|m_axi_gmem_0_AWCACHE   |  out|    4|       m_axi|                                      gmem|       pointer|
|m_axi_gmem_0_AWPROT    |  out|    3|       m_axi|                                      gmem|       pointer|
|m_axi_gmem_0_AWQOS     |  out|    4|       m_axi|                                      gmem|       pointer|
|m_axi_gmem_0_AWREGION  |  out|    4|       m_axi|                                      gmem|       pointer|
|m_axi_gmem_0_AWUSER    |  out|    1|       m_axi|                                      gmem|       pointer|
|m_axi_gmem_0_WVALID    |  out|    1|       m_axi|                                      gmem|       pointer|
|m_axi_gmem_0_WREADY    |   in|    1|       m_axi|                                      gmem|       pointer|
|m_axi_gmem_0_WDATA     |  out|   32|       m_axi|                                      gmem|       pointer|
|m_axi_gmem_0_WSTRB     |  out|    4|       m_axi|                                      gmem|       pointer|
|m_axi_gmem_0_WLAST     |  out|    1|       m_axi|                                      gmem|       pointer|
|m_axi_gmem_0_WID       |  out|    1|       m_axi|                                      gmem|       pointer|
|m_axi_gmem_0_WUSER     |  out|    1|       m_axi|                                      gmem|       pointer|
|m_axi_gmem_0_ARVALID   |  out|    1|       m_axi|                                      gmem|       pointer|
|m_axi_gmem_0_ARREADY   |   in|    1|       m_axi|                                      gmem|       pointer|
|m_axi_gmem_0_ARADDR    |  out|   64|       m_axi|                                      gmem|       pointer|
|m_axi_gmem_0_ARID      |  out|    1|       m_axi|                                      gmem|       pointer|
|m_axi_gmem_0_ARLEN     |  out|   32|       m_axi|                                      gmem|       pointer|
|m_axi_gmem_0_ARSIZE    |  out|    3|       m_axi|                                      gmem|       pointer|
|m_axi_gmem_0_ARBURST   |  out|    2|       m_axi|                                      gmem|       pointer|
|m_axi_gmem_0_ARLOCK    |  out|    2|       m_axi|                                      gmem|       pointer|
|m_axi_gmem_0_ARCACHE   |  out|    4|       m_axi|                                      gmem|       pointer|
|m_axi_gmem_0_ARPROT    |  out|    3|       m_axi|                                      gmem|       pointer|
|m_axi_gmem_0_ARQOS     |  out|    4|       m_axi|                                      gmem|       pointer|
|m_axi_gmem_0_ARREGION  |  out|    4|       m_axi|                                      gmem|       pointer|
|m_axi_gmem_0_ARUSER    |  out|    1|       m_axi|                                      gmem|       pointer|
|m_axi_gmem_0_RVALID    |   in|    1|       m_axi|                                      gmem|       pointer|
|m_axi_gmem_0_RREADY    |  out|    1|       m_axi|                                      gmem|       pointer|
|m_axi_gmem_0_RDATA     |   in|   32|       m_axi|                                      gmem|       pointer|
|m_axi_gmem_0_RLAST     |   in|    1|       m_axi|                                      gmem|       pointer|
|m_axi_gmem_0_RID       |   in|    1|       m_axi|                                      gmem|       pointer|
|m_axi_gmem_0_RFIFONUM  |   in|    9|       m_axi|                                      gmem|       pointer|
|m_axi_gmem_0_RUSER     |   in|    1|       m_axi|                                      gmem|       pointer|
|m_axi_gmem_0_RRESP     |   in|    2|       m_axi|                                      gmem|       pointer|
|m_axi_gmem_0_BVALID    |   in|    1|       m_axi|                                      gmem|       pointer|
|m_axi_gmem_0_BREADY    |  out|    1|       m_axi|                                      gmem|       pointer|
|m_axi_gmem_0_BRESP     |   in|    2|       m_axi|                                      gmem|       pointer|
|m_axi_gmem_0_BID       |   in|    1|       m_axi|                                      gmem|       pointer|
|m_axi_gmem_0_BUSER     |   in|    1|       m_axi|                                      gmem|       pointer|
|sext_ln127             |   in|   62|     ap_none|                                sext_ln127|        scalar|
|final_out_address0     |  out|    4|   ap_memory|                                 final_out|         array|
|final_out_ce0          |  out|    1|   ap_memory|                                 final_out|         array|
|final_out_q0           |   in|   32|   ap_memory|                                 final_out|         array|
+-----------------------+-----+-----+------------+------------------------------------------+--------------+

============================================================
+ Verbose Summary: Synthesis Manager
============================================================
InlineROM: 1
ExposeGlobal: 0
============================================================
+ Verbose Summary: CDFG Model
============================================================
IsTopModel: 0
ResetActiveHigh: 1
IsCombinational: 2
IsDatapathOnly: 2
HasWiredReturn: 1
HasMFsm: 2
HasVarLatency: 1
IsPipeline: 0
IsRtlPipelined: 0
IsInstanceOverlapped: 0
IsDontTouch: 0
HasImplIP: 0
IsGatedGlobalClock: 0

+ Individual pipeline summary: 
  * Pipeline-0: initiation interval (II) = 1, depth = 3


============================================================
+ Verbose Summary: Schedule
============================================================
* Number of FSM states : 3
* Pipeline : 1
  Pipeline-0 : II = 1, D = 3, States = { 1 2 3 }
* Dataflow Pipeline: 0

* FSM state transitions: 
1 --> 2 
2 --> 3 
3 --> 

* FSM state operations: 

State 1 <SV = 0> <Delay = 1.48>
ST_1 : Operation 6 [1/1] (0.00ns)   --->   "%k = alloca i32 1" [src_converted_flat_window/rsa_modexp_hw.cpp:127]   --->   Operation 6 'alloca' 'k' <Predicate = true> <Delay = 0.00>
ST_1 : Operation 7 [1/1] (0.00ns)   --->   "%sext_ln127_read = read i62 @_ssdm_op_Read.ap_auto.i62, i62 %sext_ln127"   --->   Operation 7 'read' 'sext_ln127_read' <Predicate = true> <Delay = 0.00>
ST_1 : Operation 8 [1/1] (0.00ns)   --->   "%sext_ln127_cast = sext i62 %sext_ln127_read"   --->   Operation 8 'sext' 'sext_ln127_cast' <Predicate = true> <Delay = 0.00>
ST_1 : Operation 9 [1/1] (0.00ns)   --->   "%specinterface_ln0 = specinterface void @_ssdm_op_SpecInterface, i32 %gmem, void @empty_13, i32 0, i32 0, void @empty_12, i32 0, i32 0, void @empty_11, void @empty_10, void @empty_12, i32 16, i32 16, i32 16, i32 16, void @empty_12, void @empty_12, i32 4294967295, i32 0, i32 0"   --->   Operation 9 'specinterface' 'specinterface_ln0' <Predicate = true> <Delay = 0.00>
ST_1 : Operation 10 [1/1] (0.38ns)   --->   "%store_ln127 = store i5 0, i5 %k" [src_converted_flat_window/rsa_modexp_hw.cpp:127]   --->   Operation 10 'store' 'store_ln127' <Predicate = true> <Delay = 0.38>
ST_1 : Operation 11 [1/1] (0.00ns)   --->   "%br_ln0 = br void %for.inc271"   --->   Operation 11 'br' 'br_ln0' <Predicate = true> <Delay = 0.00>
ST_1 : Operation 12 [1/1] (0.00ns)   --->   "%k_5 = load i5 %k" [src_converted_flat_window/rsa_modexp_hw.cpp:127]   --->   Operation 12 'load' 'k_5' <Predicate = true> <Delay = 0.00>
ST_1 : Operation 13 [1/1] (0.00ns)   --->   "%specbitsmap_ln0 = specbitsmap void @_ssdm_op_SpecBitsMap, i32 %gmem"   --->   Operation 13 'specbitsmap' 'specbitsmap_ln0' <Predicate = true> <Delay = 0.00>
ST_1 : Operation 14 [1/1] (0.70ns)   --->   "%icmp_ln127 = icmp_eq  i5 %k_5, i5 16" [src_converted_flat_window/rsa_modexp_hw.cpp:127]   --->   Operation 14 'icmp' 'icmp_ln127' <Predicate = true> <Delay = 0.70> <CoreInst = "Cmp">   --->   Core 9 'Cmp' <Latency = 0> <II = 1> <Delay = 0.70> <FuncUnit> <Opcode : 'seteq' 'setne' 'setle' 'setge' 'setlt' 'setgt'> <InPorts = 2> <OutPorts = 1>
ST_1 : Operation 15 [1/1] (0.70ns)   --->   "%add_ln127 = add i5 %k_5, i5 1" [src_converted_flat_window/rsa_modexp_hw.cpp:127]   --->   Operation 15 'add' 'add_ln127' <Predicate = true> <Delay = 0.70> <CoreInst = "Adder">   --->   Core 1 'Adder' <Latency = 0> <II = 1> <Delay = 0.70> <FuncUnit> <Opcode : 'add' 'sub'> <InPorts = 2> <OutPorts = 1>
ST_1 : Operation 16 [1/1] (0.00ns)   --->   "%br_ln127 = br i1 %icmp_ln127, void %for.inc271.split, void %for.end273.exitStub" [src_converted_flat_window/rsa_modexp_hw.cpp:127]   --->   Operation 16 'br' 'br_ln127' <Predicate = true> <Delay = 0.00>
ST_1 : Operation 17 [1/1] (0.00ns)   --->   "%zext_ln127 = zext i5 %k_5" [src_converted_flat_window/rsa_modexp_hw.cpp:127]   --->   Operation 17 'zext' 'zext_ln127' <Predicate = (!icmp_ln127)> <Delay = 0.00>
ST_1 : Operation 18 [1/1] (0.00ns)   --->   "%final_out_addr = getelementptr i32 %final_out, i64 0, i64 %zext_ln127" [src_converted_flat_window/rsa_modexp_hw.cpp:127]   --->   Operation 18 'getelementptr' 'final_out_addr' <Predicate = (!icmp_ln127)> <Delay = 0.00>
ST_1 : Operation 19 [2/2] (0.69ns)   --->   "%final_out_load = load i4 %final_out_addr" [src_converted_flat_window/rsa_modexp_hw.cpp:127]   --->   Operation 19 'load' 'final_out_load' <Predicate = (!icmp_ln127)> <Delay = 0.69> <CoreInst = "RAM">   --->   Core 82 'RAM' <Latency = 1> <II = 1> <Delay = 0.69> <Storage> <Opcode : 'load' 'store'> <Ports = 2> <Width = 32> <Depth = 16> <RAM>
ST_1 : Operation 20 [1/1] (0.38ns)   --->   "%store_ln127 = store i5 %add_ln127, i5 %k" [src_converted_flat_window/rsa_modexp_hw.cpp:127]   --->   Operation 20 'store' 'store_ln127' <Predicate = (!icmp_ln127)> <Delay = 0.38>

State 2 <SV = 1> <Delay = 0.69>
ST_2 : Operation 21 [1/2] ( I:0.69ns O:0.69ns )   --->   "%final_out_load = load i4 %final_out_addr" [src_converted_flat_window/rsa_modexp_hw.cpp:127]   --->   Operation 21 'load' 'final_out_load' <Predicate = true> <Delay = 0.69> <CoreInst = "RAM">   --->   Core 82 'RAM' <Latency = 1> <II = 1> <Delay = 0.69> <Storage> <Opcode : 'load' 'store'> <Ports = 2> <Width = 32> <Depth = 16> <RAM>
ST_2 : Operation 28 [1/1] (0.38ns)   --->   "%ret_ln0 = ret"   --->   Operation 28 'ret' 'ret_ln0' <Predicate = (icmp_ln127)> <Delay = 0.38>

State 3 <SV = 2> <Delay = 7.30>
ST_3 : Operation 22 [1/1] (0.00ns)   --->   "%gmem_addr = getelementptr i32 %gmem, i64 %sext_ln127_cast" [src_converted_flat_window/rsa_modexp_hw.cpp:127]   --->   Operation 22 'getelementptr' 'gmem_addr' <Predicate = true> <Delay = 0.00>
ST_3 : Operation 23 [1/1] (0.00ns)   --->   "%specpipeline_ln127 = specpipeline void @_ssdm_op_SpecPipeline, i32 4294967295, i32 0, i32 0, i32 0, void @empty_12" [src_converted_flat_window/rsa_modexp_hw.cpp:127]   --->   Operation 23 'specpipeline' 'specpipeline_ln127' <Predicate = true> <Delay = 0.00>
ST_3 : Operation 24 [1/1] (0.00ns)   --->   "%speclooptripcount_ln127 = speclooptripcount void @_ssdm_op_SpecLoopTripCount, i64 16, i64 16, i64 16" [src_converted_flat_window/rsa_modexp_hw.cpp:127]   --->   Operation 24 'speclooptripcount' 'speclooptripcount_ln127' <Predicate = true> <Delay = 0.00>
ST_3 : Operation 25 [1/1] (0.00ns)   --->   "%specloopname_ln127 = specloopname void @_ssdm_op_SpecLoopName, void @empty_28" [src_converted_flat_window/rsa_modexp_hw.cpp:127]   --->   Operation 25 'specloopname' 'specloopname_ln127' <Predicate = true> <Delay = 0.00>
ST_3 : Operation 26 [1/1] (7.30ns)   --->   "%write_ln127 = write void @_ssdm_op_Write.m_axi.p1i32, i64 %gmem_addr, i32 %final_out_load, i4 15" [src_converted_flat_window/rsa_modexp_hw.cpp:127]   --->   Operation 26 'write' 'write_ln127' <Predicate = true> <Delay = 7.30> <CoreInst = "m_axi">   --->   Core 119 'm_axi' <Latency = 5> <II = 1> <Delay = 1.00> <Adapter> <Opcode : 'read' 'write' 'readreq' 'writereq' 'writeresp'>
ST_3 : Operation 27 [1/1] (0.00ns)   --->   "%br_ln127 = br void %for.inc271" [src_converted_flat_window/rsa_modexp_hw.cpp:127]   --->   Operation 27 'br' 'br_ln127' <Predicate = true> <Delay = 0.00>


============================================================
+ Verbose Summary: Binding
============================================================
STG Binding: 
---------------- STG Properties BEGIN ----------------
- Is combinational: 0
- Is one-state seq: 0
- Is datapath-only: 0
- Is pipelined: 0
- Is top level: 0
Port [ Return ] is wired: 1; IO mode=ap_ctrl_hs:ce=0
Port [ gmem]:  wired=1; compound=1; hidden=0; nouse=0; global=0; static=0; extern=0; dir=1; type=4; pingpong=0; private_global=0; IO mode=m_axi:ce=0
Port [ sext_ln127]:  wired=1; compound=0; hidden=0; nouse=0; global=0; static=0; extern=0; dir=0; type=0; pingpong=0; private_global=0; IO mode=ap_none:ce=0
Port [ final_out]:  wired=1; compound=1; hidden=0; nouse=0; global=0; static=0; extern=0; dir=0; type=1; pingpong=0; private_global=0; MemPort=[13]; IO mode=ap_memory:ce=0
---------------- STG Properties END ------------------

---------------- Datapath Model BEGIN ----------------

<LifeTime>
<method=bitvector/>
k                       (alloca           ) [ 0100]
sext_ln127_read         (read             ) [ 0000]
sext_ln127_cast         (sext             ) [ 0111]
specinterface_ln0       (specinterface    ) [ 0000]
store_ln127             (store            ) [ 0000]
br_ln0                  (br               ) [ 0000]
k_5                     (load             ) [ 0000]
specbitsmap_ln0         (specbitsmap      ) [ 0000]
icmp_ln127              (icmp             ) [ 0110]
add_ln127               (add              ) [ 0000]
br_ln127                (br               ) [ 0000]
zext_ln127              (zext             ) [ 0000]
final_out_addr          (getelementptr    ) [ 0110]
store_ln127             (store            ) [ 0000]
final_out_load          (load             ) [ 0101]
gmem_addr               (getelementptr    ) [ 0000]
specpipeline_ln127      (specpipeline     ) [ 0000]
speclooptripcount_ln127 (speclooptripcount) [ 0000]
specloopname_ln127      (specloopname     ) [ 0000]
write_ln127             (write            ) [ 0000]
br_ln127                (br               ) [ 0000]
ret_ln0                 (ret              ) [ 0000]
</LifeTime>

<model>

<comp_list>
<comp id="0" class="1000" name="gmem">
<pin_list>
<pin id="1" dir="1" index="0" bw="1" slack="0"/>
</pin_list>
<bind>
<StgValue><ssdm name="gmem"/><MemPortTyVec>1 </MemPortTyVec>
</StgValue>
</bind>
</comp>

<comp id="2" class="1000" name="sext_ln127">
<pin_list>
<pin id="3" dir="1" index="0" bw="1" slack="0"/>
</pin_list>
<bind>
<StgValue><ssdm name="sext_ln127"/></StgValue>
</bind>
</comp>

<comp id="4" class="1000" name="final_out">
<pin_list>
<pin id="5" dir="1" index="0" bw="1" slack="0"/>
</pin_list>
<bind>
<StgValue><ssdm name="final_out"/><MemPortTyVec>1 3 </MemPortTyVec>
</StgValue>
</bind>
</comp>

<comp id="6" class="1001" name="const_6">
<pin_list>
<pin id="7" dir="1" index="0" bw="1" slack="0"/>
</pin_list>
<bind>
<StgValue><ssdm name=""/></StgValue>
</bind>
</comp>

<comp id="8" class="1001" name="const_8">
<pin_list>
<pin id="9" dir="1" index="0" bw="1" slack="0"/>
</pin_list>
<bind>
<StgValue><ssdm name="_ssdm_op_Read.ap_auto.i62"/></StgValue>
</bind>
</comp>

<comp id="10" class="1001" name="const_10">
<pin_list>
<pin id="11" dir="1" index="0" bw="1" slack="2147483647"/>
</pin_list>
<bind>
<StgValue><ssdm name="_ssdm_op_SpecInterface"/></StgValue>
</bind>
</comp>

<comp id="12" class="1001" name="const_12">
<pin_list>
<pin id="13" dir="1" index="0" bw="1" slack="2147483647"/>
</pin_list>
<bind>
<StgValue><ssdm name="empty_13"/></StgValue>
</bind>
</comp>

<comp id="14" class="1001" name="const_14">
<pin_list>
<pin id="15" dir="1" index="0" bw="1" slack="2147483647"/>
</pin_list>
<bind>
<StgValue><ssdm name=""/></StgValue>
</bind>
</comp>

<comp id="16" class="1001" name="const_16">
<pin_list>
<pin id="17" dir="1" index="0" bw="1" slack="2147483647"/>
</pin_list>
<bind>
<StgValue><ssdm name="empty_12"/></StgValue>
</bind>
</comp>

<comp id="18" class="1001" name="const_18">
<pin_list>
<pin id="19" dir="1" index="0" bw="1" slack="2147483647"/>
</pin_list>
<bind>
<StgValue><ssdm name="empty_11"/></StgValue>
</bind>
</comp>

<comp id="20" class="1001" name="const_20">
<pin_list>
<pin id="21" dir="1" index="0" bw="1" slack="2147483647"/>
</pin_list>
<bind>
<StgValue><ssdm name="empty_10"/></StgValue>
</bind>
</comp>

<comp id="22" class="1001" name="const_22">
<pin_list>
<pin id="23" dir="1" index="0" bw="1" slack="2147483647"/>
</pin_list>
<bind>
<StgValue><ssdm name=""/></StgValue>
</bind>
</comp>

<comp id="24" class="1001" name="const_24">
<pin_list>
<pin id="25" dir="1" index="0" bw="1" slack="2147483647"/>
</pin_list>
<bind>
<StgValue><ssdm name=""/></StgValue>
</bind>
</comp>

<comp id="26" class="1001" name="const_26">
<pin_list>
<pin id="27" dir="1" index="0" bw="1" slack="0"/>
</pin_list>
<bind>
<StgValue><ssdm name=""/></StgValue>
</bind>
</comp>

<comp id="28" class="1001" name="const_28">
<pin_list>
<pin id="29" dir="1" index="0" bw="1" slack="2147483647"/>
</pin_list>
<bind>
<StgValue><ssdm name="_ssdm_op_SpecBitsMap"/></StgValue>
</bind>
</comp>

<comp id="30" class="1001" name="const_30">
<pin_list>
<pin id="31" dir="1" index="0" bw="1" slack="0"/>
</pin_list>
<bind>
<StgValue><ssdm name=""/></StgValue>
</bind>
</comp>

<comp id="32" class="1001" name="const_32">
<pin_list>
<pin id="33" dir="1" index="0" bw="1" slack="0"/>
</pin_list>
<bind>
<StgValue><ssdm name=""/></StgValue>
</bind>
</comp>

<comp id="34" class="1001" name="const_34">
<pin_list>
<pin id="35" dir="1" index="0" bw="1" slack="0"/>
</pin_list>
<bind>
<StgValue><ssdm name=""/></StgValue>
</bind>
</comp>

<comp id="36" class="1001" name="const_36">
<pin_list>
<pin id="37" dir="1" index="0" bw="1" slack="2147483647"/>
</pin_list>
<bind>
<StgValue><ssdm name="_ssdm_op_SpecPipeline"/></StgValue>
</bind>
</comp>

<comp id="38" class="1001" name="const_38">
<pin_list>
<pin id="39" dir="1" index="0" bw="1" slack="2147483647"/>
</pin_list>
<bind>
<StgValue><ssdm name="_ssdm_op_SpecLoopTripCount"/></StgValue>
</bind>
</comp>

<comp id="40" class="1001" name="const_40">
<pin_list>
<pin id="41" dir="1" index="0" bw="1" slack="2147483647"/>
</pin_list>
<bind>
<StgValue><ssdm name=""/></StgValue>
</bind>
</comp>

<comp id="42" class="1001" name="const_42">
<pin_list>
<pin id="43" dir="1" index="0" bw="1" slack="2147483647"/>
</pin_list>
<bind>
<StgValue><ssdm name="_ssdm_op_SpecLoopName"/></StgValue>
</bind>
</comp>

<comp id="44" class="1001" name="const_44">
<pin_list>
<pin id="45" dir="1" index="0" bw="1" slack="2147483647"/>
</pin_list>
<bind>
<StgValue><ssdm name="empty_28"/></StgValue>
</bind>
</comp>

<comp id="46" class="1001" name="const_46">
<pin_list>
<pin id="47" dir="1" index="0" bw="1" slack="0"/>
</pin_list>
<bind>
<StgValue><ssdm name="_ssdm_op_Write.m_axi.p1i32"/></StgValue>
</bind>
</comp>

<comp id="48" class="1001" name="const_48">
<pin_list>
<pin id="49" dir="1" index="0" bw="1" slack="0"/>
</pin_list>
<bind>
<StgValue><ssdm name=""/></StgValue>
</bind>
</comp>

<comp id="50" class="1004" name="k_fu_50">
<pin_list>
<pin id="51" dir="0" index="0" bw="1" slack="0"/>
<pin id="52" dir="1" index="1" bw="5" slack="0"/>
</pin_list>
<bind>
<opcode="alloca(26) " fcode="alloca"/>
<opset="k/1 "/>
</bind>
</comp>

<comp id="54" class="1004" name="sext_ln127_read_read_fu_54">
<pin_list>
<pin id="55" dir="0" index="0" bw="62" slack="0"/>
<pin id="56" dir="0" index="1" bw="62" slack="0"/>
<pin id="57" dir="1" index="2" bw="62" slack="0"/>
</pin_list>
<bind>
<opcode="read(1150) " fcode="read"/>
<opset="sext_ln127_read/1 "/>
</bind>
</comp>

<comp id="60" class="1004" name="write_ln127_write_fu_60">
<pin_list>
<pin id="61" dir="0" index="0" bw="0" slack="0"/>
<pin id="62" dir="0" index="1" bw="32" slack="0"/>
<pin id="63" dir="0" index="2" bw="32" slack="1"/>
<pin id="64" dir="0" index="3" bw="1" slack="0"/>
<pin id="65" dir="1" index="4" bw="0" slack="2147483647"/>
</pin_list>
<bind>
<opcode="write(1151) " fcode="write"/>
<opset="write_ln127/3 "/>
</bind>
</comp>

<comp id="68" class="1004" name="final_out_addr_gep_fu_68">
<pin_list>
<pin id="69" dir="0" index="0" bw="32" slack="0"/>
<pin id="70" dir="0" index="1" bw="1" slack="0"/>
<pin id="71" dir="0" index="2" bw="5" slack="0"/>
<pin id="72" dir="1" index="3" bw="4" slack="0"/>
</pin_list>
<bind>
<opcode="getelementptr(29) " fcode="getelementptr"/>
<opset="final_out_addr/1 "/>
</bind>
</comp>

<comp id="75" class="1004" name="grp_access_fu_75">
<pin_list>
<pin id="76" dir="0" index="0" bw="4" slack="0"/>
<pin id="77" dir="0" index="1" bw="32" slack="2147483647"/>
<pin id="78" dir="0" index="2" bw="0" slack="2147483647"/>
<pin id="79" dir="1" index="3" bw="32" slack="1"/>
</pin_list>
<bind>
<opcode="load(27) " fcode="load"/>
<opset="final_out_load/1 "/>
</bind>
</comp>

<comp id="81" class="1004" name="sext_ln127_cast_fu_81">
<pin_list>
<pin id="82" dir="0" index="0" bw="62" slack="0"/>
<pin id="83" dir="1" index="1" bw="64" slack="2"/>
</pin_list>
<bind>
<opcode="sext(35) " fcode="sext"/>
<opset="sext_ln127_cast/1 "/>
</bind>
</comp>

<comp id="85" class="1004" name="store_ln127_store_fu_85">
<pin_list>
<pin id="86" dir="0" index="0" bw="1" slack="0"/>
<pin id="87" dir="0" index="1" bw="5" slack="0"/>
<pin id="88" dir="1" index="2" bw="0" slack="2147483647"/>
</pin_list>
<bind>
<opcode="store(28) " fcode="store"/>
<opset="store_ln127/1 "/>
</bind>
</comp>

<comp id="90" class="1004" name="k_5_load_fu_90">
<pin_list>
<pin id="91" dir="0" index="0" bw="5" slack="0"/>
<pin id="92" dir="1" index="1" bw="5" slack="0"/>
</pin_list>
<bind>
<opcode="load(27) " fcode="load"/>
<opset="k_5/1 "/>
</bind>
</comp>

<comp id="93" class="1004" name="icmp_ln127_fu_93">
<pin_list>
<pin id="94" dir="0" index="0" bw="5" slack="0"/>
<pin id="95" dir="0" index="1" bw="5" slack="0"/>
<pin id="96" dir="1" index="2" bw="1" slack="1"/>
</pin_list>
<bind>
<opcode="icmp(45) " fcode="icmp"/>
<opset="icmp_ln127/1 "/>
</bind>
</comp>

<comp id="99" class="1004" name="add_ln127_fu_99">
<pin_list>
<pin id="100" dir="0" index="0" bw="5" slack="0"/>
<pin id="101" dir="0" index="1" bw="1" slack="0"/>
<pin id="102" dir="1" index="2" bw="5" slack="0"/>
</pin_list>
<bind>
<opcode="add(8) " fcode="add"/>
<opset="add_ln127/1 "/>
</bind>
</comp>

<comp id="105" class="1004" name="zext_ln127_fu_105">
<pin_list>
<pin id="106" dir="0" index="0" bw="5" slack="0"/>
<pin id="107" dir="1" index="1" bw="64" slack="0"/>
</pin_list>
<bind>
<opcode="zext(34) " fcode="zext"/>
<opset="zext_ln127/1 "/>
</bind>
</comp>

<comp id="110" class="1004" name="store_ln127_store_fu_110">
<pin_list>
<pin id="111" dir="0" index="0" bw="5" slack="0"/>
<pin id="112" dir="0" index="1" bw="5" slack="0"/>
<pin id="113" dir="1" index="2" bw="0" slack="2147483647"/>
</pin_list>
<bind>
<opcode="store(28) " fcode="store"/>
<opset="store_ln127/1 "/>
</bind>
</comp>

<comp id="115" class="1004" name="gmem_addr_fu_115">
<pin_list>
<pin id="116" dir="0" index="0" bw="64" slack="0"/>
<pin id="117" dir="0" index="1" bw="64" slack="2"/>
<pin id="118" dir="1" index="2" bw="64" slack="0"/>
</pin_list>
<bind>
<opcode="getelementptr(29) " fcode="getelementptr"/>
<opset="gmem_addr/3 "/>
</bind>
</comp>

<comp id="121" class="1005" name="k_reg_121">
<pin_list>
<pin id="122" dir="0" index="0" bw="5" slack="0"/>
<pin id="123" dir="1" index="1" bw="5" slack="0"/>
</pin_list>
<bind>
<opset="k "/>
</bind>
</comp>

<comp id="128" class="1005" name="sext_ln127_cast_reg_128">
<pin_list>
<pin id="129" dir="0" index="0" bw="64" slack="2"/>
<pin id="130" dir="1" index="1" bw="64" slack="2"/>
</pin_list>
<bind>
<opset="sext_ln127_cast "/>
</bind>
</comp>

<comp id="133" class="1005" name="icmp_ln127_reg_133">
<pin_list>
<pin id="134" dir="0" index="0" bw="1" slack="1"/>
<pin id="135" dir="1" index="1" bw="1" slack="2147483647"/>
</pin_list>
<bind>
<opset="icmp_ln127 "/>
</bind>
</comp>

<comp id="137" class="1005" name="final_out_addr_reg_137">
<pin_list>
<pin id="138" dir="0" index="0" bw="4" slack="1"/>
<pin id="139" dir="1" index="1" bw="4" slack="1"/>
</pin_list>
<bind>
<opset="final_out_addr "/>
</bind>
</comp>

<comp id="142" class="1005" name="final_out_load_reg_142">
<pin_list>
<pin id="143" dir="0" index="0" bw="32" slack="1"/>
<pin id="144" dir="1" index="1" bw="32" slack="1"/>
</pin_list>
<bind>
<opset="final_out_load "/>
</bind>
</comp>

</comp_list>

<net_list>
<net id="53"><net_src comp="6" pin="0"/><net_sink comp="50" pin=0"/></net>

<net id="58"><net_src comp="8" pin="0"/><net_sink comp="54" pin=0"/></net>

<net id="59"><net_src comp="2" pin="0"/><net_sink comp="54" pin=1"/></net>

<net id="66"><net_src comp="46" pin="0"/><net_sink comp="60" pin=0"/></net>

<net id="67"><net_src comp="48" pin="0"/><net_sink comp="60" pin=3"/></net>

<net id="73"><net_src comp="4" pin="0"/><net_sink comp="68" pin=0"/></net>

<net id="74"><net_src comp="34" pin="0"/><net_sink comp="68" pin=1"/></net>

<net id="80"><net_src comp="68" pin="3"/><net_sink comp="75" pin=0"/></net>

<net id="84"><net_src comp="54" pin="2"/><net_sink comp="81" pin=0"/></net>

<net id="89"><net_src comp="26" pin="0"/><net_sink comp="85" pin=0"/></net>

<net id="97"><net_src comp="90" pin="1"/><net_sink comp="93" pin=0"/></net>

<net id="98"><net_src comp="30" pin="0"/><net_sink comp="93" pin=1"/></net>

<net id="103"><net_src comp="90" pin="1"/><net_sink comp="99" pin=0"/></net>

<net id="104"><net_src comp="32" pin="0"/><net_sink comp="99" pin=1"/></net>

<net id="108"><net_src comp="90" pin="1"/><net_sink comp="105" pin=0"/></net>

<net id="109"><net_src comp="105" pin="1"/><net_sink comp="68" pin=2"/></net>

<net id="114"><net_src comp="99" pin="2"/><net_sink comp="110" pin=0"/></net>

<net id="119"><net_src comp="0" pin="0"/><net_sink comp="115" pin=0"/></net>

<net id="120"><net_src comp="115" pin="2"/><net_sink comp="60" pin=1"/></net>

<net id="124"><net_src comp="50" pin="1"/><net_sink comp="121" pin=0"/></net>

<net id="125"><net_src comp="121" pin="1"/><net_sink comp="85" pin=1"/></net>

<net id="126"><net_src comp="121" pin="1"/><net_sink comp="90" pin=0"/></net>

<net id="127"><net_src comp="121" pin="1"/><net_sink comp="110" pin=1"/></net>

<net id="131"><net_src comp="81" pin="1"/><net_sink comp="128" pin=0"/></net>

<net id="132"><net_src comp="128" pin="1"/><net_sink comp="115" pin=1"/></net>

<net id="136"><net_src comp="93" pin="2"/><net_sink comp="133" pin=0"/></net>

<net id="140"><net_src comp="68" pin="3"/><net_sink comp="137" pin=0"/></net>

<net id="141"><net_src comp="137" pin="1"/><net_sink comp="75" pin=0"/></net>

<net id="145"><net_src comp="75" pin="3"/><net_sink comp="142" pin=0"/></net>

<net id="146"><net_src comp="142" pin="1"/><net_sink comp="60" pin=2"/></net>

</net_list>

</model> 
---------------- Datapath Model END ------------------

* FSMD analyzer results:
  - Output states:
	Port: gmem | {3 }
 - Input state : 
	Port: rsa_modexp_hw_Pipeline_VITIS_LOOP_127_21 : gmem | {}
	Port: rsa_modexp_hw_Pipeline_VITIS_LOOP_127_21 : sext_ln127 | {1 }
	Port: rsa_modexp_hw_Pipeline_VITIS_LOOP_127_21 : final_out | {1 2 }
  - Chain level:
	State 1
		store_ln127 : 1
		k_5 : 1
		icmp_ln127 : 2
		add_ln127 : 2
		br_ln127 : 3
		zext_ln127 : 2
		final_out_addr : 3
		final_out_load : 4
		store_ln127 : 3
	State 2
	State 3
		write_ln127 : 1


============================================================
+ Verbose Summary: Datapath Resource usage 
============================================================

* Functional unit list:
|----------|----------------------------|---------|---------|
| Operation|       Functional Unit      |    FF   |   LUT   |
|----------|----------------------------|---------|---------|
|   icmp   |      icmp_ln127_fu_93      |    0    |    12   |
|----------|----------------------------|---------|---------|
|    add   |       add_ln127_fu_99      |    0    |    12   |
|----------|----------------------------|---------|---------|
|   read   | sext_ln127_read_read_fu_54 |    0    |    0    |
|----------|----------------------------|---------|---------|
|   write  |   write_ln127_write_fu_60  |    0    |    0    |
|----------|----------------------------|---------|---------|
|   sext   |    sext_ln127_cast_fu_81   |    0    |    0    |
|----------|----------------------------|---------|---------|
|   zext   |      zext_ln127_fu_105     |    0    |    0    |
|----------|----------------------------|---------|---------|
|   Total  |                            |    0    |    24   |
|----------|----------------------------|---------|---------|

Memories:
N/A

* Register list:
+-----------------------+--------+
|                       |   FF   |
+-----------------------+--------+
| final_out_addr_reg_137|    4   |
| final_out_load_reg_142|   32   |
|   icmp_ln127_reg_133  |    1   |
|       k_reg_121       |    5   |
|sext_ln127_cast_reg_128|   64   |
+-----------------------+--------+
|         Total         |   106  |
+-----------------------+--------+

* Multiplexer (MUX) list: 
|------------------|------|------|------|--------||---------||---------||---------|
|       Comp       |  Pin | Size |  BW  | S x BW ||  Delay  ||    FF   ||   LUT   |
|------------------|------|------|------|--------||---------||---------||---------|
| grp_access_fu_75 |  p0  |   2  |   4  |    8   ||    0    ||    9    |
|------------------|------|------|------|--------||---------||---------||---------|
|       Total      |      |      |      |    8   ||  0.387  ||    0    ||    9    |
|------------------|------|------|------|--------||---------||---------||---------|



* Summary:
+-----------+--------+--------+--------+
|           |  Delay |   FF   |   LUT  |
+-----------+--------+--------+--------+
|  Function |    -   |    0   |   24   |
|   Memory  |    -   |    -   |    -   |
|Multiplexer|    0   |    0   |    9   |
|  Register |    -   |   106  |    -   |
+-----------+--------+--------+--------+
|   Total   |    0   |   106  |   33   |
+-----------+--------+--------+--------+
