

================================================================
== Vitis HLS Report for 'mul_sized_2u_s'
================================================================
* Date:           Thu Jun 25 13:36:24 2026

* Version:        2024.2.2 (Build 6049644 on Mar  5 2025)
* Project:        proj_kara_base1
* Solution:       solution1 (Vivado IP Flow Target)
* Product family: virtexuplus
* Target device:  xcvu9p-flga2104-2-i


================================================================
== Performance Estimates
================================================================
+ Timing: 
    * Summary: 
    +--------+----------+----------+------------+
    |  Clock |  Target  | Estimated| Uncertainty|
    +--------+----------+----------+------------+
    |ap_clk  |  10.00 ns|  6.216 ns|     2.70 ns|
    +--------+----------+----------+------------+

+ Latency: 
    * Summary: 
    +---------+---------+----------+----------+-----+-----+---------+
    |  Latency (cycles) |  Latency (absolute) |  Interval | Pipeline|
    |   min   |   max   |    min   |    max   | min | max |   Type  |
    +---------+---------+----------+----------+-----+-----+---------+
    |       65|      130|  0.650 us|  1.300 us|   65|  130|       no|
    +---------+---------+----------+----------+-----+-----+---------+

    + Detail: 
        * Instance: 
        +---------------------------------------------------+----------------------------------------+---------+---------+-----------+-----------+-----+-----+------------------------------------------------+
        |                                                   |                                        |  Latency (cycles) |   Latency (absolute)  |  Interval |                    Pipeline                    |
        |                      Instance                     |                 Module                 |   min   |   max   |    min    |    max    | min | max |                      Type                      |
        +---------------------------------------------------+----------------------------------------+---------+---------+-----------+-----------+-----+-----+------------------------------------------------+
        |grp_mul_sized_2u_Pipeline_VITIS_LOOP_175_1_fu_112  |mul_sized_2u_Pipeline_VITIS_LOOP_175_1  |        3|        3|  30.000 ns|  30.000 ns|    2|    2|  loop auto-rewind stp (delay=0 clock cycles(s))|
        |grp_mul_sized_2u_Pipeline_VITIS_LOOP_187_3_fu_124  |mul_sized_2u_Pipeline_VITIS_LOOP_187_3  |       12|       12|   0.120 us|   0.120 us|   11|   11|  loop auto-rewind stp (delay=0 clock cycles(s))|
        |grp_mul_sized_2u_Pipeline_VITIS_LOOP_181_2_fu_132  |mul_sized_2u_Pipeline_VITIS_LOOP_181_2  |        3|        4|  30.000 ns|  40.000 ns|    2|    3|  loop auto-rewind stp (delay=0 clock cycles(s))|
        |grp_mul_sized_1u_s_fu_143                          |mul_sized_1u_s                          |        1|       15|  10.000 ns|   0.150 us|    1|   15|                                              no|
        |grp_mul_sized_2u_Pipeline_VITIS_LOOP_91_1_fu_152   |mul_sized_2u_Pipeline_VITIS_LOOP_91_1   |        3|        4|  30.000 ns|  40.000 ns|    2|    3|  loop auto-rewind stp (delay=0 clock cycles(s))|
        |grp_mul_sized_2u_Pipeline_VITIS_LOOP_91_15_fu_161  |mul_sized_2u_Pipeline_VITIS_LOOP_91_15  |        3|        4|  30.000 ns|  40.000 ns|    2|    3|  loop auto-rewind stp (delay=0 clock cycles(s))|
        |grp_mul_sized_1u_4_fu_170                          |mul_sized_1u_4                          |       11|       17|   0.110 us|   0.170 us|   11|   17|                                              no|
        |grp_karatsuba_combine_fu_178                       |karatsuba_combine                       |       23|       55|   0.230 us|   0.550 us|   23|   55|                                              no|
        +---------------------------------------------------+----------------------------------------+---------+---------+-----------+-----------+-----+-----+------------------------------------------------+

        * Loop: 
        N/A



================================================================
== Utilization Estimates
================================================================
* Summary: 
+---------------------+---------+------+---------+---------+-----+
|         Name        | BRAM_18K|  DSP |    FF   |   LUT   | URAM|
+---------------------+---------+------+---------+---------+-----+
|DSP                  |        -|     -|        -|        -|    -|
|Expression           |        -|     -|        0|       52|    -|
|FIFO                 |        -|     -|        -|        -|    -|
|Instance             |        -|    32|     8655|    19416|    -|
|Memory               |        0|     -|      576|      585|    0|
|Multiplexer          |        -|     -|        0|      606|    -|
|Register             |        -|     -|       31|        -|    -|
+---------------------+---------+------+---------+---------+-----+
|Total                |        0|    32|     9262|    20659|    0|
+---------------------+---------+------+---------+---------+-----+
|Available SLR        |     1440|  2280|   788160|   394080|  320|
+---------------------+---------+------+---------+---------+-----+
|Utilization SLR (%)  |        0|     1|        1|        5|    0|
+---------------------+---------+------+---------+---------+-----+
|Available            |     4320|  6840|  2364480|  1182240|  960|
+---------------------+---------+------+---------+---------+-----+
|Utilization (%)      |        0|    ~0|       ~0|        1|    0|
+---------------------+---------+------+---------+---------+-----+

+ Detail: 
    * Instance: 
    +---------------------------------------------------+----------------------------------------+---------+----+------+-------+-----+
    |                      Instance                     |                 Module                 | BRAM_18K| DSP|  FF  |  LUT  | URAM|
    +---------------------------------------------------+----------------------------------------+---------+----+------+-------+-----+
    |grp_karatsuba_combine_fu_178                       |karatsuba_combine                       |        0|   0|  7809|  17896|    0|
    |grp_mul_sized_1u_4_fu_170                          |mul_sized_1u_4                          |        0|  16|   404|    329|    0|
    |grp_mul_sized_1u_s_fu_143                          |mul_sized_1u_s                          |        0|  16|   403|    336|    0|
    |grp_mul_sized_2u_Pipeline_VITIS_LOOP_175_1_fu_112  |mul_sized_2u_Pipeline_VITIS_LOOP_175_1  |        0|   0|     4|     38|    0|
    |grp_mul_sized_2u_Pipeline_VITIS_LOOP_181_2_fu_132  |mul_sized_2u_Pipeline_VITIS_LOOP_181_2  |        0|   0|     7|     58|    0|
    |grp_mul_sized_2u_Pipeline_VITIS_LOOP_187_3_fu_124  |mul_sized_2u_Pipeline_VITIS_LOOP_187_3  |        0|   0|     6|     51|    0|
    |grp_mul_sized_2u_Pipeline_VITIS_LOOP_91_1_fu_152   |mul_sized_2u_Pipeline_VITIS_LOOP_91_1   |        0|   0|    11|    354|    0|
    |grp_mul_sized_2u_Pipeline_VITIS_LOOP_91_15_fu_161  |mul_sized_2u_Pipeline_VITIS_LOOP_91_15  |        0|   0|    11|    354|    0|
    +---------------------------------------------------+----------------------------------------+---------+----+------+-------+-----+
    |Total                                              |                                        |        0|  32|  8655|  19416|    0|
    +---------------------------------------------------+----------------------------------------+---------+----+------+-------+-----+

    * DSP: 
    N/A

    * Memory: 
    +-------+----------------------------------+---------+----+----+-----+------+-----+------+-------------+
    | Memory|              Module              | BRAM_18K| FF | LUT| URAM| Words| Bits| Banks| W*Bits*Banks|
    +-------+----------------------------------+---------+----+----+-----+------+-----+------+-------------+
    |Al_U   |mul_sized_2u_s_Al_RAM_AUTO_1R1W   |        0|  64|  65|    0|     8|   64|     1|          512|
    |Ah_U   |mul_sized_2u_s_Al_RAM_AUTO_1R1W   |        0|  64|  65|    0|     8|   64|     1|          512|
    |Bl_U   |mul_sized_2u_s_Al_RAM_AUTO_1R1W   |        0|  64|  65|    0|     8|   64|     1|          512|
    |Bh_U   |mul_sized_2u_s_Al_RAM_AUTO_1R1W   |        0|  64|  65|    0|     8|   64|     1|          512|
    |Sal_U  |mul_sized_2u_s_Sal_RAM_AUTO_1R1W  |        0|  64|  65|    0|    10|   64|     1|          640|
    |Sbl_U  |mul_sized_2u_s_Sal_RAM_AUTO_1R1W  |        0|  64|  65|    0|    10|   64|     1|          640|
    |z0_U   |mul_sized_2u_s_z0_RAM_AUTO_1R1W   |        0|  64|  65|    0|    16|   64|     1|         1024|
    |z2_U   |mul_sized_2u_s_z0_RAM_AUTO_1R1W   |        0|  64|  65|    0|    16|   64|     1|         1024|
    |z1_U   |mul_sized_2u_s_z1_RAM_AUTO_1R1W   |        0|  64|  65|    0|    20|   64|     1|         1280|
    +-------+----------------------------------+---------+----+----+-----+------+-----+------+-------------+
    |Total  |                                  |        0| 576| 585|    0|   104|  576|     9|         6656|
    +-------+----------------------------------+---------+----+----+-----+------+-----+------+-------------+

    * FIFO: 
    N/A

    * Expression: 
    +---------------------------------+----------+----+---+----+------------+------------+
    |          Variable Name          | Operation| DSP| FF| LUT| Bitwidth P0| Bitwidth P1|
    +---------------------------------+----------+----+---+----+------------+------------+
    |n_hi_fu_192_p2                   |         +|   0|  0|   9|           2|           2|
    |icmp_ln101_5_fu_226_p2           |      icmp|   0|  0|   9|           2|           1|
    |icmp_ln101_fu_212_p2             |      icmp|   0|  0|   9|           2|           1|
    |icmp_ln197_fu_242_p2             |      icmp|   0|  0|   9|           2|           2|
    |Sal_we0                          |        or|   0|  0|   2|           1|           1|
    |Sbl_we0                          |        or|   0|  0|   2|           1|           1|
    |ap_block_state2_on_subcall_done  |        or|   0|  0|   2|           1|           1|
    |ap_block_state4_on_subcall_done  |        or|   0|  0|   2|           1|           1|
    |ap_block_state8_on_subcall_done  |        or|   0|  0|   2|           1|           1|
    |n_mul_fu_248_p3                  |    select|   0|  0|   2|           1|           2|
    |n_sal_fu_232_p3                  |    select|   0|  0|   2|           1|           2|
    |n_sbl_fu_237_p3                  |    select|   0|  0|   2|           1|           2|
    +---------------------------------+----------+----+---+----+------------+------------+
    |Total                            |          |   0|  0|  52|          16|          17|
    +---------------------------------+----------+----+---+----+------------+------------+

    * Multiplexer: 
    +----------------------------------+----+-----------+-----+-----------+
    |               Name               | LUT| Input Size| Bits| Total Bits|
    +----------------------------------+----+-----------+-----+-----------+
    |Ah_address0                       |  20|          4|    3|         12|
    |Ah_ce0                            |  20|          4|    1|          4|
    |Ah_we0                            |   9|          2|    1|          2|
    |Al_address0                       |  20|          4|    3|         12|
    |Al_ce0                            |  20|          4|    1|          4|
    |Al_we0                            |   9|          2|    1|          2|
    |Bh_address0                       |  20|          4|    3|         12|
    |Bh_ce0                            |  20|          4|    1|          4|
    |Bh_we0                            |   9|          2|    1|          2|
    |Bl_address0                       |  20|          4|    3|         12|
    |Bl_ce0                            |  20|          4|    1|          4|
    |Bl_we0                            |   9|          2|    1|          2|
    |Sal_address0                      |  20|          4|    4|         16|
    |Sal_ce0                           |  20|          4|    1|          4|
    |Sal_d0                            |  14|          3|   64|        192|
    |Sal_we0                           |  14|          3|    1|          3|
    |Sbl_address0                      |  20|          4|    4|         16|
    |Sbl_ce0                           |  20|          4|    1|          4|
    |Sbl_d0                            |  14|          3|   64|        192|
    |Sbl_we0                           |  14|          3|    1|          3|
    |a_address0                        |  14|          3|    3|          9|
    |a_ce0                             |  14|          3|    1|          3|
    |ap_NS_fsm                         |  65|         14|    1|         14|
    |b_address0                        |  14|          3|    3|          9|
    |b_ce0                             |  14|          3|    1|          3|
    |grp_mul_sized_1u_s_fu_143_a_q0    |  14|          3|   64|        192|
    |grp_mul_sized_1u_s_fu_143_b_q0    |  14|          3|   64|        192|
    |grp_mul_sized_1u_s_fu_143_nwords  |  14|          3|    2|          6|
    |z0_address0                       |  14|          3|    4|         12|
    |z0_ce0                            |  14|          3|    1|          3|
    |z0_we0                            |   9|          2|    1|          2|
    |z1_address0                       |  14|          3|    5|         15|
    |z1_ce0                            |  14|          3|    1|          3|
    |z1_we0                            |   9|          2|    1|          2|
    |z2_address0                       |  14|          3|    4|         12|
    |z2_ce0                            |  14|          3|    1|          3|
    |z2_we0                            |   9|          2|    1|          2|
    +----------------------------------+----+-----------+-----+-----------+
    |Total                             | 606|        127|  318|        984|
    +----------------------------------+----+-----------+-----+-----------+

    * Register: 
    +----------------------------------------------------------------+----+----+-----+-----------+
    |                              Name                              | FF | LUT| Bits| Const Bits|
    +----------------------------------------------------------------+----+----+-----+-----------+
    |ap_CS_fsm                                                       |  13|   0|   13|          0|
    |grp_karatsuba_combine_fu_178_ap_start_reg                       |   1|   0|    1|          0|
    |grp_mul_sized_1u_4_fu_170_ap_start_reg                          |   1|   0|    1|          0|
    |grp_mul_sized_1u_s_fu_143_ap_start_reg                          |   1|   0|    1|          0|
    |grp_mul_sized_2u_Pipeline_VITIS_LOOP_175_1_fu_112_ap_start_reg  |   1|   0|    1|          0|
    |grp_mul_sized_2u_Pipeline_VITIS_LOOP_181_2_fu_132_ap_start_reg  |   1|   0|    1|          0|
    |grp_mul_sized_2u_Pipeline_VITIS_LOOP_187_3_fu_124_ap_start_reg  |   1|   0|    1|          0|
    |grp_mul_sized_2u_Pipeline_VITIS_LOOP_91_15_fu_161_ap_start_reg  |   1|   0|    1|          0|
    |grp_mul_sized_2u_Pipeline_VITIS_LOOP_91_1_fu_152_ap_start_reg   |   1|   0|    1|          0|
    |icmp_ln101_5_reg_305                                            |   1|   0|    1|          0|
    |icmp_ln101_reg_300                                              |   1|   0|    1|          0|
    |n_hi_reg_288                                                    |   2|   0|    2|          0|
    |nwords_cast1_reg_316                                            |   2|   0|    4|          2|
    |zext_ln171_reg_321                                              |   2|   0|    3|          1|
    |zext_ln197_reg_310                                              |   2|   0|    3|          1|
    +----------------------------------------------------------------+----+----+-----+-----------+
    |Total                                                           |  31|   0|   35|          4|
    +----------------------------------------------------------------+----+----+-----+-----------+



================================================================
== Interface
================================================================
* Summary: 
+------------+-----+-----+------------+---------------+--------------+
|  RTL Ports | Dir | Bits|  Protocol  | Source Object |    C Type    |
+------------+-----+-----+------------+---------------+--------------+
|ap_clk      |   in|    1|  ap_ctrl_hs|  mul_sized<2u>|  return value|
|ap_rst      |   in|    1|  ap_ctrl_hs|  mul_sized<2u>|  return value|
|ap_start    |   in|    1|  ap_ctrl_hs|  mul_sized<2u>|  return value|
|ap_done     |  out|    1|  ap_ctrl_hs|  mul_sized<2u>|  return value|
|ap_idle     |  out|    1|  ap_ctrl_hs|  mul_sized<2u>|  return value|
|ap_ready    |  out|    1|  ap_ctrl_hs|  mul_sized<2u>|  return value|
|a_address0  |  out|    3|   ap_memory|              a|         array|
|a_ce0       |  out|    1|   ap_memory|              a|         array|
|a_q0        |   in|   64|   ap_memory|              a|         array|
|b_address0  |  out|    3|   ap_memory|              b|         array|
|b_ce0       |  out|    1|   ap_memory|              b|         array|
|b_q0        |   in|   64|   ap_memory|              b|         array|
|c_address0  |  out|    4|   ap_memory|              c|         array|
|c_ce0       |  out|    1|   ap_memory|              c|         array|
|c_we0       |  out|    1|   ap_memory|              c|         array|
|c_d0        |  out|   64|   ap_memory|              c|         array|
|nwords      |   in|    2|     ap_none|         nwords|        scalar|
+------------+-----+-----+------------+---------------+--------------+

