

================================================================
== Vitis HLS Report for 'mul_Pipeline_VITIS_LOOP_56_158'
================================================================
* Date:           Thu Jun 25 13:54:37 2026

* Version:        2024.2.2 (Build 6049644 on Mar  5 2025)
* Project:        proj_kara_base1
* Solution:       solution1 (Vivado IP Flow Target)
* Product family: virtexuplus
* Target device:  xcvu9p-flga2104-2-i


================================================================
== Performance Estimates
================================================================
+ Timing: 
    * Summary: 
    +--------+----------+----------+------------+
    |  Clock |  Target  | Estimated| Uncertainty|
    +--------+----------+----------+------------+
    |ap_clk  |  10.00 ns|  3.526 ns|     2.70 ns|
    +--------+----------+----------+------------+

+ Latency: 
    * Summary: 
    +---------+---------+-----------+-----------+-----+-----+------------------------------------------------+
    |  Latency (cycles) |   Latency (absolute)  |  Interval |                    Pipeline                    |
    |   min   |   max   |    min    |    max    | min | max |                      Type                      |
    +---------+---------+-----------+-----------+-----+-----+------------------------------------------------+
    |        6|        6|  60.000 ns|  60.000 ns|    5|    5|  loop auto-rewind stp (delay=0 clock cycles(s))|
    +---------+---------+-----------+-----------+-----+-----+------------------------------------------------+

    + Detail: 
        * Instance: 
        N/A

        * Loop: 
        +-------------------+---------+---------+----------+-----------+-----------+------+----------+
        |                   |  Latency (cycles) | Iteration|  Initiation Interval  | Trip |          |
        |     Loop Name     |   min   |   max   |  Latency |  achieved |   target  | Count| Pipelined|
        +-------------------+---------+---------+----------+-----------+-----------+------+----------+
        |- VITIS_LOOP_56_1  |        4|        4|         1|          1|          1|     4|       yes|
        +-------------------+---------+---------+----------+-----------+-----------+------+----------+



================================================================
== Utilization Estimates
================================================================
* Summary: 
+---------------------+---------+------+---------+---------+-----+
|         Name        | BRAM_18K|  DSP |    FF   |   LUT   | URAM|
+---------------------+---------+------+---------+---------+-----+
|DSP                  |        -|     -|        -|        -|    -|
|Expression           |        -|     -|        0|      167|    -|
|FIFO                 |        -|     -|        -|        -|    -|
|Instance             |        -|     -|        0|       40|    -|
|Memory               |        -|     -|        -|        -|    -|
|Multiplexer          |        -|     -|        0|       45|    -|
|Register             |        -|     -|      263|        -|    -|
+---------------------+---------+------+---------+---------+-----+
|Total                |        0|     0|      263|      252|    0|
+---------------------+---------+------+---------+---------+-----+
|Available SLR        |     1440|  2280|   788160|   394080|  320|
+---------------------+---------+------+---------+---------+-----+
|Utilization SLR (%)  |        0|     0|       ~0|       ~0|    0|
+---------------------+---------+------+---------+---------+-----+
|Available            |     4320|  6840|  2364480|  1182240|  960|
+---------------------+---------+------+---------+---------+-----+
|Utilization (%)      |        0|     0|       ~0|       ~0|    0|
+---------------------+---------+------+---------+---------+-----+

+ Detail: 
    * Instance: 
    +---------------------------+----------------------+---------+----+---+----+-----+
    |          Instance         |        Module        | BRAM_18K| DSP| FF| LUT| URAM|
    +---------------------------+----------------------+---------+----+---+----+-----+
    |sparsemux_9_2_64_1_1_U401  |sparsemux_9_2_64_1_1  |        0|   0|  0|  20|    0|
    |sparsemux_9_2_64_1_1_U402  |sparsemux_9_2_64_1_1  |        0|   0|  0|  20|    0|
    +---------------------------+----------------------+---------+----+---+----+-----+
    |Total                      |                      |        0|   0|  0|  40|    0|
    +---------------------------+----------------------+---------+----+---+----+-----+

    * DSP: 
    N/A

    * Memory: 
    N/A

    * FIFO: 
    N/A

    * Expression: 
    +---------------------+----------+----+---+----+------------+------------+
    |    Variable Name    | Operation| DSP| FF| LUT| Bitwidth P0| Bitwidth P1|
    +---------------------+----------+----+---+----+------------+------------+
    |add_ln56_fu_196_p2   |         +|   0|  0|  10|           3|           1|
    |add_ln61_fu_269_p2   |         +|   0|  0|  72|          65|          65|
    |s_fu_279_p2          |         +|   0|  0|  73|          66|          66|
    |icmp_ln56_fu_190_p2  |      icmp|   0|  0|  12|           3|           4|
    +---------------------+----------+----+---+----+------------+------------+
    |Total                |          |   0|  0| 167|         137|         136|
    +---------------------+----------+----+---+----+------------+------------+

    * Multiplexer: 
    +-------------------------------+----+-----------+-----+-----------+
    |              Name             | LUT| Input Size| Bits| Total Bits|
    +-------------------------------+----+-----------+-----+-----------+
    |ap_done_int                    |   9|          2|    1|          2|
    |ap_sig_allocacmp_carry_load_7  |   9|          2|    2|          4|
    |ap_sig_allocacmp_i_38          |   9|          2|    3|          6|
    |carry_fu_70                    |   9|          2|    2|          4|
    |i_fu_74                        |   9|          2|    3|          6|
    +-------------------------------+----+-----------+-----+-----------+
    |Total                          |  45|         10|   11|         22|
    +-------------------------------+----+-----------+-----+-----------+

    * Register: 
    +-------------+----+----+-----+-----------+
    |     Name    | FF | LUT| Bits| Const Bits|
    +-------------+----+----+-----+-----------+
    |Sbl_5_fu_82  |  64|   0|   64|          0|
    |Sbl_6_fu_86  |  64|   0|   64|          0|
    |Sbl_7_fu_90  |  64|   0|   64|          0|
    |Sbl_fu_78    |  64|   0|   64|          0|
    |ap_CS_fsm    |   1|   0|    1|          0|
    |ap_done_reg  |   1|   0|    1|          0|
    |carry_fu_70  |   2|   0|    2|          0|
    |i_fu_74      |   3|   0|    3|          0|
    +-------------+----+----+-----+-----------+
    |Total        | 263|   0|  263|          0|
    +-------------+----+----+-----+-----------+



================================================================
== Interface
================================================================
* Summary: 
+---------------------+-----+-----+------------+--------------------------------+--------------+
|      RTL Ports      | Dir | Bits|  Protocol  |          Source Object         |    C Type    |
+---------------------+-----+-----+------------+--------------------------------+--------------+
|ap_clk               |   in|    1|  ap_ctrl_hs|  mul_Pipeline_VITIS_LOOP_56_158|  return value|
|ap_rst               |   in|    1|  ap_ctrl_hs|  mul_Pipeline_VITIS_LOOP_56_158|  return value|
|ap_start             |   in|    1|  ap_ctrl_hs|  mul_Pipeline_VITIS_LOOP_56_158|  return value|
|ap_done              |  out|    1|  ap_ctrl_hs|  mul_Pipeline_VITIS_LOOP_56_158|  return value|
|ap_idle              |  out|    1|  ap_ctrl_hs|  mul_Pipeline_VITIS_LOOP_56_158|  return value|
|ap_ready             |  out|    1|  ap_ctrl_hs|  mul_Pipeline_VITIS_LOOP_56_158|  return value|
|Bl_3_reload          |   in|   64|     ap_none|                     Bl_3_reload|        scalar|
|Bl_2_reload          |   in|   64|     ap_none|                     Bl_2_reload|        scalar|
|Bl_1_reload          |   in|   64|     ap_none|                     Bl_1_reload|        scalar|
|Bl_reload            |   in|   64|     ap_none|                       Bl_reload|        scalar|
|Bh_3_reload          |   in|   64|     ap_none|                     Bh_3_reload|        scalar|
|Bh_2_reload          |   in|   64|     ap_none|                     Bh_2_reload|        scalar|
|Bh_1_reload          |   in|   64|     ap_none|                     Bh_1_reload|        scalar|
|Bh_reload            |   in|   64|     ap_none|                       Bh_reload|        scalar|
|Sbl_7_out            |  out|   64|      ap_vld|                       Sbl_7_out|       pointer|
|Sbl_7_out_ap_vld     |  out|    1|      ap_vld|                       Sbl_7_out|       pointer|
|Sbl_6_out            |  out|   64|      ap_vld|                       Sbl_6_out|       pointer|
|Sbl_6_out_ap_vld     |  out|    1|      ap_vld|                       Sbl_6_out|       pointer|
|Sbl_5_out            |  out|   64|      ap_vld|                       Sbl_5_out|       pointer|
|Sbl_5_out_ap_vld     |  out|    1|      ap_vld|                       Sbl_5_out|       pointer|
|Sbl_out              |  out|   64|      ap_vld|                         Sbl_out|       pointer|
|Sbl_out_ap_vld       |  out|    1|      ap_vld|                         Sbl_out|       pointer|
|carry_33_out         |  out|    2|      ap_vld|                    carry_33_out|       pointer|
|carry_33_out_ap_vld  |  out|    1|      ap_vld|                    carry_33_out|       pointer|
+---------------------+-----+-----+------------+--------------------------------+--------------+

