

================================================================
== Synthesis Summary Report of 'mont_mul_fios_csa_true_pipe2'
================================================================
+ General Information: 
    * Date:           Tue Aug 25 17:58:48 2026
    * Version:        2024.2.2 (Build 6049644 on Mar  5 2025)
    * Project:        proj_true_pipe2_clk8
    * Solution:       solution1 (Vivado IP Flow Target)
    * Product family: virtexuplus
    * Target device:  xcvu9p-flga2104-2-i
    

+ Performance & Resource Estimates: 
    
    PS: '+' for module; 'o' for loop; '*' for dataflow
    +--------------------------------+------+------+---------+---------+----------+---------+------+----------+------+----------+-------------+------------+-----+
    |             Modules            | Issue|      | Latency | Latency | Iteration|         | Trip |          |      |          |             |            |     |
    |             & Loops            | Type | Slack| (cycles)|   (ns)  |  Latency | Interval| Count| Pipelined| BRAM |    DSP   |      FF     |     LUT    | URAM|
    +--------------------------------+------+------+---------+---------+----------+---------+------+----------+------+----------+-------------+------------+-----+
    |+ mont_mul_fios_csa_true_pipe2  |     -|  0.02|       14|  112.000|         -|        1|     -|       yes|     -|  552 (8%)|  11845 (~0%)|  38197 (3%)|    -|
    +--------------------------------+------+------+---------+---------+----------+---------+------+----------+------+----------+-------------+------------+-----+


================================================================
== HW Interfaces
================================================================
* Other Ports
+--------+---------+-----------+----------+
| Port   | Mode    | Direction | Bitwidth |
+--------+---------+-----------+----------+
| a_0    | ap_none | in        | 64       |
| a_1    | ap_none | in        | 64       |
| a_2    | ap_none | in        | 64       |
| a_3    | ap_none | in        | 64       |
| b_0    | ap_none | in        | 64       |
| b_1    | ap_none | in        | 64       |
| b_2    | ap_none | in        | 64       |
| b_3    | ap_none | in        | 64       |
| c_0    | ap_vld  | out       | 64       |
| c_1    | ap_vld  | out       | 64       |
| c_2    | ap_vld  | out       | 64       |
| c_3    | ap_vld  | out       | 64       |
| mod_0  | ap_none | in        | 64       |
| mod_1  | ap_none | in        | 64       |
| mod_2  | ap_none | in        | 64       |
| mod_3  | ap_none | in        | 64       |
| mprime | ap_none | in        | 64       |
+--------+---------+-----------+----------+

* TOP LEVEL CONTROL
+-----------+------------+-----------------------------------+
| Interface | Type       | Ports                             |
+-----------+------------+-----------------------------------+
| ap_clk    | clock      | ap_clk                            |
| ap_rst    | reset      | ap_rst                            |
| ap_ctrl   | ap_ctrl_hs | ap_done ap_idle ap_ready ap_start |
+-----------+------------+-----------------------------------+


================================================================
== SW I/O Information
================================================================
* Top Function Arguments
+----------+-----------+---------------------------+
| Argument | Direction | Datatype                  |
+----------+-----------+---------------------------+
| a        | in        | long unsigned int const * |
| b        | in        | long unsigned int const * |
| c        | out       | long unsigned int*        |
| mod      | in        | long unsigned int const * |
| mprime   | in        | long unsigned int         |
+----------+-----------+---------------------------+

* SW-to-HW Mapping
+----------+--------------+---------+
| Argument | HW Interface | HW Type |
+----------+--------------+---------+
| a        | a_0          | port    |
| a        | a_1          | port    |
| a        | a_2          | port    |
| a        | a_3          | port    |
| b        | b_0          | port    |
| b        | b_1          | port    |
| b        | b_2          | port    |
| b        | b_3          | port    |
| c        | c_0          | port    |
| c        | c_0_ap_vld   | port    |
| c        | c_1          | port    |
| c        | c_1_ap_vld   | port    |
| c        | c_2          | port    |
| c        | c_2_ap_vld   | port    |
| c        | c_3          | port    |
| c        | c_3_ap_vld   | port    |
| mod      | mod_0        | port    |
| mod      | mod_1        | port    |
| mod      | mod_2        | port    |
| mod      | mod_3        | port    |
| mprime   | mprime       | port    |
+----------+--------------+---------+


================================================================
== Bind Op Report
================================================================
+--------------------------------+-----+--------+----------------+--------+----------+---------+
| Name                           | DSP | Pragma | Variable       | Op     | Impl     | Latency |
+--------------------------------+-----+--------+----------------+--------+----------+---------+
| + mont_mul_fios_csa_true_pipe2 | 552 |        |                |        |          |         |
|   mul_64ns_64ns_128_1_1_U1     | 16  |        | pp0            | mul    | auto     | 0       |
|   mul_64s_64s_64_1_1_U33       | 10  |        | u_i            | mul    | auto     | 0       |
|   mul_64ns_64ns_128_1_1_U2     | 16  |        | pm0            | mul    | auto     | 0       |
|   tiny2_fu_524_p2              |     |        | tiny2          | add    | fabric   | 0       |
|   mul_64ns_64ns_128_1_1_U3     | 16  |        | pp             | mul    | auto     | 0       |
|   mul_64ns_64ns_128_1_1_U4     | 16  |        | pm             | mul    | auto     | 0       |
|   mul_64ns_64ns_128_1_1_U6     | 16  |        | pp_1           | mul    | auto     | 0       |
|   mul_64ns_64ns_128_1_1_U7     | 16  |        | pm_1           | mul    | auto     | 0       |
|   mul_64ns_64ns_128_1_1_U12    | 16  |        | pp_2           | mul    | auto     | 0       |
|   mul_64ns_64ns_128_1_1_U13    | 16  |        | pm_2           | mul    | auto     | 0       |
|   or_ln57_fu_574_p2            |     |        | or_ln57        | or     | auto     | 0       |
|   and_ln57_fu_578_p2           |     |        | and_ln57       | and    | auto     | 0       |
|   and_ln57_1_fu_582_p2         |     |        | and_ln57_1     | and    | auto     | 0       |
|   or_ln57_1_fu_587_p2          |     |        | or_ln57_1      | or     | auto     | 0       |
|   xor_ln56_fu_605_p2           |     |        | xor_ln56       | xor    | auto     | 0       |
|   xor_ln56_1_fu_609_p2         |     |        | xor_ln56_1     | xor    | auto     | 0       |
|   and_ln57_2_fu_614_p2         |     |        | and_ln57_2     | and    | auto     | 0       |
|   xor_ln56_2_fu_627_p2         |     |        | xor_ln56_2     | xor    | auto     | 0       |
|   or_ln57_7_fu_660_p2          |     |        | or_ln57_7      | or     | auto     | 0       |
|   and_ln57_3_fu_682_p2         |     |        | and_ln57_3     | and    | auto     | 0       |
|   and_ln57_4_fu_694_p2         |     |        | and_ln57_4     | and    | auto     | 0       |
|   and_ln57_21_fu_700_p2        |     |        | and_ln57_21    | and    | auto     | 0       |
|   or_ln57_10_fu_706_p2         |     |        | or_ln57_10     | or     | auto     | 0       |
|   xor_ln56_3_fu_819_p2         |     |        | xor_ln56_3     | xor    | auto     | 0       |
|   xor_ln56_4_fu_823_p2         |     |        | xor_ln56_4     | xor    | auto     | 0       |
|   xor_ln56_5_fu_827_p2         |     |        | xor_ln56_5     | xor    | auto     | 0       |
|   xor_ln56_6_fu_741_p2         |     |        | xor_ln56_6     | xor    | auto     | 0       |
|   xor_ln56_7_fu_747_p2         |     |        | xor_ln56_7     | xor    | auto     | 0       |
|   sOut_fu_837_p2               |     |        | sOut           | xor    | auto     | 0       |
|   xor_ln57_10_fu_753_p2        |     |        | xor_ln57_10    | xor    | auto     | 0       |
|   xor_ln57_fu_759_p2           |     |        | xor_ln57       | xor    | auto     | 0       |
|   and_ln57_5_fu_773_p2         |     |        | and_ln57_5     | and    | auto     | 0       |
|   or_ln57_4_fu_974_p2          |     |        | or_ln57_4      | or     | auto     | 0       |
|   and_ln57_6_fu_978_p2         |     |        | and_ln57_6     | and    | auto     | 0       |
|   and_ln57_7_fu_982_p2         |     |        | and_ln57_7     | and    | auto     | 0       |
|   or_ln57_5_fu_987_p2          |     |        | or_ln57_5      | or     | auto     | 0       |
|   xor_ln56_9_fu_1001_p2        |     |        | xor_ln56_9     | xor    | auto     | 0       |
|   xor_ln56_10_fu_1005_p2       |     |        | xor_ln56_10    | xor    | auto     | 0       |
|   and_ln57_8_fu_1010_p2        |     |        | and_ln57_8     | and    | auto     | 0       |
|   xor_ln56_11_fu_1023_p2       |     |        | xor_ln56_11    | xor    | auto     | 0       |
|   or_ln57_12_fu_1038_p2        |     |        | or_ln57_12     | or     | auto     | 0       |
|   and_ln57_9_fu_1060_p2        |     |        | and_ln57_9     | and    | auto     | 0       |
|   and_ln57_10_fu_1072_p2       |     |        | and_ln57_10    | and    | auto     | 0       |
|   and_ln57_33_fu_1078_p2       |     |        | and_ln57_33    | and    | auto     | 0       |
|   or_ln57_16_fu_1084_p2        |     |        | or_ln57_16     | or     | auto     | 0       |
|   xor_ln56_12_fu_1108_p2       |     |        | xor_ln56_12    | xor    | auto     | 0       |
|   xor_ln56_13_fu_1114_p2       |     |        | xor_ln56_13    | xor    | auto     | 0       |
|   and_ln57_11_fu_1132_p2       |     |        | and_ln57_11    | and    | auto     | 0       |
|   or_ln57_8_fu_1954_p2         |     |        | or_ln57_8      | or     | auto     | 0       |
|   and_ln57_12_fu_1959_p2       |     |        | and_ln57_12    | and    | auto     | 0       |
|   and_ln57_13_fu_1964_p2       |     |        | and_ln57_13    | and    | auto     | 0       |
|   or_ln57_9_fu_1969_p2         |     |        | or_ln57_9      | or     | auto     | 0       |
|   xor_ln56_14_fu_1975_p2       |     |        | xor_ln56_14    | xor    | auto     | 0       |
|   xor_ln56_15_fu_1980_p2       |     |        | xor_ln56_15    | xor    | auto     | 0       |
|   and_ln57_14_fu_2160_p2       |     |        | and_ln57_14    | and    | auto     | 0       |
|   xor_ln56_16_fu_2172_p2       |     |        | xor_ln56_16    | xor    | auto     | 0       |
|   or_ln57_19_fu_2185_p2        |     |        | or_ln57_19     | or     | auto     | 0       |
|   and_ln57_15_fu_2198_p2       |     |        | and_ln57_15    | and    | auto     | 0       |
|   and_ln57_16_fu_2210_p2       |     |        | and_ln57_16    | and    | auto     | 0       |
|   and_ln57_43_fu_2216_p2       |     |        | and_ln57_43    | and    | auto     | 0       |
|   or_ln57_21_fu_2222_p2        |     |        | or_ln57_21     | or     | auto     | 0       |
|   xor_ln56_17_fu_2246_p2       |     |        | xor_ln56_17    | xor    | auto     | 0       |
|   xor_ln56_18_fu_2252_p2       |     |        | xor_ln56_18    | xor    | auto     | 0       |
|   and_ln57_17_fu_2270_p2       |     |        | and_ln57_17    | and    | auto     | 0       |
|   and_ln57_18_fu_2288_p2       |     |        | and_ln57_18    | and    | auto     | 0       |
|   xor_ln56_19_fu_2300_p2       |     |        | xor_ln56_19    | xor    | auto     | 0       |
|   and_ln57_19_fu_2314_p2       |     |        | and_ln57_19    | and    | auto     | 0       |
|   xor_ln56_20_fu_2328_p2       |     |        | xor_ln56_20    | xor    | auto     | 0       |
|   and_ln57_20_fu_2334_p2       |     |        | and_ln57_20    | and    | auto     | 0       |
|   mul_64ns_64ns_128_1_1_U5     | 16  |        | pp0_1          | mul    | auto     | 0       |
|   add_ln113_fu_813_p2          |     |        | add_ln113      | add    | fabric   | 0       |
|   tiny1_fu_849_p2              |     |        | tiny1          | add    | fabric   | 0       |
|   mul_64s_64s_64_1_1_U34       | 10  |        | u_i_1          | mul    | auto     | 0       |
|   mul_64ns_64ns_128_1_1_U8     | 16  |        | pm0_1          | mul    | auto     | 0       |
|   tiny2_1_fu_932_p2            |     |        | tiny2_1        | add    | fabric   | 0       |
|   mul_64ns_64ns_128_1_1_U9     | 16  |        | pp_3           | mul    | auto     | 0       |
|   mul_64ns_64ns_128_1_1_U10    | 16  |        | pm_3           | mul    | auto     | 0       |
|   mul_64ns_64ns_128_1_1_U14    | 16  |        | pp_4           | mul    | auto     | 0       |
|   mul_64ns_64ns_128_1_1_U15    | 16  |        | pm_4           | mul    | auto     | 0       |
|   mul_64ns_64ns_128_1_1_U16    | 16  |        | pp_5           | mul    | auto     | 0       |
|   mul_64ns_64ns_128_1_1_U17    | 16  |        | pm_5           | mul    | auto     | 0       |
|   xor_ln56_21_fu_1174_p2       |     |        | xor_ln56_21    | xor    | auto     | 0       |
|   xor_ln57_11_fu_1180_p2       |     |        | xor_ln57_11    | xor    | auto     | 0       |
|   or_ln57_23_fu_1186_p2        |     |        | or_ln57_23     | or     | auto     | 0       |
|   and_ln57_22_fu_1209_p2       |     |        | and_ln57_22    | and    | auto     | 0       |
|   and_ln57_23_fu_1226_p2       |     |        | and_ln57_23    | and    | auto     | 0       |
|   and_ln57_56_fu_1232_p2       |     |        | and_ln57_56    | and    | auto     | 0       |
|   or_ln57_27_fu_1238_p2        |     |        | or_ln57_27     | or     | auto     | 0       |
|   or_ln57_14_fu_1264_p2        |     |        | or_ln57_14     | or     | auto     | 0       |
|   and_ln57_24_fu_1268_p2       |     |        | and_ln57_24    | and    | auto     | 0       |
|   and_ln57_25_fu_1272_p2       |     |        | and_ln57_25    | and    | auto     | 0       |
|   or_ln57_15_fu_1277_p2        |     |        | or_ln57_15     | or     | auto     | 0       |
|   xor_ln56_22_fu_1295_p2       |     |        | xor_ln56_22    | xor    | auto     | 0       |
|   xor_ln56_23_fu_1301_p2       |     |        | xor_ln56_23    | xor    | auto     | 0       |
|   xor_ln56_24_fu_1306_p2       |     |        | xor_ln56_24    | xor    | auto     | 0       |
|   xor_ln56_25_fu_1312_p2       |     |        | xor_ln56_25    | xor    | auto     | 0       |
|   xor_ln56_26_fu_1336_p2       |     |        | xor_ln56_26    | xor    | auto     | 0       |
|   xor_ln56_27_fu_1340_p2       |     |        | xor_ln56_27    | xor    | auto     | 0       |
|   or_ln57_29_fu_1349_p2        |     |        | or_ln57_29     | or     | auto     | 0       |
|   and_ln57_26_fu_1373_p2       |     |        | and_ln57_26    | and    | auto     | 0       |
|   and_ln57_27_fu_1385_p2       |     |        | and_ln57_27    | and    | auto     | 0       |
|   and_ln57_68_fu_1391_p2       |     |        | and_ln57_68    | and    | auto     | 0       |
|   or_ln57_31_fu_1397_p2        |     |        | or_ln57_31     | or     | auto     | 0       |
|   xor_ln56_28_fu_1430_p2       |     |        | xor_ln56_28    | xor    | auto     | 0       |
|   and_ln57_28_fu_1443_p2       |     |        | and_ln57_28    | and    | auto     | 0       |
|   xor_ln56_29_fu_1460_p2       |     |        | xor_ln56_29    | xor    | auto     | 0       |
|   xor_ln56_30_fu_1498_p2       |     |        | xor_ln56_30    | xor    | auto     | 0       |
|   xor_ln56_31_fu_1504_p2       |     |        | xor_ln56_31    | xor    | auto     | 0       |
|   xor_ln56_32_fu_1510_p2       |     |        | xor_ln56_32    | xor    | auto     | 0       |
|   or_ln57_35_fu_1520_p2        |     |        | or_ln57_35     | or     | auto     | 0       |
|   and_ln57_29_fu_1544_p2       |     |        | and_ln57_29    | and    | auto     | 0       |
|   and_ln57_30_fu_1558_p2       |     |        | and_ln57_30    | and    | auto     | 0       |
|   and_ln57_78_fu_1564_p2       |     |        | and_ln57_78    | and    | auto     | 0       |
|   or_ln57_37_fu_1570_p2        |     |        | or_ln57_37     | or     | auto     | 0       |
|   xor_ln56_33_fu_1596_p2       |     |        | xor_ln56_33    | xor    | auto     | 0       |
|   xor_ln56_34_fu_1600_p2       |     |        | xor_ln56_34    | xor    | auto     | 0       |
|   xor_ln56_35_fu_1604_p2       |     |        | xor_ln56_35    | xor    | auto     | 0       |
|   xor_ln56_36_fu_1614_p2       |     |        | xor_ln56_36    | xor    | auto     | 0       |
|   xor_ln56_37_fu_1624_p2       |     |        | xor_ln56_37    | xor    | auto     | 0       |
|   xor_ln56_38_fu_1630_p2       |     |        | xor_ln56_38    | xor    | auto     | 0       |
|   xor_ln56_39_fu_1636_p2       |     |        | xor_ln56_39    | xor    | auto     | 0       |
|   xor_ln56_40_fu_1646_p2       |     |        | xor_ln56_40    | xor    | auto     | 0       |
|   xor_ln56_41_fu_1652_p2       |     |        | xor_ln56_41    | xor    | auto     | 0       |
|   xor_ln56_42_fu_1658_p2       |     |        | xor_ln56_42    | xor    | auto     | 0       |
|   xor_ln56_43_fu_1664_p2       |     |        | xor_ln56_43    | xor    | auto     | 0       |
|   xor_ln56_44_fu_1674_p2       |     |        | xor_ln56_44    | xor    | auto     | 0       |
|   xor_ln56_45_fu_1683_p2       |     |        | xor_ln56_45    | xor    | auto     | 0       |
|   xor_ln56_46_fu_1689_p2       |     |        | xor_ln56_46    | xor    | auto     | 0       |
|   xor_ln56_47_fu_1695_p2       |     |        | xor_ln56_47    | xor    | auto     | 0       |
|   xor_ln56_48_fu_1701_p2       |     |        | xor_ln56_48    | xor    | auto     | 0       |
|   sOut_1_fu_1707_p2            |     |        | sOut_1         | xor    | auto     | 0       |
|   xor_ln57_12_fu_1717_p2       |     |        | xor_ln57_12    | xor    | auto     | 0       |
|   xor_ln57_13_fu_1723_p2       |     |        | xor_ln57_13    | xor    | auto     | 0       |
|   xor_ln57_14_fu_1741_p2       |     |        | xor_ln57_14    | xor    | auto     | 0       |
|   xor_ln57_1_fu_1747_p2        |     |        | xor_ln57_1     | xor    | auto     | 0       |
|   xor_ln57_15_fu_1753_p2       |     |        | xor_ln57_15    | xor    | auto     | 0       |
|   or_ln57_39_fu_1777_p2        |     |        | or_ln57_39     | or     | auto     | 0       |
|   and_ln57_31_fu_1801_p2       |     |        | and_ln57_31    | and    | auto     | 0       |
|   and_ln57_32_fu_1819_p2       |     |        | and_ln57_32    | and    | auto     | 0       |
|   and_ln57_91_fu_1825_p2       |     |        | and_ln57_91    | and    | auto     | 0       |
|   or_ln57_43_fu_1831_p2        |     |        | or_ln57_43     | or     | auto     | 0       |
|   xor_ln56_50_fu_2373_p2       |     |        | xor_ln56_50    | xor    | auto     | 0       |
|   xor_ln57_16_fu_2379_p2       |     |        | xor_ln57_16    | xor    | auto     | 0       |
|   or_ln57_46_fu_2385_p2        |     |        | or_ln57_46     | or     | auto     | 0       |
|   and_ln57_34_fu_2408_p2       |     |        | and_ln57_34    | and    | auto     | 0       |
|   and_ln57_35_fu_2425_p2       |     |        | and_ln57_35    | and    | auto     | 0       |
|   and_ln57_103_fu_2431_p2      |     |        | and_ln57_103   | and    | auto     | 0       |
|   or_ln57_48_fu_2437_p2        |     |        | or_ln57_48     | or     | auto     | 0       |
|   or_ln57_25_fu_2463_p2        |     |        | or_ln57_25     | or     | auto     | 0       |
|   and_ln57_36_fu_2467_p2       |     |        | and_ln57_36    | and    | auto     | 0       |
|   and_ln57_37_fu_2471_p2       |     |        | and_ln57_37    | and    | auto     | 0       |
|   or_ln57_26_fu_2476_p2        |     |        | or_ln57_26     | or     | auto     | 0       |
|   xor_ln56_51_fu_2490_p2       |     |        | xor_ln56_51    | xor    | auto     | 0       |
|   xor_ln56_52_fu_2496_p2       |     |        | xor_ln56_52    | xor    | auto     | 0       |
|   xor_ln56_53_fu_2501_p2       |     |        | xor_ln56_53    | xor    | auto     | 0       |
|   xor_ln56_54_fu_2507_p2       |     |        | xor_ln56_54    | xor    | auto     | 0       |
|   xor_ln56_55_fu_2531_p2       |     |        | xor_ln56_55    | xor    | auto     | 0       |
|   xor_ln56_56_fu_2535_p2       |     |        | xor_ln56_56    | xor    | auto     | 0       |
|   or_ln57_50_fu_2544_p2        |     |        | or_ln57_50     | or     | auto     | 0       |
|   and_ln57_38_fu_2568_p2       |     |        | and_ln57_38    | and    | auto     | 0       |
|   and_ln57_39_fu_2580_p2       |     |        | and_ln57_39    | and    | auto     | 0       |
|   and_ln57_113_fu_2586_p2      |     |        | and_ln57_113   | and    | auto     | 0       |
|   or_ln57_54_fu_2592_p2        |     |        | or_ln57_54     | or     | auto     | 0       |
|   xor_ln56_57_fu_2622_p2       |     |        | xor_ln56_57    | xor    | auto     | 0       |
|   xor_ln56_58_fu_2644_p2       |     |        | xor_ln56_58    | xor    | auto     | 0       |
|   xor_ln56_59_fu_2650_p2       |     |        | xor_ln56_59    | xor    | auto     | 0       |
|   or_ln57_56_fu_2660_p2        |     |        | or_ln57_56     | or     | auto     | 0       |
|   and_ln57_40_fu_2684_p2       |     |        | and_ln57_40    | and    | auto     | 0       |
|   and_ln57_41_fu_2698_p2       |     |        | and_ln57_41    | and    | auto     | 0       |
|   and_ln57_126_fu_2704_p2      |     |        | and_ln57_126   | and    | auto     | 0       |
|   or_ln57_58_fu_2710_p2        |     |        | or_ln57_58     | or     | auto     | 0       |
|   xor_ln56_60_fu_2736_p2       |     |        | xor_ln56_60    | xor    | auto     | 0       |
|   xor_ln56_61_fu_2742_p2       |     |        | xor_ln56_61    | xor    | auto     | 0       |
|   and_ln57_42_fu_2770_p2       |     |        | and_ln57_42    | and    | auto     | 0       |
|   xor_ln56_62_fu_2788_p2       |     |        | xor_ln56_62    | xor    | auto     | 0       |
|   xor_ln56_63_fu_2800_p2       |     |        | xor_ln56_63    | xor    | auto     | 0       |
|   xor_ln57_17_fu_2810_p2       |     |        | xor_ln57_17    | xor    | auto     | 0       |
|   or_ln57_62_fu_2822_p2        |     |        | or_ln57_62     | or     | auto     | 0       |
|   and_ln57_44_fu_2843_p2       |     |        | and_ln57_44    | and    | auto     | 0       |
|   and_ln57_45_fu_2860_p2       |     |        | and_ln57_45    | and    | auto     | 0       |
|   and_ln57_127_fu_2866_p2      |     |        | and_ln57_127   | and    | auto     | 0       |
|   or_ln57_64_fu_2872_p2        |     |        | or_ln57_64     | or     | auto     | 0       |
|   or_ln57_33_fu_2896_p2        |     |        | or_ln57_33     | or     | auto     | 0       |
|   and_ln57_46_fu_2900_p2       |     |        | and_ln57_46    | and    | auto     | 0       |
|   and_ln57_47_fu_2904_p2       |     |        | and_ln57_47    | and    | auto     | 0       |
|   or_ln57_34_fu_2909_p2        |     |        | or_ln57_34     | or     | auto     | 0       |
|   xor_ln56_64_fu_2930_p2       |     |        | xor_ln56_64    | xor    | auto     | 0       |
|   xor_ln56_65_fu_2940_p2       |     |        | xor_ln56_65    | xor    | auto     | 0       |
|   xor_ln56_66_fu_2945_p2       |     |        | xor_ln56_66    | xor    | auto     | 0       |
|   xor_ln56_67_fu_2951_p2       |     |        | xor_ln56_67    | xor    | auto     | 0       |
|   xor_ln56_68_fu_2957_p2       |     |        | xor_ln56_68    | xor    | auto     | 0       |
|   xor_ln56_69_fu_2963_p2       |     |        | xor_ln56_69    | xor    | auto     | 0       |
|   xor_ln56_70_fu_2967_p2       |     |        | xor_ln56_70    | xor    | auto     | 0       |
|   or_ln57_66_fu_2976_p2        |     |        | or_ln57_66     | or     | auto     | 0       |
|   and_ln57_48_fu_3000_p2       |     |        | and_ln57_48    | and    | auto     | 0       |
|   and_ln57_49_fu_3012_p2       |     |        | and_ln57_49    | and    | auto     | 0       |
|   and_ln57_128_fu_3018_p2      |     |        | and_ln57_128   | and    | auto     | 0       |
|   or_ln57_70_fu_3024_p2        |     |        | or_ln57_70     | or     | auto     | 0       |
|   xor_ln56_71_fu_3054_p2       |     |        | xor_ln56_71    | xor    | auto     | 0       |
|   xor_ln56_72_fu_3060_p2       |     |        | xor_ln56_72    | xor    | auto     | 0       |
|   xor_ln56_73_fu_3074_p2       |     |        | xor_ln56_73    | xor    | auto     | 0       |
|   xor_ln56_74_fu_3080_p2       |     |        | xor_ln56_74    | xor    | auto     | 0       |
|   xor_ln56_75_fu_3090_p2       |     |        | xor_ln56_75    | xor    | auto     | 0       |
|   or_ln57_73_fu_3114_p2        |     |        | or_ln57_73     | or     | auto     | 0       |
|   and_ln57_50_fu_3136_p2       |     |        | and_ln57_50    | and    | auto     | 0       |
|   and_ln57_51_fu_3150_p2       |     |        | and_ln57_51    | and    | auto     | 0       |
|   and_ln57_129_fu_3156_p2      |     |        | and_ln57_129   | and    | auto     | 0       |
|   or_ln57_75_fu_3162_p2        |     |        | or_ln57_75     | or     | auto     | 0       |
|   xor_ln56_76_fu_3196_p2       |     |        | xor_ln56_76    | xor    | auto     | 0       |
|   xor_ln56_77_fu_3208_p2       |     |        | xor_ln56_77    | xor    | auto     | 0       |
|   xor_ln56_78_fu_3214_p2       |     |        | xor_ln56_78    | xor    | auto     | 0       |
|   and_ln57_52_fu_3220_p2       |     |        | and_ln57_52    | and    | auto     | 0       |
|   and_ln57_53_fu_4743_p2       |     |        | and_ln57_53    | and    | auto     | 0       |
|   xor_ln56_79_fu_4755_p2       |     |        | xor_ln56_79    | xor    | auto     | 0       |
|   and_ln57_54_fu_4769_p2       |     |        | and_ln57_54    | and    | auto     | 0       |
|   xor_ln56_80_fu_4783_p2       |     |        | xor_ln56_80    | xor    | auto     | 0       |
|   and_ln57_55_fu_4789_p2       |     |        | and_ln57_55    | and    | auto     | 0       |
|   mul_64ns_64ns_128_1_1_U11    | 16  |        | pp0_2          | mul    | auto     | 0       |
|   add_ln113_2_fu_1883_p2       |     |        | add_ln113_2    | add    | fabric   | 0       |
|   tiny1_1_fu_1895_p2           |     |        | tiny1_1        | add    | fabric   | 0       |
|   mul_64s_64s_64_1_1_U35       | 10  |        | u_i_2          | mul    | auto     | 0       |
|   mul_64ns_64ns_128_1_1_U18    | 16  |        | pm0_2          | mul    | auto     | 0       |
|   tiny2_2_fu_2076_p2           |     |        | tiny2_2        | add    | fabric   | 0       |
|   mul_64ns_64ns_128_1_1_U19    | 16  |        | pp_6           | mul    | auto     | 0       |
|   mul_64ns_64ns_128_1_1_U20    | 16  |        | pm_6           | mul    | auto     | 0       |
|   mul_64ns_64ns_128_1_1_U21    | 16  |        | pp_7           | mul    | auto     | 0       |
|   mul_64ns_64ns_128_1_1_U22    | 16  |        | pm_7           | mul    | auto     | 0       |
|   mul_64ns_64ns_128_1_1_U23    | 16  |        | pp_8           | mul    | auto     | 0       |
|   mul_64ns_64ns_128_1_1_U28    | 16  |        | pm_8           | mul    | auto     | 0       |
|   xor_ln56_81_fu_3282_p2       |     |        | xor_ln56_81    | xor    | auto     | 0       |
|   xor_ln57_18_fu_3288_p2       |     |        | xor_ln57_18    | xor    | auto     | 0       |
|   or_ln57_77_fu_3294_p2        |     |        | or_ln57_77     | or     | auto     | 0       |
|   and_ln57_57_fu_3317_p2       |     |        | and_ln57_57    | and    | auto     | 0       |
|   and_ln57_58_fu_3334_p2       |     |        | and_ln57_58    | and    | auto     | 0       |
|   and_ln57_130_fu_3340_p2      |     |        | and_ln57_130   | and    | auto     | 0       |
|   or_ln57_81_fu_3346_p2        |     |        | or_ln57_81     | or     | auto     | 0       |
|   or_ln57_41_fu_3372_p2        |     |        | or_ln57_41     | or     | auto     | 0       |
|   and_ln57_59_fu_3376_p2       |     |        | and_ln57_59    | and    | auto     | 0       |
|   and_ln57_60_fu_3380_p2       |     |        | and_ln57_60    | and    | auto     | 0       |
|   or_ln57_42_fu_3385_p2        |     |        | or_ln57_42     | or     | auto     | 0       |
|   xor_ln56_82_fu_3399_p2       |     |        | xor_ln56_82    | xor    | auto     | 0       |
|   xor_ln56_83_fu_3405_p2       |     |        | xor_ln56_83    | xor    | auto     | 0       |
|   xor_ln56_84_fu_3410_p2       |     |        | xor_ln56_84    | xor    | auto     | 0       |
|   xor_ln56_85_fu_3416_p2       |     |        | xor_ln56_85    | xor    | auto     | 0       |
|   xor_ln56_86_fu_3442_p2       |     |        | xor_ln56_86    | xor    | auto     | 0       |
|   xor_ln56_87_fu_3446_p2       |     |        | xor_ln56_87    | xor    | auto     | 0       |
|   or_ln57_83_fu_3455_p2        |     |        | or_ln57_83     | or     | auto     | 0       |
|   and_ln57_61_fu_3479_p2       |     |        | and_ln57_61    | and    | auto     | 0       |
|   and_ln57_62_fu_3491_p2       |     |        | and_ln57_62    | and    | auto     | 0       |
|   and_ln57_131_fu_3497_p2      |     |        | and_ln57_131   | and    | auto     | 0       |
|   or_ln57_85_fu_3503_p2        |     |        | or_ln57_85     | or     | auto     | 0       |
|   xor_ln56_88_fu_3533_p2       |     |        | xor_ln56_88    | xor    | auto     | 0       |
|   and_ln57_63_fu_3546_p2       |     |        | and_ln57_63    | and    | auto     | 0       |
|   xor_ln56_89_fu_3563_p2       |     |        | xor_ln56_89    | xor    | auto     | 0       |
|   xor_ln56_90_fu_3601_p2       |     |        | xor_ln56_90    | xor    | auto     | 0       |
|   xor_ln56_91_fu_3607_p2       |     |        | xor_ln56_91    | xor    | auto     | 0       |
|   xor_ln56_92_fu_3613_p2       |     |        | xor_ln56_92    | xor    | auto     | 0       |
|   or_ln57_89_fu_3623_p2        |     |        | or_ln57_89     | or     | auto     | 0       |
|   and_ln57_64_fu_3647_p2       |     |        | and_ln57_64    | and    | auto     | 0       |
|   and_ln57_65_fu_3661_p2       |     |        | and_ln57_65    | and    | auto     | 0       |
|   and_ln57_132_fu_3667_p2      |     |        | and_ln57_132   | and    | auto     | 0       |
|   or_ln57_91_fu_3673_p2        |     |        | or_ln57_91     | or     | auto     | 0       |
|   xor_ln56_93_fu_3702_p2       |     |        | xor_ln56_93    | xor    | auto     | 0       |
|   xor_ln56_94_fu_3712_p2       |     |        | xor_ln56_94    | xor    | auto     | 0       |
|   xor_ln56_95_fu_3718_p2       |     |        | xor_ln56_95    | xor    | auto     | 0       |
|   xor_ln56_96_fu_3724_p2       |     |        | xor_ln56_96    | xor    | auto     | 0       |
|   xor_ln56_97_fu_3734_p2       |     |        | xor_ln56_97    | xor    | auto     | 0       |
|   xor_ln56_98_fu_3740_p2       |     |        | xor_ln56_98    | xor    | auto     | 0       |
|   xor_ln56_99_fu_3750_p2       |     |        | xor_ln56_99    | xor    | auto     | 0       |
|   xor_ln56_100_fu_3756_p2      |     |        | xor_ln56_100   | xor    | auto     | 0       |
|   xor_ln56_101_fu_3766_p2      |     |        | xor_ln56_101   | xor    | auto     | 0       |
|   xor_ln56_102_fu_3772_p2      |     |        | xor_ln56_102   | xor    | auto     | 0       |
|   xor_ln56_103_fu_3778_p2      |     |        | xor_ln56_103   | xor    | auto     | 0       |
|   xor_ln56_104_fu_3784_p2      |     |        | xor_ln56_104   | xor    | auto     | 0       |
|   xor_ln56_105_fu_3794_p2      |     |        | xor_ln56_105   | xor    | auto     | 0       |
|   xor_ln56_106_fu_3804_p2      |     |        | xor_ln56_106   | xor    | auto     | 0       |
|   xor_ln56_107_fu_3810_p2      |     |        | xor_ln56_107   | xor    | auto     | 0       |
|   xor_ln56_108_fu_3829_p2      |     |        | xor_ln56_108   | xor    | auto     | 0       |
|   xor_ln56_109_fu_3843_p2      |     |        | xor_ln56_109   | xor    | auto     | 0       |
|   xor_ln56_110_fu_3849_p2      |     |        | xor_ln56_110   | xor    | auto     | 0       |
|   xor_ln56_111_fu_3855_p2      |     |        | xor_ln56_111   | xor    | auto     | 0       |
|   xor_ln56_112_fu_3861_p2      |     |        | xor_ln56_112   | xor    | auto     | 0       |
|   sOut_2_fu_4710_p2            |     |        | sOut_2         | xor    | auto     | 0       |
|   xor_ln57_19_fu_3871_p2       |     |        | xor_ln57_19    | xor    | auto     | 0       |
|   xor_ln57_20_fu_3877_p2       |     |        | xor_ln57_20    | xor    | auto     | 0       |
|   xor_ln57_21_fu_3895_p2       |     |        | xor_ln57_21    | xor    | auto     | 0       |
|   xor_ln57_2_fu_3901_p2        |     |        | xor_ln57_2     | xor    | auto     | 0       |
|   xor_ln57_22_fu_3907_p2       |     |        | xor_ln57_22    | xor    | auto     | 0       |
|   or_ln57_92_fu_3933_p2        |     |        | or_ln57_92     | or     | auto     | 0       |
|   and_ln57_66_fu_3957_p2       |     |        | and_ln57_66    | and    | auto     | 0       |
|   and_ln57_67_fu_3975_p2       |     |        | and_ln57_67    | and    | auto     | 0       |
|   and_ln57_133_fu_3981_p2      |     |        | and_ln57_133   | and    | auto     | 0       |
|   or_ln57_93_fu_3987_p2        |     |        | or_ln57_93     | or     | auto     | 0       |
|   xor_ln56_114_fu_4020_p2      |     |        | xor_ln56_114   | xor    | auto     | 0       |
|   xor_ln56_115_fu_4038_p2      |     |        | xor_ln56_115   | xor    | auto     | 0       |
|   xor_ln57_23_fu_4048_p2       |     |        | xor_ln57_23    | xor    | auto     | 0       |
|   or_ln57_94_fu_4060_p2        |     |        | or_ln57_94     | or     | auto     | 0       |
|   and_ln57_69_fu_4083_p2       |     |        | and_ln57_69    | and    | auto     | 0       |
|   and_ln57_70_fu_4100_p2       |     |        | and_ln57_70    | and    | auto     | 0       |
|   and_ln57_134_fu_4106_p2      |     |        | and_ln57_134   | and    | auto     | 0       |
|   or_ln57_95_fu_4112_p2        |     |        | or_ln57_95     | or     | auto     | 0       |
|   or_ln57_52_fu_4138_p2        |     |        | or_ln57_52     | or     | auto     | 0       |
|   and_ln57_71_fu_4142_p2       |     |        | and_ln57_71    | and    | auto     | 0       |
|   and_ln57_72_fu_4146_p2       |     |        | and_ln57_72    | and    | auto     | 0       |
|   or_ln57_53_fu_4151_p2        |     |        | or_ln57_53     | or     | auto     | 0       |
|   xor_ln56_116_fu_4184_p2      |     |        | xor_ln56_116   | xor    | auto     | 0       |
|   xor_ln56_117_fu_4194_p2      |     |        | xor_ln56_117   | xor    | auto     | 0       |
|   xor_ln56_118_fu_4203_p2      |     |        | xor_ln56_118   | xor    | auto     | 0       |
|   xor_ln56_119_fu_4209_p2      |     |        | xor_ln56_119   | xor    | auto     | 0       |
|   xor_ln56_120_fu_4215_p2      |     |        | xor_ln56_120   | xor    | auto     | 0       |
|   xor_ln56_121_fu_4221_p2      |     |        | xor_ln56_121   | xor    | auto     | 0       |
|   xor_ln56_122_fu_4225_p2      |     |        | xor_ln56_122   | xor    | auto     | 0       |
|   or_ln57_96_fu_4234_p2        |     |        | or_ln57_96     | or     | auto     | 0       |
|   and_ln57_73_fu_4258_p2       |     |        | and_ln57_73    | and    | auto     | 0       |
|   and_ln57_74_fu_4270_p2       |     |        | and_ln57_74    | and    | auto     | 0       |
|   and_ln57_135_fu_4276_p2      |     |        | and_ln57_135   | and    | auto     | 0       |
|   or_ln57_97_fu_4282_p2        |     |        | or_ln57_97     | or     | auto     | 0       |
|   xor_ln56_123_fu_4312_p2      |     |        | xor_ln56_123   | xor    | auto     | 0       |
|   xor_ln56_124_fu_4318_p2      |     |        | xor_ln56_124   | xor    | auto     | 0       |
|   xor_ln56_125_fu_4332_p2      |     |        | xor_ln56_125   | xor    | auto     | 0       |
|   xor_ln56_126_fu_4338_p2      |     |        | xor_ln56_126   | xor    | auto     | 0       |
|   xor_ln56_127_fu_4348_p2      |     |        | xor_ln56_127   | xor    | auto     | 0       |
|   or_ln57_98_fu_4374_p2        |     |        | or_ln57_98     | or     | auto     | 0       |
|   and_ln57_75_fu_4398_p2       |     |        | and_ln57_75    | and    | auto     | 0       |
|   and_ln57_76_fu_4412_p2       |     |        | and_ln57_76    | and    | auto     | 0       |
|   and_ln57_136_fu_4418_p2      |     |        | and_ln57_136   | and    | auto     | 0       |
|   or_ln57_99_fu_4424_p2        |     |        | or_ln57_99     | or     | auto     | 0       |
|   xor_ln56_128_fu_4450_p2      |     |        | xor_ln56_128   | xor    | auto     | 0       |
|   xor_ln56_129_fu_4462_p2      |     |        | xor_ln56_129   | xor    | auto     | 0       |
|   xor_ln56_130_fu_4468_p2      |     |        | xor_ln56_130   | xor    | auto     | 0       |
|   and_ln57_77_fu_4823_p2       |     |        | and_ln57_77    | and    | auto     | 0       |
|   xor_ln56_131_fu_4839_p2      |     |        | xor_ln56_131   | xor    | auto     | 0       |
|   xor_ln56_132_fu_4851_p2      |     |        | xor_ln56_132   | xor    | auto     | 0       |
|   xor_ln57_24_fu_4861_p2       |     |        | xor_ln57_24    | xor    | auto     | 0       |
|   or_ln57_100_fu_4873_p2       |     |        | or_ln57_100    | or     | auto     | 0       |
|   and_ln57_79_fu_4894_p2       |     |        | and_ln57_79    | and    | auto     | 0       |
|   and_ln57_80_fu_4911_p2       |     |        | and_ln57_80    | and    | auto     | 0       |
|   and_ln57_137_fu_4917_p2      |     |        | and_ln57_137   | and    | auto     | 0       |
|   or_ln57_101_fu_4923_p2       |     |        | or_ln57_101    | or     | auto     | 0       |
|   or_ln57_60_fu_4947_p2        |     |        | or_ln57_60     | or     | auto     | 0       |
|   and_ln57_81_fu_4951_p2       |     |        | and_ln57_81    | and    | auto     | 0       |
|   and_ln57_82_fu_4955_p2       |     |        | and_ln57_82    | and    | auto     | 0       |
|   or_ln57_61_fu_4960_p2        |     |        | or_ln57_61     | or     | auto     | 0       |
|   xor_ln56_133_fu_4974_p2      |     |        | xor_ln56_133   | xor    | auto     | 0       |
|   xor_ln56_134_fu_4984_p2      |     |        | xor_ln56_134   | xor    | auto     | 0       |
|   xor_ln56_135_fu_4989_p2      |     |        | xor_ln56_135   | xor    | auto     | 0       |
|   xor_ln56_136_fu_4995_p2      |     |        | xor_ln56_136   | xor    | auto     | 0       |
|   xor_ln56_137_fu_5001_p2      |     |        | xor_ln56_137   | xor    | auto     | 0       |
|   xor_ln56_138_fu_5007_p2      |     |        | xor_ln56_138   | xor    | auto     | 0       |
|   xor_ln56_139_fu_5011_p2      |     |        | xor_ln56_139   | xor    | auto     | 0       |
|   or_ln57_102_fu_5020_p2       |     |        | or_ln57_102    | or     | auto     | 0       |
|   and_ln57_83_fu_5044_p2       |     |        | and_ln57_83    | and    | auto     | 0       |
|   and_ln57_84_fu_5056_p2       |     |        | and_ln57_84    | and    | auto     | 0       |
|   and_ln57_138_fu_5062_p2      |     |        | and_ln57_138   | and    | auto     | 0       |
|   or_ln57_103_fu_5068_p2       |     |        | or_ln57_103    | or     | auto     | 0       |
|   xor_ln56_140_fu_5098_p2      |     |        | xor_ln56_140   | xor    | auto     | 0       |
|   xor_ln56_141_fu_5104_p2      |     |        | xor_ln56_141   | xor    | auto     | 0       |
|   xor_ln56_142_fu_5118_p2      |     |        | xor_ln56_142   | xor    | auto     | 0       |
|   xor_ln56_143_fu_5124_p2      |     |        | xor_ln56_143   | xor    | auto     | 0       |
|   xor_ln56_144_fu_5134_p2      |     |        | xor_ln56_144   | xor    | auto     | 0       |
|   or_ln57_104_fu_5162_p2       |     |        | or_ln57_104    | or     | auto     | 0       |
|   and_ln57_85_fu_5184_p2       |     |        | and_ln57_85    | and    | auto     | 0       |
|   and_ln57_86_fu_5198_p2       |     |        | and_ln57_86    | and    | auto     | 0       |
|   and_ln57_139_fu_5204_p2      |     |        | and_ln57_139   | and    | auto     | 0       |
|   or_ln57_105_fu_5210_p2       |     |        | or_ln57_105    | or     | auto     | 0       |
|   xor_ln56_145_fu_5244_p2      |     |        | xor_ln56_145   | xor    | auto     | 0       |
|   xor_ln56_146_fu_5256_p2      |     |        | xor_ln56_146   | xor    | auto     | 0       |
|   xor_ln56_147_fu_5262_p2      |     |        | xor_ln56_147   | xor    | auto     | 0       |
|   and_ln57_87_fu_5268_p2       |     |        | and_ln57_87    | and    | auto     | 0       |
|   and_ln57_88_fu_6118_p2       |     |        | and_ln57_88    | and    | auto     | 0       |
|   xor_ln56_148_fu_6130_p2      |     |        | xor_ln56_148   | xor    | auto     | 0       |
|   and_ln57_89_fu_6144_p2       |     |        | and_ln57_89    | and    | auto     | 0       |
|   xor_ln56_149_fu_6162_p2      |     |        | xor_ln56_149   | xor    | auto     | 0       |
|   and_ln57_90_fu_6168_p2       |     |        | and_ln57_90    | and    | auto     | 0       |
|   mul_64ns_64ns_128_1_1_U24    | 16  |        | pp0_3          | mul    | auto     | 0       |
|   add_ln113_4_fu_4499_p2       |     |        | add_ln113_4    | add    | fabric   | 0       |
|   tiny1_2_fu_4722_p2           |     |        | tiny1_2        | add    | fabric   | 0       |
|   mul_64s_64s_64_1_1_U36       | 10  |        | u_i_3          | mul    | auto     | 0       |
|   mul_64ns_64ns_128_1_1_U29    | 16  |        | pm0_3          | mul    | auto     | 0       |
|   tiny2_3_fu_5310_p2           |     |        | tiny2_3        | add    | fabric   | 0       |
|   mul_64ns_64ns_128_1_1_U25    | 16  |        | pp_9           | mul    | auto     | 0       |
|   mul_64ns_64ns_128_1_1_U30    | 16  |        | pm_9           | mul    | auto     | 0       |
|   mul_64ns_64ns_128_1_1_U26    | 16  |        | pp_10          | mul    | auto     | 0       |
|   mul_64ns_64ns_128_1_1_U31    | 16  |        | pm_10          | mul    | auto     | 0       |
|   mul_64ns_64ns_128_1_1_U27    | 16  |        | pp_11          | mul    | auto     | 0       |
|   mul_64ns_64ns_128_1_1_U32    | 16  |        | pm_11          | mul    | auto     | 0       |
|   xor_ln56_150_fu_4547_p2      |     |        | xor_ln56_150   | xor    | auto     | 0       |
|   xor_ln56_151_fu_5375_p2      |     |        | xor_ln56_151   | xor    | auto     | 0       |
|   xor_ln57_25_fu_4565_p2       |     |        | xor_ln57_25    | xor    | auto     | 0       |
|   or_ln57_106_fu_5390_p2       |     |        | or_ln57_106    | or     | auto     | 0       |
|   and_ln57_92_fu_5412_p2       |     |        | and_ln57_92    | and    | auto     | 0       |
|   and_ln57_93_fu_5428_p2       |     |        | and_ln57_93    | and    | auto     | 0       |
|   and_ln57_140_fu_5434_p2      |     |        | and_ln57_140   | and    | auto     | 0       |
|   or_ln57_107_fu_5440_p2       |     |        | or_ln57_107    | or     | auto     | 0       |
|   or_ln57_68_fu_5466_p2        |     |        | or_ln57_68     | or     | auto     | 0       |
|   and_ln57_94_fu_5472_p2       |     |        | and_ln57_94    | and    | auto     | 0       |
|   and_ln57_95_fu_5478_p2       |     |        | and_ln57_95    | and    | auto     | 0       |
|   or_ln57_69_fu_5483_p2        |     |        | or_ln57_69     | or     | auto     | 0       |
|   xor_ln56_152_fu_5504_p2      |     |        | xor_ln56_152   | xor    | auto     | 0       |
|   xor_ln56_153_fu_5514_p2      |     |        | xor_ln56_153   | xor    | auto     | 0       |
|   xor_ln56_154_fu_5523_p2      |     |        | xor_ln56_154   | xor    | auto     | 0       |
|   xor_ln56_155_fu_5529_p2      |     |        | xor_ln56_155   | xor    | auto     | 0       |
|   xor_ln56_156_fu_5535_p2      |     |        | xor_ln56_156   | xor    | auto     | 0       |
|   xor_ln56_157_fu_5541_p2      |     |        | xor_ln56_157   | xor    | auto     | 0       |
|   xor_ln56_158_fu_5546_p2      |     |        | xor_ln56_158   | xor    | auto     | 0       |
|   or_ln57_108_fu_5556_p2       |     |        | or_ln57_108    | or     | auto     | 0       |
|   and_ln57_96_fu_5580_p2       |     |        | and_ln57_96    | and    | auto     | 0       |
|   and_ln57_97_fu_5592_p2       |     |        | and_ln57_97    | and    | auto     | 0       |
|   and_ln57_141_fu_5598_p2      |     |        | and_ln57_141   | and    | auto     | 0       |
|   or_ln57_109_fu_5604_p2       |     |        | or_ln57_109    | or     | auto     | 0       |
|   xor_ln56_159_fu_6219_p2      |     |        | xor_ln56_159   | xor    | auto     | 0       |
|   and_ln57_98_fu_6231_p2       |     |        | and_ln57_98    | and    | auto     | 0       |
|   xor_ln56_160_fu_5628_p2      |     |        | xor_ln56_160   | xor    | auto     | 0       |
|   xor_ln56_161_fu_5634_p2      |     |        | xor_ln56_161   | xor    | auto     | 0       |
|   xor_ln56_162_fu_5648_p2      |     |        | xor_ln56_162   | xor    | auto     | 0       |
|   xor_ln56_163_fu_5654_p2      |     |        | xor_ln56_163   | xor    | auto     | 0       |
|   xor_ln56_164_fu_5660_p2      |     |        | xor_ln56_164   | xor    | auto     | 0       |
|   xor_ln56_165_fu_6256_p2      |     |        | xor_ln56_165   | xor    | auto     | 0       |
|   or_ln57_110_fu_6266_p2       |     |        | or_ln57_110    | or     | auto     | 0       |
|   and_ln57_99_fu_6278_p2       |     |        | and_ln57_99    | and    | auto     | 0       |
|   and_ln57_100_fu_6290_p2      |     |        | and_ln57_100   | and    | auto     | 0       |
|   and_ln57_142_fu_6296_p2      |     |        | and_ln57_142   | and    | auto     | 0       |
|   or_ln57_111_fu_6302_p2       |     |        | or_ln57_111    | or     | auto     | 0       |
|   xor_ln56_166_fu_4571_p2      |     |        | xor_ln56_166   | xor    | auto     | 0       |
|   xor_ln56_167_fu_4577_p2      |     |        | xor_ln56_167   | xor    | auto     | 0       |
|   xor_ln56_168_fu_4587_p2      |     |        | xor_ln56_168   | xor    | auto     | 0       |
|   xor_ln56_169_fu_4593_p2      |     |        | xor_ln56_169   | xor    | auto     | 0       |
|   xor_ln56_170_fu_4599_p2      |     |        | xor_ln56_170   | xor    | auto     | 0       |
|   xor_ln56_171_fu_4609_p2      |     |        | xor_ln56_171   | xor    | auto     | 0       |
|   xor_ln56_172_fu_4617_p2      |     |        | xor_ln56_172   | xor    | auto     | 0       |
|   xor_ln56_173_fu_4623_p2      |     |        | xor_ln56_173   | xor    | auto     | 0       |
|   xor_ln56_174_fu_4633_p2      |     |        | xor_ln56_174   | xor    | auto     | 0       |
|   xor_ln56_175_fu_4643_p2      |     |        | xor_ln56_175   | xor    | auto     | 0       |
|   xor_ln56_176_fu_4649_p2      |     |        | xor_ln56_176   | xor    | auto     | 0       |
|   xor_ln56_177_fu_4655_p2      |     |        | xor_ln56_177   | xor    | auto     | 0       |
|   xor_ln56_178_fu_4661_p2      |     |        | xor_ln56_178   | xor    | auto     | 0       |
|   xor_ln56_179_fu_4667_p2      |     |        | xor_ln56_179   | xor    | auto     | 0       |
|   xor_ln56_180_fu_4673_p2      |     |        | xor_ln56_180   | xor    | auto     | 0       |
|   xor_ln56_181_fu_4681_p2      |     |        | xor_ln56_181   | xor    | auto     | 0       |
|   xor_ln56_182_fu_4687_p2      |     |        | xor_ln56_182   | xor    | auto     | 0       |
|   xor_ln56_183_fu_5689_p2      |     |        | xor_ln56_183   | xor    | auto     | 0       |
|   xor_ln56_184_fu_5699_p2      |     |        | xor_ln56_184   | xor    | auto     | 0       |
|   xor_ln56_185_fu_5705_p2      |     |        | xor_ln56_185   | xor    | auto     | 0       |
|   xor_ln56_186_fu_5711_p2      |     |        | xor_ln56_186   | xor    | auto     | 0       |
|   xor_ln56_187_fu_6337_p2      |     |        | xor_ln56_187   | xor    | auto     | 0       |
|   xor_ln56_188_fu_6343_p2      |     |        | xor_ln56_188   | xor    | auto     | 0       |
|   xor_ln56_189_fu_6349_p2      |     |        | xor_ln56_189   | xor    | auto     | 0       |
|   xor_ln56_190_fu_6358_p2      |     |        | xor_ln56_190   | xor    | auto     | 0       |
|   xor_ln56_191_fu_6364_p2      |     |        | xor_ln56_191   | xor    | auto     | 0       |
|   xor_ln56_192_fu_6370_p2      |     |        | xor_ln56_192   | xor    | auto     | 0       |
|   xor_ln56_193_fu_6376_p2      |     |        | xor_ln56_193   | xor    | auto     | 0       |
|   xor_ln56_194_fu_6382_p2      |     |        | xor_ln56_194   | xor    | auto     | 0       |
|   sOut_3_fu_6388_p2            |     |        | sOut_3         | xor    | auto     | 0       |
|   xor_ln57_26_fu_6398_p2       |     |        | xor_ln57_26    | xor    | auto     | 0       |
|   xor_ln57_3_fu_6418_p2        |     |        | xor_ln57_3     | xor    | auto     | 0       |
|   xor_ln57_27_fu_6424_p2       |     |        | xor_ln57_27    | xor    | auto     | 0       |
|   or_ln57_112_fu_6430_p2       |     |        | or_ln57_112    | or     | auto     | 0       |
|   and_ln57_101_fu_6454_p2      |     |        | and_ln57_101   | and    | auto     | 0       |
|   and_ln57_102_fu_6472_p2      |     |        | and_ln57_102   | and    | auto     | 0       |
|   and_ln57_143_fu_6478_p2      |     |        | and_ln57_143   | and    | auto     | 0       |
|   or_ln57_113_fu_6484_p2       |     |        | or_ln57_113    | or     | auto     | 0       |
|   xor_ln56_197_fu_5721_p2      |     |        | xor_ln56_197   | xor    | auto     | 0       |
|   xor_ln56_195_fu_5739_p2      |     |        | xor_ln56_195   | xor    | auto     | 0       |
|   xor_ln57_28_fu_5749_p2       |     |        | xor_ln57_28    | xor    | auto     | 0       |
|   or_ln57_114_fu_5761_p2       |     |        | or_ln57_114    | or     | auto     | 0       |
|   and_ln57_104_fu_5784_p2      |     |        | and_ln57_104   | and    | auto     | 0       |
|   and_ln57_105_fu_5801_p2      |     |        | and_ln57_105   | and    | auto     | 0       |
|   and_ln57_144_fu_5807_p2      |     |        | and_ln57_144   | and    | auto     | 0       |
|   or_ln57_115_fu_5813_p2       |     |        | or_ln57_115    | or     | auto     | 0       |
|   or_ln57_79_fu_6514_p2        |     |        | or_ln57_79     | or     | auto     | 0       |
|   and_ln57_106_fu_6518_p2      |     |        | and_ln57_106   | and    | auto     | 0       |
|   and_ln57_107_fu_6522_p2      |     |        | and_ln57_107   | and    | auto     | 0       |
|   or_ln57_80_fu_6527_p2        |     |        | or_ln57_80     | or     | auto     | 0       |
|   xor_ln56_198_fu_5854_p2      |     |        | xor_ln56_198   | xor    | auto     | 0       |
|   xor_ln56_199_fu_5864_p2      |     |        | xor_ln56_199   | xor    | auto     | 0       |
|   xor_ln56_201_fu_5873_p2      |     |        | xor_ln56_201   | xor    | auto     | 0       |
|   xor_ln56_200_fu_5879_p2      |     |        | xor_ln56_200   | xor    | auto     | 0       |
|   xor_ln56_202_fu_5885_p2      |     |        | xor_ln56_202   | xor    | auto     | 0       |
|   xor_ln57_29_fu_5891_p2       |     |        | xor_ln57_29    | xor    | auto     | 0       |
|   xor_ln57_4_fu_5896_p2        |     |        | xor_ln57_4     | xor    | auto     | 0       |
|   or_ln57_116_fu_5906_p2       |     |        | or_ln57_116    | or     | auto     | 0       |
|   and_ln57_108_fu_5930_p2      |     |        | and_ln57_108   | and    | auto     | 0       |
|   and_ln57_109_fu_5942_p2      |     |        | and_ln57_109   | and    | auto     | 0       |
|   and_ln57_145_fu_5948_p2      |     |        | and_ln57_145   | and    | auto     | 0       |
|   or_ln57_117_fu_5954_p2       |     |        | or_ln57_117    | or     | auto     | 0       |
|   xor_ln56_204_fu_5974_p2      |     |        | xor_ln56_204   | xor    | auto     | 0       |
|   xor_ln56_205_fu_5980_p2      |     |        | xor_ln56_205   | xor    | auto     | 0       |
|   xor_ln56_206_fu_5994_p2      |     |        | xor_ln56_206   | xor    | auto     | 0       |
|   xor_ln56_203_fu_6000_p2      |     |        | xor_ln56_203   | xor    | auto     | 0       |
|   xor_ln56_208_fu_6006_p2      |     |        | xor_ln56_208   | xor    | auto     | 0       |
|   or_ln57_118_fu_6564_p2       |     |        | or_ln57_118    | or     | auto     | 0       |
|   and_ln57_110_fu_6576_p2      |     |        | and_ln57_110   | and    | auto     | 0       |
|   and_ln57_111_fu_6588_p2      |     |        | and_ln57_111   | and    | auto     | 0       |
|   and_ln57_146_fu_6594_p2      |     |        | and_ln57_146   | and    | auto     | 0       |
|   or_ln57_119_fu_6600_p2       |     |        | or_ln57_119    | or     | auto     | 0       |
|   xor_ln56_209_fu_6032_p2      |     |        | xor_ln56_209   | xor    | auto     | 0       |
|   xor_ln56_210_fu_6038_p2      |     |        | xor_ln56_210   | xor    | auto     | 0       |
|   xor_ln56_211_fu_6044_p2      |     |        | xor_ln56_211   | xor    | auto     | 0       |
|   xor_ln56_213_fu_6050_p2      |     |        | xor_ln56_213   | xor    | auto     | 0       |
|   xor_ln56_214_fu_6056_p2      |     |        | xor_ln56_214   | xor    | auto     | 0       |
|   xor_ln56_216_fu_6062_p2      |     |        | xor_ln56_216   | xor    | auto     | 0       |
|   xor_ln56_217_fu_6068_p2      |     |        | xor_ln56_217   | xor    | auto     | 0       |
|   xor_ln56_218_fu_6078_p2      |     |        | xor_ln56_218   | xor    | auto     | 0       |
|   xor_ln56_219_fu_6629_p2      |     |        | xor_ln56_219   | xor    | auto     | 0       |
|   xor_ln56_220_fu_6084_p2      |     |        | xor_ln56_220   | xor    | auto     | 0       |
|   xor_ln56_221_fu_6094_p2      |     |        | xor_ln56_221   | xor    | auto     | 0       |
|   xor_ln56_222_fu_6100_p2      |     |        | xor_ln56_222   | xor    | auto     | 0       |
|   xor_ln56_223_fu_6106_p2      |     |        | xor_ln56_223   | xor    | auto     | 0       |
|   xor_ln56_224_fu_6641_p2      |     |        | xor_ln56_224   | xor    | auto     | 0       |
|   xor_ln56_225_fu_6645_p2      |     |        | xor_ln56_225   | xor    | auto     | 0       |
|   xor_ln56_226_fu_6654_p2      |     |        | xor_ln56_226   | xor    | auto     | 0       |
|   xor_ln56_227_fu_6660_p2      |     |        | xor_ln56_227   | xor    | auto     | 0       |
|   xor_ln56_228_fu_6666_p2      |     |        | xor_ln56_228   | xor    | auto     | 0       |
|   xor_ln56_229_fu_6672_p2      |     |        | xor_ln56_229   | xor    | auto     | 0       |
|   sOut_4_fu_6678_p2            |     |        | sOut_4         | xor    | auto     | 0       |
|   xor_ln57_30_fu_6688_p2       |     |        | xor_ln57_30    | xor    | auto     | 0       |
|   xor_ln57_5_fu_6694_p2        |     |        | xor_ln57_5     | xor    | auto     | 0       |
|   and_ln57_112_fu_6700_p2      |     |        | and_ln57_112   | and    | auto     | 0       |
|   xor_ln56_231_fu_6718_p2      |     |        | xor_ln56_231   | xor    | auto     | 0       |
|   xor_ln56_207_fu_6730_p2      |     |        | xor_ln56_207   | xor    | auto     | 0       |
|   xor_ln57_31_fu_6740_p2       |     |        | xor_ln57_31    | xor    | auto     | 0       |
|   or_ln57_120_fu_6752_p2       |     |        | or_ln57_120    | or     | auto     | 0       |
|   and_ln57_114_fu_6773_p2      |     |        | and_ln57_114   | and    | auto     | 0       |
|   and_ln57_115_fu_6790_p2      |     |        | and_ln57_115   | and    | auto     | 0       |
|   and_ln57_147_fu_6796_p2      |     |        | and_ln57_147   | and    | auto     | 0       |
|   or_ln57_121_fu_6802_p2       |     |        | or_ln57_121    | or     | auto     | 0       |
|   or_ln57_87_fu_6826_p2        |     |        | or_ln57_87     | or     | auto     | 0       |
|   and_ln57_116_fu_6830_p2      |     |        | and_ln57_116   | and    | auto     | 0       |
|   and_ln57_117_fu_6834_p2      |     |        | and_ln57_117   | and    | auto     | 0       |
|   or_ln57_88_fu_6839_p2        |     |        | or_ln57_88     | or     | auto     | 0       |
|   xor_ln56_232_fu_6856_p2      |     |        | xor_ln56_232   | xor    | auto     | 0       |
|   xor_ln56_233_fu_6866_p2      |     |        | xor_ln56_233   | xor    | auto     | 0       |
|   xor_ln56_234_fu_6871_p2      |     |        | xor_ln56_234   | xor    | auto     | 0       |
|   xor_ln56_212_fu_6877_p2      |     |        | xor_ln56_212   | xor    | auto     | 0       |
|   xor_ln56_235_fu_6883_p2      |     |        | xor_ln56_235   | xor    | auto     | 0       |
|   xor_ln57_32_fu_6889_p2       |     |        | xor_ln57_32    | xor    | auto     | 0       |
|   xor_ln57_6_fu_6893_p2        |     |        | xor_ln57_6     | xor    | auto     | 0       |
|   or_ln57_122_fu_6902_p2       |     |        | or_ln57_122    | or     | auto     | 0       |
|   and_ln57_118_fu_6926_p2      |     |        | and_ln57_118   | and    | auto     | 0       |
|   and_ln57_119_fu_6938_p2      |     |        | and_ln57_119   | and    | auto     | 0       |
|   and_ln57_148_fu_6944_p2      |     |        | and_ln57_148   | and    | auto     | 0       |
|   or_ln57_123_fu_6950_p2       |     |        | or_ln57_123    | or     | auto     | 0       |
|   xor_ln56_236_fu_6980_p2      |     |        | xor_ln56_236   | xor    | auto     | 0       |
|   xor_ln56_237_fu_6986_p2      |     |        | xor_ln56_237   | xor    | auto     | 0       |
|   xor_ln56_238_fu_7000_p2      |     |        | xor_ln56_238   | xor    | auto     | 0       |
|   xor_ln56_215_fu_7006_p2      |     |        | xor_ln56_215   | xor    | auto     | 0       |
|   xor_ln56_239_fu_7016_p2      |     |        | xor_ln56_239   | xor    | auto     | 0       |
|   or_ln57_124_fu_7044_p2       |     |        | or_ln57_124    | or     | auto     | 0       |
|   and_ln57_120_fu_7066_p2      |     |        | and_ln57_120   | and    | auto     | 0       |
|   and_ln57_121_fu_7080_p2      |     |        | and_ln57_121   | and    | auto     | 0       |
|   and_ln57_149_fu_7086_p2      |     |        | and_ln57_149   | and    | auto     | 0       |
|   or_ln57_125_fu_7092_p2       |     |        | or_ln57_125    | or     | auto     | 0       |
|   xor_ln56_240_fu_7116_p2      |     |        | xor_ln56_240   | xor    | auto     | 0       |
|   xor_ln56_241_fu_7122_p2      |     |        | xor_ln56_241   | xor    | auto     | 0       |
|   xor_ln56_242_fu_7132_p2      |     |        | xor_ln56_242   | xor    | auto     | 0       |
|   xor_ln56_243_fu_7138_p2      |     |        | xor_ln56_243   | xor    | auto     | 0       |
|   xor_ln56_244_fu_7148_p2      |     |        | xor_ln56_244   | xor    | auto     | 0       |
|   xor_ln56_245_fu_7158_p2      |     |        | xor_ln56_245   | xor    | auto     | 0       |
|   xor_ln56_246_fu_7168_p2      |     |        | xor_ln56_246   | xor    | auto     | 0       |
|   xor_ln56_247_fu_7174_p2      |     |        | xor_ln56_247   | xor    | auto     | 0       |
|   xor_ln56_248_fu_7180_p2      |     |        | xor_ln56_248   | xor    | auto     | 0       |
|   sOut_5_fu_7262_p2            |     |        | sOut_5         | xor    | auto     | 0       |
|   xor_ln57_33_fu_7186_p2       |     |        | xor_ln57_33    | xor    | auto     | 0       |
|   xor_ln57_7_fu_7192_p2        |     |        | xor_ln57_7     | xor    | auto     | 0       |
|   and_ln57_122_fu_7198_p2      |     |        | and_ln57_122   | and    | auto     | 0       |
|   and_ln57_123_fu_7289_p2      |     |        | and_ln57_123   | and    | auto     | 0       |
|   xor_ln57_8_fu_7301_p2        |     |        | xor_ln57_8     | xor    | auto     | 0       |
|   and_ln57_124_fu_7315_p2      |     |        | and_ln57_124   | and    | auto     | 0       |
|   xor_ln56_250_fu_7329_p2      |     |        | xor_ln56_250   | xor    | auto     | 0       |
|   sOut_6_fu_7335_p2            |     |        | sOut_6         | xor    | auto     | 0       |
|   xor_ln57_9_fu_7345_p2        |     |        | xor_ln57_9     | xor    | auto     | 0       |
|   and_ln57_125_fu_7351_p2      |     |        | and_ln57_125   | and    | auto     | 0       |
|   s_fu_7208_p2                 |     |        | s              | add    | fabric   | 0       |
|   add_ln193_fu_7232_p2         |     |        | add_ln193      | add    | fabric   | 0       |
|   add_ln194_fu_7242_p2         |     |        | add_ln194      | add    | fabric   | 0       |
|   s_1_fu_7384_p2               |     |        | s_1            | add    | fabric   | 0       |
|   add_ln193_2_fu_7404_p2       |     |        | add_ln193_2    | add    | fabric   | 0       |
|   add_ln194_1_fu_7418_p2       |     |        | add_ln194_1    | add    | fabric   | 0       |
|   s_2_fu_7424_p2               |     |        | s_2            | add    | fabric   | 0       |
|   add_ln193_4_fu_7444_p2       |     |        | add_ln193_4    | add    | fabric   | 0       |
|   add_ln194_2_fu_7458_p2       |     |        | add_ln194_2    | add    | fabric   | 0       |
|   s_3_fu_7464_p2               |     |        | s_3            | add    | fabric   | 0       |
|   d_fu_7495_p2                 |     |        | d              | sub    | fabric   | 0       |
|   icmp_ln213_fu_7598_p2        |     |        | icmp_ln213     | seteq  | auto     | 0       |
|   keep_t_fu_7611_p2            |     |        | keep_t         | and    | auto     | 0       |
|   c_0                          |     |        | select_ln216   | select | auto_sel | 0       |
|   c_1                          |     |        | select_ln216_1 | select | auto_sel | 0       |
|   c_2                          |     |        | select_ln216_2 | select | auto_sel | 0       |
|   c_3                          |     |        | select_ln216_3 | select | auto_sel | 0       |
+--------------------------------+-----+--------+----------------+--------+----------+---------+


================================================================
== Storage Report
================================================================
  No bind storage info in design

================================================================
== Pragma Report
================================================================
* Valid Pragma Syntax
+-----------------+----------------------------------+-----------------------------------------------------------------------------+
| Type            | Options                          | Location                                                                    |
+-----------------+----------------------------------+-----------------------------------------------------------------------------+
| inline          |                                  | ../../include/mont_ops_fios_csa_true_inl.hpp:55 in csa32                    |
| inline          |                                  | ../../include/mont_ops_fios_csa_true_inl.hpp:64 in csa_reduce8              |
| array_partition | variable=S complete dim=1        | ../../include/mont_ops_fios_csa_true_inl.hpp:92 in mul, S                   |
| array_partition | variable=Cy complete dim=1       | ../../include/mont_ops_fios_csa_true_inl.hpp:93 in mul, Cy                  |
| unroll          |                                  | ../../include/mont_ops_fios_csa_true_inl.hpp:95 in mul                      |
| loop_tripcount  | min=NWORDS max=NWORDS avg=NWORDS | ../../include/mont_ops_fios_csa_true_inl.hpp:101 in mul                     |
| unroll          |                                  | ../../include/mont_ops_fios_csa_true_inl.hpp:102 in mul                     |
| array_partition | variable=pp_lo complete dim=1    | ../../include/mont_ops_fios_csa_true_inl.hpp:129 in mul, pp_lo              |
| array_partition | variable=pp_hi complete dim=1    | ../../include/mont_ops_fios_csa_true_inl.hpp:130 in mul, pp_hi              |
| array_partition | variable=pm_lo complete dim=1    | ../../include/mont_ops_fios_csa_true_inl.hpp:131 in mul, pm_lo              |
| array_partition | variable=pm_hi complete dim=1    | ../../include/mont_ops_fios_csa_true_inl.hpp:132 in mul, pm_hi              |
| unroll          |                                  | ../../include/mont_ops_fios_csa_true_inl.hpp:136 in mul                     |
| array_partition | variable=newS complete dim=1     | ../../include/mont_ops_fios_csa_true_inl.hpp:150 in mul, newS               |
| array_partition | variable=newC complete dim=1     | ../../include/mont_ops_fios_csa_true_inl.hpp:151 in mul, newC               |
| unroll          |                                  | ../../include/mont_ops_fios_csa_true_inl.hpp:154 in mul                     |
| array_partition | variable=ops complete dim=1      | ../../include/mont_ops_fios_csa_true_inl.hpp:156 in mul, ops                |
| unroll          |                                  | ../../include/mont_ops_fios_csa_true_inl.hpp:172 in mul                     |
| unroll          |                                  | ../../include/mont_ops_fios_csa_true_inl.hpp:180 in mul                     |
| array_partition | variable=t complete dim=1        | ../../include/mont_ops_fios_csa_true_inl.hpp:188 in mul, t                  |
| unroll          |                                  | ../../include/mont_ops_fios_csa_true_inl.hpp:192 in mul                     |
| array_partition | variable=u complete dim=1        | ../../include/mont_ops_fios_csa_true_inl.hpp:203 in mul, u                  |
| unroll          |                                  | ../../include/mont_ops_fios_csa_true_inl.hpp:206 in mul                     |
| unroll          |                                  | ../../include/mont_ops_fios_csa_true_inl.hpp:215 in mul                     |
| pipeline        | II=1                             | ../mont_hls_fios_csa_true_pipe2.cpp:24 in mont_mul_fios_csa_true_pipe2      |
| array_partition | variable=a complete dim=1        | ../mont_hls_fios_csa_true_pipe2.cpp:25 in mont_mul_fios_csa_true_pipe2, a   |
| array_partition | variable=b complete dim=1        | ../mont_hls_fios_csa_true_pipe2.cpp:26 in mont_mul_fios_csa_true_pipe2, b   |
| array_partition | variable=c complete dim=1        | ../mont_hls_fios_csa_true_pipe2.cpp:27 in mont_mul_fios_csa_true_pipe2, c   |
| array_partition | variable=mod complete dim=1      | ../mont_hls_fios_csa_true_pipe2.cpp:28 in mont_mul_fios_csa_true_pipe2, mod |
+-----------------+----------------------------------+-----------------------------------------------------------------------------+


