

================================================================
== Vitis HLS Report for 'LADDER3PT_impl_250_s'
================================================================
* Date:           Mon Sep 14 16:33:24 2026

* Version:        2024.2.2 (Build 6049644 on Mar  5 2025)
* Project:        sikep503_hls_montcsa_shared
* Solution:       solution1 (Vivado IP Flow Target)
* Product family: virtexuplus58g
* Target device:  xcvu29p-fsga2577-2L-e


================================================================
== Performance Estimates
================================================================
+ Timing: 
    * Summary: 
    +--------+----------+----------+------------+
    |  Clock |  Target  | Estimated| Uncertainty|
    +--------+----------+----------+------------+
    |ap_clk  |  10.00 ns|  7.299 ns|     2.70 ns|
    +--------+----------+----------+------------+

+ Latency: 
    * Summary: 
    +---------+---------+----------+----------+--------+--------+---------+
    |  Latency (cycles) |  Latency (absolute) |     Interval    | Pipeline|
    |   min   |   max   |    min   |    max   |   min  |   max  |   Type  |
    +---------+---------+----------+----------+--------+--------+---------+
    |   948814|   948814|  9.488 ms|  9.488 ms|  948814|  948814|       no|
    +---------+---------+----------+----------+--------+--------+---------+

    + Detail: 
        * Instance: 
        N/A

        * Loop: 
        +--------------------+---------+---------+----------+-----------+-----------+------+----------+
        |                    |  Latency (cycles) | Iteration|  Initiation Interval  | Trip |          |
        |      Loop Name     |   min   |   max   |  Latency |  achieved |   target  | Count| Pipelined|
        +--------------------+---------+---------+----------+-----------+-----------+------+----------+
        |- VITIS_LOOP_371_1  |   948500|   948500|      3794|          -|          -|   250|        no|
        +--------------------+---------+---------+----------+-----------+-----------+------+----------+

============================================================
+ Verbose Summary: Synthesis Manager
============================================================
InlineROM: 1
ExposeGlobal: 0
============================================================
+ Verbose Summary: CDFG Model
============================================================
IsTopModel: 0
ResetActiveHigh: 1
IsCombinational: 0
IsDatapathOnly: 0
HasWiredReturn: 1
HasMFsm: 0
HasVarLatency: 1
IsPipeline: 0
IsRtlPipelined: 0
IsInstanceOverlapped: 0
IsDontTouch: 0
HasImplIP: 0
IsGatedGlobalClock: 0


============================================================
+ Verbose Summary: Schedule
============================================================
* Number of FSM states : 48
* Pipeline : 0
* Dataflow Pipeline: 0

* FSM state transitions: 
1 --> 2 
2 --> 3 
3 --> 4 
4 --> 5 
5 --> 6 
6 --> 7 
7 --> 8 
8 --> 9 
9 --> 10 
10 --> 11 
11 --> 12 
12 --> 13 
13 --> 14 
14 --> 15 
15 --> 16 
16 --> 17 
17 --> 18 
18 --> 19 
19 --> 20 
20 --> 21 
21 --> 22 
22 --> 23 
23 --> 24 
24 --> 25 
25 --> 26 
26 --> 27 
27 --> 28 
28 --> 29 
29 --> 30 
30 --> 31 
31 --> 32 
32 --> 33 
33 --> 34 
34 --> 35 
35 --> 36 
36 --> 37 
37 --> 38 
38 --> 39 
39 --> 40 
40 --> 41 
41 --> 42 
42 --> 43 
43 --> 44 
44 --> 45 
45 --> 46 
46 --> 47 
47 --> 48 
48 --> 17 

* FSM state operations: 

State 1 <SV = 0> <Delay = 0.71>
ST_1 : Operation 49 [1/1] (0.00ns)   --->   "%i_065 = alloca i32 1" [src_montcsa/ec_isogeny.cpp:351]   --->   Operation 49 'alloca' 'i_065' <Predicate = true> <Delay = 0.00>
ST_1 : Operation 50 [1/1] (0.00ns)   --->   "%t0 = alloca i64 1" [src_montcsa/ec_isogeny.cpp:258->src_montcsa/ec_isogeny.cpp:379]   --->   Operation 50 'alloca' 't0' <Predicate = true> <Delay = 0.00>
ST_1 : Operation 51 [1/1] (0.00ns)   --->   "%t1 = alloca i64 1" [src_montcsa/ec_isogeny.cpp:258->src_montcsa/ec_isogeny.cpp:379]   --->   Operation 51 'alloca' 't1' <Predicate = true> <Delay = 0.00>
ST_1 : Operation 52 [1/1] (0.00ns)   --->   "%t2 = alloca i64 1" [src_montcsa/ec_isogeny.cpp:258->src_montcsa/ec_isogeny.cpp:379]   --->   Operation 52 'alloca' 't2' <Predicate = true> <Delay = 0.00>
ST_1 : Operation 53 [1/1] (0.00ns)   --->   "%R0_X = alloca i64 1" [src_montcsa/ec_isogeny.cpp:348]   --->   Operation 53 'alloca' 'R0_X' <Predicate = true> <Delay = 0.00> <CoreInst = "RAM">   --->   Core 82 'RAM' <Latency = 1> <II = 1> <Delay = 0.71> <Storage> <Opcode : 'load' 'store'> <Ports = 2> <Width = 64> <Depth = 16> <RAM>
ST_1 : Operation 54 [1/1] (0.00ns)   --->   "%R0_X_addr = getelementptr i64 %R0_X, i64 0, i64 0"   --->   Operation 54 'getelementptr' 'R0_X_addr' <Predicate = true> <Delay = 0.00>
ST_1 : Operation 55 [1/1] (0.00ns)   --->   "%R0_X_addr_16 = getelementptr i64 %R0_X, i64 0, i64 1"   --->   Operation 55 'getelementptr' 'R0_X_addr_16' <Predicate = true> <Delay = 0.00>
ST_1 : Operation 56 [1/1] (0.00ns)   --->   "%R0_Z = alloca i64 1" [src_montcsa/ec_isogeny.cpp:348]   --->   Operation 56 'alloca' 'R0_Z' <Predicate = true> <Delay = 0.00> <CoreInst = "RAM">   --->   Core 82 'RAM' <Latency = 1> <II = 1> <Delay = 0.71> <Storage> <Opcode : 'load' 'store'> <Ports = 2> <Width = 64> <Depth = 16> <RAM>
ST_1 : Operation 57 [1/1] (0.00ns)   --->   "%R0_Z_addr_16 = getelementptr i64 %R0_Z, i64 0, i64 0"   --->   Operation 57 'getelementptr' 'R0_Z_addr_16' <Predicate = true> <Delay = 0.00>
ST_1 : Operation 58 [1/1] (0.00ns)   --->   "%R0_Z_addr = getelementptr i64 %R0_Z, i64 0, i64 1"   --->   Operation 58 'getelementptr' 'R0_Z_addr' <Predicate = true> <Delay = 0.00>
ST_1 : Operation 59 [1/1] (0.00ns)   --->   "%R2_X = alloca i64 1" [src_montcsa/ec_isogeny.cpp:348]   --->   Operation 59 'alloca' 'R2_X' <Predicate = true> <Delay = 0.00> <CoreInst = "RAM">   --->   Core 82 'RAM' <Latency = 1> <II = 1> <Delay = 0.71> <Storage> <Opcode : 'load' 'store'> <Ports = 2> <Width = 64> <Depth = 8> <RAM>
ST_1 : Operation 60 [1/1] (0.00ns)   --->   "%R2_X_addr = getelementptr i64 %R2_X, i64 0, i64 0"   --->   Operation 60 'getelementptr' 'R2_X_addr' <Predicate = true> <Delay = 0.00>
ST_1 : Operation 61 [1/1] (0.00ns)   --->   "%R2_X_addr_8 = getelementptr i64 %R2_X, i64 0, i64 1"   --->   Operation 61 'getelementptr' 'R2_X_addr_8' <Predicate = true> <Delay = 0.00>
ST_1 : Operation 62 [1/1] (0.00ns)   --->   "%R2_X_4 = alloca i64 1" [src_montcsa/ec_isogeny.cpp:348]   --->   Operation 62 'alloca' 'R2_X_4' <Predicate = true> <Delay = 0.00> <CoreInst = "RAM">   --->   Core 82 'RAM' <Latency = 1> <II = 1> <Delay = 0.71> <Storage> <Opcode : 'load' 'store'> <Ports = 2> <Width = 64> <Depth = 8> <RAM>
ST_1 : Operation 63 [1/1] (0.00ns)   --->   "%R2_X_4_addr = getelementptr i64 %R2_X_4, i64 0, i64 0"   --->   Operation 63 'getelementptr' 'R2_X_4_addr' <Predicate = true> <Delay = 0.00>
ST_1 : Operation 64 [1/1] (0.00ns)   --->   "%R2_X_4_addr_1 = getelementptr i64 %R2_X_4, i64 0, i64 1"   --->   Operation 64 'getelementptr' 'R2_X_4_addr_1' <Predicate = true> <Delay = 0.00>
ST_1 : Operation 65 [1/1] (0.00ns)   --->   "%R2_Z = alloca i64 1" [src_montcsa/ec_isogeny.cpp:348]   --->   Operation 65 'alloca' 'R2_Z' <Predicate = true> <Delay = 0.00> <CoreInst = "RAM">   --->   Core 82 'RAM' <Latency = 1> <II = 1> <Delay = 0.71> <Storage> <Opcode : 'load' 'store'> <Ports = 2> <Width = 64> <Depth = 8> <RAM>
ST_1 : Operation 66 [1/1] (0.00ns)   --->   "%R2_Z_addr = getelementptr i64 %R2_Z, i64 0, i64 0"   --->   Operation 66 'getelementptr' 'R2_Z_addr' <Predicate = true> <Delay = 0.00>
ST_1 : Operation 67 [1/1] (0.00ns)   --->   "%R2_Z_addr_8 = getelementptr i64 %R2_Z, i64 0, i64 1"   --->   Operation 67 'getelementptr' 'R2_Z_addr_8' <Predicate = true> <Delay = 0.00>
ST_1 : Operation 68 [1/1] (0.00ns)   --->   "%R2_Z_4 = alloca i64 1" [src_montcsa/ec_isogeny.cpp:348]   --->   Operation 68 'alloca' 'R2_Z_4' <Predicate = true> <Delay = 0.00> <CoreInst = "RAM">   --->   Core 82 'RAM' <Latency = 1> <II = 1> <Delay = 0.71> <Storage> <Opcode : 'load' 'store'> <Ports = 2> <Width = 64> <Depth = 8> <RAM>
ST_1 : Operation 69 [1/1] (0.00ns)   --->   "%A24 = alloca i64 1" [src_montcsa/ec_isogeny.cpp:349]   --->   Operation 69 'alloca' 'A24' <Predicate = true> <Delay = 0.00>
ST_1 : Operation 70 [1/1] (0.00ns)   --->   "%A24_2 = alloca i64 1" [src_montcsa/ec_isogeny.cpp:349]   --->   Operation 70 'alloca' 'A24_2' <Predicate = true> <Delay = 0.00>
ST_1 : Operation 71 [1/1] ( I:0.71ns O:0.71ns )   --->   "%store_ln0 = store i64 0, i4 %R0_X_addr"   --->   Operation 71 'store' 'store_ln0' <Predicate = true> <Delay = 0.71> <CoreInst = "RAM">   --->   Core 82 'RAM' <Latency = 1> <II = 1> <Delay = 0.71> <Storage> <Opcode : 'load' 'store'> <Ports = 2> <Width = 64> <Depth = 16> <RAM>
ST_1 : Operation 72 [1/1] ( I:0.71ns O:0.71ns )   --->   "%store_ln0 = store i64 0, i4 %R0_X_addr_16"   --->   Operation 72 'store' 'store_ln0' <Predicate = true> <Delay = 0.71> <CoreInst = "RAM">   --->   Core 82 'RAM' <Latency = 1> <II = 1> <Delay = 0.71> <Storage> <Opcode : 'load' 'store'> <Ports = 2> <Width = 64> <Depth = 16> <RAM>
ST_1 : Operation 73 [1/1] ( I:0.71ns O:0.71ns )   --->   "%store_ln0 = store i64 0, i4 %R0_Z_addr_16"   --->   Operation 73 'store' 'store_ln0' <Predicate = true> <Delay = 0.71> <CoreInst = "RAM">   --->   Core 82 'RAM' <Latency = 1> <II = 1> <Delay = 0.71> <Storage> <Opcode : 'load' 'store'> <Ports = 2> <Width = 64> <Depth = 16> <RAM>
ST_1 : Operation 74 [1/1] ( I:0.71ns O:0.71ns )   --->   "%store_ln0 = store i64 0, i4 %R0_Z_addr"   --->   Operation 74 'store' 'store_ln0' <Predicate = true> <Delay = 0.71> <CoreInst = "RAM">   --->   Core 82 'RAM' <Latency = 1> <II = 1> <Delay = 0.71> <Storage> <Opcode : 'load' 'store'> <Ports = 2> <Width = 64> <Depth = 16> <RAM>
ST_1 : Operation 75 [1/1] ( I:0.71ns O:0.71ns )   --->   "%store_ln0 = store i64 0, i3 %R2_X_addr"   --->   Operation 75 'store' 'store_ln0' <Predicate = true> <Delay = 0.71> <CoreInst = "RAM">   --->   Core 82 'RAM' <Latency = 1> <II = 1> <Delay = 0.71> <Storage> <Opcode : 'load' 'store'> <Ports = 2> <Width = 64> <Depth = 8> <RAM>
ST_1 : Operation 76 [1/1] ( I:0.71ns O:0.71ns )   --->   "%store_ln0 = store i64 0, i3 %R2_X_addr_8"   --->   Operation 76 'store' 'store_ln0' <Predicate = true> <Delay = 0.71> <CoreInst = "RAM">   --->   Core 82 'RAM' <Latency = 1> <II = 1> <Delay = 0.71> <Storage> <Opcode : 'load' 'store'> <Ports = 2> <Width = 64> <Depth = 8> <RAM>
ST_1 : Operation 77 [1/1] ( I:0.71ns O:0.71ns )   --->   "%store_ln0 = store i64 0, i3 %R2_X_4_addr"   --->   Operation 77 'store' 'store_ln0' <Predicate = true> <Delay = 0.71> <CoreInst = "RAM">   --->   Core 82 'RAM' <Latency = 1> <II = 1> <Delay = 0.71> <Storage> <Opcode : 'load' 'store'> <Ports = 2> <Width = 64> <Depth = 8> <RAM>
ST_1 : Operation 78 [1/1] ( I:0.71ns O:0.71ns )   --->   "%store_ln0 = store i64 0, i3 %R2_X_4_addr_1"   --->   Operation 78 'store' 'store_ln0' <Predicate = true> <Delay = 0.71> <CoreInst = "RAM">   --->   Core 82 'RAM' <Latency = 1> <II = 1> <Delay = 0.71> <Storage> <Opcode : 'load' 'store'> <Ports = 2> <Width = 64> <Depth = 8> <RAM>
ST_1 : Operation 79 [1/1] ( I:0.71ns O:0.71ns )   --->   "%store_ln0 = store i64 0, i3 %R2_Z_addr"   --->   Operation 79 'store' 'store_ln0' <Predicate = true> <Delay = 0.71> <CoreInst = "RAM">   --->   Core 82 'RAM' <Latency = 1> <II = 1> <Delay = 0.71> <Storage> <Opcode : 'load' 'store'> <Ports = 2> <Width = 64> <Depth = 8> <RAM>
ST_1 : Operation 80 [1/1] ( I:0.71ns O:0.71ns )   --->   "%store_ln0 = store i64 0, i3 %R2_Z_addr_8"   --->   Operation 80 'store' 'store_ln0' <Predicate = true> <Delay = 0.71> <CoreInst = "RAM">   --->   Core 82 'RAM' <Latency = 1> <II = 1> <Delay = 0.71> <Storage> <Opcode : 'load' 'store'> <Ports = 2> <Width = 64> <Depth = 8> <RAM>
ST_1 : Operation 81 [2/2] (0.00ns)   --->   "%call_ln0 = call void @LADDER3PT_impl<250>_Pipeline_1, i64 %A24_2, i64 %A24"   --->   Operation 81 'call' 'call_ln0' <Predicate = true> <Delay = 0.00> <CoreType = "Generic">   --->   Generic Core
ST_1 : Operation 82 [2/2] (0.00ns)   --->   "%call_ln0 = call void @LADDER3PT_impl<250>_Pipeline_VITIS_LOOP_17_1258, i64 %R_X, i64 %XPA_0"   --->   Operation 82 'call' 'call_ln0' <Predicate = true> <Delay = 0.00> <CoreType = "Generic">   --->   Generic Core
ST_1 : Operation 83 [1/1] (0.38ns)   --->   "%store_ln351 = store i8 0, i8 %i_065" [src_montcsa/ec_isogeny.cpp:351]   --->   Operation 83 'store' 'store_ln351' <Predicate = true> <Delay = 0.38>

State 2 <SV = 1> <Delay = 1.48>
ST_2 : Operation 84 [1/1] (0.00ns)   --->   "%R0_X_addr_17 = getelementptr i64 %R0_X, i64 0, i64 2"   --->   Operation 84 'getelementptr' 'R0_X_addr_17' <Predicate = true> <Delay = 0.00>
ST_2 : Operation 85 [1/1] (0.00ns)   --->   "%R0_X_addr_18 = getelementptr i64 %R0_X, i64 0, i64 3"   --->   Operation 85 'getelementptr' 'R0_X_addr_18' <Predicate = true> <Delay = 0.00>
ST_2 : Operation 86 [1/1] (0.00ns)   --->   "%R0_Z_addr_17 = getelementptr i64 %R0_Z, i64 0, i64 2"   --->   Operation 86 'getelementptr' 'R0_Z_addr_17' <Predicate = true> <Delay = 0.00>
ST_2 : Operation 87 [1/1] (0.00ns)   --->   "%R0_Z_addr_18 = getelementptr i64 %R0_Z, i64 0, i64 3"   --->   Operation 87 'getelementptr' 'R0_Z_addr_18' <Predicate = true> <Delay = 0.00>
ST_2 : Operation 88 [1/1] (0.00ns)   --->   "%R2_X_addr_9 = getelementptr i64 %R2_X, i64 0, i64 2"   --->   Operation 88 'getelementptr' 'R2_X_addr_9' <Predicate = true> <Delay = 0.00>
ST_2 : Operation 89 [1/1] (0.00ns)   --->   "%R2_X_addr_10 = getelementptr i64 %R2_X, i64 0, i64 3"   --->   Operation 89 'getelementptr' 'R2_X_addr_10' <Predicate = true> <Delay = 0.00>
ST_2 : Operation 90 [1/1] (0.00ns)   --->   "%R2_X_4_addr_2 = getelementptr i64 %R2_X_4, i64 0, i64 2"   --->   Operation 90 'getelementptr' 'R2_X_4_addr_2' <Predicate = true> <Delay = 0.00>
ST_2 : Operation 91 [1/1] (0.00ns)   --->   "%R2_X_4_addr_3 = getelementptr i64 %R2_X_4, i64 0, i64 3"   --->   Operation 91 'getelementptr' 'R2_X_4_addr_3' <Predicate = true> <Delay = 0.00>
ST_2 : Operation 92 [1/1] (0.00ns)   --->   "%R2_Z_addr_9 = getelementptr i64 %R2_Z, i64 0, i64 2"   --->   Operation 92 'getelementptr' 'R2_Z_addr_9' <Predicate = true> <Delay = 0.00>
ST_2 : Operation 93 [1/1] (0.00ns)   --->   "%R2_Z_addr_10 = getelementptr i64 %R2_Z, i64 0, i64 3"   --->   Operation 93 'getelementptr' 'R2_Z_addr_10' <Predicate = true> <Delay = 0.00>
ST_2 : Operation 94 [1/1] ( I:0.71ns O:0.71ns )   --->   "%store_ln0 = store i64 0, i4 %R0_X_addr_17"   --->   Operation 94 'store' 'store_ln0' <Predicate = true> <Delay = 0.71> <CoreInst = "RAM">   --->   Core 82 'RAM' <Latency = 1> <II = 1> <Delay = 0.71> <Storage> <Opcode : 'load' 'store'> <Ports = 2> <Width = 64> <Depth = 16> <RAM>
ST_2 : Operation 95 [1/1] ( I:0.71ns O:0.71ns )   --->   "%store_ln0 = store i64 0, i4 %R0_X_addr_18"   --->   Operation 95 'store' 'store_ln0' <Predicate = true> <Delay = 0.71> <CoreInst = "RAM">   --->   Core 82 'RAM' <Latency = 1> <II = 1> <Delay = 0.71> <Storage> <Opcode : 'load' 'store'> <Ports = 2> <Width = 64> <Depth = 16> <RAM>
ST_2 : Operation 96 [1/1] ( I:0.71ns O:0.71ns )   --->   "%store_ln0 = store i64 0, i4 %R0_Z_addr_17"   --->   Operation 96 'store' 'store_ln0' <Predicate = true> <Delay = 0.71> <CoreInst = "RAM">   --->   Core 82 'RAM' <Latency = 1> <II = 1> <Delay = 0.71> <Storage> <Opcode : 'load' 'store'> <Ports = 2> <Width = 64> <Depth = 16> <RAM>
ST_2 : Operation 97 [1/1] ( I:0.71ns O:0.71ns )   --->   "%store_ln0 = store i64 0, i4 %R0_Z_addr_18"   --->   Operation 97 'store' 'store_ln0' <Predicate = true> <Delay = 0.71> <CoreInst = "RAM">   --->   Core 82 'RAM' <Latency = 1> <II = 1> <Delay = 0.71> <Storage> <Opcode : 'load' 'store'> <Ports = 2> <Width = 64> <Depth = 16> <RAM>
ST_2 : Operation 98 [1/1] ( I:0.71ns O:0.71ns )   --->   "%store_ln0 = store i64 0, i3 %R2_X_addr_9"   --->   Operation 98 'store' 'store_ln0' <Predicate = true> <Delay = 0.71> <CoreInst = "RAM">   --->   Core 82 'RAM' <Latency = 1> <II = 1> <Delay = 0.71> <Storage> <Opcode : 'load' 'store'> <Ports = 2> <Width = 64> <Depth = 8> <RAM>
ST_2 : Operation 99 [1/1] ( I:0.71ns O:0.71ns )   --->   "%store_ln0 = store i64 0, i3 %R2_X_addr_10"   --->   Operation 99 'store' 'store_ln0' <Predicate = true> <Delay = 0.71> <CoreInst = "RAM">   --->   Core 82 'RAM' <Latency = 1> <II = 1> <Delay = 0.71> <Storage> <Opcode : 'load' 'store'> <Ports = 2> <Width = 64> <Depth = 8> <RAM>
ST_2 : Operation 100 [1/1] ( I:0.71ns O:0.71ns )   --->   "%store_ln0 = store i64 0, i3 %R2_X_4_addr_2"   --->   Operation 100 'store' 'store_ln0' <Predicate = true> <Delay = 0.71> <CoreInst = "RAM">   --->   Core 82 'RAM' <Latency = 1> <II = 1> <Delay = 0.71> <Storage> <Opcode : 'load' 'store'> <Ports = 2> <Width = 64> <Depth = 8> <RAM>
ST_2 : Operation 101 [1/1] ( I:0.71ns O:0.71ns )   --->   "%store_ln0 = store i64 0, i3 %R2_X_4_addr_3"   --->   Operation 101 'store' 'store_ln0' <Predicate = true> <Delay = 0.71> <CoreInst = "RAM">   --->   Core 82 'RAM' <Latency = 1> <II = 1> <Delay = 0.71> <Storage> <Opcode : 'load' 'store'> <Ports = 2> <Width = 64> <Depth = 8> <RAM>
ST_2 : Operation 102 [1/1] ( I:0.71ns O:0.71ns )   --->   "%store_ln0 = store i64 0, i3 %R2_Z_addr_9"   --->   Operation 102 'store' 'store_ln0' <Predicate = true> <Delay = 0.71> <CoreInst = "RAM">   --->   Core 82 'RAM' <Latency = 1> <II = 1> <Delay = 0.71> <Storage> <Opcode : 'load' 'store'> <Ports = 2> <Width = 64> <Depth = 8> <RAM>
ST_2 : Operation 103 [1/1] ( I:0.71ns O:0.71ns )   --->   "%store_ln0 = store i64 0, i3 %R2_Z_addr_10"   --->   Operation 103 'store' 'store_ln0' <Predicate = true> <Delay = 0.71> <CoreInst = "RAM">   --->   Core 82 'RAM' <Latency = 1> <II = 1> <Delay = 0.71> <Storage> <Opcode : 'load' 'store'> <Ports = 2> <Width = 64> <Depth = 8> <RAM>
ST_2 : Operation 104 [1/2] (1.48ns)   --->   "%call_ln0 = call void @LADDER3PT_impl<250>_Pipeline_1, i64 %A24_2, i64 %A24"   --->   Operation 104 'call' 'call_ln0' <Predicate = true> <Delay = 1.48> <CoreType = "Generic">   --->   Generic Core
ST_2 : Operation 105 [1/2] (1.48ns)   --->   "%call_ln0 = call void @LADDER3PT_impl<250>_Pipeline_VITIS_LOOP_17_1258, i64 %R_X, i64 %XPA_0"   --->   Operation 105 'call' 'call_ln0' <Predicate = true> <Delay = 1.48> <CoreType = "Generic">   --->   Generic Core

State 3 <SV = 2> <Delay = 0.71>
ST_3 : Operation 106 [1/1] (0.00ns)   --->   "%R0_X_addr_19 = getelementptr i64 %R0_X, i64 0, i64 4"   --->   Operation 106 'getelementptr' 'R0_X_addr_19' <Predicate = true> <Delay = 0.00>
ST_3 : Operation 107 [1/1] (0.00ns)   --->   "%R0_X_addr_20 = getelementptr i64 %R0_X, i64 0, i64 5"   --->   Operation 107 'getelementptr' 'R0_X_addr_20' <Predicate = true> <Delay = 0.00>
ST_3 : Operation 108 [1/1] (0.00ns)   --->   "%R0_Z_addr_19 = getelementptr i64 %R0_Z, i64 0, i64 4"   --->   Operation 108 'getelementptr' 'R0_Z_addr_19' <Predicate = true> <Delay = 0.00>
ST_3 : Operation 109 [1/1] (0.00ns)   --->   "%R0_Z_addr_20 = getelementptr i64 %R0_Z, i64 0, i64 5"   --->   Operation 109 'getelementptr' 'R0_Z_addr_20' <Predicate = true> <Delay = 0.00>
ST_3 : Operation 110 [1/1] (0.00ns)   --->   "%R2_X_addr_11 = getelementptr i64 %R2_X, i64 0, i64 4"   --->   Operation 110 'getelementptr' 'R2_X_addr_11' <Predicate = true> <Delay = 0.00>
ST_3 : Operation 111 [1/1] (0.00ns)   --->   "%R2_X_addr_12 = getelementptr i64 %R2_X, i64 0, i64 5"   --->   Operation 111 'getelementptr' 'R2_X_addr_12' <Predicate = true> <Delay = 0.00>
ST_3 : Operation 112 [1/1] (0.00ns)   --->   "%R2_X_4_addr_4 = getelementptr i64 %R2_X_4, i64 0, i64 4"   --->   Operation 112 'getelementptr' 'R2_X_4_addr_4' <Predicate = true> <Delay = 0.00>
ST_3 : Operation 113 [1/1] (0.00ns)   --->   "%R2_X_4_addr_5 = getelementptr i64 %R2_X_4, i64 0, i64 5"   --->   Operation 113 'getelementptr' 'R2_X_4_addr_5' <Predicate = true> <Delay = 0.00>
ST_3 : Operation 114 [1/1] (0.00ns)   --->   "%R2_Z_addr_11 = getelementptr i64 %R2_Z, i64 0, i64 4"   --->   Operation 114 'getelementptr' 'R2_Z_addr_11' <Predicate = true> <Delay = 0.00>
ST_3 : Operation 115 [1/1] (0.00ns)   --->   "%R2_Z_addr_12 = getelementptr i64 %R2_Z, i64 0, i64 5"   --->   Operation 115 'getelementptr' 'R2_Z_addr_12' <Predicate = true> <Delay = 0.00>
ST_3 : Operation 116 [1/1] ( I:0.71ns O:0.71ns )   --->   "%store_ln0 = store i64 0, i4 %R0_X_addr_19"   --->   Operation 116 'store' 'store_ln0' <Predicate = true> <Delay = 0.71> <CoreInst = "RAM">   --->   Core 82 'RAM' <Latency = 1> <II = 1> <Delay = 0.71> <Storage> <Opcode : 'load' 'store'> <Ports = 2> <Width = 64> <Depth = 16> <RAM>
ST_3 : Operation 117 [1/1] ( I:0.71ns O:0.71ns )   --->   "%store_ln0 = store i64 0, i4 %R0_X_addr_20"   --->   Operation 117 'store' 'store_ln0' <Predicate = true> <Delay = 0.71> <CoreInst = "RAM">   --->   Core 82 'RAM' <Latency = 1> <II = 1> <Delay = 0.71> <Storage> <Opcode : 'load' 'store'> <Ports = 2> <Width = 64> <Depth = 16> <RAM>
ST_3 : Operation 118 [1/1] ( I:0.71ns O:0.71ns )   --->   "%store_ln0 = store i64 0, i4 %R0_Z_addr_19"   --->   Operation 118 'store' 'store_ln0' <Predicate = true> <Delay = 0.71> <CoreInst = "RAM">   --->   Core 82 'RAM' <Latency = 1> <II = 1> <Delay = 0.71> <Storage> <Opcode : 'load' 'store'> <Ports = 2> <Width = 64> <Depth = 16> <RAM>
ST_3 : Operation 119 [1/1] ( I:0.71ns O:0.71ns )   --->   "%store_ln0 = store i64 0, i4 %R0_Z_addr_20"   --->   Operation 119 'store' 'store_ln0' <Predicate = true> <Delay = 0.71> <CoreInst = "RAM">   --->   Core 82 'RAM' <Latency = 1> <II = 1> <Delay = 0.71> <Storage> <Opcode : 'load' 'store'> <Ports = 2> <Width = 64> <Depth = 16> <RAM>
ST_3 : Operation 120 [1/1] ( I:0.71ns O:0.71ns )   --->   "%store_ln0 = store i64 0, i3 %R2_X_addr_11"   --->   Operation 120 'store' 'store_ln0' <Predicate = true> <Delay = 0.71> <CoreInst = "RAM">   --->   Core 82 'RAM' <Latency = 1> <II = 1> <Delay = 0.71> <Storage> <Opcode : 'load' 'store'> <Ports = 2> <Width = 64> <Depth = 8> <RAM>
ST_3 : Operation 121 [1/1] ( I:0.71ns O:0.71ns )   --->   "%store_ln0 = store i64 0, i3 %R2_X_addr_12"   --->   Operation 121 'store' 'store_ln0' <Predicate = true> <Delay = 0.71> <CoreInst = "RAM">   --->   Core 82 'RAM' <Latency = 1> <II = 1> <Delay = 0.71> <Storage> <Opcode : 'load' 'store'> <Ports = 2> <Width = 64> <Depth = 8> <RAM>
ST_3 : Operation 122 [1/1] ( I:0.71ns O:0.71ns )   --->   "%store_ln0 = store i64 0, i3 %R2_X_4_addr_4"   --->   Operation 122 'store' 'store_ln0' <Predicate = true> <Delay = 0.71> <CoreInst = "RAM">   --->   Core 82 'RAM' <Latency = 1> <II = 1> <Delay = 0.71> <Storage> <Opcode : 'load' 'store'> <Ports = 2> <Width = 64> <Depth = 8> <RAM>
ST_3 : Operation 123 [1/1] ( I:0.71ns O:0.71ns )   --->   "%store_ln0 = store i64 0, i3 %R2_X_4_addr_5"   --->   Operation 123 'store' 'store_ln0' <Predicate = true> <Delay = 0.71> <CoreInst = "RAM">   --->   Core 82 'RAM' <Latency = 1> <II = 1> <Delay = 0.71> <Storage> <Opcode : 'load' 'store'> <Ports = 2> <Width = 64> <Depth = 8> <RAM>
ST_3 : Operation 124 [1/1] ( I:0.71ns O:0.71ns )   --->   "%store_ln0 = store i64 0, i3 %R2_Z_addr_11"   --->   Operation 124 'store' 'store_ln0' <Predicate = true> <Delay = 0.71> <CoreInst = "RAM">   --->   Core 82 'RAM' <Latency = 1> <II = 1> <Delay = 0.71> <Storage> <Opcode : 'load' 'store'> <Ports = 2> <Width = 64> <Depth = 8> <RAM>
ST_3 : Operation 125 [1/1] ( I:0.71ns O:0.71ns )   --->   "%store_ln0 = store i64 0, i3 %R2_Z_addr_12"   --->   Operation 125 'store' 'store_ln0' <Predicate = true> <Delay = 0.71> <CoreInst = "RAM">   --->   Core 82 'RAM' <Latency = 1> <II = 1> <Delay = 0.71> <Storage> <Opcode : 'load' 'store'> <Ports = 2> <Width = 64> <Depth = 8> <RAM>
ST_3 : Operation 126 [2/2] (0.00ns)   --->   "%call_ln0 = call void @LADDER3PT_impl<250>_Pipeline_VITIS_LOOP_17_1, i64 %A24, i64 %A24_2, i64 %Montgomery_one_1"   --->   Operation 126 'call' 'call_ln0' <Predicate = true> <Delay = 0.00> <CoreType = "Generic">   --->   Generic Core
ST_3 : Operation 127 [2/2] (0.00ns)   --->   "%call_ln0 = call void @LADDER3PT_impl<250>_Pipeline_VITIS_LOOP_17_1259, i64 %R_X, i64 %XPA_1"   --->   Operation 127 'call' 'call_ln0' <Predicate = true> <Delay = 0.00> <CoreType = "Generic">   --->   Generic Core

State 4 <SV = 3> <Delay = 1.48>
ST_4 : Operation 128 [1/1] (0.00ns)   --->   "%R0_X_addr_21 = getelementptr i64 %R0_X, i64 0, i64 6"   --->   Operation 128 'getelementptr' 'R0_X_addr_21' <Predicate = true> <Delay = 0.00>
ST_4 : Operation 129 [1/1] (0.00ns)   --->   "%R0_X_addr_22 = getelementptr i64 %R0_X, i64 0, i64 7"   --->   Operation 129 'getelementptr' 'R0_X_addr_22' <Predicate = true> <Delay = 0.00>
ST_4 : Operation 130 [1/1] (0.00ns)   --->   "%R0_Z_addr_21 = getelementptr i64 %R0_Z, i64 0, i64 6"   --->   Operation 130 'getelementptr' 'R0_Z_addr_21' <Predicate = true> <Delay = 0.00>
ST_4 : Operation 131 [1/1] (0.00ns)   --->   "%R0_Z_addr_22 = getelementptr i64 %R0_Z, i64 0, i64 7"   --->   Operation 131 'getelementptr' 'R0_Z_addr_22' <Predicate = true> <Delay = 0.00>
ST_4 : Operation 132 [1/1] (0.00ns)   --->   "%R2_X_addr_13 = getelementptr i64 %R2_X, i64 0, i64 6"   --->   Operation 132 'getelementptr' 'R2_X_addr_13' <Predicate = true> <Delay = 0.00>
ST_4 : Operation 133 [1/1] (0.00ns)   --->   "%R2_X_addr_14 = getelementptr i64 %R2_X, i64 0, i64 7"   --->   Operation 133 'getelementptr' 'R2_X_addr_14' <Predicate = true> <Delay = 0.00>
ST_4 : Operation 134 [1/1] (0.00ns)   --->   "%R2_X_4_addr_6 = getelementptr i64 %R2_X_4, i64 0, i64 6"   --->   Operation 134 'getelementptr' 'R2_X_4_addr_6' <Predicate = true> <Delay = 0.00>
ST_4 : Operation 135 [1/1] (0.00ns)   --->   "%R2_X_4_addr_7 = getelementptr i64 %R2_X_4, i64 0, i64 7"   --->   Operation 135 'getelementptr' 'R2_X_4_addr_7' <Predicate = true> <Delay = 0.00>
ST_4 : Operation 136 [1/1] (0.00ns)   --->   "%R2_Z_addr_13 = getelementptr i64 %R2_Z, i64 0, i64 6"   --->   Operation 136 'getelementptr' 'R2_Z_addr_13' <Predicate = true> <Delay = 0.00>
ST_4 : Operation 137 [1/1] (0.00ns)   --->   "%R2_Z_addr_14 = getelementptr i64 %R2_Z, i64 0, i64 7"   --->   Operation 137 'getelementptr' 'R2_Z_addr_14' <Predicate = true> <Delay = 0.00>
ST_4 : Operation 138 [1/1] ( I:0.71ns O:0.71ns )   --->   "%store_ln0 = store i64 0, i4 %R0_X_addr_21"   --->   Operation 138 'store' 'store_ln0' <Predicate = true> <Delay = 0.71> <CoreInst = "RAM">   --->   Core 82 'RAM' <Latency = 1> <II = 1> <Delay = 0.71> <Storage> <Opcode : 'load' 'store'> <Ports = 2> <Width = 64> <Depth = 16> <RAM>
ST_4 : Operation 139 [1/1] ( I:0.71ns O:0.71ns )   --->   "%store_ln0 = store i64 0, i4 %R0_X_addr_22"   --->   Operation 139 'store' 'store_ln0' <Predicate = true> <Delay = 0.71> <CoreInst = "RAM">   --->   Core 82 'RAM' <Latency = 1> <II = 1> <Delay = 0.71> <Storage> <Opcode : 'load' 'store'> <Ports = 2> <Width = 64> <Depth = 16> <RAM>
ST_4 : Operation 140 [1/1] ( I:0.71ns O:0.71ns )   --->   "%store_ln0 = store i64 0, i4 %R0_Z_addr_21"   --->   Operation 140 'store' 'store_ln0' <Predicate = true> <Delay = 0.71> <CoreInst = "RAM">   --->   Core 82 'RAM' <Latency = 1> <II = 1> <Delay = 0.71> <Storage> <Opcode : 'load' 'store'> <Ports = 2> <Width = 64> <Depth = 16> <RAM>
ST_4 : Operation 141 [1/1] ( I:0.71ns O:0.71ns )   --->   "%store_ln0 = store i64 0, i4 %R0_Z_addr_22"   --->   Operation 141 'store' 'store_ln0' <Predicate = true> <Delay = 0.71> <CoreInst = "RAM">   --->   Core 82 'RAM' <Latency = 1> <II = 1> <Delay = 0.71> <Storage> <Opcode : 'load' 'store'> <Ports = 2> <Width = 64> <Depth = 16> <RAM>
ST_4 : Operation 142 [1/1] ( I:0.71ns O:0.71ns )   --->   "%store_ln0 = store i64 0, i3 %R2_X_addr_13"   --->   Operation 142 'store' 'store_ln0' <Predicate = true> <Delay = 0.71> <CoreInst = "RAM">   --->   Core 82 'RAM' <Latency = 1> <II = 1> <Delay = 0.71> <Storage> <Opcode : 'load' 'store'> <Ports = 2> <Width = 64> <Depth = 8> <RAM>
ST_4 : Operation 143 [1/1] ( I:0.71ns O:0.71ns )   --->   "%store_ln0 = store i64 0, i3 %R2_X_addr_14"   --->   Operation 143 'store' 'store_ln0' <Predicate = true> <Delay = 0.71> <CoreInst = "RAM">   --->   Core 82 'RAM' <Latency = 1> <II = 1> <Delay = 0.71> <Storage> <Opcode : 'load' 'store'> <Ports = 2> <Width = 64> <Depth = 8> <RAM>
ST_4 : Operation 144 [1/1] ( I:0.71ns O:0.71ns )   --->   "%store_ln0 = store i64 0, i3 %R2_X_4_addr_6"   --->   Operation 144 'store' 'store_ln0' <Predicate = true> <Delay = 0.71> <CoreInst = "RAM">   --->   Core 82 'RAM' <Latency = 1> <II = 1> <Delay = 0.71> <Storage> <Opcode : 'load' 'store'> <Ports = 2> <Width = 64> <Depth = 8> <RAM>
ST_4 : Operation 145 [1/1] ( I:0.71ns O:0.71ns )   --->   "%store_ln0 = store i64 0, i3 %R2_X_4_addr_7"   --->   Operation 145 'store' 'store_ln0' <Predicate = true> <Delay = 0.71> <CoreInst = "RAM">   --->   Core 82 'RAM' <Latency = 1> <II = 1> <Delay = 0.71> <Storage> <Opcode : 'load' 'store'> <Ports = 2> <Width = 64> <Depth = 8> <RAM>
ST_4 : Operation 146 [1/1] ( I:0.71ns O:0.71ns )   --->   "%store_ln0 = store i64 0, i3 %R2_Z_addr_13"   --->   Operation 146 'store' 'store_ln0' <Predicate = true> <Delay = 0.71> <CoreInst = "RAM">   --->   Core 82 'RAM' <Latency = 1> <II = 1> <Delay = 0.71> <Storage> <Opcode : 'load' 'store'> <Ports = 2> <Width = 64> <Depth = 8> <RAM>
ST_4 : Operation 147 [1/1] ( I:0.71ns O:0.71ns )   --->   "%store_ln0 = store i64 0, i3 %R2_Z_addr_14"   --->   Operation 147 'store' 'store_ln0' <Predicate = true> <Delay = 0.71> <CoreInst = "RAM">   --->   Core 82 'RAM' <Latency = 1> <II = 1> <Delay = 0.71> <Storage> <Opcode : 'load' 'store'> <Ports = 2> <Width = 64> <Depth = 8> <RAM>
ST_4 : Operation 148 [1/2] (1.48ns)   --->   "%call_ln0 = call void @LADDER3PT_impl<250>_Pipeline_VITIS_LOOP_17_1, i64 %A24, i64 %A24_2, i64 %Montgomery_one_1"   --->   Operation 148 'call' 'call_ln0' <Predicate = true> <Delay = 1.48> <CoreType = "Generic">   --->   Generic Core
ST_4 : Operation 149 [1/2] (1.48ns)   --->   "%call_ln0 = call void @LADDER3PT_impl<250>_Pipeline_VITIS_LOOP_17_1259, i64 %R_X, i64 %XPA_1"   --->   Operation 149 'call' 'call_ln0' <Predicate = true> <Delay = 1.48> <CoreType = "Generic">   --->   Generic Core

State 5 <SV = 4> <Delay = 0.71>
ST_5 : Operation 150 [1/1] (0.00ns)   --->   "%R0_X_addr_23 = getelementptr i64 %R0_X, i64 0, i64 8"   --->   Operation 150 'getelementptr' 'R0_X_addr_23' <Predicate = true> <Delay = 0.00>
ST_5 : Operation 151 [1/1] (0.00ns)   --->   "%R0_X_addr_24 = getelementptr i64 %R0_X, i64 0, i64 9"   --->   Operation 151 'getelementptr' 'R0_X_addr_24' <Predicate = true> <Delay = 0.00>
ST_5 : Operation 152 [1/1] (0.00ns)   --->   "%R0_Z_addr_23 = getelementptr i64 %R0_Z, i64 0, i64 8"   --->   Operation 152 'getelementptr' 'R0_Z_addr_23' <Predicate = true> <Delay = 0.00>
ST_5 : Operation 153 [1/1] (0.00ns)   --->   "%R0_Z_addr_24 = getelementptr i64 %R0_Z, i64 0, i64 9"   --->   Operation 153 'getelementptr' 'R0_Z_addr_24' <Predicate = true> <Delay = 0.00>
ST_5 : Operation 154 [1/1] ( I:0.71ns O:0.71ns )   --->   "%store_ln0 = store i64 0, i4 %R0_X_addr_23"   --->   Operation 154 'store' 'store_ln0' <Predicate = true> <Delay = 0.71> <CoreInst = "RAM">   --->   Core 82 'RAM' <Latency = 1> <II = 1> <Delay = 0.71> <Storage> <Opcode : 'load' 'store'> <Ports = 2> <Width = 64> <Depth = 16> <RAM>
ST_5 : Operation 155 [1/1] ( I:0.71ns O:0.71ns )   --->   "%store_ln0 = store i64 0, i4 %R0_X_addr_24"   --->   Operation 155 'store' 'store_ln0' <Predicate = true> <Delay = 0.71> <CoreInst = "RAM">   --->   Core 82 'RAM' <Latency = 1> <II = 1> <Delay = 0.71> <Storage> <Opcode : 'load' 'store'> <Ports = 2> <Width = 64> <Depth = 16> <RAM>
ST_5 : Operation 156 [1/1] ( I:0.71ns O:0.71ns )   --->   "%store_ln0 = store i64 0, i4 %R0_Z_addr_23"   --->   Operation 156 'store' 'store_ln0' <Predicate = true> <Delay = 0.71> <CoreInst = "RAM">   --->   Core 82 'RAM' <Latency = 1> <II = 1> <Delay = 0.71> <Storage> <Opcode : 'load' 'store'> <Ports = 2> <Width = 64> <Depth = 16> <RAM>
ST_5 : Operation 157 [1/1] ( I:0.71ns O:0.71ns )   --->   "%store_ln0 = store i64 0, i4 %R0_Z_addr_24"   --->   Operation 157 'store' 'store_ln0' <Predicate = true> <Delay = 0.71> <CoreInst = "RAM">   --->   Core 82 'RAM' <Latency = 1> <II = 1> <Delay = 0.71> <Storage> <Opcode : 'load' 'store'> <Ports = 2> <Width = 64> <Depth = 16> <RAM>
ST_5 : Operation 158 [2/2] (0.71ns)   --->   "%call_ln127 = call void @fpadd503.251, i64 %A24, i1 0, i64 %A24_2, i1 0, i64 %p503x2_1" [src_montcsa/fpx.cpp:127->src_montcsa/ec_isogeny.cpp:355]   --->   Operation 158 'call' 'call_ln127' <Predicate = true> <Delay = 0.71> <CoreType = "Generic">   --->   Generic Core
ST_5 : Operation 159 [2/2] (0.00ns)   --->   "%call_ln0 = call void @LADDER3PT_impl<250>_Pipeline_VITIS_LOOP_17_1255, i64 %R2_X, i64 %XRA_0"   --->   Operation 159 'call' 'call_ln0' <Predicate = true> <Delay = 0.00> <CoreType = "Generic">   --->   Generic Core
ST_5 : Operation 160 [2/2] (0.00ns)   --->   "%call_ln0 = call void @LADDER3PT_impl<250>_Pipeline_VITIS_LOOP_17_1256, i64 %R2_X_4, i64 %XRA_1"   --->   Operation 160 'call' 'call_ln0' <Predicate = true> <Delay = 0.00> <CoreType = "Generic">   --->   Generic Core

State 6 <SV = 5> <Delay = 1.48>
ST_6 : Operation 161 [1/1] (0.00ns)   --->   "%R0_X_addr_25 = getelementptr i64 %R0_X, i64 0, i64 10"   --->   Operation 161 'getelementptr' 'R0_X_addr_25' <Predicate = true> <Delay = 0.00>
ST_6 : Operation 162 [1/1] (0.00ns)   --->   "%R0_X_addr_26 = getelementptr i64 %R0_X, i64 0, i64 11"   --->   Operation 162 'getelementptr' 'R0_X_addr_26' <Predicate = true> <Delay = 0.00>
ST_6 : Operation 163 [1/1] (0.00ns)   --->   "%R0_Z_addr_25 = getelementptr i64 %R0_Z, i64 0, i64 10"   --->   Operation 163 'getelementptr' 'R0_Z_addr_25' <Predicate = true> <Delay = 0.00>
ST_6 : Operation 164 [1/1] (0.00ns)   --->   "%R0_Z_addr_26 = getelementptr i64 %R0_Z, i64 0, i64 11"   --->   Operation 164 'getelementptr' 'R0_Z_addr_26' <Predicate = true> <Delay = 0.00>
ST_6 : Operation 165 [1/1] ( I:0.71ns O:0.71ns )   --->   "%store_ln0 = store i64 0, i4 %R0_X_addr_25"   --->   Operation 165 'store' 'store_ln0' <Predicate = true> <Delay = 0.71> <CoreInst = "RAM">   --->   Core 82 'RAM' <Latency = 1> <II = 1> <Delay = 0.71> <Storage> <Opcode : 'load' 'store'> <Ports = 2> <Width = 64> <Depth = 16> <RAM>
ST_6 : Operation 166 [1/1] ( I:0.71ns O:0.71ns )   --->   "%store_ln0 = store i64 0, i4 %R0_X_addr_26"   --->   Operation 166 'store' 'store_ln0' <Predicate = true> <Delay = 0.71> <CoreInst = "RAM">   --->   Core 82 'RAM' <Latency = 1> <II = 1> <Delay = 0.71> <Storage> <Opcode : 'load' 'store'> <Ports = 2> <Width = 64> <Depth = 16> <RAM>
ST_6 : Operation 167 [1/1] ( I:0.71ns O:0.71ns )   --->   "%store_ln0 = store i64 0, i4 %R0_Z_addr_25"   --->   Operation 167 'store' 'store_ln0' <Predicate = true> <Delay = 0.71> <CoreInst = "RAM">   --->   Core 82 'RAM' <Latency = 1> <II = 1> <Delay = 0.71> <Storage> <Opcode : 'load' 'store'> <Ports = 2> <Width = 64> <Depth = 16> <RAM>
ST_6 : Operation 168 [1/1] ( I:0.71ns O:0.71ns )   --->   "%store_ln0 = store i64 0, i4 %R0_Z_addr_26"   --->   Operation 168 'store' 'store_ln0' <Predicate = true> <Delay = 0.71> <CoreInst = "RAM">   --->   Core 82 'RAM' <Latency = 1> <II = 1> <Delay = 0.71> <Storage> <Opcode : 'load' 'store'> <Ports = 2> <Width = 64> <Depth = 16> <RAM>
ST_6 : Operation 169 [1/2] (0.00ns)   --->   "%call_ln127 = call void @fpadd503.251, i64 %A24, i1 0, i64 %A24_2, i1 0, i64 %p503x2_1" [src_montcsa/fpx.cpp:127->src_montcsa/ec_isogeny.cpp:355]   --->   Operation 169 'call' 'call_ln127' <Predicate = true> <Delay = 0.00> <CoreType = "Generic">   --->   Generic Core
ST_6 : Operation 170 [1/2] (1.48ns)   --->   "%call_ln0 = call void @LADDER3PT_impl<250>_Pipeline_VITIS_LOOP_17_1255, i64 %R2_X, i64 %XRA_0"   --->   Operation 170 'call' 'call_ln0' <Predicate = true> <Delay = 1.48> <CoreType = "Generic">   --->   Generic Core
ST_6 : Operation 171 [1/2] (1.48ns)   --->   "%call_ln0 = call void @LADDER3PT_impl<250>_Pipeline_VITIS_LOOP_17_1256, i64 %R2_X_4, i64 %XRA_1"   --->   Operation 171 'call' 'call_ln0' <Predicate = true> <Delay = 1.48> <CoreType = "Generic">   --->   Generic Core

State 7 <SV = 6> <Delay = 0.71>
ST_7 : Operation 172 [1/1] (0.00ns)   --->   "%R0_X_addr_27 = getelementptr i64 %R0_X, i64 0, i64 12"   --->   Operation 172 'getelementptr' 'R0_X_addr_27' <Predicate = true> <Delay = 0.00>
ST_7 : Operation 173 [1/1] (0.00ns)   --->   "%R0_X_addr_28 = getelementptr i64 %R0_X, i64 0, i64 13"   --->   Operation 173 'getelementptr' 'R0_X_addr_28' <Predicate = true> <Delay = 0.00>
ST_7 : Operation 174 [1/1] (0.00ns)   --->   "%R0_Z_addr_27 = getelementptr i64 %R0_Z, i64 0, i64 12"   --->   Operation 174 'getelementptr' 'R0_Z_addr_27' <Predicate = true> <Delay = 0.00>
ST_7 : Operation 175 [1/1] (0.00ns)   --->   "%R0_Z_addr_28 = getelementptr i64 %R0_Z, i64 0, i64 13"   --->   Operation 175 'getelementptr' 'R0_Z_addr_28' <Predicate = true> <Delay = 0.00>
ST_7 : Operation 176 [1/1] ( I:0.71ns O:0.71ns )   --->   "%store_ln0 = store i64 0, i4 %R0_X_addr_27"   --->   Operation 176 'store' 'store_ln0' <Predicate = true> <Delay = 0.71> <CoreInst = "RAM">   --->   Core 82 'RAM' <Latency = 1> <II = 1> <Delay = 0.71> <Storage> <Opcode : 'load' 'store'> <Ports = 2> <Width = 64> <Depth = 16> <RAM>
ST_7 : Operation 177 [1/1] ( I:0.71ns O:0.71ns )   --->   "%store_ln0 = store i64 0, i4 %R0_X_addr_28"   --->   Operation 177 'store' 'store_ln0' <Predicate = true> <Delay = 0.71> <CoreInst = "RAM">   --->   Core 82 'RAM' <Latency = 1> <II = 1> <Delay = 0.71> <Storage> <Opcode : 'load' 'store'> <Ports = 2> <Width = 64> <Depth = 16> <RAM>
ST_7 : Operation 178 [1/1] ( I:0.71ns O:0.71ns )   --->   "%store_ln0 = store i64 0, i4 %R0_Z_addr_27"   --->   Operation 178 'store' 'store_ln0' <Predicate = true> <Delay = 0.71> <CoreInst = "RAM">   --->   Core 82 'RAM' <Latency = 1> <II = 1> <Delay = 0.71> <Storage> <Opcode : 'load' 'store'> <Ports = 2> <Width = 64> <Depth = 16> <RAM>
ST_7 : Operation 179 [1/1] ( I:0.71ns O:0.71ns )   --->   "%store_ln0 = store i64 0, i4 %R0_Z_addr_28"   --->   Operation 179 'store' 'store_ln0' <Predicate = true> <Delay = 0.71> <CoreInst = "RAM">   --->   Core 82 'RAM' <Latency = 1> <II = 1> <Delay = 0.71> <Storage> <Opcode : 'load' 'store'> <Ports = 2> <Width = 64> <Depth = 16> <RAM>
ST_7 : Operation 180 [2/2] (0.71ns)   --->   "%call_ln128 = call void @fpadd503.251, i64 %A24, i1 1, i64 %A24_2, i1 1, i64 %p503x2_1" [src_montcsa/fpx.cpp:128->src_montcsa/ec_isogeny.cpp:355]   --->   Operation 180 'call' 'call_ln128' <Predicate = true> <Delay = 0.71> <CoreType = "Generic">   --->   Generic Core

State 8 <SV = 7> <Delay = 0.71>
ST_8 : Operation 181 [1/1] (0.00ns)   --->   "%R0_X_addr_29 = getelementptr i64 %R0_X, i64 0, i64 14"   --->   Operation 181 'getelementptr' 'R0_X_addr_29' <Predicate = true> <Delay = 0.00>
ST_8 : Operation 182 [1/1] (0.00ns)   --->   "%R0_X_addr_30 = getelementptr i64 %R0_X, i64 0, i64 15"   --->   Operation 182 'getelementptr' 'R0_X_addr_30' <Predicate = true> <Delay = 0.00>
ST_8 : Operation 183 [1/1] (0.00ns)   --->   "%R0_Z_addr_29 = getelementptr i64 %R0_Z, i64 0, i64 14"   --->   Operation 183 'getelementptr' 'R0_Z_addr_29' <Predicate = true> <Delay = 0.00>
ST_8 : Operation 184 [1/1] (0.00ns)   --->   "%R0_Z_addr_30 = getelementptr i64 %R0_Z, i64 0, i64 15"   --->   Operation 184 'getelementptr' 'R0_Z_addr_30' <Predicate = true> <Delay = 0.00>
ST_8 : Operation 185 [1/1] ( I:0.71ns O:0.71ns )   --->   "%store_ln0 = store i64 0, i4 %R0_X_addr_29"   --->   Operation 185 'store' 'store_ln0' <Predicate = true> <Delay = 0.71> <CoreInst = "RAM">   --->   Core 82 'RAM' <Latency = 1> <II = 1> <Delay = 0.71> <Storage> <Opcode : 'load' 'store'> <Ports = 2> <Width = 64> <Depth = 16> <RAM>
ST_8 : Operation 186 [1/1] ( I:0.71ns O:0.71ns )   --->   "%store_ln0 = store i64 0, i4 %R0_X_addr_30"   --->   Operation 186 'store' 'store_ln0' <Predicate = true> <Delay = 0.71> <CoreInst = "RAM">   --->   Core 82 'RAM' <Latency = 1> <II = 1> <Delay = 0.71> <Storage> <Opcode : 'load' 'store'> <Ports = 2> <Width = 64> <Depth = 16> <RAM>
ST_8 : Operation 187 [1/1] ( I:0.71ns O:0.71ns )   --->   "%store_ln0 = store i64 0, i4 %R0_Z_addr_29"   --->   Operation 187 'store' 'store_ln0' <Predicate = true> <Delay = 0.71> <CoreInst = "RAM">   --->   Core 82 'RAM' <Latency = 1> <II = 1> <Delay = 0.71> <Storage> <Opcode : 'load' 'store'> <Ports = 2> <Width = 64> <Depth = 16> <RAM>
ST_8 : Operation 188 [1/1] ( I:0.71ns O:0.71ns )   --->   "%store_ln0 = store i64 0, i4 %R0_Z_addr_30"   --->   Operation 188 'store' 'store_ln0' <Predicate = true> <Delay = 0.71> <CoreInst = "RAM">   --->   Core 82 'RAM' <Latency = 1> <II = 1> <Delay = 0.71> <Storage> <Opcode : 'load' 'store'> <Ports = 2> <Width = 64> <Depth = 16> <RAM>
ST_8 : Operation 189 [1/2] (0.00ns)   --->   "%call_ln128 = call void @fpadd503.251, i64 %A24, i1 1, i64 %A24_2, i1 1, i64 %p503x2_1" [src_montcsa/fpx.cpp:128->src_montcsa/ec_isogeny.cpp:355]   --->   Operation 189 'call' 'call_ln128' <Predicate = true> <Delay = 0.00> <CoreType = "Generic">   --->   Generic Core

State 9 <SV = 8> <Delay = 1.42>
ST_9 : Operation 190 [2/2] (1.42ns)   --->   "%call_ln127 = call void @fpadd503.287, i64 %A, i1 0, i64 %A24, i1 0, i64 %A24_2, i1 0, i64 %p503x2_1" [src_montcsa/fpx.cpp:127->src_montcsa/ec_isogeny.cpp:356]   --->   Operation 190 'call' 'call_ln127' <Predicate = true> <Delay = 1.42> <CoreType = "Generic">   --->   Generic Core
ST_9 : Operation 191 [2/2] (0.00ns)   --->   "%call_ln0 = call void @LADDER3PT_impl<250>_Pipeline_VITIS_LOOP_17_1252, i64 %R0_X, i64 %XQA_0"   --->   Operation 191 'call' 'call_ln0' <Predicate = true> <Delay = 0.00> <CoreType = "Generic">   --->   Generic Core
ST_9 : Operation 192 [2/2] (0.00ns)   --->   "%call_ln0 = call void @LADDER3PT_impl<250>_Pipeline_VITIS_LOOP_17_1254, i64 %R0_Z, i64 %Montgomery_one_1"   --->   Operation 192 'call' 'call_ln0' <Predicate = true> <Delay = 0.00> <CoreType = "Generic">   --->   Generic Core

State 10 <SV = 9> <Delay = 1.48>
ST_10 : Operation 193 [1/2] (0.00ns)   --->   "%call_ln127 = call void @fpadd503.287, i64 %A, i1 0, i64 %A24, i1 0, i64 %A24_2, i1 0, i64 %p503x2_1" [src_montcsa/fpx.cpp:127->src_montcsa/ec_isogeny.cpp:356]   --->   Operation 193 'call' 'call_ln127' <Predicate = true> <Delay = 0.00> <CoreType = "Generic">   --->   Generic Core
ST_10 : Operation 194 [1/2] (1.48ns)   --->   "%call_ln0 = call void @LADDER3PT_impl<250>_Pipeline_VITIS_LOOP_17_1252, i64 %R0_X, i64 %XQA_0"   --->   Operation 194 'call' 'call_ln0' <Predicate = true> <Delay = 1.48> <CoreType = "Generic">   --->   Generic Core
ST_10 : Operation 195 [1/2] (1.48ns)   --->   "%call_ln0 = call void @LADDER3PT_impl<250>_Pipeline_VITIS_LOOP_17_1254, i64 %R0_Z, i64 %Montgomery_one_1"   --->   Operation 195 'call' 'call_ln0' <Predicate = true> <Delay = 1.48> <CoreType = "Generic">   --->   Generic Core

State 11 <SV = 10> <Delay = 1.42>
ST_11 : Operation 196 [2/2] (1.42ns)   --->   "%call_ln128 = call void @fpadd503.287, i64 %A, i1 1, i64 %A24, i1 1, i64 %A24_2, i1 1, i64 %p503x2_1" [src_montcsa/fpx.cpp:128->src_montcsa/ec_isogeny.cpp:356]   --->   Operation 196 'call' 'call_ln128' <Predicate = true> <Delay = 1.42> <CoreType = "Generic">   --->   Generic Core
ST_11 : Operation 197 [2/2] (0.00ns)   --->   "%call_ln0 = call void @LADDER3PT_impl<250>_Pipeline_VITIS_LOOP_17_1253, i64 %R0_X"   --->   Operation 197 'call' 'call_ln0' <Predicate = true> <Delay = 0.00> <CoreType = "Generic">   --->   Generic Core
ST_11 : Operation 198 [2/2] (0.00ns)   --->   "%call_ln0 = call void @LADDER3PT_impl<250>_Pipeline_VITIS_LOOP_17_1257, i64 %R2_Z, i64 %Montgomery_one_1"   --->   Operation 198 'call' 'call_ln0' <Predicate = true> <Delay = 0.00> <CoreType = "Generic">   --->   Generic Core

State 12 <SV = 11> <Delay = 1.48>
ST_12 : Operation 199 [1/2] (0.00ns)   --->   "%call_ln128 = call void @fpadd503.287, i64 %A, i1 1, i64 %A24, i1 1, i64 %A24_2, i1 1, i64 %p503x2_1" [src_montcsa/fpx.cpp:128->src_montcsa/ec_isogeny.cpp:356]   --->   Operation 199 'call' 'call_ln128' <Predicate = true> <Delay = 0.00> <CoreType = "Generic">   --->   Generic Core
ST_12 : Operation 200 [1/2] (1.48ns)   --->   "%call_ln0 = call void @LADDER3PT_impl<250>_Pipeline_VITIS_LOOP_17_1253, i64 %R0_X"   --->   Operation 200 'call' 'call_ln0' <Predicate = true> <Delay = 1.48> <CoreType = "Generic">   --->   Generic Core
ST_12 : Operation 201 [1/2] (1.48ns)   --->   "%call_ln0 = call void @LADDER3PT_impl<250>_Pipeline_VITIS_LOOP_17_1257, i64 %R2_Z, i64 %Montgomery_one_1"   --->   Operation 201 'call' 'call_ln0' <Predicate = true> <Delay = 1.48> <CoreType = "Generic">   --->   Generic Core

State 13 <SV = 12> <Delay = 0.71>
ST_13 : Operation 202 [1/1] (0.00ns)   --->   "%R2_Z_4_addr = getelementptr i64 %R2_Z_4, i64 0, i64 0"   --->   Operation 202 'getelementptr' 'R2_Z_4_addr' <Predicate = true> <Delay = 0.00>
ST_13 : Operation 203 [1/1] (0.00ns)   --->   "%R2_Z_4_addr_1 = getelementptr i64 %R2_Z_4, i64 0, i64 1"   --->   Operation 203 'getelementptr' 'R2_Z_4_addr_1' <Predicate = true> <Delay = 0.00>
ST_13 : Operation 204 [1/1] ( I:0.71ns O:0.71ns )   --->   "%store_ln0 = store i64 0, i3 %R2_Z_4_addr"   --->   Operation 204 'store' 'store_ln0' <Predicate = true> <Delay = 0.71> <CoreInst = "RAM">   --->   Core 82 'RAM' <Latency = 1> <II = 1> <Delay = 0.71> <Storage> <Opcode : 'load' 'store'> <Ports = 2> <Width = 64> <Depth = 8> <RAM>
ST_13 : Operation 205 [1/1] ( I:0.71ns O:0.71ns )   --->   "%store_ln0 = store i64 0, i3 %R2_Z_4_addr_1"   --->   Operation 205 'store' 'store_ln0' <Predicate = true> <Delay = 0.71> <CoreInst = "RAM">   --->   Core 82 'RAM' <Latency = 1> <II = 1> <Delay = 0.71> <Storage> <Opcode : 'load' 'store'> <Ports = 2> <Width = 64> <Depth = 8> <RAM>
ST_13 : Operation 206 [2/2] (0.00ns)   --->   "%call_ln357 = call void @fp2div2_503, i64 %A24, i64 %A24_2, i64 %p503_1" [src_montcsa/ec_isogeny.cpp:357]   --->   Operation 206 'call' 'call_ln357' <Predicate = true> <Delay = 0.00> <CoreType = "Generic">   --->   Generic Core
ST_13 : Operation 207 [2/2] (0.00ns)   --->   "%call_ln0 = call void @LADDER3PT_impl<250>_Pipeline_VITIS_LOOP_17_1260, i64 %R_Z, i64 %Montgomery_one_1"   --->   Operation 207 'call' 'call_ln0' <Predicate = true> <Delay = 0.00> <CoreType = "Generic">   --->   Generic Core

State 14 <SV = 13> <Delay = 1.48>
ST_14 : Operation 208 [1/1] (0.00ns)   --->   "%R2_Z_4_addr_2 = getelementptr i64 %R2_Z_4, i64 0, i64 2"   --->   Operation 208 'getelementptr' 'R2_Z_4_addr_2' <Predicate = true> <Delay = 0.00>
ST_14 : Operation 209 [1/1] (0.00ns)   --->   "%R2_Z_4_addr_3 = getelementptr i64 %R2_Z_4, i64 0, i64 3"   --->   Operation 209 'getelementptr' 'R2_Z_4_addr_3' <Predicate = true> <Delay = 0.00>
ST_14 : Operation 210 [1/1] ( I:0.71ns O:0.71ns )   --->   "%store_ln0 = store i64 0, i3 %R2_Z_4_addr_2"   --->   Operation 210 'store' 'store_ln0' <Predicate = true> <Delay = 0.71> <CoreInst = "RAM">   --->   Core 82 'RAM' <Latency = 1> <II = 1> <Delay = 0.71> <Storage> <Opcode : 'load' 'store'> <Ports = 2> <Width = 64> <Depth = 8> <RAM>
ST_14 : Operation 211 [1/1] ( I:0.71ns O:0.71ns )   --->   "%store_ln0 = store i64 0, i3 %R2_Z_4_addr_3"   --->   Operation 211 'store' 'store_ln0' <Predicate = true> <Delay = 0.71> <CoreInst = "RAM">   --->   Core 82 'RAM' <Latency = 1> <II = 1> <Delay = 0.71> <Storage> <Opcode : 'load' 'store'> <Ports = 2> <Width = 64> <Depth = 8> <RAM>
ST_14 : Operation 212 [1/2] (0.00ns)   --->   "%call_ln357 = call void @fp2div2_503, i64 %A24, i64 %A24_2, i64 %p503_1" [src_montcsa/ec_isogeny.cpp:357]   --->   Operation 212 'call' 'call_ln357' <Predicate = true> <Delay = 0.00> <CoreType = "Generic">   --->   Generic Core
ST_14 : Operation 213 [1/2] (1.48ns)   --->   "%call_ln0 = call void @LADDER3PT_impl<250>_Pipeline_VITIS_LOOP_17_1260, i64 %R_Z, i64 %Montgomery_one_1"   --->   Operation 213 'call' 'call_ln0' <Predicate = true> <Delay = 1.48> <CoreType = "Generic">   --->   Generic Core

State 15 <SV = 14> <Delay = 0.71>
ST_15 : Operation 214 [1/1] (0.00ns)   --->   "%R2_Z_4_addr_4 = getelementptr i64 %R2_Z_4, i64 0, i64 4"   --->   Operation 214 'getelementptr' 'R2_Z_4_addr_4' <Predicate = true> <Delay = 0.00>
ST_15 : Operation 215 [1/1] (0.00ns)   --->   "%R2_Z_4_addr_5 = getelementptr i64 %R2_Z_4, i64 0, i64 5"   --->   Operation 215 'getelementptr' 'R2_Z_4_addr_5' <Predicate = true> <Delay = 0.00>
ST_15 : Operation 216 [1/1] ( I:0.71ns O:0.71ns )   --->   "%store_ln0 = store i64 0, i3 %R2_Z_4_addr_4"   --->   Operation 216 'store' 'store_ln0' <Predicate = true> <Delay = 0.71> <CoreInst = "RAM">   --->   Core 82 'RAM' <Latency = 1> <II = 1> <Delay = 0.71> <Storage> <Opcode : 'load' 'store'> <Ports = 2> <Width = 64> <Depth = 8> <RAM>
ST_15 : Operation 217 [1/1] ( I:0.71ns O:0.71ns )   --->   "%store_ln0 = store i64 0, i3 %R2_Z_4_addr_5"   --->   Operation 217 'store' 'store_ln0' <Predicate = true> <Delay = 0.71> <CoreInst = "RAM">   --->   Core 82 'RAM' <Latency = 1> <II = 1> <Delay = 0.71> <Storage> <Opcode : 'load' 'store'> <Ports = 2> <Width = 64> <Depth = 8> <RAM>
ST_15 : Operation 218 [2/2] (0.00ns)   --->   "%call_ln358 = call void @fp2div2_503, i64 %A24, i64 %A24_2, i64 %p503_1" [src_montcsa/ec_isogeny.cpp:358]   --->   Operation 218 'call' 'call_ln358' <Predicate = true> <Delay = 0.00> <CoreType = "Generic">   --->   Generic Core
ST_15 : Operation 219 [2/2] (0.00ns)   --->   "%call_ln0 = call void @LADDER3PT_impl<250>_Pipeline_VITIS_LOOP_25_1, i64 %R_Z"   --->   Operation 219 'call' 'call_ln0' <Predicate = true> <Delay = 0.00> <CoreType = "Generic">   --->   Generic Core

State 16 <SV = 15> <Delay = 1.48>
ST_16 : Operation 220 [1/1] (0.00ns)   --->   "%R2_Z_4_addr_6 = getelementptr i64 %R2_Z_4, i64 0, i64 6"   --->   Operation 220 'getelementptr' 'R2_Z_4_addr_6' <Predicate = true> <Delay = 0.00>
ST_16 : Operation 221 [1/1] (0.00ns)   --->   "%R2_Z_4_addr_7 = getelementptr i64 %R2_Z_4, i64 0, i64 7"   --->   Operation 221 'getelementptr' 'R2_Z_4_addr_7' <Predicate = true> <Delay = 0.00>
ST_16 : Operation 222 [1/1] ( I:0.71ns O:0.71ns )   --->   "%store_ln0 = store i64 0, i3 %R2_Z_4_addr_6"   --->   Operation 222 'store' 'store_ln0' <Predicate = true> <Delay = 0.71> <CoreInst = "RAM">   --->   Core 82 'RAM' <Latency = 1> <II = 1> <Delay = 0.71> <Storage> <Opcode : 'load' 'store'> <Ports = 2> <Width = 64> <Depth = 8> <RAM>
ST_16 : Operation 223 [1/1] ( I:0.71ns O:0.71ns )   --->   "%store_ln0 = store i64 0, i3 %R2_Z_4_addr_7"   --->   Operation 223 'store' 'store_ln0' <Predicate = true> <Delay = 0.71> <CoreInst = "RAM">   --->   Core 82 'RAM' <Latency = 1> <II = 1> <Delay = 0.71> <Storage> <Opcode : 'load' 'store'> <Ports = 2> <Width = 64> <Depth = 8> <RAM>
ST_16 : Operation 224 [1/2] (0.00ns)   --->   "%call_ln358 = call void @fp2div2_503, i64 %A24, i64 %A24_2, i64 %p503_1" [src_montcsa/ec_isogeny.cpp:358]   --->   Operation 224 'call' 'call_ln358' <Predicate = true> <Delay = 0.00> <CoreType = "Generic">   --->   Generic Core
ST_16 : Operation 225 [1/2] (1.48ns)   --->   "%call_ln0 = call void @LADDER3PT_impl<250>_Pipeline_VITIS_LOOP_25_1, i64 %R_Z"   --->   Operation 225 'call' 'call_ln0' <Predicate = true> <Delay = 1.48> <CoreType = "Generic">   --->   Generic Core
ST_16 : Operation 226 [1/1] (0.38ns)   --->   "%br_ln371 = br void %for.inc" [src_montcsa/ec_isogeny.cpp:371]   --->   Operation 226 'br' 'br_ln371' <Predicate = true> <Delay = 0.38>

State 17 <SV = 16> <Delay = 1.09>
ST_17 : Operation 227 [1/1] (0.00ns)   --->   "%prevbit = phi i1 %bit, void %for.inc.split, i1 0, void %entry"   --->   Operation 227 'phi' 'prevbit' <Predicate = true> <Delay = 0.00>
ST_17 : Operation 228 [1/1] (0.00ns)   --->   "%i = load i8 %i_065" [src_montcsa/ec_isogeny.cpp:371]   --->   Operation 228 'load' 'i' <Predicate = true> <Delay = 0.00>
ST_17 : Operation 229 [1/1] (0.70ns)   --->   "%icmp_ln371 = icmp_eq  i8 %i, i8 250" [src_montcsa/ec_isogeny.cpp:371]   --->   Operation 229 'icmp' 'icmp_ln371' <Predicate = true> <Delay = 0.70> <CoreInst = "Cmp">   --->   Core 9 'Cmp' <Latency = 0> <II = 1> <Delay = 0.70> <FuncUnit> <Opcode : 'seteq' 'setne' 'setle' 'setge' 'setlt' 'setgt'> <InPorts = 2> <OutPorts = 1>
ST_17 : Operation 230 [1/1] (0.70ns)   --->   "%i_213 = add i8 %i, i8 1" [src_montcsa/ec_isogeny.cpp:371]   --->   Operation 230 'add' 'i_213' <Predicate = true> <Delay = 0.70> <CoreInst = "Adder">   --->   Core 1 'Adder' <Latency = 0> <II = 1> <Delay = 0.70> <FuncUnit> <Opcode : 'add' 'sub'> <InPorts = 2> <OutPorts = 1>
ST_17 : Operation 231 [1/1] (0.00ns)   --->   "%br_ln371 = br i1 %icmp_ln371, void %for.inc.split, void %for.end" [src_montcsa/ec_isogeny.cpp:371]   --->   Operation 231 'br' 'br_ln371' <Predicate = true> <Delay = 0.00>
ST_17 : Operation 232 [1/1] (0.00ns)   --->   "%trunc_ln371 = trunc i8 %i" [src_montcsa/ec_isogeny.cpp:371]   --->   Operation 232 'trunc' 'trunc_ln371' <Predicate = (!icmp_ln371)> <Delay = 0.00>
ST_17 : Operation 233 [1/1] (0.00ns)   --->   "%tmp_s = partselect i2 @_ssdm_op_PartSelect.i2.i8.i32.i32, i8 %i, i32 6, i32 7" [src_montcsa/ec_isogeny.cpp:373]   --->   Operation 233 'partselect' 'tmp_s' <Predicate = (!icmp_ln371)> <Delay = 0.00>
ST_17 : Operation 234 [1/1] (0.00ns)   --->   "%and_ln = bitconcatenate i5 @_ssdm_op_BitConcatenate.i5.i2.i3, i2 %tmp_s, i3 0" [src_montcsa/ec_isogeny.cpp:373]   --->   Operation 234 'bitconcatenate' 'and_ln' <Predicate = (!icmp_ln371)> <Delay = 0.00>
ST_17 : Operation 235 [1/1] (0.00ns)   --->   "%zext_ln373 = zext i5 %and_ln" [src_montcsa/ec_isogeny.cpp:373]   --->   Operation 235 'zext' 'zext_ln373' <Predicate = (!icmp_ln371)> <Delay = 0.00>
ST_17 : Operation 236 [1/1] (0.00ns)   --->   "%ephemeralsk_i_addr = getelementptr i8 %ephemeralsk_i, i64 0, i64 %zext_ln373" [src_montcsa/ec_isogeny.cpp:373]   --->   Operation 236 'getelementptr' 'ephemeralsk_i_addr' <Predicate = (!icmp_ln371)> <Delay = 0.00>
ST_17 : Operation 237 [2/2] (0.66ns)   --->   "%ephemeralsk_i_load = load i5 %ephemeralsk_i_addr" [src_montcsa/ec_isogeny.cpp:373]   --->   Operation 237 'load' 'ephemeralsk_i_load' <Predicate = (!icmp_ln371)> <Delay = 0.66> <CoreInst = "RAM">   --->   Core 82 'RAM' <Latency = 1> <II = 1> <Delay = 0.66> <Storage> <Opcode : 'load' 'store'> <Ports = 2> <Width = 8> <Depth = 32> <RAM>
ST_17 : Operation 238 [1/1] (0.00ns)   --->   "%or_ln = bitconcatenate i5 @_ssdm_op_BitConcatenate.i5.i2.i3, i2 %tmp_s, i3 1" [src_montcsa/ec_isogeny.cpp:373]   --->   Operation 238 'bitconcatenate' 'or_ln' <Predicate = (!icmp_ln371)> <Delay = 0.00>
ST_17 : Operation 239 [1/1] (0.00ns)   --->   "%zext_ln373_9 = zext i5 %or_ln" [src_montcsa/ec_isogeny.cpp:373]   --->   Operation 239 'zext' 'zext_ln373_9' <Predicate = (!icmp_ln371)> <Delay = 0.00>
ST_17 : Operation 240 [1/1] (0.00ns)   --->   "%ephemeralsk_i_addr_8 = getelementptr i8 %ephemeralsk_i, i64 0, i64 %zext_ln373_9" [src_montcsa/ec_isogeny.cpp:373]   --->   Operation 240 'getelementptr' 'ephemeralsk_i_addr_8' <Predicate = (!icmp_ln371)> <Delay = 0.00>
ST_17 : Operation 241 [2/2] (0.66ns)   --->   "%ephemeralsk_i_load_8 = load i5 %ephemeralsk_i_addr_8" [src_montcsa/ec_isogeny.cpp:373]   --->   Operation 241 'load' 'ephemeralsk_i_load_8' <Predicate = (!icmp_ln371)> <Delay = 0.66> <CoreInst = "RAM">   --->   Core 82 'RAM' <Latency = 1> <II = 1> <Delay = 0.66> <Storage> <Opcode : 'load' 'store'> <Ports = 2> <Width = 8> <Depth = 32> <RAM>
ST_17 : Operation 242 [1/1] (0.38ns)   --->   "%store_ln351 = store i8 %i_213, i8 %i_065" [src_montcsa/ec_isogeny.cpp:351]   --->   Operation 242 'store' 'store_ln351' <Predicate = (!icmp_ln371)> <Delay = 0.38>
ST_17 : Operation 243 [1/1] (0.00ns)   --->   "%ret_ln382 = ret" [src_montcsa/ec_isogeny.cpp:382]   --->   Operation 243 'ret' 'ret_ln382' <Predicate = (icmp_ln371)> <Delay = 0.00>

State 18 <SV = 17> <Delay = 0.66>
ST_18 : Operation 244 [1/2] ( I:0.66ns O:0.66ns )   --->   "%ephemeralsk_i_load = load i5 %ephemeralsk_i_addr" [src_montcsa/ec_isogeny.cpp:373]   --->   Operation 244 'load' 'ephemeralsk_i_load' <Predicate = true> <Delay = 0.66> <CoreInst = "RAM">   --->   Core 82 'RAM' <Latency = 1> <II = 1> <Delay = 0.66> <Storage> <Opcode : 'load' 'store'> <Ports = 2> <Width = 8> <Depth = 32> <RAM>
ST_18 : Operation 245 [1/2] ( I:0.66ns O:0.66ns )   --->   "%ephemeralsk_i_load_8 = load i5 %ephemeralsk_i_addr_8" [src_montcsa/ec_isogeny.cpp:373]   --->   Operation 245 'load' 'ephemeralsk_i_load_8' <Predicate = true> <Delay = 0.66> <CoreInst = "RAM">   --->   Core 82 'RAM' <Latency = 1> <II = 1> <Delay = 0.66> <Storage> <Opcode : 'load' 'store'> <Ports = 2> <Width = 8> <Depth = 32> <RAM>
ST_18 : Operation 246 [1/1] (0.00ns)   --->   "%or_ln373_7 = bitconcatenate i5 @_ssdm_op_BitConcatenate.i5.i2.i3, i2 %tmp_s, i3 2" [src_montcsa/ec_isogeny.cpp:373]   --->   Operation 246 'bitconcatenate' 'or_ln373_7' <Predicate = true> <Delay = 0.00>
ST_18 : Operation 247 [1/1] (0.00ns)   --->   "%zext_ln373_10 = zext i5 %or_ln373_7" [src_montcsa/ec_isogeny.cpp:373]   --->   Operation 247 'zext' 'zext_ln373_10' <Predicate = true> <Delay = 0.00>
ST_18 : Operation 248 [1/1] (0.00ns)   --->   "%ephemeralsk_i_addr_9 = getelementptr i8 %ephemeralsk_i, i64 0, i64 %zext_ln373_10" [src_montcsa/ec_isogeny.cpp:373]   --->   Operation 248 'getelementptr' 'ephemeralsk_i_addr_9' <Predicate = true> <Delay = 0.00>
ST_18 : Operation 249 [2/2] (0.66ns)   --->   "%ephemeralsk_i_load_9 = load i5 %ephemeralsk_i_addr_9" [src_montcsa/ec_isogeny.cpp:373]   --->   Operation 249 'load' 'ephemeralsk_i_load_9' <Predicate = true> <Delay = 0.66> <CoreInst = "RAM">   --->   Core 82 'RAM' <Latency = 1> <II = 1> <Delay = 0.66> <Storage> <Opcode : 'load' 'store'> <Ports = 2> <Width = 8> <Depth = 32> <RAM>
ST_18 : Operation 250 [1/1] (0.00ns)   --->   "%or_ln373_8 = bitconcatenate i5 @_ssdm_op_BitConcatenate.i5.i2.i3, i2 %tmp_s, i3 3" [src_montcsa/ec_isogeny.cpp:373]   --->   Operation 250 'bitconcatenate' 'or_ln373_8' <Predicate = true> <Delay = 0.00>
ST_18 : Operation 251 [1/1] (0.00ns)   --->   "%zext_ln373_11 = zext i5 %or_ln373_8" [src_montcsa/ec_isogeny.cpp:373]   --->   Operation 251 'zext' 'zext_ln373_11' <Predicate = true> <Delay = 0.00>
ST_18 : Operation 252 [1/1] (0.00ns)   --->   "%ephemeralsk_i_addr_10 = getelementptr i8 %ephemeralsk_i, i64 0, i64 %zext_ln373_11" [src_montcsa/ec_isogeny.cpp:373]   --->   Operation 252 'getelementptr' 'ephemeralsk_i_addr_10' <Predicate = true> <Delay = 0.00>
ST_18 : Operation 253 [2/2] (0.66ns)   --->   "%ephemeralsk_i_load_10 = load i5 %ephemeralsk_i_addr_10" [src_montcsa/ec_isogeny.cpp:373]   --->   Operation 253 'load' 'ephemeralsk_i_load_10' <Predicate = true> <Delay = 0.66> <CoreInst = "RAM">   --->   Core 82 'RAM' <Latency = 1> <II = 1> <Delay = 0.66> <Storage> <Opcode : 'load' 'store'> <Ports = 2> <Width = 8> <Depth = 32> <RAM>

State 19 <SV = 18> <Delay = 0.66>
ST_19 : Operation 254 [1/2] ( I:0.66ns O:0.66ns )   --->   "%ephemeralsk_i_load_9 = load i5 %ephemeralsk_i_addr_9" [src_montcsa/ec_isogeny.cpp:373]   --->   Operation 254 'load' 'ephemeralsk_i_load_9' <Predicate = true> <Delay = 0.66> <CoreInst = "RAM">   --->   Core 82 'RAM' <Latency = 1> <II = 1> <Delay = 0.66> <Storage> <Opcode : 'load' 'store'> <Ports = 2> <Width = 8> <Depth = 32> <RAM>
ST_19 : Operation 255 [1/2] ( I:0.66ns O:0.66ns )   --->   "%ephemeralsk_i_load_10 = load i5 %ephemeralsk_i_addr_10" [src_montcsa/ec_isogeny.cpp:373]   --->   Operation 255 'load' 'ephemeralsk_i_load_10' <Predicate = true> <Delay = 0.66> <CoreInst = "RAM">   --->   Core 82 'RAM' <Latency = 1> <II = 1> <Delay = 0.66> <Storage> <Opcode : 'load' 'store'> <Ports = 2> <Width = 8> <Depth = 32> <RAM>
ST_19 : Operation 256 [1/1] (0.00ns)   --->   "%or_ln373_9 = bitconcatenate i5 @_ssdm_op_BitConcatenate.i5.i2.i3, i2 %tmp_s, i3 4" [src_montcsa/ec_isogeny.cpp:373]   --->   Operation 256 'bitconcatenate' 'or_ln373_9' <Predicate = true> <Delay = 0.00>
ST_19 : Operation 257 [1/1] (0.00ns)   --->   "%zext_ln373_12 = zext i5 %or_ln373_9" [src_montcsa/ec_isogeny.cpp:373]   --->   Operation 257 'zext' 'zext_ln373_12' <Predicate = true> <Delay = 0.00>
ST_19 : Operation 258 [1/1] (0.00ns)   --->   "%ephemeralsk_i_addr_11 = getelementptr i8 %ephemeralsk_i, i64 0, i64 %zext_ln373_12" [src_montcsa/ec_isogeny.cpp:373]   --->   Operation 258 'getelementptr' 'ephemeralsk_i_addr_11' <Predicate = true> <Delay = 0.00>
ST_19 : Operation 259 [2/2] (0.66ns)   --->   "%ephemeralsk_i_load_11 = load i5 %ephemeralsk_i_addr_11" [src_montcsa/ec_isogeny.cpp:373]   --->   Operation 259 'load' 'ephemeralsk_i_load_11' <Predicate = true> <Delay = 0.66> <CoreInst = "RAM">   --->   Core 82 'RAM' <Latency = 1> <II = 1> <Delay = 0.66> <Storage> <Opcode : 'load' 'store'> <Ports = 2> <Width = 8> <Depth = 32> <RAM>
ST_19 : Operation 260 [1/1] (0.00ns)   --->   "%or_ln373_1 = bitconcatenate i5 @_ssdm_op_BitConcatenate.i5.i2.i3, i2 %tmp_s, i3 5" [src_montcsa/ec_isogeny.cpp:373]   --->   Operation 260 'bitconcatenate' 'or_ln373_1' <Predicate = true> <Delay = 0.00>
ST_19 : Operation 261 [1/1] (0.00ns)   --->   "%zext_ln373_13 = zext i5 %or_ln373_1" [src_montcsa/ec_isogeny.cpp:373]   --->   Operation 261 'zext' 'zext_ln373_13' <Predicate = true> <Delay = 0.00>
ST_19 : Operation 262 [1/1] (0.00ns)   --->   "%ephemeralsk_i_addr_12 = getelementptr i8 %ephemeralsk_i, i64 0, i64 %zext_ln373_13" [src_montcsa/ec_isogeny.cpp:373]   --->   Operation 262 'getelementptr' 'ephemeralsk_i_addr_12' <Predicate = true> <Delay = 0.00>
ST_19 : Operation 263 [2/2] (0.66ns)   --->   "%ephemeralsk_i_load_12 = load i5 %ephemeralsk_i_addr_12" [src_montcsa/ec_isogeny.cpp:373]   --->   Operation 263 'load' 'ephemeralsk_i_load_12' <Predicate = true> <Delay = 0.66> <CoreInst = "RAM">   --->   Core 82 'RAM' <Latency = 1> <II = 1> <Delay = 0.66> <Storage> <Opcode : 'load' 'store'> <Ports = 2> <Width = 8> <Depth = 32> <RAM>

State 20 <SV = 19> <Delay = 0.66>
ST_20 : Operation 264 [1/2] ( I:0.66ns O:0.66ns )   --->   "%ephemeralsk_i_load_11 = load i5 %ephemeralsk_i_addr_11" [src_montcsa/ec_isogeny.cpp:373]   --->   Operation 264 'load' 'ephemeralsk_i_load_11' <Predicate = true> <Delay = 0.66> <CoreInst = "RAM">   --->   Core 82 'RAM' <Latency = 1> <II = 1> <Delay = 0.66> <Storage> <Opcode : 'load' 'store'> <Ports = 2> <Width = 8> <Depth = 32> <RAM>
ST_20 : Operation 265 [1/2] ( I:0.66ns O:0.66ns )   --->   "%ephemeralsk_i_load_12 = load i5 %ephemeralsk_i_addr_12" [src_montcsa/ec_isogeny.cpp:373]   --->   Operation 265 'load' 'ephemeralsk_i_load_12' <Predicate = true> <Delay = 0.66> <CoreInst = "RAM">   --->   Core 82 'RAM' <Latency = 1> <II = 1> <Delay = 0.66> <Storage> <Opcode : 'load' 'store'> <Ports = 2> <Width = 8> <Depth = 32> <RAM>
ST_20 : Operation 266 [1/1] (0.00ns)   --->   "%or_ln373_2 = bitconcatenate i5 @_ssdm_op_BitConcatenate.i5.i2.i3, i2 %tmp_s, i3 6" [src_montcsa/ec_isogeny.cpp:373]   --->   Operation 266 'bitconcatenate' 'or_ln373_2' <Predicate = true> <Delay = 0.00>
ST_20 : Operation 267 [1/1] (0.00ns)   --->   "%zext_ln373_14 = zext i5 %or_ln373_2" [src_montcsa/ec_isogeny.cpp:373]   --->   Operation 267 'zext' 'zext_ln373_14' <Predicate = true> <Delay = 0.00>
ST_20 : Operation 268 [1/1] (0.00ns)   --->   "%ephemeralsk_i_addr_13 = getelementptr i8 %ephemeralsk_i, i64 0, i64 %zext_ln373_14" [src_montcsa/ec_isogeny.cpp:373]   --->   Operation 268 'getelementptr' 'ephemeralsk_i_addr_13' <Predicate = true> <Delay = 0.00>
ST_20 : Operation 269 [2/2] (0.66ns)   --->   "%ephemeralsk_i_load_13 = load i5 %ephemeralsk_i_addr_13" [src_montcsa/ec_isogeny.cpp:373]   --->   Operation 269 'load' 'ephemeralsk_i_load_13' <Predicate = true> <Delay = 0.66> <CoreInst = "RAM">   --->   Core 82 'RAM' <Latency = 1> <II = 1> <Delay = 0.66> <Storage> <Opcode : 'load' 'store'> <Ports = 2> <Width = 8> <Depth = 32> <RAM>
ST_20 : Operation 270 [1/1] (0.00ns)   --->   "%or_ln373_3 = bitconcatenate i5 @_ssdm_op_BitConcatenate.i5.i2.i3, i2 %tmp_s, i3 7" [src_montcsa/ec_isogeny.cpp:373]   --->   Operation 270 'bitconcatenate' 'or_ln373_3' <Predicate = true> <Delay = 0.00>
ST_20 : Operation 271 [1/1] (0.00ns)   --->   "%zext_ln373_15 = zext i5 %or_ln373_3" [src_montcsa/ec_isogeny.cpp:373]   --->   Operation 271 'zext' 'zext_ln373_15' <Predicate = true> <Delay = 0.00>
ST_20 : Operation 272 [1/1] (0.00ns)   --->   "%ephemeralsk_i_addr_14 = getelementptr i8 %ephemeralsk_i, i64 0, i64 %zext_ln373_15" [src_montcsa/ec_isogeny.cpp:373]   --->   Operation 272 'getelementptr' 'ephemeralsk_i_addr_14' <Predicate = true> <Delay = 0.00>
ST_20 : Operation 273 [2/2] (0.66ns)   --->   "%ephemeralsk_i_load_14 = load i5 %ephemeralsk_i_addr_14" [src_montcsa/ec_isogeny.cpp:373]   --->   Operation 273 'load' 'ephemeralsk_i_load_14' <Predicate = true> <Delay = 0.66> <CoreInst = "RAM">   --->   Core 82 'RAM' <Latency = 1> <II = 1> <Delay = 0.66> <Storage> <Opcode : 'load' 'store'> <Ports = 2> <Width = 8> <Depth = 32> <RAM>

State 21 <SV = 20> <Delay = 2.16>
ST_21 : Operation 274 [1/2] ( I:0.66ns O:0.66ns )   --->   "%ephemeralsk_i_load_13 = load i5 %ephemeralsk_i_addr_13" [src_montcsa/ec_isogeny.cpp:373]   --->   Operation 274 'load' 'ephemeralsk_i_load_13' <Predicate = true> <Delay = 0.66> <CoreInst = "RAM">   --->   Core 82 'RAM' <Latency = 1> <II = 1> <Delay = 0.66> <Storage> <Opcode : 'load' 'store'> <Ports = 2> <Width = 8> <Depth = 32> <RAM>
ST_21 : Operation 275 [1/2] ( I:0.66ns O:0.66ns )   --->   "%ephemeralsk_i_load_14 = load i5 %ephemeralsk_i_addr_14" [src_montcsa/ec_isogeny.cpp:373]   --->   Operation 275 'load' 'ephemeralsk_i_load_14' <Predicate = true> <Delay = 0.66> <CoreInst = "RAM">   --->   Core 82 'RAM' <Latency = 1> <II = 1> <Delay = 0.66> <Storage> <Opcode : 'load' 'store'> <Ports = 2> <Width = 8> <Depth = 32> <RAM>
ST_21 : Operation 276 [1/1] (0.00ns)   --->   "%or_ln373_s = bitconcatenate i64 @_ssdm_op_BitConcatenate.i64.i8.i8.i8.i8.i8.i8.i8.i8, i8 %ephemeralsk_i_load_14, i8 %ephemeralsk_i_load_13, i8 %ephemeralsk_i_load_12, i8 %ephemeralsk_i_load_11, i8 %ephemeralsk_i_load_10, i8 %ephemeralsk_i_load_9, i8 %ephemeralsk_i_load_8, i8 %ephemeralsk_i_load" [src_montcsa/ec_isogeny.cpp:373]   --->   Operation 276 'bitconcatenate' 'or_ln373_s' <Predicate = true> <Delay = 0.00>
ST_21 : Operation 277 [1/1] (0.00ns)   --->   "%zext_ln373_2 = zext i6 %trunc_ln371" [src_montcsa/ec_isogeny.cpp:373]   --->   Operation 277 'zext' 'zext_ln373_2' <Predicate = true> <Delay = 0.00>
ST_21 : Operation 278 [1/1] (1.09ns)   --->   "%lshr_ln373 = lshr i64 %or_ln373_s, i64 %zext_ln373_2" [src_montcsa/ec_isogeny.cpp:373]   --->   Operation 278 'lshr' 'lshr_ln373' <Predicate = true> <Delay = 1.09> <CoreInst = "Shifter">   --->   Core 75 'Shifter' <Latency = 0> <II = 1> <Delay = 1.09> <FuncUnit> <Opcode : 'shl' 'lshr' 'ashr'> <InPorts = 2> <OutPorts = 1>
ST_21 : Operation 279 [1/1] (0.00ns)   --->   "%bit = trunc i64 %lshr_ln373" [src_montcsa/ec_isogeny.cpp:373]   --->   Operation 279 'trunc' 'bit' <Predicate = true> <Delay = 0.00>
ST_21 : Operation 280 [1/1] (0.12ns)   --->   "%swap = xor i1 %bit, i1 %prevbit" [src_montcsa/ec_isogeny.cpp:374]   --->   Operation 280 'xor' 'swap' <Predicate = true> <Delay = 0.12> <CoreInst = "LogicGate">   --->   Core 74 'LogicGate' <Latency = 0> <II = 1> <Delay = 0.12> <FuncUnit> <Opcode : 'and' 'or' 'xor'> <InPorts = 2> <OutPorts = 1>
ST_21 : Operation 281 [2/2] (0.27ns)   --->   "%call_ln374 = call void @LADDER3PT_impl<250>_Pipeline_VITIS_LOOP_287_1, i64 %R2_X, i64 %R2_X_4, i64 %R2_Z, i64 %R2_Z_4, i64 %R_X, i1 %swap, i64 %R_Z" [src_montcsa/ec_isogeny.cpp:374]   --->   Operation 281 'call' 'call_ln374' <Predicate = true> <Delay = 0.27> <CoreType = "Generic">   --->   Generic Core
ST_21 : Operation 282 [2/2] (1.42ns)   --->   "%call_ln127 = call void @fpadd503.1565, i64 %R0_X, i1 0, i64 %R0_Z, i1 0, i64 %t0, i1 0, i64 %p503x2_1" [src_montcsa/fpx.cpp:127->src_montcsa/ec_isogeny.cpp:260->src_montcsa/ec_isogeny.cpp:379]   --->   Operation 282 'call' 'call_ln127' <Predicate = true> <Delay = 1.42> <CoreType = "Generic">   --->   Generic Core

State 22 <SV = 21> <Delay = 1.48>
ST_22 : Operation 283 [1/2] (1.48ns)   --->   "%call_ln374 = call void @LADDER3PT_impl<250>_Pipeline_VITIS_LOOP_287_1, i64 %R2_X, i64 %R2_X_4, i64 %R2_Z, i64 %R2_Z_4, i64 %R_X, i1 %swap, i64 %R_Z" [src_montcsa/ec_isogeny.cpp:374]   --->   Operation 283 'call' 'call_ln374' <Predicate = true> <Delay = 1.48> <CoreType = "Generic">   --->   Generic Core
ST_22 : Operation 284 [1/2] (0.00ns)   --->   "%call_ln127 = call void @fpadd503.1565, i64 %R0_X, i1 0, i64 %R0_Z, i1 0, i64 %t0, i1 0, i64 %p503x2_1" [src_montcsa/fpx.cpp:127->src_montcsa/ec_isogeny.cpp:260->src_montcsa/ec_isogeny.cpp:379]   --->   Operation 284 'call' 'call_ln127' <Predicate = true> <Delay = 0.00> <CoreType = "Generic">   --->   Generic Core

State 23 <SV = 22> <Delay = 1.42>
ST_23 : Operation 285 [2/2] (1.42ns)   --->   "%call_ln128 = call void @fpadd503.1565, i64 %R0_X, i1 1, i64 %R0_Z, i1 1, i64 %t0, i1 1, i64 %p503x2_1" [src_montcsa/fpx.cpp:128->src_montcsa/ec_isogeny.cpp:260->src_montcsa/ec_isogeny.cpp:379]   --->   Operation 285 'call' 'call_ln128' <Predicate = true> <Delay = 1.42> <CoreType = "Generic">   --->   Generic Core
ST_23 : Operation 286 [2/2] (0.70ns)   --->   "%call_ln133 = call void @fpsub503.193, i64 %R2_X, i64 %R2_Z, i64 %t2, i1 0, i64 %p503x2_1" [src_montcsa/fpx.cpp:133->src_montcsa/ec_isogeny.cpp:263->src_montcsa/ec_isogeny.cpp:379]   --->   Operation 286 'call' 'call_ln133' <Predicate = true> <Delay = 0.70> <CoreType = "Generic">   --->   Generic Core

State 24 <SV = 23> <Delay = 0.00>
ST_24 : Operation 287 [1/2] (0.00ns)   --->   "%call_ln128 = call void @fpadd503.1565, i64 %R0_X, i1 1, i64 %R0_Z, i1 1, i64 %t0, i1 1, i64 %p503x2_1" [src_montcsa/fpx.cpp:128->src_montcsa/ec_isogeny.cpp:260->src_montcsa/ec_isogeny.cpp:379]   --->   Operation 287 'call' 'call_ln128' <Predicate = true> <Delay = 0.00> <CoreType = "Generic">   --->   Generic Core
ST_24 : Operation 288 [1/2] (0.00ns)   --->   "%call_ln133 = call void @fpsub503.193, i64 %R2_X, i64 %R2_Z, i64 %t2, i1 0, i64 %p503x2_1" [src_montcsa/fpx.cpp:133->src_montcsa/ec_isogeny.cpp:263->src_montcsa/ec_isogeny.cpp:379]   --->   Operation 288 'call' 'call_ln133' <Predicate = true> <Delay = 0.00> <CoreType = "Generic">   --->   Generic Core

State 25 <SV = 24> <Delay = 1.42>
ST_25 : Operation 289 [2/2] (1.42ns)   --->   "%call_ln133 = call void @fpsub503.27, i64 %R0_X, i1 0, i64 %R0_Z, i1 0, i64 %t1, i1 0, i64 %p503x2_1" [src_montcsa/fpx.cpp:133->src_montcsa/ec_isogeny.cpp:261->src_montcsa/ec_isogeny.cpp:379]   --->   Operation 289 'call' 'call_ln133' <Predicate = true> <Delay = 1.42> <CoreType = "Generic">   --->   Generic Core
ST_25 : Operation 290 [2/2] (0.70ns)   --->   "%call_ln134 = call void @fpsub503.193, i64 %R2_X_4, i64 %R2_Z_4, i64 %t2, i1 1, i64 %p503x2_1" [src_montcsa/fpx.cpp:134->src_montcsa/ec_isogeny.cpp:263->src_montcsa/ec_isogeny.cpp:379]   --->   Operation 290 'call' 'call_ln134' <Predicate = true> <Delay = 0.70> <CoreType = "Generic">   --->   Generic Core
ST_25 : Operation 291 [2/2] (0.00ns)   --->   "%call_ln127 = call void @fpadd503.154, i64 %R2_X, i64 %R2_Z, i64 %p503x2_1" [src_montcsa/fpx.cpp:127->src_montcsa/ec_isogeny.cpp:265->src_montcsa/ec_isogeny.cpp:379]   --->   Operation 291 'call' 'call_ln127' <Predicate = true> <Delay = 0.00> <CoreType = "Generic">   --->   Generic Core

State 26 <SV = 25> <Delay = 0.00>
ST_26 : Operation 292 [1/2] (0.00ns)   --->   "%call_ln133 = call void @fpsub503.27, i64 %R0_X, i1 0, i64 %R0_Z, i1 0, i64 %t1, i1 0, i64 %p503x2_1" [src_montcsa/fpx.cpp:133->src_montcsa/ec_isogeny.cpp:261->src_montcsa/ec_isogeny.cpp:379]   --->   Operation 292 'call' 'call_ln133' <Predicate = true> <Delay = 0.00> <CoreType = "Generic">   --->   Generic Core
ST_26 : Operation 293 [1/2] (0.00ns)   --->   "%call_ln134 = call void @fpsub503.193, i64 %R2_X_4, i64 %R2_Z_4, i64 %t2, i1 1, i64 %p503x2_1" [src_montcsa/fpx.cpp:134->src_montcsa/ec_isogeny.cpp:263->src_montcsa/ec_isogeny.cpp:379]   --->   Operation 293 'call' 'call_ln134' <Predicate = true> <Delay = 0.00> <CoreType = "Generic">   --->   Generic Core
ST_26 : Operation 294 [1/2] (0.00ns)   --->   "%call_ln127 = call void @fpadd503.154, i64 %R2_X, i64 %R2_Z, i64 %p503x2_1" [src_montcsa/fpx.cpp:127->src_montcsa/ec_isogeny.cpp:265->src_montcsa/ec_isogeny.cpp:379]   --->   Operation 294 'call' 'call_ln127' <Predicate = true> <Delay = 0.00> <CoreType = "Generic">   --->   Generic Core

State 27 <SV = 26> <Delay = 1.42>
ST_27 : Operation 295 [2/2] (1.42ns)   --->   "%call_ln134 = call void @fpsub503.27, i64 %R0_X, i1 1, i64 %R0_Z, i1 1, i64 %t1, i1 1, i64 %p503x2_1" [src_montcsa/fpx.cpp:134->src_montcsa/ec_isogeny.cpp:261->src_montcsa/ec_isogeny.cpp:379]   --->   Operation 295 'call' 'call_ln134' <Predicate = true> <Delay = 1.42> <CoreType = "Generic">   --->   Generic Core
ST_27 : Operation 296 [2/2] (1.42ns)   --->   "%call_ln145 = call void @fpcorrection503, i64 %t2, i1 0, i64 %p503_1" [src_montcsa/fpx.cpp:145->src_montcsa/ec_isogeny.cpp:264->src_montcsa/ec_isogeny.cpp:379]   --->   Operation 296 'call' 'call_ln145' <Predicate = true> <Delay = 1.42> <CoreType = "Generic">   --->   Generic Core
ST_27 : Operation 297 [2/2] (0.00ns)   --->   "%call_ln128 = call void @fpadd503.154, i64 %R2_X_4, i64 %R2_Z_4, i64 %p503x2_1" [src_montcsa/fpx.cpp:128->src_montcsa/ec_isogeny.cpp:265->src_montcsa/ec_isogeny.cpp:379]   --->   Operation 297 'call' 'call_ln128' <Predicate = true> <Delay = 0.00> <CoreType = "Generic">   --->   Generic Core

State 28 <SV = 27> <Delay = 0.00>
ST_28 : Operation 298 [1/2] (0.00ns)   --->   "%call_ln134 = call void @fpsub503.27, i64 %R0_X, i1 1, i64 %R0_Z, i1 1, i64 %t1, i1 1, i64 %p503x2_1" [src_montcsa/fpx.cpp:134->src_montcsa/ec_isogeny.cpp:261->src_montcsa/ec_isogeny.cpp:379]   --->   Operation 298 'call' 'call_ln134' <Predicate = true> <Delay = 0.00> <CoreType = "Generic">   --->   Generic Core
ST_28 : Operation 299 [1/2] (0.00ns)   --->   "%call_ln145 = call void @fpcorrection503, i64 %t2, i1 0, i64 %p503_1" [src_montcsa/fpx.cpp:145->src_montcsa/ec_isogeny.cpp:264->src_montcsa/ec_isogeny.cpp:379]   --->   Operation 299 'call' 'call_ln145' <Predicate = true> <Delay = 0.00> <CoreType = "Generic">   --->   Generic Core
ST_28 : Operation 300 [1/2] (0.00ns)   --->   "%call_ln128 = call void @fpadd503.154, i64 %R2_X_4, i64 %R2_Z_4, i64 %p503x2_1" [src_montcsa/fpx.cpp:128->src_montcsa/ec_isogeny.cpp:265->src_montcsa/ec_isogeny.cpp:379]   --->   Operation 300 'call' 'call_ln128' <Predicate = true> <Delay = 0.00> <CoreType = "Generic">   --->   Generic Core

State 29 <SV = 28> <Delay = 1.42>
ST_29 : Operation 301 [2/2] (0.00ns)   --->   "%call_ln262 = call void @fp2sqr503_mont.1, i64 %t0, i64 %R0_X, i64 %p503x2_1" [src_montcsa/ec_isogeny.cpp:262->src_montcsa/ec_isogeny.cpp:379]   --->   Operation 301 'call' 'call_ln262' <Predicate = true> <Delay = 0.00> <CoreType = "Generic">   --->   Generic Core
ST_29 : Operation 302 [2/2] (1.42ns)   --->   "%call_ln146 = call void @fpcorrection503, i64 %t2, i1 1, i64 %p503_1" [src_montcsa/fpx.cpp:146->src_montcsa/ec_isogeny.cpp:264->src_montcsa/ec_isogeny.cpp:379]   --->   Operation 302 'call' 'call_ln146' <Predicate = true> <Delay = 1.42> <CoreType = "Generic">   --->   Generic Core

State 30 <SV = 29> <Delay = 0.00>
ST_30 : Operation 303 [1/2] (0.00ns)   --->   "%call_ln262 = call void @fp2sqr503_mont.1, i64 %t0, i64 %R0_X, i64 %p503x2_1" [src_montcsa/ec_isogeny.cpp:262->src_montcsa/ec_isogeny.cpp:379]   --->   Operation 303 'call' 'call_ln262' <Predicate = true> <Delay = 0.00> <CoreType = "Generic">   --->   Generic Core
ST_30 : Operation 304 [1/2] (0.00ns)   --->   "%call_ln146 = call void @fpcorrection503, i64 %t2, i1 1, i64 %p503_1" [src_montcsa/fpx.cpp:146->src_montcsa/ec_isogeny.cpp:264->src_montcsa/ec_isogeny.cpp:379]   --->   Operation 304 'call' 'call_ln146' <Predicate = true> <Delay = 0.00> <CoreType = "Generic">   --->   Generic Core

State 31 <SV = 30> <Delay = 0.00>
ST_31 : Operation 305 [2/2] (0.00ns)   --->   "%call_ln266 = call void @fp2mul503_mont.333.2, i64 %t0, i64 %t2, i64 %p503_1" [src_montcsa/ec_isogeny.cpp:266->src_montcsa/ec_isogeny.cpp:379]   --->   Operation 305 'call' 'call_ln266' <Predicate = true> <Delay = 0.00> <CoreType = "Generic">   --->   Generic Core
ST_31 : Operation 306 [2/2] (0.00ns)   --->   "%call_ln267 = call void @fp2sqr503_mont.1, i64 %t1, i64 %R0_Z, i64 %p503x2_1" [src_montcsa/ec_isogeny.cpp:267->src_montcsa/ec_isogeny.cpp:379]   --->   Operation 306 'call' 'call_ln267' <Predicate = true> <Delay = 0.00> <CoreType = "Generic">   --->   Generic Core

State 32 <SV = 31> <Delay = 0.00>
ST_32 : Operation 307 [1/2] (0.00ns)   --->   "%call_ln266 = call void @fp2mul503_mont.333.2, i64 %t0, i64 %t2, i64 %p503_1" [src_montcsa/ec_isogeny.cpp:266->src_montcsa/ec_isogeny.cpp:379]   --->   Operation 307 'call' 'call_ln266' <Predicate = true> <Delay = 0.00> <CoreType = "Generic">   --->   Generic Core
ST_32 : Operation 308 [1/2] (0.00ns)   --->   "%call_ln267 = call void @fp2sqr503_mont.1, i64 %t1, i64 %R0_Z, i64 %p503x2_1" [src_montcsa/ec_isogeny.cpp:267->src_montcsa/ec_isogeny.cpp:379]   --->   Operation 308 'call' 'call_ln267' <Predicate = true> <Delay = 0.00> <CoreType = "Generic">   --->   Generic Core

State 33 <SV = 32> <Delay = 1.42>
ST_33 : Operation 309 [2/2] (0.00ns)   --->   "%call_ln268 = call void @fp2mul503_mont.3, i64 %t1, i64 %R2_X, i64 %R2_X_4, i64 %p503_1" [src_montcsa/ec_isogeny.cpp:268->src_montcsa/ec_isogeny.cpp:379]   --->   Operation 309 'call' 'call_ln268' <Predicate = true> <Delay = 0.00> <CoreType = "Generic">   --->   Generic Core
ST_33 : Operation 310 [2/2] (1.42ns)   --->   "%call_ln133 = call void @fpsub503.27, i64 %R0_X, i1 0, i64 %R0_Z, i1 0, i64 %t2, i1 0, i64 %p503x2_1" [src_montcsa/fpx.cpp:133->src_montcsa/ec_isogeny.cpp:269->src_montcsa/ec_isogeny.cpp:379]   --->   Operation 310 'call' 'call_ln133' <Predicate = true> <Delay = 1.42> <CoreType = "Generic">   --->   Generic Core

State 34 <SV = 33> <Delay = 0.00>
ST_34 : Operation 311 [1/2] (0.00ns)   --->   "%call_ln268 = call void @fp2mul503_mont.3, i64 %t1, i64 %R2_X, i64 %R2_X_4, i64 %p503_1" [src_montcsa/ec_isogeny.cpp:268->src_montcsa/ec_isogeny.cpp:379]   --->   Operation 311 'call' 'call_ln268' <Predicate = true> <Delay = 0.00> <CoreType = "Generic">   --->   Generic Core
ST_34 : Operation 312 [1/2] (0.00ns)   --->   "%call_ln133 = call void @fpsub503.27, i64 %R0_X, i1 0, i64 %R0_Z, i1 0, i64 %t2, i1 0, i64 %p503x2_1" [src_montcsa/fpx.cpp:133->src_montcsa/ec_isogeny.cpp:269->src_montcsa/ec_isogeny.cpp:379]   --->   Operation 312 'call' 'call_ln133' <Predicate = true> <Delay = 0.00> <CoreType = "Generic">   --->   Generic Core

State 35 <SV = 34> <Delay = 1.42>
ST_35 : Operation 313 [2/2] (1.42ns)   --->   "%call_ln134 = call void @fpsub503.27, i64 %R0_X, i1 1, i64 %R0_Z, i1 1, i64 %t2, i1 1, i64 %p503x2_1" [src_montcsa/fpx.cpp:134->src_montcsa/ec_isogeny.cpp:269->src_montcsa/ec_isogeny.cpp:379]   --->   Operation 313 'call' 'call_ln134' <Predicate = true> <Delay = 1.42> <CoreType = "Generic">   --->   Generic Core
ST_35 : Operation 314 [2/2] (1.42ns)   --->   "%call_ln133 = call void @fpsub503, i64 %t0, i1 0, i64 %t1, i1 0, i64 %R2_Z, i64 %p503x2_1" [src_montcsa/fpx.cpp:133->src_montcsa/ec_isogeny.cpp:272->src_montcsa/ec_isogeny.cpp:379]   --->   Operation 314 'call' 'call_ln133' <Predicate = true> <Delay = 1.42> <CoreType = "Generic">   --->   Generic Core

State 36 <SV = 35> <Delay = 0.00>
ST_36 : Operation 315 [1/2] (0.00ns)   --->   "%call_ln134 = call void @fpsub503.27, i64 %R0_X, i1 1, i64 %R0_Z, i1 1, i64 %t2, i1 1, i64 %p503x2_1" [src_montcsa/fpx.cpp:134->src_montcsa/ec_isogeny.cpp:269->src_montcsa/ec_isogeny.cpp:379]   --->   Operation 315 'call' 'call_ln134' <Predicate = true> <Delay = 0.00> <CoreType = "Generic">   --->   Generic Core
ST_36 : Operation 316 [1/2] (0.00ns)   --->   "%call_ln133 = call void @fpsub503, i64 %t0, i1 0, i64 %t1, i1 0, i64 %R2_Z, i64 %p503x2_1" [src_montcsa/fpx.cpp:133->src_montcsa/ec_isogeny.cpp:272->src_montcsa/ec_isogeny.cpp:379]   --->   Operation 316 'call' 'call_ln133' <Predicate = true> <Delay = 0.00> <CoreType = "Generic">   --->   Generic Core

State 37 <SV = 36> <Delay = 1.42>
ST_37 : Operation 317 [2/2] (0.00ns)   --->   "%call_ln270 = call void @fp2mul503_mont, i64 %R0_X, i64 %R0_Z, i64 %p503_1" [src_montcsa/ec_isogeny.cpp:270->src_montcsa/ec_isogeny.cpp:379]   --->   Operation 317 'call' 'call_ln270' <Predicate = true> <Delay = 0.00> <CoreType = "Generic">   --->   Generic Core
ST_37 : Operation 318 [2/2] (0.00ns)   --->   "%call_ln271 = call void @fp2mul503_mont.6, i64 %t2, i64 %A24, i64 %A24_2, i64 %R2_X, i64 %R2_X_4, i64 %p503_1" [src_montcsa/ec_isogeny.cpp:271->src_montcsa/ec_isogeny.cpp:379]   --->   Operation 318 'call' 'call_ln271' <Predicate = true> <Delay = 0.00> <CoreType = "Generic">   --->   Generic Core
ST_37 : Operation 319 [2/2] (1.42ns)   --->   "%call_ln134 = call void @fpsub503, i64 %t0, i1 1, i64 %t1, i1 1, i64 %R2_Z_4, i64 %p503x2_1" [src_montcsa/fpx.cpp:134->src_montcsa/ec_isogeny.cpp:272->src_montcsa/ec_isogeny.cpp:379]   --->   Operation 319 'call' 'call_ln134' <Predicate = true> <Delay = 1.42> <CoreType = "Generic">   --->   Generic Core

State 38 <SV = 37> <Delay = 0.00>
ST_38 : Operation 320 [1/2] (0.00ns)   --->   "%call_ln270 = call void @fp2mul503_mont, i64 %R0_X, i64 %R0_Z, i64 %p503_1" [src_montcsa/ec_isogeny.cpp:270->src_montcsa/ec_isogeny.cpp:379]   --->   Operation 320 'call' 'call_ln270' <Predicate = true> <Delay = 0.00> <CoreType = "Generic">   --->   Generic Core
ST_38 : Operation 321 [1/2] (0.00ns)   --->   "%call_ln271 = call void @fp2mul503_mont.6, i64 %t2, i64 %A24, i64 %A24_2, i64 %R2_X, i64 %R2_X_4, i64 %p503_1" [src_montcsa/ec_isogeny.cpp:271->src_montcsa/ec_isogeny.cpp:379]   --->   Operation 321 'call' 'call_ln271' <Predicate = true> <Delay = 0.00> <CoreType = "Generic">   --->   Generic Core
ST_38 : Operation 322 [1/2] (0.00ns)   --->   "%call_ln134 = call void @fpsub503, i64 %t0, i1 1, i64 %t1, i1 1, i64 %R2_Z_4, i64 %p503x2_1" [src_montcsa/fpx.cpp:134->src_montcsa/ec_isogeny.cpp:272->src_montcsa/ec_isogeny.cpp:379]   --->   Operation 322 'call' 'call_ln134' <Predicate = true> <Delay = 0.00> <CoreType = "Generic">   --->   Generic Core

State 39 <SV = 38> <Delay = 1.42>
ST_39 : Operation 323 [2/2] (1.42ns)   --->   "%call_ln127 = call void @fpadd503.153, i64 %R2_X, i64 %R0_Z, i1 0, i64 %p503x2_1" [src_montcsa/fpx.cpp:127->src_montcsa/ec_isogeny.cpp:273->src_montcsa/ec_isogeny.cpp:379]   --->   Operation 323 'call' 'call_ln127' <Predicate = true> <Delay = 1.42> <CoreType = "Generic">   --->   Generic Core
ST_39 : Operation 324 [2/2] (0.00ns)   --->   "%call_ln276 = call void @fp2sqr503_mont.7, i64 %R2_Z, i64 %R2_Z_4, i64 %p503x2_1" [src_montcsa/ec_isogeny.cpp:276->src_montcsa/ec_isogeny.cpp:379]   --->   Operation 324 'call' 'call_ln276' <Predicate = true> <Delay = 0.00> <CoreType = "Generic">   --->   Generic Core

State 40 <SV = 39> <Delay = 0.00>
ST_40 : Operation 325 [1/2] (0.00ns)   --->   "%call_ln127 = call void @fpadd503.153, i64 %R2_X, i64 %R0_Z, i1 0, i64 %p503x2_1" [src_montcsa/fpx.cpp:127->src_montcsa/ec_isogeny.cpp:273->src_montcsa/ec_isogeny.cpp:379]   --->   Operation 325 'call' 'call_ln127' <Predicate = true> <Delay = 0.00> <CoreType = "Generic">   --->   Generic Core
ST_40 : Operation 326 [1/2] (0.00ns)   --->   "%call_ln276 = call void @fp2sqr503_mont.7, i64 %R2_Z, i64 %R2_Z_4, i64 %p503x2_1" [src_montcsa/ec_isogeny.cpp:276->src_montcsa/ec_isogeny.cpp:379]   --->   Operation 326 'call' 'call_ln276' <Predicate = true> <Delay = 0.00> <CoreType = "Generic">   --->   Generic Core

State 41 <SV = 40> <Delay = 1.42>
ST_41 : Operation 327 [2/2] (1.42ns)   --->   "%call_ln128 = call void @fpadd503.153, i64 %R2_X_4, i64 %R0_Z, i1 1, i64 %p503x2_1" [src_montcsa/fpx.cpp:128->src_montcsa/ec_isogeny.cpp:273->src_montcsa/ec_isogeny.cpp:379]   --->   Operation 327 'call' 'call_ln128' <Predicate = true> <Delay = 1.42> <CoreType = "Generic">   --->   Generic Core
ST_41 : Operation 328 [2/2] (1.42ns)   --->   "%call_ln127 = call void @fpadd503, i64 %t0, i1 0, i64 %t1, i1 0, i64 %R2_X, i64 %p503x2_1" [src_montcsa/fpx.cpp:127->src_montcsa/ec_isogeny.cpp:274->src_montcsa/ec_isogeny.cpp:379]   --->   Operation 328 'call' 'call_ln127' <Predicate = true> <Delay = 1.42> <CoreType = "Generic">   --->   Generic Core
ST_41 : Operation 329 [2/2] (0.00ns)   --->   "%call_ln278 = call void @fp2mul503_mont.51, i64 %R2_Z, i64 %R2_Z_4, i64 %R_X, i64 %p503_1" [src_montcsa/ec_isogeny.cpp:278->src_montcsa/ec_isogeny.cpp:379]   --->   Operation 329 'call' 'call_ln278' <Predicate = true> <Delay = 0.00> <CoreType = "Generic">   --->   Generic Core

State 42 <SV = 41> <Delay = 0.00>
ST_42 : Operation 330 [1/2] (0.00ns)   --->   "%call_ln128 = call void @fpadd503.153, i64 %R2_X_4, i64 %R0_Z, i1 1, i64 %p503x2_1" [src_montcsa/fpx.cpp:128->src_montcsa/ec_isogeny.cpp:273->src_montcsa/ec_isogeny.cpp:379]   --->   Operation 330 'call' 'call_ln128' <Predicate = true> <Delay = 0.00> <CoreType = "Generic">   --->   Generic Core
ST_42 : Operation 331 [1/2] (0.00ns)   --->   "%call_ln127 = call void @fpadd503, i64 %t0, i1 0, i64 %t1, i1 0, i64 %R2_X, i64 %p503x2_1" [src_montcsa/fpx.cpp:127->src_montcsa/ec_isogeny.cpp:274->src_montcsa/ec_isogeny.cpp:379]   --->   Operation 331 'call' 'call_ln127' <Predicate = true> <Delay = 0.00> <CoreType = "Generic">   --->   Generic Core
ST_42 : Operation 332 [1/2] (0.00ns)   --->   "%call_ln278 = call void @fp2mul503_mont.51, i64 %R2_Z, i64 %R2_Z_4, i64 %R_X, i64 %p503_1" [src_montcsa/ec_isogeny.cpp:278->src_montcsa/ec_isogeny.cpp:379]   --->   Operation 332 'call' 'call_ln278' <Predicate = true> <Delay = 0.00> <CoreType = "Generic">   --->   Generic Core

State 43 <SV = 42> <Delay = 1.42>
ST_43 : Operation 333 [2/2] (1.42ns)   --->   "%call_ln128 = call void @fpadd503, i64 %t0, i1 1, i64 %t1, i1 1, i64 %R2_X_4, i64 %p503x2_1" [src_montcsa/fpx.cpp:128->src_montcsa/ec_isogeny.cpp:274->src_montcsa/ec_isogeny.cpp:379]   --->   Operation 333 'call' 'call_ln128' <Predicate = true> <Delay = 1.42> <CoreType = "Generic">   --->   Generic Core
ST_43 : Operation 334 [2/2] (0.00ns)   --->   "%call_ln275 = call void @fp2mul503_mont.3321, i64 %R0_Z, i64 %t2, i64 %p503_1" [src_montcsa/ec_isogeny.cpp:275->src_montcsa/ec_isogeny.cpp:379]   --->   Operation 334 'call' 'call_ln275' <Predicate = true> <Delay = 0.00> <CoreType = "Generic">   --->   Generic Core

State 44 <SV = 43> <Delay = 0.00>
ST_44 : Operation 335 [1/2] (0.00ns)   --->   "%call_ln128 = call void @fpadd503, i64 %t0, i1 1, i64 %t1, i1 1, i64 %R2_X_4, i64 %p503x2_1" [src_montcsa/fpx.cpp:128->src_montcsa/ec_isogeny.cpp:274->src_montcsa/ec_isogeny.cpp:379]   --->   Operation 335 'call' 'call_ln128' <Predicate = true> <Delay = 0.00> <CoreType = "Generic">   --->   Generic Core
ST_44 : Operation 336 [1/2] (0.00ns)   --->   "%call_ln275 = call void @fp2mul503_mont.3321, i64 %R0_Z, i64 %t2, i64 %p503_1" [src_montcsa/ec_isogeny.cpp:275->src_montcsa/ec_isogeny.cpp:379]   --->   Operation 336 'call' 'call_ln275' <Predicate = true> <Delay = 0.00> <CoreType = "Generic">   --->   Generic Core

State 45 <SV = 44> <Delay = 0.00>
ST_45 : Operation 337 [2/2] (0.00ns)   --->   "%call_ln277 = call void @fp2sqr503_mont.7, i64 %R2_X, i64 %R2_X_4, i64 %p503x2_1" [src_montcsa/ec_isogeny.cpp:277->src_montcsa/ec_isogeny.cpp:379]   --->   Operation 337 'call' 'call_ln277' <Predicate = true> <Delay = 0.00> <CoreType = "Generic">   --->   Generic Core

State 46 <SV = 45> <Delay = 0.00>
ST_46 : Operation 338 [1/2] (0.00ns)   --->   "%call_ln277 = call void @fp2sqr503_mont.7, i64 %R2_X, i64 %R2_X_4, i64 %p503x2_1" [src_montcsa/ec_isogeny.cpp:277->src_montcsa/ec_isogeny.cpp:379]   --->   Operation 338 'call' 'call_ln277' <Predicate = true> <Delay = 0.00> <CoreType = "Generic">   --->   Generic Core

State 47 <SV = 46> <Delay = 0.00>
ST_47 : Operation 339 [2/2] (0.00ns)   --->   "%call_ln380 = call void @fp2mul503_mont.51, i64 %R2_X, i64 %R2_X_4, i64 %R_Z, i64 %p503_1" [src_montcsa/ec_isogeny.cpp:380]   --->   Operation 339 'call' 'call_ln380' <Predicate = true> <Delay = 0.00> <CoreType = "Generic">   --->   Generic Core

State 48 <SV = 47> <Delay = 0.00>
ST_48 : Operation 340 [1/1] (0.00ns)   --->   "%speclooptripcount_ln351 = speclooptripcount void @_ssdm_op_SpecLoopTripCount, i64 250, i64 250, i64 250" [src_montcsa/ec_isogeny.cpp:351]   --->   Operation 340 'speclooptripcount' 'speclooptripcount_ln351' <Predicate = true> <Delay = 0.00>
ST_48 : Operation 341 [1/1] (0.00ns)   --->   "%specloopname_ln371 = specloopname void @_ssdm_op_SpecLoopName, void @empty_7" [src_montcsa/ec_isogeny.cpp:371]   --->   Operation 341 'specloopname' 'specloopname_ln371' <Predicate = true> <Delay = 0.00>
ST_48 : Operation 342 [1/2] (0.00ns)   --->   "%call_ln380 = call void @fp2mul503_mont.51, i64 %R2_X, i64 %R2_X_4, i64 %R_Z, i64 %p503_1" [src_montcsa/ec_isogeny.cpp:380]   --->   Operation 342 'call' 'call_ln380' <Predicate = true> <Delay = 0.00> <CoreType = "Generic">   --->   Generic Core
ST_48 : Operation 343 [1/1] (0.00ns)   --->   "%br_ln371 = br void %for.inc" [src_montcsa/ec_isogeny.cpp:371]   --->   Operation 343 'br' 'br_ln371' <Predicate = true> <Delay = 0.00>


============================================================
+ Verbose Summary: Timing violations
============================================================
Target clock period: 10.000ns, clock uncertainty: 2.700ns.

 <State 1>: 0.714ns
The critical path consists of the following:
	'alloca' operation 64 bit ('c', src_montcsa/ec_isogeny.cpp:348) [17]  (0.000 ns)
	'getelementptr' operation 4 bit ('R0_X_addr') [18]  (0.000 ns)
	'store' operation 0 bit ('store_ln0') of constant 0 on array 'c', src_montcsa/ec_isogeny.cpp:348 [89]  (0.714 ns)

 <State 2>: 1.482ns
The critical path consists of the following:
	'call' operation 0 bit ('call_ln0') to 'LADDER3PT_impl<250>_Pipeline_VITIS_LOOP_17_1258' [167]  (1.482 ns)

 <State 3>: 0.714ns
The critical path consists of the following:
	'getelementptr' operation 4 bit ('R0_X_addr_19') [22]  (0.000 ns)
	'store' operation 0 bit ('store_ln0') of constant 0 on array 'c', src_montcsa/ec_isogeny.cpp:348 [93]  (0.714 ns)

 <State 4>: 1.482ns
The critical path consists of the following:
	'call' operation 0 bit ('call_ln0') to 'LADDER3PT_impl<250>_Pipeline_VITIS_LOOP_17_1' [154]  (1.482 ns)

 <State 5>: 0.714ns
The critical path consists of the following:
	'getelementptr' operation 4 bit ('R0_X_addr_23') [26]  (0.000 ns)
	'store' operation 0 bit ('store_ln0') of constant 0 on array 'c', src_montcsa/ec_isogeny.cpp:348 [97]  (0.714 ns)

 <State 6>: 1.482ns
The critical path consists of the following:
	'call' operation 0 bit ('call_ln0') to 'LADDER3PT_impl<250>_Pipeline_VITIS_LOOP_17_1255' [164]  (1.482 ns)

 <State 7>: 0.714ns
The critical path consists of the following:
	'getelementptr' operation 4 bit ('R0_X_addr_27') [30]  (0.000 ns)
	'store' operation 0 bit ('store_ln0') of constant 0 on array 'c', src_montcsa/ec_isogeny.cpp:348 [101]  (0.714 ns)

 <State 8>: 0.714ns
The critical path consists of the following:
	'getelementptr' operation 4 bit ('R0_X_addr_29') [32]  (0.000 ns)
	'store' operation 0 bit ('store_ln0') of constant 0 on array 'c', src_montcsa/ec_isogeny.cpp:348 [103]  (0.714 ns)

 <State 9>: 1.422ns
The critical path consists of the following:
	'call' operation 0 bit ('call_ln127', src_montcsa/fpx.cpp:127->src_montcsa/ec_isogeny.cpp:356) to 'fpadd503.287' [157]  (1.422 ns)

 <State 10>: 1.482ns
The critical path consists of the following:
	'call' operation 0 bit ('call_ln0') to 'LADDER3PT_impl<250>_Pipeline_VITIS_LOOP_17_1252' [161]  (1.482 ns)

 <State 11>: 1.422ns
The critical path consists of the following:
	'call' operation 0 bit ('call_ln128', src_montcsa/fpx.cpp:128->src_montcsa/ec_isogeny.cpp:356) to 'fpadd503.287' [158]  (1.422 ns)

 <State 12>: 1.482ns
The critical path consists of the following:
	'call' operation 0 bit ('call_ln0') to 'LADDER3PT_impl<250>_Pipeline_VITIS_LOOP_17_1253' [162]  (1.482 ns)

 <State 13>: 0.714ns
The critical path consists of the following:
	'getelementptr' operation 3 bit ('R2_Z_4_addr') [79]  (0.000 ns)
	'store' operation 0 bit ('store_ln0') of constant 0 on array 'R2.Z', src_montcsa/ec_isogeny.cpp:348 [145]  (0.714 ns)

 <State 14>: 1.482ns
The critical path consists of the following:
	'call' operation 0 bit ('call_ln0') to 'LADDER3PT_impl<250>_Pipeline_VITIS_LOOP_17_1260' [169]  (1.482 ns)

 <State 15>: 0.714ns
The critical path consists of the following:
	'getelementptr' operation 3 bit ('R2_Z_4_addr_4') [83]  (0.000 ns)
	'store' operation 0 bit ('store_ln0') of constant 0 on array 'R2.Z', src_montcsa/ec_isogeny.cpp:348 [149]  (0.714 ns)

 <State 16>: 1.482ns
The critical path consists of the following:
	'call' operation 0 bit ('call_ln0') to 'LADDER3PT_impl<250>_Pipeline_VITIS_LOOP_25_1' [170]  (1.482 ns)

 <State 17>: 1.092ns
The critical path consists of the following:
	'load' operation 8 bit ('i', src_montcsa/ec_isogeny.cpp:371) on local variable 'i', src_montcsa/ec_isogeny.cpp:351 [175]  (0.000 ns)
	'icmp' operation 1 bit ('icmp_ln371', src_montcsa/ec_isogeny.cpp:371) [176]  (0.705 ns)
	'store' operation 0 bit ('store_ln351', src_montcsa/ec_isogeny.cpp:351) of variable 'i', src_montcsa/ec_isogeny.cpp:371 on local variable 'i', src_montcsa/ec_isogeny.cpp:351 [251]  (0.387 ns)

 <State 18>: 0.667ns
The critical path consists of the following:
	'load' operation 8 bit ('ephemeralsk_i_load', src_montcsa/ec_isogeny.cpp:373) on array 'ephemeralsk_i' [187]  (0.667 ns)

 <State 19>: 0.667ns
The critical path consists of the following:
	'load' operation 8 bit ('ephemeralsk_i_load_9', src_montcsa/ec_isogeny.cpp:373) on array 'ephemeralsk_i' [195]  (0.667 ns)

 <State 20>: 0.667ns
The critical path consists of the following:
	'load' operation 8 bit ('ephemeralsk_i_load_11', src_montcsa/ec_isogeny.cpp:373) on array 'ephemeralsk_i' [203]  (0.667 ns)

 <State 21>: 2.163ns
The critical path consists of the following:
	'load' operation 8 bit ('ephemeralsk_i_load_13', src_montcsa/ec_isogeny.cpp:373) on array 'ephemeralsk_i' [211]  (0.667 ns)
	'lshr' operation 64 bit ('lshr_ln373', src_montcsa/ec_isogeny.cpp:373) [218]  (1.096 ns)
	'xor' operation 1 bit ('swap', src_montcsa/ec_isogeny.cpp:374) [220]  (0.122 ns)
	'call' operation 0 bit ('call_ln374', src_montcsa/ec_isogeny.cpp:374) to 'LADDER3PT_impl<250>_Pipeline_VITIS_LOOP_287_1' [221]  (0.278 ns)

 <State 22>: 1.482ns
The critical path consists of the following:
	'call' operation 0 bit ('call_ln374', src_montcsa/ec_isogeny.cpp:374) to 'LADDER3PT_impl<250>_Pipeline_VITIS_LOOP_287_1' [221]  (1.482 ns)

 <State 23>: 1.422ns
The critical path consists of the following:
	'call' operation 0 bit ('call_ln128', src_montcsa/fpx.cpp:128->src_montcsa/ec_isogeny.cpp:260->src_montcsa/ec_isogeny.cpp:379) to 'fpadd503.1565' [223]  (1.422 ns)

 <State 24>: 0.000ns
The critical path consists of the following:

 <State 25>: 1.422ns
The critical path consists of the following:
	'call' operation 0 bit ('call_ln133', src_montcsa/fpx.cpp:133->src_montcsa/ec_isogeny.cpp:261->src_montcsa/ec_isogeny.cpp:379) to 'fpsub503.27' [224]  (1.422 ns)

 <State 26>: 0.000ns
The critical path consists of the following:

 <State 27>: 1.422ns
The critical path consists of the following:
	'call' operation 0 bit ('call_ln134', src_montcsa/fpx.cpp:134->src_montcsa/ec_isogeny.cpp:261->src_montcsa/ec_isogeny.cpp:379) to 'fpsub503.27' [225]  (1.422 ns)

 <State 28>: 0.000ns
The critical path consists of the following:

 <State 29>: 1.422ns
The critical path consists of the following:
	'call' operation 0 bit ('call_ln146', src_montcsa/fpx.cpp:146->src_montcsa/ec_isogeny.cpp:264->src_montcsa/ec_isogeny.cpp:379) to 'fpcorrection503' [230]  (1.422 ns)

 <State 30>: 0.000ns
The critical path consists of the following:

 <State 31>: 0.000ns
The critical path consists of the following:

 <State 32>: 0.000ns
The critical path consists of the following:

 <State 33>: 1.422ns
The critical path consists of the following:
	'call' operation 0 bit ('call_ln133', src_montcsa/fpx.cpp:133->src_montcsa/ec_isogeny.cpp:269->src_montcsa/ec_isogeny.cpp:379) to 'fpsub503.27' [236]  (1.422 ns)

 <State 34>: 0.000ns
The critical path consists of the following:

 <State 35>: 1.422ns
The critical path consists of the following:
	'call' operation 0 bit ('call_ln134', src_montcsa/fpx.cpp:134->src_montcsa/ec_isogeny.cpp:269->src_montcsa/ec_isogeny.cpp:379) to 'fpsub503.27' [237]  (1.422 ns)

 <State 36>: 0.000ns
The critical path consists of the following:

 <State 37>: 1.422ns
The critical path consists of the following:
	'call' operation 0 bit ('call_ln134', src_montcsa/fpx.cpp:134->src_montcsa/ec_isogeny.cpp:272->src_montcsa/ec_isogeny.cpp:379) to 'fpsub503' [241]  (1.422 ns)

 <State 38>: 0.000ns
The critical path consists of the following:

 <State 39>: 1.422ns
The critical path consists of the following:
	'call' operation 0 bit ('call_ln127', src_montcsa/fpx.cpp:127->src_montcsa/ec_isogeny.cpp:273->src_montcsa/ec_isogeny.cpp:379) to 'fpadd503.153' [242]  (1.422 ns)

 <State 40>: 0.000ns
The critical path consists of the following:

 <State 41>: 1.422ns
The critical path consists of the following:
	'call' operation 0 bit ('call_ln128', src_montcsa/fpx.cpp:128->src_montcsa/ec_isogeny.cpp:273->src_montcsa/ec_isogeny.cpp:379) to 'fpadd503.153' [243]  (1.422 ns)

 <State 42>: 0.000ns
The critical path consists of the following:

 <State 43>: 1.422ns
The critical path consists of the following:
	'call' operation 0 bit ('call_ln128', src_montcsa/fpx.cpp:128->src_montcsa/ec_isogeny.cpp:274->src_montcsa/ec_isogeny.cpp:379) to 'fpadd503' [245]  (1.422 ns)

 <State 44>: 0.000ns
The critical path consists of the following:

 <State 45>: 0.000ns
The critical path consists of the following:

 <State 46>: 0.000ns
The critical path consists of the following:

 <State 47>: 0.000ns
The critical path consists of the following:

 <State 48>: 0.000ns
The critical path consists of the following:


============================================================
+ Verbose Summary: Binding
============================================================
N/A
* FSMD analyzer results:
  - Output states:
 - Input state : 
  - Chain level:
	State 1
	State 2
	State 3
	State 4
	State 5
	State 6
	State 7
	State 8
	State 9
	State 10
	State 11
	State 12
	State 13
	State 14
	State 15
	State 16
	State 17
	State 18
	State 19
	State 20
	State 21
	State 22
	State 23
	State 24
	State 25
	State 26
	State 27
	State 28
	State 29
	State 30
	State 31
	State 32
	State 33
	State 34
	State 35
	State 36
	State 37
	State 38
	State 39
	State 40
	State 41
	State 42
	State 43
	State 44
	State 45
	State 46
	State 47
	State 48


============================================================
+ Verbose Summary: Datapath Resource usage 
============================================================
N/A
