

================================================================
== Vitis HLS Report for 'mp_mul'
================================================================
* Date:           Mon Sep 14 16:32:58 2026

* Version:        2024.2.2 (Build 6049644 on Mar  5 2025)
* Project:        sikep503_hls_montcsa_shared
* Solution:       solution1 (Vivado IP Flow Target)
* Product family: virtexuplus58g
* Target device:  xcvu29p-fsga2577-2L-e


================================================================
== Performance Estimates
================================================================
+ Timing: 
    * Summary: 
    +--------+----------+----------+------------+
    |  Clock |  Target  | Estimated| Uncertainty|
    +--------+----------+----------+------------+
    |ap_clk  |  10.00 ns|  7.028 ns|     2.70 ns|
    +--------+----------+----------+------------+

+ Latency: 
    * Summary: 
    +---------+---------+----------+----------+-----+-----+---------+
    |  Latency (cycles) |  Latency (absolute) |  Interval | Pipeline|
    |   min   |   max   |    min   |    max   | min | max |   Type  |
    +---------+---------+----------+----------+-----+-----+---------+
    |      129|      129|  1.290 us|  1.290 us|  129|  129|       no|
    +---------+---------+----------+----------+-----+-----+---------+

    + Detail: 
        * Instance: 
        +---------------+-------+---------+---------+----------+----------+-----+-----+---------+
        |               |       |  Latency (cycles) |  Latency (absolute) |  Interval | Pipeline|
        |    Instance   | Module|   min   |   max   |    min   |    max   | min | max |   Type  |
        +---------------+-------+---------+---------+----------+----------+-----+-----+---------+
        |grp_mul_fu_18  |mul    |      128|      128|  1.280 us|  1.280 us|  128|  128|       no|
        +---------------+-------+---------+---------+----------+----------+-----+-----+---------+

        * Loop: 
        N/A

============================================================
+ Verbose Summary: Synthesis Manager
============================================================
InlineROM: 1
ExposeGlobal: 0
============================================================
+ Verbose Summary: CDFG Model
============================================================
IsTopModel: 0
ResetActiveHigh: 1
IsCombinational: 0
IsDatapathOnly: 0
HasWiredReturn: 1
HasMFsm: 0
HasVarLatency: 1
IsPipeline: 0
IsRtlPipelined: 0
IsInstanceOverlapped: 0
IsDontTouch: 0
HasImplIP: 0
IsGatedGlobalClock: 0


============================================================
+ Verbose Summary: Schedule
============================================================
* Number of FSM states : 2
* Pipeline : 0
* Dataflow Pipeline: 0

* FSM state transitions: 
1 --> 2 
2 --> 

* FSM state operations: 

State 1 <SV = 0> <Delay = 0.00>
ST_1 : Operation 3 [1/1] (0.00ns)   --->   "%a_offset_read = read i1 @_ssdm_op_Read.ap_auto.i1, i1 %a_offset"   --->   Operation 3 'read' 'a_offset_read' <Predicate = true> <Delay = 0.00>
ST_1 : Operation 4 [2/2] (0.00ns)   --->   "%call_ln289 = call void @mul, i64 %a, i1 %a_offset_read, i64 %b, i64 %c" [src_montcsa/generic/fp_generic.cpp:289]   --->   Operation 4 'call' 'call_ln289' <Predicate = true> <Delay = 0.00> <CoreType = "Generic">   --->   Generic Core

State 2 <SV = 1> <Delay = 0.00>
ST_2 : Operation 5 [1/2] (0.00ns)   --->   "%call_ln289 = call void @mul, i64 %a, i1 %a_offset_read, i64 %b, i64 %c" [src_montcsa/generic/fp_generic.cpp:289]   --->   Operation 5 'call' 'call_ln289' <Predicate = true> <Delay = 0.00> <CoreType = "Generic">   --->   Generic Core
ST_2 : Operation 6 [1/1] (0.00ns)   --->   "%ret_ln290 = ret" [src_montcsa/generic/fp_generic.cpp:290]   --->   Operation 6 'ret' 'ret_ln290' <Predicate = true> <Delay = 0.00>


============================================================
+ Verbose Summary: Binding
============================================================
STG Binding: 
---------------- STG Properties BEGIN ----------------
- Is combinational: 0
- Is one-state seq: 0
- Is datapath-only: 0
- Is pipelined: 0
- Is top level: 0
Port [ Return ] is wired: 1; IO mode=ap_ctrl_hs:ce=0
Port [ a]:  wired=1; compound=1; hidden=0; nouse=0; global=0; static=0; extern=0; dir=0; type=1; pingpong=0; private_global=0; MemPort=[13]; IO mode=ap_memory:ce=0
Port [ a_offset]:  wired=1; compound=0; hidden=0; nouse=0; global=0; static=0; extern=0; dir=0; type=0; pingpong=0; private_global=0; IO mode=ap_none:ce=0
Port [ b]:  wired=1; compound=1; hidden=0; nouse=0; global=0; static=0; extern=0; dir=0; type=1; pingpong=0; private_global=0; MemPort=[13]; IO mode=ap_memory:ce=0
Port [ c]:  wired=1; compound=1; hidden=0; nouse=0; global=0; static=0; extern=0; dir=1; type=1; pingpong=0; private_global=0; MemPort=[00]; IO mode=ap_memory:ce=0
---------------- STG Properties END ------------------

---------------- Datapath Model BEGIN ----------------

<LifeTime>
<method=bitvector/>
a_offset_read (read) [ 001]
call_ln289    (call) [ 000]
ret_ln290     (ret ) [ 000]
</LifeTime>

<model>

<comp_list>
<comp id="0" class="1000" name="a">
<pin_list>
<pin id="1" dir="1" index="0" bw="1" slack="0"/>
</pin_list>
<bind>
<StgValue><ssdm name="a"/><MemPortTyVec>1 3 </MemPortTyVec>
</StgValue>
</bind>
</comp>

<comp id="2" class="1000" name="a_offset">
<pin_list>
<pin id="3" dir="1" index="0" bw="1" slack="0"/>
</pin_list>
<bind>
<StgValue><ssdm name="a_offset"/></StgValue>
</bind>
</comp>

<comp id="4" class="1000" name="b">
<pin_list>
<pin id="5" dir="1" index="0" bw="1" slack="0"/>
</pin_list>
<bind>
<StgValue><ssdm name="b"/><MemPortTyVec>1 3 </MemPortTyVec>
</StgValue>
</bind>
</comp>

<comp id="6" class="1000" name="c">
<pin_list>
<pin id="7" dir="1" index="0" bw="1" slack="0"/>
</pin_list>
<bind>
<StgValue><ssdm name="c"/><MemPortTyVec>0 0 </MemPortTyVec>
</StgValue>
</bind>
</comp>

<comp id="8" class="1001" name="const_8">
<pin_list>
<pin id="9" dir="1" index="0" bw="1" slack="0"/>
</pin_list>
<bind>
<StgValue><ssdm name="_ssdm_op_Read.ap_auto.i1"/></StgValue>
</bind>
</comp>

<comp id="10" class="1001" name="const_10">
<pin_list>
<pin id="11" dir="1" index="0" bw="1" slack="0"/>
</pin_list>
<bind>
<StgValue><ssdm name="mul"/></StgValue>
</bind>
</comp>

<comp id="12" class="1004" name="a_offset_read_read_fu_12">
<pin_list>
<pin id="13" dir="0" index="0" bw="1" slack="0"/>
<pin id="14" dir="0" index="1" bw="1" slack="0"/>
<pin id="15" dir="1" index="2" bw="1" slack="0"/>
</pin_list>
<bind>
<opcode="read(1150) " fcode="read"/>
<opset="a_offset_read/1 "/>
</bind>
</comp>

<comp id="18" class="1004" name="grp_mul_fu_18">
<pin_list>
<pin id="19" dir="0" index="0" bw="0" slack="0"/>
<pin id="20" dir="0" index="1" bw="64" slack="0"/>
<pin id="21" dir="0" index="2" bw="1" slack="0"/>
<pin id="22" dir="0" index="3" bw="64" slack="0"/>
<pin id="23" dir="0" index="4" bw="64" slack="0"/>
<pin id="24" dir="1" index="5" bw="0" slack="2147483647"/>
</pin_list>
<bind>
<opcode="call(48) " fcode="call"/>
<opset="call_ln289/1 "/>
</bind>
</comp>

<comp id="30" class="1005" name="a_offset_read_reg_30">
<pin_list>
<pin id="31" dir="0" index="0" bw="1" slack="1"/>
<pin id="32" dir="1" index="1" bw="1" slack="1"/>
</pin_list>
<bind>
<opset="a_offset_read "/>
</bind>
</comp>

</comp_list>

<net_list>
<net id="16"><net_src comp="8" pin="0"/><net_sink comp="12" pin=0"/></net>

<net id="17"><net_src comp="2" pin="0"/><net_sink comp="12" pin=1"/></net>

<net id="25"><net_src comp="10" pin="0"/><net_sink comp="18" pin=0"/></net>

<net id="26"><net_src comp="0" pin="0"/><net_sink comp="18" pin=1"/></net>

<net id="27"><net_src comp="12" pin="2"/><net_sink comp="18" pin=2"/></net>

<net id="28"><net_src comp="4" pin="0"/><net_sink comp="18" pin=3"/></net>

<net id="29"><net_src comp="6" pin="0"/><net_sink comp="18" pin=4"/></net>

<net id="33"><net_src comp="12" pin="2"/><net_sink comp="30" pin=0"/></net>

<net id="34"><net_src comp="30" pin="1"/><net_sink comp="18" pin=2"/></net>

</net_list>

</model> 
---------------- Datapath Model END ------------------

* FSMD analyzer results:
  - Output states:
	Port: c | {1 2 }
 - Input state : 
	Port: mp_mul : a | {1 2 }
	Port: mp_mul : a_offset | {1 }
	Port: mp_mul : b | {1 2 }
  - Chain level:
	State 1
	State 2


============================================================
+ Verbose Summary: Datapath Resource usage 
============================================================

* Functional unit list:
|----------|--------------------------|---------|---------|---------|---------|
| Operation|      Functional Unit     |   DSP   |  Delay  |    FF   |   LUT   |
|----------|--------------------------|---------|---------|---------|---------|
|   call   |       grp_mul_fu_18      |    16   | 3.49757 |   1374  |   587   |
|----------|--------------------------|---------|---------|---------|---------|
|   read   | a_offset_read_read_fu_12 |    0    |    0    |    0    |    0    |
|----------|--------------------------|---------|---------|---------|---------|
|   Total  |                          |    16   | 3.49757 |   1374  |   587   |
|----------|--------------------------|---------|---------|---------|---------|

Memories:
N/A

* Register list:
+--------------------+--------+
|                    |   FF   |
+--------------------+--------+
|a_offset_read_reg_30|    1   |
+--------------------+--------+
|        Total       |    1   |
+--------------------+--------+

* Multiplexer (MUX) list: 
|---------------|------|------|------|--------||---------||---------||---------|
|      Comp     |  Pin | Size |  BW  | S x BW ||  Delay  ||    FF   ||   LUT   |
|---------------|------|------|------|--------||---------||---------||---------|
| grp_mul_fu_18 |  p2  |   2  |   1  |    2   ||    0    ||    9    |
|---------------|------|------|------|--------||---------||---------||---------|
|     Total     |      |      |      |    2   ||  0.387  ||    0    ||    9    |
|---------------|------|------|------|--------||---------||---------||---------|



* Summary:
+-----------+--------+--------+--------+--------+
|           |   DSP  |  Delay |   FF   |   LUT  |
+-----------+--------+--------+--------+--------+
|  Function |   16   |    3   |  1374  |   587  |
|   Memory  |    -   |    -   |    -   |    -   |
|Multiplexer|    -   |    0   |    0   |    9   |
|  Register |    -   |    -   |    1   |    -   |
+-----------+--------+--------+--------+--------+
|   Total   |   16   |    3   |  1375  |   596  |
+-----------+--------+--------+--------+--------+
