

================================================================
== Vitis HLS Report for 'mul_4155'
================================================================
* Date:           Mon Sep 14 16:37:48 2026

* Version:        2024.2.2 (Build 6049644 on Mar  5 2025)
* Project:        sikep503_hls_montcsa_flat_shared
* Solution:       solution1 (Vivado IP Flow Target)
* Product family: virtexuplus58g
* Target device:  xcvu29p-fsga2577-2L-e


================================================================
== Performance Estimates
================================================================
+ Timing: 
    * Summary: 
    +--------+----------+----------+------------+
    |  Clock |  Target  | Estimated| Uncertainty|
    +--------+----------+----------+------------+
    |ap_clk  |  10.00 ns|  7.028 ns|     2.70 ns|
    +--------+----------+----------+------------+

+ Latency: 
    * Summary: 
    +---------+---------+----------+----------+-----+-----+---------+
    |  Latency (cycles) |  Latency (absolute) |  Interval | Pipeline|
    |   min   |   max   |    min   |    max   | min | max |   Type  |
    +---------+---------+----------+----------+-----+-----+---------+
    |      136|      136|  1.360 us|  1.360 us|  136|  136|       no|
    +---------+---------+----------+----------+-----+-----+---------+

    + Detail: 
        * Instance: 
        +----------------------------------+-----------------------+---------+---------+----------+----------+-----+-----+------------------------------------------------+
        |                                  |                       |  Latency (cycles) |  Latency (absolute) |  Interval |                    Pipeline                    |
        |             Instance             |         Module        |   min   |   max   |    min   |    max   | min | max |                      Type                      |
        +----------------------------------+-----------------------+---------+---------+----------+----------+-----+-----+------------------------------------------------+
        |grp_mul_4155_Pipeline_COL_fu_328  |mul_4155_Pipeline_COL  |       10|       10|  0.100 us|  0.100 us|    9|    9|  loop auto-rewind stp (delay=0 clock cycles(s))|
        +----------------------------------+-----------------------+---------+---------+----------+----------+-----+-----+------------------------------------------------+

        * Loop: 
        +----------+---------+---------+----------+-----------+-----------+------+----------+
        |          |  Latency (cycles) | Iteration|  Initiation Interval  | Trip |          |
        | Loop Name|   min   |   max   |  Latency |  achieved |   target  | Count| Pipelined|
        +----------+---------+---------+----------+-----------+-----------+------+----------+
        |- ROW     |      128|      128|        16|          -|          -|     8|        no|
        +----------+---------+---------+----------+-----------+-----------+------+----------+



================================================================
== Utilization Estimates
================================================================
* Summary: 
+---------------------+---------+-------+---------+---------+------+
|         Name        | BRAM_18K|  DSP  |    FF   |   LUT   | URAM |
+---------------------+---------+-------+---------+---------+------+
|DSP                  |        -|      -|        -|        -|     -|
|Expression           |        -|      -|        0|       36|     -|
|FIFO                 |        -|      -|        -|        -|     -|
|Instance             |        -|     16|      139|      548|     -|
|Memory               |        -|      -|        -|        -|     -|
|Multiplexer          |        -|      -|        0|      467|     -|
|Register             |        -|      -|     1116|        -|     -|
+---------------------+---------+-------+---------+---------+------+
|Total                |        0|     16|     1255|     1051|     0|
+---------------------+---------+-------+---------+---------+------+
|Available SLR        |     1344|   3072|   864000|   432000|   320|
+---------------------+---------+-------+---------+---------+------+
|Utilization SLR (%)  |        0|     ~0|       ~0|       ~0|     0|
+---------------------+---------+-------+---------+---------+------+
|Available            |     5376|  12288|  3456000|  1728000|  1280|
+---------------------+---------+-------+---------+---------+------+
|Utilization (%)      |        0|     ~0|       ~0|       ~0|     0|
+---------------------+---------+-------+---------+---------+------+

+ Detail: 
    * Instance: 
    +----------------------------------+-----------------------+---------+----+-----+-----+-----+
    |             Instance             |         Module        | BRAM_18K| DSP|  FF | LUT | URAM|
    +----------------------------------+-----------------------+---------+----+-----+-----+-----+
    |grp_mul_4155_Pipeline_COL_fu_328  |mul_4155_Pipeline_COL  |        0|  16|  139|  548|    0|
    +----------------------------------+-----------------------+---------+----+-----+-----+-----+
    |Total                             |                       |        0|  16|  139|  548|    0|
    +----------------------------------+-----------------------+---------+----+-----+-----+-----+

    * DSP: 
    N/A

    * Memory: 
    N/A

    * FIFO: 
    N/A

    * Expression: 
    +---------------------+----------+----+---+----+------------+------------+
    |    Variable Name    | Operation| DSP| FF| LUT| Bitwidth P0| Bitwidth P1|
    +---------------------+----------+----+---+----+------------+------------+
    |add_ln65_fu_469_p2   |         +|   0|  0|  12|           4|           1|
    |empty_fu_483_p2      |         +|   0|  0|  12|           5|           5|
    |icmp_ln65_fu_463_p2  |      icmp|   0|  0|  12|           4|           5|
    +---------------------+----------+----+---+----+------------+------------+
    |Total                |          |   0|  0|  36|          13|          11|
    +---------------------+----------+----+---+----+------------+------------+

    * Multiplexer: 
    +------------------+----+-----------+-----+-----------+
    |       Name       | LUT| Input Size| Bits| Total Bits|
    +------------------+----+-----------+-----+-----------+
    |acc_10_fu_130     |  14|          3|   64|        192|
    |acc_11_fu_134     |  14|          3|   64|        192|
    |acc_12_fu_138     |  14|          3|   64|        192|
    |acc_13_fu_142     |  14|          3|   64|        192|
    |acc_14_fu_146     |  14|          3|   64|        192|
    |acc_15_0_fu_82    |   9|          2|   64|        128|
    |acc_1_fu_94       |   9|          2|   64|        128|
    |acc_2_fu_98       |   9|          2|   64|        128|
    |acc_3_fu_102      |   9|          2|   64|        128|
    |acc_4_fu_106      |   9|          2|   64|        128|
    |acc_5_fu_110      |   9|          2|   64|        128|
    |acc_6_fu_114      |   9|          2|   64|        128|
    |acc_7_fu_118      |   9|          2|   64|        128|
    |acc_8_fu_122      |  14|          3|   64|        192|
    |acc_9_fu_126      |  14|          3|   64|        192|
    |acc_fu_90         |   9|          2|   64|        128|
    |ap_NS_fsm         |  65|         15|    1|         15|
    |b_address0        |   9|          2|    6|         12|
    |b_ce0             |   9|          2|    1|          2|
    |c_address0_local  |  49|          9|    4|         36|
    |c_address1_local  |  49|          9|    4|         36|
    |c_d0_local        |  49|          9|   64|        576|
    |c_d1_local        |  49|          9|   64|        576|
    |i_fu_78           |   9|          2|    4|          8|
    +------------------+----+-----------+-----+-----------+
    |Total             | 467|         96| 1172|       3757|
    +------------------+----+-----------+-----+-----------+

    * Register: 
    +-----------------------------------------------+----+----+-----+-----------+
    |                      Name                     | FF | LUT| Bits| Const Bits|
    +-----------------------------------------------+----+----+-----+-----------+
    |acc_10_fu_130                                  |  64|   0|   64|          0|
    |acc_11_fu_134                                  |  64|   0|   64|          0|
    |acc_12_fu_138                                  |  64|   0|   64|          0|
    |acc_13_fu_142                                  |  64|   0|   64|          0|
    |acc_14_fu_146                                  |  64|   0|   64|          0|
    |acc_15_0_fu_82                                 |  64|   0|   64|          0|
    |acc_1_fu_94                                    |  64|   0|   64|          0|
    |acc_2_fu_98                                    |  64|   0|   64|          0|
    |acc_3_fu_102                                   |  64|   0|   64|          0|
    |acc_4_fu_106                                   |  64|   0|   64|          0|
    |acc_5_fu_110                                   |  64|   0|   64|          0|
    |acc_6_fu_114                                   |  64|   0|   64|          0|
    |acc_7_fu_118                                   |  64|   0|   64|          0|
    |acc_8_fu_122                                   |  64|   0|   64|          0|
    |acc_9_fu_126                                   |  64|   0|   64|          0|
    |acc_fu_90                                      |  64|   0|   64|          0|
    |add_ln65_reg_749                               |   4|   0|    4|          0|
    |ap_CS_fsm                                      |  14|   0|   14|          0|
    |b_load_1_reg_764                               |  64|   0|   64|          0|
    |grp_mul_4155_Pipeline_COL_fu_328_ap_start_reg  |   1|   0|    1|          0|
    |i_fu_78                                        |   4|   0|    4|          0|
    |tmp_2477_cast_reg_629                          |   1|   0|    5|          4|
    |tmp_s_reg_624                                  |   1|   0|    5|          4|
    |trunc_ln65_reg_754                             |   3|   0|    3|          0|
    +-----------------------------------------------+----+----+-----+-----------+
    |Total                                          |1116|   0| 1124|          8|
    +-----------------------------------------------+----+----+-----+-----------+



================================================================
== Interface
================================================================
* Summary: 
+------------+-----+-----+------------+--------------+--------------+
|  RTL Ports | Dir | Bits|  Protocol  | Source Object|    C Type    |
+------------+-----+-----+------------+--------------+--------------+
|ap_clk      |   in|    1|  ap_ctrl_hs|      mul.4155|  return value|
|ap_rst      |   in|    1|  ap_ctrl_hs|      mul.4155|  return value|
|ap_start    |   in|    1|  ap_ctrl_hs|      mul.4155|  return value|
|ap_done     |  out|    1|  ap_ctrl_hs|      mul.4155|  return value|
|ap_idle     |  out|    1|  ap_ctrl_hs|      mul.4155|  return value|
|ap_ready    |  out|    1|  ap_ctrl_hs|      mul.4155|  return value|
|b_address0  |  out|    6|   ap_memory|             b|         array|
|b_ce0       |  out|    1|   ap_memory|             b|         array|
|b_q0        |   in|   64|   ap_memory|             b|         array|
|a_offset1   |   in|    1|     ap_none|     a_offset1|        scalar|
|b_offset2   |   in|    1|     ap_none|     b_offset2|        scalar|
|c_address0  |  out|    4|   ap_memory|             c|         array|
|c_ce0       |  out|    1|   ap_memory|             c|         array|
|c_we0       |  out|    1|   ap_memory|             c|         array|
|c_d0        |  out|   64|   ap_memory|             c|         array|
|c_address1  |  out|    4|   ap_memory|             c|         array|
|c_ce1       |  out|    1|   ap_memory|             c|         array|
|c_we1       |  out|    1|   ap_memory|             c|         array|
|c_d1        |  out|   64|   ap_memory|             c|         array|
+------------+-----+-----+------------+--------------+--------------+

