

================================================================
== Vitis HLS Report for 'montMult_words_1_2'
================================================================
* Date:           Mon Sep 14 17:28:21 2026

* Version:        2024.2.2 (Build 6049644 on Mar  5 2025)
* Project:        rsa_modexp_hls_converted
* Solution:       solution1 (Vivado IP Flow Target)
* Product family: virtexuplus58g
* Target device:  xcvu29p-fsga2577-2L-e


================================================================
== Performance Estimates
================================================================
+ Timing: 
    * Summary: 
    +--------+----------+----------+------------+
    |  Clock |  Target  | Estimated| Uncertainty|
    +--------+----------+----------+------------+
    |ap_clk  |  10.00 ns|  7.300 ns|     2.70 ns|
    +--------+----------+----------+------------+

+ Latency: 
    * Summary: 
    +---------+---------+----------+----------+-----+-----+---------+
    |  Latency (cycles) |  Latency (absolute) |  Interval | Pipeline|
    |   min   |   max   |    min   |    max   | min | max |   Type  |
    +---------+---------+----------+----------+-----+-----+---------+
    |       61|       61|  0.610 us|  0.610 us|   61|   61|       no|
    +---------+---------+----------+----------+-----+-----+---------+

    + Detail: 
        * Instance: 
        N/A

        * Loop: 
        N/A

============================================================
+ Verbose Summary: Synthesis Manager
============================================================
InlineROM: 1
ExposeGlobal: 0
============================================================
+ Verbose Summary: CDFG Model
============================================================
IsTopModel: 0
ResetActiveHigh: 1
IsCombinational: 0
IsDatapathOnly: 0
HasWiredReturn: 1
HasMFsm: 0
HasVarLatency: 1
IsPipeline: 0
IsRtlPipelined: 0
IsInstanceOverlapped: 0
IsDontTouch: 0
HasImplIP: 0
IsGatedGlobalClock: 0


============================================================
+ Verbose Summary: Schedule
============================================================
* Number of FSM states : 2
* Pipeline : 0
* Dataflow Pipeline: 0

* FSM state transitions: 
1 --> 2 
2 --> 

* FSM state operations: 

State 1 <SV = 0> <Delay = 7.30>
ST_1 : Operation 3 [1/1] (0.00ns)   --->   "%out_read = read i64 @_ssdm_op_Read.ap_auto.i64, i64 %out_r" [src_converted/mont_word.cpp:22]   --->   Operation 3 'read' 'out_read' <Predicate = true> <Delay = 0.00>
ST_1 : Operation 4 [1/1] (0.00ns)   --->   "%mprime_read = read i32 @_ssdm_op_Read.ap_auto.i32, i32 %mprime" [src_converted/mont_word.cpp:22]   --->   Operation 4 'read' 'mprime_read' <Predicate = true> <Delay = 0.00>
ST_1 : Operation 5 [1/1] (0.00ns)   --->   "%m_read = read i64 @_ssdm_op_Read.ap_auto.i64, i64 %m" [src_converted/mont_word.cpp:22]   --->   Operation 5 'read' 'm_read' <Predicate = true> <Delay = 0.00>
ST_1 : Operation 6 [1/1] (0.00ns)   --->   "%p_read_1 = read i32 @_ssdm_op_Read.ap_auto.i32, i32 %p_read15" [src_converted/mont_word.cpp:22]   --->   Operation 6 'read' 'p_read_1' <Predicate = true> <Delay = 0.00>
ST_1 : Operation 7 [1/1] (0.00ns)   --->   "%p_read_2 = read i32 @_ssdm_op_Read.ap_auto.i32, i32 %p_read14" [src_converted/mont_word.cpp:22]   --->   Operation 7 'read' 'p_read_2' <Predicate = true> <Delay = 0.00>
ST_1 : Operation 8 [1/1] (0.00ns)   --->   "%p_read_3 = read i32 @_ssdm_op_Read.ap_auto.i32, i32 %p_read13" [src_converted/mont_word.cpp:22]   --->   Operation 8 'read' 'p_read_3' <Predicate = true> <Delay = 0.00>
ST_1 : Operation 9 [1/1] (0.00ns)   --->   "%p_read_4 = read i32 @_ssdm_op_Read.ap_auto.i32, i32 %p_read12" [src_converted/mont_word.cpp:22]   --->   Operation 9 'read' 'p_read_4' <Predicate = true> <Delay = 0.00>
ST_1 : Operation 10 [1/1] (0.00ns)   --->   "%p_read_5 = read i32 @_ssdm_op_Read.ap_auto.i32, i32 %p_read11" [src_converted/mont_word.cpp:22]   --->   Operation 10 'read' 'p_read_5' <Predicate = true> <Delay = 0.00>
ST_1 : Operation 11 [1/1] (0.00ns)   --->   "%p_read_6 = read i32 @_ssdm_op_Read.ap_auto.i32, i32 %p_read10" [src_converted/mont_word.cpp:22]   --->   Operation 11 'read' 'p_read_6' <Predicate = true> <Delay = 0.00>
ST_1 : Operation 12 [1/1] (0.00ns)   --->   "%p_read_7 = read i32 @_ssdm_op_Read.ap_auto.i32, i32 %p_read9" [src_converted/mont_word.cpp:22]   --->   Operation 12 'read' 'p_read_7' <Predicate = true> <Delay = 0.00>
ST_1 : Operation 13 [1/1] (0.00ns)   --->   "%p_read_8 = read i32 @_ssdm_op_Read.ap_auto.i32, i32 %p_read8" [src_converted/mont_word.cpp:22]   --->   Operation 13 'read' 'p_read_8' <Predicate = true> <Delay = 0.00>
ST_1 : Operation 14 [1/1] (0.00ns)   --->   "%p_read_9 = read i32 @_ssdm_op_Read.ap_auto.i32, i32 %p_read7" [src_converted/mont_word.cpp:22]   --->   Operation 14 'read' 'p_read_9' <Predicate = true> <Delay = 0.00>
ST_1 : Operation 15 [1/1] (0.00ns)   --->   "%p_read_10 = read i32 @_ssdm_op_Read.ap_auto.i32, i32 %p_read6" [src_converted/mont_word.cpp:22]   --->   Operation 15 'read' 'p_read_10' <Predicate = true> <Delay = 0.00>
ST_1 : Operation 16 [1/1] (0.00ns)   --->   "%p_read_11 = read i32 @_ssdm_op_Read.ap_auto.i32, i32 %p_read5" [src_converted/mont_word.cpp:22]   --->   Operation 16 'read' 'p_read_11' <Predicate = true> <Delay = 0.00>
ST_1 : Operation 17 [1/1] (0.00ns)   --->   "%p_read_12 = read i32 @_ssdm_op_Read.ap_auto.i32, i32 %p_read4" [src_converted/mont_word.cpp:22]   --->   Operation 17 'read' 'p_read_12' <Predicate = true> <Delay = 0.00>
ST_1 : Operation 18 [1/1] (0.00ns)   --->   "%p_read_13 = read i32 @_ssdm_op_Read.ap_auto.i32, i32 %p_read3" [src_converted/mont_word.cpp:22]   --->   Operation 18 'read' 'p_read_13' <Predicate = true> <Delay = 0.00>
ST_1 : Operation 19 [1/1] (0.00ns)   --->   "%p_read_14 = read i32 @_ssdm_op_Read.ap_auto.i32, i32 %p_read2" [src_converted/mont_word.cpp:22]   --->   Operation 19 'read' 'p_read_14' <Predicate = true> <Delay = 0.00>
ST_1 : Operation 20 [1/1] (0.00ns)   --->   "%p_read_15 = read i32 @_ssdm_op_Read.ap_auto.i32, i32 %p_read1" [src_converted/mont_word.cpp:22]   --->   Operation 20 'read' 'p_read_15' <Predicate = true> <Delay = 0.00>
ST_1 : Operation 21 [1/1] (0.00ns)   --->   "%p_read16 = read i32 @_ssdm_op_Read.ap_auto.i32, i32 %p_read" [src_converted/mont_word.cpp:22]   --->   Operation 21 'read' 'p_read16' <Predicate = true> <Delay = 0.00>
ST_1 : Operation 22 [2/2] (7.30ns)   --->   "%call_ln31 = call void @mul.3, i32 %p_read16, i32 %p_read_15, i32 %p_read_14, i32 %p_read_13, i32 %p_read_12, i32 %p_read_11, i32 %p_read_10, i32 %p_read_9, i32 %p_read_8, i32 %p_read_7, i32 %p_read_6, i32 %p_read_5, i32 %p_read_4, i32 %p_read_3, i32 %p_read_2, i32 %p_read_1, i1 %y, i32 %gmem, i64 %out_read, i64 %m_read, i32 %mprime_read" [src_converted/mont_word.cpp:31]   --->   Operation 22 'call' 'call_ln31' <Predicate = true> <Delay = 7.30> <CoreType = "Generic">   --->   Generic Core

State 2 <SV = 1> <Delay = 0.00>
ST_2 : Operation 23 [1/1] (0.00ns)   --->   "%specinterface_ln0 = specinterface void @_ssdm_op_SpecInterface, i32 %gmem, void @empty_4, i32 0, i32 0, void @empty_5, i32 0, i32 0, void @empty_6, void @empty_7, void @empty_5, i32 16, i32 16, i32 16, i32 16, void @empty_5, void @empty_5, i32 4294967295, i32 0, i32 0"   --->   Operation 23 'specinterface' 'specinterface_ln0' <Predicate = true> <Delay = 0.00>
ST_2 : Operation 24 [1/2] (0.00ns)   --->   "%call_ln31 = call void @mul.3, i32 %p_read16, i32 %p_read_15, i32 %p_read_14, i32 %p_read_13, i32 %p_read_12, i32 %p_read_11, i32 %p_read_10, i32 %p_read_9, i32 %p_read_8, i32 %p_read_7, i32 %p_read_6, i32 %p_read_5, i32 %p_read_4, i32 %p_read_3, i32 %p_read_2, i32 %p_read_1, i1 %y, i32 %gmem, i64 %out_read, i64 %m_read, i32 %mprime_read" [src_converted/mont_word.cpp:31]   --->   Operation 24 'call' 'call_ln31' <Predicate = true> <Delay = 0.00> <CoreType = "Generic">   --->   Generic Core
ST_2 : Operation 25 [1/1] (0.00ns)   --->   "%ret_ln33 = ret" [src_converted/mont_word.cpp:33]   --->   Operation 25 'ret' 'ret_ln33' <Predicate = true> <Delay = 0.00>


============================================================
+ Verbose Summary: Timing violations
============================================================
Target clock period: 10.000ns, clock uncertainty: 2.700ns.

 <State 1>: 7.300ns
The critical path consists of the following:
	wire read operation ('out_read', src_converted/mont_word.cpp:22) on port 'out_r' (src_converted/mont_word.cpp:22) [23]  (0.000 ns)
	'call' operation 0 bit ('call_ln31', src_converted/mont_word.cpp:31) to 'mul.3' [42]  (7.300 ns)

 <State 2>: 0.000ns
The critical path consists of the following:


============================================================
+ Verbose Summary: Binding
============================================================
N/A
* FSMD analyzer results:
  - Output states:
 - Input state : 
  - Chain level:
	State 1
	State 2


============================================================
+ Verbose Summary: Datapath Resource usage 
============================================================
N/A
