

================================================================
== Vitis HLS Report for 'crypto_kem_enc_1'
================================================================
* Date:           Tue May 27 14:20:42 2025

* Version:        2024.2.2 (Build 6049644 on Mar  5 2025)
* Project:        sikep503_hls
* Solution:       solution1 (Vivado IP Flow Target)
* Product family: zynq
* Target device:  xc7z020-clg484-1


================================================================
== Performance Estimates
================================================================
+ Timing: 
    * Summary: 
    +--------+----------+----------+------------+
    |  Clock |  Target  | Estimated| Uncertainty|
    +--------+----------+----------+------------+
    |ap_clk  |  10.00 ns|  8.243 ns|     2.70 ns|
    +--------+----------+----------+------------+

+ Latency: 
    * Summary: 
    +---------+---------+----------+----------+-----+-----+---------+
    |  Latency (cycles) |  Latency (absolute) |  Interval | Pipeline|
    |   min   |   max   |    min   |    max   | min | max |   Type  |
    +---------+---------+----------+----------+-----+-----+---------+
    |        ?|        ?|         ?|         ?|    ?|    ?|       no|
    +---------+---------+----------+----------+-----+-----+---------+

    + Detail: 
        * Instance: 
        +-------------------------------------------------------+--------------------------------------------+---------+-------------+-----------+-------------+---------+-------------+------------------------------------------------+
        |                                                       |                                            |    Latency (cycles)   |    Latency (absolute)   |        Interval       |                    Pipeline                    |
        |                        Instance                       |                   Module                   |   min   |     max     |    min    |     max     |   min   |     max     |                      Type                      |
        +-------------------------------------------------------+--------------------------------------------+---------+-------------+-----------+-------------+---------+-------------+------------------------------------------------+
        |grp_crypto_kem_enc_1_Pipeline_VITIS_LOOP_27_1_fu_219   |crypto_kem_enc_1_Pipeline_VITIS_LOOP_27_1   |       27|           27|   0.270 us|     0.270 us|       25|           25|  loop auto-rewind stp (delay=0 clock cycles(s))|
        |grp_crypto_kem_enc_1_Pipeline_2_fu_233                 |crypto_kem_enc_1_Pipeline_2                 |      381|          381|   3.810 us|     3.810 us|      379|          379|  loop auto-rewind stp (delay=0 clock cycles(s))|
        |grp_cshake256_simple_32_fu_244                         |cshake256_simple_32                         |        ?|            ?|          ?|            ?|        ?|            ?|                                              no|
        |grp_EphemeralKeyGeneration_A_1_fu_255                  |EphemeralKeyGeneration_A_1                  |  6276331|  14738978858|  62.763 ms|  147.390 sec|  6276331|  14738978858|                                              no|
        |grp_EphemeralSecretAgreement_A_1_fu_290                |EphemeralSecretAgreement_A_1                |  3630853|  14736862361|  36.309 ms|  147.369 sec|  3630853|  14736862361|                                              no|
        |grp_cshake256_simple_32_clone_fu_315                   |cshake256_simple_32_clone                   |      388|          388|   3.880 us|     3.880 us|      388|          388|                                              no|
        |grp_crypto_kem_enc_1_Pipeline_VITIS_LOOP_81_6_fu_323   |crypto_kem_enc_1_Pipeline_VITIS_LOOP_81_6   |       27|           27|   0.270 us|     0.270 us|       25|           25|  loop auto-rewind stp (delay=0 clock cycles(s))|
        |grp_crypto_kem_enc_1_Pipeline_4_fu_335                 |crypto_kem_enc_1_Pipeline_4                 |      405|          405|   4.050 us|     4.050 us|      403|          403|  loop auto-rewind stp (delay=0 clock cycles(s))|
        |grp_cshake256_simple_absorb_fu_346                     |cshake256_simple_absorb                     |        ?|            ?|          ?|            ?|        ?|            ?|                                              no|
        |grp_KeccakF1600_StatePermute_fu_359                    |KeccakF1600_StatePermute                    |       42|           42|   0.420 us|     0.420 us|       42|           42|                                              no|
        |grp_crypto_kem_enc_1_Pipeline_VITIS_LOOP_418_2_fu_366  |crypto_kem_enc_1_Pipeline_VITIS_LOOP_418_2  |       19|           19|   0.190 us|     0.190 us|       18|           18|  loop auto-rewind stp (delay=0 clock cycles(s))|
        |grp_crypto_kem_enc_1_Pipeline_VITIS_LOOP_649_1_fu_375  |crypto_kem_enc_1_Pipeline_VITIS_LOOP_649_1  |       19|           19|   0.190 us|     0.190 us|       17|           17|  loop auto-rewind stp (delay=0 clock cycles(s))|
        +-------------------------------------------------------+--------------------------------------------+---------+-------------+-----------+-------------+---------+-------------+------------------------------------------------+

        * Loop: 
        N/A



================================================================
== Utilization Estimates
================================================================
* Summary: 
+-----------------+---------+------+---------+---------+-----+
|       Name      | BRAM_18K|  DSP |    FF   |   LUT   | URAM|
+-----------------+---------+------+---------+---------+-----+
|DSP              |        -|     -|        -|        -|    -|
|Expression       |        -|     -|        0|       73|    -|
|FIFO             |        -|     -|        -|        -|    -|
|Instance         |      896|  3907|  1110760|  1637249|    0|
|Memory           |        4|     -|      174|      111|    0|
|Multiplexer      |        -|     -|        0|     2083|    -|
|Register         |        -|     -|      127|        -|    -|
+-----------------+---------+------+---------+---------+-----+
|Total            |      900|  3907|  1111061|  1639516|    0|
+-----------------+---------+------+---------+---------+-----+
|Available        |      280|   220|   106400|    53200|    0|
+-----------------+---------+------+---------+---------+-----+
|Utilization (%)  |      321|  1775|     1044|     3081|    0|
+-----------------+---------+------+---------+---------+-----+

+ Detail: 
    * Instance: 
    +-------------------------------------------------------+--------------------------------------------+---------+------+--------+--------+-----+
    |                        Instance                       |                   Module                   | BRAM_18K|  DSP |   FF   |   LUT  | URAM|
    +-------------------------------------------------------+--------------------------------------------+---------+------+--------+--------+-----+
    |grp_EphemeralKeyGeneration_A_1_fu_255                  |EphemeralKeyGeneration_A_1                  |      486|  2080|  565227|  796496|    0|
    |grp_EphemeralSecretAgreement_A_1_fu_290                |EphemeralSecretAgreement_A_1                |      390|  1827|  514965|  733965|    0|
    |grp_KeccakF1600_StatePermute_fu_359                    |KeccakF1600_StatePermute                    |        2|     0|    4904|   17154|    0|
    |grp_crypto_kem_enc_1_Pipeline_2_fu_233                 |crypto_kem_enc_1_Pipeline_2                 |        0|     0|      41|      91|    0|
    |grp_crypto_kem_enc_1_Pipeline_4_fu_335                 |crypto_kem_enc_1_Pipeline_4                 |        0|     0|      41|      91|    0|
    |grp_crypto_kem_enc_1_Pipeline_VITIS_LOOP_27_1_fu_219   |crypto_kem_enc_1_Pipeline_VITIS_LOOP_27_1   |        0|     0|     240|     442|    0|
    |grp_crypto_kem_enc_1_Pipeline_VITIS_LOOP_418_2_fu_366  |crypto_kem_enc_1_Pipeline_VITIS_LOOP_418_2  |        0|     0|      13|      64|    0|
    |grp_crypto_kem_enc_1_Pipeline_VITIS_LOOP_649_1_fu_375  |crypto_kem_enc_1_Pipeline_VITIS_LOOP_649_1  |        0|     0|      20|      96|    0|
    |grp_crypto_kem_enc_1_Pipeline_VITIS_LOOP_81_6_fu_323   |crypto_kem_enc_1_Pipeline_VITIS_LOOP_81_6   |        0|     0|      20|     103|    0|
    |grp_cshake256_simple_32_fu_244                         |cshake256_simple_32                         |        8|     0|   10093|   35364|    0|
    |grp_cshake256_simple_32_clone_fu_315                   |cshake256_simple_32_clone                   |        8|     0|   10111|   35735|    0|
    |grp_cshake256_simple_absorb_fu_346                     |cshake256_simple_absorb                     |        2|     0|    5085|   17648|    0|
    +-------------------------------------------------------+--------------------------------------------+---------+------+--------+--------+-----+
    |Total                                                  |                                            |      896|  3907| 1110760| 1637249|    0|
    +-------------------------------------------------------+--------------------------------------------+---------+------+--------+--------+-----+

    * DSP: 
    N/A

    * Memory: 
    +-----------------+--------------------------------------------+---------+----+----+-----+------+-----+------+-------------+
    |      Memory     |                   Module                   | BRAM_18K| FF | LUT| URAM| Words| Bits| Banks| W*Bits*Banks|
    +-----------------+--------------------------------------------+---------+----+----+-----+------+-----+------+-------------+
    |ephemeralsk_U    |crypto_kem_enc_1_ephemeralsk_RAM_AUTO_1R1W  |        0|  16|   4|    0|    32|    8|     1|          256|
    |h_U              |crypto_kem_enc_1_h_RAM_AUTO_1R1W            |        0|   8|   3|    0|    24|    8|     1|          192|
    |jinvariant_U     |crypto_kem_enc_1_jinvariant_RAM_AUTO_1R1W   |        0|  16|  16|    0|   126|    8|     1|         1008|
    |s_i_U            |crypto_kem_enc_1_s_i_RAM_AUTO_1R1W          |        4|   0|   0|    0|    25|   64|     1|         1600|
    |strat_Alice_1_U  |crypto_kem_enc_1_strat_Alice_1_ROM_AUTO_1R  |        0|   6|  12|    0|   124|    6|     1|          744|
    |t_U              |crypto_kem_enc_1_t_RAM_AUTO_1R1W            |        0|  16|   5|    0|    34|    8|     1|          272|
    |t_44_U           |crypto_kem_enc_1_t_RAM_AUTO_1R1W            |        0|  16|   5|    0|    34|    8|     1|          272|
    |t_45_U           |crypto_kem_enc_1_t_RAM_AUTO_1R1W            |        0|  16|   5|    0|    34|    8|     1|          272|
    |t_46_U           |crypto_kem_enc_1_t_RAM_AUTO_1R1W            |        0|  16|   5|    0|    34|    8|     1|          272|
    |temp_U           |crypto_kem_enc_1_temp_RAM_AUTO_1R1W         |        0|  16|  14|    0|   107|    8|     1|          856|
    |temp_1_U         |crypto_kem_enc_1_temp_RAM_AUTO_1R1W         |        0|  16|  14|    0|   107|    8|     1|          856|
    |temp_2_U         |crypto_kem_enc_1_temp_RAM_AUTO_1R1W         |        0|  16|  14|    0|   107|    8|     1|          856|
    |temp_3_U         |crypto_kem_enc_1_temp_RAM_AUTO_1R1W         |        0|  16|  14|    0|   107|    8|     1|          856|
    +-----------------+--------------------------------------------+---------+----+----+-----+------+-----+------+-------------+
    |Total            |                                            |        4| 174| 111|    0|   895|  158|    13|         8312|
    +-----------------+--------------------------------------------+---------+----+----+-----+------+-----+------+-------------+

    * FIFO: 
    N/A

    * Expression: 
    +--------------------+----------+----+---+----+------------+------------+
    |    Variable Name   | Operation| DSP| FF| LUT| Bitwidth P0| Bitwidth P1|
    +--------------------+----------+----+---+----+------------+------------+
    |add_ln81_fu_402_p2  |         +|   0|  0|  71|          64|           9|
    |ephemeralsk_we0     |        or|   0|  0|   2|           1|           1|
    +--------------------+----------+----+---+----+------------+------------+
    |Total               |          |   0|  0|  73|          65|          10|
    +--------------------+----------+----+---+----+------------+------------+

    * Multiplexer: 
    +----------------------------+-----+-----------+-----+-----------+
    |            Name            | LUT | Input Size| Bits| Total Bits|
    +----------------------------+-----+-----------+-----+-----------+
    |ap_NS_fsm                   |  225|         52|    1|         52|
    |ephemeralsk_address0        |   20|          4|    5|         20|
    |ephemeralsk_address0_local  |   14|          3|    5|         15|
    |ephemeralsk_address1        |   14|          3|    5|         15|
    |ephemeralsk_ce0             |   20|          4|    1|          4|
    |ephemeralsk_ce1             |   14|          3|    1|          3|
    |ephemeralsk_d0              |    9|          2|    8|         16|
    |ephemeralsk_we0             |    9|          2|    1|          2|
    |gmem_blk_n_AR               |    9|          2|    1|          2|
    |gmem_blk_n_AW               |    9|          2|    1|          2|
    |gmem_blk_n_B                |    9|          2|    1|          2|
    |h_address0                  |   14|          3|    5|         15|
    |h_ce0                       |   14|          3|    1|          3|
    |h_we0                       |    9|          2|    1|          2|
    |jinvariant_address0         |   14|          3|    7|         21|
    |jinvariant_ce0              |   14|          3|    1|          3|
    |jinvariant_ce1              |    9|          2|    1|          2|
    |jinvariant_we0              |    9|          2|    1|          2|
    |jinvariant_we1              |    9|          2|    1|          2|
    |m_axi_gmem_0_ARADDR         |   31|          6|   64|        384|
    |m_axi_gmem_0_ARBURST        |   20|          4|    2|          8|
    |m_axi_gmem_0_ARCACHE        |   20|          4|    4|         16|
    |m_axi_gmem_0_ARID           |   20|          4|    1|          4|
    |m_axi_gmem_0_ARLEN          |   31|          6|   32|        192|
    |m_axi_gmem_0_ARLOCK         |   20|          4|    2|          8|
    |m_axi_gmem_0_ARPROT         |   20|          4|    3|         12|
    |m_axi_gmem_0_ARQOS          |   20|          4|    4|         16|
    |m_axi_gmem_0_ARREGION       |   20|          4|    4|         16|
    |m_axi_gmem_0_ARSIZE         |   20|          4|    3|         12|
    |m_axi_gmem_0_ARUSER         |   20|          4|    1|          4|
    |m_axi_gmem_0_ARVALID        |   25|          5|    1|          5|
    |m_axi_gmem_0_AWADDR         |   31|          6|   64|        384|
    |m_axi_gmem_0_AWBURST        |   20|          4|    2|          8|
    |m_axi_gmem_0_AWCACHE        |   20|          4|    4|         16|
    |m_axi_gmem_0_AWID           |   20|          4|    1|          4|
    |m_axi_gmem_0_AWLEN          |   31|          6|   32|        192|
    |m_axi_gmem_0_AWLOCK         |   20|          4|    2|          8|
    |m_axi_gmem_0_AWPROT         |   20|          4|    3|         12|
    |m_axi_gmem_0_AWQOS          |   20|          4|    4|         16|
    |m_axi_gmem_0_AWREGION       |   20|          4|    4|         16|
    |m_axi_gmem_0_AWSIZE         |   20|          4|    3|         12|
    |m_axi_gmem_0_AWUSER         |   20|          4|    1|          4|
    |m_axi_gmem_0_AWVALID        |   25|          5|    1|          5|
    |m_axi_gmem_0_BREADY         |   25|          5|    1|          5|
    |m_axi_gmem_0_RREADY         |   20|          4|    1|          4|
    |m_axi_gmem_0_WDATA          |   20|          4|    8|         32|
    |m_axi_gmem_0_WID            |   20|          4|    1|          4|
    |m_axi_gmem_0_WLAST          |   20|          4|    1|          4|
    |m_axi_gmem_0_WSTRB          |   20|          4|    1|          4|
    |m_axi_gmem_0_WUSER          |   20|          4|    1|          4|
    |m_axi_gmem_0_WVALID         |   20|          4|    1|          4|
    |s_i_address0                |   20|          4|    5|         20|
    |s_i_address1                |   14|          3|    5|         15|
    |s_i_ce0                     |   20|          4|    1|          4|
    |s_i_ce1                     |   14|          3|    1|          3|
    |s_i_d0                      |   14|          3|   64|        192|
    |s_i_d1                      |   14|          3|   64|        192|
    |s_i_we0                     |   14|          3|    8|         24|
    |s_i_we1                     |   14|          3|    8|         24|
    |strat_Alice_1_address0      |   14|          3|    7|         21|
    |strat_Alice_1_ce0           |   14|          3|    1|          3|
    |t_44_address0               |   14|          3|    6|         18|
    |t_44_ce0                    |   14|          3|    1|          3|
    |t_44_ce1                    |    9|          2|    1|          2|
    |t_44_we0                    |    9|          2|    1|          2|
    |t_44_we1                    |    9|          2|    1|          2|
    |t_45_address0               |   14|          3|    6|         18|
    |t_45_ce0                    |   14|          3|    1|          3|
    |t_45_ce1                    |    9|          2|    1|          2|
    |t_45_we0                    |    9|          2|    1|          2|
    |t_45_we1                    |    9|          2|    1|          2|
    |t_46_address0               |   14|          3|    6|         18|
    |t_46_ce0                    |   14|          3|    1|          3|
    |t_46_ce1                    |    9|          2|    1|          2|
    |t_46_we0                    |    9|          2|    1|          2|
    |t_46_we1                    |    9|          2|    1|          2|
    |t_address0                  |   14|          3|    6|         18|
    |t_ce0                       |   14|          3|    1|          3|
    |t_ce1                       |    9|          2|    1|          2|
    |t_we0                       |    9|          2|    1|          2|
    |t_we1                       |    9|          2|    1|          2|
    |temp_1_address0             |   37|          7|    7|         49|
    |temp_1_address1             |   14|          3|    7|         21|
    |temp_1_ce0                  |   37|          7|    1|          7|
    |temp_1_ce1                  |   14|          3|    1|          3|
    |temp_1_d0                   |   20|          4|    8|         32|
    |temp_1_we0                  |   20|          4|    1|          4|
    |temp_2_address0             |   37|          7|    7|         49|
    |temp_2_address1             |   14|          3|    7|         21|
    |temp_2_ce0                  |   37|          7|    1|          7|
    |temp_2_ce1                  |   14|          3|    1|          3|
    |temp_2_d0                   |   20|          4|    8|         32|
    |temp_2_we0                  |   20|          4|    1|          4|
    |temp_3_address0             |   37|          7|    7|         49|
    |temp_3_address1             |   14|          3|    7|         21|
    |temp_3_ce0                  |   37|          7|    1|          7|
    |temp_3_ce1                  |   14|          3|    1|          3|
    |temp_3_d0                   |   20|          4|    8|         32|
    |temp_3_we0                  |   20|          4|    1|          4|
    |temp_address0               |   37|          7|    7|         49|
    |temp_address1               |   14|          3|    7|         21|
    |temp_ce0                    |   37|          7|    1|          7|
    |temp_ce1                    |   14|          3|    1|          3|
    |temp_d0                     |   20|          4|    8|         32|
    |temp_we0                    |   20|          4|    1|          4|
    +----------------------------+-----+-----------+-----+-----------+
    |Total                       | 2083|        430|  609|       2668|
    +----------------------------+-----+-----------+-----+-----------+

    * Register: 
    +--------------------------------------------------------------------+----+----+-----+-----------+
    |                                Name                                | FF | LUT| Bits| Const Bits|
    +--------------------------------------------------------------------+----+----+-----+-----------+
    |add_ln81_reg_450                                                    |  64|   0|   64|          0|
    |ap_CS_fsm                                                           |  51|   0|   51|          0|
    |grp_EphemeralKeyGeneration_A_1_fu_255_ap_start_reg                  |   1|   0|    1|          0|
    |grp_EphemeralSecretAgreement_A_1_fu_290_ap_start_reg                |   1|   0|    1|          0|
    |grp_KeccakF1600_StatePermute_fu_359_ap_start_reg                    |   1|   0|    1|          0|
    |grp_crypto_kem_enc_1_Pipeline_2_fu_233_ap_start_reg                 |   1|   0|    1|          0|
    |grp_crypto_kem_enc_1_Pipeline_4_fu_335_ap_start_reg                 |   1|   0|    1|          0|
    |grp_crypto_kem_enc_1_Pipeline_VITIS_LOOP_27_1_fu_219_ap_start_reg   |   1|   0|    1|          0|
    |grp_crypto_kem_enc_1_Pipeline_VITIS_LOOP_418_2_fu_366_ap_start_reg  |   1|   0|    1|          0|
    |grp_crypto_kem_enc_1_Pipeline_VITIS_LOOP_649_1_fu_375_ap_start_reg  |   1|   0|    1|          0|
    |grp_crypto_kem_enc_1_Pipeline_VITIS_LOOP_81_6_fu_323_ap_start_reg   |   1|   0|    1|          0|
    |grp_cshake256_simple_32_clone_fu_315_ap_start_reg                   |   1|   0|    1|          0|
    |grp_cshake256_simple_32_fu_244_ap_start_reg                         |   1|   0|    1|          0|
    |grp_cshake256_simple_absorb_fu_346_ap_start_reg                     |   1|   0|    1|          0|
    +--------------------------------------------------------------------+----+----+-----+-----------+
    |Total                                                               | 127|   0|  127|          0|
    +--------------------------------------------------------------------+----+----+-----+-----------+



================================================================
== Interface
================================================================
* Summary: 
+-----------------------+-----+-----+------------+------------------+--------------+
|       RTL Ports       | Dir | Bits|  Protocol  |   Source Object  |    C Type    |
+-----------------------+-----+-----+------------+------------------+--------------+
|ap_clk                 |   in|    1|  ap_ctrl_hs|  crypto_kem_enc.1|  return value|
|ap_rst                 |   in|    1|  ap_ctrl_hs|  crypto_kem_enc.1|  return value|
|ap_start               |   in|    1|  ap_ctrl_hs|  crypto_kem_enc.1|  return value|
|ap_done                |  out|    1|  ap_ctrl_hs|  crypto_kem_enc.1|  return value|
|ap_idle                |  out|    1|  ap_ctrl_hs|  crypto_kem_enc.1|  return value|
|ap_ready               |  out|    1|  ap_ctrl_hs|  crypto_kem_enc.1|  return value|
|m_axi_gmem_0_AWVALID   |  out|    1|       m_axi|              gmem|       pointer|
|m_axi_gmem_0_AWREADY   |   in|    1|       m_axi|              gmem|       pointer|
|m_axi_gmem_0_AWADDR    |  out|   64|       m_axi|              gmem|       pointer|
|m_axi_gmem_0_AWID      |  out|    1|       m_axi|              gmem|       pointer|
|m_axi_gmem_0_AWLEN     |  out|   32|       m_axi|              gmem|       pointer|
|m_axi_gmem_0_AWSIZE    |  out|    3|       m_axi|              gmem|       pointer|
|m_axi_gmem_0_AWBURST   |  out|    2|       m_axi|              gmem|       pointer|
|m_axi_gmem_0_AWLOCK    |  out|    2|       m_axi|              gmem|       pointer|
|m_axi_gmem_0_AWCACHE   |  out|    4|       m_axi|              gmem|       pointer|
|m_axi_gmem_0_AWPROT    |  out|    3|       m_axi|              gmem|       pointer|
|m_axi_gmem_0_AWQOS     |  out|    4|       m_axi|              gmem|       pointer|
|m_axi_gmem_0_AWREGION  |  out|    4|       m_axi|              gmem|       pointer|
|m_axi_gmem_0_AWUSER    |  out|    1|       m_axi|              gmem|       pointer|
|m_axi_gmem_0_WVALID    |  out|    1|       m_axi|              gmem|       pointer|
|m_axi_gmem_0_WREADY    |   in|    1|       m_axi|              gmem|       pointer|
|m_axi_gmem_0_WDATA     |  out|    8|       m_axi|              gmem|       pointer|
|m_axi_gmem_0_WSTRB     |  out|    1|       m_axi|              gmem|       pointer|
|m_axi_gmem_0_WLAST     |  out|    1|       m_axi|              gmem|       pointer|
|m_axi_gmem_0_WID       |  out|    1|       m_axi|              gmem|       pointer|
|m_axi_gmem_0_WUSER     |  out|    1|       m_axi|              gmem|       pointer|
|m_axi_gmem_0_ARVALID   |  out|    1|       m_axi|              gmem|       pointer|
|m_axi_gmem_0_ARREADY   |   in|    1|       m_axi|              gmem|       pointer|
|m_axi_gmem_0_ARADDR    |  out|   64|       m_axi|              gmem|       pointer|
|m_axi_gmem_0_ARID      |  out|    1|       m_axi|              gmem|       pointer|
|m_axi_gmem_0_ARLEN     |  out|   32|       m_axi|              gmem|       pointer|
|m_axi_gmem_0_ARSIZE    |  out|    3|       m_axi|              gmem|       pointer|
|m_axi_gmem_0_ARBURST   |  out|    2|       m_axi|              gmem|       pointer|
|m_axi_gmem_0_ARLOCK    |  out|    2|       m_axi|              gmem|       pointer|
|m_axi_gmem_0_ARCACHE   |  out|    4|       m_axi|              gmem|       pointer|
|m_axi_gmem_0_ARPROT    |  out|    3|       m_axi|              gmem|       pointer|
|m_axi_gmem_0_ARQOS     |  out|    4|       m_axi|              gmem|       pointer|
|m_axi_gmem_0_ARREGION  |  out|    4|       m_axi|              gmem|       pointer|
|m_axi_gmem_0_ARUSER    |  out|    1|       m_axi|              gmem|       pointer|
|m_axi_gmem_0_RVALID    |   in|    1|       m_axi|              gmem|       pointer|
|m_axi_gmem_0_RREADY    |  out|    1|       m_axi|              gmem|       pointer|
|m_axi_gmem_0_RDATA     |   in|    8|       m_axi|              gmem|       pointer|
|m_axi_gmem_0_RLAST     |   in|    1|       m_axi|              gmem|       pointer|
|m_axi_gmem_0_RID       |   in|    1|       m_axi|              gmem|       pointer|
|m_axi_gmem_0_RFIFONUM  |   in|   11|       m_axi|              gmem|       pointer|
|m_axi_gmem_0_RUSER     |   in|    1|       m_axi|              gmem|       pointer|
|m_axi_gmem_0_RRESP     |   in|    2|       m_axi|              gmem|       pointer|
|m_axi_gmem_0_BVALID    |   in|    1|       m_axi|              gmem|       pointer|
|m_axi_gmem_0_BREADY    |  out|    1|       m_axi|              gmem|       pointer|
|m_axi_gmem_0_BRESP     |   in|    2|       m_axi|              gmem|       pointer|
|m_axi_gmem_0_BID       |   in|    1|       m_axi|              gmem|       pointer|
|m_axi_gmem_0_BUSER     |   in|    1|       m_axi|              gmem|       pointer|
|ct                     |   in|   64|     ap_none|                ct|        scalar|
|ss                     |   in|   64|     ap_none|                ss|        scalar|
|pk                     |   in|   64|     ap_none|                pk|        scalar|
+-----------------------+-----+-----+------------+------------------+--------------+

