

================================================================
== Vitis HLS Report for 'fp2div2_503_Pipeline_VITIS_LOOP_424_1'
================================================================
* Date:           Wed Oct  8 20:37:28 2025

* Version:        2024.2.2 (Build 6049644 on Mar  5 2025)
* Project:        sikep503_hls
* Solution:       solution1 (Vivado IP Flow Target)
* Product family: virtexuplus58g
* Target device:  xcvu29p-fsga2577-2L-e


================================================================
== Performance Estimates
================================================================
+ Timing: 
    * Summary: 
    +--------+----------+----------+------------+
    |  Clock |  Target  | Estimated| Uncertainty|
    +--------+----------+----------+------------+
    |ap_clk  |  10.00 ns|  1.706 ns|     2.70 ns|
    +--------+----------+----------+------------+

+ Latency: 
    * Summary: 
    +---------+---------+----------+----------+-----+-----+------------------------------------------------+
    |  Latency (cycles) |  Latency (absolute) |  Interval |                    Pipeline                    |
    |   min   |   max   |    min   |    max   | min | max |                      Type                      |
    +---------+---------+----------+----------+-----+-----+------------------------------------------------+
    |       23|       23|  0.230 us|  0.230 us|   22|   22|  loop auto-rewind stp (delay=0 clock cycles(s))|
    +---------+---------+----------+----------+-----+-----+------------------------------------------------+

    + Detail: 
        * Instance: 
        N/A

        * Loop: 
        +--------------------+---------+---------+----------+-----------+-----------+------+----------+
        |                    |  Latency (cycles) | Iteration|  Initiation Interval  | Trip |          |
        |      Loop Name     |   min   |   max   |  Latency |  achieved |   target  | Count| Pipelined|
        +--------------------+---------+---------+----------+-----------+-----------+------+----------+
        |- VITIS_LOOP_424_1  |       21|       21|         3|          3|          1|     7|       yes|
        +--------------------+---------+---------+----------+-----------+-----------+------+----------+



================================================================
== Utilization Estimates
================================================================
* Summary: 
+---------------------+---------+-------+---------+---------+------+
|         Name        | BRAM_18K|  DSP  |    FF   |   LUT   | URAM |
+---------------------+---------+-------+---------+---------+------+
|DSP                  |        -|      -|        -|        -|     -|
|Expression           |        -|      -|        0|       84|     -|
|FIFO                 |        -|      -|        -|        -|     -|
|Instance             |        -|      -|        -|        -|     -|
|Memory               |        -|      -|        -|        -|     -|
|Multiplexer          |        -|      -|        0|       87|     -|
|Register             |        -|      -|       78|        -|     -|
+---------------------+---------+-------+---------+---------+------+
|Total                |        0|      0|       78|      171|     0|
+---------------------+---------+-------+---------+---------+------+
|Available SLR        |     1344|   3072|   864000|   432000|   320|
+---------------------+---------+-------+---------+---------+------+
|Utilization SLR (%)  |        0|      0|       ~0|       ~0|     0|
+---------------------+---------+-------+---------+---------+------+
|Available            |     5376|  12288|  3456000|  1728000|  1280|
+---------------------+---------+-------+---------+---------+------+
|Utilization (%)      |        0|      0|       ~0|       ~0|     0|
+---------------------+---------+-------+---------+---------+------+

+ Detail: 
    * Instance: 
    N/A

    * DSP: 
    N/A

    * Memory: 
    N/A

    * FIFO: 
    N/A

    * Expression: 
    +--------------------------+----------+----+---+----+------------+------------+
    |       Variable Name      | Operation| DSP| FF| LUT| Bitwidth P0| Bitwidth P1|
    +--------------------------+----------+----+---+----+------------+------------+
    |add_ln427_fu_108_p2       |         +|   0|  0|  10|           3|           1|
    |icmp_ln424_fu_102_p2      |      icmp|   0|  0|  10|           3|           2|
    |select_ln427_2_fu_184_p3  |    select|   0|  0|   2|           1|           1|
    |select_ln427_fu_154_p3    |    select|   0|  0|  62|           1|          63|
    +--------------------------+----------+----+---+----+------------+------------+
    |Total                     |          |   0|  0|  84|           8|          67|
    +--------------------------+----------+----+---+----+------------+------------+

    * Multiplexer: 
    +----------------------+----+-----------+-----+-----------+
    |         Name         | LUT| Input Size| Bits| Total Bits|
    +----------------------+----+-----------+-----+-----------+
    |ap_NS_fsm             |  20|          4|    1|          4|
    |ap_done_int           |   9|          2|    1|          2|
    |ap_sig_allocacmp_i    |   9|          2|    3|          6|
    |c_0_0_address0_local  |  20|          4|    2|          8|
    |c_0_1_address0_local  |  20|          4|    2|          8|
    |i_222_fu_48           |   9|          2|    3|          6|
    +----------------------+----+-----------+-----+-----------+
    |Total                 |  87|         18|   12|         34|
    +----------------------+----+-----------+-----+-----------+

    * Register: 
    +----------------------+----+----+-----+-----------+
    |         Name         | FF | LUT| Bits| Const Bits|
    +----------------------+----+----+-----+-----------+
    |add_ln427_reg_214     |   3|   0|    3|          0|
    |ap_CS_fsm             |   3|   0|    3|          0|
    |ap_done_reg           |   1|   0|    1|          0|
    |c_0_0_addr_reg_226    |   2|   0|    2|          0|
    |c_0_1_addr_reg_231    |   2|   0|    2|          0|
    |i_222_fu_48           |   3|   0|    3|          0|
    |select_ln427_reg_236  |  63|   0|   63|          0|
    |trunc_ln424_reg_220   |   1|   0|    1|          0|
    +----------------------+----+----+-----+-----------+
    |Total                 |  78|   0|   78|          0|
    +----------------------+----+----+-----+-----------+



================================================================
== Interface
================================================================
* Summary: 
+----------------+-----+-----+------------+---------------------------------------+--------------+
|    RTL Ports   | Dir | Bits|  Protocol  |             Source Object             |    C Type    |
+----------------+-----+-----+------------+---------------------------------------+--------------+
|ap_clk          |   in|    1|  ap_ctrl_hs|  fp2div2_503_Pipeline_VITIS_LOOP_424_1|  return value|
|ap_rst          |   in|    1|  ap_ctrl_hs|  fp2div2_503_Pipeline_VITIS_LOOP_424_1|  return value|
|ap_start        |   in|    1|  ap_ctrl_hs|  fp2div2_503_Pipeline_VITIS_LOOP_424_1|  return value|
|ap_done         |  out|    1|  ap_ctrl_hs|  fp2div2_503_Pipeline_VITIS_LOOP_424_1|  return value|
|ap_idle         |  out|    1|  ap_ctrl_hs|  fp2div2_503_Pipeline_VITIS_LOOP_424_1|  return value|
|ap_ready        |  out|    1|  ap_ctrl_hs|  fp2div2_503_Pipeline_VITIS_LOOP_424_1|  return value|
|c_0_1_address0  |  out|    2|   ap_memory|                                  c_0_1|         array|
|c_0_1_ce0       |  out|    1|   ap_memory|                                  c_0_1|         array|
|c_0_1_we0       |  out|    1|   ap_memory|                                  c_0_1|         array|
|c_0_1_d0        |  out|   64|   ap_memory|                                  c_0_1|         array|
|c_0_1_q0        |   in|   64|   ap_memory|                                  c_0_1|         array|
|c_0_0_address0  |  out|    2|   ap_memory|                                  c_0_0|         array|
|c_0_0_ce0       |  out|    1|   ap_memory|                                  c_0_0|         array|
|c_0_0_we0       |  out|    1|   ap_memory|                                  c_0_0|         array|
|c_0_0_d0        |  out|   64|   ap_memory|                                  c_0_0|         array|
|c_0_0_q0        |   in|   64|   ap_memory|                                  c_0_0|         array|
+----------------+-----+-----+------------+---------------------------------------+--------------+

