

================================================================
== Vitis HLS Report for 'fpadd503_29_Pipeline_VITIS_LOOP_33_1'
================================================================
* Date:           Wed Oct  8 20:38:15 2025

* Version:        2024.2.2 (Build 6049644 on Mar  5 2025)
* Project:        sikep503_hls
* Solution:       solution1 (Vivado IP Flow Target)
* Product family: virtexuplus58g
* Target device:  xcvu29p-fsga2577-2L-e


================================================================
== Performance Estimates
================================================================
+ Timing: 
    * Summary: 
    +--------+----------+----------+------------+
    |  Clock |  Target  | Estimated| Uncertainty|
    +--------+----------+----------+------------+
    |ap_clk  |  10.00 ns|  4.133 ns|     2.70 ns|
    +--------+----------+----------+------------+

+ Latency: 
    * Summary: 
    +---------+---------+----------+----------+-----+-----+------------------------------------------------+
    |  Latency (cycles) |  Latency (absolute) |  Interval |                    Pipeline                    |
    |   min   |   max   |    min   |    max   | min | max |                      Type                      |
    +---------+---------+----------+----------+-----+-----+------------------------------------------------+
    |       18|       18|  0.180 us|  0.180 us|   17|   17|  loop auto-rewind stp (delay=0 clock cycles(s))|
    +---------+---------+----------+----------+-----+-----+------------------------------------------------+

    + Detail: 
        * Instance: 
        N/A

        * Loop: 
        +-------------------+---------+---------+----------+-----------+-----------+------+----------+
        |                   |  Latency (cycles) | Iteration|  Initiation Interval  | Trip |          |
        |     Loop Name     |   min   |   max   |  Latency |  achieved |   target  | Count| Pipelined|
        +-------------------+---------+---------+----------+-----------+-----------+------+----------+
        |- VITIS_LOOP_33_1  |       16|       16|         2|          2|          1|     8|       yes|
        +-------------------+---------+---------+----------+-----------+-----------+------+----------+



================================================================
== Utilization Estimates
================================================================
* Summary: 
+---------------------+---------+-------+---------+---------+------+
|         Name        | BRAM_18K|  DSP  |    FF   |   LUT   | URAM |
+---------------------+---------+-------+---------+---------+------+
|DSP                  |        -|      -|        -|        -|     -|
|Expression           |        -|      -|        0|      688|     -|
|FIFO                 |        -|      -|        -|        -|     -|
|Instance             |        -|      -|        -|        -|     -|
|Memory               |        -|      -|        -|        -|     -|
|Multiplexer          |        -|      -|        0|       91|     -|
|Register             |        -|      -|      141|        -|     -|
+---------------------+---------+-------+---------+---------+------+
|Total                |        0|      0|      141|      779|     0|
+---------------------+---------+-------+---------+---------+------+
|Available SLR        |     1344|   3072|   864000|   432000|   320|
+---------------------+---------+-------+---------+---------+------+
|Utilization SLR (%)  |        0|      0|       ~0|       ~0|     0|
+---------------------+---------+-------+---------+---------+------+
|Available            |     5376|  12288|  3456000|  1728000|  1280|
+---------------------+---------+-------+---------+---------+------+
|Utilization (%)      |        0|      0|       ~0|       ~0|     0|
+---------------------+---------+-------+---------+---------+------+

+ Detail: 
    * Instance: 
    N/A

    * DSP: 
    N/A

    * Memory: 
    N/A

    * FIFO: 
    N/A

    * Expression: 
    +------------------------+----------+----+---+----+------------+------------+
    |      Variable Name     | Operation| DSP| FF| LUT| Bitwidth P0| Bitwidth P1|
    +------------------------+----------+----+---+----+------------+------------+
    |add_ln33_fu_128_p2      |         +|   0|  0|  12|           4|           1|
    |add_ln35_fu_195_p2      |         +|   0|  0|  71|          64|          64|
    |tempReg_fu_189_p2       |         +|   0|  0|  71|          64|          64|
    |and_ln35_fu_251_p2      |       and|   0|  0|  64|          64|          64|
    |addr_cmp_fu_159_p2      |      icmp|   0|  0|  71|          64|          64|
    |icmp_ln33_fu_122_p2     |      icmp|   0|  0|  12|           4|           5|
    |or_ln35_6_fu_263_p2     |        or|   0|  0|  64|          64|          64|
    |or_ln35_fu_219_p2       |        or|   0|  0|  64|          64|          64|
    |reuse_select_fu_178_p3  |    select|   0|  0|  63|           1|          64|
    |ap_enable_pp0           |       xor|   0|  0|   2|           1|           2|
    |xor_ln35_16_fu_213_p2   |       xor|   0|  0|  64|          64|          64|
    |xor_ln35_18_fu_257_p2   |       xor|   0|  0|  64|          64|          64|
    |xor_ln35_19_fu_233_p2   |       xor|   0|  0|   2|           1|           2|
    |xor_ln35_fu_207_p2      |       xor|   0|  0|  64|          64|          64|
    +------------------------+----------+----+---+----+------------+------------+
    |Total                   |          |   0|  0| 688|         587|         650|
    +------------------------+----------+----+---+----+------------+------------+

    * Multiplexer: 
    +-------------------------+----+-----------+-----+-----------+
    |           Name          | LUT| Input Size| Bits| Total Bits|
    +-------------------------+----+-----------+-----+-----------+
    |R_Z_address0_local       |  14|          3|    4|         12|
    |ap_NS_fsm                |  14|          3|    1|          3|
    |ap_done_int              |   9|          2|    1|          2|
    |ap_enable_reg_pp0_iter0  |   9|          2|    1|          2|
    |ap_enable_reg_pp0_iter1  |   9|          2|    1|          2|
    |carry_reg_92             |   9|          2|    1|          2|
    |i_fu_62                  |   9|          2|    4|          8|
    |reuse_addr_reg_fu_54     |   9|          2|   63|        126|
    |reuse_reg_fu_58          |   9|          2|   64|        128|
    +-------------------------+----+-----------+-----+-----------+
    |Total                    |  91|         20|  140|        285|
    +-------------------------+----+-----------+-----+-----------+

    * Register: 
    +-----------------------------+----+----+-----+-----------+
    |             Name            | FF | LUT| Bits| Const Bits|
    +-----------------------------+----+----+-----+-----------+
    |R_Z_addr_reg_301             |   3|   0|    4|          1|
    |addr_cmp_reg_306             |   1|   0|    1|          0|
    |ap_CS_fsm                    |   2|   0|    2|          0|
    |ap_done_reg                  |   1|   0|    1|          0|
    |ap_enable_reg_pp0_iter0_reg  |   1|   0|    1|          0|
    |ap_enable_reg_pp0_iter1      |   1|   0|    1|          0|
    |carry_reg_92                 |   1|   0|    1|          0|
    |i_fu_62                      |   4|   0|    4|          0|
    |reuse_addr_reg_fu_54         |  63|   0|   64|          1|
    |reuse_reg_fu_58              |  64|   0|   64|          0|
    +-----------------------------+----+----+-----+-----------+
    |Total                        | 141|   0|  143|          2|
    +-----------------------------+----+----+-----+-----------+



================================================================
== Interface
================================================================
* Summary: 
+--------------+-----+-----+------------+--------------------------------------+--------------+
|   RTL Ports  | Dir | Bits|  Protocol  |             Source Object            |    C Type    |
+--------------+-----+-----+------------+--------------------------------------+--------------+
|ap_clk        |   in|    1|  ap_ctrl_hs|  fpadd503.29_Pipeline_VITIS_LOOP_33_1|  return value|
|ap_rst        |   in|    1|  ap_ctrl_hs|  fpadd503.29_Pipeline_VITIS_LOOP_33_1|  return value|
|ap_start      |   in|    1|  ap_ctrl_hs|  fpadd503.29_Pipeline_VITIS_LOOP_33_1|  return value|
|ap_done       |  out|    1|  ap_ctrl_hs|  fpadd503.29_Pipeline_VITIS_LOOP_33_1|  return value|
|ap_idle       |  out|    1|  ap_ctrl_hs|  fpadd503.29_Pipeline_VITIS_LOOP_33_1|  return value|
|ap_ready      |  out|    1|  ap_ctrl_hs|  fpadd503.29_Pipeline_VITIS_LOOP_33_1|  return value|
|R_Z_address0  |  out|    4|   ap_memory|                                   R_Z|         array|
|R_Z_ce0       |  out|    1|   ap_memory|                                   R_Z|         array|
|R_Z_we0       |  out|    1|   ap_memory|                                   R_Z|         array|
|R_Z_d0        |  out|   64|   ap_memory|                                   R_Z|         array|
|R_Z_q0        |   in|   64|   ap_memory|                                   R_Z|         array|
|b_address0    |  out|    3|   ap_memory|                                     b|         array|
|b_ce0         |  out|    1|   ap_memory|                                     b|         array|
|b_q0          |   in|   64|   ap_memory|                                     b|         array|
+--------------+-----+-----+------------+--------------------------------------+--------------+

