

================================================================
== Vitis HLS Report for 'fpadd503_4_Pipeline_VITIS_LOOP_33_1'
================================================================
* Date:           Tue Sep 23 15:48:23 2025

* Version:        2024.2.2 (Build 6049644 on Mar  5 2025)
* Project:        sikep503_hls
* Solution:       solution1 (Vivado IP Flow Target)
* Product family: virtexuplus58g
* Target device:  xcvu29p-fsga2577-2L-e


================================================================
== Performance Estimates
================================================================
+ Timing: 
    * Summary: 
    +--------+----------+----------+------------+
    |  Clock |  Target  | Estimated| Uncertainty|
    +--------+----------+----------+------------+
    |ap_clk  |  10.00 ns|  3.722 ns|     2.70 ns|
    +--------+----------+----------+------------+

+ Latency: 
    * Summary: 
    +---------+---------+----------+----------+-----+-----+------------------------------------------------+
    |  Latency (cycles) |  Latency (absolute) |  Interval |                    Pipeline                    |
    |   min   |   max   |    min   |    max   | min | max |                      Type                      |
    +---------+---------+----------+----------+-----+-----+------------------------------------------------+
    |       18|       18|  0.180 us|  0.180 us|   17|   17|  loop auto-rewind stp (delay=0 clock cycles(s))|
    +---------+---------+----------+----------+-----+-----+------------------------------------------------+

    + Detail: 
        * Instance: 
        N/A

        * Loop: 
        +-------------------+---------+---------+----------+-----------+-----------+------+----------+
        |                   |  Latency (cycles) | Iteration|  Initiation Interval  | Trip |          |
        |     Loop Name     |   min   |   max   |  Latency |  achieved |   target  | Count| Pipelined|
        +-------------------+---------+---------+----------+-----------+-----------+------+----------+
        |- VITIS_LOOP_33_1  |       16|       16|         2|          2|          1|     8|       yes|
        +-------------------+---------+---------+----------+-----------+-----------+------+----------+



================================================================
== Utilization Estimates
================================================================
* Summary: 
+---------------------+---------+-------+---------+---------+------+
|         Name        | BRAM_18K|  DSP  |    FF   |   LUT   | URAM |
+---------------------+---------+-------+---------+---------+------+
|DSP                  |        -|      -|        -|        -|     -|
|Expression           |        -|      -|        0|      615|     -|
|FIFO                 |        -|      -|        -|        -|     -|
|Instance             |        -|      -|        -|        -|     -|
|Memory               |        -|      -|        -|        -|     -|
|Multiplexer          |        -|      -|        0|       78|     -|
|Register             |        -|      -|       17|        -|     -|
+---------------------+---------+-------+---------+---------+------+
|Total                |        0|      0|       17|      693|     0|
+---------------------+---------+-------+---------+---------+------+
|Available SLR        |     1344|   3072|   864000|   432000|   320|
+---------------------+---------+-------+---------+---------+------+
|Utilization SLR (%)  |        0|      0|       ~0|       ~0|     0|
+---------------------+---------+-------+---------+---------+------+
|Available            |     5376|  12288|  3456000|  1728000|  1280|
+---------------------+---------+-------+---------+---------+------+
|Utilization (%)      |        0|      0|       ~0|       ~0|     0|
+---------------------+---------+-------+---------+---------+------+

+ Detail: 
    * Instance: 
    N/A

    * DSP: 
    N/A

    * Memory: 
    N/A

    * FIFO: 
    N/A

    * Expression: 
    +-----------------------+----------+----+---+----+------------+------------+
    |     Variable Name     | Operation| DSP| FF| LUT| Bitwidth P0| Bitwidth P1|
    +-----------------------+----------+----+---+----+------------+------------+
    |add_ln33_fu_126_p2     |         +|   0|  0|  12|           4|           1|
    |add_ln35_fu_174_p2     |         +|   0|  0|  71|          64|          64|
    |tempReg_fu_161_p2      |         +|   0|  0|  71|          64|          64|
    |and_ln35_fu_226_p2     |       and|   0|  0|  64|          64|          64|
    |icmp_ln33_fu_120_p2    |      icmp|   0|  0|  12|           4|           5|
    |or_ln35_3_fu_238_p2    |        or|   0|  0|  64|          64|          64|
    |or_ln35_fu_194_p2      |        or|   0|  0|  64|          64|          64|
    |select_ln35_fu_167_p3  |    select|   0|  0|  63|           1|          64|
    |xor_ln35_10_fu_208_p2  |       xor|   0|  0|   2|           1|           2|
    |xor_ln35_7_fu_188_p2   |       xor|   0|  0|  64|          64|          64|
    |xor_ln35_9_fu_232_p2   |       xor|   0|  0|  64|          64|          64|
    |xor_ln35_fu_182_p2     |       xor|   0|  0|  64|          64|          64|
    +-----------------------+----------+----+---+----+------------+------------+
    |Total                  |          |   0|  0| 615|         522|         584|
    +-----------------------+----------+----+---+----+------------+------------+

    * Multiplexer: 
    +------------------------+----+-----------+-----+-----------+
    |          Name          | LUT| Input Size| Bits| Total Bits|
    +------------------------+----+-----------+-----+-----------+
    |ap_NS_fsm               |  14|          3|    1|          3|
    |ap_done_int             |   9|          2|    1|          2|
    |ap_sig_allocacmp_i_209  |   9|          2|    4|          8|
    |c_0_address0_local      |  14|          3|    2|          6|
    |c_1_address0_local      |  14|          3|    2|          6|
    |carry_reg_101           |   9|          2|    1|          2|
    |i_fu_58                 |   9|          2|    4|          8|
    +------------------------+----+-----------+-----+-----------+
    |Total                   |  78|         17|   15|         35|
    +------------------------+----+-----------+-----+-----------+

    * Register: 
    +--------------------+---+----+-----+-----------+
    |        Name        | FF| LUT| Bits| Const Bits|
    +--------------------+---+----+-----+-----------+
    |add_ln33_reg_266    |  4|   0|    4|          0|
    |ap_CS_fsm           |  2|   0|    2|          0|
    |ap_done_reg         |  1|   0|    1|          0|
    |c_0_addr_reg_281    |  2|   0|    2|          0|
    |c_1_addr_reg_286    |  2|   0|    2|          0|
    |carry_reg_101       |  1|   0|    1|          0|
    |i_fu_58             |  4|   0|    4|          0|
    |trunc_ln33_reg_271  |  1|   0|    1|          0|
    +--------------------+---+----+-----+-----------+
    |Total               | 17|   0|   17|          0|
    +--------------------+---+----+-----+-----------+



================================================================
== Interface
================================================================
* Summary: 
+--------------+-----+-----+------------+-------------------------------------+--------------+
|   RTL Ports  | Dir | Bits|  Protocol  |            Source Object            |    C Type    |
+--------------+-----+-----+------------+-------------------------------------+--------------+
|ap_clk        |   in|    1|  ap_ctrl_hs|  fpadd503.4_Pipeline_VITIS_LOOP_33_1|  return value|
|ap_rst        |   in|    1|  ap_ctrl_hs|  fpadd503.4_Pipeline_VITIS_LOOP_33_1|  return value|
|ap_start      |   in|    1|  ap_ctrl_hs|  fpadd503.4_Pipeline_VITIS_LOOP_33_1|  return value|
|ap_done       |  out|    1|  ap_ctrl_hs|  fpadd503.4_Pipeline_VITIS_LOOP_33_1|  return value|
|ap_idle       |  out|    1|  ap_ctrl_hs|  fpadd503.4_Pipeline_VITIS_LOOP_33_1|  return value|
|ap_ready      |  out|    1|  ap_ctrl_hs|  fpadd503.4_Pipeline_VITIS_LOOP_33_1|  return value|
|a_address0    |  out|    3|   ap_memory|                                    a|         array|
|a_ce0         |  out|    1|   ap_memory|                                    a|         array|
|a_q0          |   in|   64|   ap_memory|                                    a|         array|
|c_0_address0  |  out|    2|   ap_memory|                                  c_0|         array|
|c_0_ce0       |  out|    1|   ap_memory|                                  c_0|         array|
|c_0_we0       |  out|    1|   ap_memory|                                  c_0|         array|
|c_0_d0        |  out|   64|   ap_memory|                                  c_0|         array|
|c_0_q0        |   in|   64|   ap_memory|                                  c_0|         array|
|c_1_address0  |  out|    2|   ap_memory|                                  c_1|         array|
|c_1_ce0       |  out|    1|   ap_memory|                                  c_1|         array|
|c_1_we0       |  out|    1|   ap_memory|                                  c_1|         array|
|c_1_d0        |  out|   64|   ap_memory|                                  c_1|         array|
|c_1_q0        |   in|   64|   ap_memory|                                  c_1|         array|
+--------------+-----+-----+------------+-------------------------------------+--------------+

