

================================================================
== Vitis HLS Report for 'fpadd503_19_Pipeline_VITIS_LOOP_29_1'
================================================================
* Date:           Wed Jul 30 17:36:18 2025

* Version:        2024.2.2 (Build 6049644 on Mar  5 2025)
* Project:        sikep503_hls
* Solution:       solution1 (Vivado IP Flow Target)
* Product family: virtexuplus58g
* Target device:  xcvu29p-fsga2577-2L-e


================================================================
== Performance Estimates
================================================================
+ Timing: 
    * Summary: 
    +--------+----------+----------+------------+
    |  Clock |  Target  | Estimated| Uncertainty|
    +--------+----------+----------+------------+
    |ap_clk  |  10.00 ns|  3.722 ns|     2.70 ns|
    +--------+----------+----------+------------+

+ Latency: 
    * Summary: 
    +---------+---------+----------+----------+-----+-----+------------------------------------------------+
    |  Latency (cycles) |  Latency (absolute) |  Interval |                    Pipeline                    |
    |   min   |   max   |    min   |    max   | min | max |                      Type                      |
    +---------+---------+----------+----------+-----+-----+------------------------------------------------+
    |       10|       10|  0.100 us|  0.100 us|    9|    9|  loop auto-rewind stp (delay=0 clock cycles(s))|
    +---------+---------+----------+----------+-----+-----+------------------------------------------------+

    + Detail: 
        * Instance: 
        N/A

        * Loop: 
        +-------------------+---------+---------+----------+-----------+-----------+------+----------+
        |                   |  Latency (cycles) | Iteration|  Initiation Interval  | Trip |          |
        |     Loop Name     |   min   |   max   |  Latency |  achieved |   target  | Count| Pipelined|
        +-------------------+---------+---------+----------+-----------+-----------+------+----------+
        |- VITIS_LOOP_29_1  |        8|        8|         2|          1|          1|     8|       yes|
        +-------------------+---------+---------+----------+-----------+-----------+------+----------+



================================================================
== Utilization Estimates
================================================================
* Summary: 
+---------------------+---------+-------+---------+---------+------+
|         Name        | BRAM_18K|  DSP  |    FF   |   LUT   | URAM |
+---------------------+---------+-------+---------+---------+------+
|DSP                  |        -|      -|        -|        -|     -|
|Expression           |        -|      -|        0|      556|     -|
|FIFO                 |        -|      -|        -|        -|     -|
|Instance             |        -|      -|        -|        -|     -|
|Memory               |        -|      -|        -|        -|     -|
|Multiplexer          |        -|      -|        0|       45|     -|
|Register             |        -|      -|       13|        -|     -|
+---------------------+---------+-------+---------+---------+------+
|Total                |        0|      0|       13|      601|     0|
+---------------------+---------+-------+---------+---------+------+
|Available SLR        |     1344|   3072|   864000|   432000|   320|
+---------------------+---------+-------+---------+---------+------+
|Utilization SLR (%)  |        0|      0|       ~0|       ~0|     0|
+---------------------+---------+-------+---------+---------+------+
|Available            |     5376|  12288|  3456000|  1728000|  1280|
+---------------------+---------+-------+---------+---------+------+
|Utilization (%)      |        0|      0|       ~0|       ~0|     0|
+---------------------+---------+-------+---------+---------+------+

+ Detail: 
    * Instance: 
    N/A

    * DSP: 
    N/A

    * Memory: 
    N/A

    * FIFO: 
    N/A

    * Expression: 
    +-----------------------+----------+----+---+----+------------+------------+
    |     Variable Name     | Operation| DSP| FF| LUT| Bitwidth P0| Bitwidth P1|
    +-----------------------+----------+----+---+----+------------+------------+
    |add_ln29_fu_103_p2     |         +|   0|  0|  12|           4|           1|
    |add_ln31_fu_130_p2     |         +|   0|  0|  71|          64|          64|
    |tempReg_fu_124_p2      |         +|   0|  0|  71|          64|          64|
    |and_ln31_fu_181_p2     |       and|   0|  0|  64|          64|          64|
    |ap_condition_222       |       and|   0|  0|   2|           1|           1|
    |icmp_ln29_fu_97_p2     |      icmp|   0|  0|  12|           4|           5|
    |or_ln31_11_fu_193_p2   |        or|   0|  0|  64|          64|          64|
    |or_ln31_fu_149_p2      |        or|   0|  0|  64|          64|          64|
    |ap_enable_pp0          |       xor|   0|  0|   2|           1|           2|
    |xor_ln31_33_fu_143_p2  |       xor|   0|  0|  64|          64|          64|
    |xor_ln31_34_fu_163_p2  |       xor|   0|  0|   2|           1|           2|
    |xor_ln31_35_fu_187_p2  |       xor|   0|  0|  64|          64|          64|
    |xor_ln31_fu_137_p2     |       xor|   0|  0|  64|          64|          64|
    +-----------------------+----------+----+---+----+------------+------------+
    |Total                  |          |   0|  0| 556|         523|         523|
    +-----------------------+----------+----+---+----+------------+------------+

    * Multiplexer: 
    +-------------------------+----+-----------+-----+-----------+
    |           Name          | LUT| Input Size| Bits| Total Bits|
    +-------------------------+----+-----------+-----+-----------+
    |ap_done_int              |   9|          2|    1|          2|
    |ap_enable_reg_pp0_iter1  |   9|          2|    1|          2|
    |ap_sig_allocacmp_i_223   |   9|          2|    4|          8|
    |carry_reg_78             |   9|          2|    1|          2|
    |i_fu_44                  |   9|          2|    4|          8|
    +-------------------------+----+-----------+-----+-----------+
    |Total                    |  45|         10|   11|         22|
    +-------------------------+----+-----------+-----+-----------+

    * Register: 
    +-------------------------+---+----+-----+-----------+
    |           Name          | FF| LUT| Bits| Const Bits|
    +-------------------------+---+----+-----+-----------+
    |R_Z_addr_reg_223         |  4|   0|    4|          0|
    |ap_CS_fsm                |  1|   0|    1|          0|
    |ap_done_reg              |  1|   0|    1|          0|
    |ap_enable_reg_pp0_iter1  |  1|   0|    1|          0|
    |carry_reg_78             |  1|   0|    1|          0|
    |i_fu_44                  |  4|   0|    4|          0|
    |icmp_ln29_reg_214        |  1|   0|    1|          0|
    +-------------------------+---+----+-----+-----------+
    |Total                    | 13|   0|   13|          0|
    +-------------------------+---+----+-----+-----------+



================================================================
== Interface
================================================================
* Summary: 
+--------------+-----+-----+------------+--------------------------------------+--------------+
|   RTL Ports  | Dir | Bits|  Protocol  |             Source Object            |    C Type    |
+--------------+-----+-----+------------+--------------------------------------+--------------+
|ap_clk        |   in|    1|  ap_ctrl_hs|  fpadd503.19_Pipeline_VITIS_LOOP_29_1|  return value|
|ap_rst        |   in|    1|  ap_ctrl_hs|  fpadd503.19_Pipeline_VITIS_LOOP_29_1|  return value|
|ap_start      |   in|    1|  ap_ctrl_hs|  fpadd503.19_Pipeline_VITIS_LOOP_29_1|  return value|
|ap_done       |  out|    1|  ap_ctrl_hs|  fpadd503.19_Pipeline_VITIS_LOOP_29_1|  return value|
|ap_idle       |  out|    1|  ap_ctrl_hs|  fpadd503.19_Pipeline_VITIS_LOOP_29_1|  return value|
|ap_ready      |  out|    1|  ap_ctrl_hs|  fpadd503.19_Pipeline_VITIS_LOOP_29_1|  return value|
|b_address0    |  out|    4|   ap_memory|                                     b|         array|
|b_ce0         |  out|    1|   ap_memory|                                     b|         array|
|b_q0          |   in|   64|   ap_memory|                                     b|         array|
|R_Z_address0  |  out|    4|   ap_memory|                                   R_Z|         array|
|R_Z_ce0       |  out|    1|   ap_memory|                                   R_Z|         array|
|R_Z_we0       |  out|    1|   ap_memory|                                   R_Z|         array|
|R_Z_d0        |  out|   64|   ap_memory|                                   R_Z|         array|
|R_Z_address1  |  out|    4|   ap_memory|                                   R_Z|         array|
|R_Z_ce1       |  out|    1|   ap_memory|                                   R_Z|         array|
|R_Z_q1        |   in|   64|   ap_memory|                                   R_Z|         array|
+--------------+-----+-----+------------+--------------------------------------+--------------+

