

================================================================
== Vitis HLS Report for 'fpsub503_144_2'
================================================================
* Date:           Wed Jul  2 14:08:49 2025

* Version:        2024.2.2 (Build 6049644 on Mar  5 2025)
* Project:        sikep503_hls
* Solution:       solution1 (Vivado IP Flow Target)
* Product family: zynq
* Target device:  xc7z045-ffg900-2


================================================================
== Performance Estimates
================================================================
+ Timing: 
    * Summary: 
    +--------+----------+----------+------------+
    |  Clock |  Target  | Estimated| Uncertainty|
    +--------+----------+----------+------------+
    |ap_clk  |  10.00 ns|  6.992 ns|     2.70 ns|
    +--------+----------+----------+------------+

+ Latency: 
    * Summary: 
    +---------+---------+----------+----------+-----+-----+---------+
    |  Latency (cycles) |  Latency (absolute) |  Interval | Pipeline|
    |   min   |   max   |    min   |    max   | min | max |   Type  |
    +---------+---------+----------+----------+-----+-----+---------+
    |       26|       26|  0.260 us|  0.260 us|   26|   26|       no|
    +---------+---------+----------+----------+-----+-----+---------+

    + Detail: 
        * Instance: 
        +---------------------------------------------------+-----------------------------------------+---------+---------+----------+----------+-----+-----+------------------------------------------------+
        |                                                   |                                         |  Latency (cycles) |  Latency (absolute) |  Interval |                    Pipeline                    |
        |                      Instance                     |                  Module                 |   min   |   max   |    min   |    max   | min | max |                      Type                      |
        +---------------------------------------------------+-----------------------------------------+---------+---------+----------+----------+-----+-----+------------------------------------------------+
        |grp_fpsub503_144_2_Pipeline_VITIS_LOOP_47_1_fu_38  |fpsub503_144_2_Pipeline_VITIS_LOOP_47_1  |       11|       11|  0.110 us|  0.110 us|    9|    9|  loop auto-rewind stp (delay=0 clock cycles(s))|
        |grp_fpsub503_144_2_Pipeline_VITIS_LOOP_53_2_fu_49  |fpsub503_144_2_Pipeline_VITIS_LOOP_53_2  |       12|       12|  0.120 us|  0.120 us|    9|    9|  loop auto-rewind stp (delay=0 clock cycles(s))|
        +---------------------------------------------------+-----------------------------------------+---------+---------+----------+----------+-----+-----+------------------------------------------------+

        * Loop: 
        N/A



================================================================
== Utilization Estimates
================================================================
* Summary: 
+-----------------+---------+-----+--------+--------+-----+
|       Name      | BRAM_18K| DSP |   FF   |   LUT  | URAM|
+-----------------+---------+-----+--------+--------+-----+
|DSP              |        -|    -|       -|       -|    -|
|Expression       |        -|    -|       -|       -|    -|
|FIFO             |        -|    -|       -|       -|    -|
|Instance         |        0|    -|     490|    1306|    -|
|Memory           |        -|    -|       -|       -|    -|
|Multiplexer      |        -|    -|       0|      99|    -|
|Register         |        -|    -|       8|       -|    -|
+-----------------+---------+-----+--------+--------+-----+
|Total            |        0|    0|     498|    1405|    0|
+-----------------+---------+-----+--------+--------+-----+
|Available        |     1090|  900|  437200|  218600|    0|
+-----------------+---------+-----+--------+--------+-----+
|Utilization (%)  |        0|    0|      ~0|      ~0|    0|
+-----------------+---------+-----+--------+--------+-----+

+ Detail: 
    * Instance: 
    +---------------------------------------------------+-----------------------------------------+---------+----+-----+-----+-----+
    |                      Instance                     |                  Module                 | BRAM_18K| DSP|  FF | LUT | URAM|
    +---------------------------------------------------+-----------------------------------------+---------+----+-----+-----+-----+
    |grp_fpsub503_144_2_Pipeline_VITIS_LOOP_47_1_fu_38  |fpsub503_144_2_Pipeline_VITIS_LOOP_47_1  |        0|   0|   85|  588|    0|
    |grp_fpsub503_144_2_Pipeline_VITIS_LOOP_53_2_fu_49  |fpsub503_144_2_Pipeline_VITIS_LOOP_53_2  |        0|   0|  405|  718|    0|
    +---------------------------------------------------+-----------------------------------------+---------+----+-----+-----+-----+
    |Total                                              |                                         |        0|   0|  490| 1306|    0|
    +---------------------------------------------------+-----------------------------------------+---------+----+-----+-----+-----+

    * DSP: 
    N/A

    * Memory: 
    N/A

    * FIFO: 
    N/A

    * Expression: 
    N/A

    * Multiplexer: 
    +------------+----+-----------+-----+-----------+
    |    Name    | LUT| Input Size| Bits| Total Bits|
    +------------+----+-----------+-----+-----------+
    |ap_NS_fsm   |  21|          5|    1|          5|
    |c_address0  |  13|          3|    4|         12|
    |c_address1  |  13|          3|    4|         12|
    |c_ce0       |  13|          3|    1|          3|
    |c_ce1       |  13|          3|    1|          3|
    |c_d0        |  13|          3|   64|        192|
    |c_we0       |  13|          3|    1|          3|
    +------------+----+-----------+-----+-----------+
    |Total       |  99|         23|   76|        230|
    +------------+----+-----------+-----+-----------+

    * Register: 
    +----------------------------------------------------------------+---+----+-----+-----------+
    |                              Name                              | FF| LUT| Bits| Const Bits|
    +----------------------------------------------------------------+---+----+-----+-----------+
    |ap_CS_fsm                                                       |  4|   0|    4|          0|
    |grp_fpsub503_144_2_Pipeline_VITIS_LOOP_47_1_fu_38_ap_start_reg  |  1|   0|    1|          0|
    |grp_fpsub503_144_2_Pipeline_VITIS_LOOP_53_2_fu_49_ap_start_reg  |  1|   0|    1|          0|
    |tmp_reg_87                                                      |  1|   0|    4|          3|
    |tmp_s_reg_92                                                    |  1|   0|    4|          3|
    +----------------------------------------------------------------+---+----+-----+-----------+
    |Total                                                           |  8|   0|   14|          6|
    +----------------------------------------------------------------+---+----+-----+-----------+



================================================================
== Interface
================================================================
* Summary: 
+------------+-----+-----+------------+----------------+--------------+
|  RTL Ports | Dir | Bits|  Protocol  |  Source Object |    C Type    |
+------------+-----+-----+------------+----------------+--------------+
|ap_clk      |   in|    1|  ap_ctrl_hs|  fpsub503.144.2|  return value|
|ap_rst      |   in|    1|  ap_ctrl_hs|  fpsub503.144.2|  return value|
|ap_start    |   in|    1|  ap_ctrl_hs|  fpsub503.144.2|  return value|
|ap_done     |  out|    1|  ap_ctrl_hs|  fpsub503.144.2|  return value|
|ap_idle     |  out|    1|  ap_ctrl_hs|  fpsub503.144.2|  return value|
|ap_ready    |  out|    1|  ap_ctrl_hs|  fpsub503.144.2|  return value|
|c_address0  |  out|    4|   ap_memory|               c|         array|
|c_ce0       |  out|    1|   ap_memory|               c|         array|
|c_we0       |  out|    1|   ap_memory|               c|         array|
|c_d0        |  out|   64|   ap_memory|               c|         array|
|c_address1  |  out|    4|   ap_memory|               c|         array|
|c_ce1       |  out|    1|   ap_memory|               c|         array|
|c_q1        |   in|   64|   ap_memory|               c|         array|
|c_offset    |   in|    1|     ap_none|        c_offset|        scalar|
|b_address0  |  out|    4|   ap_memory|               b|         array|
|b_ce0       |  out|    1|   ap_memory|               b|         array|
|b_q0        |   in|   64|   ap_memory|               b|         array|
|b_offset    |   in|    1|     ap_none|        b_offset|        scalar|
+------------+-----+-----+------------+----------------+--------------+

