

================================================================
== Vitis HLS Report for 'fpsub503_2_Pipeline_VITIS_LOOP_47_1'
================================================================
* Date:           Tue Jun  3 14:12:42 2025

* Version:        2024.2.2 (Build 6049644 on Mar  5 2025)
* Project:        sikep503_hls
* Solution:       solution1 (Vivado IP Flow Target)
* Product family: zynq
* Target device:  xc7z020-clg484-1


================================================================
== Performance Estimates
================================================================
+ Timing: 
    * Summary: 
    +--------+----------+----------+------------+
    |  Clock |  Target  | Estimated| Uncertainty|
    +--------+----------+----------+------------+
    |ap_clk  |  10.00 ns|  6.774 ns|     2.70 ns|
    +--------+----------+----------+------------+

+ Latency: 
    * Summary: 
    +---------+---------+----------+----------+-----+-----+------------------------------------------------+
    |  Latency (cycles) |  Latency (absolute) |  Interval |                    Pipeline                    |
    |   min   |   max   |    min   |    max   | min | max |                      Type                      |
    +---------+---------+----------+----------+-----+-----+------------------------------------------------+
    |       11|       11|  0.110 us|  0.110 us|    9|    9|  loop auto-rewind stp (delay=0 clock cycles(s))|
    +---------+---------+----------+----------+-----+-----+------------------------------------------------+

    + Detail: 
        * Instance: 
        N/A

        * Loop: 
        +-------------------+---------+---------+----------+-----------+-----------+------+----------+
        |                   |  Latency (cycles) | Iteration|  Initiation Interval  | Trip |          |
        |     Loop Name     |   min   |   max   |  Latency |  achieved |   target  | Count| Pipelined|
        +-------------------+---------+---------+----------+-----------+-----------+------+----------+
        |- VITIS_LOOP_47_1  |        9|        9|         3|          1|          1|     8|       yes|
        +-------------------+---------+---------+----------+-----------+-----------+------+----------+



================================================================
== Utilization Estimates
================================================================
* Summary: 
+-----------------+---------+-----+--------+-------+-----+
|       Name      | BRAM_18K| DSP |   FF   |  LUT  | URAM|
+-----------------+---------+-----+--------+-------+-----+
|DSP              |        -|    -|       -|      -|    -|
|Expression       |        -|    -|       0|    567|    -|
|FIFO             |        -|    -|       -|      -|    -|
|Instance         |        -|    -|       -|      -|    -|
|Memory           |        -|    -|       -|      -|    -|
|Multiplexer      |        -|    -|       0|     45|    -|
|Register         |        -|    -|     210|      -|    -|
+-----------------+---------+-----+--------+-------+-----+
|Total            |        0|    0|     210|    612|    0|
+-----------------+---------+-----+--------+-------+-----+
|Available        |      280|  220|  106400|  53200|    0|
+-----------------+---------+-----+--------+-------+-----+
|Utilization (%)  |        0|    0|      ~0|      1|    0|
+-----------------+---------+-----+--------+-------+-----+

+ Detail: 
    * Instance: 
    N/A

    * DSP: 
    N/A

    * Memory: 
    N/A

    * FIFO: 
    N/A

    * Expression: 
    +------------------------+----------+----+---+----+------------+------------+
    |      Variable Name     | Operation| DSP| FF| LUT| Bitwidth P0| Bitwidth P1|
    +------------------------+----------+----+---+----+------------+------------+
    |add_ln47_fu_123_p2      |         +|   0|  0|  13|           4|           1|
    |sub_ln48_fu_241_p2      |         -|   0|  0|  71|          64|          64|
    |sub_ln95_fu_201_p2      |         -|   0|  0|  71|           1|          64|
    |tempReg_fu_156_p2       |         -|   0|  0|  71|          64|          64|
    |and_ln48_fu_225_p2      |       and|   0|  0|   2|           1|           1|
    |icmp_ln47_fu_117_p2     |      icmp|   0|  0|  13|           4|           5|
    |borrowReg_fu_231_p2     |        or|   0|  0|   2|           1|           1|
    |or_ln105_fu_182_p2      |        or|   0|  0|  64|          64|          64|
    |or_ln95_fu_206_p2       |        or|   0|  0|  64|          64|          64|
    |ap_enable_pp0           |       xor|   0|  0|   2|           1|           2|
    |xor_ln105_78_fu_178_p2  |       xor|   0|  0|  64|          64|          64|
    |xor_ln105_79_fu_188_p2  |       xor|   0|  0|  64|          64|          64|
    |xor_ln105_fu_174_p2     |       xor|   0|  0|  64|          64|          64|
    |xor_ln48_fu_219_p2      |       xor|   0|  0|   2|           1|           2|
    +------------------------+----------+----+---+----+------------+------------+
    |Total                   |          |   0|  0| 567|         461|         524|
    +------------------------+----------+----+---+----+------------+------------+

    * Multiplexer: 
    +-------------------------+----+-----------+-----+-----------+
    |           Name          | LUT| Input Size| Bits| Total Bits|
    +-------------------------+----+-----------+-----+-----------+
    |ap_done_int              |   9|          2|    1|          2|
    |ap_enable_reg_pp0_iter2  |   9|          2|    1|          2|
    |ap_sig_allocacmp_i_104   |   9|          2|    4|          8|
    |borrow_reg_96            |   9|          2|    1|          2|
    |i_fu_46                  |   9|          2|    4|          8|
    +-------------------------+----+-----------+-----+-----------+
    |Total                    |  45|         10|   11|         22|
    +-------------------------+----+-----------+-----+-----------+

    * Register: 
    +----------------------------------+----+----+-----+-----------+
    |               Name               | FF | LUT| Bits| Const Bits|
    +----------------------------------+----+----+-----+-----------+
    |R_X_load_reg_273                  |  64|   0|   64|          0|
    |R_Z_load_reg_279                  |  64|   0|   64|          0|
    |ap_CS_fsm                         |   1|   0|    1|          0|
    |ap_done_reg                       |   1|   0|    1|          0|
    |ap_enable_reg_pp0_iter1           |   1|   0|    1|          0|
    |ap_enable_reg_pp0_iter2           |   1|   0|    1|          0|
    |ap_loop_exit_ready_pp0_iter1_reg  |   1|   0|    1|          0|
    |borrow_reg_96                     |   1|   0|    1|          0|
    |i_fu_46                           |   4|   0|    4|          0|
    |icmp_ln47_reg_254                 |   1|   0|    1|          0|
    |icmp_ln47_reg_254_pp0_iter1_reg   |   1|   0|    1|          0|
    |tempReg_reg_285                   |  64|   0|   64|          0|
    |trunc_ln48_reg_258                |   3|   0|    3|          0|
    |trunc_ln48_reg_258_pp0_iter1_reg  |   3|   0|    3|          0|
    +----------------------------------+----+----+-----+-----------+
    |Total                             | 210|   0|  210|          0|
    +----------------------------------+----+----+-----+-----------+



================================================================
== Interface
================================================================
* Summary: 
+-------------------+-----+-----+------------+-------------------------------------+--------------+
|     RTL Ports     | Dir | Bits|  Protocol  |            Source Object            |    C Type    |
+-------------------+-----+-----+------------+-------------------------------------+--------------+
|ap_clk             |   in|    1|  ap_ctrl_hs|  fpsub503.2_Pipeline_VITIS_LOOP_47_1|  return value|
|ap_rst             |   in|    1|  ap_ctrl_hs|  fpsub503.2_Pipeline_VITIS_LOOP_47_1|  return value|
|ap_start           |   in|    1|  ap_ctrl_hs|  fpsub503.2_Pipeline_VITIS_LOOP_47_1|  return value|
|ap_done            |  out|    1|  ap_ctrl_hs|  fpsub503.2_Pipeline_VITIS_LOOP_47_1|  return value|
|ap_idle            |  out|    1|  ap_ctrl_hs|  fpsub503.2_Pipeline_VITIS_LOOP_47_1|  return value|
|ap_ready           |  out|    1|  ap_ctrl_hs|  fpsub503.2_Pipeline_VITIS_LOOP_47_1|  return value|
|c_address0         |  out|    4|   ap_memory|                                    c|         array|
|c_ce0              |  out|    1|   ap_memory|                                    c|         array|
|c_we0              |  out|    1|   ap_memory|                                    c|         array|
|c_d0               |  out|   64|   ap_memory|                                    c|         array|
|R_X_address0       |  out|    4|   ap_memory|                                  R_X|         array|
|R_X_ce0            |  out|    1|   ap_memory|                                  R_X|         array|
|R_X_q0             |   in|   64|   ap_memory|                                  R_X|         array|
|R_Z_address0       |  out|    4|   ap_memory|                                  R_Z|         array|
|R_Z_ce0            |  out|    1|   ap_memory|                                  R_Z|         array|
|R_Z_q0             |   in|   64|   ap_memory|                                  R_Z|         array|
|borrow_out         |  out|    1|      ap_vld|                           borrow_out|       pointer|
|borrow_out_ap_vld  |  out|    1|      ap_vld|                           borrow_out|       pointer|
+-------------------+-----+-----+------------+-------------------------------------+--------------+

