

================================================================
== Vitis HLS Report for 'mp_mul_141_1_Pipeline_VITIS_LOOP_159_4'
================================================================
* Date:           Tue May 27 14:18:57 2025

* Version:        2024.2.2 (Build 6049644 on Mar  5 2025)
* Project:        sikep503_hls
* Solution:       solution1 (Vivado IP Flow Target)
* Product family: zynq
* Target device:  xc7z020-clg484-1


================================================================
== Performance Estimates
================================================================
+ Timing: 
    * Summary: 
    +--------+----------+----------+------------+
    |  Clock |  Target  | Estimated| Uncertainty|
    +--------+----------+----------+------------+
    |ap_clk  |  10.00 ns|  7.040 ns|     2.70 ns|
    +--------+----------+----------+------------+

+ Latency: 
    * Summary: 
    +---------+---------+----------+----------+-----+-----+------------------------------------------------+
    |  Latency (cycles) |  Latency (absolute) |  Interval |                    Pipeline                    |
    |   min   |   max   |    min   |    max   | min | max |                      Type                      |
    +---------+---------+----------+----------+-----+-----+------------------------------------------------+
    |       11|       17|  0.110 us|  0.170 us|    2|    8|  loop auto-rewind stp (delay=0 clock cycles(s))|
    +---------+---------+----------+----------+-----+-----+------------------------------------------------+

    + Detail: 
        * Instance: 
        N/A

        * Loop: 
        +--------------------+---------+---------+----------+-----------+-----------+-------+----------+
        |                    |  Latency (cycles) | Iteration|  Initiation Interval  |  Trip |          |
        |      Loop Name     |   min   |   max   |  Latency |  achieved |   target  | Count | Pipelined|
        +--------------------+---------+---------+----------+-----------+-----------+-------+----------+
        |- VITIS_LOOP_159_4  |        9|       15|        10|          1|          1|  1 ~ 7|       yes|
        +--------------------+---------+---------+----------+-----------+-----------+-------+----------+



================================================================
== Utilization Estimates
================================================================
* Summary: 
+-----------------+---------+-----+--------+-------+-----+
|       Name      | BRAM_18K| DSP |   FF   |  LUT  | URAM|
+-----------------+---------+-----+--------+-------+-----+
|DSP              |        -|    -|       -|      -|    -|
|Expression       |        -|    -|       0|   1258|    -|
|FIFO             |        -|    -|       -|      -|    -|
|Instance         |        -|    -|       -|      -|    -|
|Memory           |        -|    -|       -|      -|    -|
|Multiplexer      |        -|    -|       0|     68|    -|
|Register         |        -|    -|    1187|     96|    -|
+-----------------+---------+-----+--------+-------+-----+
|Total            |        0|    0|    1187|   1422|    0|
+-----------------+---------+-----+--------+-------+-----+
|Available        |      280|  220|  106400|  53200|    0|
+-----------------+---------+-----+--------+-------+-----+
|Utilization (%)  |        0|    0|       1|      2|    0|
+-----------------+---------+-----+--------+-------+-----+

+ Detail: 
    * Instance: 
    N/A

    * DSP: 
    N/A

    * Memory: 
    N/A

    * FIFO: 
    N/A

    * Expression: 
    +-------------------------+----------+----+---+----+------------+------------+
    |      Variable Name      | Operation| DSP| FF| LUT| Bitwidth P0| Bitwidth P1|
    +-------------------------+----------+----+---+----+------------+------------+
    |add_ln105_fu_434_p2      |         +|   0|  0|  32|          32|          32|
    |add_ln123_fu_364_p2      |         +|   0|  0|  40|          33|          33|
    |add_ln130_198_fu_410_p2  |         +|   0|  0|  40|          33|          33|
    |add_ln130_199_fu_420_p2  |         +|   0|  0|  40|          33|          33|
    |add_ln130_fu_406_p2      |         +|   0|  0|  32|          32|          32|
    |add_ln133_fu_484_p2      |         +|   0|  0|  71|          64|          64|
    |add_ln159_fu_217_p2      |         +|   0|  0|  13|           4|           1|
    |add_ln160_11_fu_241_p2   |         +|   0|  0|   7|           4|           4|
    |add_ln160_fu_228_p2      |         +|   0|  0|  13|           4|           4|
    |t_fu_650_p2              |         +|   0|  0|  11|           3|           3|
    |tempReg_fu_555_p2        |         +|   0|  0|  71|          64|          64|
    |temp_85_fu_440_p2        |         +|   0|  0|  41|          34|          34|
    |temp_fu_374_p2           |         +|   0|  0|  41|          34|          34|
    |u_fu_570_p2              |         +|   0|  0|  71|          64|          64|
    |v_198_fu_496_p2          |         +|   0|  0|  71|          64|          64|
    |sub_ln160_fu_237_p2      |         -|   0|  0|   7|           4|           4|
    |and_ln162_fu_622_p2      |       and|   0|  0|  64|          64|          64|
    |icmp_ln159_fu_211_p2     |      icmp|   0|  0|  13|           4|           5|
    |or_ln105_13_fu_514_p2    |        or|   0|  0|  64|          64|          64|
    |or_ln162_25_fu_592_p2    |        or|   0|  0|  64|          64|          64|
    |or_ln162_fu_632_p2       |        or|   0|  0|  64|          64|          64|
    |ap_enable_pp0            |       xor|   0|  0|   2|           1|           2|
    |xor_ln105_63_fu_502_p2   |       xor|   0|  0|  64|          64|          64|
    |xor_ln105_64_fu_508_p2   |       xor|   0|  0|  64|          64|          64|
    |xor_ln105_65_fu_520_p2   |       xor|   0|  0|  64|          64|          64|
    |xor_ln162_37_fu_588_p2   |       xor|   0|  0|  64|          64|          64|
    |xor_ln162_39_fu_627_p2   |       xor|   0|  0|  64|          64|          64|
    |xor_ln162_51_fu_605_p2   |       xor|   0|  0|   2|           1|           2|
    |xor_ln162_fu_584_p2      |       xor|   0|  0|  64|          64|          64|
    +-------------------------+----------+----+---+----+------------+------------+
    |Total                    |          |   0|  0|1258|        1152|        1152|
    +-------------------------+----------+----+---+----+------------+------------+

    * Multiplexer: 
    +-------------------------+----+-----------+-----+-----------+
    |           Name          | LUT| Input Size| Bits| Total Bits|
    +-------------------------+----+-----------+-----+-----------+
    |ap_done_int              |   9|          2|    1|          2|
    |ap_enable_reg_pp0_iter1  |   9|          2|    1|          2|
    |ap_sig_allocacmp_j       |   9|          2|    4|          8|
    |j_19_fu_90               |   9|          2|    4|          8|
    |t_33_fu_82               |   9|          2|    3|          6|
    |u_34_out_o               |  14|          3|   64|        192|
    |v_35_fu_86               |   9|          2|   64|        128|
    +-------------------------+----+-----------+-----+-----------+
    |Total                    |  68|         15|  141|        346|
    +-------------------------+----+-----------+-----+-----------+

    * Register: 
    +---------------------------------------+----+----+-----+-----------+
    |                  Name                 | FF | LUT| Bits| Const Bits|
    +---------------------------------------+----+----+-----+-----------+
    |add_ln105_reg_820                      |  32|   0|   32|          0|
    |add_ln133_reg_830                      |  32|   0|   64|         32|
    |add_ln133_reg_830_pp0_iter8_reg        |  32|   0|   64|         32|
    |ah_reg_733                             |  32|   0|   32|          0|
    |al_reg_723                             |  32|   0|   32|          0|
    |ap_CS_fsm                              |   1|   0|    1|          0|
    |ap_done_reg                            |   1|   0|    1|          0|
    |ap_enable_reg_pp0_iter1                |   1|   0|    1|          0|
    |ap_enable_reg_pp0_iter2                |   1|   0|    1|          0|
    |ap_enable_reg_pp0_iter3                |   1|   0|    1|          0|
    |ap_enable_reg_pp0_iter4                |   1|   0|    1|          0|
    |ap_enable_reg_pp0_iter5                |   1|   0|    1|          0|
    |ap_enable_reg_pp0_iter6                |   1|   0|    1|          0|
    |ap_enable_reg_pp0_iter7                |   1|   0|    1|          0|
    |ap_enable_reg_pp0_iter8                |   1|   0|    1|          0|
    |ap_enable_reg_pp0_iter9                |   1|   0|    1|          0|
    |ap_loop_exit_ready_pp0_iter1_reg       |   1|   0|    1|          0|
    |ap_loop_exit_ready_pp0_iter2_reg       |   1|   0|    1|          0|
    |ap_loop_exit_ready_pp0_iter3_reg       |   1|   0|    1|          0|
    |ap_loop_exit_ready_pp0_iter4_reg       |   1|   0|    1|          0|
    |ap_loop_exit_ready_pp0_iter5_reg       |   1|   0|    1|          0|
    |ap_loop_exit_ready_pp0_iter6_reg       |   1|   0|    1|          0|
    |ap_loop_exit_ready_pp0_iter7_reg       |   1|   0|    1|          0|
    |ap_loop_exit_ready_pp0_iter8_reg       |   1|   0|    1|          0|
    |bh_reg_738                             |  32|   0|   32|          0|
    |bl_reg_728                             |  32|   0|   32|          0|
    |icmp_ln159_reg_709                     |   1|   0|    1|          0|
    |j_19_fu_90                             |   4|   0|    4|          0|
    |j_reg_703                              |   4|   0|    4|          0|
    |t_33_fu_82                             |   3|   0|    3|          0|
    |tempReg_reg_835                        |  64|   0|   64|          0|
    |tempReg_reg_835_pp0_iter8_reg          |  64|   0|   64|          0|
    |tmp_455_reg_809                        |   2|   0|    2|          0|
    |tmp_456_reg_793                        |  32|   0|   32|          0|
    |tmp_456_reg_793_pp0_iter5_reg          |  32|   0|   32|          0|
    |tmp_457_reg_799                        |  32|   0|   32|          0|
    |tmp_457_reg_799_pp0_iter5_reg          |  32|   0|   32|          0|
    |tmp_458_reg_804                        |  32|   0|   32|          0|
    |tmp_459_reg_825                        |   2|   0|    2|          0|
    |tmp_s_reg_788                          |  32|   0|   32|          0|
    |trunc_ln106_258_reg_772                |  32|   0|   32|          0|
    |trunc_ln106_259_reg_777                |  32|   0|   32|          0|
    |trunc_ln106_260_reg_782                |  32|   0|   32|          0|
    |trunc_ln106_260_reg_782_pp0_iter5_reg  |  32|   0|   32|          0|
    |trunc_ln106_reg_767                    |  32|   0|   32|          0|
    |trunc_ln125_reg_814                    |  32|   0|   32|          0|
    |trunc_ln125_reg_814_pp0_iter6_reg      |  32|   0|   32|          0|
    |u_34_out_load_reg_844                  |  64|   0|   64|          0|
    |u_reg_849                              |  64|   0|   64|          0|
    |v_35_fu_86                             |  64|   0|   64|          0|
    |icmp_ln159_reg_709                     |  64|  32|    1|          0|
    |tmp_458_reg_804                        |  64|  32|   32|          0|
    |trunc_ln106_reg_767                    |  64|  32|   32|          0|
    +---------------------------------------+----+----+-----+-----------+
    |Total                                  |1187|  96| 1124|         64|
    +---------------------------------------+----+----+-----+-----------+



================================================================
== Interface
================================================================
* Summary: 
+--------------------+-----+-----+------------+----------------------------------------+--------------+
|      RTL Ports     | Dir | Bits|  Protocol  |              Source Object             |    C Type    |
+--------------------+-----+-----+------------+----------------------------------------+--------------+
|ap_clk              |   in|    1|  ap_ctrl_hs|  mp_mul.141.1_Pipeline_VITIS_LOOP_159_4|  return value|
|ap_rst              |   in|    1|  ap_ctrl_hs|  mp_mul.141.1_Pipeline_VITIS_LOOP_159_4|  return value|
|ap_start            |   in|    1|  ap_ctrl_hs|  mp_mul.141.1_Pipeline_VITIS_LOOP_159_4|  return value|
|ap_done             |  out|    1|  ap_ctrl_hs|  mp_mul.141.1_Pipeline_VITIS_LOOP_159_4|  return value|
|ap_idle             |  out|    1|  ap_ctrl_hs|  mp_mul.141.1_Pipeline_VITIS_LOOP_159_4|  return value|
|ap_ready            |  out|    1|  ap_ctrl_hs|  mp_mul.141.1_Pipeline_VITIS_LOOP_159_4|  return value|
|grp_fu_451_p_din0   |  out|   32|  ap_ctrl_hs|  mp_mul.141.1_Pipeline_VITIS_LOOP_159_4|  return value|
|grp_fu_451_p_din1   |  out|   32|  ap_ctrl_hs|  mp_mul.141.1_Pipeline_VITIS_LOOP_159_4|  return value|
|grp_fu_451_p_dout0  |   in|   64|  ap_ctrl_hs|  mp_mul.141.1_Pipeline_VITIS_LOOP_159_4|  return value|
|grp_fu_451_p_ce     |  out|    1|  ap_ctrl_hs|  mp_mul.141.1_Pipeline_VITIS_LOOP_159_4|  return value|
|grp_fu_455_p_din0   |  out|   32|  ap_ctrl_hs|  mp_mul.141.1_Pipeline_VITIS_LOOP_159_4|  return value|
|grp_fu_455_p_din1   |  out|   32|  ap_ctrl_hs|  mp_mul.141.1_Pipeline_VITIS_LOOP_159_4|  return value|
|grp_fu_455_p_dout0  |   in|   64|  ap_ctrl_hs|  mp_mul.141.1_Pipeline_VITIS_LOOP_159_4|  return value|
|grp_fu_455_p_ce     |  out|    1|  ap_ctrl_hs|  mp_mul.141.1_Pipeline_VITIS_LOOP_159_4|  return value|
|grp_fu_459_p_din0   |  out|   32|  ap_ctrl_hs|  mp_mul.141.1_Pipeline_VITIS_LOOP_159_4|  return value|
|grp_fu_459_p_din1   |  out|   32|  ap_ctrl_hs|  mp_mul.141.1_Pipeline_VITIS_LOOP_159_4|  return value|
|grp_fu_459_p_dout0  |   in|   64|  ap_ctrl_hs|  mp_mul.141.1_Pipeline_VITIS_LOOP_159_4|  return value|
|grp_fu_459_p_ce     |  out|    1|  ap_ctrl_hs|  mp_mul.141.1_Pipeline_VITIS_LOOP_159_4|  return value|
|grp_fu_463_p_din0   |  out|   32|  ap_ctrl_hs|  mp_mul.141.1_Pipeline_VITIS_LOOP_159_4|  return value|
|grp_fu_463_p_din1   |  out|   32|  ap_ctrl_hs|  mp_mul.141.1_Pipeline_VITIS_LOOP_159_4|  return value|
|grp_fu_463_p_dout0  |   in|   64|  ap_ctrl_hs|  mp_mul.141.1_Pipeline_VITIS_LOOP_159_4|  return value|
|grp_fu_463_p_ce     |  out|    1|  ap_ctrl_hs|  mp_mul.141.1_Pipeline_VITIS_LOOP_159_4|  return value|
|indvars_iv          |   in|    3|     ap_none|                              indvars_iv|        scalar|
|v                   |   in|   64|     ap_none|                                       v|        scalar|
|zext_ln157          |   in|    4|     ap_none|                              zext_ln157|        scalar|
|zext_ln146_24       |   in|    4|     ap_none|                           zext_ln146_24|        scalar|
|b_address0          |  out|    4|   ap_memory|                                       b|         array|
|b_ce0               |  out|    1|   ap_memory|                                       b|         array|
|b_q0                |   in|   64|   ap_memory|                                       b|         array|
|b_address1          |  out|    4|   ap_memory|                                       b|         array|
|b_ce1               |  out|    1|   ap_memory|                                       b|         array|
|b_q1                |   in|   64|   ap_memory|                                       b|         array|
|i_25                |   in|    4|     ap_none|                                    i_25|        scalar|
|v_35_out            |  out|   64|      ap_vld|                                v_35_out|       pointer|
|v_35_out_ap_vld     |  out|    1|      ap_vld|                                v_35_out|       pointer|
|u_34_out_i          |   in|   64|     ap_ovld|                                u_34_out|       pointer|
|u_34_out_o          |  out|   64|     ap_ovld|                                u_34_out|       pointer|
|u_34_out_o_ap_vld   |  out|    1|     ap_ovld|                                u_34_out|       pointer|
|t_33_out            |  out|    3|      ap_vld|                                t_33_out|       pointer|
|t_33_out_ap_vld     |  out|    1|      ap_vld|                                t_33_out|       pointer|
+--------------------+-----+-----+------------+----------------------------------------+--------------+

