

================================================================
== Vitis HLS Report for 'mul_6412_Pipeline_VITIS_LOOP_77_2'
================================================================
* Date:           Sat Oct 25 18:43:37 2025

* Version:        2024.2.2 (Build 6049644 on Mar  5 2025)
* Project:        sikep503_hls
* Solution:       solution1 (Vivado IP Flow Target)
* Product family: virtexuplus58g
* Target device:  xcvu29p-fsga2577-2L-e


================================================================
== Performance Estimates
================================================================
+ Timing: 
    * Summary: 
    +--------+----------+----------+------------+
    |  Clock |  Target  | Estimated| Uncertainty|
    +--------+----------+----------+------------+
    |ap_clk  |  10.00 ns|  2.294 ns|     2.70 ns|
    +--------+----------+----------+------------+

+ Latency: 
    * Summary: 
    +---------+---------+----------+----------+-----+-----+------------------------------------------------+
    |  Latency (cycles) |  Latency (absolute) |  Interval |                    Pipeline                    |
    |   min   |   max   |    min   |    max   | min | max |                      Type                      |
    +---------+---------+----------+----------+-----+-----+------------------------------------------------+
    |       12|       12|  0.120 us|  0.120 us|   11|   11|  loop auto-rewind stp (delay=0 clock cycles(s))|
    +---------+---------+----------+----------+-----+-----+------------------------------------------------+

    + Detail: 
        * Instance: 
        N/A

        * Loop: 
        +-------------------+---------+---------+----------+-----------+-----------+------+----------+
        |                   |  Latency (cycles) | Iteration|  Initiation Interval  | Trip |          |
        |     Loop Name     |   min   |   max   |  Latency |  achieved |   target  | Count| Pipelined|
        +-------------------+---------+---------+----------+-----------+-----------+------+----------+
        |- VITIS_LOOP_77_2  |       10|       10|         1|          1|          1|    10|       yes|
        +-------------------+---------+---------+----------+-----------+-----------+------+----------+



================================================================
== Utilization Estimates
================================================================
* Summary: 
+---------------------+---------+-------+---------+---------+------+
|         Name        | BRAM_18K|  DSP  |    FF   |   LUT   | URAM |
+---------------------+---------+-------+---------+---------+------+
|DSP                  |        -|      -|        -|        -|     -|
|Expression           |        -|      -|        0|       24|     -|
|FIFO                 |        -|      -|        -|        -|     -|
|Instance             |        -|      -|        -|        -|     -|
|Memory               |        -|      -|        -|        -|     -|
|Multiplexer          |        -|      -|        0|       27|     -|
|Register             |        -|      -|        7|        -|     -|
+---------------------+---------+-------+---------+---------+------+
|Total                |        0|      0|        7|       51|     0|
+---------------------+---------+-------+---------+---------+------+
|Available SLR        |     1344|   3072|   864000|   432000|   320|
+---------------------+---------+-------+---------+---------+------+
|Utilization SLR (%)  |        0|      0|       ~0|       ~0|     0|
+---------------------+---------+-------+---------+---------+------+
|Available            |     5376|  12288|  3456000|  1728000|  1280|
+---------------------+---------+-------+---------+---------+------+
|Utilization (%)      |        0|      0|       ~0|       ~0|     0|
+---------------------+---------+-------+---------+---------+------+

+ Detail: 
    * Instance: 
    N/A

    * DSP: 
    N/A

    * Memory: 
    N/A

    * FIFO: 
    N/A

    * Expression: 
    +--------------------+----------+----+---+----+------------+------------+
    |    Variable Name   | Operation| DSP| FF| LUT| Bitwidth P0| Bitwidth P1|
    +--------------------+----------+----+---+----+------------+------------+
    |add_ln77_fu_112_p2  |         +|   0|  0|  12|           5|           2|
    |icmp_ln77_fu_90_p2  |      icmp|   0|  0|  12|           5|           5|
    +--------------------+----------+----+---+----+------------+------------+
    |Total               |          |   0|  0|  24|          10|           7|
    +--------------------+----------+----+---+----+------------+------------+

    * Multiplexer: 
    +----------------------+----+-----------+-----+-----------+
    |         Name         | LUT| Input Size| Bits| Total Bits|
    +----------------------+----+-----------+-----+-----------+
    |ap_done_int           |   9|          2|    1|          2|
    |ap_sig_allocacmp_k_7  |   9|          2|    5|         10|
    |k_fu_42               |   9|          2|    5|         10|
    +----------------------+----+-----------+-----+-----------+
    |Total                 |  27|          6|   11|         22|
    +----------------------+----+-----------+-----+-----------+

    * Register: 
    +-------------+---+----+-----+-----------+
    |     Name    | FF| LUT| Bits| Const Bits|
    +-------------+---+----+-----+-----------+
    |ap_CS_fsm    |  1|   0|    1|          0|
    |ap_done_reg  |  1|   0|    1|          0|
    |k_fu_42      |  5|   0|    5|          0|
    +-------------+---+----+-----+-----------+
    |Total        |  7|   0|    7|          0|
    +-------------+---+----+-----+-----------+



================================================================
== Interface
================================================================
* Summary: 
+----------------+-----+-----+------------+-----------------------------------+--------------+
|    RTL Ports   | Dir | Bits|  Protocol  |           Source Object           |    C Type    |
+----------------+-----+-----+------------+-----------------------------------+--------------+
|ap_clk          |   in|    1|  ap_ctrl_hs|  mul.6412_Pipeline_VITIS_LOOP_77_2|  return value|
|ap_rst          |   in|    1|  ap_ctrl_hs|  mul.6412_Pipeline_VITIS_LOOP_77_2|  return value|
|ap_start        |   in|    1|  ap_ctrl_hs|  mul.6412_Pipeline_VITIS_LOOP_77_2|  return value|
|ap_done         |  out|    1|  ap_ctrl_hs|  mul.6412_Pipeline_VITIS_LOOP_77_2|  return value|
|ap_idle         |  out|    1|  ap_ctrl_hs|  mul.6412_Pipeline_VITIS_LOOP_77_2|  return value|
|ap_ready        |  out|    1|  ap_ctrl_hs|  mul.6412_Pipeline_VITIS_LOOP_77_2|  return value|
|acc_1_address1  |  out|    4|   ap_memory|                              acc_1|         array|
|acc_1_ce1       |  out|    1|   ap_memory|                              acc_1|         array|
|acc_1_we1       |  out|    1|   ap_memory|                              acc_1|         array|
|acc_1_d1        |  out|   64|   ap_memory|                              acc_1|         array|
|acc_address1    |  out|    4|   ap_memory|                                acc|         array|
|acc_ce1         |  out|    1|   ap_memory|                                acc|         array|
|acc_we1         |  out|    1|   ap_memory|                                acc|         array|
|acc_d1          |  out|   64|   ap_memory|                                acc|         array|
+----------------+-----+-----+------------+-----------------------------------+--------------+

