

================================================================
== Vitis HLS Report for 'mul_1_Pipeline_VITIS_LOOP_215_3'
================================================================
* Date:           Wed Oct  8 20:37:41 2025

* Version:        2024.2.2 (Build 6049644 on Mar  5 2025)
* Project:        sikep503_hls
* Solution:       solution1 (Vivado IP Flow Target)
* Product family: virtexuplus58g
* Target device:  xcvu29p-fsga2577-2L-e


================================================================
== Performance Estimates
================================================================
+ Timing: 
    * Summary: 
    +--------+----------+----------+------------+
    |  Clock |  Target  | Estimated| Uncertainty|
    +--------+----------+----------+------------+
    |ap_clk  |  10.00 ns|  6.336 ns|     2.70 ns|
    +--------+----------+----------+------------+

+ Latency: 
    * Summary: 
    +---------+---------+-----------+----------+-----+-----+------------------------------------------------+
    |  Latency (cycles) |  Latency (absolute)  |  Interval |                    Pipeline                    |
    |   min   |   max   |    min    |    max   | min | max |                      Type                      |
    +---------+---------+-----------+----------+-----+-----+------------------------------------------------+
    |        4|       11|  40.000 ns|  0.110 us|    2|    9|  loop auto-rewind stp (delay=0 clock cycles(s))|
    +---------+---------+-----------+----------+-----+-----+------------------------------------------------+

    + Detail: 
        * Instance: 
        N/A

        * Loop: 
        +--------------------+---------+---------+----------+-----------+-----------+-------+----------+
        |                    |  Latency (cycles) | Iteration|  Initiation Interval  |  Trip |          |
        |      Loop Name     |   min   |   max   |  Latency |  achieved |   target  | Count | Pipelined|
        +--------------------+---------+---------+----------+-----------+-----------+-------+----------+
        |- VITIS_LOOP_215_3  |        2|        9|         3|          1|          1|  1 ~ 8|       yes|
        +--------------------+---------+---------+----------+-----------+-----------+-------+----------+



================================================================
== Utilization Estimates
================================================================
* Summary: 
+---------------------+---------+-------+---------+---------+------+
|         Name        | BRAM_18K|  DSP  |    FF   |   LUT   | URAM |
+---------------------+---------+-------+---------+---------+------+
|DSP                  |        -|      -|        -|        -|     -|
|Expression           |        -|      -|        0|      424|     -|
|FIFO                 |        -|      -|        -|        -|     -|
|Instance             |        -|     16|        0|       45|     -|
|Memory               |        -|      -|        -|        -|     -|
|Multiplexer          |        -|      -|        0|       54|     -|
|Register             |        -|      -|      313|        -|     -|
+---------------------+---------+-------+---------+---------+------+
|Total                |        0|     16|      313|      523|     0|
+---------------------+---------+-------+---------+---------+------+
|Available SLR        |     1344|   3072|   864000|   432000|   320|
+---------------------+---------+-------+---------+---------+------+
|Utilization SLR (%)  |        0|     ~0|       ~0|       ~0|     0|
+---------------------+---------+-------+---------+---------+------+
|Available            |     5376|  12288|  3456000|  1728000|  1280|
+---------------------+---------+-------+---------+---------+------+
|Utilization (%)      |        0|     ~0|       ~0|       ~0|     0|
+---------------------+---------+-------+---------+---------+------+

+ Detail: 
    * Instance: 
    +----------------------------+-----------------------+---------+----+---+----+-----+
    |          Instance          |         Module        | BRAM_18K| DSP| FF| LUT| URAM|
    +----------------------------+-----------------------+---------+----+---+----+-----+
    |mul_64ns_64ns_128_1_1_U334  |mul_64ns_64ns_128_1_1  |        0|  16|  0|  45|    0|
    +----------------------------+-----------------------+---------+----+---+----+-----+
    |Total                       |                       |        0|  16|  0|  45|    0|
    +----------------------------+-----------------------+---------+----+---+----+-----+

    * DSP: 
    N/A

    * Memory: 
    N/A

    * FIFO: 
    N/A

    * Expression: 
    +------------------------+----------+----+---+-----+------------+------------+
    |      Variable Name     | Operation| DSP| FF| LUT | Bitwidth P0| Bitwidth P1|
    +------------------------+----------+----+---+-----+------------+------------+
    |add_ln215_fu_244_p2     |         +|   0|  0|   12|           4|           1|
    |j_fu_238_p2             |         +|   0|  0|   39|          32|           1|
    |sum_fu_289_p2           |         +|   0|  0|  140|         133|         133|
    |ib_fu_191_p2            |         -|   0|  0|   33|          26|          26|
    |icmp_ln215_fu_179_p2    |      icmp|   0|  0|   12|           4|           4|
    |icmp_ln90_22_fu_227_p2  |      icmp|   0|  0|   30|          23|           1|
    |icmp_ln90_fu_206_p2     |      icmp|   0|  0|   30|          23|           1|
    |out_86_fu_267_p3        |    select|   0|  0|   63|           1|           1|
    |out_fu_260_p3           |    select|   0|  0|   63|           1|           1|
    |ap_enable_pp0           |       xor|   0|  0|    2|           1|           2|
    +------------------------+----------+----+---+-----+------------+------------+
    |Total                   |          |   0|  0|  424|         248|         171|
    +------------------------+----------+----+---+-----+------------+------------+

    * Multiplexer: 
    +-------------------------+----+-----------+-----+-----------+
    |           Name          | LUT| Input Size| Bits| Total Bits|
    +-------------------------+----+-----------+-----+-----------+
    |ap_done_int              |   9|          2|    1|          2|
    |ap_enable_reg_pp0_iter1  |   9|          2|    1|          2|
    |ap_enable_reg_pp0_iter2  |   9|          2|    1|          2|
    |indvars_iv_fu_74         |   9|          2|    4|          8|
    |j_0711_fu_70             |   9|          2|   32|         64|
    |sum_19_fu_66             |   9|          2|  133|        266|
    +-------------------------+----+-----------+-----+-----------+
    |Total                    |  54|         12|  172|        344|
    +-------------------------+----+-----------+-----+-----------+

    * Register: 
    +----------------------------------+-----+----+-----+-----------+
    |               Name               |  FF | LUT| Bits| Const Bits|
    +----------------------------------+-----+----+-----+-----------+
    |ap_CS_fsm                         |    1|   0|    1|          0|
    |ap_done_reg                       |    1|   0|    1|          0|
    |ap_enable_reg_pp0_iter1           |    1|   0|    1|          0|
    |ap_enable_reg_pp0_iter2           |    1|   0|    1|          0|
    |ap_enable_reg_pp0_iter3           |    1|   0|    1|          0|
    |ap_loop_exit_ready_pp0_iter2_reg  |    1|   0|    1|          0|
    |icmp_ln215_reg_336                |    1|   0|    1|          0|
    |icmp_ln90_22_reg_350              |    1|   0|    1|          0|
    |icmp_ln90_reg_340                 |    1|   0|    1|          0|
    |indvars_iv_fu_74                  |    4|   0|    4|          0|
    |j_0711_fu_70                      |   32|   0|   32|          0|
    |out_86_reg_365                    |   64|   0|   64|          0|
    |out_reg_360                       |   64|   0|   64|          0|
    |sum_19_fu_66                      |  133|   0|  133|          0|
    |zext_ln207_45_cast_reg_326        |    4|   0|   26|         22|
    |zext_ln215_cast_reg_331           |    3|   0|    4|          1|
    +----------------------------------+-----+----+-----+-----------+
    |Total                             |  313|   0|  336|         23|
    +----------------------------------+-----+----+-----+-----------+



================================================================
== Interface
================================================================
* Summary: 
+-------------------+-----+-----+------------+---------------------------------+--------------+
|     RTL Ports     | Dir | Bits|  Protocol  |          Source Object          |    C Type    |
+-------------------+-----+-----+------------+---------------------------------+--------------+
|ap_clk             |   in|    1|  ap_ctrl_hs|  mul.1_Pipeline_VITIS_LOOP_215_3|  return value|
|ap_rst             |   in|    1|  ap_ctrl_hs|  mul.1_Pipeline_VITIS_LOOP_215_3|  return value|
|ap_start           |   in|    1|  ap_ctrl_hs|  mul.1_Pipeline_VITIS_LOOP_215_3|  return value|
|ap_done            |  out|    1|  ap_ctrl_hs|  mul.1_Pipeline_VITIS_LOOP_215_3|  return value|
|ap_idle            |  out|    1|  ap_ctrl_hs|  mul.1_Pipeline_VITIS_LOOP_215_3|  return value|
|ap_ready           |  out|    1|  ap_ctrl_hs|  mul.1_Pipeline_VITIS_LOOP_215_3|  return value|
|select_ln207       |   in|    4|     ap_none|                     select_ln207|        scalar|
|zext_ln210         |   in|    4|     ap_none|                       zext_ln210|        scalar|
|zext_ln207         |   in|   69|     ap_none|                       zext_ln207|        scalar|
|zext_ln215         |   in|    3|     ap_none|                       zext_ln215|        scalar|
|zext_ln207_45      |   in|    4|     ap_none|                    zext_ln207_45|        scalar|
|a_address0         |  out|    3|   ap_memory|                                a|         array|
|a_ce0              |  out|    1|   ap_memory|                                a|         array|
|a_q0               |   in|   64|   ap_memory|                                a|         array|
|b_address0         |  out|    3|   ap_memory|                                b|         array|
|b_ce0              |  out|    1|   ap_memory|                                b|         array|
|b_q0               |   in|   64|   ap_memory|                                b|         array|
|sum_19_out         |  out|  133|      ap_vld|                       sum_19_out|       pointer|
|sum_19_out_ap_vld  |  out|    1|      ap_vld|                       sum_19_out|       pointer|
+-------------------+-----+-----+------------+---------------------------------+--------------+

