

================================================================
== Vitis HLS Report for 'mul_6216'
================================================================
* Date:           Wed Oct  8 20:38:08 2025

* Version:        2024.2.2 (Build 6049644 on Mar  5 2025)
* Project:        sikep503_hls
* Solution:       solution1 (Vivado IP Flow Target)
* Product family: virtexuplus58g
* Target device:  xcvu29p-fsga2577-2L-e


================================================================
== Performance Estimates
================================================================
+ Timing: 
    * Summary: 
    +--------+----------+----------+------------+
    |  Clock |  Target  | Estimated| Uncertainty|
    +--------+----------+----------+------------+
    |ap_clk  |  10.00 ns|  6.336 ns|     2.70 ns|
    +--------+----------+----------+------------+

+ Latency: 
    * Summary: 
    +---------+---------+----------+----------+-----+-----+---------+
    |  Latency (cycles) |  Latency (absolute) |  Interval | Pipeline|
    |   min   |   max   |    min   |    max   | min | max |   Type  |
    +---------+---------+----------+----------+-----+-----+---------+
    |      132|      244|  1.320 us|  2.440 us|  132|  244|       no|
    +---------+---------+----------+----------+-----+-----+---------+

    + Detail: 
        * Instance: 
        +-----------------------------------------------+------------------------------------+---------+---------+-----------+----------+-----+-----+------------------------------------------------+
        |                                               |                                    |  Latency (cycles) |  Latency (absolute)  |  Interval |                    Pipeline                    |
        |                    Instance                   |               Module               |   min   |   max   |    min    |    max   | min | max |                      Type                      |
        +-----------------------------------------------+------------------------------------+---------+---------+-----------+----------+-----+-----+------------------------------------------------+
        |grp_mul_6216_Pipeline_VITIS_LOOP_188_1_fu_95   |mul_6216_Pipeline_VITIS_LOOP_188_1  |       18|       18|   0.180 us|  0.180 us|   17|   17|  loop auto-rewind stp (delay=0 clock cycles(s))|
        |grp_mul_6216_Pipeline_VITIS_LOOP_215_3_fu_101  |mul_6216_Pipeline_VITIS_LOOP_215_3  |        4|       11|  40.000 ns|  0.110 us|    2|    9|  loop auto-rewind stp (delay=0 clock cycles(s))|
        +-----------------------------------------------+------------------------------------+---------+---------+-----------+----------+-----+-----+------------------------------------------------+

        * Loop: 
        +--------------------+---------+---------+----------+-----------+-----------+------+----------+
        |                    |  Latency (cycles) | Iteration|  Initiation Interval  | Trip |          |
        |      Loop Name     |   min   |   max   |  Latency |  achieved |   target  | Count| Pipelined|
        +--------------------+---------+---------+----------+-----------+-----------+------+----------+
        |- VITIS_LOOP_207_2  |      112|      224|    7 ~ 14|          -|          -|    16|        no|
        +--------------------+---------+---------+----------+-----------+-----------+------+----------+



================================================================
== Utilization Estimates
================================================================
* Summary: 
+---------------------+---------+-------+---------+---------+------+
|         Name        | BRAM_18K|  DSP  |    FF   |   LUT   | URAM |
+---------------------+---------+-------+---------+---------+------+
|DSP                  |        -|      -|        -|        -|     -|
|Expression           |        -|      -|        0|       71|     -|
|FIFO                 |        -|      -|        -|        -|     -|
|Instance             |        -|     16|      320|      575|     -|
|Memory               |        -|      -|        -|        -|     -|
|Multiplexer          |        -|      -|        0|       85|     -|
|Register             |        -|      -|      101|        -|     -|
+---------------------+---------+-------+---------+---------+------+
|Total                |        0|     16|      421|      731|     0|
+---------------------+---------+-------+---------+---------+------+
|Available SLR        |     1344|   3072|   864000|   432000|   320|
+---------------------+---------+-------+---------+---------+------+
|Utilization SLR (%)  |        0|     ~0|       ~0|       ~0|     0|
+---------------------+---------+-------+---------+---------+------+
|Available            |     5376|  12288|  3456000|  1728000|  1280|
+---------------------+---------+-------+---------+---------+------+
|Utilization (%)      |        0|     ~0|       ~0|       ~0|     0|
+---------------------+---------+-------+---------+---------+------+

+ Detail: 
    * Instance: 
    +-----------------------------------------------+------------------------------------+---------+----+-----+-----+-----+
    |                    Instance                   |               Module               | BRAM_18K| DSP|  FF | LUT | URAM|
    +-----------------------------------------------+------------------------------------+---------+----+-----+-----+-----+
    |grp_mul_6216_Pipeline_VITIS_LOOP_188_1_fu_95   |mul_6216_Pipeline_VITIS_LOOP_188_1  |        0|   0|    7|   52|    0|
    |grp_mul_6216_Pipeline_VITIS_LOOP_215_3_fu_101  |mul_6216_Pipeline_VITIS_LOOP_215_3  |        0|  16|  313|  523|    0|
    +-----------------------------------------------+------------------------------------+---------+----+-----+-----+-----+
    |Total                                          |                                    |        0|  16|  320|  575|    0|
    +-----------------------------------------------+------------------------------------+---------+----+-----+-----+-----+

    * DSP: 
    N/A

    * Memory: 
    N/A

    * FIFO: 
    N/A

    * Expression: 
    +------------------------+----------+----+---+----+------------+------------+
    |      Variable Name     | Operation| DSP| FF| LUT| Bitwidth P0| Bitwidth P1|
    +------------------------+----------+----+---+----+------------+------------+
    |add_ln207_fu_165_p2     |         +|   0|  0|  12|           4|           4|
    |pack_wi_6_fu_134_p2     |         +|   0|  0|  12|           5|           1|
    |icmp_ln207_5_fu_159_p2  |      icmp|   0|  0|   9|           2|           1|
    |icmp_ln207_fu_128_p2    |      icmp|   0|  0|  13|           5|           6|
    |icmp_ln210_fu_184_p2    |      icmp|   0|  0|  12|           5|           3|
    |c_we0                   |        or|   0|  0|   2|           1|           1|
    |j_end_fu_199_p3         |    select|   0|  0|   3|           1|           3|
    |j_start_fu_190_p3       |    select|   0|  0|   4|           1|           1|
    |select_ln207_fu_171_p3  |    select|   0|  0|   4|           1|           4|
    +------------------------+----------+----+---+----+------------+------------+
    |Total                   |          |   0|  0|  71|          25|          24|
    +------------------------+----------+----+---+----+------------+------------+

    * Multiplexer: 
    +------------+----+-----------+-----+-----------+
    |    Name    | LUT| Input Size| Bits| Total Bits|
    +------------+----+-----------+-----+-----------+
    |ap_NS_fsm   |  31|          6|    1|          6|
    |c_address0  |   9|          2|    4|          8|
    |c_ce0       |   9|          2|    1|          2|
    |c_d0        |   9|          2|   64|        128|
    |c_we0       |   9|          2|    1|          2|
    |sum_fu_70   |   9|          2|   69|        138|
    |t_fu_74     |   9|          2|    5|         10|
    +------------+----+-----------+-----+-----------+
    |Total       |  85|         18|  145|        294|
    +------------+----+-----------+-----+-----------+

    * Register: 
    +------------------------------------------------------------+----+----+-----+-----------+
    |                            Name                            | FF | LUT| Bits| Const Bits|
    +------------------------------------------------------------+----+----+-----+-----------+
    |ap_CS_fsm                                                   |   5|   0|    5|          0|
    |grp_mul_6216_Pipeline_VITIS_LOOP_188_1_fu_95_ap_start_reg   |   1|   0|    1|          0|
    |grp_mul_6216_Pipeline_VITIS_LOOP_215_3_fu_101_ap_start_reg  |   1|   0|    1|          0|
    |j_end_reg_286                                               |   3|   0|    3|          0|
    |j_start_reg_281                                             |   4|   0|    4|          0|
    |pack_wi_reg_260                                             |   5|   0|    5|          0|
    |select_ln207_reg_276                                        |   4|   0|    4|          0|
    |sum_fu_70                                                   |  69|   0|   69|          0|
    |t_fu_74                                                     |   5|   0|    5|          0|
    |trunc_ln207_reg_271                                         |   4|   0|    4|          0|
    +------------------------------------------------------------+----+----+-----+-----------+
    |Total                                                       | 101|   0|  101|          0|
    +------------------------------------------------------------+----+----+-----+-----------+



================================================================
== Interface
================================================================
* Summary: 
+--------------+-----+-----+------------+--------------+--------------+
|   RTL Ports  | Dir | Bits|  Protocol  | Source Object|    C Type    |
+--------------+-----+-----+------------+--------------+--------------+
|ap_clk        |   in|    1|  ap_ctrl_hs|      mul.6216|  return value|
|ap_rst        |   in|    1|  ap_ctrl_hs|      mul.6216|  return value|
|ap_start      |   in|    1|  ap_ctrl_hs|      mul.6216|  return value|
|ap_done       |  out|    1|  ap_ctrl_hs|      mul.6216|  return value|
|ap_idle       |  out|    1|  ap_ctrl_hs|      mul.6216|  return value|
|ap_ready      |  out|    1|  ap_ctrl_hs|      mul.6216|  return value|
|a_address0    |  out|    3|   ap_memory|             a|         array|
|a_ce0         |  out|    1|   ap_memory|             a|         array|
|a_q0          |   in|   64|   ap_memory|             a|         array|
|R_Z_address0  |  out|    4|   ap_memory|           R_Z|         array|
|R_Z_ce0       |  out|    1|   ap_memory|           R_Z|         array|
|R_Z_q0        |   in|   64|   ap_memory|           R_Z|         array|
|c_address0    |  out|    4|   ap_memory|             c|         array|
|c_ce0         |  out|    1|   ap_memory|             c|         array|
|c_we0         |  out|    1|   ap_memory|             c|         array|
|c_d0          |  out|   64|   ap_memory|             c|         array|
+--------------+-----+-----+------------+--------------+--------------+

