

================================================================
== Vitis HLS Report for 'rdc_mont_5_Pipeline_VITIS_LOOP_313_3'
================================================================
* Date:           Tue Sep 23 15:47:19 2025

* Version:        2024.2.2 (Build 6049644 on Mar  5 2025)
* Project:        sikep503_hls
* Solution:       solution1 (Vivado IP Flow Target)
* Product family: virtexuplus58g
* Target device:  xcvu29p-fsga2577-2L-e


================================================================
== Performance Estimates
================================================================
+ Timing: 
    * Summary: 
    +--------+----------+----------+------------+
    |  Clock |  Target  | Estimated| Uncertainty|
    +--------+----------+----------+------------+
    |ap_clk  |  10.00 ns|  6.710 ns|     2.70 ns|
    +--------+----------+----------+------------+

+ Latency: 
    * Summary: 
    +---------+---------+-----------+----------+-----+-----+------------------------------------------------+
    |  Latency (cycles) |  Latency (absolute)  |  Interval |                    Pipeline                    |
    |   min   |   max   |    min    |    max   | min | max |                      Type                      |
    +---------+---------+-----------+----------+-----+-----+------------------------------------------------+
    |        2|       11|  20.000 ns|  0.110 us|    1|    8|  loop auto-rewind stp (delay=0 clock cycles(s))|
    +---------+---------+-----------+----------+-----+-----+------------------------------------------------+

    + Detail: 
        * Instance: 
        +--------------------------+---------------+---------+---------+-----------+-----------+-----+-----+---------+
        |                          |               |  Latency (cycles) |   Latency (absolute)  |  Interval | Pipeline|
        |         Instance         |     Module    |   min   |   max   |    min    |    max    | min | max |   Type  |
        +--------------------------+---------------+---------+---------+-----------+-----------+-----+-----+---------+
        |grp_digit_x_digit_fu_189  |digit_x_digit  |        1|        1|  10.000 ns|  10.000 ns|    1|    1|      yes|
        +--------------------------+---------------+---------+---------+-----------+-----------+-----+-----+---------+

        * Loop: 
        +--------------------+---------+---------+----------+-----------+-----------+-------+----------+
        |                    |  Latency (cycles) | Iteration|  Initiation Interval  |  Trip |          |
        |      Loop Name     |   min   |   max   |  Latency |  achieved |   target  | Count | Pipelined|
        +--------------------+---------+---------+----------+-----------+-----------+-------+----------+
        |- VITIS_LOOP_313_3  |        0|        9|         4|          1|          1|  0 ~ 7|       yes|
        +--------------------+---------+---------+----------+-----------+-----------+-------+----------+



================================================================
== Utilization Estimates
================================================================
* Summary: 
+---------------------+---------+-------+---------+---------+------+
|         Name        | BRAM_18K|  DSP  |    FF   |   LUT   | URAM |
+---------------------+---------+-------+---------+---------+------+
|DSP                  |        -|      -|        -|        -|     -|
|Expression           |        -|      -|        0|      910|     -|
|FIFO                 |        -|      -|        -|        -|     -|
|Instance             |        -|      -|        -|        -|     -|
|Memory               |        0|      -|       64|       65|     -|
|Multiplexer          |        -|      -|        0|       63|     -|
|Register             |        -|      -|      461|       64|     -|
+---------------------+---------+-------+---------+---------+------+
|Total                |        0|      0|      525|     1102|     0|
+---------------------+---------+-------+---------+---------+------+
|Available SLR        |     1344|   3072|   864000|   432000|   320|
+---------------------+---------+-------+---------+---------+------+
|Utilization SLR (%)  |        0|      0|       ~0|       ~0|     0|
+---------------------+---------+-------+---------+---------+------+
|Available            |     5376|  12288|  3456000|  1728000|  1280|
+---------------------+---------+-------+---------+---------+------+
|Utilization (%)      |        0|      0|       ~0|       ~0|     0|
+---------------------+---------+-------+---------+---------+------+

+ Detail: 
    * Instance: 
    N/A

    * DSP: 
    N/A

    * Memory: 
    +------------+---------------------------------------------------------+---------+----+----+-----+------+-----+------+-------------+
    |   Memory   |                          Module                         | BRAM_18K| FF | LUT| URAM| Words| Bits| Banks| W*Bits*Banks|
    +------------+---------------------------------------------------------+---------+----+----+-----+------+-----+------+-------------+
    |p503p1_1_U  |rdc_mont_Pipeline_VITIS_LOOP_313_3_p503p1_1_ROM_AUTO_1R  |        0|  64|  65|    0|     8|   64|     1|          512|
    +------------+---------------------------------------------------------+---------+----+----+-----+------+-----+------+-------------+
    |Total       |                                                         |        0|  64|  65|    0|     8|   64|     1|          512|
    +------------+---------------------------------------------------------+---------+----+----+-----+------+-----+------+-------------+

    * FIFO: 
    N/A

    * Expression: 
    +--------------------------------------+----------+----+---+----+------------+------------+
    |             Variable Name            | Operation| DSP| FF| LUT| Bitwidth P0| Bitwidth P1|
    +--------------------------------------+----------+----+---+----+------------+------------+
    |add_ln313_3_fu_228_p2                 |         +|   0|  0|  10|           3|           1|
    |t_10_fu_424_p2                        |         +|   0|  0|  71|          64|          64|
    |tempReg_fu_330_p2                     |         +|   0|  0|  71|          64|          64|
    |u_24_fu_336_p2                        |         +|   0|  0|  71|          64|          64|
    |v_24_fu_288_p2                        |         +|   0|  0|  71|          64|          64|
    |sub_ln317_fu_255_p2                   |         -|   0|  0|  10|           3|           3|
    |and_ln105_fu_368_p2                   |       and|   0|  0|  64|          64|          64|
    |ap_predicate_op46_call_state3_state2  |       and|   0|  0|   2|           1|           1|
    |icmp_ln313_fu_222_p2                  |      icmp|   0|  0|  10|           3|           3|
    |icmp_ln315_fu_249_p2                  |      icmp|   0|  0|  12|           4|           4|
    |carry_14_fu_414_p2                    |        or|   0|  0|   2|           1|           1|
    |or_ln105_8_fu_394_p2                  |        or|   0|  0|  64|          64|          64|
    |or_ln105_fu_306_p2                    |        or|   0|  0|  64|          64|          64|
    |ap_enable_pp0                         |       xor|   0|  0|   2|           1|           2|
    |xor_ln105_42_fu_300_p2                |       xor|   0|  0|  64|          64|          64|
    |xor_ln105_43_fu_312_p2                |       xor|   0|  0|  64|          64|          64|
    |xor_ln105_44_fu_350_p2                |       xor|   0|  0|   2|           1|           2|
    |xor_ln105_45_fu_382_p2                |       xor|   0|  0|  64|          64|          64|
    |xor_ln105_46_fu_388_p2                |       xor|   0|  0|  64|          64|          64|
    |xor_ln105_47_fu_400_p2                |       xor|   0|  0|  64|          64|          64|
    |xor_ln105_fu_294_p2                   |       xor|   0|  0|  64|          64|          64|
    +--------------------------------------+----------+----+---+----+------------+------------+
    |Total                                 |          |   0|  0| 910|         849|         849|
    +--------------------------------------+----------+----+---+----+------------+------------+

    * Multiplexer: 
    +-------------------------+----+-----------+-----+-----------+
    |           Name          | LUT| Input Size| Bits| Total Bits|
    +-------------------------+----+-----------+-----+-----------+
    |ap_done_int              |   9|          2|    1|          2|
    |ap_enable_reg_pp0_iter1  |   9|          2|    1|          2|
    |ap_sig_allocacmp_j_5     |   9|          2|    3|          6|
    |j_fu_84                  |   9|          2|    3|          6|
    |t_fu_88                  |   9|          2|   64|        128|
    |u_fu_92                  |   9|          2|   64|        128|
    |v_fu_96                  |   9|          2|   64|        128|
    +-------------------------+----+-----------+-----+-----------+
    |Total                    |  63|         14|  200|        400|
    +-------------------------+----+-----------+-----+-----------+

    * Register: 
    +---------------------------------------+----+----+-----+-----------+
    |                  Name                 | FF | LUT| Bits| Const Bits|
    +---------------------------------------+----+----+-----+-----------+
    |ap_CS_fsm                              |   1|   0|    1|          0|
    |ap_done_reg                            |   1|   0|    1|          0|
    |ap_enable_reg_pp0_iter1                |   1|   0|    1|          0|
    |ap_enable_reg_pp0_iter2                |   1|   0|    1|          0|
    |ap_enable_reg_pp0_iter3                |   1|   0|    1|          0|
    |ap_loop_exit_ready_pp0_iter1_reg       |   1|   0|    1|          0|
    |ap_loop_exit_ready_pp0_iter2_reg       |   1|   0|    1|          0|
    |grp_digit_x_digit_fu_189_ap_start_reg  |   1|   0|    1|          0|
    |icmp_ln313_reg_488                     |   1|   0|    1|          0|
    |icmp_ln315_reg_497                     |   1|   0|    1|          0|
    |j_fu_84                                |   3|   0|    3|          0|
    |mc_load_reg_506                        |  64|   0|   64|          0|
    |p503p1_1_load_reg_511                  |  64|   0|   64|          0|
    |t_fu_88                                |  64|   0|   64|          0|
    |u_fu_92                                |  64|   0|   64|          0|
    |v_fu_96                                |  64|   0|   64|          0|
    |icmp_ln313_reg_488                     |  64|  32|    1|          0|
    |icmp_ln315_reg_497                     |  64|  32|    1|          0|
    +---------------------------------------+----+----+-----+-----------+
    |Total                                  | 461|  64|  335|          0|
    +---------------------------------------+----+----+-----+-----------+



================================================================
== Interface
================================================================
* Summary: 
+------------------------------------+-----+-----+------------+--------------------------------------+--------------+
|              RTL Ports             | Dir | Bits|  Protocol  |             Source Object            |    C Type    |
+------------------------------------+-----+-----+------------+--------------------------------------+--------------+
|ap_clk                              |   in|    1|  ap_ctrl_hs|  rdc_mont.5_Pipeline_VITIS_LOOP_313_3|  return value|
|ap_rst                              |   in|    1|  ap_ctrl_hs|  rdc_mont.5_Pipeline_VITIS_LOOP_313_3|  return value|
|ap_start                            |   in|    1|  ap_ctrl_hs|  rdc_mont.5_Pipeline_VITIS_LOOP_313_3|  return value|
|ap_done                             |  out|    1|  ap_ctrl_hs|  rdc_mont.5_Pipeline_VITIS_LOOP_313_3|  return value|
|ap_idle                             |  out|    1|  ap_ctrl_hs|  rdc_mont.5_Pipeline_VITIS_LOOP_313_3|  return value|
|ap_ready                            |  out|    1|  ap_ctrl_hs|  rdc_mont.5_Pipeline_VITIS_LOOP_313_3|  return value|
|grp_digit_x_digit_fu_923_p_din1     |  out|   64|  ap_ctrl_hs|  rdc_mont.5_Pipeline_VITIS_LOOP_313_3|  return value|
|grp_digit_x_digit_fu_923_p_din2     |  out|   64|  ap_ctrl_hs|  rdc_mont.5_Pipeline_VITIS_LOOP_313_3|  return value|
|grp_digit_x_digit_fu_923_p_dout0_0  |   in|   64|  ap_ctrl_hs|  rdc_mont.5_Pipeline_VITIS_LOOP_313_3|  return value|
|grp_digit_x_digit_fu_923_p_dout0_1  |   in|   64|  ap_ctrl_hs|  rdc_mont.5_Pipeline_VITIS_LOOP_313_3|  return value|
|grp_digit_x_digit_fu_923_p_start    |  out|    1|  ap_ctrl_hs|  rdc_mont.5_Pipeline_VITIS_LOOP_313_3|  return value|
|grp_digit_x_digit_fu_923_p_ready    |   in|    1|  ap_ctrl_hs|  rdc_mont.5_Pipeline_VITIS_LOOP_313_3|  return value|
|grp_digit_x_digit_fu_923_p_done     |   in|    1|  ap_ctrl_hs|  rdc_mont.5_Pipeline_VITIS_LOOP_313_3|  return value|
|grp_digit_x_digit_fu_923_p_idle     |   in|    1|  ap_ctrl_hs|  rdc_mont.5_Pipeline_VITIS_LOOP_313_3|  return value|
|v_026                               |   in|   64|     ap_none|                                 v_026|        scalar|
|u_025                               |   in|   64|     ap_none|                                 u_025|        scalar|
|i_7                                 |   in|    3|     ap_none|                                   i_7|        scalar|
|mc_offset                           |   in|    3|     ap_none|                             mc_offset|        scalar|
|mc_offset2                          |   in|    1|     ap_none|                            mc_offset2|        scalar|
|mc_address0                         |  out|    7|   ap_memory|                                    mc|         array|
|mc_ce0                              |  out|    1|   ap_memory|                                    mc|         array|
|mc_q0                               |   in|   64|   ap_memory|                                    mc|         array|
|add_ln313                           |   in|    4|     ap_none|                             add_ln313|        scalar|
|empty                               |   in|    3|     ap_none|                                 empty|        scalar|
|v_47_out                            |  out|   64|      ap_vld|                              v_47_out|       pointer|
|v_47_out_ap_vld                     |  out|    1|      ap_vld|                              v_47_out|       pointer|
|u_39_out                            |  out|   64|      ap_vld|                              u_39_out|       pointer|
|u_39_out_ap_vld                     |  out|    1|      ap_vld|                              u_39_out|       pointer|
|t_out                               |  out|   64|      ap_vld|                                 t_out|       pointer|
|t_out_ap_vld                        |  out|    1|      ap_vld|                                 t_out|       pointer|
+------------------------------------+-----+-----+------------+--------------------------------------+--------------+

