

================================================================
== Vitis HLS Report for 'rdc_mont_4'
================================================================
* Date:           Wed Jul  2 14:09:06 2025

* Version:        2024.2.2 (Build 6049644 on Mar  5 2025)
* Project:        sikep503_hls
* Solution:       solution1 (Vivado IP Flow Target)
* Product family: zynq
* Target device:  xc7z045-ffg900-2


================================================================
== Performance Estimates
================================================================
+ Timing: 
    * Summary: 
    +--------+----------+----------+------------+
    |  Clock |  Target  | Estimated| Uncertainty|
    +--------+----------+----------+------------+
    |ap_clk  |  10.00 ns|  7.050 ns|     2.70 ns|
    +--------+----------+----------+------------+

+ Latency: 
    * Summary: 
    +---------+---------+----------+----------+-----+-----+---------+
    |  Latency (cycles) |  Latency (absolute) |  Interval | Pipeline|
    |   min   |   max   |    min   |    max   | min | max |   Type  |
    +---------+---------+----------+----------+-----+-----+---------+
    |      161|      307|  1.610 us|  3.070 us|  161|  307|       no|
    +---------+---------+----------+----------+-----+-----+---------+

    + Detail: 
        * Instance: 
        +-------------------------------------------------+--------------------------------------+---------+---------+-----------+----------+-----+-----+------------------------------------------------+
        |                                                 |                                      |  Latency (cycles) |  Latency (absolute)  |  Interval |                    Pipeline                    |
        |                     Instance                    |                Module                |   min   |   max   |    min    |    max   | min | max |                      Type                      |
        +-------------------------------------------------+--------------------------------------+---------+---------+-----------+----------+-----+-----+------------------------------------------------+
        |grp_rdc_mont_4_Pipeline_VITIS_LOOP_182_1_fu_198  |rdc_mont_4_Pipeline_VITIS_LOOP_182_1  |       10|       10|   0.100 us|  0.100 us|    9|    9|  loop auto-rewind stp (delay=0 clock cycles(s))|
        |grp_rdc_mont_4_Pipeline_VITIS_LOOP_187_3_fu_207  |rdc_mont_4_Pipeline_VITIS_LOOP_187_3  |        2|       15|  20.000 ns|  0.150 us|    1|    8|  loop auto-rewind stp (delay=0 clock cycles(s))|
        |grp_rdc_mont_4_Pipeline_VITIS_LOOP_208_5_fu_224  |rdc_mont_4_Pipeline_VITIS_LOOP_208_5  |        9|       15|  90.000 ns|  0.150 us|    2|    8|  loop auto-rewind stp (delay=0 clock cycles(s))|
        +-------------------------------------------------+--------------------------------------+---------+---------+-----------+----------+-----+-----+------------------------------------------------+

        * Loop: 
        +--------------------+---------+---------+----------+-----------+-----------+------+----------+
        |                    |  Latency (cycles) | Iteration|  Initiation Interval  | Trip |          |
        |      Loop Name     |   min   |   max   |  Latency |  achieved |   target  | Count| Pipelined|
        +--------------------+---------+---------+----------+-----------+-----------+------+----------+
        |- VITIS_LOOP_186_2  |       48|      152|    6 ~ 19|          -|          -|     8|        no|
        |- VITIS_LOOP_204_4  |       98|      140|   14 ~ 20|          -|          -|     7|        no|
        +--------------------+---------+---------+----------+-----------+-----------+------+----------+



================================================================
== Utilization Estimates
================================================================
* Summary: 
+-----------------+---------+-----+--------+--------+-----+
|       Name      | BRAM_18K| DSP |   FF   |   LUT  | URAM|
+-----------------+---------+-----+--------+--------+-----+
|DSP              |        -|    -|       -|       -|    -|
|Expression       |        -|    -|       0|    1292|    -|
|FIFO             |        -|    -|       -|       -|    -|
|Instance         |        0|   32|    2547|    3355|    -|
|Memory           |        -|    -|       -|       -|    -|
|Multiplexer      |        -|    -|       0|     241|    -|
|Register         |        -|    -|     637|       -|    -|
+-----------------+---------+-----+--------+--------+-----+
|Total            |        0|   32|    3184|    4888|    0|
+-----------------+---------+-----+--------+--------+-----+
|Available        |     1090|  900|  437200|  218600|    0|
+-----------------+---------+-----+--------+--------+-----+
|Utilization (%)  |        0|    3|      ~0|       2|    0|
+-----------------+---------+-----+--------+--------+-----+

+ Detail: 
    * Instance: 
    +-------------------------------------------------+--------------------------------------+---------+----+------+------+-----+
    |                     Instance                    |                Module                | BRAM_18K| DSP|  FF  |  LUT | URAM|
    +-------------------------------------------------+--------------------------------------+---------+----+------+------+-----+
    |grp_rdc_mont_4_Pipeline_VITIS_LOOP_182_1_fu_198  |rdc_mont_4_Pipeline_VITIS_LOOP_182_1  |        0|   0|     6|    58|    0|
    |grp_rdc_mont_4_Pipeline_VITIS_LOOP_187_3_fu_207  |rdc_mont_4_Pipeline_VITIS_LOOP_187_3  |        0|  16|  1270|  1633|    0|
    |grp_rdc_mont_4_Pipeline_VITIS_LOOP_208_5_fu_224  |rdc_mont_4_Pipeline_VITIS_LOOP_208_5  |        0|  16|  1271|  1664|    0|
    +-------------------------------------------------+--------------------------------------+---------+----+------+------+-----+
    |Total                                            |                                      |        0|  32|  2547|  3355|    0|
    +-------------------------------------------------+--------------------------------------+---------+----+------+------+-----+

    * DSP: 
    N/A

    * Memory: 
    N/A

    * FIFO: 
    N/A

    * Expression: 
    +------------------------+----------+----+---+----+------------+------------+
    |      Variable Name     | Operation| DSP| FF| LUT| Bitwidth P0| Bitwidth P1|
    +------------------------+----------+----+---+----+------------+------------+
    |add_ln186_fu_292_p2     |         +|   0|  0|   6|           4|           1|
    |add_ln187_fu_308_p2     |         +|   0|  0|   6|           4|           3|
    |add_ln198_fu_463_p2     |         +|   0|  0|   9|           9|           9|
    |add_ln204_2_fu_563_p2   |         +|   0|  0|   6|           4|           1|
    |add_ln204_fu_531_p2     |         +|   0|  0|   6|           4|           1|
    |add_ln206_fu_511_p2     |         +|   0|  0|  32|          32|           2|
    |add_ln219_fu_589_p2     |         +|   0|  0|   9|           9|           9|
    |add_ln225_fu_728_p2     |         +|   0|  0|   9|           9|           6|
    |t_fu_701_p2             |         +|   0|  0|  64|          64|          64|
    |tempReg_fu_651_p2       |         +|   0|  0|  64|          64|          64|
    |u_22_fu_446_p2          |         +|   0|  0|  64|          64|          64|
    |v_21_fu_352_p2          |         +|   0|  0|  64|          64|          64|
    |v_23_fu_721_p2          |         +|   0|  0|  64|          64|          64|
    |v_24_fu_607_p2          |         +|   0|  0|  64|          64|          64|
    |v_26_fu_396_p2          |         +|   0|  0|  64|          64|          64|
    |sub66_fu_525_p2         |         -|   0|  0|  32|           4|          32|
    |and_ln105_2_fu_683_p2   |       and|   0|  0|  64|          64|          64|
    |and_ln105_fu_428_p2     |       and|   0|  0|  64|          64|          64|
    |icmp_ln186_fu_286_p2    |      icmp|   0|  0|   7|           4|           5|
    |icmp_ln204_fu_496_p2    |      icmp|   0|  0|   6|           4|           2|
    |icmp_ln205_fu_505_p2    |      icmp|   0|  0|  32|          32|           1|
    |PKB_we0                 |        or|   0|  0|   8|           1|           8|
    |or_ln105_6_fu_628_p2    |        or|   0|  0|  64|          64|          64|
    |or_ln105_fu_373_p2      |        or|   0|  0|  64|          64|          64|
    |count_2_fu_517_p3       |    select|   0|  0|  32|           1|          32|
    |xor_ln105_22_fu_368_p2  |       xor|   0|  0|  64|          64|          64|
    |xor_ln105_23_fu_379_p2  |       xor|   0|  0|  64|          64|          64|
    |xor_ln105_31_fu_410_p2  |       xor|   0|  0|   2|           1|           2|
    |xor_ln105_32_fu_619_p2  |       xor|   0|  0|  64|          64|          64|
    |xor_ln105_33_fu_623_p2  |       xor|   0|  0|  64|          64|          64|
    |xor_ln105_34_fu_634_p2  |       xor|   0|  0|  64|          64|          64|
    |xor_ln105_35_fu_665_p2  |       xor|   0|  0|   2|           1|           2|
    |xor_ln105_fu_364_p2     |       xor|   0|  0|  64|          64|          64|
    +------------------------+----------+----+---+----+------------+------------+
    |Total                   |          |   0|  0|1292|        1211|        1204|
    +------------------------+----------+----+---+----+------------+------------+

    * Multiplexer: 
    +--------------------+----+-----------+-----+-----------+
    |        Name        | LUT| Input Size| Bits| Total Bits|
    +--------------------+----+-----------+-----+-----------+
    |PKB_address0        |  17|          4|    6|         24|
    |PKB_address0_local  |  17|          4|    6|         24|
    |PKB_ce0             |  17|          4|    1|          4|
    |PKB_d0              |   9|          2|   64|        128|
    |PKB_d0_local        |  17|          4|   64|        256|
    |PKB_we0             |   9|          2|    8|         16|
    |PKB_we0_local       |   9|          2|    8|         16|
    |ap_NS_fsm           |  57|         14|    1|         14|
    |count_fu_116        |   9|          2|   32|         64|
    |i_5_fu_80           |   9|          2|    4|          8|
    |i_6_fu_132          |   9|          2|    4|          8|
    |indvars_iv_fu_128   |   9|          2|    4|          8|
    |ma_address0_local   |  17|          4|    4|         16|
    |u_13_fu_120         |   9|          2|   64|        128|
    |u_fu_84             |   9|          2|   64|        128|
    |v_15_fu_124         |   9|          2|   64|        128|
    |v_fu_88             |   9|          2|   64|        128|
    +--------------------+----+-----------+-----+-----------+
    |Total               | 241|         56|  462|       1098|
    +--------------------+----+-----------+-----+-----------+

    * Register: 
    +--------------------------------------------------------------+----+----+-----+-----------+
    |                             Name                             | FF | LUT| Bits| Const Bits|
    +--------------------------------------------------------------+----+----+-----+-----------+
    |add_ln187_reg_841                                             |   4|   0|    4|          0|
    |ap_CS_fsm                                                     |  13|   0|   13|          0|
    |count_fu_116                                                  |  32|   0|   32|          0|
    |grp_rdc_mont_4_Pipeline_VITIS_LOOP_182_1_fu_198_ap_start_reg  |   1|   0|    1|          0|
    |grp_rdc_mont_4_Pipeline_VITIS_LOOP_187_3_fu_207_ap_start_reg  |   1|   0|    1|          0|
    |grp_rdc_mont_4_Pipeline_VITIS_LOOP_208_5_fu_224_ap_start_reg  |   1|   0|    1|          0|
    |i_5_fu_80                                                     |   4|   0|    4|          0|
    |i_6_fu_132                                                    |   4|   0|    4|          0|
    |i_8_reg_896                                                   |   4|   0|    4|          0|
    |i_reg_820                                                     |   4|   0|    4|          0|
    |indvars_iv_fu_128                                             |   4|   0|    4|          0|
    |lshr_ln7_reg_939                                              |   6|   0|    6|          0|
    |reg_245                                                       |  64|   0|   64|          0|
    |sub66_reg_905                                                 |  32|   0|   32|          0|
    |tmp_s_reg_815                                                 |   6|   0|    6|          0|
    |trunc_ln186_reg_834                                           |   3|   0|    3|          0|
    |trunc_ln204_3_reg_928                                         |   3|   0|    3|          0|
    |trunc_ln204_reg_923                                           |   3|   0|    3|          0|
    |u_13_fu_120                                                   |  64|   0|   64|          0|
    |u_fu_84                                                       |  64|   0|   64|          0|
    |v_15_fu_124                                                   |  64|   0|   64|          0|
    |v_15_load_1_reg_918                                           |  64|   0|   64|          0|
    |v_21_reg_889                                                  |  64|   0|   64|          0|
    |v_24_reg_947                                                  |  64|   0|   64|          0|
    |v_fu_88                                                       |  64|   0|   64|          0|
    +--------------------------------------------------------------+----+----+-----+-----------+
    |Total                                                         | 637|   0|  637|          0|
    +--------------------------------------------------------------+----+----+-----+-----------+



================================================================
== Interface
================================================================
* Summary: 
+--------------+-----+-----+------------+--------------+--------------+
|   RTL Ports  | Dir | Bits|  Protocol  | Source Object|    C Type    |
+--------------+-----+-----+------------+--------------+--------------+
|ap_clk        |   in|    1|  ap_ctrl_hs|    rdc_mont.4|  return value|
|ap_rst        |   in|    1|  ap_ctrl_hs|    rdc_mont.4|  return value|
|ap_start      |   in|    1|  ap_ctrl_hs|    rdc_mont.4|  return value|
|ap_done       |  out|    1|  ap_ctrl_hs|    rdc_mont.4|  return value|
|ap_idle       |  out|    1|  ap_ctrl_hs|    rdc_mont.4|  return value|
|ap_ready      |  out|    1|  ap_ctrl_hs|    rdc_mont.4|  return value|
|ma_address0   |  out|    4|   ap_memory|            ma|         array|
|ma_ce0        |  out|    1|   ap_memory|            ma|         array|
|ma_q0         |   in|   64|   ap_memory|            ma|         array|
|PKB_address0  |  out|    6|   ap_memory|           PKB|         array|
|PKB_ce0       |  out|    1|   ap_memory|           PKB|         array|
|PKB_we0       |  out|    8|   ap_memory|           PKB|         array|
|PKB_d0        |  out|   64|   ap_memory|           PKB|         array|
|PKB_q0        |   in|   64|   ap_memory|           PKB|         array|
|mc            |   in|    9|     ap_none|            mc|        scalar|
+--------------+-----+-----+------------+--------------+--------------+

