

================================================================
== Vitis HLS Report for 'rdc_mont_3_Pipeline_VITIS_LOOP_182_1'
================================================================
* Date:           Wed Jul  2 14:09:02 2025

* Version:        2024.2.2 (Build 6049644 on Mar  5 2025)
* Project:        sikep503_hls
* Solution:       solution1 (Vivado IP Flow Target)
* Product family: zynq
* Target device:  xc7z045-ffg900-2


================================================================
== Performance Estimates
================================================================
+ Timing: 
    * Summary: 
    +--------+----------+----------+------------+
    |  Clock |  Target  | Estimated| Uncertainty|
    +--------+----------+----------+------------+
    |ap_clk  |  10.00 ns|  5.066 ns|     2.70 ns|
    +--------+----------+----------+------------+

+ Latency: 
    * Summary: 
    +---------+---------+----------+----------+-----+-----+------------------------------------------------+
    |  Latency (cycles) |  Latency (absolute) |  Interval |                    Pipeline                    |
    |   min   |   max   |    min   |    max   | min | max |                      Type                      |
    +---------+---------+----------+----------+-----+-----+------------------------------------------------+
    |       10|       10|  0.100 us|  0.100 us|    9|    9|  loop auto-rewind stp (delay=0 clock cycles(s))|
    +---------+---------+----------+----------+-----+-----+------------------------------------------------+

    + Detail: 
        * Instance: 
        N/A

        * Loop: 
        +--------------------+---------+---------+----------+-----------+-----------+------+----------+
        |                    |  Latency (cycles) | Iteration|  Initiation Interval  | Trip |          |
        |      Loop Name     |   min   |   max   |  Latency |  achieved |   target  | Count| Pipelined|
        +--------------------+---------+---------+----------+-----------+-----------+------+----------+
        |- VITIS_LOOP_182_1  |        8|        8|         1|          1|          1|     8|       yes|
        +--------------------+---------+---------+----------+-----------+-----------+------+----------+



================================================================
== Utilization Estimates
================================================================
* Summary: 
+-----------------+---------+-----+--------+--------+-----+
|       Name      | BRAM_18K| DSP |   FF   |   LUT  | URAM|
+-----------------+---------+-----+--------+--------+-----+
|DSP              |        -|    -|       -|       -|    -|
|Expression       |        -|    -|       0|      13|    -|
|FIFO             |        -|    -|       -|       -|    -|
|Instance         |        -|    -|       -|       -|    -|
|Memory           |        -|    -|       -|       -|    -|
|Multiplexer      |        -|    -|       0|      36|    -|
|Register         |        -|    -|       6|       -|    -|
+-----------------+---------+-----+--------+--------+-----+
|Total            |        0|    0|       6|      49|    0|
+-----------------+---------+-----+--------+--------+-----+
|Available        |     1090|  900|  437200|  218600|    0|
+-----------------+---------+-----+--------+--------+-----+
|Utilization (%)  |        0|    0|      ~0|      ~0|    0|
+-----------------+---------+-----+--------+--------+-----+

+ Detail: 
    * Instance: 
    N/A

    * DSP: 
    N/A

    * Memory: 
    N/A

    * FIFO: 
    N/A

    * Expression: 
    +---------------------+----------+----+---+----+------------+------------+
    |    Variable Name    | Operation| DSP| FF| LUT| Bitwidth P0| Bitwidth P1|
    +---------------------+----------+----+---+----+------------+------------+
    |add_ln182_fu_64_p2   |         +|   0|  0|   6|           4|           1|
    |icmp_ln182_fu_58_p2  |      icmp|   0|  0|   7|           4|           5|
    +---------------------+----------+----+---+----+------------+------------+
    |Total                |          |   0|  0|  13|           8|           6|
    +---------------------+----------+----+---+----+------------+------------+

    * Multiplexer: 
    +----------------------+----+-----------+-----+-----------+
    |         Name         | LUT| Input Size| Bits| Total Bits|
    +----------------------+----+-----------+-----+-----------+
    |PKB_we0_local         |   9|          2|    8|         16|
    |ap_done_int           |   9|          2|    1|          2|
    |ap_sig_allocacmp_i_9  |   9|          2|    4|          8|
    |i_fu_34               |   9|          2|    4|          8|
    +----------------------+----+-----------+-----+-----------+
    |Total                 |  36|          8|   17|         34|
    +----------------------+----+-----------+-----+-----------+

    * Register: 
    +-------------+---+----+-----+-----------+
    |     Name    | FF| LUT| Bits| Const Bits|
    +-------------+---+----+-----+-----------+
    |ap_CS_fsm    |  1|   0|    1|          0|
    |ap_done_reg  |  1|   0|    1|          0|
    |i_fu_34      |  4|   0|    4|          0|
    +-------------+---+----+-----+-----------+
    |Total        |  6|   0|    6|          0|
    +-------------+---+----+-----+-----------+



================================================================
== Interface
================================================================
* Summary: 
+--------------+-----+-----+------------+--------------------------------------+--------------+
|   RTL Ports  | Dir | Bits|  Protocol  |             Source Object            |    C Type    |
+--------------+-----+-----+------------+--------------------------------------+--------------+
|ap_clk        |   in|    1|  ap_ctrl_hs|  rdc_mont.3_Pipeline_VITIS_LOOP_182_1|  return value|
|ap_rst        |   in|    1|  ap_ctrl_hs|  rdc_mont.3_Pipeline_VITIS_LOOP_182_1|  return value|
|ap_start      |   in|    1|  ap_ctrl_hs|  rdc_mont.3_Pipeline_VITIS_LOOP_182_1|  return value|
|ap_done       |  out|    1|  ap_ctrl_hs|  rdc_mont.3_Pipeline_VITIS_LOOP_182_1|  return value|
|ap_idle       |  out|    1|  ap_ctrl_hs|  rdc_mont.3_Pipeline_VITIS_LOOP_182_1|  return value|
|ap_ready      |  out|    1|  ap_ctrl_hs|  rdc_mont.3_Pipeline_VITIS_LOOP_182_1|  return value|
|PKB_address0  |  out|    6|   ap_memory|                                   PKB|         array|
|PKB_ce0       |  out|    1|   ap_memory|                                   PKB|         array|
|PKB_we0       |  out|    8|   ap_memory|                                   PKB|         array|
|PKB_d0        |  out|   64|   ap_memory|                                   PKB|         array|
+--------------+-----+-----+------------+--------------------------------------+--------------+

