

================================================================
== Vitis HLS Report for 'rdc_mont_46'
================================================================
* Date:           Wed Jul 30 17:36:33 2025

* Version:        2024.2.2 (Build 6049644 on Mar  5 2025)
* Project:        sikep503_hls
* Solution:       solution1 (Vivado IP Flow Target)
* Product family: virtexuplus58g
* Target device:  xcvu29p-fsga2577-2L-e


================================================================
== Performance Estimates
================================================================
+ Timing: 
    * Summary: 
    +--------+----------+----------+------------+
    |  Clock |  Target  | Estimated| Uncertainty|
    +--------+----------+----------+------------+
    |ap_clk  |  10.00 ns|  5.675 ns|     2.70 ns|
    +--------+----------+----------+------------+

+ Latency: 
    * Summary: 
    +---------+---------+----------+----------+-----+-----+---------+
    |  Latency (cycles) |  Latency (absolute) |  Interval | Pipeline|
    |   min   |   max   |    min   |    max   | min | max |   Type  |
    +---------+---------+----------+----------+-----+-----+---------+
    |      103|      209|  1.030 us|  2.090 us|  103|  209|       no|
    +---------+---------+----------+----------+-----+-----+---------+

    + Detail: 
        * Instance: 
        +--------------------------------------------------+---------------------------------------+---------+---------+-----------+----------+-----+-----+------------------------------------------------+
        |                                                  |                                       |  Latency (cycles) |  Latency (absolute)  |  Interval |                    Pipeline                    |
        |                     Instance                     |                 Module                |   min   |   max   |    min    |    max   | min | max |                      Type                      |
        +--------------------------------------------------+---------------------------------------+---------+---------+-----------+----------+-----+-----+------------------------------------------------+
        |grp_rdc_mont_46_Pipeline_VITIS_LOOP_291_1_fu_181  |rdc_mont_46_Pipeline_VITIS_LOOP_291_1  |       10|       10|   0.100 us|  0.100 us|    9|    9|  loop auto-rewind stp (delay=0 clock cycles(s))|
        |grp_rdc_mont_46_Pipeline_VITIS_LOOP_299_3_fu_187  |rdc_mont_46_Pipeline_VITIS_LOOP_299_3  |        2|       10|  20.000 ns|  0.100 us|    1|    8|  loop auto-rewind stp (delay=0 clock cycles(s))|
        |grp_rdc_mont_46_Pipeline_VITIS_LOOP_327_5_fu_203  |rdc_mont_46_Pipeline_VITIS_LOOP_327_5  |        4|       10|  40.000 ns|  0.100 us|    2|    8|  loop auto-rewind stp (delay=0 clock cycles(s))|
        +--------------------------------------------------+---------------------------------------+---------+---------+-----------+----------+-----+-----+------------------------------------------------+

        * Loop: 
        +--------------------+---------+---------+----------+-----------+-----------+------+----------+
        |                    |  Latency (cycles) | Iteration|  Initiation Interval  | Trip |          |
        |      Loop Name     |   min   |   max   |  Latency |  achieved |   target  | Count| Pipelined|
        +--------------------+---------+---------+----------+-----------+-----------+------+----------+
        |- VITIS_LOOP_297_2  |       40|      104|    5 ~ 13|          -|          -|     8|        no|
        |- VITIS_LOOP_321_4  |       49|       91|    7 ~ 13|          -|          -|     7|        no|
        +--------------------+---------+---------+----------+-----------+-----------+------+----------+



================================================================
== Utilization Estimates
================================================================
* Summary: 
+---------------------+---------+-------+---------+---------+------+
|         Name        | BRAM_18K|  DSP  |    FF   |   LUT   | URAM |
+---------------------+---------+-------+---------+---------+------+
|DSP                  |        -|      -|        -|        -|     -|
|Expression           |        -|      -|        0|     1370|     -|
|FIFO                 |        -|      -|        -|        -|     -|
|Instance             |        0|     32|      797|     2631|     -|
|Memory               |        -|      -|        -|        -|     -|
|Multiplexer          |        -|      -|        0|      253|     -|
|Register             |        -|      -|      433|        -|     -|
+---------------------+---------+-------+---------+---------+------+
|Total                |        0|     32|     1230|     4254|     0|
+---------------------+---------+-------+---------+---------+------+
|Available SLR        |     1344|   3072|   864000|   432000|   320|
+---------------------+---------+-------+---------+---------+------+
|Utilization SLR (%)  |        0|      1|       ~0|       ~0|     0|
+---------------------+---------+-------+---------+---------+------+
|Available            |     5376|  12288|  3456000|  1728000|  1280|
+---------------------+---------+-------+---------+---------+------+
|Utilization (%)      |        0|     ~0|       ~0|       ~0|     0|
+---------------------+---------+-------+---------+---------+------+

+ Detail: 
    * Instance: 
    +--------------------------------------------------+---------------------------------------+---------+----+-----+------+-----+
    |                     Instance                     |                 Module                | BRAM_18K| DSP|  FF |  LUT | URAM|
    +--------------------------------------------------+---------------------------------------+---------+----+-----+------+-----+
    |grp_rdc_mont_46_Pipeline_VITIS_LOOP_291_1_fu_181  |rdc_mont_46_Pipeline_VITIS_LOOP_291_1  |        0|   0|    6|    60|    0|
    |grp_rdc_mont_46_Pipeline_VITIS_LOOP_299_3_fu_187  |rdc_mont_46_Pipeline_VITIS_LOOP_299_3  |        0|  16|  395|  1270|    0|
    |grp_rdc_mont_46_Pipeline_VITIS_LOOP_327_5_fu_203  |rdc_mont_46_Pipeline_VITIS_LOOP_327_5  |        0|  16|  396|  1301|    0|
    +--------------------------------------------------+---------------------------------------+---------+----+-----+------+-----+
    |Total                                             |                                       |        0|  32|  797|  2631|    0|
    +--------------------------------------------------+---------------------------------------+---------+----+-----+------+-----+

    * DSP: 
    N/A

    * Memory: 
    N/A

    * FIFO: 
    N/A

    * Expression: 
    +------------------------+----------+----+---+----+------------+------------+
    |      Variable Name     | Operation| DSP| FF| LUT| Bitwidth P0| Bitwidth P1|
    +------------------------+----------+----+---+----+------------+------------+
    |add_ln297_fu_255_p2     |         +|   0|  0|  12|           4|           1|
    |add_ln299_fu_271_p2     |         +|   0|  0|  12|           4|           3|
    |add_ln321_3_fu_492_p2   |         +|   0|  0|  12|           4|           1|
    |add_ln321_fu_486_p2     |         +|   0|  0|  12|           4|           1|
    |add_ln325_fu_465_p2     |         +|   0|  0|  39|          32|           2|
    |t_fu_619_p2             |         +|   0|  0|  71|          64|          64|
    |tempReg_fu_569_p2       |         +|   0|  0|  71|          64|          64|
    |u_46_fu_414_p2          |         +|   0|  0|  71|          64|          64|
    |v_52_fu_321_p2          |         +|   0|  0|  71|          64|          64|
    |v_54_fu_639_p2          |         +|   0|  0|  71|          64|          64|
    |v_55_fu_526_p2          |         +|   0|  0|  71|          64|          64|
    |v_57_fu_364_p2          |         +|   0|  0|  71|          64|          64|
    |sub67_fu_479_p2         |         -|   0|  0|  39|           4|          32|
    |and_ln105_5_fu_601_p2   |       and|   0|  0|  64|          64|          64|
    |and_ln105_fu_396_p2     |       and|   0|  0|  64|          64|          64|
    |icmp_ln297_fu_249_p2    |      icmp|   0|  0|  12|           4|           5|
    |icmp_ln321_fu_433_p2    |      icmp|   0|  0|  12|           4|           2|
    |icmp_ln323_fu_459_p2    |      icmp|   0|  0|  39|          32|           1|
    |PKB_we0                 |        or|   0|  0|   8|           1|           8|
    |or_ln105_15_fu_545_p2   |        or|   0|  0|  64|          64|          64|
    |or_ln105_fu_340_p2      |        or|   0|  0|  64|          64|          64|
    |count_5_fu_471_p3       |    select|   0|  0|  32|           1|          32|
    |xor_ln105_64_fu_334_p2  |       xor|   0|  0|  64|          64|          64|
    |xor_ln105_65_fu_346_p2  |       xor|   0|  0|  64|          64|          64|
    |xor_ln105_74_fu_533_p2  |       xor|   0|  0|  64|          64|          64|
    |xor_ln105_75_fu_539_p2  |       xor|   0|  0|  64|          64|          64|
    |xor_ln105_76_fu_551_p2  |       xor|   0|  0|  64|          64|          64|
    |xor_ln105_81_fu_378_p2  |       xor|   0|  0|   2|           1|           2|
    |xor_ln105_82_fu_583_p2  |       xor|   0|  0|   2|           1|           2|
    |xor_ln105_fu_328_p2     |       xor|   0|  0|  64|          64|          64|
    +------------------------+----------+----+---+----+------------+------------+
    |Total                   |          |   0|  0|1370|        1184|        1180|
    +------------------------+----------+----+---+----+------------+------------+

    * Multiplexer: 
    +--------------------+----+-----------+-----+-----------+
    |        Name        | LUT| Input Size| Bits| Total Bits|
    +--------------------+----+-----------+-----+-----------+
    |PKB_address0        |  20|          4|    6|         24|
    |PKB_address0_local  |  20|          4|    6|         24|
    |PKB_ce0             |  20|          4|    1|          4|
    |PKB_d0              |   9|          2|   64|        128|
    |PKB_d0_local        |  20|          4|   64|        256|
    |PKB_we0             |   9|          2|    8|         16|
    |PKB_we0_local       |   9|          2|    8|         16|
    |ap_NS_fsm           |  54|         10|    1|         10|
    |count_fu_104        |   9|          2|   32|         64|
    |i_7_fu_68           |   9|          2|    4|          8|
    |i_8_fu_120          |   9|          2|    4|          8|
    |indvars_iv_fu_116   |   9|          2|    4|          8|
    |ma_address0_local   |  20|          4|    4|         16|
    |u_23_fu_108         |   9|          2|   64|        128|
    |u_fu_72             |   9|          2|   64|        128|
    |v_26_fu_112         |   9|          2|   64|        128|
    |v_fu_76             |   9|          2|   64|        128|
    +--------------------+----+-----------+-----+-----------+
    |Total               | 253|         52|  462|       1094|
    +--------------------+----+-----------+-----+-----------+

    * Register: 
    +---------------------------------------------------------------+----+----+-----+-----------+
    |                              Name                             | FF | LUT| Bits| Const Bits|
    +---------------------------------------------------------------+----+----+-----+-----------+
    |add_ln299_reg_723                                              |   4|   0|    4|          0|
    |ap_CS_fsm                                                      |   9|   0|    9|          0|
    |count_fu_104                                                   |  32|   0|   32|          0|
    |grp_rdc_mont_46_Pipeline_VITIS_LOOP_291_1_fu_181_ap_start_reg  |   1|   0|    1|          0|
    |grp_rdc_mont_46_Pipeline_VITIS_LOOP_299_3_fu_187_ap_start_reg  |   1|   0|    1|          0|
    |grp_rdc_mont_46_Pipeline_VITIS_LOOP_327_5_fu_203_ap_start_reg  |   1|   0|    1|          0|
    |i_14_reg_773                                                   |   4|   0|    4|          0|
    |i_7_fu_68                                                      |   4|   0|    4|          0|
    |i_8_fu_120                                                     |   4|   0|    4|          0|
    |i_reg_703                                                      |   4|   0|    4|          0|
    |indvars_iv_fu_116                                              |   4|   0|    4|          0|
    |sub67_reg_800                                                  |  32|   0|   32|          0|
    |trunc_ln297_reg_717                                            |   3|   0|    3|          0|
    |trunc_ln321_6_reg_794                                          |   3|   0|    3|          0|
    |trunc_ln321_reg_789                                            |   3|   0|    3|          0|
    |u_23_fu_108                                                    |  64|   0|   64|          0|
    |u_fu_72                                                        |  64|   0|   64|          0|
    |v_26_fu_112                                                    |  64|   0|   64|          0|
    |v_26_load_1_reg_784                                            |  64|   0|   64|          0|
    |v_fu_76                                                        |  64|   0|   64|          0|
    |zext_ln297_reg_763                                             |   4|   0|   64|         60|
    +---------------------------------------------------------------+----+----+-----+-----------+
    |Total                                                          | 433|   0|  493|         60|
    +---------------------------------------------------------------+----+----+-----+-----------+



================================================================
== Interface
================================================================
* Summary: 
+--------------+-----+-----+------------+--------------+--------------+
|   RTL Ports  | Dir | Bits|  Protocol  | Source Object|    C Type    |
+--------------+-----+-----+------------+--------------+--------------+
|ap_clk        |   in|    1|  ap_ctrl_hs|   rdc_mont.46|  return value|
|ap_rst        |   in|    1|  ap_ctrl_hs|   rdc_mont.46|  return value|
|ap_start      |   in|    1|  ap_ctrl_hs|   rdc_mont.46|  return value|
|ap_done       |  out|    1|  ap_ctrl_hs|   rdc_mont.46|  return value|
|ap_idle       |  out|    1|  ap_ctrl_hs|   rdc_mont.46|  return value|
|ap_ready      |  out|    1|  ap_ctrl_hs|   rdc_mont.46|  return value|
|ma_address0   |  out|    4|   ap_memory|            ma|         array|
|ma_ce0        |  out|    1|   ap_memory|            ma|         array|
|ma_q0         |   in|   64|   ap_memory|            ma|         array|
|PKB_address0  |  out|    6|   ap_memory|           PKB|         array|
|PKB_ce0       |  out|    1|   ap_memory|           PKB|         array|
|PKB_we0       |  out|    8|   ap_memory|           PKB|         array|
|PKB_d0        |  out|   64|   ap_memory|           PKB|         array|
|PKB_q0        |   in|   64|   ap_memory|           PKB|         array|
+--------------+-----+-----+------------+--------------+--------------+

