

================================================================
== Vitis HLS Report for 'rdc_mont_5_Pipeline_VITIS_LOOP_327_5'
================================================================
* Date:           Wed Jul 30 17:37:40 2025

* Version:        2024.2.2 (Build 6049644 on Mar  5 2025)
* Project:        sikep503_hls
* Solution:       solution1 (Vivado IP Flow Target)
* Product family: virtexuplus58g
* Target device:  xcvu29p-fsga2577-2L-e


================================================================
== Performance Estimates
================================================================
+ Timing: 
    * Summary: 
    +--------+----------+----------+------------+
    |  Clock |  Target  | Estimated| Uncertainty|
    +--------+----------+----------+------------+
    |ap_clk  |  10.00 ns|  5.675 ns|     2.70 ns|
    +--------+----------+----------+------------+

+ Latency: 
    * Summary: 
    +---------+---------+-----------+----------+-----+-----+------------------------------------------------+
    |  Latency (cycles) |  Latency (absolute)  |  Interval |                    Pipeline                    |
    |   min   |   max   |    min    |    max   | min | max |                      Type                      |
    +---------+---------+-----------+----------+-----+-----+------------------------------------------------+
    |        4|       10|  40.000 ns|  0.100 us|    2|    8|  loop auto-rewind stp (delay=0 clock cycles(s))|
    +---------+---------+-----------+----------+-----+-----+------------------------------------------------+

    + Detail: 
        * Instance: 
        N/A

        * Loop: 
        +--------------------+---------+---------+----------+-----------+-----------+-------+----------+
        |                    |  Latency (cycles) | Iteration|  Initiation Interval  |  Trip |          |
        |      Loop Name     |   min   |   max   |  Latency |  achieved |   target  | Count | Pipelined|
        +--------------------+---------+---------+----------+-----------+-----------+-------+----------+
        |- VITIS_LOOP_327_5  |        2|        8|         3|          1|          1|  1 ~ 7|       yes|
        +--------------------+---------+---------+----------+-----------+-----------+-------+----------+



================================================================
== Utilization Estimates
================================================================
* Summary: 
+---------------------+---------+-------+---------+---------+------+
|         Name        | BRAM_18K|  DSP  |    FF   |   LUT   | URAM |
+---------------------+---------+-------+---------+---------+------+
|DSP                  |        -|      -|        -|        -|     -|
|Expression           |        -|      -|        0|     1128|     -|
|FIFO                 |        -|      -|        -|        -|     -|
|Instance             |        -|     16|        0|       45|     -|
|Memory               |        0|      -|       64|       65|     -|
|Multiplexer          |        -|      -|        0|       63|     -|
|Register             |        -|      -|      332|        -|     -|
+---------------------+---------+-------+---------+---------+------+
|Total                |        0|     16|      396|     1301|     0|
+---------------------+---------+-------+---------+---------+------+
|Available SLR        |     1344|   3072|   864000|   432000|   320|
+---------------------+---------+-------+---------+---------+------+
|Utilization SLR (%)  |        0|     ~0|       ~0|       ~0|     0|
+---------------------+---------+-------+---------+---------+------+
|Available            |     5376|  12288|  3456000|  1728000|  1280|
+---------------------+---------+-------+---------+---------+------+
|Utilization (%)      |        0|     ~0|       ~0|       ~0|     0|
+---------------------+---------+-------+---------+---------+------+

+ Detail: 
    * Instance: 
    +-----------------------------+-----------------------+---------+----+---+----+-----+
    |           Instance          |         Module        | BRAM_18K| DSP| FF| LUT| URAM|
    +-----------------------------+-----------------------+---------+----+---+----+-----+
    |mul_64ns_64ns_128_1_1_U1762  |mul_64ns_64ns_128_1_1  |        0|  16|  0|  45|    0|
    +-----------------------------+-----------------------+---------+----+---+----+-----+
    |Total                        |                       |        0|  16|  0|  45|    0|
    +-----------------------------+-----------------------+---------+----+---+----+-----+

    * DSP: 
    N/A

    * Memory: 
    +------------+-------------------------------------------------------------+---------+----+----+-----+------+-----+------+-------------+
    |   Memory   |                            Module                           | BRAM_18K| FF | LUT| URAM| Words| Bits| Banks| W*Bits*Banks|
    +------------+-------------------------------------------------------------+---------+----+----+-----+------+-----+------+-------------+
    |p503p1_1_U  |rdc_mont_467_Pipeline_VITIS_LOOP_299_3_p503p1_1_ROM_AUTO_1R  |        0|  64|  65|    0|     8|   64|     1|          512|
    +------------+-------------------------------------------------------------+---------+----+----+-----+------+-----+------+-------------+
    |Total       |                                                             |        0|  64|  65|    0|     8|   64|     1|          512|
    +------------+-------------------------------------------------------------+---------+----+----+-----+------+-----+------+-------------+

    * FIFO: 
    N/A

    * Expression: 
    +------------------------+----------+----+---+----+------------+------------+
    |      Variable Name     | Operation| DSP| FF| LUT| Bitwidth P0| Bitwidth P1|
    +------------------------+----------+----+---+----+------------+------------+
    |add_ln327_fu_232_p2     |         +|   0|  0|  12|           4|           1|
    |t_7_fu_405_p2           |         +|   0|  0|  71|          64|          64|
    |tempReg_5_fu_313_p2     |         +|   0|  0|  71|          64|          64|
    |u_14_fu_318_p2          |         +|   0|  0|  71|          64|          64|
    |v_17_fu_274_p2          |         +|   0|  0|  71|          64|          64|
    |sub_ln331_fu_221_p2     |         -|   0|  0|  10|           3|           3|
    |and_ln105_fu_350_p2     |       and|   0|  0|  64|          64|          64|
    |icmp_ln327_fu_196_p2    |      icmp|   0|  0|  12|           4|           5|
    |icmp_ln329_fu_215_p2    |      icmp|   0|  0|  39|          32|          32|
    |carry_8_fu_395_p2       |        or|   0|  0|   2|           1|           1|
    |or_ln105_4_fu_375_p2    |        or|   0|  0|  64|          64|          64|
    |or_ln105_fu_289_p2      |        or|   0|  0|  64|          64|          64|
    |t_5_fu_411_p3           |    select|   0|  0|  63|           1|          64|
    |u_5_fu_418_p3           |    select|   0|  0|  63|           1|          64|
    |v_5_fu_425_p3           |    select|   0|  0|  63|           1|          64|
    |ap_enable_pp0           |       xor|   0|  0|   2|           1|           2|
    |xor_ln105_22_fu_284_p2  |       xor|   0|  0|  64|          64|          64|
    |xor_ln105_23_fu_295_p2  |       xor|   0|  0|  64|          64|          64|
    |xor_ln105_24_fu_332_p2  |       xor|   0|  0|   2|           1|           2|
    |xor_ln105_25_fu_363_p2  |       xor|   0|  0|  64|          64|          64|
    |xor_ln105_26_fu_369_p2  |       xor|   0|  0|  64|          64|          64|
    |xor_ln105_27_fu_381_p2  |       xor|   0|  0|  64|          64|          64|
    |xor_ln105_fu_279_p2     |       xor|   0|  0|  64|          64|          64|
    +------------------------+----------+----+---+----+------------+------------+
    |Total                   |          |   0|  0|1128|         881|        1070|
    +------------------------+----------+----+---+----+------------+------------+

    * Multiplexer: 
    +-------------------------+----+-----------+-----+-----------+
    |           Name          | LUT| Input Size| Bits| Total Bits|
    +-------------------------+----+-----------+-----+-----------+
    |ap_done_int              |   9|          2|    1|          2|
    |ap_enable_reg_pp0_iter1  |   9|          2|    1|          2|
    |ap_sig_allocacmp_j       |   9|          2|    4|          8|
    |j_2_fu_84                |   9|          2|    4|          8|
    |t_fu_72                  |   9|          2|   64|        128|
    |u_fu_76                  |   9|          2|   64|        128|
    |v_fu_80                  |   9|          2|   64|        128|
    +-------------------------+----+-----------+-----+-----------+
    |Total                    |  63|         14|  202|        404|
    +-------------------------+----+-----------+-----+-----------+

    * Register: 
    +----------------------------------+----+----+-----+-----------+
    |               Name               | FF | LUT| Bits| Const Bits|
    +----------------------------------+----+----+-----+-----------+
    |ap_CS_fsm                         |   1|   0|    1|          0|
    |ap_done_reg                       |   1|   0|    1|          0|
    |ap_enable_reg_pp0_iter1           |   1|   0|    1|          0|
    |ap_enable_reg_pp0_iter2           |   1|   0|    1|          0|
    |ap_loop_exit_ready_pp0_iter1_reg  |   1|   0|    1|          0|
    |hi_reg_518                        |  64|   0|   64|          0|
    |icmp_ln327_reg_490                |   1|   0|    1|          0|
    |icmp_ln329_reg_494                |   1|   0|    1|          0|
    |icmp_ln329_reg_494_pp0_iter1_reg  |   1|   0|    1|          0|
    |j_2_fu_84                         |   4|   0|    4|          0|
    |lo_reg_511                        |  64|   0|   64|          0|
    |t_fu_72                           |  64|   0|   64|          0|
    |u_fu_76                           |  64|   0|   64|          0|
    |v_fu_80                           |  64|   0|   64|          0|
    +----------------------------------+----+----+-----+-----------+
    |Total                             | 332|   0|  332|          0|
    +----------------------------------+----+----+-----+-----------+



================================================================
== Interface
================================================================
* Summary: 
+-----------------+-----+-----+------------+--------------------------------------+--------------+
|    RTL Ports    | Dir | Bits|  Protocol  |             Source Object            |    C Type    |
+-----------------+-----+-----+------------+--------------------------------------+--------------+
|ap_clk           |   in|    1|  ap_ctrl_hs|  rdc_mont.5_Pipeline_VITIS_LOOP_327_5|  return value|
|ap_rst           |   in|    1|  ap_ctrl_hs|  rdc_mont.5_Pipeline_VITIS_LOOP_327_5|  return value|
|ap_start         |   in|    1|  ap_ctrl_hs|  rdc_mont.5_Pipeline_VITIS_LOOP_327_5|  return value|
|ap_done          |  out|    1|  ap_ctrl_hs|  rdc_mont.5_Pipeline_VITIS_LOOP_327_5|  return value|
|ap_idle          |  out|    1|  ap_ctrl_hs|  rdc_mont.5_Pipeline_VITIS_LOOP_327_5|  return value|
|ap_ready         |  out|    1|  ap_ctrl_hs|  rdc_mont.5_Pipeline_VITIS_LOOP_327_5|  return value|
|indvars_iv       |   in|    3|     ap_none|                            indvars_iv|        scalar|
|v_15             |   in|   64|     ap_none|                                  v_15|        scalar|
|u_13             |   in|   64|     ap_none|                                  u_13|        scalar|
|sub67            |   in|   32|     ap_none|                                 sub67|        scalar|
|mc_address0      |  out|    3|   ap_memory|                                    mc|         array|
|mc_ce0           |  out|    1|   ap_memory|                                    mc|         array|
|mc_q0            |   in|   64|   ap_memory|                                    mc|         array|
|empty            |   in|    3|     ap_none|                                 empty|        scalar|
|v_22_out         |  out|   64|      ap_vld|                              v_22_out|       pointer|
|v_22_out_ap_vld  |  out|    1|      ap_vld|                              v_22_out|       pointer|
|u_20_out         |  out|   64|      ap_vld|                              u_20_out|       pointer|
|u_20_out_ap_vld  |  out|    1|      ap_vld|                              u_20_out|       pointer|
|t_12_out         |  out|   64|      ap_vld|                              t_12_out|       pointer|
|t_12_out_ap_vld  |  out|    1|      ap_vld|                              t_12_out|       pointer|
+-----------------+-----+-----+------------+--------------------------------------+--------------+

