

================================================================
== Vitis HLS Report for 'rdc_mont'
================================================================
* Date:           Wed Jul  2 14:08:20 2025

* Version:        2024.2.2 (Build 6049644 on Mar  5 2025)
* Project:        sikep503_hls
* Solution:       solution1 (Vivado IP Flow Target)
* Product family: zynq
* Target device:  xc7z045-ffg900-2


================================================================
== Performance Estimates
================================================================
+ Timing: 
    * Summary: 
    +--------+----------+----------+------------+
    |  Clock |  Target  | Estimated| Uncertainty|
    +--------+----------+----------+------------+
    |ap_clk  |  10.00 ns|  7.216 ns|     2.70 ns|
    +--------+----------+----------+------------+

+ Latency: 
    * Summary: 
    +---------+---------+----------+----------+-----+-----+---------+
    |  Latency (cycles) |  Latency (absolute) |  Interval | Pipeline|
    |   min   |   max   |    min   |    max   | min | max |   Type  |
    +---------+---------+----------+----------+-----+-----+---------+
    |      160|      306|  1.600 us|  3.060 us|  160|  306|       no|
    +---------+---------+----------+----------+-----+-----+---------+

    + Detail: 
        * Instance: 
        +-----------------------------------------------+------------------------------------+---------+---------+-----------+----------+-----+-----+------------------------------------------------+
        |                                               |                                    |  Latency (cycles) |  Latency (absolute)  |  Interval |                    Pipeline                    |
        |                    Instance                   |               Module               |   min   |   max   |    min    |    max   | min | max |                      Type                      |
        +-----------------------------------------------+------------------------------------+---------+---------+-----------+----------+-----+-----+------------------------------------------------+
        |grp_rdc_mont_Pipeline_VITIS_LOOP_182_1_fu_177  |rdc_mont_Pipeline_VITIS_LOOP_182_1  |       10|       10|   0.100 us|  0.100 us|    9|    9|  loop auto-rewind stp (delay=0 clock cycles(s))|
        |grp_rdc_mont_Pipeline_VITIS_LOOP_187_3_fu_183  |rdc_mont_Pipeline_VITIS_LOOP_187_3  |        2|       15|  20.000 ns|  0.150 us|    1|    8|  loop auto-rewind stp (delay=0 clock cycles(s))|
        |grp_rdc_mont_Pipeline_VITIS_LOOP_208_5_fu_199  |rdc_mont_Pipeline_VITIS_LOOP_208_5  |        9|       15|  90.000 ns|  0.150 us|    2|    8|  loop auto-rewind stp (delay=0 clock cycles(s))|
        +-----------------------------------------------+------------------------------------+---------+---------+-----------+----------+-----+-----+------------------------------------------------+

        * Loop: 
        +--------------------+---------+---------+----------+-----------+-----------+------+----------+
        |                    |  Latency (cycles) | Iteration|  Initiation Interval  | Trip |          |
        |      Loop Name     |   min   |   max   |  Latency |  achieved |   target  | Count| Pipelined|
        +--------------------+---------+---------+----------+-----------+-----------+------+----------+
        |- VITIS_LOOP_186_2  |       48|      152|    6 ~ 19|          -|          -|     8|        no|
        |- VITIS_LOOP_204_4  |       98|      140|   14 ~ 20|          -|          -|     7|        no|
        +--------------------+---------+---------+----------+-----------+-----------+------+----------+



================================================================
== Utilization Estimates
================================================================
* Summary: 
+-----------------+---------+-----+--------+--------+-----+
|       Name      | BRAM_18K| DSP |   FF   |   LUT  | URAM|
+-----------------+---------+-----+--------+--------+-----+
|DSP              |        -|    -|       -|       -|    -|
|Expression       |        -|    -|       0|    1258|    -|
|FIFO             |        -|    -|       -|       -|    -|
|Instance         |        0|   32|    2547|    3319|    -|
|Memory           |        -|    -|       -|       -|    -|
|Multiplexer      |        -|    -|       0|     228|    -|
|Register         |        -|    -|     660|       -|    -|
+-----------------+---------+-----+--------+--------+-----+
|Total            |        0|   32|    3207|    4805|    0|
+-----------------+---------+-----+--------+--------+-----+
|Available        |     1090|  900|  437200|  218600|    0|
+-----------------+---------+-----+--------+--------+-----+
|Utilization (%)  |        0|    3|      ~0|       2|    0|
+-----------------+---------+-----+--------+--------+-----+

+ Detail: 
    * Instance: 
    +-----------------------------------------------+------------------------------------+---------+----+------+------+-----+
    |                    Instance                   |               Module               | BRAM_18K| DSP|  FF  |  LUT | URAM|
    +-----------------------------------------------+------------------------------------+---------+----+------+------+-----+
    |grp_rdc_mont_Pipeline_VITIS_LOOP_182_1_fu_177  |rdc_mont_Pipeline_VITIS_LOOP_182_1  |        0|   0|     6|    40|    0|
    |grp_rdc_mont_Pipeline_VITIS_LOOP_187_3_fu_183  |rdc_mont_Pipeline_VITIS_LOOP_187_3  |        0|  16|  1270|  1624|    0|
    |grp_rdc_mont_Pipeline_VITIS_LOOP_208_5_fu_199  |rdc_mont_Pipeline_VITIS_LOOP_208_5  |        0|  16|  1271|  1655|    0|
    +-----------------------------------------------+------------------------------------+---------+----+------+------+-----+
    |Total                                          |                                    |        0|  32|  2547|  3319|    0|
    +-----------------------------------------------+------------------------------------+---------+----+------+------+-----+

    * DSP: 
    N/A

    * Memory: 
    N/A

    * FIFO: 
    N/A

    * Expression: 
    +-------------------------+----------+----+---+----+------------+------------+
    |      Variable Name      | Operation| DSP| FF| LUT| Bitwidth P0| Bitwidth P1|
    +-------------------------+----------+----+---+----+------------+------------+
    |add_ln186_fu_255_p2      |         +|   0|  0|   6|           4|           1|
    |add_ln187_fu_271_p2      |         +|   0|  0|   6|           4|           3|
    |add_ln204_6_fu_496_p2    |         +|   0|  0|   6|           4|           1|
    |add_ln204_fu_458_p2      |         +|   0|  0|   6|           4|           1|
    |add_ln206_fu_444_p2      |         +|   0|  0|  32|          32|           2|
    |t_fu_613_p2              |         +|   0|  0|  64|          64|          64|
    |tempReg_fu_563_p2        |         +|   0|  0|  64|          64|          64|
    |u_92_fu_410_p2           |         +|   0|  0|  64|          64|          64|
    |v_101_fu_315_p2          |         +|   0|  0|  64|          64|          64|
    |v_103_fu_514_p2          |         +|   0|  0|  64|          64|          64|
    |v_105_fu_360_p2          |         +|   0|  0|  64|          64|          64|
    |v_fu_629_p2              |         +|   0|  0|  64|          64|          64|
    |sub66_fu_490_p2          |         -|   0|  0|  32|           4|          32|
    |and_ln105_11_fu_595_p2   |       and|   0|  0|  64|          64|          64|
    |and_ln105_fu_392_p2      |       and|   0|  0|  64|          64|          64|
    |icmp_ln186_fu_249_p2     |      icmp|   0|  0|   7|           4|           5|
    |icmp_ln204_fu_429_p2     |      icmp|   0|  0|   6|           4|           2|
    |icmp_ln205_fu_438_p2     |      icmp|   0|  0|  32|          32|           1|
    |mc_we0                   |        or|   0|  0|   1|           1|           1|
    |or_ln105_31_fu_540_p2    |        or|   0|  0|  64|          64|          64|
    |or_ln105_fu_337_p2       |        or|   0|  0|  64|          64|          64|
    |count_11_fu_450_p3       |    select|   0|  0|  32|           1|          32|
    |xor_ln105_179_fu_332_p2  |       xor|   0|  0|  64|          64|          64|
    |xor_ln105_180_fu_343_p2  |       xor|   0|  0|  64|          64|          64|
    |xor_ln105_181_fu_374_p2  |       xor|   0|  0|   2|           1|           2|
    |xor_ln105_182_fu_531_p2  |       xor|   0|  0|  64|          64|          64|
    |xor_ln105_183_fu_535_p2  |       xor|   0|  0|  64|          64|          64|
    |xor_ln105_184_fu_546_p2  |       xor|   0|  0|  64|          64|          64|
    |xor_ln105_185_fu_577_p2  |       xor|   0|  0|   2|           1|           2|
    |xor_ln105_fu_328_p2      |       xor|   0|  0|  64|          64|          64|
    +-------------------------+----------+----+---+----+------------+------------+
    |Total                    |          |   0|  0|1258|        1184|        1173|
    +-------------------------+----------+----+---+----+------------+------------+

    * Multiplexer: 
    +-------------------+----+-----------+-----+-----------+
    |        Name       | LUT| Input Size| Bits| Total Bits|
    +-------------------+----+-----------+-----+-----------+
    |ap_NS_fsm          |  53|         13|    1|         13|
    |count_fu_98        |   9|          2|   32|         64|
    |i_13_fu_62         |   9|          2|    4|          8|
    |i_14_fu_114        |   9|          2|    4|          8|
    |indvars_iv_fu_110  |   9|          2|    4|          8|
    |ma_address0_local  |  17|          4|    4|         16|
    |mc_address0        |  17|          4|    3|         12|
    |mc_address0_local  |  17|          4|    3|         12|
    |mc_ce0             |  17|          4|    1|          4|
    |mc_d0              |   9|          2|   64|        128|
    |mc_d0_local        |  17|          4|   64|        256|
    |mc_we0             |   9|          2|    1|          2|
    |u_024_fu_66        |   9|          2|   64|        128|
    |u_fu_102           |   9|          2|   64|        128|
    |v_025_fu_70        |   9|          2|   64|        128|
    |v_56_fu_106        |   9|          2|   64|        128|
    +-------------------+----+-----------+-----+-----------+
    |Total              | 228|         53|  441|       1043|
    +-------------------+----+-----------+-----+-----------+

    * Register: 
    +------------------------------------------------------------+----+----+-----+-----------+
    |                            Name                            | FF | LUT| Bits| Const Bits|
    +------------------------------------------------------------+----+----+-----+-----------+
    |add_ln187_reg_718                                           |   4|   0|    4|          0|
    |ap_CS_fsm                                                   |  12|   0|   12|          0|
    |count_11_reg_786                                            |  32|   0|   32|          0|
    |count_fu_98                                                 |  32|   0|   32|          0|
    |grp_rdc_mont_Pipeline_VITIS_LOOP_182_1_fu_177_ap_start_reg  |   1|   0|    1|          0|
    |grp_rdc_mont_Pipeline_VITIS_LOOP_187_3_fu_183_ap_start_reg  |   1|   0|    1|          0|
    |grp_rdc_mont_Pipeline_VITIS_LOOP_208_5_fu_199_ap_start_reg  |   1|   0|    1|          0|
    |i_13_fu_62                                                  |   4|   0|    4|          0|
    |i_14_fu_114                                                 |   4|   0|    4|          0|
    |i_25_reg_777                                                |   4|   0|    4|          0|
    |i_reg_698                                                   |   4|   0|    4|          0|
    |indvars_iv_fu_110                                           |   4|   0|    4|          0|
    |reg_219                                                     |  64|   0|   64|          0|
    |sub66_reg_815                                               |  32|   0|   32|          0|
    |trunc_ln186_reg_712                                         |   3|   0|    3|          0|
    |trunc_ln204_12_reg_809                                      |   3|   0|    3|          0|
    |trunc_ln204_reg_804                                         |   3|   0|    3|          0|
    |u_024_fu_66                                                 |  64|   0|   64|          0|
    |u_fu_102                                                    |  64|   0|   64|          0|
    |v_025_fu_70                                                 |  64|   0|   64|          0|
    |v_101_reg_771                                               |  64|   0|   64|          0|
    |v_103_reg_828                                               |  64|   0|   64|          0|
    |v_56_fu_106                                                 |  64|   0|   64|          0|
    |v_56_load_5_reg_799                                         |  64|   0|   64|          0|
    |zext_ln186_reg_758                                          |   4|   0|   64|         60|
    +------------------------------------------------------------+----+----+-----+-----------+
    |Total                                                       | 660|   0|  720|         60|
    +------------------------------------------------------------+----+----+-----+-----------+



================================================================
== Interface
================================================================
* Summary: 
+-------------+-----+-----+------------+--------------+--------------+
|  RTL Ports  | Dir | Bits|  Protocol  | Source Object|    C Type    |
+-------------+-----+-----+------------+--------------+--------------+
|ap_clk       |   in|    1|  ap_ctrl_hs|      rdc_mont|  return value|
|ap_rst       |   in|    1|  ap_ctrl_hs|      rdc_mont|  return value|
|ap_start     |   in|    1|  ap_ctrl_hs|      rdc_mont|  return value|
|ap_done      |  out|    1|  ap_ctrl_hs|      rdc_mont|  return value|
|ap_idle      |  out|    1|  ap_ctrl_hs|      rdc_mont|  return value|
|ap_ready     |  out|    1|  ap_ctrl_hs|      rdc_mont|  return value|
|ma_address0  |  out|    4|   ap_memory|            ma|         array|
|ma_ce0       |  out|    1|   ap_memory|            ma|         array|
|ma_q0        |   in|   64|   ap_memory|            ma|         array|
|mc_address0  |  out|    3|   ap_memory|            mc|         array|
|mc_ce0       |  out|    1|   ap_memory|            mc|         array|
|mc_we0       |  out|    1|   ap_memory|            mc|         array|
|mc_d0        |  out|   64|   ap_memory|            mc|         array|
|mc_q0        |   in|   64|   ap_memory|            mc|         array|
+-------------+-----+-----+------------+--------------+--------------+

