

================================================================
== Vitis HLS Report for 'montMult_words_2_1_Pipeline_VITIS_LOOP_28_1'
================================================================
* Date:           Mon Sep 14 17:17:41 2026

* Version:        2024.2.2 (Build 6049644 on Mar  5 2025)
* Project:        rsa_modexp_hls
* Solution:       solution1 (Vivado IP Flow Target)
* Product family: virtexuplus58g
* Target device:  xcvu29p-fsga2577-2L-e


================================================================
== Performance Estimates
================================================================
+ Timing: 
    * Summary: 
    +--------+----------+----------+------------+
    |  Clock |  Target  | Estimated| Uncertainty|
    +--------+----------+----------+------------+
    |ap_clk  |  10.00 ns|  1.793 ns|     2.70 ns|
    +--------+----------+----------+------------+

+ Latency: 
    * Summary: 
    +---------+---------+----------+----------+-----+-----+------------------------------------------------+
    |  Latency (cycles) |  Latency (absolute) |  Interval |                    Pipeline                    |
    |   min   |   max   |    min   |    max   | min | max |                      Type                      |
    +---------+---------+----------+----------+-----+-----+------------------------------------------------+
    |       20|       20|  0.200 us|  0.200 us|   19|   19|  loop auto-rewind stp (delay=0 clock cycles(s))|
    +---------+---------+----------+----------+-----+-----+------------------------------------------------+

    + Detail: 
        * Instance: 
        N/A

        * Loop: 
        +-------------------+---------+---------+----------+-----------+-----------+------+----------+
        |                   |  Latency (cycles) | Iteration|  Initiation Interval  | Trip |          |
        |     Loop Name     |   min   |   max   |  Latency |  achieved |   target  | Count| Pipelined|
        +-------------------+---------+---------+----------+-----------+-----------+------+----------+
        |- VITIS_LOOP_28_1  |       18|       18|         1|          1|          1|    18|       yes|
        +-------------------+---------+---------+----------+-----------+-----------+------+----------+



================================================================
== Utilization Estimates
================================================================
* Summary: 
+---------------------+---------+-------+---------+---------+------+
|         Name        | BRAM_18K|  DSP  |    FF   |   LUT   | URAM |
+---------------------+---------+-------+---------+---------+------+
|DSP                  |        -|      -|        -|        -|     -|
|Expression           |        -|      -|        0|       24|     -|
|FIFO                 |        -|      -|        -|        -|     -|
|Instance             |        -|      -|        -|        -|     -|
|Memory               |        -|      -|        -|        -|     -|
|Multiplexer          |        -|      -|        0|       27|     -|
|Register             |        -|      -|        7|        -|     -|
+---------------------+---------+-------+---------+---------+------+
|Total                |        0|      0|        7|       51|     0|
+---------------------+---------+-------+---------+---------+------+
|Available SLR        |     1344|   3072|   864000|   432000|   320|
+---------------------+---------+-------+---------+---------+------+
|Utilization SLR (%)  |        0|      0|       ~0|       ~0|     0|
+---------------------+---------+-------+---------+---------+------+
|Available            |     5376|  12288|  3456000|  1728000|  1280|
+---------------------+---------+-------+---------+---------+------+
|Utilization (%)      |        0|      0|       ~0|       ~0|     0|
+---------------------+---------+-------+---------+---------+------+

+ Detail: 
    * Instance: 
    N/A

    * DSP: 
    N/A

    * Memory: 
    N/A

    * FIFO: 
    N/A

    * Expression: 
    +--------------------+----------+----+---+----+------------+------------+
    |    Variable Name   | Operation| DSP| FF| LUT| Bitwidth P0| Bitwidth P1|
    +--------------------+----------+----+---+----+------------+------------+
    |add_ln28_fu_60_p2   |         +|   0|  0|  12|           5|           1|
    |icmp_ln28_fu_54_p2  |      icmp|   0|  0|  12|           5|           5|
    +--------------------+----------+----+---+----+------------+------------+
    |Total               |          |   0|  0|  24|          10|           6|
    +--------------------+----------+----+---+----+------------+------------+

    * Multiplexer: 
    +----------------------+----+-----------+-----+-----------+
    |         Name         | LUT| Input Size| Bits| Total Bits|
    +----------------------+----+-----------+-----+-----------+
    |ap_done_int           |   9|          2|    1|          2|
    |ap_sig_allocacmp_k_7  |   9|          2|    5|         10|
    |k_fu_28               |   9|          2|    5|         10|
    +----------------------+----+-----------+-----+-----------+
    |Total                 |  27|          6|   11|         22|
    +----------------------+----+-----------+-----+-----------+

    * Register: 
    +-------------+---+----+-----+-----------+
    |     Name    | FF| LUT| Bits| Const Bits|
    +-------------+---+----+-----+-----------+
    |ap_CS_fsm    |  1|   0|    1|          0|
    |ap_done_reg  |  1|   0|    1|          0|
    |k_fu_28      |  5|   0|    5|          0|
    +-------------+---+----+-----+-----------+
    |Total        |  7|   0|    7|          0|
    +-------------+---+----+-----+-----------+



================================================================
== Interface
================================================================
* Summary: 
+------------+-----+-----+------------+---------------------------------------------+--------------+
|  RTL Ports | Dir | Bits|  Protocol  |                Source Object                |    C Type    |
+------------+-----+-----+------------+---------------------------------------------+--------------+
|ap_clk      |   in|    1|  ap_ctrl_hs|  montMult_words.2.1_Pipeline_VITIS_LOOP_28_1|  return value|
|ap_rst      |   in|    1|  ap_ctrl_hs|  montMult_words.2.1_Pipeline_VITIS_LOOP_28_1|  return value|
|ap_start    |   in|    1|  ap_ctrl_hs|  montMult_words.2.1_Pipeline_VITIS_LOOP_28_1|  return value|
|ap_done     |  out|    1|  ap_ctrl_hs|  montMult_words.2.1_Pipeline_VITIS_LOOP_28_1|  return value|
|ap_idle     |  out|    1|  ap_ctrl_hs|  montMult_words.2.1_Pipeline_VITIS_LOOP_28_1|  return value|
|ap_ready    |  out|    1|  ap_ctrl_hs|  montMult_words.2.1_Pipeline_VITIS_LOOP_28_1|  return value|
|t_address0  |  out|    5|   ap_memory|                                            t|         array|
|t_ce0       |  out|    1|   ap_memory|                                            t|         array|
|t_we0       |  out|    1|   ap_memory|                                            t|         array|
|t_d0        |  out|   32|   ap_memory|                                            t|         array|
+------------+-----+-----+------------+---------------------------------------------+--------------+

