

================================================================
== Vitis HLS Report for 'montMult_words_3_1'
================================================================
* Date:           Mon Sep 14 17:17:40 2026

* Version:        2024.2.2 (Build 6049644 on Mar  5 2025)
* Project:        rsa_modexp_hls
* Solution:       solution1 (Vivado IP Flow Target)
* Product family: virtexuplus58g
* Target device:  xcvu29p-fsga2577-2L-e


================================================================
== Performance Estimates
================================================================
+ Timing: 
    * Summary: 
    +--------+----------+----------+------------+
    |  Clock |  Target  | Estimated| Uncertainty|
    +--------+----------+----------+------------+
    |ap_clk  |  10.00 ns|  7.300 ns|     2.70 ns|
    +--------+----------+----------+------------+

+ Latency: 
    * Summary: 
    +---------+---------+----------+----------+-----+-----+---------+
    |  Latency (cycles) |  Latency (absolute) |  Interval | Pipeline|
    |   min   |   max   |    min   |    max   | min | max |   Type  |
    +---------+---------+----------+----------+-----+-----+---------+
    |      777|      777|  7.770 us|  7.770 us|  777|  777|       no|
    +---------+---------+----------+----------+-----+-----+---------+

    + Detail: 
        * Instance: 
        +---------------------------------------------------------+----------------------------------------------+---------+---------+----------+----------+-----+-----+------------------------------------------------+
        |                                                         |                                              |  Latency (cycles) |  Latency (absolute) |  Interval |                    Pipeline                    |
        |                         Instance                        |                    Module                    |   min   |   max   |    min   |    max   | min | max |                      Type                      |
        +---------------------------------------------------------+----------------------------------------------+---------+---------+----------+----------+-----+-----+------------------------------------------------+
        |grp_montMult_words_3_1_Pipeline_VITIS_LOOP_28_1_fu_347   |montMult_words_3_1_Pipeline_VITIS_LOOP_28_1   |       20|       20|  0.200 us|  0.200 us|   19|   19|  loop auto-rewind stp (delay=0 clock cycles(s))|
        |grp_montMult_words_3_1_Pipeline_VITIS_LOOP_33_2_fu_353   |montMult_words_3_1_Pipeline_VITIS_LOOP_33_2   |      523|      523|  5.230 us|  5.230 us|  522|  522|  loop auto-rewind stp (delay=0 clock cycles(s))|
        |grp_montMult_words_3_1_Pipeline_VITIS_LOOP_88_6_fu_402   |montMult_words_3_1_Pipeline_VITIS_LOOP_88_6   |      162|      162|  1.620 us|  1.620 us|  161|  161|  loop auto-rewind stp (delay=0 clock cycles(s))|
        |grp_montMult_words_3_1_Pipeline_VITIS_LOOP_98_7_fu_411   |montMult_words_3_1_Pipeline_VITIS_LOOP_98_7   |       19|       19|  0.190 us|  0.190 us|   17|   17|  loop auto-rewind stp (delay=0 clock cycles(s))|
        |grp_montMult_words_3_1_Pipeline_VITIS_LOOP_107_8_fu_420  |montMult_words_3_1_Pipeline_VITIS_LOOP_107_8  |       18|       18|  0.180 us|  0.180 us|   17|   17|  loop auto-rewind stp (delay=0 clock cycles(s))|
        +---------------------------------------------------------+----------------------------------------------+---------+---------+----------+----------+-----+-----+------------------------------------------------+

        * Loop: 
        N/A



================================================================
== Utilization Estimates
================================================================
* Summary: 
+---------------------+---------+-------+---------+---------+------+
|         Name        | BRAM_18K|  DSP  |    FF   |   LUT   | URAM |
+---------------------+---------+-------+---------+---------+------+
|DSP                  |        -|      -|        -|        -|     -|
|Expression           |        -|      -|        0|      151|     -|
|FIFO                 |        -|      -|        -|        -|     -|
|Instance             |        -|      7|     2373|     4555|     -|
|Memory               |        0|      -|       64|       66|     0|
|Multiplexer          |        -|      -|        0|      845|     -|
|Register             |        -|      -|      806|        -|     -|
+---------------------+---------+-------+---------+---------+------+
|Total                |        0|      7|     3243|     5617|     0|
+---------------------+---------+-------+---------+---------+------+
|Available SLR        |     1344|   3072|   864000|   432000|   320|
+---------------------+---------+-------+---------+---------+------+
|Utilization SLR (%)  |        0|     ~0|       ~0|        1|     0|
+---------------------+---------+-------+---------+---------+------+
|Available            |     5376|  12288|  3456000|  1728000|  1280|
+---------------------+---------+-------+---------+---------+------+
|Utilization (%)      |        0|     ~0|       ~0|       ~0|     0|
+---------------------+---------+-------+---------+---------+------+

+ Detail: 
    * Instance: 
    +---------------------------------------------------------+----------------------------------------------+---------+----+------+------+-----+
    |                         Instance                        |                    Module                    | BRAM_18K| DSP|  FF  |  LUT | URAM|
    +---------------------------------------------------------+----------------------------------------------+---------+----+------+------+-----+
    |grp_montMult_words_3_1_Pipeline_VITIS_LOOP_107_8_fu_420  |montMult_words_3_1_Pipeline_VITIS_LOOP_107_8  |        0|   0|    13|   159|    0|
    |grp_montMult_words_3_1_Pipeline_VITIS_LOOP_28_1_fu_347   |montMult_words_3_1_Pipeline_VITIS_LOOP_28_1   |        0|   0|     7|    51|    0|
    |grp_montMult_words_3_1_Pipeline_VITIS_LOOP_33_2_fu_353   |montMult_words_3_1_Pipeline_VITIS_LOOP_33_2   |        0|   7|  2114|  3748|    0|
    |grp_montMult_words_3_1_Pipeline_VITIS_LOOP_88_6_fu_402   |montMult_words_3_1_Pipeline_VITIS_LOOP_88_6   |        0|   0|   183|   446|    0|
    |grp_montMult_words_3_1_Pipeline_VITIS_LOOP_98_7_fu_411   |montMult_words_3_1_Pipeline_VITIS_LOOP_98_7   |        0|   0|    56|   151|    0|
    +---------------------------------------------------------+----------------------------------------------+---------+----+------+------+-----+
    |Total                                                    |                                              |        0|   7|  2373|  4555|    0|
    +---------------------------------------------------------+----------------------------------------------+---------+----+------+------+-----+

    * DSP: 
    N/A

    * Memory: 
    +-------+--------------------------------------+---------+----+----+-----+------+-----+------+-------------+
    | Memory|                Module                | BRAM_18K| FF | LUT| URAM| Words| Bits| Banks| W*Bits*Banks|
    +-------+--------------------------------------+---------+----+----+-----+------+-----+------+-------------+
    |sub_U  |montMult_words_3_1_sub_RAM_AUTO_1R1W  |        0|  32|  33|    0|    16|   32|     1|          512|
    |t_U    |montMult_words_3_1_t_RAM_AUTO_1R1W    |        0|  32|  33|    0|    18|   32|     1|          576|
    +-------+--------------------------------------+---------+----+----+-----+------+-----+------+-------------+
    |Total  |                                      |        0|  64|  66|    0|    34|   64|     2|         1088|
    +-------+--------------------------------------+---------+----+----+-----+------+-----+------+-------------+

    * FIFO: 
    N/A

    * Expression: 
    +---------------------+----------+----+---+----+------------+------------+
    |    Variable Name    | Operation| DSP| FF| LUT| Bitwidth P0| Bitwidth P1|
    +---------------------+----------+----+---+----+------------+------------+
    |neg_fu_553_p2        |         +|   0|  0|  39|          32|           2|
    |mask_fu_546_p2       |         -|   0|  0|  39|           1|          32|
    |icmp_ln93_fu_520_p2  |      icmp|   0|  0|  39|          32|           1|
    |t_we0                |        or|   0|  0|   2|           1|           1|
    |ge_fu_539_p3         |    select|   0|  0|  32|           1|           1|
    +---------------------+----------+----+---+----+------------+------------+
    |Total                |          |   0|  0| 151|          67|          37|
    +---------------------+----------+----+---+----+------------+------------+

    * Multiplexer: 
    +-----------------------+-----+-----------+-----+-----------+
    |          Name         | LUT | Input Size| Bits| Total Bits|
    +-----------------------+-----+-----------+-----+-----------+
    |ap_NS_fsm              |  166|         37|    1|         37|
    |gmem_blk_n_AR          |    9|          2|    1|          2|
    |m_axi_gmem_0_ARADDR    |   26|          5|   64|        320|
    |m_axi_gmem_0_ARBURST   |   20|          4|    2|          8|
    |m_axi_gmem_0_ARCACHE   |   20|          4|    4|         16|
    |m_axi_gmem_0_ARID      |   20|          4|    1|          4|
    |m_axi_gmem_0_ARLEN     |   26|          5|   32|        160|
    |m_axi_gmem_0_ARLOCK    |   20|          4|    2|          8|
    |m_axi_gmem_0_ARPROT    |   20|          4|    3|         12|
    |m_axi_gmem_0_ARQOS     |   20|          4|    4|         16|
    |m_axi_gmem_0_ARREGION  |   20|          4|    4|         16|
    |m_axi_gmem_0_ARSIZE    |   20|          4|    3|         12|
    |m_axi_gmem_0_ARUSER    |   20|          4|    1|          4|
    |m_axi_gmem_0_ARVALID   |   26|          5|    1|          5|
    |m_axi_gmem_0_RREADY    |   20|          4|    1|          4|
    |sub_address0           |   14|          3|    4|         12|
    |sub_ce0                |   14|          3|    1|          3|
    |sub_we0                |    9|          2|    1|          2|
    |t_address0             |   26|          5|    5|         25|
    |t_address0_local       |   86|         18|    5|         90|
    |t_address1_local       |   91|         19|    5|         95|
    |t_ce0                  |   26|          5|    1|          5|
    |t_d0                   |    9|          2|   32|         64|
    |t_d0_local             |   54|         10|   32|        320|
    |t_d1_local             |   54|         10|   32|        320|
    |t_we0                  |    9|          2|    1|          2|
    +-----------------------+-----+-----------+-----+-----------+
    |Total                  |  845|        173|  243|       1562|
    +-----------------------+-----+-----------+-----+-----------+

    * Register: 
    +----------------------------------------------------------------------+----+----+-----+-----------+
    |                                 Name                                 | FF | LUT| Bits| Const Bits|
    +----------------------------------------------------------------------+----+----+-----+-----------+
    |ap_CS_fsm                                                             |  36|   0|   36|          0|
    |grp_montMult_words_3_1_Pipeline_VITIS_LOOP_107_8_fu_420_ap_start_reg  |   1|   0|    1|          0|
    |grp_montMult_words_3_1_Pipeline_VITIS_LOOP_28_1_fu_347_ap_start_reg   |   1|   0|    1|          0|
    |grp_montMult_words_3_1_Pipeline_VITIS_LOOP_33_2_fu_353_ap_start_reg   |   1|   0|    1|          0|
    |grp_montMult_words_3_1_Pipeline_VITIS_LOOP_88_6_fu_402_ap_start_reg   |   1|   0|    1|          0|
    |grp_montMult_words_3_1_Pipeline_VITIS_LOOP_98_7_fu_411_ap_start_reg   |   1|   0|    1|          0|
    |icmp_ln93_reg_886                                                     |   1|   0|    1|          0|
    |mask_reg_896                                                          |  32|   0|   32|          0|
    |neg_reg_901                                                           |  32|   0|   32|          0|
    |p_cast1_reg_869                                                       |  62|   0|   62|          0|
    |p_cast_reg_864                                                        |  62|   0|   62|          0|
    |t_load_10_reg_802                                                     |  32|   0|   32|          0|
    |t_load_11_reg_807                                                     |  32|   0|   32|          0|
    |t_load_12_reg_824                                                     |  32|   0|   32|          0|
    |t_load_13_reg_829                                                     |  32|   0|   32|          0|
    |t_load_14_reg_844                                                     |  32|   0|   32|          0|
    |t_load_15_reg_849                                                     |  32|   0|   32|          0|
    |t_load_16_reg_876                                                     |  32|   0|   32|          0|
    |t_load_17_reg_881                                                     |  32|   0|   32|          0|
    |t_load_1_reg_697                                                      |  32|   0|   32|          0|
    |t_load_2_reg_714                                                      |  32|   0|   32|          0|
    |t_load_3_reg_719                                                      |  32|   0|   32|          0|
    |t_load_4_reg_736                                                      |  32|   0|   32|          0|
    |t_load_5_reg_741                                                      |  32|   0|   32|          0|
    |t_load_6_reg_758                                                      |  32|   0|   32|          0|
    |t_load_7_reg_763                                                      |  32|   0|   32|          0|
    |t_load_8_reg_780                                                      |  32|   0|   32|          0|
    |t_load_9_reg_785                                                      |  32|   0|   32|          0|
    |t_load_reg_692                                                        |  32|   0|   32|          0|
    +----------------------------------------------------------------------+----+----+-----+-----------+
    |Total                                                                 | 806|   0|  806|          0|
    +----------------------------------------------------------------------+----+----+-----+-----------+



================================================================
== Interface
================================================================
* Summary: 
+-----------------------+-----+-----+------------+--------------------+--------------+
|       RTL Ports       | Dir | Bits|  Protocol  |    Source Object   |    C Type    |
+-----------------------+-----+-----+------------+--------------------+--------------+
|ap_clk                 |   in|    1|  ap_ctrl_hs|  montMult_words.3.1|  return value|
|ap_rst                 |   in|    1|  ap_ctrl_hs|  montMult_words.3.1|  return value|
|ap_start               |   in|    1|  ap_ctrl_hs|  montMult_words.3.1|  return value|
|ap_done                |  out|    1|  ap_ctrl_hs|  montMult_words.3.1|  return value|
|ap_idle                |  out|    1|  ap_ctrl_hs|  montMult_words.3.1|  return value|
|ap_ready               |  out|    1|  ap_ctrl_hs|  montMult_words.3.1|  return value|
|x_address0             |  out|    4|   ap_memory|                   x|         array|
|x_ce0                  |  out|    1|   ap_memory|                   x|         array|
|x_q0                   |   in|    1|   ap_memory|                   x|         array|
|m_axi_gmem_0_AWVALID   |  out|    1|       m_axi|                gmem|       pointer|
|m_axi_gmem_0_AWREADY   |   in|    1|       m_axi|                gmem|       pointer|
|m_axi_gmem_0_AWADDR    |  out|   64|       m_axi|                gmem|       pointer|
|m_axi_gmem_0_AWID      |  out|    1|       m_axi|                gmem|       pointer|
|m_axi_gmem_0_AWLEN     |  out|   32|       m_axi|                gmem|       pointer|
|m_axi_gmem_0_AWSIZE    |  out|    3|       m_axi|                gmem|       pointer|
|m_axi_gmem_0_AWBURST   |  out|    2|       m_axi|                gmem|       pointer|
|m_axi_gmem_0_AWLOCK    |  out|    2|       m_axi|                gmem|       pointer|
|m_axi_gmem_0_AWCACHE   |  out|    4|       m_axi|                gmem|       pointer|
|m_axi_gmem_0_AWPROT    |  out|    3|       m_axi|                gmem|       pointer|
|m_axi_gmem_0_AWQOS     |  out|    4|       m_axi|                gmem|       pointer|
|m_axi_gmem_0_AWREGION  |  out|    4|       m_axi|                gmem|       pointer|
|m_axi_gmem_0_AWUSER    |  out|    1|       m_axi|                gmem|       pointer|
|m_axi_gmem_0_WVALID    |  out|    1|       m_axi|                gmem|       pointer|
|m_axi_gmem_0_WREADY    |   in|    1|       m_axi|                gmem|       pointer|
|m_axi_gmem_0_WDATA     |  out|   32|       m_axi|                gmem|       pointer|
|m_axi_gmem_0_WSTRB     |  out|    4|       m_axi|                gmem|       pointer|
|m_axi_gmem_0_WLAST     |  out|    1|       m_axi|                gmem|       pointer|
|m_axi_gmem_0_WID       |  out|    1|       m_axi|                gmem|       pointer|
|m_axi_gmem_0_WUSER     |  out|    1|       m_axi|                gmem|       pointer|
|m_axi_gmem_0_ARVALID   |  out|    1|       m_axi|                gmem|       pointer|
|m_axi_gmem_0_ARREADY   |   in|    1|       m_axi|                gmem|       pointer|
|m_axi_gmem_0_ARADDR    |  out|   64|       m_axi|                gmem|       pointer|
|m_axi_gmem_0_ARID      |  out|    1|       m_axi|                gmem|       pointer|
|m_axi_gmem_0_ARLEN     |  out|   32|       m_axi|                gmem|       pointer|
|m_axi_gmem_0_ARSIZE    |  out|    3|       m_axi|                gmem|       pointer|
|m_axi_gmem_0_ARBURST   |  out|    2|       m_axi|                gmem|       pointer|
|m_axi_gmem_0_ARLOCK    |  out|    2|       m_axi|                gmem|       pointer|
|m_axi_gmem_0_ARCACHE   |  out|    4|       m_axi|                gmem|       pointer|
|m_axi_gmem_0_ARPROT    |  out|    3|       m_axi|                gmem|       pointer|
|m_axi_gmem_0_ARQOS     |  out|    4|       m_axi|                gmem|       pointer|
|m_axi_gmem_0_ARREGION  |  out|    4|       m_axi|                gmem|       pointer|
|m_axi_gmem_0_ARUSER    |  out|    1|       m_axi|                gmem|       pointer|
|m_axi_gmem_0_RVALID    |   in|    1|       m_axi|                gmem|       pointer|
|m_axi_gmem_0_RREADY    |  out|    1|       m_axi|                gmem|       pointer|
|m_axi_gmem_0_RDATA     |   in|   32|       m_axi|                gmem|       pointer|
|m_axi_gmem_0_RLAST     |   in|    1|       m_axi|                gmem|       pointer|
|m_axi_gmem_0_RID       |   in|    1|       m_axi|                gmem|       pointer|
|m_axi_gmem_0_RFIFONUM  |   in|    9|       m_axi|                gmem|       pointer|
|m_axi_gmem_0_RUSER     |   in|    1|       m_axi|                gmem|       pointer|
|m_axi_gmem_0_RRESP     |   in|    2|       m_axi|                gmem|       pointer|
|m_axi_gmem_0_BVALID    |   in|    1|       m_axi|                gmem|       pointer|
|m_axi_gmem_0_BREADY    |  out|    1|       m_axi|                gmem|       pointer|
|m_axi_gmem_0_BRESP     |   in|    2|       m_axi|                gmem|       pointer|
|m_axi_gmem_0_BID       |   in|    1|       m_axi|                gmem|       pointer|
|m_axi_gmem_0_BUSER     |   in|    1|       m_axi|                gmem|       pointer|
|y                      |   in|   64|     ap_none|                   y|        scalar|
|m                      |   in|   64|     ap_none|                   m|        scalar|
|mprime                 |   in|   32|     ap_none|              mprime|        scalar|
|out_r_address0         |  out|    4|   ap_memory|               out_r|         array|
|out_r_ce0              |  out|    1|   ap_memory|               out_r|         array|
|out_r_we0              |  out|    1|   ap_memory|               out_r|         array|
|out_r_d0               |  out|   32|   ap_memory|               out_r|         array|
+-----------------------+-----+-----+------------+--------------------+--------------+

