

================================================================
== Vitis HLS Report for 'EphemeralKeyGeneration_A_1_Pipeline_VITIS_LOOP_313_1208'
================================================================
* Date:           Thu Sep 10 17:44:58 2026

* Version:        2024.2.2 (Build 6049644 on Mar  5 2025)
* Project:        sikep503_hls_fixed
* Solution:       solution1 (Vivado IP Flow Target)
* Product family: virtexuplus58g
* Target device:  xcvu29p-fsga2577-2L-e


================================================================
== Performance Estimates
================================================================
+ Timing: 
    * Summary: 
    +--------+----------+----------+------------+
    |  Clock |  Target  | Estimated| Uncertainty|
    +--------+----------+----------+------------+
    |ap_clk  |  10.00 ns|  1.482 ns|     2.70 ns|
    +--------+----------+----------+------------+

+ Latency: 
    * Summary: 
    +---------+---------+----------+----------+-----+-----+------------------------------------------------+
    |  Latency (cycles) |  Latency (absolute) |  Interval |                    Pipeline                    |
    |   min   |   max   |    min   |    max   | min | max |                      Type                      |
    +---------+---------+----------+----------+-----+-----+------------------------------------------------+
    |       34|       34|  0.340 us|  0.340 us|   33|   33|  loop auto-rewind stp (delay=0 clock cycles(s))|
    +---------+---------+----------+----------+-----+-----+------------------------------------------------+

    + Detail: 
        * Instance: 
        N/A

        * Loop: 
        +--------------------+---------+---------+----------+-----------+-----------+------+----------+
        |                    |  Latency (cycles) | Iteration|  Initiation Interval  | Trip |          |
        |      Loop Name     |   min   |   max   |  Latency |  achieved |   target  | Count| Pipelined|
        +--------------------+---------+---------+----------+-----------+-----------+------+----------+
        |- VITIS_LOOP_313_1  |       32|       32|         4|          4|          1|     8|       yes|
        +--------------------+---------+---------+----------+-----------+-----------+------+----------+

============================================================
+ Verbose Summary: Synthesis Manager
============================================================
InlineROM: 1
ExposeGlobal: 0
============================================================
+ Verbose Summary: CDFG Model
============================================================
IsTopModel: 0
ResetActiveHigh: 1
IsCombinational: 0
IsDatapathOnly: 0
HasWiredReturn: 1
HasMFsm: 2
HasVarLatency: 1
IsPipeline: 0
IsRtlPipelined: 0
IsInstanceOverlapped: 0
IsDontTouch: 0
HasImplIP: 0
IsGatedGlobalClock: 0

+ Individual pipeline summary: 
  * Pipeline-0: initiation interval (II) = 4, depth = 4


============================================================
+ Verbose Summary: Schedule
============================================================
* Number of FSM states : 4
* Pipeline : 1
  Pipeline-0 : II = 4, D = 4, States = { 1 2 3 4 }
* Dataflow Pipeline: 0

* FSM state transitions: 
1 --> 2 
2 --> 3 
3 --> 4 
4 --> 

* FSM state operations: 

State 1 <SV = 0> <Delay = 1.48>
ST_1 : Operation 7 [1/1] (0.00ns)   --->   "%i = alloca i32 1" [src/ec_isogeny.cpp:311->src/sidh.cpp:162]   --->   Operation 7 'alloca' 'i' <Predicate = true> <Delay = 0.00>
ST_1 : Operation 8 [1/1] (0.00ns)   --->   "%zext_ln143_read = read i7 @_ssdm_op_Read.ap_auto.i7, i7 %zext_ln143"   --->   Operation 8 'read' 'zext_ln143_read' <Predicate = true> <Delay = 0.00>
ST_1 : Operation 9 [1/1] (0.00ns)   --->   "%index_4_read = read i32 @_ssdm_op_Read.ap_auto.i32, i32 %index_4"   --->   Operation 9 'read' 'index_4_read' <Predicate = true> <Delay = 0.00>
ST_1 : Operation 10 [1/1] (0.00ns)   --->   "%zext_ln143_cast = zext i7 %zext_ln143_read"   --->   Operation 10 'zext' 'zext_ln143_cast' <Predicate = true> <Delay = 0.00>
ST_1 : Operation 11 [1/1] (0.00ns)   --->   "%specmemcore_ln0 = specmemcore void @_ssdm_op_SpecMemCore, i64 %R_X, i64 666, i64 17, i64 18446744073709551615"   --->   Operation 11 'specmemcore' 'specmemcore_ln0' <Predicate = true> <Delay = 0.00>
ST_1 : Operation 12 [1/1] (0.00ns)   --->   "%specmemcore_ln0 = specmemcore void @_ssdm_op_SpecMemCore, i64 %R_Z, i64 666, i64 207, i64 18446744073709551615"   --->   Operation 12 'specmemcore' 'specmemcore_ln0' <Predicate = true> <Delay = 0.00>
ST_1 : Operation 13 [1/1] (0.00ns)   --->   "%specmemcore_ln0 = specmemcore void @_ssdm_op_SpecMemCore, i64 %R_next_Z_4, i64 666, i64 207, i64 18446744073709551615"   --->   Operation 13 'specmemcore' 'specmemcore_ln0' <Predicate = true> <Delay = 0.00>
ST_1 : Operation 14 [1/1] (0.00ns)   --->   "%specmemcore_ln0 = specmemcore void @_ssdm_op_SpecMemCore, i64 %R_next_Z, i64 666, i64 207, i64 18446744073709551615"   --->   Operation 14 'specmemcore' 'specmemcore_ln0' <Predicate = true> <Delay = 0.00>
ST_1 : Operation 15 [1/1] (0.00ns)   --->   "%specmemcore_ln0 = specmemcore void @_ssdm_op_SpecMemCore, i64 %R_next_X_4, i64 666, i64 207, i64 18446744073709551615"   --->   Operation 15 'specmemcore' 'specmemcore_ln0' <Predicate = true> <Delay = 0.00>
ST_1 : Operation 16 [1/1] (0.00ns)   --->   "%specmemcore_ln0 = specmemcore void @_ssdm_op_SpecMemCore, i64 %R_next_X, i64 666, i64 207, i64 18446744073709551615"   --->   Operation 16 'specmemcore' 'specmemcore_ln0' <Predicate = true> <Delay = 0.00>
ST_1 : Operation 17 [1/1] (0.88ns)   --->   "%icmp_ln151 = icmp_ult  i32 %index_4_read, i32 %zext_ln143_cast" [src/sidh.cpp:151]   --->   Operation 17 'icmp' 'icmp_ln151' <Predicate = true> <Delay = 0.88> <CoreInst = "Cmp">   --->   Core 9 'Cmp' <Latency = 0> <II = 1> <Delay = 0.88> <FuncUnit> <Opcode : 'seteq' 'setne' 'setle' 'setge' 'setlt' 'setgt'> <InPorts = 2> <OutPorts = 1>
ST_1 : Operation 18 [1/1] (0.38ns)   --->   "%store_ln311 = store i4 0, i4 %i" [src/ec_isogeny.cpp:311->src/sidh.cpp:162]   --->   Operation 18 'store' 'store_ln311' <Predicate = true> <Delay = 0.38>
ST_1 : Operation 19 [1/1] (0.00ns)   --->   "%br_ln313 = br void %for.inc.i7" [src/ec_isogeny.cpp:313->src/sidh.cpp:162]   --->   Operation 19 'br' 'br_ln313' <Predicate = true> <Delay = 0.00>
ST_1 : Operation 20 [1/1] (0.00ns)   --->   "%i_268 = load i4 %i" [src/ec_isogeny.cpp:316->src/sidh.cpp:162]   --->   Operation 20 'load' 'i_268' <Predicate = true> <Delay = 0.00>
ST_1 : Operation 21 [1/1] (0.70ns)   --->   "%icmp_ln313 = icmp_eq  i4 %i_268, i4 8" [src/ec_isogeny.cpp:313->src/sidh.cpp:162]   --->   Operation 21 'icmp' 'icmp_ln313' <Predicate = true> <Delay = 0.70> <CoreInst = "Cmp">   --->   Core 9 'Cmp' <Latency = 0> <II = 1> <Delay = 0.70> <FuncUnit> <Opcode : 'seteq' 'setne' 'setle' 'setge' 'setlt' 'setgt'> <InPorts = 2> <OutPorts = 1>
ST_1 : Operation 22 [1/1] (0.70ns)   --->   "%add_ln313 = add i4 %i_268, i4 1" [src/ec_isogeny.cpp:313->src/sidh.cpp:162]   --->   Operation 22 'add' 'add_ln313' <Predicate = true> <Delay = 0.70> <CoreInst = "Adder">   --->   Core 1 'Adder' <Latency = 0> <II = 1> <Delay = 0.70> <FuncUnit> <Opcode : 'add' 'sub'> <InPorts = 2> <OutPorts = 1>
ST_1 : Operation 23 [1/1] (0.00ns)   --->   "%br_ln313 = br i1 %icmp_ln313, void %for.inc.split.i25, void %select_point.23.region_end.exitStub" [src/ec_isogeny.cpp:313->src/sidh.cpp:162]   --->   Operation 23 'br' 'br_ln313' <Predicate = true> <Delay = 0.00>
ST_1 : Operation 24 [1/1] (0.00ns)   --->   "%zext_ln313 = zext i4 %i_268" [src/ec_isogeny.cpp:313->src/sidh.cpp:162]   --->   Operation 24 'zext' 'zext_ln313' <Predicate = (!icmp_ln313)> <Delay = 0.00>
ST_1 : Operation 25 [1/1] (0.00ns)   --->   "%R_next_X_addr = getelementptr i64 %R_next_X, i64 0, i64 %zext_ln313" [src/ec_isogeny.cpp:315->src/sidh.cpp:162]   --->   Operation 25 'getelementptr' 'R_next_X_addr' <Predicate = (!icmp_ln313 & icmp_ln151)> <Delay = 0.00>
ST_1 : Operation 26 [1/1] (0.00ns)   --->   "%R_next_X_4_addr = getelementptr i64 %R_next_X_4, i64 0, i64 %zext_ln313" [src/ec_isogeny.cpp:316->src/sidh.cpp:162]   --->   Operation 26 'getelementptr' 'R_next_X_4_addr' <Predicate = (!icmp_ln313 & icmp_ln151)> <Delay = 0.00>
ST_1 : Operation 27 [1/1] (0.00ns)   --->   "%R_next_Z_addr = getelementptr i64 %R_next_Z, i64 0, i64 %zext_ln313" [src/ec_isogeny.cpp:317->src/sidh.cpp:162]   --->   Operation 27 'getelementptr' 'R_next_Z_addr' <Predicate = (!icmp_ln313 & icmp_ln151)> <Delay = 0.00>
ST_1 : Operation 28 [1/1] (0.00ns)   --->   "%R_next_Z_4_addr = getelementptr i64 %R_next_Z_4, i64 0, i64 %zext_ln313" [src/ec_isogeny.cpp:318->src/sidh.cpp:162]   --->   Operation 28 'getelementptr' 'R_next_Z_4_addr' <Predicate = (!icmp_ln313 & icmp_ln151)> <Delay = 0.00>
ST_1 : Operation 29 [2/2] (0.71ns)   --->   "%R_next_X_load = load i3 %R_next_X_addr" [src/ec_isogeny.cpp:315->src/sidh.cpp:162]   --->   Operation 29 'load' 'R_next_X_load' <Predicate = (!icmp_ln313 & icmp_ln151)> <Delay = 0.71> <CoreInst = "RAM_1P">   --->   Core 87 'RAM_1P' <Latency = 1> <II = 1> <Delay = 0.71> <Storage> <Opcode : 'load' 'store'> <Ports = 1> <Width = 64> <Depth = 8> <RAM>
ST_1 : Operation 30 [1/1] (0.00ns)   --->   "%R_X_addr = getelementptr i64 %R_X, i64 0, i64 %zext_ln313" [src/ec_isogeny.cpp:315->src/sidh.cpp:162]   --->   Operation 30 'getelementptr' 'R_X_addr' <Predicate = (!icmp_ln313)> <Delay = 0.00>
ST_1 : Operation 31 [2/2] (0.71ns)   --->   "%R_X_load = load i4 %R_X_addr" [src/ec_isogeny.cpp:315->src/sidh.cpp:162]   --->   Operation 31 'load' 'R_X_load' <Predicate = (!icmp_ln313 & !icmp_ln151)> <Delay = 0.71> <CoreInst = "RAM_1P">   --->   Core 87 'RAM_1P' <Latency = 1> <II = 1> <Delay = 0.71> <Storage> <Opcode : 'load' 'store'> <Ports = 1> <Width = 64> <Depth = 16> <RAM>
ST_1 : Operation 32 [2/2] (0.71ns)   --->   "%R_next_X_4_load = load i3 %R_next_X_4_addr" [src/ec_isogeny.cpp:316->src/sidh.cpp:162]   --->   Operation 32 'load' 'R_next_X_4_load' <Predicate = (!icmp_ln313 & icmp_ln151)> <Delay = 0.71> <CoreInst = "RAM_1P">   --->   Core 87 'RAM_1P' <Latency = 1> <II = 1> <Delay = 0.71> <Storage> <Opcode : 'load' 'store'> <Ports = 1> <Width = 64> <Depth = 8> <RAM>
ST_1 : Operation 33 [1/1] (0.00ns)   --->   "%trunc_ln316 = trunc i4 %i_268" [src/ec_isogeny.cpp:316->src/sidh.cpp:162]   --->   Operation 33 'trunc' 'trunc_ln316' <Predicate = (!icmp_ln313)> <Delay = 0.00>
ST_1 : Operation 34 [2/2] (0.71ns)   --->   "%R_next_Z_load = load i3 %R_next_Z_addr" [src/ec_isogeny.cpp:317->src/sidh.cpp:162]   --->   Operation 34 'load' 'R_next_Z_load' <Predicate = (!icmp_ln313 & icmp_ln151)> <Delay = 0.71> <CoreInst = "RAM_1P">   --->   Core 87 'RAM_1P' <Latency = 1> <II = 1> <Delay = 0.71> <Storage> <Opcode : 'load' 'store'> <Ports = 1> <Width = 64> <Depth = 8> <RAM>
ST_1 : Operation 35 [2/2] (0.71ns)   --->   "%R_next_Z_4_load = load i3 %R_next_Z_4_addr" [src/ec_isogeny.cpp:318->src/sidh.cpp:162]   --->   Operation 35 'load' 'R_next_Z_4_load' <Predicate = (!icmp_ln313 & icmp_ln151)> <Delay = 0.71> <CoreInst = "RAM_1P">   --->   Core 87 'RAM_1P' <Latency = 1> <II = 1> <Delay = 0.71> <Storage> <Opcode : 'load' 'store'> <Ports = 1> <Width = 64> <Depth = 8> <RAM>
ST_1 : Operation 36 [1/1] (0.00ns)   --->   "%R_Z_addr = getelementptr i64 %R_Z, i64 0, i64 %zext_ln313" [src/ec_isogeny.cpp:317->src/sidh.cpp:162]   --->   Operation 36 'getelementptr' 'R_Z_addr' <Predicate = (!icmp_ln313)> <Delay = 0.00>
ST_1 : Operation 37 [2/2] (0.71ns)   --->   "%R_Z_load = load i4 %R_Z_addr" [src/ec_isogeny.cpp:317->src/sidh.cpp:162]   --->   Operation 37 'load' 'R_Z_load' <Predicate = (!icmp_ln313 & !icmp_ln151)> <Delay = 0.71> <CoreInst = "RAM_1P">   --->   Core 87 'RAM_1P' <Latency = 1> <II = 1> <Delay = 0.71> <Storage> <Opcode : 'load' 'store'> <Ports = 1> <Width = 64> <Depth = 16> <RAM>
ST_1 : Operation 38 [1/1] (0.38ns)   --->   "%store_ln311 = store i4 %add_ln313, i4 %i" [src/ec_isogeny.cpp:311->src/sidh.cpp:162]   --->   Operation 38 'store' 'store_ln311' <Predicate = (!icmp_ln313)> <Delay = 0.38>
ST_1 : Operation 65 [1/1] (0.38ns)   --->   "%ret_ln0 = ret"   --->   Operation 65 'ret' 'ret_ln0' <Predicate = (icmp_ln313)> <Delay = 0.38>

State 2 <SV = 1> <Delay = 1.12>
ST_2 : Operation 39 [1/2] ( I:0.71ns O:0.71ns )   --->   "%R_next_X_load = load i3 %R_next_X_addr" [src/ec_isogeny.cpp:315->src/sidh.cpp:162]   --->   Operation 39 'load' 'R_next_X_load' <Predicate = (icmp_ln151)> <Delay = 0.71> <CoreInst = "RAM_1P">   --->   Core 87 'RAM_1P' <Latency = 1> <II = 1> <Delay = 0.71> <Storage> <Opcode : 'load' 'store'> <Ports = 1> <Width = 64> <Depth = 8> <RAM>
ST_2 : Operation 40 [1/2] ( I:0.71ns O:0.71ns )   --->   "%R_X_load = load i4 %R_X_addr" [src/ec_isogeny.cpp:315->src/sidh.cpp:162]   --->   Operation 40 'load' 'R_X_load' <Predicate = (!icmp_ln151)> <Delay = 0.71> <CoreInst = "RAM_1P">   --->   Core 87 'RAM_1P' <Latency = 1> <II = 1> <Delay = 0.71> <Storage> <Opcode : 'load' 'store'> <Ports = 1> <Width = 64> <Depth = 16> <RAM>
ST_2 : Operation 41 [1/1] (0.41ns)   --->   "%select_ln315 = select i1 %icmp_ln151, i64 %R_next_X_load, i64 %R_X_load" [src/ec_isogeny.cpp:315->src/sidh.cpp:162]   --->   Operation 41 'select' 'select_ln315' <Predicate = true> <Delay = 0.41> <CoreInst = "Sel">   --->   Core 73 'Sel' <Latency = 0> <II = 1> <Delay = 0.41> <FuncUnit> <Opcode : 'select'> <InPorts = 3> <OutPorts = 1>
ST_2 : Operation 42 [1/2] ( I:0.71ns O:0.71ns )   --->   "%R_next_X_4_load = load i3 %R_next_X_4_addr" [src/ec_isogeny.cpp:316->src/sidh.cpp:162]   --->   Operation 42 'load' 'R_next_X_4_load' <Predicate = (icmp_ln151)> <Delay = 0.71> <CoreInst = "RAM_1P">   --->   Core 87 'RAM_1P' <Latency = 1> <II = 1> <Delay = 0.71> <Storage> <Opcode : 'load' 'store'> <Ports = 1> <Width = 64> <Depth = 8> <RAM>
ST_2 : Operation 43 [1/2] ( I:0.71ns O:0.71ns )   --->   "%R_next_Z_load = load i3 %R_next_Z_addr" [src/ec_isogeny.cpp:317->src/sidh.cpp:162]   --->   Operation 43 'load' 'R_next_Z_load' <Predicate = (icmp_ln151)> <Delay = 0.71> <CoreInst = "RAM_1P">   --->   Core 87 'RAM_1P' <Latency = 1> <II = 1> <Delay = 0.71> <Storage> <Opcode : 'load' 'store'> <Ports = 1> <Width = 64> <Depth = 8> <RAM>
ST_2 : Operation 44 [1/2] ( I:0.71ns O:0.71ns )   --->   "%R_next_Z_4_load = load i3 %R_next_Z_4_addr" [src/ec_isogeny.cpp:318->src/sidh.cpp:162]   --->   Operation 44 'load' 'R_next_Z_4_load' <Predicate = (icmp_ln151)> <Delay = 0.71> <CoreInst = "RAM_1P">   --->   Core 87 'RAM_1P' <Latency = 1> <II = 1> <Delay = 0.71> <Storage> <Opcode : 'load' 'store'> <Ports = 1> <Width = 64> <Depth = 8> <RAM>
ST_2 : Operation 45 [1/1] (0.00ns)   --->   "%zext_ln = bitconcatenate i4 @_ssdm_op_BitConcatenate.i4.i1.i3, i1 1, i3 %trunc_ln316" [src/ec_isogeny.cpp:316->src/sidh.cpp:162]   --->   Operation 45 'bitconcatenate' 'zext_ln' <Predicate = true> <Delay = 0.00>
ST_2 : Operation 46 [1/1] (0.00ns)   --->   "%zext_ln316 = zext i4 %zext_ln" [src/ec_isogeny.cpp:316->src/sidh.cpp:162]   --->   Operation 46 'zext' 'zext_ln316' <Predicate = true> <Delay = 0.00>
ST_2 : Operation 47 [1/1] (0.00ns)   --->   "%R_X_addr_7 = getelementptr i64 %R_X, i64 0, i64 %zext_ln316" [src/ec_isogeny.cpp:316->src/sidh.cpp:162]   --->   Operation 47 'getelementptr' 'R_X_addr_7' <Predicate = true> <Delay = 0.00>
ST_2 : Operation 48 [2/2] (0.71ns)   --->   "%R_X_load_7 = load i4 %R_X_addr_7" [src/ec_isogeny.cpp:316->src/sidh.cpp:162]   --->   Operation 48 'load' 'R_X_load_7' <Predicate = (!icmp_ln151)> <Delay = 0.71> <CoreInst = "RAM_1P">   --->   Core 87 'RAM_1P' <Latency = 1> <II = 1> <Delay = 0.71> <Storage> <Opcode : 'load' 'store'> <Ports = 1> <Width = 64> <Depth = 16> <RAM>
ST_2 : Operation 49 [1/2] ( I:0.71ns O:0.71ns )   --->   "%R_Z_load = load i4 %R_Z_addr" [src/ec_isogeny.cpp:317->src/sidh.cpp:162]   --->   Operation 49 'load' 'R_Z_load' <Predicate = (!icmp_ln151)> <Delay = 0.71> <CoreInst = "RAM_1P">   --->   Core 87 'RAM_1P' <Latency = 1> <II = 1> <Delay = 0.71> <Storage> <Opcode : 'load' 'store'> <Ports = 1> <Width = 64> <Depth = 16> <RAM>
ST_2 : Operation 50 [1/1] (0.41ns)   --->   "%select_ln317 = select i1 %icmp_ln151, i64 %R_next_Z_load, i64 %R_Z_load" [src/ec_isogeny.cpp:317->src/sidh.cpp:162]   --->   Operation 50 'select' 'select_ln317' <Predicate = true> <Delay = 0.41> <CoreInst = "Sel">   --->   Core 73 'Sel' <Latency = 0> <II = 1> <Delay = 0.41> <FuncUnit> <Opcode : 'select'> <InPorts = 3> <OutPorts = 1>
ST_2 : Operation 51 [1/1] (0.00ns)   --->   "%R_Z_addr_6 = getelementptr i64 %R_Z, i64 0, i64 %zext_ln316" [src/ec_isogeny.cpp:318->src/sidh.cpp:162]   --->   Operation 51 'getelementptr' 'R_Z_addr_6' <Predicate = true> <Delay = 0.00>
ST_2 : Operation 52 [2/2] (0.71ns)   --->   "%R_Z_load_6 = load i4 %R_Z_addr_6" [src/ec_isogeny.cpp:318->src/sidh.cpp:162]   --->   Operation 52 'load' 'R_Z_load_6' <Predicate = (!icmp_ln151)> <Delay = 0.71> <CoreInst = "RAM_1P">   --->   Core 87 'RAM_1P' <Latency = 1> <II = 1> <Delay = 0.71> <Storage> <Opcode : 'load' 'store'> <Ports = 1> <Width = 64> <Depth = 16> <RAM>

State 3 <SV = 2> <Delay = 1.12>
ST_3 : Operation 53 [1/2] ( I:0.71ns O:0.71ns )   --->   "%R_X_load_7 = load i4 %R_X_addr_7" [src/ec_isogeny.cpp:316->src/sidh.cpp:162]   --->   Operation 53 'load' 'R_X_load_7' <Predicate = (!icmp_ln151)> <Delay = 0.71> <CoreInst = "RAM_1P">   --->   Core 87 'RAM_1P' <Latency = 1> <II = 1> <Delay = 0.71> <Storage> <Opcode : 'load' 'store'> <Ports = 1> <Width = 64> <Depth = 16> <RAM>
ST_3 : Operation 54 [1/1] (0.41ns)   --->   "%select_ln316 = select i1 %icmp_ln151, i64 %R_next_X_4_load, i64 %R_X_load_7" [src/ec_isogeny.cpp:316->src/sidh.cpp:162]   --->   Operation 54 'select' 'select_ln316' <Predicate = true> <Delay = 0.41> <CoreInst = "Sel">   --->   Core 73 'Sel' <Latency = 0> <II = 1> <Delay = 0.41> <FuncUnit> <Opcode : 'select'> <InPorts = 3> <OutPorts = 1>
ST_3 : Operation 55 [1/1] ( I:0.71ns O:0.71ns )   --->   "%store_ln315 = store i64 %select_ln315, i4 %R_X_addr" [src/ec_isogeny.cpp:315->src/sidh.cpp:162]   --->   Operation 55 'store' 'store_ln315' <Predicate = true> <Delay = 0.71> <CoreInst = "RAM_1P">   --->   Core 87 'RAM_1P' <Latency = 1> <II = 1> <Delay = 0.71> <Storage> <Opcode : 'load' 'store'> <Ports = 1> <Width = 64> <Depth = 16> <RAM>
ST_3 : Operation 56 [1/2] ( I:0.71ns O:0.71ns )   --->   "%R_Z_load_6 = load i4 %R_Z_addr_6" [src/ec_isogeny.cpp:318->src/sidh.cpp:162]   --->   Operation 56 'load' 'R_Z_load_6' <Predicate = (!icmp_ln151)> <Delay = 0.71> <CoreInst = "RAM_1P">   --->   Core 87 'RAM_1P' <Latency = 1> <II = 1> <Delay = 0.71> <Storage> <Opcode : 'load' 'store'> <Ports = 1> <Width = 64> <Depth = 16> <RAM>
ST_3 : Operation 57 [1/1] (0.41ns)   --->   "%select_ln318 = select i1 %icmp_ln151, i64 %R_next_Z_4_load, i64 %R_Z_load_6" [src/ec_isogeny.cpp:318->src/sidh.cpp:162]   --->   Operation 57 'select' 'select_ln318' <Predicate = true> <Delay = 0.41> <CoreInst = "Sel">   --->   Core 73 'Sel' <Latency = 0> <II = 1> <Delay = 0.41> <FuncUnit> <Opcode : 'select'> <InPorts = 3> <OutPorts = 1>
ST_3 : Operation 58 [1/1] ( I:0.71ns O:0.71ns )   --->   "%store_ln317 = store i64 %select_ln317, i4 %R_Z_addr" [src/ec_isogeny.cpp:317->src/sidh.cpp:162]   --->   Operation 58 'store' 'store_ln317' <Predicate = true> <Delay = 0.71> <CoreInst = "RAM_1P">   --->   Core 87 'RAM_1P' <Latency = 1> <II = 1> <Delay = 0.71> <Storage> <Opcode : 'load' 'store'> <Ports = 1> <Width = 64> <Depth = 16> <RAM>

State 4 <SV = 3> <Delay = 0.71>
ST_4 : Operation 59 [1/1] (0.00ns)   --->   "%specpipeline_ln311 = specpipeline void @_ssdm_op_SpecPipeline, i32 4294967295, i32 0, i32 0, i32 0, void @empty_60" [src/ec_isogeny.cpp:311->src/sidh.cpp:162]   --->   Operation 59 'specpipeline' 'specpipeline_ln311' <Predicate = true> <Delay = 0.00>
ST_4 : Operation 60 [1/1] (0.00ns)   --->   "%speclooptripcount_ln311 = speclooptripcount void @_ssdm_op_SpecLoopTripCount, i64 8, i64 8, i64 8" [src/ec_isogeny.cpp:311->src/sidh.cpp:162]   --->   Operation 60 'speclooptripcount' 'speclooptripcount_ln311' <Predicate = true> <Delay = 0.00>
ST_4 : Operation 61 [1/1] (0.00ns)   --->   "%specloopname_ln313 = specloopname void @_ssdm_op_SpecLoopName, void @empty_89" [src/ec_isogeny.cpp:313->src/sidh.cpp:162]   --->   Operation 61 'specloopname' 'specloopname_ln313' <Predicate = true> <Delay = 0.00>
ST_4 : Operation 62 [1/1] ( I:0.71ns O:0.71ns )   --->   "%store_ln316 = store i64 %select_ln316, i4 %R_X_addr_7" [src/ec_isogeny.cpp:316->src/sidh.cpp:162]   --->   Operation 62 'store' 'store_ln316' <Predicate = true> <Delay = 0.71> <CoreInst = "RAM_1P">   --->   Core 87 'RAM_1P' <Latency = 1> <II = 1> <Delay = 0.71> <Storage> <Opcode : 'load' 'store'> <Ports = 1> <Width = 64> <Depth = 16> <RAM>
ST_4 : Operation 63 [1/1] ( I:0.71ns O:0.71ns )   --->   "%store_ln318 = store i64 %select_ln318, i4 %R_Z_addr_6" [src/ec_isogeny.cpp:318->src/sidh.cpp:162]   --->   Operation 63 'store' 'store_ln318' <Predicate = true> <Delay = 0.71> <CoreInst = "RAM_1P">   --->   Core 87 'RAM_1P' <Latency = 1> <II = 1> <Delay = 0.71> <Storage> <Opcode : 'load' 'store'> <Ports = 1> <Width = 64> <Depth = 16> <RAM>
ST_4 : Operation 64 [1/1] (0.00ns)   --->   "%br_ln313 = br void %for.inc.i7" [src/ec_isogeny.cpp:313->src/sidh.cpp:162]   --->   Operation 64 'br' 'br_ln313' <Predicate = true> <Delay = 0.00>


============================================================
+ Verbose Summary: Timing violations
============================================================
Target clock period: 10.000ns, clock uncertainty: 2.700ns.

 <State 1>: 1.482ns
The critical path consists of the following:
	'store' operation 0 bit ('store_ln311', src/ec_isogeny.cpp:311->src/sidh.cpp:162) of constant 0 on local variable 'i', src/ec_isogeny.cpp:311->src/sidh.cpp:162 [20]  (0.387 ns)
	'load' operation 4 bit ('i', src/ec_isogeny.cpp:316->src/sidh.cpp:162) on local variable 'i', src/ec_isogeny.cpp:311->src/sidh.cpp:162 [23]  (0.000 ns)
	'add' operation 4 bit ('add_ln313', src/ec_isogeny.cpp:313->src/sidh.cpp:162) [25]  (0.708 ns)
	'store' operation 0 bit ('store_ln311', src/ec_isogeny.cpp:311->src/sidh.cpp:162) of variable 'add_ln313', src/ec_isogeny.cpp:313->src/sidh.cpp:162 on local variable 'i', src/ec_isogeny.cpp:311->src/sidh.cpp:162 [59]  (0.387 ns)

 <State 2>: 1.125ns
The critical path consists of the following:
	'load' operation 64 bit ('R_next_X_load', src/ec_isogeny.cpp:315->src/sidh.cpp:162) on array 'R_next_X' [36]  (0.714 ns)
	'select' operation 64 bit ('select_ln315', src/ec_isogeny.cpp:315->src/sidh.cpp:162) [39]  (0.411 ns)

 <State 3>: 1.125ns
The critical path consists of the following:
	'load' operation 64 bit ('R_X_load_7', src/ec_isogeny.cpp:316->src/sidh.cpp:162) on array 'R_X' [47]  (0.714 ns)
	'select' operation 64 bit ('select_ln316', src/ec_isogeny.cpp:316->src/sidh.cpp:162) [48]  (0.411 ns)

 <State 4>: 0.714ns
The critical path consists of the following:
	'store' operation 0 bit ('store_ln316', src/ec_isogeny.cpp:316->src/sidh.cpp:162) of variable 'select_ln316', src/ec_isogeny.cpp:316->src/sidh.cpp:162 on array 'R_X' [50]  (0.714 ns)


============================================================
+ Verbose Summary: Binding
============================================================
N/A
* FSMD analyzer results:
  - Output states:
 - Input state : 
  - Chain level:
	State 1
	State 2
	State 3
	State 4


============================================================
+ Verbose Summary: Datapath Resource usage 
============================================================
N/A
