

================================================================
== Vitis HLS Report for 'mul_sized_4u_s'
================================================================
* Date:           Thu Jun 25 13:36:55 2026

* Version:        2024.2.2 (Build 6049644 on Mar  5 2025)
* Project:        proj_kara_base4
* Solution:       solution1 (Vivado IP Flow Target)
* Product family: virtexuplus
* Target device:  xcvu9p-flga2104-2-i


================================================================
== Performance Estimates
================================================================
+ Timing: 
    * Summary: 
    +--------+----------+----------+------------+
    |  Clock |  Target  | Estimated| Uncertainty|
    +--------+----------+----------+------------+
    |ap_clk  |  10.00 ns|  5.545 ns|     2.70 ns|
    +--------+----------+----------+------------+

+ Latency: 
    * Summary: 
    +---------+---------+----------+----------+-----+-----+---------+
    |  Latency (cycles) |  Latency (absolute) |  Interval | Pipeline|
    |   min   |   max   |    min   |    max   | min | max |   Type  |
    +---------+---------+----------+----------+-----+-----+---------+
    |       20|       20|  0.200 us|  0.200 us|   20|   20|       no|
    +---------+---------+----------+----------+-----+-----+---------+

    + Detail: 
        * Instance: 
        +--------------------------------------------------+----------------------------------------+---------+---------+-----------+-----------+-----+-----+------------------------------------------------+
        |                                                  |                                        |  Latency (cycles) |   Latency (absolute)  |  Interval |                    Pipeline                    |
        |                     Instance                     |                 Module                 |   min   |   max   |    min    |    max    | min | max |                      Type                      |
        +--------------------------------------------------+----------------------------------------+---------+---------+-----------+-----------+-----+-----+------------------------------------------------+
        |grp_mul_sized_4u_Pipeline_VITIS_LOOP_110_1_fu_20  |mul_sized_4u_Pipeline_VITIS_LOOP_110_1  |        6|        6|  60.000 ns|  60.000 ns|    5|    5|  loop auto-rewind stp (delay=0 clock cycles(s))|
        |grp_mul_sized_4u_Pipeline_VITIS_LOOP_117_2_fu_30  |mul_sized_4u_Pipeline_VITIS_LOOP_117_2  |       10|       10|   0.100 us|   0.100 us|    9|    9|  loop auto-rewind stp (delay=0 clock cycles(s))|
        +--------------------------------------------------+----------------------------------------+---------+---------+-----------+-----------+-----+-----+------------------------------------------------+

        * Loop: 
        N/A



================================================================
== Utilization Estimates
================================================================
* Summary: 
+---------------------+---------+------+---------+---------+-----+
|         Name        | BRAM_18K|  DSP |    FF   |   LUT   | URAM|
+---------------------+---------+------+---------+---------+-----+
|DSP                  |        -|     -|        -|        -|    -|
|Expression           |        -|     -|        -|        -|    -|
|FIFO                 |        -|     -|        -|        -|    -|
|Instance             |        -|   225|      887|     2856|    -|
|Memory               |        -|     -|        -|        -|    -|
|Multiplexer          |        -|     -|        0|       31|    -|
|Register             |        -|     -|      519|        -|    -|
+---------------------+---------+------+---------+---------+-----+
|Total                |        0|   225|     1406|     2887|    0|
+---------------------+---------+------+---------+---------+-----+
|Available SLR        |     1440|  2280|   788160|   394080|  320|
+---------------------+---------+------+---------+---------+-----+
|Utilization SLR (%)  |        0|     9|       ~0|       ~0|    0|
+---------------------+---------+------+---------+---------+-----+
|Available            |     4320|  6840|  2364480|  1182240|  960|
+---------------------+---------+------+---------+---------+-----+
|Utilization (%)      |        0|     3|       ~0|       ~0|    0|
+---------------------+---------+------+---------+---------+-----+

+ Detail: 
    * Instance: 
    +--------------------------------------------------+----------------------------------------+---------+-----+-----+------+-----+
    |                     Instance                     |                 Module                 | BRAM_18K| DSP |  FF |  LUT | URAM|
    +--------------------------------------------------+----------------------------------------+---------+-----+-----+------+-----+
    |mul_256ns_256ns_512_2_1_U21                       |mul_256ns_256ns_512_2_1                 |        0|  225|  361|   178|    0|
    |grp_mul_sized_4u_Pipeline_VITIS_LOOP_110_1_fu_20  |mul_sized_4u_Pipeline_VITIS_LOOP_110_1  |        0|    0|  520|  2490|    0|
    |grp_mul_sized_4u_Pipeline_VITIS_LOOP_117_2_fu_30  |mul_sized_4u_Pipeline_VITIS_LOOP_117_2  |        0|    0|    6|   188|    0|
    +--------------------------------------------------+----------------------------------------+---------+-----+-----+------+-----+
    |Total                                             |                                        |        0|  225|  887|  2856|    0|
    +--------------------------------------------------+----------------------------------------+---------+-----+-----+------+-----+

    * DSP: 
    N/A

    * Memory: 
    N/A

    * FIFO: 
    N/A

    * Expression: 
    N/A

    * Multiplexer: 
    +-----------+----+-----------+-----+-----------+
    |    Name   | LUT| Input Size| Bits| Total Bits|
    +-----------+----+-----------+-----+-----------+
    |ap_NS_fsm  |  31|          6|    1|          6|
    +-----------+----+-----------+-----+-----------+
    |Total      |  31|          6|    1|          6|
    +-----------+----+-----------+-----+-----------+

    * Register: 
    +---------------------------------------------------------------+-----+----+-----+-----------+
    |                              Name                             |  FF | LUT| Bits| Const Bits|
    +---------------------------------------------------------------+-----+----+-----+-----------+
    |P_reg_80                                                       |  512|   0|  512|          0|
    |ap_CS_fsm                                                      |    5|   0|    5|          0|
    |grp_mul_sized_4u_Pipeline_VITIS_LOOP_110_1_fu_20_ap_start_reg  |    1|   0|    1|          0|
    |grp_mul_sized_4u_Pipeline_VITIS_LOOP_117_2_fu_30_ap_start_reg  |    1|   0|    1|          0|
    +---------------------------------------------------------------+-----+----+-----+-----------+
    |Total                                                          |  519|   0|  519|          0|
    +---------------------------------------------------------------+-----+----+-----+-----------+



================================================================
== Interface
================================================================
* Summary: 
+------------+-----+-----+------------+---------------+--------------+
|  RTL Ports | Dir | Bits|  Protocol  | Source Object |    C Type    |
+------------+-----+-----+------------+---------------+--------------+
|ap_clk      |   in|    1|  ap_ctrl_hs|  mul_sized<4u>|  return value|
|ap_rst      |   in|    1|  ap_ctrl_hs|  mul_sized<4u>|  return value|
|ap_start    |   in|    1|  ap_ctrl_hs|  mul_sized<4u>|  return value|
|ap_done     |  out|    1|  ap_ctrl_hs|  mul_sized<4u>|  return value|
|ap_idle     |  out|    1|  ap_ctrl_hs|  mul_sized<4u>|  return value|
|ap_ready    |  out|    1|  ap_ctrl_hs|  mul_sized<4u>|  return value|
|a_address0  |  out|    3|   ap_memory|              a|         array|
|a_ce0       |  out|    1|   ap_memory|              a|         array|
|a_q0        |   in|   64|   ap_memory|              a|         array|
|b_address0  |  out|    3|   ap_memory|              b|         array|
|b_ce0       |  out|    1|   ap_memory|              b|         array|
|b_q0        |   in|   64|   ap_memory|              b|         array|
|c_address0  |  out|    4|   ap_memory|              c|         array|
|c_ce0       |  out|    1|   ap_memory|              c|         array|
|c_we0       |  out|    1|   ap_memory|              c|         array|
|c_d0        |  out|   64|   ap_memory|              c|         array|
+------------+-----+-----+------------+---------------+--------------+

