

================================================================
== Vitis HLS Report for 'rsa_modexp_hw_Pipeline_VITIS_LOOP_43_3'
================================================================
* Date:           Tue Sep 15 18:23:52 2026

* Version:        2024.2.2 (Build 6049644 on Mar  5 2025)
* Project:        rsa_modexp_hls_converted_flat
* Solution:       solution1 (Vivado IP Flow Target)
* Product family: virtexuplus58g
* Target device:  xcvu29p-fsga2577-2L-e


================================================================
== Performance Estimates
================================================================
+ Timing: 
    * Summary: 
    +--------+----------+----------+------------+
    |  Clock |  Target  | Estimated| Uncertainty|
    +--------+----------+----------+------------+
    |ap_clk  |  10.00 ns|  7.300 ns|     2.70 ns|
    +--------+----------+----------+------------+

+ Latency: 
    * Summary: 
    +---------+---------+----------+----------+-----+-----+------------------------------------------------+
    |  Latency (cycles) |  Latency (absolute) |  Interval |                    Pipeline                    |
    |   min   |   max   |    min   |    max   | min | max |                      Type                      |
    +---------+---------+----------+----------+-----+-----+------------------------------------------------+
    |       43|       43|  0.430 us|  0.430 us|   34|   34|  loop auto-rewind stp (delay=0 clock cycles(s))|
    +---------+---------+----------+----------+-----+-----+------------------------------------------------+

    + Detail: 
        * Instance: 
        N/A

        * Loop: 
        +-------------------+---------+---------+----------+-----------+-----------+------+----------+
        |                   |  Latency (cycles) | Iteration|  Initiation Interval  | Trip |          |
        |     Loop Name     |   min   |   max   |  Latency |  achieved |   target  | Count| Pipelined|
        +-------------------+---------+---------+----------+-----------+-----------+------+----------+
        |- VITIS_LOOP_43_3  |       41|       41|        12|          2|          1|    16|       yes|
        +-------------------+---------+---------+----------+-----------+-----------+------+----------+

============================================================
+ Verbose Summary: Synthesis Manager
============================================================
InlineROM: 1
ExposeGlobal: 0
============================================================
+ Verbose Summary: CDFG Model
============================================================
IsTopModel: 0
ResetActiveHigh: 1
IsCombinational: 0
IsDatapathOnly: 0
HasWiredReturn: 1
HasMFsm: 2
HasVarLatency: 1
IsPipeline: 0
IsRtlPipelined: 0
IsInstanceOverlapped: 0
IsDontTouch: 0
HasImplIP: 0
IsGatedGlobalClock: 0

+ Individual pipeline summary: 
  * Pipeline-0: initiation interval (II) = 2, depth = 12


============================================================
+ Verbose Summary: Schedule
============================================================
* Number of FSM states : 12
* Pipeline : 1
  Pipeline-0 : II = 2, D = 12, States = { 1 2 3 4 5 6 7 8 9 10 11 12 }
* Dataflow Pipeline: 0

* FSM state transitions: 
1 --> 2 
2 --> 3 
3 --> 4 
4 --> 5 
5 --> 6 
6 --> 7 
7 --> 8 
8 --> 9 
9 --> 10 
10 --> 11 
11 --> 12 
12 --> 

* FSM state operations: 

State 1 <SV = 0> <Delay = 1.50>
ST_1 : Operation 15 [1/1] (0.00ns)   --->   "%k = alloca i32 1" [src_converted_flat/rsa_modexp_hw.cpp:43]   --->   Operation 15 'alloca' 'k' <Predicate = true> <Delay = 0.00>
ST_1 : Operation 16 [1/1] (0.00ns)   --->   "%sext_ln42_1_read = read i62 @_ssdm_op_Read.ap_auto.i62, i62 %sext_ln42_1"   --->   Operation 16 'read' 'sext_ln42_1_read' <Predicate = true> <Delay = 0.00>
ST_1 : Operation 17 [1/1] (0.00ns)   --->   "%sext_ln43_read = read i62 @_ssdm_op_Read.ap_auto.i62, i62 %sext_ln43"   --->   Operation 17 'read' 'sext_ln43_read' <Predicate = true> <Delay = 0.00>
ST_1 : Operation 18 [1/1] (0.00ns)   --->   "%sext_ln42_1_cast = sext i62 %sext_ln42_1_read"   --->   Operation 18 'sext' 'sext_ln42_1_cast' <Predicate = true> <Delay = 0.00>
ST_1 : Operation 19 [1/1] (0.00ns)   --->   "%sext_ln43_cast = sext i62 %sext_ln43_read"   --->   Operation 19 'sext' 'sext_ln43_cast' <Predicate = true> <Delay = 0.00>
ST_1 : Operation 20 [1/1] (0.00ns)   --->   "%specinterface_ln0 = specinterface void @_ssdm_op_SpecInterface, i32 %gmem, void @empty_8, i32 0, i32 0, void @empty_9, i32 0, i32 0, void @empty, void @empty_0, void @empty_9, i32 16, i32 16, i32 16, i32 16, void @empty_9, void @empty_9, i32 4294967295, i32 0, i32 0"   --->   Operation 20 'specinterface' 'specinterface_ln0' <Predicate = true> <Delay = 0.00>
ST_1 : Operation 21 [1/1] (0.38ns)   --->   "%store_ln43 = store i5 0, i5 %k" [src_converted_flat/rsa_modexp_hw.cpp:43]   --->   Operation 21 'store' 'store_ln43' <Predicate = true> <Delay = 0.38>
ST_1 : Operation 22 [1/1] (0.00ns)   --->   "%br_ln0 = br void %for.inc35"   --->   Operation 22 'br' 'br_ln0' <Predicate = true> <Delay = 0.00>
ST_1 : Operation 23 [1/1] (0.00ns)   --->   "%k_2 = load i5 %k" [src_converted_flat/rsa_modexp_hw.cpp:43]   --->   Operation 23 'load' 'k_2' <Predicate = true> <Delay = 0.00>
ST_1 : Operation 24 [1/1] (0.00ns)   --->   "%specbitsmap_ln0 = specbitsmap void @_ssdm_op_SpecBitsMap, i32 %gmem"   --->   Operation 24 'specbitsmap' 'specbitsmap_ln0' <Predicate = true> <Delay = 0.00>
ST_1 : Operation 25 [1/1] (0.70ns)   --->   "%icmp_ln43 = icmp_eq  i5 %k_2, i5 16" [src_converted_flat/rsa_modexp_hw.cpp:43]   --->   Operation 25 'icmp' 'icmp_ln43' <Predicate = true> <Delay = 0.70> <CoreInst = "Cmp">   --->   Core 9 'Cmp' <Latency = 0> <II = 1> <Delay = 0.70> <FuncUnit> <Opcode : 'seteq' 'setne' 'setle' 'setge' 'setlt' 'setgt'> <InPorts = 2> <OutPorts = 1>
ST_1 : Operation 26 [1/1] (0.70ns)   --->   "%add_ln43_2 = add i5 %k_2, i5 1" [src_converted_flat/rsa_modexp_hw.cpp:43]   --->   Operation 26 'add' 'add_ln43_2' <Predicate = true> <Delay = 0.70> <CoreInst = "Adder">   --->   Core 1 'Adder' <Latency = 0> <II = 1> <Delay = 0.70> <FuncUnit> <Opcode : 'add' 'sub'> <InPorts = 2> <OutPorts = 1>
ST_1 : Operation 27 [1/1] (0.00ns)   --->   "%br_ln43 = br i1 %icmp_ln43, void %for.inc35.split, void %for.inc50.preheader.exitStub" [src_converted_flat/rsa_modexp_hw.cpp:43]   --->   Operation 27 'br' 'br_ln43' <Predicate = true> <Delay = 0.00>
ST_1 : Operation 28 [1/1] (0.00ns)   --->   "%trunc_ln43 = trunc i5 %k_2" [src_converted_flat/rsa_modexp_hw.cpp:43]   --->   Operation 28 'trunc' 'trunc_ln43' <Predicate = (!icmp_ln43)> <Delay = 0.00>
ST_1 : Operation 29 [1/1] (0.00ns)   --->   "%zext_ln43_1 = zext i5 %k_2" [src_converted_flat/rsa_modexp_hw.cpp:43]   --->   Operation 29 'zext' 'zext_ln43_1' <Predicate = (!icmp_ln43)> <Delay = 0.00>
ST_1 : Operation 30 [1/1] (1.12ns)   --->   "%add_ln43 = add i63 %zext_ln43_1, i63 %sext_ln43_cast" [src_converted_flat/rsa_modexp_hw.cpp:43]   --->   Operation 30 'add' 'add_ln43' <Predicate = (!icmp_ln43)> <Delay = 1.12> <CoreInst = "Adder">   --->   Core 1 'Adder' <Latency = 0> <II = 1> <Delay = 1.12> <FuncUnit> <Opcode : 'add' 'sub'> <InPorts = 2> <OutPorts = 1>
ST_1 : Operation 31 [1/1] (0.00ns)   --->   "%sext_ln43_1 = sext i63 %add_ln43" [src_converted_flat/rsa_modexp_hw.cpp:43]   --->   Operation 31 'sext' 'sext_ln43_1' <Predicate = (!icmp_ln43)> <Delay = 0.00>
ST_1 : Operation 32 [1/1] (0.00ns)   --->   "%gmem_addr = getelementptr i32 %gmem, i64 %sext_ln43_1" [src_converted_flat/rsa_modexp_hw.cpp:43]   --->   Operation 32 'getelementptr' 'gmem_addr' <Predicate = (!icmp_ln43)> <Delay = 0.00>
ST_1 : Operation 33 [1/1] (1.12ns)   --->   "%add_ln43_1 = add i63 %zext_ln43_1, i63 %sext_ln42_1_cast" [src_converted_flat/rsa_modexp_hw.cpp:43]   --->   Operation 33 'add' 'add_ln43_1' <Predicate = (!icmp_ln43)> <Delay = 1.12> <CoreInst = "Adder">   --->   Core 1 'Adder' <Latency = 0> <II = 1> <Delay = 1.12> <FuncUnit> <Opcode : 'add' 'sub'> <InPorts = 2> <OutPorts = 1>
ST_1 : Operation 34 [1/1] (0.00ns)   --->   "%sext_ln43_2 = sext i63 %add_ln43_1" [src_converted_flat/rsa_modexp_hw.cpp:43]   --->   Operation 34 'sext' 'sext_ln43_2' <Predicate = (!icmp_ln43)> <Delay = 0.00>
ST_1 : Operation 35 [1/1] (0.00ns)   --->   "%gmem_addr_1 = getelementptr i32 %gmem, i64 %sext_ln43_2" [src_converted_flat/rsa_modexp_hw.cpp:43]   --->   Operation 35 'getelementptr' 'gmem_addr_1' <Predicate = (!icmp_ln43)> <Delay = 0.00>
ST_1 : Operation 36 [1/1] (0.38ns)   --->   "%store_ln43 = store i5 %add_ln43_2, i5 %k" [src_converted_flat/rsa_modexp_hw.cpp:43]   --->   Operation 36 'store' 'store_ln43' <Predicate = (!icmp_ln43)> <Delay = 0.38>

State 2 <SV = 1> <Delay = 7.30>
ST_2 : Operation 37 [8/8] (7.30ns)   --->   "%gmem_load_req = readreq i1 @_ssdm_op_ReadReq.m_axi.i32P1A, i32 %gmem_addr, i64 1" [src_converted_flat/rsa_modexp_hw.cpp:43]   --->   Operation 37 'readreq' 'gmem_load_req' <Predicate = (!icmp_ln43)> <Delay = 7.30> <CoreInst = "m_axi">   --->   Core 119 'm_axi' <Latency = 6> <II = 1> <Delay = 1.00> <Adapter> <Opcode : 'read' 'write' 'readreq' 'writereq' 'writeresp'>

State 3 <SV = 2> <Delay = 7.30>
ST_3 : Operation 38 [7/8] (7.30ns)   --->   "%gmem_load_req = readreq i1 @_ssdm_op_ReadReq.m_axi.i32P1A, i32 %gmem_addr, i64 1" [src_converted_flat/rsa_modexp_hw.cpp:43]   --->   Operation 38 'readreq' 'gmem_load_req' <Predicate = true> <Delay = 7.30> <CoreInst = "m_axi">   --->   Core 119 'm_axi' <Latency = 6> <II = 1> <Delay = 1.00> <Adapter> <Opcode : 'read' 'write' 'readreq' 'writereq' 'writeresp'>
ST_3 : Operation 39 [8/8] (7.30ns)   --->   "%gmem_load_1_req = readreq i1 @_ssdm_op_ReadReq.m_axi.i32P1A, i32 %gmem_addr_1, i64 1" [src_converted_flat/rsa_modexp_hw.cpp:43]   --->   Operation 39 'readreq' 'gmem_load_1_req' <Predicate = true> <Delay = 7.30> <CoreInst = "m_axi">   --->   Core 119 'm_axi' <Latency = 6> <II = 1> <Delay = 1.00> <Adapter> <Opcode : 'read' 'write' 'readreq' 'writereq' 'writeresp'>

State 4 <SV = 3> <Delay = 7.30>
ST_4 : Operation 40 [6/8] (7.30ns)   --->   "%gmem_load_req = readreq i1 @_ssdm_op_ReadReq.m_axi.i32P1A, i32 %gmem_addr, i64 1" [src_converted_flat/rsa_modexp_hw.cpp:43]   --->   Operation 40 'readreq' 'gmem_load_req' <Predicate = true> <Delay = 7.30> <CoreInst = "m_axi">   --->   Core 119 'm_axi' <Latency = 6> <II = 1> <Delay = 1.00> <Adapter> <Opcode : 'read' 'write' 'readreq' 'writereq' 'writeresp'>
ST_4 : Operation 41 [7/8] (7.30ns)   --->   "%gmem_load_1_req = readreq i1 @_ssdm_op_ReadReq.m_axi.i32P1A, i32 %gmem_addr_1, i64 1" [src_converted_flat/rsa_modexp_hw.cpp:43]   --->   Operation 41 'readreq' 'gmem_load_1_req' <Predicate = true> <Delay = 7.30> <CoreInst = "m_axi">   --->   Core 119 'm_axi' <Latency = 6> <II = 1> <Delay = 1.00> <Adapter> <Opcode : 'read' 'write' 'readreq' 'writereq' 'writeresp'>

State 5 <SV = 4> <Delay = 7.30>
ST_5 : Operation 42 [5/8] (7.30ns)   --->   "%gmem_load_req = readreq i1 @_ssdm_op_ReadReq.m_axi.i32P1A, i32 %gmem_addr, i64 1" [src_converted_flat/rsa_modexp_hw.cpp:43]   --->   Operation 42 'readreq' 'gmem_load_req' <Predicate = true> <Delay = 7.30> <CoreInst = "m_axi">   --->   Core 119 'm_axi' <Latency = 6> <II = 1> <Delay = 1.00> <Adapter> <Opcode : 'read' 'write' 'readreq' 'writereq' 'writeresp'>
ST_5 : Operation 43 [6/8] (7.30ns)   --->   "%gmem_load_1_req = readreq i1 @_ssdm_op_ReadReq.m_axi.i32P1A, i32 %gmem_addr_1, i64 1" [src_converted_flat/rsa_modexp_hw.cpp:43]   --->   Operation 43 'readreq' 'gmem_load_1_req' <Predicate = true> <Delay = 7.30> <CoreInst = "m_axi">   --->   Core 119 'm_axi' <Latency = 6> <II = 1> <Delay = 1.00> <Adapter> <Opcode : 'read' 'write' 'readreq' 'writereq' 'writeresp'>

State 6 <SV = 5> <Delay = 7.30>
ST_6 : Operation 44 [4/8] (7.30ns)   --->   "%gmem_load_req = readreq i1 @_ssdm_op_ReadReq.m_axi.i32P1A, i32 %gmem_addr, i64 1" [src_converted_flat/rsa_modexp_hw.cpp:43]   --->   Operation 44 'readreq' 'gmem_load_req' <Predicate = true> <Delay = 7.30> <CoreInst = "m_axi">   --->   Core 119 'm_axi' <Latency = 6> <II = 1> <Delay = 1.00> <Adapter> <Opcode : 'read' 'write' 'readreq' 'writereq' 'writeresp'>
ST_6 : Operation 45 [5/8] (7.30ns)   --->   "%gmem_load_1_req = readreq i1 @_ssdm_op_ReadReq.m_axi.i32P1A, i32 %gmem_addr_1, i64 1" [src_converted_flat/rsa_modexp_hw.cpp:43]   --->   Operation 45 'readreq' 'gmem_load_1_req' <Predicate = true> <Delay = 7.30> <CoreInst = "m_axi">   --->   Core 119 'm_axi' <Latency = 6> <II = 1> <Delay = 1.00> <Adapter> <Opcode : 'read' 'write' 'readreq' 'writereq' 'writeresp'>

State 7 <SV = 6> <Delay = 7.30>
ST_7 : Operation 46 [3/8] (7.30ns)   --->   "%gmem_load_req = readreq i1 @_ssdm_op_ReadReq.m_axi.i32P1A, i32 %gmem_addr, i64 1" [src_converted_flat/rsa_modexp_hw.cpp:43]   --->   Operation 46 'readreq' 'gmem_load_req' <Predicate = true> <Delay = 7.30> <CoreInst = "m_axi">   --->   Core 119 'm_axi' <Latency = 6> <II = 1> <Delay = 1.00> <Adapter> <Opcode : 'read' 'write' 'readreq' 'writereq' 'writeresp'>
ST_7 : Operation 47 [4/8] (7.30ns)   --->   "%gmem_load_1_req = readreq i1 @_ssdm_op_ReadReq.m_axi.i32P1A, i32 %gmem_addr_1, i64 1" [src_converted_flat/rsa_modexp_hw.cpp:43]   --->   Operation 47 'readreq' 'gmem_load_1_req' <Predicate = true> <Delay = 7.30> <CoreInst = "m_axi">   --->   Core 119 'm_axi' <Latency = 6> <II = 1> <Delay = 1.00> <Adapter> <Opcode : 'read' 'write' 'readreq' 'writereq' 'writeresp'>

State 8 <SV = 7> <Delay = 7.30>
ST_8 : Operation 48 [2/8] (7.30ns)   --->   "%gmem_load_req = readreq i1 @_ssdm_op_ReadReq.m_axi.i32P1A, i32 %gmem_addr, i64 1" [src_converted_flat/rsa_modexp_hw.cpp:43]   --->   Operation 48 'readreq' 'gmem_load_req' <Predicate = true> <Delay = 7.30> <CoreInst = "m_axi">   --->   Core 119 'm_axi' <Latency = 6> <II = 1> <Delay = 1.00> <Adapter> <Opcode : 'read' 'write' 'readreq' 'writereq' 'writeresp'>
ST_8 : Operation 49 [3/8] (7.30ns)   --->   "%gmem_load_1_req = readreq i1 @_ssdm_op_ReadReq.m_axi.i32P1A, i32 %gmem_addr_1, i64 1" [src_converted_flat/rsa_modexp_hw.cpp:43]   --->   Operation 49 'readreq' 'gmem_load_1_req' <Predicate = true> <Delay = 7.30> <CoreInst = "m_axi">   --->   Core 119 'm_axi' <Latency = 6> <II = 1> <Delay = 1.00> <Adapter> <Opcode : 'read' 'write' 'readreq' 'writereq' 'writeresp'>

State 9 <SV = 8> <Delay = 7.30>
ST_9 : Operation 50 [1/8] (7.30ns)   --->   "%gmem_load_req = readreq i1 @_ssdm_op_ReadReq.m_axi.i32P1A, i32 %gmem_addr, i64 1" [src_converted_flat/rsa_modexp_hw.cpp:43]   --->   Operation 50 'readreq' 'gmem_load_req' <Predicate = true> <Delay = 7.30> <CoreInst = "m_axi">   --->   Core 119 'm_axi' <Latency = 6> <II = 1> <Delay = 1.00> <Adapter> <Opcode : 'read' 'write' 'readreq' 'writereq' 'writeresp'>
ST_9 : Operation 51 [2/8] (7.30ns)   --->   "%gmem_load_1_req = readreq i1 @_ssdm_op_ReadReq.m_axi.i32P1A, i32 %gmem_addr_1, i64 1" [src_converted_flat/rsa_modexp_hw.cpp:43]   --->   Operation 51 'readreq' 'gmem_load_1_req' <Predicate = true> <Delay = 7.30> <CoreInst = "m_axi">   --->   Core 119 'm_axi' <Latency = 6> <II = 1> <Delay = 1.00> <Adapter> <Opcode : 'read' 'write' 'readreq' 'writereq' 'writeresp'>

State 10 <SV = 9> <Delay = 7.30>
ST_10 : Operation 52 [1/1] (7.30ns)   --->   "%gmem_addr_read = read i32 @_ssdm_op_Read.m_axi.i32P1A, i32 %gmem_addr" [src_converted_flat/rsa_modexp_hw.cpp:43]   --->   Operation 52 'read' 'gmem_addr_read' <Predicate = true> <Delay = 7.30> <CoreInst = "m_axi">   --->   Core 119 'm_axi' <Latency = 3> <II = 1> <Delay = 1.00> <Adapter> <Opcode : 'read' 'write' 'readreq' 'writereq' 'writeresp'>
ST_10 : Operation 53 [1/8] (7.30ns)   --->   "%gmem_load_1_req = readreq i1 @_ssdm_op_ReadReq.m_axi.i32P1A, i32 %gmem_addr_1, i64 1" [src_converted_flat/rsa_modexp_hw.cpp:43]   --->   Operation 53 'readreq' 'gmem_load_1_req' <Predicate = true> <Delay = 7.30> <CoreInst = "m_axi">   --->   Core 119 'm_axi' <Latency = 6> <II = 1> <Delay = 1.00> <Adapter> <Opcode : 'read' 'write' 'readreq' 'writereq' 'writeresp'>
ST_10 : Operation 65 [1/1] (0.38ns)   --->   "%ret_ln0 = ret"   --->   Operation 65 'ret' 'ret_ln0' <Predicate = (icmp_ln43)> <Delay = 0.38>

State 11 <SV = 10> <Delay = 7.30>
ST_11 : Operation 54 [1/1] (0.00ns)   --->   "%add_ln43_3 = bitconcatenate i5 @_ssdm_op_BitConcatenate.i5.i1.i4, i1 1, i4 %trunc_ln43" [src_converted_flat/rsa_modexp_hw.cpp:43]   --->   Operation 54 'bitconcatenate' 'add_ln43_3' <Predicate = true> <Delay = 0.00>
ST_11 : Operation 55 [1/1] (0.00ns)   --->   "%zext_ln43 = zext i5 %add_ln43_3" [src_converted_flat/rsa_modexp_hw.cpp:43]   --->   Operation 55 'zext' 'zext_ln43' <Predicate = true> <Delay = 0.00>
ST_11 : Operation 56 [1/1] (0.00ns)   --->   "%conv_x_addr = getelementptr i32 %conv_x, i64 0, i64 %zext_ln43" [src_converted_flat/rsa_modexp_hw.cpp:43]   --->   Operation 56 'getelementptr' 'conv_x_addr' <Predicate = true> <Delay = 0.00>
ST_11 : Operation 57 [1/1] ( I:0.69ns O:0.69ns )   --->   "%store_ln43 = store i32 %gmem_addr_read, i5 %conv_x_addr" [src_converted_flat/rsa_modexp_hw.cpp:43]   --->   Operation 57 'store' 'store_ln43' <Predicate = true> <Delay = 0.69> <CoreInst = "RAM">   --->   Core 82 'RAM' <Latency = 1> <II = 1> <Delay = 0.69> <Storage> <Opcode : 'load' 'store'> <Ports = 2> <Width = 32> <Depth = 32> <RAM>
ST_11 : Operation 58 [1/1] (7.30ns)   --->   "%gmem_addr_1_read = read i32 @_ssdm_op_Read.m_axi.i32P1A, i32 %gmem_addr_1" [src_converted_flat/rsa_modexp_hw.cpp:43]   --->   Operation 58 'read' 'gmem_addr_1_read' <Predicate = true> <Delay = 7.30> <CoreInst = "m_axi">   --->   Core 119 'm_axi' <Latency = 3> <II = 1> <Delay = 1.00> <Adapter> <Opcode : 'read' 'write' 'readreq' 'writereq' 'writeresp'>

State 12 <SV = 11> <Delay = 0.69>
ST_12 : Operation 59 [1/1] (0.00ns)   --->   "%conv_y_addr = getelementptr i32 %conv_y, i64 0, i64 %zext_ln43" [src_converted_flat/rsa_modexp_hw.cpp:43]   --->   Operation 59 'getelementptr' 'conv_y_addr' <Predicate = true> <Delay = 0.00>
ST_12 : Operation 60 [1/1] (0.00ns)   --->   "%specpipeline_ln43 = specpipeline void @_ssdm_op_SpecPipeline, i32 4294967295, i32 0, i32 0, i32 0, void @empty_9" [src_converted_flat/rsa_modexp_hw.cpp:43]   --->   Operation 60 'specpipeline' 'specpipeline_ln43' <Predicate = true> <Delay = 0.00>
ST_12 : Operation 61 [1/1] (0.00ns)   --->   "%speclooptripcount_ln43 = speclooptripcount void @_ssdm_op_SpecLoopTripCount, i64 16, i64 16, i64 16" [src_converted_flat/rsa_modexp_hw.cpp:43]   --->   Operation 61 'speclooptripcount' 'speclooptripcount_ln43' <Predicate = true> <Delay = 0.00>
ST_12 : Operation 62 [1/1] (0.00ns)   --->   "%specloopname_ln43 = specloopname void @_ssdm_op_SpecLoopName, void @empty_15" [src_converted_flat/rsa_modexp_hw.cpp:43]   --->   Operation 62 'specloopname' 'specloopname_ln43' <Predicate = true> <Delay = 0.00>
ST_12 : Operation 63 [1/1] ( I:0.69ns O:0.69ns )   --->   "%store_ln43 = store i32 %gmem_addr_1_read, i5 %conv_y_addr" [src_converted_flat/rsa_modexp_hw.cpp:43]   --->   Operation 63 'store' 'store_ln43' <Predicate = true> <Delay = 0.69> <CoreInst = "RAM">   --->   Core 82 'RAM' <Latency = 1> <II = 1> <Delay = 0.69> <Storage> <Opcode : 'load' 'store'> <Ports = 2> <Width = 32> <Depth = 32> <RAM>
ST_12 : Operation 64 [1/1] (0.00ns)   --->   "%br_ln43 = br void %for.inc35" [src_converted_flat/rsa_modexp_hw.cpp:43]   --->   Operation 64 'br' 'br_ln43' <Predicate = true> <Delay = 0.00>


============================================================
+ Verbose Summary: Binding
============================================================
STG Binding: 
---------------- STG Properties BEGIN ----------------
- Is combinational: 0
- Is one-state seq: 0
- Is datapath-only: 0
- Is pipelined: 0
- Is top level: 0
Port [ Return ] is wired: 1; IO mode=ap_ctrl_hs:ce=0
Port [ gmem]:  wired=1; compound=1; hidden=0; nouse=0; global=0; static=0; extern=0; dir=0; type=4; pingpong=0; private_global=0; IO mode=m_axi:ce=0
Port [ conv_x]:  wired=1; compound=1; hidden=0; nouse=0; global=0; static=0; extern=0; dir=1; type=1; pingpong=0; private_global=0; MemPort=[03]; IO mode=ap_memory:ce=0
Port [ conv_y]:  wired=1; compound=1; hidden=0; nouse=0; global=0; static=0; extern=0; dir=1; type=1; pingpong=0; private_global=0; MemPort=[03]; IO mode=ap_memory:ce=0
Port [ sext_ln43]:  wired=1; compound=0; hidden=0; nouse=0; global=0; static=0; extern=0; dir=0; type=0; pingpong=0; private_global=0; IO mode=ap_none:ce=0
Port [ sext_ln42_1]:  wired=1; compound=0; hidden=0; nouse=0; global=0; static=0; extern=0; dir=0; type=0; pingpong=0; private_global=0; IO mode=ap_none:ce=0
---------------- STG Properties END ------------------

---------------- Datapath Model BEGIN ----------------

<LifeTime>
<method=bitvector/>
k                      (alloca           ) [ 0100000000000]
sext_ln42_1_read       (read             ) [ 0000000000000]
sext_ln43_read         (read             ) [ 0000000000000]
sext_ln42_1_cast       (sext             ) [ 0000000000000]
sext_ln43_cast         (sext             ) [ 0000000000000]
specinterface_ln0      (specinterface    ) [ 0000000000000]
store_ln43             (store            ) [ 0000000000000]
br_ln0                 (br               ) [ 0000000000000]
k_2                    (load             ) [ 0000000000000]
specbitsmap_ln0        (specbitsmap      ) [ 0000000000000]
icmp_ln43              (icmp             ) [ 0111111111100]
add_ln43_2             (add              ) [ 0000000000000]
br_ln43                (br               ) [ 0000000000000]
trunc_ln43             (trunc            ) [ 0111111111110]
zext_ln43_1            (zext             ) [ 0000000000000]
add_ln43               (add              ) [ 0000000000000]
sext_ln43_1            (sext             ) [ 0000000000000]
gmem_addr              (getelementptr    ) [ 0111111111100]
add_ln43_1             (add              ) [ 0000000000000]
sext_ln43_2            (sext             ) [ 0000000000000]
gmem_addr_1            (getelementptr    ) [ 0111111111110]
store_ln43             (store            ) [ 0000000000000]
gmem_load_req          (readreq          ) [ 0000000000000]
gmem_addr_read         (read             ) [ 0100000000010]
gmem_load_1_req        (readreq          ) [ 0000000000000]
add_ln43_3             (bitconcatenate   ) [ 0000000000000]
zext_ln43              (zext             ) [ 0010000000001]
conv_x_addr            (getelementptr    ) [ 0000000000000]
store_ln43             (store            ) [ 0000000000000]
gmem_addr_1_read       (read             ) [ 0010000000001]
conv_y_addr            (getelementptr    ) [ 0000000000000]
specpipeline_ln43      (specpipeline     ) [ 0000000000000]
speclooptripcount_ln43 (speclooptripcount) [ 0000000000000]
specloopname_ln43      (specloopname     ) [ 0000000000000]
store_ln43             (store            ) [ 0000000000000]
br_ln43                (br               ) [ 0000000000000]
ret_ln0                (ret              ) [ 0000000000000]
</LifeTime>

<model>

<comp_list>
<comp id="0" class="1000" name="gmem">
<pin_list>
<pin id="1" dir="1" index="0" bw="1" slack="0"/>
</pin_list>
<bind>
<StgValue><ssdm name="gmem"/><MemPortTyVec>0 </MemPortTyVec>
</StgValue>
</bind>
</comp>

<comp id="2" class="1000" name="conv_x">
<pin_list>
<pin id="3" dir="1" index="0" bw="1" slack="0"/>
</pin_list>
<bind>
<StgValue><ssdm name="conv_x"/><MemPortTyVec>0 3 </MemPortTyVec>
</StgValue>
</bind>
</comp>

<comp id="4" class="1000" name="conv_y">
<pin_list>
<pin id="5" dir="1" index="0" bw="1" slack="0"/>
</pin_list>
<bind>
<StgValue><ssdm name="conv_y"/><MemPortTyVec>0 3 </MemPortTyVec>
</StgValue>
</bind>
</comp>

<comp id="6" class="1000" name="sext_ln43">
<pin_list>
<pin id="7" dir="1" index="0" bw="1" slack="0"/>
</pin_list>
<bind>
<StgValue><ssdm name="sext_ln43"/></StgValue>
</bind>
</comp>

<comp id="8" class="1000" name="sext_ln42_1">
<pin_list>
<pin id="9" dir="1" index="0" bw="1" slack="0"/>
</pin_list>
<bind>
<StgValue><ssdm name="sext_ln42_1"/></StgValue>
</bind>
</comp>

<comp id="10" class="1001" name="const_10">
<pin_list>
<pin id="11" dir="1" index="0" bw="1" slack="0"/>
</pin_list>
<bind>
<StgValue><ssdm name=""/></StgValue>
</bind>
</comp>

<comp id="12" class="1001" name="const_12">
<pin_list>
<pin id="13" dir="1" index="0" bw="1" slack="0"/>
</pin_list>
<bind>
<StgValue><ssdm name="_ssdm_op_Read.ap_auto.i62"/></StgValue>
</bind>
</comp>

<comp id="14" class="1001" name="const_14">
<pin_list>
<pin id="15" dir="1" index="0" bw="1" slack="2147483647"/>
</pin_list>
<bind>
<StgValue><ssdm name="_ssdm_op_SpecInterface"/></StgValue>
</bind>
</comp>

<comp id="16" class="1001" name="const_16">
<pin_list>
<pin id="17" dir="1" index="0" bw="1" slack="2147483647"/>
</pin_list>
<bind>
<StgValue><ssdm name="empty_8"/></StgValue>
</bind>
</comp>

<comp id="18" class="1001" name="const_18">
<pin_list>
<pin id="19" dir="1" index="0" bw="1" slack="2147483647"/>
</pin_list>
<bind>
<StgValue><ssdm name=""/></StgValue>
</bind>
</comp>

<comp id="20" class="1001" name="const_20">
<pin_list>
<pin id="21" dir="1" index="0" bw="1" slack="2147483647"/>
</pin_list>
<bind>
<StgValue><ssdm name="empty_9"/></StgValue>
</bind>
</comp>

<comp id="22" class="1001" name="const_22">
<pin_list>
<pin id="23" dir="1" index="0" bw="1" slack="2147483647"/>
</pin_list>
<bind>
<StgValue><ssdm name="empty"/></StgValue>
</bind>
</comp>

<comp id="24" class="1001" name="const_24">
<pin_list>
<pin id="25" dir="1" index="0" bw="1" slack="2147483647"/>
</pin_list>
<bind>
<StgValue><ssdm name="empty_0"/></StgValue>
</bind>
</comp>

<comp id="26" class="1001" name="const_26">
<pin_list>
<pin id="27" dir="1" index="0" bw="1" slack="2147483647"/>
</pin_list>
<bind>
<StgValue><ssdm name=""/></StgValue>
</bind>
</comp>

<comp id="28" class="1001" name="const_28">
<pin_list>
<pin id="29" dir="1" index="0" bw="1" slack="2147483647"/>
</pin_list>
<bind>
<StgValue><ssdm name=""/></StgValue>
</bind>
</comp>

<comp id="30" class="1001" name="const_30">
<pin_list>
<pin id="31" dir="1" index="0" bw="1" slack="0"/>
</pin_list>
<bind>
<StgValue><ssdm name=""/></StgValue>
</bind>
</comp>

<comp id="32" class="1001" name="const_32">
<pin_list>
<pin id="33" dir="1" index="0" bw="1" slack="2147483647"/>
</pin_list>
<bind>
<StgValue><ssdm name="_ssdm_op_SpecBitsMap"/></StgValue>
</bind>
</comp>

<comp id="34" class="1001" name="const_34">
<pin_list>
<pin id="35" dir="1" index="0" bw="1" slack="0"/>
</pin_list>
<bind>
<StgValue><ssdm name=""/></StgValue>
</bind>
</comp>

<comp id="36" class="1001" name="const_36">
<pin_list>
<pin id="37" dir="1" index="0" bw="1" slack="0"/>
</pin_list>
<bind>
<StgValue><ssdm name=""/></StgValue>
</bind>
</comp>

<comp id="38" class="1001" name="const_38">
<pin_list>
<pin id="39" dir="1" index="0" bw="1" slack="0"/>
</pin_list>
<bind>
<StgValue><ssdm name="_ssdm_op_ReadReq.m_axi.i32P1A"/></StgValue>
</bind>
</comp>

<comp id="40" class="1001" name="const_40">
<pin_list>
<pin id="41" dir="1" index="0" bw="1" slack="0"/>
</pin_list>
<bind>
<StgValue><ssdm name=""/></StgValue>
</bind>
</comp>

<comp id="42" class="1001" name="const_42">
<pin_list>
<pin id="43" dir="1" index="0" bw="1" slack="0"/>
</pin_list>
<bind>
<StgValue><ssdm name="_ssdm_op_Read.m_axi.i32P1A"/></StgValue>
</bind>
</comp>

<comp id="44" class="1001" name="const_44">
<pin_list>
<pin id="45" dir="1" index="0" bw="1" slack="0"/>
</pin_list>
<bind>
<StgValue><ssdm name="_ssdm_op_BitConcatenate.i5.i1.i4"/></StgValue>
</bind>
</comp>

<comp id="46" class="1001" name="const_46">
<pin_list>
<pin id="47" dir="1" index="0" bw="1" slack="0"/>
</pin_list>
<bind>
<StgValue><ssdm name=""/></StgValue>
</bind>
</comp>

<comp id="48" class="1001" name="const_48">
<pin_list>
<pin id="49" dir="1" index="0" bw="1" slack="0"/>
</pin_list>
<bind>
<StgValue><ssdm name=""/></StgValue>
</bind>
</comp>

<comp id="50" class="1001" name="const_50">
<pin_list>
<pin id="51" dir="1" index="0" bw="1" slack="2147483647"/>
</pin_list>
<bind>
<StgValue><ssdm name="_ssdm_op_SpecPipeline"/></StgValue>
</bind>
</comp>

<comp id="52" class="1001" name="const_52">
<pin_list>
<pin id="53" dir="1" index="0" bw="1" slack="2147483647"/>
</pin_list>
<bind>
<StgValue><ssdm name="_ssdm_op_SpecLoopTripCount"/></StgValue>
</bind>
</comp>

<comp id="54" class="1001" name="const_54">
<pin_list>
<pin id="55" dir="1" index="0" bw="1" slack="2147483647"/>
</pin_list>
<bind>
<StgValue><ssdm name=""/></StgValue>
</bind>
</comp>

<comp id="56" class="1001" name="const_56">
<pin_list>
<pin id="57" dir="1" index="0" bw="1" slack="2147483647"/>
</pin_list>
<bind>
<StgValue><ssdm name="_ssdm_op_SpecLoopName"/></StgValue>
</bind>
</comp>

<comp id="58" class="1001" name="const_58">
<pin_list>
<pin id="59" dir="1" index="0" bw="1" slack="2147483647"/>
</pin_list>
<bind>
<StgValue><ssdm name="empty_15"/></StgValue>
</bind>
</comp>

<comp id="60" class="1004" name="k_fu_60">
<pin_list>
<pin id="61" dir="0" index="0" bw="1" slack="0"/>
<pin id="62" dir="1" index="1" bw="5" slack="0"/>
</pin_list>
<bind>
<opcode="alloca(26) " fcode="alloca"/>
<opset="k/1 "/>
</bind>
</comp>

<comp id="64" class="1004" name="sext_ln42_1_read_read_fu_64">
<pin_list>
<pin id="65" dir="0" index="0" bw="62" slack="0"/>
<pin id="66" dir="0" index="1" bw="62" slack="0"/>
<pin id="67" dir="1" index="2" bw="62" slack="0"/>
</pin_list>
<bind>
<opcode="read(1150) " fcode="read"/>
<opset="sext_ln42_1_read/1 "/>
</bind>
</comp>

<comp id="70" class="1004" name="sext_ln43_read_read_fu_70">
<pin_list>
<pin id="71" dir="0" index="0" bw="62" slack="0"/>
<pin id="72" dir="0" index="1" bw="62" slack="0"/>
<pin id="73" dir="1" index="2" bw="62" slack="0"/>
</pin_list>
<bind>
<opcode="read(1150) " fcode="read"/>
<opset="sext_ln43_read/1 "/>
</bind>
</comp>

<comp id="76" class="1004" name="grp_readreq_fu_76">
<pin_list>
<pin id="77" dir="0" index="0" bw="1" slack="0"/>
<pin id="78" dir="0" index="1" bw="32" slack="1"/>
<pin id="79" dir="0" index="2" bw="1" slack="0"/>
<pin id="80" dir="1" index="3" bw="1" slack="2147483647"/>
</pin_list>
<bind>
<opcode="readreq(1154) " fcode="readreq"/>
<opset="gmem_load_req/2 "/>
</bind>
</comp>

<comp id="83" class="1004" name="grp_readreq_fu_83">
<pin_list>
<pin id="84" dir="0" index="0" bw="1" slack="0"/>
<pin id="85" dir="0" index="1" bw="32" slack="2"/>
<pin id="86" dir="0" index="2" bw="1" slack="0"/>
<pin id="87" dir="1" index="3" bw="1" slack="2147483647"/>
</pin_list>
<bind>
<opcode="readreq(1154) " fcode="readreq"/>
<opset="gmem_load_1_req/3 "/>
</bind>
</comp>

<comp id="90" class="1004" name="gmem_addr_read_read_fu_90">
<pin_list>
<pin id="91" dir="0" index="0" bw="32" slack="0"/>
<pin id="92" dir="0" index="1" bw="32" slack="9"/>
<pin id="93" dir="1" index="2" bw="32" slack="1"/>
</pin_list>
<bind>
<opcode="read(1150) " fcode="read"/>
<opset="gmem_addr_read/10 "/>
</bind>
</comp>

<comp id="95" class="1004" name="gmem_addr_1_read_read_fu_95">
<pin_list>
<pin id="96" dir="0" index="0" bw="32" slack="0"/>
<pin id="97" dir="0" index="1" bw="32" slack="10"/>
<pin id="98" dir="1" index="2" bw="32" slack="1"/>
</pin_list>
<bind>
<opcode="read(1150) " fcode="read"/>
<opset="gmem_addr_1_read/11 "/>
</bind>
</comp>

<comp id="100" class="1004" name="conv_x_addr_gep_fu_100">
<pin_list>
<pin id="101" dir="0" index="0" bw="32" slack="0"/>
<pin id="102" dir="0" index="1" bw="1" slack="0"/>
<pin id="103" dir="0" index="2" bw="5" slack="0"/>
<pin id="104" dir="1" index="3" bw="5" slack="0"/>
</pin_list>
<bind>
<opcode="getelementptr(29) " fcode="getelementptr"/>
<opset="conv_x_addr/11 "/>
</bind>
</comp>

<comp id="107" class="1004" name="store_ln43_access_fu_107">
<pin_list>
<pin id="108" dir="0" index="0" bw="5" slack="0"/>
<pin id="109" dir="0" index="1" bw="32" slack="1"/>
<pin id="110" dir="0" index="2" bw="0" slack="2147483647"/>
<pin id="111" dir="1" index="3" bw="32" slack="2147483647"/>
</pin_list>
<bind>
<opcode="store(28) " fcode="store"/>
<opset="store_ln43/11 "/>
</bind>
</comp>

<comp id="113" class="1004" name="conv_y_addr_gep_fu_113">
<pin_list>
<pin id="114" dir="0" index="0" bw="32" slack="0"/>
<pin id="115" dir="0" index="1" bw="1" slack="0"/>
<pin id="116" dir="0" index="2" bw="5" slack="1"/>
<pin id="117" dir="1" index="3" bw="5" slack="0"/>
</pin_list>
<bind>
<opcode="getelementptr(29) " fcode="getelementptr"/>
<opset="conv_y_addr/12 "/>
</bind>
</comp>

<comp id="120" class="1004" name="store_ln43_access_fu_120">
<pin_list>
<pin id="121" dir="0" index="0" bw="5" slack="0"/>
<pin id="122" dir="0" index="1" bw="32" slack="1"/>
<pin id="123" dir="0" index="2" bw="0" slack="2147483647"/>
<pin id="124" dir="1" index="3" bw="32" slack="2147483647"/>
</pin_list>
<bind>
<opcode="store(28) " fcode="store"/>
<opset="store_ln43/12 "/>
</bind>
</comp>

<comp id="126" class="1004" name="sext_ln42_1_cast_fu_126">
<pin_list>
<pin id="127" dir="0" index="0" bw="62" slack="0"/>
<pin id="128" dir="1" index="1" bw="63" slack="0"/>
</pin_list>
<bind>
<opcode="sext(35) " fcode="sext"/>
<opset="sext_ln42_1_cast/1 "/>
</bind>
</comp>

<comp id="130" class="1004" name="sext_ln43_cast_fu_130">
<pin_list>
<pin id="131" dir="0" index="0" bw="62" slack="0"/>
<pin id="132" dir="1" index="1" bw="63" slack="0"/>
</pin_list>
<bind>
<opcode="sext(35) " fcode="sext"/>
<opset="sext_ln43_cast/1 "/>
</bind>
</comp>

<comp id="134" class="1004" name="store_ln43_store_fu_134">
<pin_list>
<pin id="135" dir="0" index="0" bw="1" slack="0"/>
<pin id="136" dir="0" index="1" bw="5" slack="0"/>
<pin id="137" dir="1" index="2" bw="0" slack="2147483647"/>
</pin_list>
<bind>
<opcode="store(28) " fcode="store"/>
<opset="store_ln43/1 "/>
</bind>
</comp>

<comp id="139" class="1004" name="k_2_load_fu_139">
<pin_list>
<pin id="140" dir="0" index="0" bw="5" slack="0"/>
<pin id="141" dir="1" index="1" bw="5" slack="0"/>
</pin_list>
<bind>
<opcode="load(27) " fcode="load"/>
<opset="k_2/1 "/>
</bind>
</comp>

<comp id="142" class="1004" name="icmp_ln43_fu_142">
<pin_list>
<pin id="143" dir="0" index="0" bw="5" slack="0"/>
<pin id="144" dir="0" index="1" bw="5" slack="0"/>
<pin id="145" dir="1" index="2" bw="1" slack="1"/>
</pin_list>
<bind>
<opcode="icmp(45) " fcode="icmp"/>
<opset="icmp_ln43/1 "/>
</bind>
</comp>

<comp id="148" class="1004" name="add_ln43_2_fu_148">
<pin_list>
<pin id="149" dir="0" index="0" bw="5" slack="0"/>
<pin id="150" dir="0" index="1" bw="1" slack="0"/>
<pin id="151" dir="1" index="2" bw="5" slack="0"/>
</pin_list>
<bind>
<opcode="add(8) " fcode="add"/>
<opset="add_ln43_2/1 "/>
</bind>
</comp>

<comp id="154" class="1004" name="trunc_ln43_fu_154">
<pin_list>
<pin id="155" dir="0" index="0" bw="5" slack="0"/>
<pin id="156" dir="1" index="1" bw="4" slack="10"/>
</pin_list>
<bind>
<opcode="trunc(33) " fcode="trunc"/>
<opset="trunc_ln43/1 "/>
</bind>
</comp>

<comp id="158" class="1004" name="zext_ln43_1_fu_158">
<pin_list>
<pin id="159" dir="0" index="0" bw="5" slack="0"/>
<pin id="160" dir="1" index="1" bw="63" slack="0"/>
</pin_list>
<bind>
<opcode="zext(34) " fcode="zext"/>
<opset="zext_ln43_1/1 "/>
</bind>
</comp>

<comp id="162" class="1004" name="add_ln43_fu_162">
<pin_list>
<pin id="163" dir="0" index="0" bw="5" slack="0"/>
<pin id="164" dir="0" index="1" bw="62" slack="0"/>
<pin id="165" dir="1" index="2" bw="63" slack="0"/>
</pin_list>
<bind>
<opcode="add(8) " fcode="add"/>
<opset="add_ln43/1 "/>
</bind>
</comp>

<comp id="168" class="1004" name="sext_ln43_1_fu_168">
<pin_list>
<pin id="169" dir="0" index="0" bw="63" slack="0"/>
<pin id="170" dir="1" index="1" bw="64" slack="0"/>
</pin_list>
<bind>
<opcode="sext(35) " fcode="sext"/>
<opset="sext_ln43_1/1 "/>
</bind>
</comp>

<comp id="172" class="1004" name="gmem_addr_fu_172">
<pin_list>
<pin id="173" dir="0" index="0" bw="32" slack="0"/>
<pin id="174" dir="0" index="1" bw="63" slack="0"/>
<pin id="175" dir="1" index="2" bw="32" slack="1"/>
</pin_list>
<bind>
<opcode="getelementptr(29) " fcode="getelementptr"/>
<opset="gmem_addr/1 "/>
</bind>
</comp>

<comp id="178" class="1004" name="add_ln43_1_fu_178">
<pin_list>
<pin id="179" dir="0" index="0" bw="5" slack="0"/>
<pin id="180" dir="0" index="1" bw="62" slack="0"/>
<pin id="181" dir="1" index="2" bw="63" slack="0"/>
</pin_list>
<bind>
<opcode="add(8) " fcode="add"/>
<opset="add_ln43_1/1 "/>
</bind>
</comp>

<comp id="184" class="1004" name="sext_ln43_2_fu_184">
<pin_list>
<pin id="185" dir="0" index="0" bw="63" slack="0"/>
<pin id="186" dir="1" index="1" bw="64" slack="0"/>
</pin_list>
<bind>
<opcode="sext(35) " fcode="sext"/>
<opset="sext_ln43_2/1 "/>
</bind>
</comp>

<comp id="188" class="1004" name="gmem_addr_1_fu_188">
<pin_list>
<pin id="189" dir="0" index="0" bw="32" slack="0"/>
<pin id="190" dir="0" index="1" bw="63" slack="0"/>
<pin id="191" dir="1" index="2" bw="32" slack="2"/>
</pin_list>
<bind>
<opcode="getelementptr(29) " fcode="getelementptr"/>
<opset="gmem_addr_1/1 "/>
</bind>
</comp>

<comp id="194" class="1004" name="store_ln43_store_fu_194">
<pin_list>
<pin id="195" dir="0" index="0" bw="5" slack="0"/>
<pin id="196" dir="0" index="1" bw="5" slack="0"/>
<pin id="197" dir="1" index="2" bw="0" slack="2147483647"/>
</pin_list>
<bind>
<opcode="store(28) " fcode="store"/>
<opset="store_ln43/1 "/>
</bind>
</comp>

<comp id="199" class="1004" name="add_ln43_3_fu_199">
<pin_list>
<pin id="200" dir="0" index="0" bw="5" slack="0"/>
<pin id="201" dir="0" index="1" bw="1" slack="0"/>
<pin id="202" dir="0" index="2" bw="4" slack="10"/>
<pin id="203" dir="1" index="3" bw="5" slack="0"/>
</pin_list>
<bind>
<opcode="bitconcatenate(1004) " fcode="bitconcatenate"/>
<opset="add_ln43_3/11 "/>
</bind>
</comp>

<comp id="206" class="1004" name="zext_ln43_fu_206">
<pin_list>
<pin id="207" dir="0" index="0" bw="5" slack="0"/>
<pin id="208" dir="1" index="1" bw="64" slack="0"/>
</pin_list>
<bind>
<opcode="zext(34) " fcode="zext"/>
<opset="zext_ln43/11 "/>
</bind>
</comp>

<comp id="211" class="1005" name="k_reg_211">
<pin_list>
<pin id="212" dir="0" index="0" bw="5" slack="0"/>
<pin id="213" dir="1" index="1" bw="5" slack="0"/>
</pin_list>
<bind>
<opset="k "/>
</bind>
</comp>

<comp id="218" class="1005" name="icmp_ln43_reg_218">
<pin_list>
<pin id="219" dir="0" index="0" bw="1" slack="1"/>
<pin id="220" dir="1" index="1" bw="1" slack="2147483647"/>
</pin_list>
<bind>
<opset="icmp_ln43 "/>
</bind>
</comp>

<comp id="222" class="1005" name="trunc_ln43_reg_222">
<pin_list>
<pin id="223" dir="0" index="0" bw="4" slack="10"/>
<pin id="224" dir="1" index="1" bw="4" slack="10"/>
</pin_list>
<bind>
<opset="trunc_ln43 "/>
</bind>
</comp>

<comp id="227" class="1005" name="gmem_addr_reg_227">
<pin_list>
<pin id="228" dir="0" index="0" bw="32" slack="1"/>
<pin id="229" dir="1" index="1" bw="32" slack="1"/>
</pin_list>
<bind>
<opset="gmem_addr "/>
</bind>
</comp>

<comp id="233" class="1005" name="gmem_addr_1_reg_233">
<pin_list>
<pin id="234" dir="0" index="0" bw="32" slack="2"/>
<pin id="235" dir="1" index="1" bw="32" slack="2"/>
</pin_list>
<bind>
<opset="gmem_addr_1 "/>
</bind>
</comp>

<comp id="239" class="1005" name="gmem_addr_read_reg_239">
<pin_list>
<pin id="240" dir="0" index="0" bw="32" slack="1"/>
<pin id="241" dir="1" index="1" bw="32" slack="1"/>
</pin_list>
<bind>
<opset="gmem_addr_read "/>
</bind>
</comp>

<comp id="244" class="1005" name="zext_ln43_reg_244">
<pin_list>
<pin id="245" dir="0" index="0" bw="64" slack="1"/>
<pin id="246" dir="1" index="1" bw="64" slack="1"/>
</pin_list>
<bind>
<opset="zext_ln43 "/>
</bind>
</comp>

<comp id="249" class="1005" name="gmem_addr_1_read_reg_249">
<pin_list>
<pin id="250" dir="0" index="0" bw="32" slack="1"/>
<pin id="251" dir="1" index="1" bw="32" slack="1"/>
</pin_list>
<bind>
<opset="gmem_addr_1_read "/>
</bind>
</comp>

</comp_list>

<net_list>
<net id="63"><net_src comp="10" pin="0"/><net_sink comp="60" pin=0"/></net>

<net id="68"><net_src comp="12" pin="0"/><net_sink comp="64" pin=0"/></net>

<net id="69"><net_src comp="8" pin="0"/><net_sink comp="64" pin=1"/></net>

<net id="74"><net_src comp="12" pin="0"/><net_sink comp="70" pin=0"/></net>

<net id="75"><net_src comp="6" pin="0"/><net_sink comp="70" pin=1"/></net>

<net id="81"><net_src comp="38" pin="0"/><net_sink comp="76" pin=0"/></net>

<net id="82"><net_src comp="40" pin="0"/><net_sink comp="76" pin=2"/></net>

<net id="88"><net_src comp="38" pin="0"/><net_sink comp="83" pin=0"/></net>

<net id="89"><net_src comp="40" pin="0"/><net_sink comp="83" pin=2"/></net>

<net id="94"><net_src comp="42" pin="0"/><net_sink comp="90" pin=0"/></net>

<net id="99"><net_src comp="42" pin="0"/><net_sink comp="95" pin=0"/></net>

<net id="105"><net_src comp="2" pin="0"/><net_sink comp="100" pin=0"/></net>

<net id="106"><net_src comp="48" pin="0"/><net_sink comp="100" pin=1"/></net>

<net id="112"><net_src comp="100" pin="3"/><net_sink comp="107" pin=0"/></net>

<net id="118"><net_src comp="4" pin="0"/><net_sink comp="113" pin=0"/></net>

<net id="119"><net_src comp="48" pin="0"/><net_sink comp="113" pin=1"/></net>

<net id="125"><net_src comp="113" pin="3"/><net_sink comp="120" pin=0"/></net>

<net id="129"><net_src comp="64" pin="2"/><net_sink comp="126" pin=0"/></net>

<net id="133"><net_src comp="70" pin="2"/><net_sink comp="130" pin=0"/></net>

<net id="138"><net_src comp="30" pin="0"/><net_sink comp="134" pin=0"/></net>

<net id="146"><net_src comp="139" pin="1"/><net_sink comp="142" pin=0"/></net>

<net id="147"><net_src comp="34" pin="0"/><net_sink comp="142" pin=1"/></net>

<net id="152"><net_src comp="139" pin="1"/><net_sink comp="148" pin=0"/></net>

<net id="153"><net_src comp="36" pin="0"/><net_sink comp="148" pin=1"/></net>

<net id="157"><net_src comp="139" pin="1"/><net_sink comp="154" pin=0"/></net>

<net id="161"><net_src comp="139" pin="1"/><net_sink comp="158" pin=0"/></net>

<net id="166"><net_src comp="158" pin="1"/><net_sink comp="162" pin=0"/></net>

<net id="167"><net_src comp="130" pin="1"/><net_sink comp="162" pin=1"/></net>

<net id="171"><net_src comp="162" pin="2"/><net_sink comp="168" pin=0"/></net>

<net id="176"><net_src comp="0" pin="0"/><net_sink comp="172" pin=0"/></net>

<net id="177"><net_src comp="168" pin="1"/><net_sink comp="172" pin=1"/></net>

<net id="182"><net_src comp="158" pin="1"/><net_sink comp="178" pin=0"/></net>

<net id="183"><net_src comp="126" pin="1"/><net_sink comp="178" pin=1"/></net>

<net id="187"><net_src comp="178" pin="2"/><net_sink comp="184" pin=0"/></net>

<net id="192"><net_src comp="0" pin="0"/><net_sink comp="188" pin=0"/></net>

<net id="193"><net_src comp="184" pin="1"/><net_sink comp="188" pin=1"/></net>

<net id="198"><net_src comp="148" pin="2"/><net_sink comp="194" pin=0"/></net>

<net id="204"><net_src comp="44" pin="0"/><net_sink comp="199" pin=0"/></net>

<net id="205"><net_src comp="46" pin="0"/><net_sink comp="199" pin=1"/></net>

<net id="209"><net_src comp="199" pin="3"/><net_sink comp="206" pin=0"/></net>

<net id="210"><net_src comp="206" pin="1"/><net_sink comp="100" pin=2"/></net>

<net id="214"><net_src comp="60" pin="1"/><net_sink comp="211" pin=0"/></net>

<net id="215"><net_src comp="211" pin="1"/><net_sink comp="134" pin=1"/></net>

<net id="216"><net_src comp="211" pin="1"/><net_sink comp="139" pin=0"/></net>

<net id="217"><net_src comp="211" pin="1"/><net_sink comp="194" pin=1"/></net>

<net id="221"><net_src comp="142" pin="2"/><net_sink comp="218" pin=0"/></net>

<net id="225"><net_src comp="154" pin="1"/><net_sink comp="222" pin=0"/></net>

<net id="226"><net_src comp="222" pin="1"/><net_sink comp="199" pin=2"/></net>

<net id="230"><net_src comp="172" pin="2"/><net_sink comp="227" pin=0"/></net>

<net id="231"><net_src comp="227" pin="1"/><net_sink comp="76" pin=1"/></net>

<net id="232"><net_src comp="227" pin="1"/><net_sink comp="90" pin=1"/></net>

<net id="236"><net_src comp="188" pin="2"/><net_sink comp="233" pin=0"/></net>

<net id="237"><net_src comp="233" pin="1"/><net_sink comp="83" pin=1"/></net>

<net id="238"><net_src comp="233" pin="1"/><net_sink comp="95" pin=1"/></net>

<net id="242"><net_src comp="90" pin="2"/><net_sink comp="239" pin=0"/></net>

<net id="243"><net_src comp="239" pin="1"/><net_sink comp="107" pin=1"/></net>

<net id="247"><net_src comp="206" pin="1"/><net_sink comp="244" pin=0"/></net>

<net id="248"><net_src comp="244" pin="1"/><net_sink comp="113" pin=2"/></net>

<net id="252"><net_src comp="95" pin="2"/><net_sink comp="249" pin=0"/></net>

<net id="253"><net_src comp="249" pin="1"/><net_sink comp="120" pin=1"/></net>

</net_list>

</model> 
---------------- Datapath Model END ------------------

* FSMD analyzer results:
  - Output states:
	Port: conv_x | {11 }
	Port: conv_y | {12 }
 - Input state : 
	Port: rsa_modexp_hw_Pipeline_VITIS_LOOP_43_3 : gmem | {2 3 4 5 6 7 8 9 10 11 }
	Port: rsa_modexp_hw_Pipeline_VITIS_LOOP_43_3 : sext_ln43 | {1 }
	Port: rsa_modexp_hw_Pipeline_VITIS_LOOP_43_3 : sext_ln42_1 | {1 }
  - Chain level:
	State 1
		store_ln43 : 1
		k_2 : 1
		icmp_ln43 : 2
		add_ln43_2 : 2
		br_ln43 : 3
		trunc_ln43 : 2
		zext_ln43_1 : 2
		add_ln43 : 3
		sext_ln43_1 : 4
		gmem_addr : 5
		add_ln43_1 : 3
		sext_ln43_2 : 4
		gmem_addr_1 : 5
		store_ln43 : 3
	State 2
	State 3
	State 4
	State 5
	State 6
	State 7
	State 8
	State 9
	State 10
	State 11
		zext_ln43 : 1
		conv_x_addr : 2
		store_ln43 : 3
	State 12
		store_ln43 : 1


============================================================
+ Verbose Summary: Datapath Resource usage 
============================================================

* Functional unit list:
|----------|-----------------------------|---------|---------|
| Operation|       Functional Unit       |    FF   |   LUT   |
|----------|-----------------------------|---------|---------|
|          |      add_ln43_2_fu_148      |    0    |    12   |
|    add   |       add_ln43_fu_162       |    0    |    69   |
|          |      add_ln43_1_fu_178      |    0    |    69   |
|----------|-----------------------------|---------|---------|
|   icmp   |       icmp_ln43_fu_142      |    0    |    12   |
|----------|-----------------------------|---------|---------|
|          | sext_ln42_1_read_read_fu_64 |    0    |    0    |
|   read   |  sext_ln43_read_read_fu_70  |    0    |    0    |
|          |  gmem_addr_read_read_fu_90  |    0    |    0    |
|          | gmem_addr_1_read_read_fu_95 |    0    |    0    |
|----------|-----------------------------|---------|---------|
|  readreq |      grp_readreq_fu_76      |    0    |    0    |
|          |      grp_readreq_fu_83      |    0    |    0    |
|----------|-----------------------------|---------|---------|
|          |   sext_ln42_1_cast_fu_126   |    0    |    0    |
|   sext   |    sext_ln43_cast_fu_130    |    0    |    0    |
|          |      sext_ln43_1_fu_168     |    0    |    0    |
|          |      sext_ln43_2_fu_184     |    0    |    0    |
|----------|-----------------------------|---------|---------|
|   trunc  |      trunc_ln43_fu_154      |    0    |    0    |
|----------|-----------------------------|---------|---------|
|   zext   |      zext_ln43_1_fu_158     |    0    |    0    |
|          |       zext_ln43_fu_206      |    0    |    0    |
|----------|-----------------------------|---------|---------|
|bitconcatenate|      add_ln43_3_fu_199      |    0    |    0    |
|----------|-----------------------------|---------|---------|
|   Total  |                             |    0    |   162   |
|----------|-----------------------------|---------|---------|

Memories:
N/A

* Register list:
+------------------------+--------+
|                        |   FF   |
+------------------------+--------+
|gmem_addr_1_read_reg_249|   32   |
|   gmem_addr_1_reg_233  |   32   |
| gmem_addr_read_reg_239 |   32   |
|    gmem_addr_reg_227   |   32   |
|    icmp_ln43_reg_218   |    1   |
|        k_reg_211       |    5   |
|   trunc_ln43_reg_222   |    4   |
|    zext_ln43_reg_244   |   64   |
+------------------------+--------+
|          Total         |   202  |
+------------------------+--------+

* Multiplexer (MUX) list: 
|--------|------|------|------|--------|
|  Comp  |  Pin | Size |  BW  | S x BW |
|--------|------|------|------|--------|
|  Total |      |      |      |    0   |
|--------|------|------|------|--------|



* Summary:
+-----------+--------+--------+
|           |   FF   |   LUT  |
+-----------+--------+--------+
|  Function |    0   |   162  |
|   Memory  |    -   |    -   |
|Multiplexer|    -   |    -   |
|  Register |   202  |    -   |
+-----------+--------+--------+
|   Total   |   202  |   162  |
+-----------+--------+--------+
