

================================================================
== Vitis HLS Report for 'cshake256_simple_32_clone_Pipeline_VITIS_LOOP_662_1'
================================================================
* Date:           Tue May 27 15:56:58 2025

* Version:        2024.2.2 (Build 6049644 on Mar  5 2025)
* Project:        sikep503_hls
* Solution:       solution1 (Vivado IP Flow Target)
* Product family: zynq
* Target device:  xc7z020-clg484-1


================================================================
== Performance Estimates
================================================================
+ Timing: 
    * Summary: 
    +--------+----------+----------+------------+
    |  Clock |  Target  | Estimated| Uncertainty|
    +--------+----------+----------+------------+
    |ap_clk  |  10.00 ns|  6.471 ns|     2.70 ns|
    +--------+----------+----------+------------+

+ Latency: 
    * Summary: 
    +---------+---------+----------+----------+-----+-----+------------------------------------------------+
    |  Latency (cycles) |  Latency (absolute) |  Interval |                    Pipeline                    |
    |   min   |   max   |    min   |    max   | min | max |                      Type                      |
    +---------+---------+----------+----------+-----+-----+------------------------------------------------+
    |       26|       26|  0.260 us|  0.260 us|   25|   25|  loop auto-rewind stp (delay=0 clock cycles(s))|
    +---------+---------+----------+----------+-----+-----+------------------------------------------------+

    + Detail: 
        * Instance: 
        N/A

        * Loop: 
        +--------------------+---------+---------+----------+-----------+-----------+------+----------+
        |                    |  Latency (cycles) | Iteration|  Initiation Interval  | Trip |          |
        |      Loop Name     |   min   |   max   |  Latency |  achieved |   target  | Count| Pipelined|
        +--------------------+---------+---------+----------+-----------+-----------+------+----------+
        |- VITIS_LOOP_662_1  |       24|       24|         2|          1|          1|    24|       yes|
        +--------------------+---------+---------+----------+-----------+-----------+------+----------+

============================================================
+ Verbose Summary: Synthesis Manager
============================================================
InlineROM: 1
ExposeGlobal: 0
============================================================
+ Verbose Summary: CDFG Model
============================================================
IsTopModel: 0
ResetActiveHigh: 1
IsCombinational: 0
IsDatapathOnly: 0
HasWiredReturn: 1
HasMFsm: 2
HasVarLatency: 1
IsPipeline: 0
IsRtlPipelined: 0
IsInstanceOverlapped: 0
IsDontTouch: 0
HasImplIP: 0
IsGatedGlobalClock: 0

+ Individual pipeline summary: 
  * Pipeline-0: initiation interval (II) = 1, depth = 2


============================================================
+ Verbose Summary: Schedule
============================================================
* Number of FSM states : 2
* Pipeline : 1
  Pipeline-0 : II = 1, D = 2, States = { 1 2 }
* Dataflow Pipeline: 0

* FSM state transitions: 
1 --> 2 
2 --> 

* FSM state operations: 

State 1 <SV = 0> <Delay = 4.95>
ST_1 : Operation 5 [1/1] (0.00ns)   --->   "%i_253 = alloca i32 1" [src/sha3/fips202.c:634]   --->   Operation 5 'alloca' 'i_253' <Predicate = true> <Delay = 0.00>
ST_1 : Operation 6 [1/1] (1.58ns)   --->   "%store_ln634 = store i5 0, i5 %i_253" [src/sha3/fips202.c:634]   --->   Operation 6 'store' 'store_ln634' <Predicate = true> <Delay = 1.58>
ST_1 : Operation 7 [1/1] (0.00ns)   --->   "%br_ln0 = br void %for.inc"   --->   Operation 7 'br' 'br_ln0' <Predicate = true> <Delay = 0.00>
ST_1 : Operation 8 [1/1] (0.00ns)   --->   "%i = load i5 %i_253" [src/sha3/fips202.c:662]   --->   Operation 8 'load' 'i' <Predicate = true> <Delay = 0.00>
ST_1 : Operation 9 [1/1] (1.78ns)   --->   "%icmp_ln662 = icmp_eq  i5 %i, i5 24" [src/sha3/fips202.c:662]   --->   Operation 9 'icmp' 'icmp_ln662' <Predicate = true> <Delay = 1.78> <CoreInst = "Cmp">   --->   Core 9 'Cmp' <Latency = 0> <II = 1> <Delay = 1.78> <FuncUnit> <Opcode : 'seteq' 'setne' 'setle' 'setge' 'setlt' 'setgt'> <InPorts = 2> <OutPorts = 1>
ST_1 : Operation 10 [1/1] (0.00ns)   --->   "%speclooptripcount_ln0 = speclooptripcount void @_ssdm_op_SpecLoopTripCount, i64 24, i64 24, i64 24"   --->   Operation 10 'speclooptripcount' 'speclooptripcount_ln0' <Predicate = true> <Delay = 0.00>
ST_1 : Operation 11 [1/1] (1.78ns)   --->   "%add_ln662 = add i5 %i, i5 1" [src/sha3/fips202.c:662]   --->   Operation 11 'add' 'add_ln662' <Predicate = true> <Delay = 1.78> <CoreInst = "Adder">   --->   Core 1 'Adder' <Latency = 0> <II = 1> <Delay = 1.78> <FuncUnit> <Opcode : 'add' 'sub'> <InPorts = 2> <OutPorts = 1>
ST_1 : Operation 12 [1/1] (0.00ns)   --->   "%br_ln662 = br i1 %icmp_ln662, void %for.inc.split, void %if.end.exitStub" [src/sha3/fips202.c:662]   --->   Operation 12 'br' 'br_ln662' <Predicate = true> <Delay = 0.00>
ST_1 : Operation 13 [1/1] (0.00ns)   --->   "%lshr_ln = partselect i3 @_ssdm_op_PartSelect.i3.i5.i32.i32, i5 %i, i32 2, i32 4" [src/sha3/fips202.c:634]   --->   Operation 13 'partselect' 'lshr_ln' <Predicate = (!icmp_ln662)> <Delay = 0.00>
ST_1 : Operation 14 [1/1] (0.00ns)   --->   "%zext_ln634 = zext i3 %lshr_ln" [src/sha3/fips202.c:634]   --->   Operation 14 'zext' 'zext_ln634' <Predicate = (!icmp_ln662)> <Delay = 0.00>
ST_1 : Operation 15 [1/1] (0.00ns)   --->   "%t_addr = getelementptr i8 %t, i64 0, i64 %zext_ln634" [src/sha3/fips202.c:665]   --->   Operation 15 'getelementptr' 't_addr' <Predicate = (!icmp_ln662)> <Delay = 0.00>
ST_1 : Operation 16 [1/1] (0.00ns)   --->   "%t_130_addr = getelementptr i8 %t_130, i64 0, i64 %zext_ln634" [src/sha3/fips202.c:665]   --->   Operation 16 'getelementptr' 't_130_addr' <Predicate = (!icmp_ln662)> <Delay = 0.00>
ST_1 : Operation 17 [1/1] (0.00ns)   --->   "%t_131_addr = getelementptr i8 %t_131, i64 0, i64 %zext_ln634" [src/sha3/fips202.c:665]   --->   Operation 17 'getelementptr' 't_131_addr' <Predicate = (!icmp_ln662)> <Delay = 0.00>
ST_1 : Operation 18 [1/1] (0.00ns)   --->   "%t_132_addr = getelementptr i8 %t_132, i64 0, i64 %zext_ln634" [src/sha3/fips202.c:665]   --->   Operation 18 'getelementptr' 't_132_addr' <Predicate = (!icmp_ln662)> <Delay = 0.00>
ST_1 : Operation 19 [2/2] (2.32ns)   --->   "%t_load = load i6 %t_addr" [src/sha3/fips202.c:665]   --->   Operation 19 'load' 't_load' <Predicate = (!icmp_ln662)> <Delay = 2.32> <CoreInst = "RAM">   --->   Core 81 'RAM' <Latency = 1> <II = 1> <Delay = 2.32> <Storage> <Opcode : 'load' 'store'> <Ports = 2> <Width = 8> <Depth = 34> <RAM>
ST_1 : Operation 20 [2/2] (2.32ns)   --->   "%t_130_load = load i6 %t_130_addr" [src/sha3/fips202.c:665]   --->   Operation 20 'load' 't_130_load' <Predicate = (!icmp_ln662)> <Delay = 2.32> <CoreInst = "RAM">   --->   Core 81 'RAM' <Latency = 1> <II = 1> <Delay = 2.32> <Storage> <Opcode : 'load' 'store'> <Ports = 2> <Width = 8> <Depth = 34> <RAM>
ST_1 : Operation 21 [2/2] (2.32ns)   --->   "%t_131_load = load i6 %t_131_addr" [src/sha3/fips202.c:665]   --->   Operation 21 'load' 't_131_load' <Predicate = (!icmp_ln662)> <Delay = 2.32> <CoreInst = "RAM">   --->   Core 81 'RAM' <Latency = 1> <II = 1> <Delay = 2.32> <Storage> <Opcode : 'load' 'store'> <Ports = 2> <Width = 8> <Depth = 34> <RAM>
ST_1 : Operation 22 [2/2] (2.32ns)   --->   "%t_132_load = load i6 %t_132_addr" [src/sha3/fips202.c:665]   --->   Operation 22 'load' 't_132_load' <Predicate = (!icmp_ln662)> <Delay = 2.32> <CoreInst = "RAM">   --->   Core 81 'RAM' <Latency = 1> <II = 1> <Delay = 2.32> <Storage> <Opcode : 'load' 'store'> <Ports = 2> <Width = 8> <Depth = 34> <RAM>
ST_1 : Operation 23 [1/1] (1.58ns)   --->   "%store_ln634 = store i5 %add_ln662, i5 %i_253" [src/sha3/fips202.c:634]   --->   Operation 23 'store' 'store_ln634' <Predicate = (!icmp_ln662)> <Delay = 1.58>
ST_1 : Operation 36 [1/1] (1.58ns)   --->   "%ret_ln0 = ret"   --->   Operation 36 'ret' 'ret_ln0' <Predicate = (icmp_ln662)> <Delay = 1.58>

State 2 <SV = 1> <Delay = 6.47>
ST_2 : Operation 24 [1/1] (0.00ns)   --->   "%zext_ln662 = zext i5 %i" [src/sha3/fips202.c:662]   --->   Operation 24 'zext' 'zext_ln662' <Predicate = true> <Delay = 0.00>
ST_2 : Operation 25 [1/1] (0.00ns)   --->   "%trunc_ln662 = trunc i5 %i" [src/sha3/fips202.c:662]   --->   Operation 25 'trunc' 'trunc_ln662' <Predicate = true> <Delay = 0.00>
ST_2 : Operation 26 [1/1] (0.00ns)   --->   "%specpipeline_ln634 = specpipeline void @_ssdm_op_SpecPipeline, i32 4294967295, i32 0, i32 0, i32 0, void @empty_44" [src/sha3/fips202.c:634]   --->   Operation 26 'specpipeline' 'specpipeline_ln634' <Predicate = true> <Delay = 0.00>
ST_2 : Operation 27 [1/1] (0.00ns)   --->   "%specloopname_ln662 = specloopname void @_ssdm_op_SpecLoopName, void @empty_22" [src/sha3/fips202.c:662]   --->   Operation 27 'specloopname' 'specloopname_ln662' <Predicate = true> <Delay = 0.00>
ST_2 : Operation 28 [1/2] ( I:2.32ns O:2.32ns )   --->   "%t_load = load i6 %t_addr" [src/sha3/fips202.c:665]   --->   Operation 28 'load' 't_load' <Predicate = true> <Delay = 2.32> <CoreInst = "RAM">   --->   Core 81 'RAM' <Latency = 1> <II = 1> <Delay = 2.32> <Storage> <Opcode : 'load' 'store'> <Ports = 2> <Width = 8> <Depth = 34> <RAM>
ST_2 : Operation 29 [1/2] ( I:2.32ns O:2.32ns )   --->   "%t_130_load = load i6 %t_130_addr" [src/sha3/fips202.c:665]   --->   Operation 29 'load' 't_130_load' <Predicate = true> <Delay = 2.32> <CoreInst = "RAM">   --->   Core 81 'RAM' <Latency = 1> <II = 1> <Delay = 2.32> <Storage> <Opcode : 'load' 'store'> <Ports = 2> <Width = 8> <Depth = 34> <RAM>
ST_2 : Operation 30 [1/2] ( I:2.32ns O:2.32ns )   --->   "%t_131_load = load i6 %t_131_addr" [src/sha3/fips202.c:665]   --->   Operation 30 'load' 't_131_load' <Predicate = true> <Delay = 2.32> <CoreInst = "RAM">   --->   Core 81 'RAM' <Latency = 1> <II = 1> <Delay = 2.32> <Storage> <Opcode : 'load' 'store'> <Ports = 2> <Width = 8> <Depth = 34> <RAM>
ST_2 : Operation 31 [1/2] ( I:2.32ns O:2.32ns )   --->   "%t_132_load = load i6 %t_132_addr" [src/sha3/fips202.c:665]   --->   Operation 31 'load' 't_132_load' <Predicate = true> <Delay = 2.32> <CoreInst = "RAM">   --->   Core 81 'RAM' <Latency = 1> <II = 1> <Delay = 2.32> <Storage> <Opcode : 'load' 'store'> <Ports = 2> <Width = 8> <Depth = 34> <RAM>
ST_2 : Operation 32 [1/1] (1.82ns)   --->   "%tmp = sparsemux i8 @_ssdm_op_SparseMux.ap_auto.4i8.i8.i2, i2 0, i8 %t_load, i2 1, i8 %t_130_load, i2 2, i8 %t_131_load, i2 3, i8 %t_132_load, i8 0, i2 %trunc_ln662" [src/sha3/fips202.c:665]   --->   Operation 32 'sparsemux' 'tmp' <Predicate = true> <Delay = 1.82> <CoreInst = "BinarySparseMux_DontCare">   --->   Core 137 'BinarySparseMux_DontCare' <Latency = 0> <II = 1> <Delay = 1.82> <FuncUnit> <Opcode : 'sparsemux'> <InPorts = 2> <OutPorts = 1>
ST_2 : Operation 33 [1/1] (0.00ns)   --->   "%output_addr = getelementptr i8 %output_r, i64 0, i64 %zext_ln662" [src/sha3/fips202.c:665]   --->   Operation 33 'getelementptr' 'output_addr' <Predicate = true> <Delay = 0.00>
ST_2 : Operation 34 [1/1] ( I:2.32ns O:2.32ns )   --->   "%store_ln665 = store i8 %tmp, i5 %output_addr" [src/sha3/fips202.c:665]   --->   Operation 34 'store' 'store_ln665' <Predicate = true> <Delay = 2.32> <CoreInst = "RAM">   --->   Core 81 'RAM' <Latency = 1> <II = 1> <Delay = 2.32> <Storage> <Opcode : 'load' 'store'> <Ports = 2> <Width = 8> <Depth = 24> <RAM>
ST_2 : Operation 35 [1/1] (0.00ns)   --->   "%br_ln662 = br void %for.inc" [src/sha3/fips202.c:662]   --->   Operation 35 'br' 'br_ln662' <Predicate = true> <Delay = 0.00>


============================================================
+ Verbose Summary: Binding
============================================================
STG Binding: 
---------------- STG Properties BEGIN ----------------
- Is combinational: 0
- Is one-state seq: 0
- Is datapath-only: 0
- Is pipelined: 0
- Is top level: 0
Port [ Return ] is wired: 1; IO mode=ap_ctrl_hs:ce=0
Port [ t]:  wired=1; compound=1; hidden=0; nouse=0; global=0; static=0; extern=0; dir=0; type=1; pingpong=0; private_global=0; MemPort=[13]; IO mode=ap_memory:ce=0
Port [ t_130]:  wired=1; compound=1; hidden=0; nouse=0; global=0; static=0; extern=0; dir=0; type=1; pingpong=0; private_global=0; MemPort=[13]; IO mode=ap_memory:ce=0
Port [ t_131]:  wired=1; compound=1; hidden=0; nouse=0; global=0; static=0; extern=0; dir=0; type=1; pingpong=0; private_global=0; MemPort=[13]; IO mode=ap_memory:ce=0
Port [ t_132]:  wired=1; compound=1; hidden=0; nouse=0; global=0; static=0; extern=0; dir=0; type=1; pingpong=0; private_global=0; MemPort=[13]; IO mode=ap_memory:ce=0
Port [ output_r]:  wired=1; compound=1; hidden=0; nouse=0; global=0; static=0; extern=0; dir=1; type=1; pingpong=0; private_global=0; MemPort=[03]; IO mode=ap_memory:ce=0
---------------- STG Properties END ------------------

---------------- Datapath Model BEGIN ----------------

<LifeTime>
<method=bitvector/>
i_253                 (alloca           ) [ 010]
store_ln634           (store            ) [ 000]
br_ln0                (br               ) [ 000]
i                     (load             ) [ 011]
icmp_ln662            (icmp             ) [ 010]
speclooptripcount_ln0 (speclooptripcount) [ 000]
add_ln662             (add              ) [ 000]
br_ln662              (br               ) [ 000]
lshr_ln               (partselect       ) [ 000]
zext_ln634            (zext             ) [ 000]
t_addr                (getelementptr    ) [ 011]
t_130_addr            (getelementptr    ) [ 011]
t_131_addr            (getelementptr    ) [ 011]
t_132_addr            (getelementptr    ) [ 011]
store_ln634           (store            ) [ 000]
zext_ln662            (zext             ) [ 000]
trunc_ln662           (trunc            ) [ 000]
specpipeline_ln634    (specpipeline     ) [ 000]
specloopname_ln662    (specloopname     ) [ 000]
t_load                (load             ) [ 000]
t_130_load            (load             ) [ 000]
t_131_load            (load             ) [ 000]
t_132_load            (load             ) [ 000]
tmp                   (sparsemux        ) [ 000]
output_addr           (getelementptr    ) [ 000]
store_ln665           (store            ) [ 000]
br_ln662              (br               ) [ 000]
ret_ln0               (ret              ) [ 000]
</LifeTime>

<model>

<comp_list>
<comp id="0" class="1000" name="t">
<pin_list>
<pin id="1" dir="1" index="0" bw="1" slack="0"/>
</pin_list>
<bind>
<StgValue><ssdm name="t"/><MemPortTyVec>1 3 </MemPortTyVec>
</StgValue>
</bind>
</comp>

<comp id="2" class="1000" name="t_130">
<pin_list>
<pin id="3" dir="1" index="0" bw="1" slack="0"/>
</pin_list>
<bind>
<StgValue><ssdm name="t_130"/><MemPortTyVec>1 3 </MemPortTyVec>
</StgValue>
</bind>
</comp>

<comp id="4" class="1000" name="t_131">
<pin_list>
<pin id="5" dir="1" index="0" bw="1" slack="0"/>
</pin_list>
<bind>
<StgValue><ssdm name="t_131"/><MemPortTyVec>1 3 </MemPortTyVec>
</StgValue>
</bind>
</comp>

<comp id="6" class="1000" name="t_132">
<pin_list>
<pin id="7" dir="1" index="0" bw="1" slack="0"/>
</pin_list>
<bind>
<StgValue><ssdm name="t_132"/><MemPortTyVec>1 3 </MemPortTyVec>
</StgValue>
</bind>
</comp>

<comp id="8" class="1000" name="output_r">
<pin_list>
<pin id="9" dir="1" index="0" bw="1" slack="0"/>
</pin_list>
<bind>
<StgValue><ssdm name="output_r"/><MemPortTyVec>0 3 </MemPortTyVec>
</StgValue>
</bind>
</comp>

<comp id="10" class="1001" name="const_10">
<pin_list>
<pin id="11" dir="1" index="0" bw="1" slack="0"/>
</pin_list>
<bind>
<StgValue><ssdm name=""/></StgValue>
</bind>
</comp>

<comp id="12" class="1001" name="const_12">
<pin_list>
<pin id="13" dir="1" index="0" bw="1" slack="0"/>
</pin_list>
<bind>
<StgValue><ssdm name=""/></StgValue>
</bind>
</comp>

<comp id="14" class="1001" name="const_14">
<pin_list>
<pin id="15" dir="1" index="0" bw="1" slack="0"/>
</pin_list>
<bind>
<StgValue><ssdm name=""/></StgValue>
</bind>
</comp>

<comp id="16" class="1001" name="const_16">
<pin_list>
<pin id="17" dir="1" index="0" bw="1" slack="2147483647"/>
</pin_list>
<bind>
<StgValue><ssdm name="_ssdm_op_SpecLoopTripCount"/></StgValue>
</bind>
</comp>

<comp id="18" class="1001" name="const_18">
<pin_list>
<pin id="19" dir="1" index="0" bw="1" slack="2147483647"/>
</pin_list>
<bind>
<StgValue><ssdm name=""/></StgValue>
</bind>
</comp>

<comp id="20" class="1001" name="const_20">
<pin_list>
<pin id="21" dir="1" index="0" bw="1" slack="0"/>
</pin_list>
<bind>
<StgValue><ssdm name=""/></StgValue>
</bind>
</comp>

<comp id="22" class="1001" name="const_22">
<pin_list>
<pin id="23" dir="1" index="0" bw="1" slack="0"/>
</pin_list>
<bind>
<StgValue><ssdm name="_ssdm_op_PartSelect.i3.i5.i32.i32"/></StgValue>
</bind>
</comp>

<comp id="24" class="1001" name="const_24">
<pin_list>
<pin id="25" dir="1" index="0" bw="1" slack="0"/>
</pin_list>
<bind>
<StgValue><ssdm name=""/></StgValue>
</bind>
</comp>

<comp id="26" class="1001" name="const_26">
<pin_list>
<pin id="27" dir="1" index="0" bw="1" slack="0"/>
</pin_list>
<bind>
<StgValue><ssdm name=""/></StgValue>
</bind>
</comp>

<comp id="28" class="1001" name="const_28">
<pin_list>
<pin id="29" dir="1" index="0" bw="1" slack="0"/>
</pin_list>
<bind>
<StgValue><ssdm name=""/></StgValue>
</bind>
</comp>

<comp id="30" class="1001" name="const_30">
<pin_list>
<pin id="31" dir="1" index="0" bw="1" slack="2147483647"/>
</pin_list>
<bind>
<StgValue><ssdm name="_ssdm_op_SpecPipeline"/></StgValue>
</bind>
</comp>

<comp id="32" class="1001" name="const_32">
<pin_list>
<pin id="33" dir="1" index="0" bw="1" slack="2147483647"/>
</pin_list>
<bind>
<StgValue><ssdm name=""/></StgValue>
</bind>
</comp>

<comp id="34" class="1001" name="const_34">
<pin_list>
<pin id="35" dir="1" index="0" bw="1" slack="2147483647"/>
</pin_list>
<bind>
<StgValue><ssdm name=""/></StgValue>
</bind>
</comp>

<comp id="36" class="1001" name="const_36">
<pin_list>
<pin id="37" dir="1" index="0" bw="1" slack="2147483647"/>
</pin_list>
<bind>
<StgValue><ssdm name="empty_44"/></StgValue>
</bind>
</comp>

<comp id="38" class="1001" name="const_38">
<pin_list>
<pin id="39" dir="1" index="0" bw="1" slack="2147483647"/>
</pin_list>
<bind>
<StgValue><ssdm name="_ssdm_op_SpecLoopName"/></StgValue>
</bind>
</comp>

<comp id="40" class="1001" name="const_40">
<pin_list>
<pin id="41" dir="1" index="0" bw="1" slack="2147483647"/>
</pin_list>
<bind>
<StgValue><ssdm name="empty_22"/></StgValue>
</bind>
</comp>

<comp id="42" class="1001" name="const_42">
<pin_list>
<pin id="43" dir="1" index="0" bw="1" slack="0"/>
</pin_list>
<bind>
<StgValue><ssdm name="_ssdm_op_SparseMux.ap_auto.4i8.i8.i2"/></StgValue>
</bind>
</comp>

<comp id="44" class="1001" name="const_44">
<pin_list>
<pin id="45" dir="1" index="0" bw="1" slack="0"/>
</pin_list>
<bind>
<StgValue><ssdm name=""/></StgValue>
</bind>
</comp>

<comp id="46" class="1001" name="const_46">
<pin_list>
<pin id="47" dir="1" index="0" bw="1" slack="0"/>
</pin_list>
<bind>
<StgValue><ssdm name=""/></StgValue>
</bind>
</comp>

<comp id="48" class="1001" name="const_48">
<pin_list>
<pin id="49" dir="1" index="0" bw="1" slack="0"/>
</pin_list>
<bind>
<StgValue><ssdm name=""/></StgValue>
</bind>
</comp>

<comp id="50" class="1001" name="const_50">
<pin_list>
<pin id="51" dir="1" index="0" bw="1" slack="0"/>
</pin_list>
<bind>
<StgValue><ssdm name=""/></StgValue>
</bind>
</comp>

<comp id="52" class="1001" name="const_52">
<pin_list>
<pin id="53" dir="1" index="0" bw="1" slack="0"/>
</pin_list>
<bind>
<StgValue><ssdm name=""/></StgValue>
</bind>
</comp>

<comp id="54" class="1004" name="i_253_fu_54">
<pin_list>
<pin id="55" dir="0" index="0" bw="1" slack="0"/>
<pin id="56" dir="1" index="1" bw="5" slack="0"/>
</pin_list>
<bind>
<opcode="alloca(26) " fcode="alloca"/>
<opset="i_253/1 "/>
</bind>
</comp>

<comp id="58" class="1004" name="t_addr_gep_fu_58">
<pin_list>
<pin id="59" dir="0" index="0" bw="8" slack="0"/>
<pin id="60" dir="0" index="1" bw="1" slack="0"/>
<pin id="61" dir="0" index="2" bw="3" slack="0"/>
<pin id="62" dir="1" index="3" bw="6" slack="0"/>
</pin_list>
<bind>
<opcode="getelementptr(29) " fcode="getelementptr"/>
<opset="t_addr/1 "/>
</bind>
</comp>

<comp id="65" class="1004" name="t_130_addr_gep_fu_65">
<pin_list>
<pin id="66" dir="0" index="0" bw="8" slack="0"/>
<pin id="67" dir="0" index="1" bw="1" slack="0"/>
<pin id="68" dir="0" index="2" bw="3" slack="0"/>
<pin id="69" dir="1" index="3" bw="6" slack="0"/>
</pin_list>
<bind>
<opcode="getelementptr(29) " fcode="getelementptr"/>
<opset="t_130_addr/1 "/>
</bind>
</comp>

<comp id="72" class="1004" name="t_131_addr_gep_fu_72">
<pin_list>
<pin id="73" dir="0" index="0" bw="8" slack="0"/>
<pin id="74" dir="0" index="1" bw="1" slack="0"/>
<pin id="75" dir="0" index="2" bw="3" slack="0"/>
<pin id="76" dir="1" index="3" bw="6" slack="0"/>
</pin_list>
<bind>
<opcode="getelementptr(29) " fcode="getelementptr"/>
<opset="t_131_addr/1 "/>
</bind>
</comp>

<comp id="79" class="1004" name="t_132_addr_gep_fu_79">
<pin_list>
<pin id="80" dir="0" index="0" bw="8" slack="0"/>
<pin id="81" dir="0" index="1" bw="1" slack="0"/>
<pin id="82" dir="0" index="2" bw="3" slack="0"/>
<pin id="83" dir="1" index="3" bw="6" slack="0"/>
</pin_list>
<bind>
<opcode="getelementptr(29) " fcode="getelementptr"/>
<opset="t_132_addr/1 "/>
</bind>
</comp>

<comp id="86" class="1004" name="grp_access_fu_86">
<pin_list>
<pin id="87" dir="0" index="0" bw="6" slack="0"/>
<pin id="88" dir="0" index="1" bw="8" slack="2147483647"/>
<pin id="89" dir="0" index="2" bw="0" slack="2147483647"/>
<pin id="90" dir="1" index="3" bw="8" slack="0"/>
</pin_list>
<bind>
<opcode="load(27) " fcode="load"/>
<opset="t_load/1 "/>
</bind>
</comp>

<comp id="92" class="1004" name="grp_access_fu_92">
<pin_list>
<pin id="93" dir="0" index="0" bw="6" slack="0"/>
<pin id="94" dir="0" index="1" bw="8" slack="2147483647"/>
<pin id="95" dir="0" index="2" bw="0" slack="2147483647"/>
<pin id="96" dir="1" index="3" bw="8" slack="0"/>
</pin_list>
<bind>
<opcode="load(27) " fcode="load"/>
<opset="t_130_load/1 "/>
</bind>
</comp>

<comp id="98" class="1004" name="grp_access_fu_98">
<pin_list>
<pin id="99" dir="0" index="0" bw="6" slack="0"/>
<pin id="100" dir="0" index="1" bw="8" slack="2147483647"/>
<pin id="101" dir="0" index="2" bw="0" slack="2147483647"/>
<pin id="102" dir="1" index="3" bw="8" slack="0"/>
</pin_list>
<bind>
<opcode="load(27) " fcode="load"/>
<opset="t_131_load/1 "/>
</bind>
</comp>

<comp id="104" class="1004" name="grp_access_fu_104">
<pin_list>
<pin id="105" dir="0" index="0" bw="6" slack="0"/>
<pin id="106" dir="0" index="1" bw="8" slack="2147483647"/>
<pin id="107" dir="0" index="2" bw="0" slack="2147483647"/>
<pin id="108" dir="1" index="3" bw="8" slack="0"/>
</pin_list>
<bind>
<opcode="load(27) " fcode="load"/>
<opset="t_132_load/1 "/>
</bind>
</comp>

<comp id="110" class="1004" name="output_addr_gep_fu_110">
<pin_list>
<pin id="111" dir="0" index="0" bw="8" slack="0"/>
<pin id="112" dir="0" index="1" bw="1" slack="0"/>
<pin id="113" dir="0" index="2" bw="5" slack="0"/>
<pin id="114" dir="1" index="3" bw="5" slack="0"/>
</pin_list>
<bind>
<opcode="getelementptr(29) " fcode="getelementptr"/>
<opset="output_addr/2 "/>
</bind>
</comp>

<comp id="117" class="1004" name="store_ln665_access_fu_117">
<pin_list>
<pin id="118" dir="0" index="0" bw="5" slack="0"/>
<pin id="119" dir="0" index="1" bw="8" slack="0"/>
<pin id="120" dir="0" index="2" bw="0" slack="2147483647"/>
<pin id="121" dir="1" index="3" bw="8" slack="2147483647"/>
</pin_list>
<bind>
<opcode="store(28) " fcode="store"/>
<opset="store_ln665/2 "/>
</bind>
</comp>

<comp id="123" class="1004" name="store_ln634_store_fu_123">
<pin_list>
<pin id="124" dir="0" index="0" bw="1" slack="0"/>
<pin id="125" dir="0" index="1" bw="5" slack="0"/>
<pin id="126" dir="1" index="2" bw="0" slack="2147483647"/>
</pin_list>
<bind>
<opcode="store(28) " fcode="store"/>
<opset="store_ln634/1 "/>
</bind>
</comp>

<comp id="128" class="1004" name="i_load_fu_128">
<pin_list>
<pin id="129" dir="0" index="0" bw="5" slack="0"/>
<pin id="130" dir="1" index="1" bw="5" slack="0"/>
</pin_list>
<bind>
<opcode="load(27) " fcode="load"/>
<opset="i/1 "/>
</bind>
</comp>

<comp id="131" class="1004" name="icmp_ln662_fu_131">
<pin_list>
<pin id="132" dir="0" index="0" bw="5" slack="0"/>
<pin id="133" dir="0" index="1" bw="4" slack="0"/>
<pin id="134" dir="1" index="2" bw="1" slack="2147483647"/>
</pin_list>
<bind>
<opcode="icmp(45) " fcode="icmp"/>
<opset="icmp_ln662/1 "/>
</bind>
</comp>

<comp id="137" class="1004" name="add_ln662_fu_137">
<pin_list>
<pin id="138" dir="0" index="0" bw="5" slack="0"/>
<pin id="139" dir="0" index="1" bw="1" slack="0"/>
<pin id="140" dir="1" index="2" bw="5" slack="0"/>
</pin_list>
<bind>
<opcode="add(8) " fcode="add"/>
<opset="add_ln662/1 "/>
</bind>
</comp>

<comp id="143" class="1004" name="lshr_ln_fu_143">
<pin_list>
<pin id="144" dir="0" index="0" bw="3" slack="0"/>
<pin id="145" dir="0" index="1" bw="5" slack="0"/>
<pin id="146" dir="0" index="2" bw="3" slack="0"/>
<pin id="147" dir="0" index="3" bw="4" slack="0"/>
<pin id="148" dir="1" index="4" bw="3" slack="0"/>
</pin_list>
<bind>
<opcode="partselect(1002) " fcode="partselect"/>
<opset="lshr_ln/1 "/>
</bind>
</comp>

<comp id="153" class="1004" name="zext_ln634_fu_153">
<pin_list>
<pin id="154" dir="0" index="0" bw="3" slack="0"/>
<pin id="155" dir="1" index="1" bw="64" slack="0"/>
</pin_list>
<bind>
<opcode="zext(34) " fcode="zext"/>
<opset="zext_ln634/1 "/>
</bind>
</comp>

<comp id="161" class="1004" name="store_ln634_store_fu_161">
<pin_list>
<pin id="162" dir="0" index="0" bw="5" slack="0"/>
<pin id="163" dir="0" index="1" bw="5" slack="0"/>
<pin id="164" dir="1" index="2" bw="0" slack="2147483647"/>
</pin_list>
<bind>
<opcode="store(28) " fcode="store"/>
<opset="store_ln634/1 "/>
</bind>
</comp>

<comp id="166" class="1004" name="zext_ln662_fu_166">
<pin_list>
<pin id="167" dir="0" index="0" bw="5" slack="1"/>
<pin id="168" dir="1" index="1" bw="64" slack="0"/>
</pin_list>
<bind>
<opcode="zext(34) " fcode="zext"/>
<opset="zext_ln662/2 "/>
</bind>
</comp>

<comp id="170" class="1004" name="trunc_ln662_fu_170">
<pin_list>
<pin id="171" dir="0" index="0" bw="5" slack="1"/>
<pin id="172" dir="1" index="1" bw="2" slack="0"/>
</pin_list>
<bind>
<opcode="trunc(33) " fcode="trunc"/>
<opset="trunc_ln662/2 "/>
</bind>
</comp>

<comp id="173" class="1004" name="tmp_fu_173">
<pin_list>
<pin id="174" dir="0" index="0" bw="8" slack="0"/>
<pin id="175" dir="0" index="1" bw="2" slack="0"/>
<pin id="176" dir="0" index="2" bw="8" slack="0"/>
<pin id="177" dir="0" index="3" bw="2" slack="0"/>
<pin id="178" dir="0" index="4" bw="8" slack="0"/>
<pin id="179" dir="0" index="5" bw="2" slack="0"/>
<pin id="180" dir="0" index="6" bw="8" slack="0"/>
<pin id="181" dir="0" index="7" bw="2" slack="0"/>
<pin id="182" dir="0" index="8" bw="8" slack="0"/>
<pin id="183" dir="0" index="9" bw="8" slack="0"/>
<pin id="184" dir="0" index="10" bw="2" slack="0"/>
<pin id="185" dir="1" index="11" bw="8" slack="0"/>
</pin_list>
<bind>
<opcode="sparsemux(1197) " fcode="sparsemux"/>
<opset="tmp/2 "/>
</bind>
</comp>

<comp id="198" class="1005" name="i_253_reg_198">
<pin_list>
<pin id="199" dir="0" index="0" bw="5" slack="0"/>
<pin id="200" dir="1" index="1" bw="5" slack="0"/>
</pin_list>
<bind>
<opset="i_253 "/>
</bind>
</comp>

<comp id="205" class="1005" name="i_reg_205">
<pin_list>
<pin id="206" dir="0" index="0" bw="5" slack="1"/>
<pin id="207" dir="1" index="1" bw="5" slack="1"/>
</pin_list>
<bind>
<opset="i "/>
</bind>
</comp>

<comp id="214" class="1005" name="t_addr_reg_214">
<pin_list>
<pin id="215" dir="0" index="0" bw="6" slack="1"/>
<pin id="216" dir="1" index="1" bw="6" slack="1"/>
</pin_list>
<bind>
<opset="t_addr "/>
</bind>
</comp>

<comp id="219" class="1005" name="t_130_addr_reg_219">
<pin_list>
<pin id="220" dir="0" index="0" bw="6" slack="1"/>
<pin id="221" dir="1" index="1" bw="6" slack="1"/>
</pin_list>
<bind>
<opset="t_130_addr "/>
</bind>
</comp>

<comp id="224" class="1005" name="t_131_addr_reg_224">
<pin_list>
<pin id="225" dir="0" index="0" bw="6" slack="1"/>
<pin id="226" dir="1" index="1" bw="6" slack="1"/>
</pin_list>
<bind>
<opset="t_131_addr "/>
</bind>
</comp>

<comp id="229" class="1005" name="t_132_addr_reg_229">
<pin_list>
<pin id="230" dir="0" index="0" bw="6" slack="1"/>
<pin id="231" dir="1" index="1" bw="6" slack="1"/>
</pin_list>
<bind>
<opset="t_132_addr "/>
</bind>
</comp>

</comp_list>

<net_list>
<net id="57"><net_src comp="10" pin="0"/><net_sink comp="54" pin=0"/></net>

<net id="63"><net_src comp="0" pin="0"/><net_sink comp="58" pin=0"/></net>

<net id="64"><net_src comp="28" pin="0"/><net_sink comp="58" pin=1"/></net>

<net id="70"><net_src comp="2" pin="0"/><net_sink comp="65" pin=0"/></net>

<net id="71"><net_src comp="28" pin="0"/><net_sink comp="65" pin=1"/></net>

<net id="77"><net_src comp="4" pin="0"/><net_sink comp="72" pin=0"/></net>

<net id="78"><net_src comp="28" pin="0"/><net_sink comp="72" pin=1"/></net>

<net id="84"><net_src comp="6" pin="0"/><net_sink comp="79" pin=0"/></net>

<net id="85"><net_src comp="28" pin="0"/><net_sink comp="79" pin=1"/></net>

<net id="91"><net_src comp="58" pin="3"/><net_sink comp="86" pin=0"/></net>

<net id="97"><net_src comp="65" pin="3"/><net_sink comp="92" pin=0"/></net>

<net id="103"><net_src comp="72" pin="3"/><net_sink comp="98" pin=0"/></net>

<net id="109"><net_src comp="79" pin="3"/><net_sink comp="104" pin=0"/></net>

<net id="115"><net_src comp="8" pin="0"/><net_sink comp="110" pin=0"/></net>

<net id="116"><net_src comp="28" pin="0"/><net_sink comp="110" pin=1"/></net>

<net id="122"><net_src comp="110" pin="3"/><net_sink comp="117" pin=0"/></net>

<net id="127"><net_src comp="12" pin="0"/><net_sink comp="123" pin=0"/></net>

<net id="135"><net_src comp="128" pin="1"/><net_sink comp="131" pin=0"/></net>

<net id="136"><net_src comp="14" pin="0"/><net_sink comp="131" pin=1"/></net>

<net id="141"><net_src comp="128" pin="1"/><net_sink comp="137" pin=0"/></net>

<net id="142"><net_src comp="20" pin="0"/><net_sink comp="137" pin=1"/></net>

<net id="149"><net_src comp="22" pin="0"/><net_sink comp="143" pin=0"/></net>

<net id="150"><net_src comp="128" pin="1"/><net_sink comp="143" pin=1"/></net>

<net id="151"><net_src comp="24" pin="0"/><net_sink comp="143" pin=2"/></net>

<net id="152"><net_src comp="26" pin="0"/><net_sink comp="143" pin=3"/></net>

<net id="156"><net_src comp="143" pin="4"/><net_sink comp="153" pin=0"/></net>

<net id="157"><net_src comp="153" pin="1"/><net_sink comp="58" pin=2"/></net>

<net id="158"><net_src comp="153" pin="1"/><net_sink comp="65" pin=2"/></net>

<net id="159"><net_src comp="153" pin="1"/><net_sink comp="72" pin=2"/></net>

<net id="160"><net_src comp="153" pin="1"/><net_sink comp="79" pin=2"/></net>

<net id="165"><net_src comp="137" pin="2"/><net_sink comp="161" pin=0"/></net>

<net id="169"><net_src comp="166" pin="1"/><net_sink comp="110" pin=2"/></net>

<net id="186"><net_src comp="42" pin="0"/><net_sink comp="173" pin=0"/></net>

<net id="187"><net_src comp="44" pin="0"/><net_sink comp="173" pin=1"/></net>

<net id="188"><net_src comp="86" pin="3"/><net_sink comp="173" pin=2"/></net>

<net id="189"><net_src comp="46" pin="0"/><net_sink comp="173" pin=3"/></net>

<net id="190"><net_src comp="92" pin="3"/><net_sink comp="173" pin=4"/></net>

<net id="191"><net_src comp="48" pin="0"/><net_sink comp="173" pin=5"/></net>

<net id="192"><net_src comp="98" pin="3"/><net_sink comp="173" pin=6"/></net>

<net id="193"><net_src comp="50" pin="0"/><net_sink comp="173" pin=7"/></net>

<net id="194"><net_src comp="104" pin="3"/><net_sink comp="173" pin=8"/></net>

<net id="195"><net_src comp="52" pin="0"/><net_sink comp="173" pin=9"/></net>

<net id="196"><net_src comp="170" pin="1"/><net_sink comp="173" pin=10"/></net>

<net id="197"><net_src comp="173" pin="11"/><net_sink comp="117" pin=1"/></net>

<net id="201"><net_src comp="54" pin="1"/><net_sink comp="198" pin=0"/></net>

<net id="202"><net_src comp="198" pin="1"/><net_sink comp="123" pin=1"/></net>

<net id="203"><net_src comp="198" pin="1"/><net_sink comp="128" pin=0"/></net>

<net id="204"><net_src comp="198" pin="1"/><net_sink comp="161" pin=1"/></net>

<net id="208"><net_src comp="128" pin="1"/><net_sink comp="205" pin=0"/></net>

<net id="209"><net_src comp="205" pin="1"/><net_sink comp="166" pin=0"/></net>

<net id="210"><net_src comp="205" pin="1"/><net_sink comp="170" pin=0"/></net>

<net id="217"><net_src comp="58" pin="3"/><net_sink comp="214" pin=0"/></net>

<net id="218"><net_src comp="214" pin="1"/><net_sink comp="86" pin=0"/></net>

<net id="222"><net_src comp="65" pin="3"/><net_sink comp="219" pin=0"/></net>

<net id="223"><net_src comp="219" pin="1"/><net_sink comp="92" pin=0"/></net>

<net id="227"><net_src comp="72" pin="3"/><net_sink comp="224" pin=0"/></net>

<net id="228"><net_src comp="224" pin="1"/><net_sink comp="98" pin=0"/></net>

<net id="232"><net_src comp="79" pin="3"/><net_sink comp="229" pin=0"/></net>

<net id="233"><net_src comp="229" pin="1"/><net_sink comp="104" pin=0"/></net>

</net_list>

</model> 
---------------- Datapath Model END ------------------

* FSMD analyzer results:
  - Output states:
	Port: output_r | {2 }
 - Input state : 
	Port: cshake256_simple.32.clone_Pipeline_VITIS_LOOP_662_1 : t | {1 2 }
	Port: cshake256_simple.32.clone_Pipeline_VITIS_LOOP_662_1 : t_130 | {1 2 }
	Port: cshake256_simple.32.clone_Pipeline_VITIS_LOOP_662_1 : t_131 | {1 2 }
	Port: cshake256_simple.32.clone_Pipeline_VITIS_LOOP_662_1 : t_132 | {1 2 }
  - Chain level:
	State 1
		store_ln634 : 1
		i : 1
		icmp_ln662 : 2
		add_ln662 : 2
		br_ln662 : 3
		lshr_ln : 2
		zext_ln634 : 3
		t_addr : 4
		t_130_addr : 4
		t_131_addr : 4
		t_132_addr : 4
		t_load : 5
		t_130_load : 5
		t_131_load : 5
		t_132_load : 5
		store_ln634 : 3
	State 2
		tmp : 1
		output_addr : 1
		store_ln665 : 2


============================================================
+ Verbose Summary: Datapath Resource usage 
============================================================

* Functional unit list:
|----------|--------------------|---------|---------|
| Operation|   Functional Unit  |    FF   |   LUT   |
|----------|--------------------|---------|---------|
| sparsemux|     tmp_fu_173     |    0    |    20   |
|----------|--------------------|---------|---------|
|   icmp   |  icmp_ln662_fu_131 |    0    |    13   |
|----------|--------------------|---------|---------|
|    add   |  add_ln662_fu_137  |    0    |    13   |
|----------|--------------------|---------|---------|
|partselect|   lshr_ln_fu_143   |    0    |    0    |
|----------|--------------------|---------|---------|
|   zext   |  zext_ln634_fu_153 |    0    |    0    |
|          |  zext_ln662_fu_166 |    0    |    0    |
|----------|--------------------|---------|---------|
|   trunc  | trunc_ln662_fu_170 |    0    |    0    |
|----------|--------------------|---------|---------|
|   Total  |                    |    0    |    46   |
|----------|--------------------|---------|---------|

Memories:
N/A

* Register list:
+------------------+--------+
|                  |   FF   |
+------------------+--------+
|   i_253_reg_198  |    5   |
|     i_reg_205    |    5   |
|t_130_addr_reg_219|    6   |
|t_131_addr_reg_224|    6   |
|t_132_addr_reg_229|    6   |
|  t_addr_reg_214  |    6   |
+------------------+--------+
|       Total      |   34   |
+------------------+--------+

* Multiplexer (MUX) list: 
|-------------------|------|------|------|--------||---------||---------||---------|
|        Comp       |  Pin | Size |  BW  | S x BW ||  Delay  ||    FF   ||   LUT   |
|-------------------|------|------|------|--------||---------||---------||---------|
|  grp_access_fu_86 |  p0  |   2  |   6  |   12   ||    0    ||    9    |
|  grp_access_fu_92 |  p0  |   2  |   6  |   12   ||    0    ||    9    |
|  grp_access_fu_98 |  p0  |   2  |   6  |   12   ||    0    ||    9    |
| grp_access_fu_104 |  p0  |   2  |   6  |   12   ||    0    ||    9    |
|-------------------|------|------|------|--------||---------||---------||---------|
|       Total       |      |      |      |   48   ||  6.352  ||    0    ||    36   |
|-------------------|------|------|------|--------||---------||---------||---------|



* Summary:
+-----------+--------+--------+--------+
|           |  Delay |   FF   |   LUT  |
+-----------+--------+--------+--------+
|  Function |    -   |    0   |   46   |
|   Memory  |    -   |    -   |    -   |
|Multiplexer|    6   |    0   |   36   |
|  Register |    -   |   34   |    -   |
+-----------+--------+--------+--------+
|   Total   |    6   |   34   |   82   |
+-----------+--------+--------+--------+
