

================================================================
== Vitis HLS Report for 'fp2_decode_34'
================================================================
* Date:           Wed Sep  3 15:14:09 2025

* Version:        2024.2.2 (Build 6049644 on Mar  5 2025)
* Project:        sikep503_hls
* Solution:       solution1 (Vivado IP Flow Target)
* Product family: virtexuplus58g
* Target device:  xcvu29p-fsga2577-2L-e


================================================================
== Performance Estimates
================================================================
+ Timing: 
    * Summary: 
    +--------+----------+----------+------------+
    |  Clock |  Target  | Estimated| Uncertainty|
    +--------+----------+----------+------------+
    |ap_clk  |  10.00 ns|  7.300 ns|     2.70 ns|
    +--------+----------+----------+------------+

+ Latency: 
    * Summary: 
    +---------+---------+----------+----------+-----+-----+---------+
    |  Latency (cycles) |  Latency (absolute) |  Interval | Pipeline|
    |   min   |   max   |    min   |    max   | min | max |   Type  |
    +---------+---------+----------+----------+-----+-----+---------+
    |      556|      768|  5.560 us|  7.680 us|  556|  768|       no|
    +---------+---------+----------+----------+-----+-----+---------+

    + Detail: 
        * Instance: 
        +--------------------------------------------------+----------------------------------------+---------+---------+----------+----------+-----+-----+------------------------------------------------+
        |                                                  |                                        |  Latency (cycles) |  Latency (absolute) |  Interval |                    Pipeline                    |
        |                     Instance                     |                 Module                 |   min   |   max   |    min   |    max   | min | max |                      Type                      |
        +--------------------------------------------------+----------------------------------------+---------+---------+----------+----------+-----+-----+------------------------------------------------+
        |grp_fp2_decode_34_Pipeline_VITIS_LOOP_53_1_fu_68  |fp2_decode_34_Pipeline_VITIS_LOOP_53_1  |      130|      130|  1.300 us|  1.300 us|  129|  129|  loop auto-rewind stp (delay=0 clock cycles(s))|
        |grp_fp2_decode_34_Pipeline_3_fu_76                |fp2_decode_34_Pipeline_3                |       18|       18|  0.180 us|  0.180 us|   17|   17|  loop auto-rewind stp (delay=0 clock cycles(s))|
        |grp_fp2_decode_34_Pipeline_4_fu_82                |fp2_decode_34_Pipeline_4                |       18|       18|  0.180 us|  0.180 us|   17|   17|  loop auto-rewind stp (delay=0 clock cycles(s))|
        |grp_fp2_decode_34_Pipeline_VITIS_LOOP_55_2_fu_88  |fp2_decode_34_Pipeline_VITIS_LOOP_55_2  |      137|      137|  1.370 us|  1.370 us|  128|  128|  loop auto-rewind stp (delay=0 clock cycles(s))|
        |grp_mul_5757_fu_99                                |mul_5757                                |       36|       36|  0.360 us|  0.360 us|   36|   36|                                              no|
        |grp_rdc_mont_53_fu_107                            |rdc_mont_53                             |      103|      209|  1.030 us|  2.090 us|  103|  209|                                              no|
        +--------------------------------------------------+----------------------------------------+---------+---------+----------+----------+-----+-----+------------------------------------------------+

        * Loop: 
        N/A

============================================================
+ Verbose Summary: Synthesis Manager
============================================================
InlineROM: 1
ExposeGlobal: 0
============================================================
+ Verbose Summary: CDFG Model
============================================================
IsTopModel: 0
ResetActiveHigh: 1
IsCombinational: 0
IsDatapathOnly: 0
HasWiredReturn: 1
HasMFsm: 0
HasVarLatency: 1
IsPipeline: 0
IsRtlPipelined: 0
IsInstanceOverlapped: 0
IsDontTouch: 0
HasImplIP: 0
IsGatedGlobalClock: 0


============================================================
+ Verbose Summary: Schedule
============================================================
* Number of FSM states : 12
* Pipeline : 0
* Dataflow Pipeline: 0

* FSM state transitions: 
1 --> 2 
2 --> 3 
3 --> 4 
4 --> 5 
5 --> 6 
6 --> 7 
7 --> 8 
8 --> 9 
9 --> 10 
10 --> 11 
11 --> 12 
12 --> 

* FSM state operations: 

State 1 <SV = 0> <Delay = 1.95>
ST_1 : Operation 13 [1/1] (0.00ns)   --->   "%x_read = read i9 @_ssdm_op_Read.ap_auto.i9, i9 %x"   --->   Operation 13 'read' 'x_read' <Predicate = true> <Delay = 0.00>
ST_1 : Operation 14 [1/1] (0.71ns)   --->   "%temp = alloca i64 1" [src/fpx.cpp:56->src/fpx.cpp:30->src/fpx.cpp:355->src/sidh.cpp:60]   --->   Operation 14 'alloca' 'temp' <Predicate = true> <Delay = 0.71>
ST_1 : Operation 15 [1/1] (0.71ns)   --->   "%temp_35 = alloca i64 1" [src/fpx.cpp:56->src/fpx.cpp:30->src/fpx.cpp:354->src/sidh.cpp:60]   --->   Operation 15 'alloca' 'temp_35' <Predicate = true> <Delay = 0.71>
ST_1 : Operation 16 [2/2] (1.95ns)   --->   "%call_ln0 = call void @fp2_decode.34_Pipeline_VITIS_LOOP_53_1, i9 %x_read, i64 %PKB"   --->   Operation 16 'call' 'call_ln0' <Predicate = true> <Delay = 1.95> <CoreType = "Generic">   --->   Generic Core
ST_1 : Operation 17 [2/2] (0.00ns)   --->   "%call_ln0 = call void @fp2_decode.34_Pipeline_3, i64 %temp_35"   --->   Operation 17 'call' 'call_ln0' <Predicate = true> <Delay = 0.00> <CoreType = "Generic">   --->   Generic Core
ST_1 : Operation 18 [2/2] (0.00ns)   --->   "%call_ln0 = call void @fp2_decode.34_Pipeline_4, i64 %temp"   --->   Operation 18 'call' 'call_ln0' <Predicate = true> <Delay = 0.00> <CoreType = "Generic">   --->   Generic Core

State 2 <SV = 1> <Delay = 1.48>
ST_2 : Operation 19 [1/2] (1.47ns)   --->   "%call_ln0 = call void @fp2_decode.34_Pipeline_VITIS_LOOP_53_1, i9 %x_read, i64 %PKB"   --->   Operation 19 'call' 'call_ln0' <Predicate = true> <Delay = 1.47> <CoreType = "Generic">   --->   Generic Core
ST_2 : Operation 20 [1/2] (1.48ns)   --->   "%call_ln0 = call void @fp2_decode.34_Pipeline_3, i64 %temp_35"   --->   Operation 20 'call' 'call_ln0' <Predicate = true> <Delay = 1.48> <CoreType = "Generic">   --->   Generic Core
ST_2 : Operation 21 [1/2] (1.48ns)   --->   "%call_ln0 = call void @fp2_decode.34_Pipeline_4, i64 %temp"   --->   Operation 21 'call' 'call_ln0' <Predicate = true> <Delay = 1.48> <CoreType = "Generic">   --->   Generic Core

State 3 <SV = 2> <Delay = 1.14>
ST_3 : Operation 22 [1/1] (0.00ns)   --->   "%enc_read = read i64 @_ssdm_op_Read.ap_auto.i64, i64 %enc"   --->   Operation 22 'read' 'enc_read' <Predicate = true> <Delay = 0.00>
ST_3 : Operation 23 [2/2] (1.14ns)   --->   "%call_ln0 = call void @fp2_decode.34_Pipeline_VITIS_LOOP_55_2, i64 %enc_read, i8 %gmem, i9 %x_read, i64 %PKB"   --->   Operation 23 'call' 'call_ln0' <Predicate = true> <Delay = 1.14> <CoreType = "Generic">   --->   Generic Core

State 4 <SV = 3> <Delay = 0.00>
ST_4 : Operation 24 [1/2] (0.00ns)   --->   "%call_ln0 = call void @fp2_decode.34_Pipeline_VITIS_LOOP_55_2, i64 %enc_read, i8 %gmem, i9 %x_read, i64 %PKB"   --->   Operation 24 'call' 'call_ln0' <Predicate = true> <Delay = 0.00> <CoreType = "Generic">   --->   Generic Core

State 5 <SV = 4> <Delay = 1.42>
ST_5 : Operation 25 [2/2] (1.42ns)   --->   "%call_ln283 = call void @mul.5757, i64 %PKB, i9 %x_read, i64 %temp_35" [src/generic/fp_generic.cpp:283->src/fpx.cpp:58->src/fpx.cpp:30->src/fpx.cpp:354->src/sidh.cpp:60]   --->   Operation 25 'call' 'call_ln283' <Predicate = true> <Delay = 1.42> <CoreType = "Generic">   --->   Generic Core

State 6 <SV = 5> <Delay = 0.00>
ST_6 : Operation 26 [1/2] (0.00ns)   --->   "%call_ln283 = call void @mul.5757, i64 %PKB, i9 %x_read, i64 %temp_35" [src/generic/fp_generic.cpp:283->src/fpx.cpp:58->src/fpx.cpp:30->src/fpx.cpp:354->src/sidh.cpp:60]   --->   Operation 26 'call' 'call_ln283' <Predicate = true> <Delay = 0.00> <CoreType = "Generic">   --->   Generic Core

State 7 <SV = 6> <Delay = 1.42>
ST_7 : Operation 27 [2/2] (1.42ns)   --->   "%call_ln59 = call void @rdc_mont.53, i64 %temp_35, i64 %PKB, i9 %x_read, i64 %p503p1_1" [src/fpx.cpp:59->src/fpx.cpp:30->src/fpx.cpp:354->src/sidh.cpp:60]   --->   Operation 27 'call' 'call_ln59' <Predicate = true> <Delay = 1.42> <CoreType = "Generic">   --->   Generic Core

State 8 <SV = 7> <Delay = 0.00>
ST_8 : Operation 28 [1/2] (0.00ns)   --->   "%call_ln59 = call void @rdc_mont.53, i64 %temp_35, i64 %PKB, i9 %x_read, i64 %p503p1_1" [src/fpx.cpp:59->src/fpx.cpp:30->src/fpx.cpp:354->src/sidh.cpp:60]   --->   Operation 28 'call' 'call_ln59' <Predicate = true> <Delay = 0.00> <CoreType = "Generic">   --->   Generic Core

State 9 <SV = 8> <Delay = 2.14>
ST_9 : Operation 29 [1/1] (0.71ns)   --->   "%add_ln283 = add i9 %x_read, i9 64" [src/generic/fp_generic.cpp:283->src/fpx.cpp:58->src/fpx.cpp:30->src/fpx.cpp:355->src/sidh.cpp:60]   --->   Operation 29 'add' 'add_ln283' <Predicate = true> <Delay = 0.71> <CoreInst = "Adder">   --->   Core 1 'Adder' <Latency = 0> <II = 1> <Delay = 0.71> <FuncUnit> <Opcode : 'add' 'sub'> <InPorts = 2> <OutPorts = 1>
ST_9 : Operation 30 [2/2] (1.42ns)   --->   "%call_ln283 = call void @mul.5757, i64 %PKB, i9 %add_ln283, i64 %temp" [src/generic/fp_generic.cpp:283->src/fpx.cpp:58->src/fpx.cpp:30->src/fpx.cpp:355->src/sidh.cpp:60]   --->   Operation 30 'call' 'call_ln283' <Predicate = true> <Delay = 1.42> <CoreType = "Generic">   --->   Generic Core

State 10 <SV = 9> <Delay = 0.00>
ST_10 : Operation 31 [1/2] (0.00ns)   --->   "%call_ln283 = call void @mul.5757, i64 %PKB, i9 %add_ln283, i64 %temp" [src/generic/fp_generic.cpp:283->src/fpx.cpp:58->src/fpx.cpp:30->src/fpx.cpp:355->src/sidh.cpp:60]   --->   Operation 31 'call' 'call_ln283' <Predicate = true> <Delay = 0.00> <CoreType = "Generic">   --->   Generic Core

State 11 <SV = 10> <Delay = 1.42>
ST_11 : Operation 32 [2/2] (1.42ns)   --->   "%call_ln59 = call void @rdc_mont.53, i64 %temp, i64 %PKB, i9 %add_ln283, i64 %p503p1_1" [src/fpx.cpp:59->src/fpx.cpp:30->src/fpx.cpp:355->src/sidh.cpp:60]   --->   Operation 32 'call' 'call_ln59' <Predicate = true> <Delay = 1.42> <CoreType = "Generic">   --->   Generic Core

State 12 <SV = 11> <Delay = 0.00>
ST_12 : Operation 33 [1/1] (0.00ns)   --->   "%specinterface_ln0 = specinterface void @_ssdm_op_SpecInterface, i8 %gmem, void @empty, i32 0, i32 0, void @empty_82, i32 0, i32 0, void @empty_72, void @empty_73, void @empty_82, i32 16, i32 16, i32 16, i32 16, void @empty_82, void @empty_82, i32 4294967295, i32 0, i32 0"   --->   Operation 33 'specinterface' 'specinterface_ln0' <Predicate = true> <Delay = 0.00>
ST_12 : Operation 34 [1/1] (0.00ns)   --->   "%specbramwithbyteenable_ln0 = specbramwithbyteenable void @_ssdm_op_SpecBRAMWithByteEnable, i64 %PKB"   --->   Operation 34 'specbramwithbyteenable' 'specbramwithbyteenable_ln0' <Predicate = true> <Delay = 0.00>
ST_12 : Operation 35 [1/2] (0.00ns)   --->   "%call_ln59 = call void @rdc_mont.53, i64 %temp, i64 %PKB, i9 %add_ln283, i64 %p503p1_1" [src/fpx.cpp:59->src/fpx.cpp:30->src/fpx.cpp:355->src/sidh.cpp:60]   --->   Operation 35 'call' 'call_ln59' <Predicate = true> <Delay = 0.00> <CoreType = "Generic">   --->   Generic Core
ST_12 : Operation 36 [1/1] (0.00ns)   --->   "%ret_ln61 = ret" [src/sidh.cpp:61]   --->   Operation 36 'ret' 'ret_ln61' <Predicate = true> <Delay = 0.00>


============================================================
+ Verbose Summary: Binding
============================================================
STG Binding: 
---------------- STG Properties BEGIN ----------------
- Is combinational: 0
- Is one-state seq: 0
- Is datapath-only: 0
- Is pipelined: 0
- Is top level: 0
Port [ Return ] is wired: 1; IO mode=ap_ctrl_hs:ce=0
Port [ gmem]:  wired=1; compound=1; hidden=0; nouse=0; global=0; static=0; extern=0; dir=0; type=4; pingpong=0; private_global=0; IO mode=m_axi:ce=0
Port [ enc]:  wired=1; compound=0; hidden=0; nouse=0; global=0; static=0; extern=0; dir=0; type=0; pingpong=0; private_global=0; IO mode=ap_none:ce=0
Port [ PKB]:  wired=1; compound=1; hidden=0; nouse=0; global=0; static=0; extern=0; dir=2; type=1; pingpong=0; private_global=0; MemPort=[23]; IO mode=ap_memory:ce=0
Port [ x]:  wired=1; compound=0; hidden=0; nouse=0; global=0; static=0; extern=0; dir=0; type=0; pingpong=0; private_global=0; IO mode=ap_none:ce=0
Port [ p503p1_1]:  wired=0; compound=1; hidden=1; nouse=1; global=1; static=1; extern=0; dir=0; type=1; pingpong=0; private_global=0; MemPort=[1]; IO mode=ap_memory:ce=0
---------------- STG Properties END ------------------

---------------- Datapath Model BEGIN ----------------

<LifeTime>
<method=bitvector/>
x_read                     (read                  ) [ 0011111111000]
temp                       (alloca                ) [ 0011111111111]
temp_35                    (alloca                ) [ 0011111110000]
call_ln0                   (call                  ) [ 0000000000000]
call_ln0                   (call                  ) [ 0000000000000]
call_ln0                   (call                  ) [ 0000000000000]
enc_read                   (read                  ) [ 0000100000000]
call_ln0                   (call                  ) [ 0000000000000]
call_ln283                 (call                  ) [ 0000000000000]
call_ln59                  (call                  ) [ 0000000000000]
add_ln283                  (add                   ) [ 0000000000111]
call_ln283                 (call                  ) [ 0000000000000]
specinterface_ln0          (specinterface         ) [ 0000000000000]
specbramwithbyteenable_ln0 (specbramwithbyteenable) [ 0000000000000]
call_ln59                  (call                  ) [ 0000000000000]
ret_ln61                   (ret                   ) [ 0000000000000]
</LifeTime>

<model>

<comp_list>
<comp id="0" class="1000" name="gmem">
<pin_list>
<pin id="1" dir="1" index="0" bw="1" slack="0"/>
</pin_list>
<bind>
<StgValue><ssdm name="gmem"/><MemPortTyVec>0 </MemPortTyVec>
</StgValue>
</bind>
</comp>

<comp id="2" class="1000" name="enc">
<pin_list>
<pin id="3" dir="1" index="0" bw="1" slack="0"/>
</pin_list>
<bind>
<StgValue><ssdm name="enc"/></StgValue>
</bind>
</comp>

<comp id="4" class="1000" name="PKB">
<pin_list>
<pin id="5" dir="1" index="0" bw="1" slack="0"/>
</pin_list>
<bind>
<StgValue><ssdm name="PKB"/><MemPortTyVec>2 3 </MemPortTyVec>
</StgValue>
</bind>
</comp>

<comp id="6" class="1000" name="x">
<pin_list>
<pin id="7" dir="1" index="0" bw="1" slack="0"/>
</pin_list>
<bind>
<StgValue><ssdm name="x"/></StgValue>
</bind>
</comp>

<comp id="8" class="1000" name="p503p1_1">
<pin_list>
<pin id="9" dir="1" index="0" bw="1" slack="0"/>
</pin_list>
<bind>
<StgValue><ssdm name="p503p1_1"/><MemPortTyVec>1 </MemPortTyVec>
</StgValue>
</bind>
</comp>

<comp id="10" class="1001" name="const_10">
<pin_list>
<pin id="11" dir="1" index="0" bw="1" slack="0"/>
</pin_list>
<bind>
<StgValue><ssdm name="_ssdm_op_Read.ap_auto.i9"/></StgValue>
</bind>
</comp>

<comp id="12" class="1001" name="const_12">
<pin_list>
<pin id="13" dir="1" index="0" bw="1" slack="0"/>
</pin_list>
<bind>
<StgValue><ssdm name=""/></StgValue>
</bind>
</comp>

<comp id="14" class="1001" name="const_14">
<pin_list>
<pin id="15" dir="1" index="0" bw="1" slack="0"/>
</pin_list>
<bind>
<StgValue><ssdm name="fp2_decode.34_Pipeline_VITIS_LOOP_53_1"/></StgValue>
</bind>
</comp>

<comp id="16" class="1001" name="const_16">
<pin_list>
<pin id="17" dir="1" index="0" bw="1" slack="0"/>
</pin_list>
<bind>
<StgValue><ssdm name="fp2_decode.34_Pipeline_3"/></StgValue>
</bind>
</comp>

<comp id="18" class="1001" name="const_18">
<pin_list>
<pin id="19" dir="1" index="0" bw="1" slack="0"/>
</pin_list>
<bind>
<StgValue><ssdm name="fp2_decode.34_Pipeline_4"/></StgValue>
</bind>
</comp>

<comp id="20" class="1001" name="const_20">
<pin_list>
<pin id="21" dir="1" index="0" bw="1" slack="0"/>
</pin_list>
<bind>
<StgValue><ssdm name="_ssdm_op_Read.ap_auto.i64"/></StgValue>
</bind>
</comp>

<comp id="22" class="1001" name="const_22">
<pin_list>
<pin id="23" dir="1" index="0" bw="1" slack="0"/>
</pin_list>
<bind>
<StgValue><ssdm name="fp2_decode.34_Pipeline_VITIS_LOOP_55_2"/></StgValue>
</bind>
</comp>

<comp id="24" class="1001" name="const_24">
<pin_list>
<pin id="25" dir="1" index="0" bw="1" slack="0"/>
</pin_list>
<bind>
<StgValue><ssdm name="mul.5757"/></StgValue>
</bind>
</comp>

<comp id="26" class="1001" name="const_26">
<pin_list>
<pin id="27" dir="1" index="0" bw="1" slack="0"/>
</pin_list>
<bind>
<StgValue><ssdm name="rdc_mont.53"/></StgValue>
</bind>
</comp>

<comp id="28" class="1001" name="const_28">
<pin_list>
<pin id="29" dir="1" index="0" bw="1" slack="0"/>
</pin_list>
<bind>
<StgValue><ssdm name=""/></StgValue>
</bind>
</comp>

<comp id="30" class="1001" name="const_30">
<pin_list>
<pin id="31" dir="1" index="0" bw="1" slack="2147483647"/>
</pin_list>
<bind>
<StgValue><ssdm name="_ssdm_op_SpecInterface"/></StgValue>
</bind>
</comp>

<comp id="32" class="1001" name="const_32">
<pin_list>
<pin id="33" dir="1" index="0" bw="1" slack="2147483647"/>
</pin_list>
<bind>
<StgValue><ssdm name="empty"/></StgValue>
</bind>
</comp>

<comp id="34" class="1001" name="const_34">
<pin_list>
<pin id="35" dir="1" index="0" bw="1" slack="2147483647"/>
</pin_list>
<bind>
<StgValue><ssdm name=""/></StgValue>
</bind>
</comp>

<comp id="36" class="1001" name="const_36">
<pin_list>
<pin id="37" dir="1" index="0" bw="1" slack="2147483647"/>
</pin_list>
<bind>
<StgValue><ssdm name="empty_82"/></StgValue>
</bind>
</comp>

<comp id="38" class="1001" name="const_38">
<pin_list>
<pin id="39" dir="1" index="0" bw="1" slack="2147483647"/>
</pin_list>
<bind>
<StgValue><ssdm name="empty_72"/></StgValue>
</bind>
</comp>

<comp id="40" class="1001" name="const_40">
<pin_list>
<pin id="41" dir="1" index="0" bw="1" slack="2147483647"/>
</pin_list>
<bind>
<StgValue><ssdm name="empty_73"/></StgValue>
</bind>
</comp>

<comp id="42" class="1001" name="const_42">
<pin_list>
<pin id="43" dir="1" index="0" bw="1" slack="2147483647"/>
</pin_list>
<bind>
<StgValue><ssdm name=""/></StgValue>
</bind>
</comp>

<comp id="44" class="1001" name="const_44">
<pin_list>
<pin id="45" dir="1" index="0" bw="1" slack="2147483647"/>
</pin_list>
<bind>
<StgValue><ssdm name=""/></StgValue>
</bind>
</comp>

<comp id="46" class="1001" name="const_46">
<pin_list>
<pin id="47" dir="1" index="0" bw="1" slack="2147483647"/>
</pin_list>
<bind>
<StgValue><ssdm name="_ssdm_op_SpecBRAMWithByteEnable"/></StgValue>
</bind>
</comp>

<comp id="48" class="1004" name="temp_alloca_fu_48">
<pin_list>
<pin id="49" dir="0" index="0" bw="1" slack="0"/>
<pin id="50" dir="1" index="1" bw="64" slack="0"/>
</pin_list>
<bind>
<opcode="alloca(26) " fcode="alloca"/>
<opset="temp/1 "/>
</bind>
</comp>

<comp id="52" class="1004" name="temp_35_alloca_fu_52">
<pin_list>
<pin id="53" dir="0" index="0" bw="1" slack="0"/>
<pin id="54" dir="1" index="1" bw="64" slack="0"/>
</pin_list>
<bind>
<opcode="alloca(26) " fcode="alloca"/>
<opset="temp_35/1 "/>
</bind>
</comp>

<comp id="56" class="1004" name="x_read_read_fu_56">
<pin_list>
<pin id="57" dir="0" index="0" bw="9" slack="0"/>
<pin id="58" dir="0" index="1" bw="9" slack="0"/>
<pin id="59" dir="1" index="2" bw="9" slack="0"/>
</pin_list>
<bind>
<opcode="read(1150) " fcode="read"/>
<opset="x_read/1 "/>
</bind>
</comp>

<comp id="62" class="1004" name="enc_read_read_fu_62">
<pin_list>
<pin id="63" dir="0" index="0" bw="64" slack="0"/>
<pin id="64" dir="0" index="1" bw="64" slack="0"/>
<pin id="65" dir="1" index="2" bw="64" slack="0"/>
</pin_list>
<bind>
<opcode="read(1150) " fcode="read"/>
<opset="enc_read/3 "/>
</bind>
</comp>

<comp id="68" class="1004" name="grp_fp2_decode_34_Pipeline_VITIS_LOOP_53_1_fu_68">
<pin_list>
<pin id="69" dir="0" index="0" bw="0" slack="0"/>
<pin id="70" dir="0" index="1" bw="9" slack="0"/>
<pin id="71" dir="0" index="2" bw="64" slack="0"/>
<pin id="72" dir="1" index="3" bw="0" slack="2147483647"/>
</pin_list>
<bind>
<opcode="call(48) " fcode="call"/>
<opset="call_ln0/1 "/>
</bind>
</comp>

<comp id="76" class="1004" name="grp_fp2_decode_34_Pipeline_3_fu_76">
<pin_list>
<pin id="77" dir="0" index="0" bw="0" slack="0"/>
<pin id="78" dir="0" index="1" bw="64" slack="0"/>
<pin id="79" dir="1" index="2" bw="0" slack="2147483647"/>
</pin_list>
<bind>
<opcode="call(48) " fcode="call"/>
<opset="call_ln0/1 "/>
</bind>
</comp>

<comp id="82" class="1004" name="grp_fp2_decode_34_Pipeline_4_fu_82">
<pin_list>
<pin id="83" dir="0" index="0" bw="0" slack="0"/>
<pin id="84" dir="0" index="1" bw="64" slack="0"/>
<pin id="85" dir="1" index="2" bw="0" slack="2147483647"/>
</pin_list>
<bind>
<opcode="call(48) " fcode="call"/>
<opset="call_ln0/1 "/>
</bind>
</comp>

<comp id="88" class="1004" name="grp_fp2_decode_34_Pipeline_VITIS_LOOP_55_2_fu_88">
<pin_list>
<pin id="89" dir="0" index="0" bw="0" slack="0"/>
<pin id="90" dir="0" index="1" bw="64" slack="0"/>
<pin id="91" dir="0" index="2" bw="8" slack="0"/>
<pin id="92" dir="0" index="3" bw="9" slack="2"/>
<pin id="93" dir="0" index="4" bw="64" slack="0"/>
<pin id="94" dir="1" index="5" bw="0" slack="2147483647"/>
</pin_list>
<bind>
<opcode="call(48) " fcode="call"/>
<opset="call_ln0/3 "/>
</bind>
</comp>

<comp id="99" class="1004" name="grp_mul_5757_fu_99">
<pin_list>
<pin id="100" dir="0" index="0" bw="0" slack="0"/>
<pin id="101" dir="0" index="1" bw="64" slack="0"/>
<pin id="102" dir="0" index="2" bw="9" slack="0"/>
<pin id="103" dir="0" index="3" bw="64" slack="2147483647"/>
<pin id="104" dir="1" index="4" bw="0" slack="2147483647"/>
</pin_list>
<bind>
<opcode="call(48) " fcode="call"/>
<opset="call_ln283/5 call_ln283/9 "/>
</bind>
</comp>

<comp id="107" class="1004" name="grp_rdc_mont_53_fu_107">
<pin_list>
<pin id="108" dir="0" index="0" bw="0" slack="0"/>
<pin id="109" dir="0" index="1" bw="64" slack="2147483647"/>
<pin id="110" dir="0" index="2" bw="64" slack="0"/>
<pin id="111" dir="0" index="3" bw="9" slack="2"/>
<pin id="112" dir="0" index="4" bw="64" slack="0"/>
<pin id="113" dir="1" index="5" bw="0" slack="2147483647"/>
</pin_list>
<bind>
<opcode="call(48) " fcode="call"/>
<opset="call_ln59/7 call_ln59/11 "/>
</bind>
</comp>

<comp id="117" class="1004" name="add_ln283_fu_117">
<pin_list>
<pin id="118" dir="0" index="0" bw="9" slack="8"/>
<pin id="119" dir="0" index="1" bw="8" slack="0"/>
<pin id="120" dir="1" index="2" bw="9" slack="0"/>
</pin_list>
<bind>
<opcode="add(8) " fcode="add"/>
<opset="add_ln283/9 "/>
</bind>
</comp>

<comp id="123" class="1005" name="x_read_reg_123">
<pin_list>
<pin id="124" dir="0" index="0" bw="9" slack="1"/>
<pin id="125" dir="1" index="1" bw="9" slack="1"/>
</pin_list>
<bind>
<opset="x_read "/>
</bind>
</comp>

<comp id="132" class="1005" name="enc_read_reg_132">
<pin_list>
<pin id="133" dir="0" index="0" bw="64" slack="1"/>
<pin id="134" dir="1" index="1" bw="64" slack="1"/>
</pin_list>
<bind>
<opset="enc_read "/>
</bind>
</comp>

<comp id="137" class="1005" name="add_ln283_reg_137">
<pin_list>
<pin id="138" dir="0" index="0" bw="9" slack="1"/>
<pin id="139" dir="1" index="1" bw="9" slack="1"/>
</pin_list>
<bind>
<opset="add_ln283 "/>
</bind>
</comp>

</comp_list>

<net_list>
<net id="51"><net_src comp="12" pin="0"/><net_sink comp="48" pin=0"/></net>

<net id="55"><net_src comp="12" pin="0"/><net_sink comp="52" pin=0"/></net>

<net id="60"><net_src comp="10" pin="0"/><net_sink comp="56" pin=0"/></net>

<net id="61"><net_src comp="6" pin="0"/><net_sink comp="56" pin=1"/></net>

<net id="66"><net_src comp="20" pin="0"/><net_sink comp="62" pin=0"/></net>

<net id="67"><net_src comp="2" pin="0"/><net_sink comp="62" pin=1"/></net>

<net id="73"><net_src comp="14" pin="0"/><net_sink comp="68" pin=0"/></net>

<net id="74"><net_src comp="56" pin="2"/><net_sink comp="68" pin=1"/></net>

<net id="75"><net_src comp="4" pin="0"/><net_sink comp="68" pin=2"/></net>

<net id="80"><net_src comp="16" pin="0"/><net_sink comp="76" pin=0"/></net>

<net id="81"><net_src comp="52" pin="1"/><net_sink comp="76" pin=1"/></net>

<net id="86"><net_src comp="18" pin="0"/><net_sink comp="82" pin=0"/></net>

<net id="87"><net_src comp="48" pin="1"/><net_sink comp="82" pin=1"/></net>

<net id="95"><net_src comp="22" pin="0"/><net_sink comp="88" pin=0"/></net>

<net id="96"><net_src comp="62" pin="2"/><net_sink comp="88" pin=1"/></net>

<net id="97"><net_src comp="0" pin="0"/><net_sink comp="88" pin=2"/></net>

<net id="98"><net_src comp="4" pin="0"/><net_sink comp="88" pin=4"/></net>

<net id="105"><net_src comp="24" pin="0"/><net_sink comp="99" pin=0"/></net>

<net id="106"><net_src comp="4" pin="0"/><net_sink comp="99" pin=1"/></net>

<net id="114"><net_src comp="26" pin="0"/><net_sink comp="107" pin=0"/></net>

<net id="115"><net_src comp="4" pin="0"/><net_sink comp="107" pin=2"/></net>

<net id="116"><net_src comp="8" pin="0"/><net_sink comp="107" pin=4"/></net>

<net id="121"><net_src comp="28" pin="0"/><net_sink comp="117" pin=1"/></net>

<net id="122"><net_src comp="117" pin="2"/><net_sink comp="99" pin=2"/></net>

<net id="126"><net_src comp="56" pin="2"/><net_sink comp="123" pin=0"/></net>

<net id="127"><net_src comp="123" pin="1"/><net_sink comp="68" pin=1"/></net>

<net id="128"><net_src comp="123" pin="1"/><net_sink comp="88" pin=3"/></net>

<net id="129"><net_src comp="123" pin="1"/><net_sink comp="99" pin=2"/></net>

<net id="130"><net_src comp="123" pin="1"/><net_sink comp="107" pin=3"/></net>

<net id="131"><net_src comp="123" pin="1"/><net_sink comp="117" pin=0"/></net>

<net id="135"><net_src comp="62" pin="2"/><net_sink comp="132" pin=0"/></net>

<net id="136"><net_src comp="132" pin="1"/><net_sink comp="88" pin=1"/></net>

<net id="140"><net_src comp="117" pin="2"/><net_sink comp="137" pin=0"/></net>

<net id="141"><net_src comp="137" pin="1"/><net_sink comp="99" pin=2"/></net>

<net id="142"><net_src comp="137" pin="1"/><net_sink comp="107" pin=3"/></net>

</net_list>

</model> 
---------------- Datapath Model END ------------------

* FSMD analyzer results:
  - Output states:
	Port: PKB | {1 2 3 4 7 8 11 12 }
 - Input state : 
	Port: fp2_decode.34 : gmem | {3 4 }
	Port: fp2_decode.34 : enc | {3 }
	Port: fp2_decode.34 : PKB | {5 6 7 8 9 10 11 12 }
	Port: fp2_decode.34 : x | {1 }
	Port: fp2_decode.34 : p503p1_1 | {7 8 11 12 }
  - Chain level:
	State 1
		call_ln0 : 1
		call_ln0 : 1
	State 2
	State 3
	State 4
	State 5
	State 6
	State 7
	State 8
	State 9
		call_ln283 : 1
	State 10
	State 11
	State 12


============================================================
+ Verbose Summary: Datapath Resource usage 
============================================================

* Functional unit list:
|----------|--------------------------------------------------|---------|---------|---------|---------|
| Operation|                  Functional Unit                 |   DSP   |  Delay  |    FF   |   LUT   |
|----------|--------------------------------------------------|---------|---------|---------|---------|
|          | grp_fp2_decode_34_Pipeline_VITIS_LOOP_53_1_fu_68 |    0    |    0    |    8    |    53   |
|          |        grp_fp2_decode_34_Pipeline_3_fu_76        |    0    |    0    |    5    |    24   |
|   call   |        grp_fp2_decode_34_Pipeline_4_fu_82        |    0    |    0    |    5    |    24   |
|          | grp_fp2_decode_34_Pipeline_VITIS_LOOP_55_2_fu_88 |    0    |  0.774  |    54   |   278   |
|          |                grp_mul_5757_fu_99                |   359   |   3.87  |   8032  |  13148  |
|          |              grp_rdc_mont_53_fu_107              |    32   | 5.96929 |   1573  |   4687  |
|----------|--------------------------------------------------|---------|---------|---------|---------|
|    add   |                 add_ln283_fu_117                 |    0    |    0    |    0    |    16   |
|----------|--------------------------------------------------|---------|---------|---------|---------|
|   read   |                 x_read_read_fu_56                |    0    |    0    |    0    |    0    |
|          |                enc_read_read_fu_62               |    0    |    0    |    0    |    0    |
|----------|--------------------------------------------------|---------|---------|---------|---------|
|   Total  |                                                  |   391   | 10.6133 |   9677  |  18230  |
|----------|--------------------------------------------------|---------|---------|---------|---------|

Memories:
+-------+--------+--------+--------+--------+
|       |  BRAM  |   FF   |   LUT  |  URAM  |
+-------+--------+--------+--------+--------+
|  temp |    0   |   64   |   65   |    0   |
|temp_35|    0   |   64   |   65   |    0   |
+-------+--------+--------+--------+--------+
| Total |    0   |   128  |   130  |    0   |
+-------+--------+--------+--------+--------+

* Register list:
+-----------------+--------+
|                 |   FF   |
+-----------------+--------+
|add_ln283_reg_137|    9   |
| enc_read_reg_132|   64   |
|  x_read_reg_123 |    9   |
+-----------------+--------+
|      Total      |   82   |
+-----------------+--------+

* Multiplexer (MUX) list: 
|--------------------------------------------------|------|------|------|--------||---------||---------||---------|
|                       Comp                       |  Pin | Size |  BW  | S x BW ||  Delay  ||    FF   ||   LUT   |
|--------------------------------------------------|------|------|------|--------||---------||---------||---------|
| grp_fp2_decode_34_Pipeline_VITIS_LOOP_53_1_fu_68 |  p1  |   2  |   9  |   18   ||    0    ||    9    |
| grp_fp2_decode_34_Pipeline_VITIS_LOOP_55_2_fu_88 |  p1  |   2  |  64  |   128  ||    0    ||    9    |
|                grp_mul_5757_fu_99                |  p2  |   3  |   9  |   27   ||    0    ||    14   |
|              grp_rdc_mont_53_fu_107              |  p3  |   2  |   9  |   18   ||    0    ||    9    |
|--------------------------------------------------|------|------|------|--------||---------||---------||---------|
|                       Total                      |      |      |      |   191  || 1.58086 ||    0    ||    41   |
|--------------------------------------------------|------|------|------|--------||---------||---------||---------|



* Summary:
+-----------+--------+--------+--------+--------+--------+--------+
|           |  BRAM  |   DSP  |  Delay |   FF   |   LUT  |  URAM  |
+-----------+--------+--------+--------+--------+--------+--------+
|  Function |    -   |   391  |   10   |  9677  |  18230 |    -   |
|   Memory  |    0   |    -   |    -   |   128  |   130  |    0   |
|Multiplexer|    -   |    -   |    1   |    0   |   41   |    -   |
|  Register |    -   |    -   |    -   |   82   |    -   |    -   |
+-----------+--------+--------+--------+--------+--------+--------+
|   Total   |    0   |   391  |   12   |  9887  |  18401 |    0   |
+-----------+--------+--------+--------+--------+--------+--------+
