

================================================================
== Vitis HLS Report for 'fp2div2_503_Pipeline_VITIS_LOOP_91_163'
================================================================
* Date:           Fri Sep 12 13:57:33 2025

* Version:        2024.2.2 (Build 6049644 on Mar  5 2025)
* Project:        sikep503_hls
* Solution:       solution1 (Vivado IP Flow Target)
* Product family: virtexuplus58g
* Target device:  xcvu29p-fsga2577-2L-e


================================================================
== Performance Estimates
================================================================
+ Timing: 
    * Summary: 
    +--------+----------+----------+------------+
    |  Clock |  Target  | Estimated| Uncertainty|
    +--------+----------+----------+------------+
    |ap_clk  |  10.00 ns|  4.306 ns|     2.70 ns|
    +--------+----------+----------+------------+

+ Latency: 
    * Summary: 
    +---------+---------+----------+----------+-----+-----+------------------------------------------------+
    |  Latency (cycles) |  Latency (absolute) |  Interval |                    Pipeline                    |
    |   min   |   max   |    min   |    max   | min | max |                      Type                      |
    +---------+---------+----------+----------+-----+-----+------------------------------------------------+
    |       18|       18|  0.180 us|  0.180 us|   17|   17|  loop auto-rewind stp (delay=0 clock cycles(s))|
    +---------+---------+----------+----------+-----+-----+------------------------------------------------+

    + Detail: 
        * Instance: 
        N/A

        * Loop: 
        +-------------------+---------+---------+----------+-----------+-----------+------+----------+
        |                   |  Latency (cycles) | Iteration|  Initiation Interval  | Trip |          |
        |     Loop Name     |   min   |   max   |  Latency |  achieved |   target  | Count| Pipelined|
        +-------------------+---------+---------+----------+-----------+-----------+------+----------+
        |- VITIS_LOOP_91_1  |       16|       16|         2|          2|          1|     8|       yes|
        +-------------------+---------+---------+----------+-----------+-----------+------+----------+

============================================================
+ Verbose Summary: Synthesis Manager
============================================================
InlineROM: 1
ExposeGlobal: 0
============================================================
+ Verbose Summary: CDFG Model
============================================================
IsTopModel: 0
ResetActiveHigh: 1
IsCombinational: 0
IsDatapathOnly: 0
HasWiredReturn: 1
HasMFsm: 2
HasVarLatency: 1
IsPipeline: 0
IsRtlPipelined: 0
IsInstanceOverlapped: 0
IsDontTouch: 0
HasImplIP: 0
IsGatedGlobalClock: 0

+ Individual pipeline summary: 
  * Pipeline-0: initiation interval (II) = 2, depth = 2


============================================================
+ Verbose Summary: Schedule
============================================================
* Number of FSM states : 2
* Pipeline : 1
  Pipeline-0 : II = 2, D = 2, States = { 1 2 }
* Dataflow Pipeline: 0

* FSM state transitions: 
1 --> 2 
2 --> 

* FSM state operations: 

State 1 <SV = 0> <Delay = 1.10>
ST_1 : Operation 5 [1/1] (0.00ns)   --->   "%i_140 = alloca i32 1" [src/generic/fp_generic.cpp:89->src/fpx.cpp:114]   --->   Operation 5 'alloca' 'i_140' <Predicate = true> <Delay = 0.00>
ST_1 : Operation 6 [1/1] (0.00ns)   --->   "%sext_ln90_1_read = read i1 @_ssdm_op_Read.ap_auto.i1, i1 %sext_ln90_1"   --->   Operation 6 'read' 'sext_ln90_1_read' <Predicate = true> <Delay = 0.00>
ST_1 : Operation 7 [1/1] (0.27ns)   --->   "%sext_ln90_1_cast = select i1 %sext_ln90_1_read, i64 18446744073709551615, i64 0"   --->   Operation 7 'select' 'sext_ln90_1_cast' <Predicate = true> <Delay = 0.27> <CoreInst = "Sel">   --->   Core 73 'Sel' <Latency = 0> <II = 1> <Delay = 0.27> <FuncUnit> <Opcode : 'select'> <InPorts = 3> <OutPorts = 1>
ST_1 : Operation 8 [1/1] (0.00ns)   --->   "%specmemcore_ln0 = specmemcore void @_ssdm_op_SpecMemCore, i64 %c_7, i64 666, i64 17, i64 18446744073709551615"   --->   Operation 8 'specmemcore' 'specmemcore_ln0' <Predicate = true> <Delay = 0.00>
ST_1 : Operation 9 [1/1] (0.00ns)   --->   "%specmemcore_ln0 = specmemcore void @_ssdm_op_SpecMemCore, i64 %c_6, i64 666, i64 17, i64 18446744073709551615"   --->   Operation 9 'specmemcore' 'specmemcore_ln0' <Predicate = true> <Delay = 0.00>
ST_1 : Operation 10 [1/1] (0.00ns)   --->   "%specmemcore_ln0 = specmemcore void @_ssdm_op_SpecMemCore, i64 %c_5, i64 666, i64 17, i64 18446744073709551615"   --->   Operation 10 'specmemcore' 'specmemcore_ln0' <Predicate = true> <Delay = 0.00>
ST_1 : Operation 11 [1/1] (0.00ns)   --->   "%specmemcore_ln0 = specmemcore void @_ssdm_op_SpecMemCore, i64 %c_4, i64 666, i64 17, i64 18446744073709551615"   --->   Operation 11 'specmemcore' 'specmemcore_ln0' <Predicate = true> <Delay = 0.00>
ST_1 : Operation 12 [1/1] (0.00ns)   --->   "%specmemcore_ln0 = specmemcore void @_ssdm_op_SpecMemCore, i64 %c_3, i64 666, i64 17, i64 18446744073709551615"   --->   Operation 12 'specmemcore' 'specmemcore_ln0' <Predicate = true> <Delay = 0.00>
ST_1 : Operation 13 [1/1] (0.00ns)   --->   "%specmemcore_ln0 = specmemcore void @_ssdm_op_SpecMemCore, i64 %c_2, i64 666, i64 17, i64 18446744073709551615"   --->   Operation 13 'specmemcore' 'specmemcore_ln0' <Predicate = true> <Delay = 0.00>
ST_1 : Operation 14 [1/1] (0.00ns)   --->   "%specmemcore_ln0 = specmemcore void @_ssdm_op_SpecMemCore, i64 %c_1, i64 666, i64 17, i64 18446744073709551615"   --->   Operation 14 'specmemcore' 'specmemcore_ln0' <Predicate = true> <Delay = 0.00>
ST_1 : Operation 15 [1/1] (0.00ns)   --->   "%specmemcore_ln0 = specmemcore void @_ssdm_op_SpecMemCore, i64 %c_0, i64 666, i64 17, i64 18446744073709551615"   --->   Operation 15 'specmemcore' 'specmemcore_ln0' <Predicate = true> <Delay = 0.00>
ST_1 : Operation 16 [1/1] (0.38ns)   --->   "%store_ln89 = store i4 0, i4 %i_140" [src/generic/fp_generic.cpp:89->src/fpx.cpp:114]   --->   Operation 16 'store' 'store_ln89' <Predicate = true> <Delay = 0.38>
ST_1 : Operation 17 [1/1] (0.38ns)   --->   "%br_ln0 = br void %for.inc.i31"   --->   Operation 17 'br' 'br_ln0' <Predicate = true> <Delay = 0.38>
ST_1 : Operation 18 [1/1] (0.00ns)   --->   "%carry_73 = phi i1 0, void %newFuncRoot, i1 %tmp, void %arrayidx7.i155312.exit" [src/generic/fp_generic.cpp:91->src/fpx.cpp:114]   --->   Operation 18 'phi' 'carry_73' <Predicate = true> <Delay = 0.00>
ST_1 : Operation 19 [1/1] (0.00ns)   --->   "%i = load i4 %i_140" [src/generic/fp_generic.cpp:91->src/fpx.cpp:114]   --->   Operation 19 'load' 'i' <Predicate = true> <Delay = 0.00>
ST_1 : Operation 20 [1/1] (0.70ns)   --->   "%icmp_ln91 = icmp_eq  i4 %i, i4 8" [src/generic/fp_generic.cpp:91->src/fpx.cpp:114]   --->   Operation 20 'icmp' 'icmp_ln91' <Predicate = true> <Delay = 0.70> <CoreInst = "Cmp">   --->   Core 9 'Cmp' <Latency = 0> <II = 1> <Delay = 0.70> <FuncUnit> <Opcode : 'seteq' 'setne' 'setle' 'setge' 'setlt' 'setgt'> <InPorts = 2> <OutPorts = 1>
ST_1 : Operation 21 [1/1] (0.70ns)   --->   "%add_ln91 = add i4 %i, i4 1" [src/generic/fp_generic.cpp:91->src/fpx.cpp:114]   --->   Operation 21 'add' 'add_ln91' <Predicate = true> <Delay = 0.70> <CoreInst = "Adder">   --->   Core 1 'Adder' <Latency = 0> <II = 1> <Delay = 0.70> <FuncUnit> <Opcode : 'add' 'sub'> <InPorts = 2> <OutPorts = 1>
ST_1 : Operation 22 [1/1] (0.00ns)   --->   "%br_ln91 = br i1 %icmp_ln91, void %for.inc.i31.split, void %for.inc.i.i41.preheader.exitStub" [src/generic/fp_generic.cpp:91->src/fpx.cpp:114]   --->   Operation 22 'br' 'br_ln91' <Predicate = true> <Delay = 0.00>
ST_1 : Operation 23 [1/1] (0.00ns)   --->   "%c_0_addr = getelementptr i64 %c_0, i64 0, i64 1" [src/fpx.cpp:114]   --->   Operation 23 'getelementptr' 'c_0_addr' <Predicate = (!icmp_ln91)> <Delay = 0.00>
ST_1 : Operation 24 [1/1] (0.00ns)   --->   "%c_1_addr = getelementptr i64 %c_1, i64 0, i64 1" [src/generic/fp_generic.cpp:93->src/fpx.cpp:114]   --->   Operation 24 'getelementptr' 'c_1_addr' <Predicate = (!icmp_ln91)> <Delay = 0.00>
ST_1 : Operation 25 [1/1] (0.00ns)   --->   "%c_2_addr = getelementptr i64 %c_2, i64 0, i64 1" [src/generic/fp_generic.cpp:93->src/fpx.cpp:114]   --->   Operation 25 'getelementptr' 'c_2_addr' <Predicate = (!icmp_ln91)> <Delay = 0.00>
ST_1 : Operation 26 [1/1] (0.00ns)   --->   "%c_3_addr = getelementptr i64 %c_3, i64 0, i64 1" [src/generic/fp_generic.cpp:93->src/fpx.cpp:114]   --->   Operation 26 'getelementptr' 'c_3_addr' <Predicate = (!icmp_ln91)> <Delay = 0.00>
ST_1 : Operation 27 [1/1] (0.00ns)   --->   "%c_4_addr = getelementptr i64 %c_4, i64 0, i64 1" [src/generic/fp_generic.cpp:93->src/fpx.cpp:114]   --->   Operation 27 'getelementptr' 'c_4_addr' <Predicate = (!icmp_ln91)> <Delay = 0.00>
ST_1 : Operation 28 [1/1] (0.00ns)   --->   "%c_5_addr = getelementptr i64 %c_5, i64 0, i64 1" [src/generic/fp_generic.cpp:93->src/fpx.cpp:114]   --->   Operation 28 'getelementptr' 'c_5_addr' <Predicate = (!icmp_ln91)> <Delay = 0.00>
ST_1 : Operation 29 [1/1] (0.00ns)   --->   "%c_6_addr = getelementptr i64 %c_6, i64 0, i64 1" [src/generic/fp_generic.cpp:93->src/fpx.cpp:114]   --->   Operation 29 'getelementptr' 'c_6_addr' <Predicate = (!icmp_ln91)> <Delay = 0.00>
ST_1 : Operation 30 [1/1] (0.00ns)   --->   "%c_7_addr = getelementptr i64 %c_7, i64 0, i64 1" [src/generic/fp_generic.cpp:93->src/fpx.cpp:114]   --->   Operation 30 'getelementptr' 'c_7_addr' <Predicate = (!icmp_ln91)> <Delay = 0.00>
ST_1 : Operation 31 [1/1] (0.00ns)   --->   "%zext_ln91 = zext i4 %i" [src/generic/fp_generic.cpp:91->src/fpx.cpp:114]   --->   Operation 31 'zext' 'zext_ln91' <Predicate = (!icmp_ln91)> <Delay = 0.00>
ST_1 : Operation 32 [1/1] (0.00ns)   --->   "%trunc_ln91 = trunc i4 %i" [src/generic/fp_generic.cpp:91->src/fpx.cpp:114]   --->   Operation 32 'trunc' 'trunc_ln91' <Predicate = (!icmp_ln91)> <Delay = 0.00>
ST_1 : Operation 33 [2/2] (0.71ns)   --->   "%c_0_load = load i1 %c_0_addr" [src/generic/fp_generic.cpp:93->src/fpx.cpp:114]   --->   Operation 33 'load' 'c_0_load' <Predicate = (!icmp_ln91)> <Delay = 0.71> <CoreInst = "RAM_1P">   --->   Core 87 'RAM_1P' <Latency = 1> <II = 1> <Delay = 0.71> <Storage> <Opcode : 'load' 'store'> <Ports = 1> <Width = 64> <Depth = 2> <RAM>
ST_1 : Operation 34 [2/2] (0.71ns)   --->   "%c_1_load = load i1 %c_1_addr" [src/generic/fp_generic.cpp:93->src/fpx.cpp:114]   --->   Operation 34 'load' 'c_1_load' <Predicate = (!icmp_ln91)> <Delay = 0.71> <CoreInst = "RAM_1P">   --->   Core 87 'RAM_1P' <Latency = 1> <II = 1> <Delay = 0.71> <Storage> <Opcode : 'load' 'store'> <Ports = 1> <Width = 64> <Depth = 2> <RAM>
ST_1 : Operation 35 [2/2] (0.71ns)   --->   "%c_2_load = load i1 %c_2_addr" [src/generic/fp_generic.cpp:93->src/fpx.cpp:114]   --->   Operation 35 'load' 'c_2_load' <Predicate = (!icmp_ln91)> <Delay = 0.71> <CoreInst = "RAM_1P">   --->   Core 87 'RAM_1P' <Latency = 1> <II = 1> <Delay = 0.71> <Storage> <Opcode : 'load' 'store'> <Ports = 1> <Width = 64> <Depth = 2> <RAM>
ST_1 : Operation 36 [2/2] (0.71ns)   --->   "%c_3_load = load i1 %c_3_addr" [src/generic/fp_generic.cpp:93->src/fpx.cpp:114]   --->   Operation 36 'load' 'c_3_load' <Predicate = (!icmp_ln91)> <Delay = 0.71> <CoreInst = "RAM_1P">   --->   Core 87 'RAM_1P' <Latency = 1> <II = 1> <Delay = 0.71> <Storage> <Opcode : 'load' 'store'> <Ports = 1> <Width = 64> <Depth = 2> <RAM>
ST_1 : Operation 37 [2/2] (0.71ns)   --->   "%c_4_load = load i1 %c_4_addr" [src/generic/fp_generic.cpp:93->src/fpx.cpp:114]   --->   Operation 37 'load' 'c_4_load' <Predicate = (!icmp_ln91)> <Delay = 0.71> <CoreInst = "RAM_1P">   --->   Core 87 'RAM_1P' <Latency = 1> <II = 1> <Delay = 0.71> <Storage> <Opcode : 'load' 'store'> <Ports = 1> <Width = 64> <Depth = 2> <RAM>
ST_1 : Operation 38 [2/2] (0.71ns)   --->   "%c_5_load = load i1 %c_5_addr" [src/generic/fp_generic.cpp:93->src/fpx.cpp:114]   --->   Operation 38 'load' 'c_5_load' <Predicate = (!icmp_ln91)> <Delay = 0.71> <CoreInst = "RAM_1P">   --->   Core 87 'RAM_1P' <Latency = 1> <II = 1> <Delay = 0.71> <Storage> <Opcode : 'load' 'store'> <Ports = 1> <Width = 64> <Depth = 2> <RAM>
ST_1 : Operation 39 [2/2] (0.71ns)   --->   "%c_6_load = load i1 %c_6_addr" [src/generic/fp_generic.cpp:93->src/fpx.cpp:114]   --->   Operation 39 'load' 'c_6_load' <Predicate = (!icmp_ln91)> <Delay = 0.71> <CoreInst = "RAM_1P">   --->   Core 87 'RAM_1P' <Latency = 1> <II = 1> <Delay = 0.71> <Storage> <Opcode : 'load' 'store'> <Ports = 1> <Width = 64> <Depth = 2> <RAM>
ST_1 : Operation 40 [2/2] (0.71ns)   --->   "%c_7_load = load i1 %c_7_addr" [src/generic/fp_generic.cpp:93->src/fpx.cpp:114]   --->   Operation 40 'load' 'c_7_load' <Predicate = (!icmp_ln91)> <Delay = 0.71> <CoreInst = "RAM_1P">   --->   Core 87 'RAM_1P' <Latency = 1> <II = 1> <Delay = 0.71> <Storage> <Opcode : 'load' 'store'> <Ports = 1> <Width = 64> <Depth = 2> <RAM>
ST_1 : Operation 41 [1/1] (0.00ns)   --->   "%p503_1_addr = getelementptr i64 %p503_1, i64 0, i64 %zext_ln91" [src/generic/fp_generic.cpp:93->src/fpx.cpp:114]   --->   Operation 41 'getelementptr' 'p503_1_addr' <Predicate = (!icmp_ln91)> <Delay = 0.00>
ST_1 : Operation 42 [2/2] (0.71ns)   --->   "%p503_1_load = load i3 %p503_1_addr" [src/generic/fp_generic.cpp:93->src/fpx.cpp:114]   --->   Operation 42 'load' 'p503_1_load' <Predicate = (!icmp_ln91)> <Delay = 0.71> <CoreInst = "ROM">   --->   Core 100 'ROM' <Latency = 1> <II = 1> <Delay = 0.71> <Storage> <Opcode : 'load'> <Ports = 0> <Width = 64> <Depth = 8> <ROM>
ST_1 : Operation 90 [1/1] (0.38ns)   --->   "%ret_ln0 = ret"   --->   Operation 90 'ret' 'ret_ln0' <Predicate = (icmp_ln91)> <Delay = 0.38>

State 2 <SV = 1> <Delay = 4.30>
ST_2 : Operation 43 [1/1] (0.00ns)   --->   "%specpipeline_ln89 = specpipeline void @_ssdm_op_SpecPipeline, i32 4294967295, i32 0, i32 0, i32 0, void @empty_5" [src/generic/fp_generic.cpp:89->src/fpx.cpp:114]   --->   Operation 43 'specpipeline' 'specpipeline_ln89' <Predicate = true> <Delay = 0.00>
ST_2 : Operation 44 [1/1] (0.00ns)   --->   "%speclooptripcount_ln89 = speclooptripcount void @_ssdm_op_SpecLoopTripCount, i64 8, i64 8, i64 8" [src/generic/fp_generic.cpp:89->src/fpx.cpp:114]   --->   Operation 44 'speclooptripcount' 'speclooptripcount_ln89' <Predicate = true> <Delay = 0.00>
ST_2 : Operation 45 [1/1] (0.00ns)   --->   "%specloopname_ln91 = specloopname void @_ssdm_op_SpecLoopName, void @empty_67" [src/generic/fp_generic.cpp:91->src/fpx.cpp:114]   --->   Operation 45 'specloopname' 'specloopname_ln91' <Predicate = true> <Delay = 0.00>
ST_2 : Operation 46 [1/2] ( I:0.71ns O:0.71ns )   --->   "%c_0_load = load i1 %c_0_addr" [src/generic/fp_generic.cpp:93->src/fpx.cpp:114]   --->   Operation 46 'load' 'c_0_load' <Predicate = true> <Delay = 0.71> <CoreInst = "RAM_1P">   --->   Core 87 'RAM_1P' <Latency = 1> <II = 1> <Delay = 0.71> <Storage> <Opcode : 'load' 'store'> <Ports = 1> <Width = 64> <Depth = 2> <RAM>
ST_2 : Operation 47 [1/2] ( I:0.71ns O:0.71ns )   --->   "%c_1_load = load i1 %c_1_addr" [src/generic/fp_generic.cpp:93->src/fpx.cpp:114]   --->   Operation 47 'load' 'c_1_load' <Predicate = true> <Delay = 0.71> <CoreInst = "RAM_1P">   --->   Core 87 'RAM_1P' <Latency = 1> <II = 1> <Delay = 0.71> <Storage> <Opcode : 'load' 'store'> <Ports = 1> <Width = 64> <Depth = 2> <RAM>
ST_2 : Operation 48 [1/2] ( I:0.71ns O:0.71ns )   --->   "%c_2_load = load i1 %c_2_addr" [src/generic/fp_generic.cpp:93->src/fpx.cpp:114]   --->   Operation 48 'load' 'c_2_load' <Predicate = true> <Delay = 0.71> <CoreInst = "RAM_1P">   --->   Core 87 'RAM_1P' <Latency = 1> <II = 1> <Delay = 0.71> <Storage> <Opcode : 'load' 'store'> <Ports = 1> <Width = 64> <Depth = 2> <RAM>
ST_2 : Operation 49 [1/2] ( I:0.71ns O:0.71ns )   --->   "%c_3_load = load i1 %c_3_addr" [src/generic/fp_generic.cpp:93->src/fpx.cpp:114]   --->   Operation 49 'load' 'c_3_load' <Predicate = true> <Delay = 0.71> <CoreInst = "RAM_1P">   --->   Core 87 'RAM_1P' <Latency = 1> <II = 1> <Delay = 0.71> <Storage> <Opcode : 'load' 'store'> <Ports = 1> <Width = 64> <Depth = 2> <RAM>
ST_2 : Operation 50 [1/2] ( I:0.71ns O:0.71ns )   --->   "%c_4_load = load i1 %c_4_addr" [src/generic/fp_generic.cpp:93->src/fpx.cpp:114]   --->   Operation 50 'load' 'c_4_load' <Predicate = true> <Delay = 0.71> <CoreInst = "RAM_1P">   --->   Core 87 'RAM_1P' <Latency = 1> <II = 1> <Delay = 0.71> <Storage> <Opcode : 'load' 'store'> <Ports = 1> <Width = 64> <Depth = 2> <RAM>
ST_2 : Operation 51 [1/2] ( I:0.71ns O:0.71ns )   --->   "%c_5_load = load i1 %c_5_addr" [src/generic/fp_generic.cpp:93->src/fpx.cpp:114]   --->   Operation 51 'load' 'c_5_load' <Predicate = true> <Delay = 0.71> <CoreInst = "RAM_1P">   --->   Core 87 'RAM_1P' <Latency = 1> <II = 1> <Delay = 0.71> <Storage> <Opcode : 'load' 'store'> <Ports = 1> <Width = 64> <Depth = 2> <RAM>
ST_2 : Operation 52 [1/2] ( I:0.71ns O:0.71ns )   --->   "%c_6_load = load i1 %c_6_addr" [src/generic/fp_generic.cpp:93->src/fpx.cpp:114]   --->   Operation 52 'load' 'c_6_load' <Predicate = true> <Delay = 0.71> <CoreInst = "RAM_1P">   --->   Core 87 'RAM_1P' <Latency = 1> <II = 1> <Delay = 0.71> <Storage> <Opcode : 'load' 'store'> <Ports = 1> <Width = 64> <Depth = 2> <RAM>
ST_2 : Operation 53 [1/2] ( I:0.71ns O:0.71ns )   --->   "%c_7_load = load i1 %c_7_addr" [src/generic/fp_generic.cpp:93->src/fpx.cpp:114]   --->   Operation 53 'load' 'c_7_load' <Predicate = true> <Delay = 0.71> <CoreInst = "RAM_1P">   --->   Core 87 'RAM_1P' <Latency = 1> <II = 1> <Delay = 0.71> <Storage> <Opcode : 'load' 'store'> <Ports = 1> <Width = 64> <Depth = 2> <RAM>
ST_2 : Operation 54 [1/1] (0.58ns)   --->   "%tmp_35 = sparsemux i64 @_ssdm_op_SparseMux.ap_auto.8i64.i64.i3, i3 0, i64 %c_0_load, i3 1, i64 %c_1_load, i3 2, i64 %c_2_load, i3 3, i64 %c_3_load, i3 4, i64 %c_4_load, i3 5, i64 %c_5_load, i3 6, i64 %c_6_load, i3 7, i64 %c_7_load, i64 0, i3 %trunc_ln91" [src/generic/fp_generic.cpp:93->src/fpx.cpp:114]   --->   Operation 54 'sparsemux' 'tmp_35' <Predicate = true> <Delay = 0.58> <CoreInst = "BinarySparseMux_DontCare">   --->   Core 159 'BinarySparseMux_DontCare' <Latency = 0> <II = 1> <Delay = 0.58> <FuncUnit> <Opcode : 'sparsemux'> <InPorts = 2> <OutPorts = 1>
ST_2 : Operation 55 [1/1] (0.00ns)   --->   "%zext_ln93 = zext i1 %carry_73" [src/generic/fp_generic.cpp:93->src/fpx.cpp:114]   --->   Operation 55 'zext' 'zext_ln93' <Predicate = true> <Delay = 0.00>
ST_2 : Operation 56 [1/1] (1.14ns)   --->   "%tempReg = add i64 %tmp_35, i64 %zext_ln93" [src/generic/fp_generic.cpp:93->src/fpx.cpp:114]   --->   Operation 56 'add' 'tempReg' <Predicate = true> <Delay = 1.14> <CoreInst = "Adder">   --->   Core 1 'Adder' <Latency = 0> <II = 1> <Delay = 1.14> <FuncUnit> <Opcode : 'add' 'sub'> <InPorts = 2> <OutPorts = 1>
ST_2 : Operation 57 [1/2] ( I:0.71ns O:0.71ns )   --->   "%p503_1_load = load i3 %p503_1_addr" [src/generic/fp_generic.cpp:93->src/fpx.cpp:114]   --->   Operation 57 'load' 'p503_1_load' <Predicate = true> <Delay = 0.71> <CoreInst = "ROM">   --->   Core 100 'ROM' <Latency = 1> <II = 1> <Delay = 0.71> <Storage> <Opcode : 'load'> <Ports = 0> <Width = 64> <Depth = 8> <ROM>
ST_2 : Operation 58 [1/1] (0.28ns)   --->   "%and_ln93 = and i64 %p503_1_load, i64 %sext_ln90_1_cast" [src/generic/fp_generic.cpp:93->src/fpx.cpp:114]   --->   Operation 58 'and' 'and_ln93' <Predicate = true> <Delay = 0.28> <CoreInst = "LogicGate">   --->   Core 74 'LogicGate' <Latency = 0> <II = 1> <Delay = 0.28> <FuncUnit> <Opcode : 'and' 'or' 'xor'> <InPorts = 2> <OutPorts = 1>
ST_2 : Operation 59 [1/1] (1.14ns)   --->   "%add_ln93 = add i64 %and_ln93, i64 %tempReg" [src/generic/fp_generic.cpp:93->src/fpx.cpp:114]   --->   Operation 59 'add' 'add_ln93' <Predicate = true> <Delay = 1.14> <CoreInst = "Adder">   --->   Core 1 'Adder' <Latency = 0> <II = 1> <Delay = 1.14> <FuncUnit> <Opcode : 'add' 'sub'> <InPorts = 2> <OutPorts = 1>
ST_2 : Operation 60 [1/1] (0.57ns)   --->   "%switch_ln93 = switch i3 %trunc_ln91, void %arrayidx7.i155312.case.7, i3 0, void %arrayidx7.i155312.case.0, i3 1, void %arrayidx7.i155312.case.1, i3 2, void %arrayidx7.i155312.case.2, i3 3, void %arrayidx7.i155312.case.3, i3 4, void %arrayidx7.i155312.case.4, i3 5, void %arrayidx7.i155312.case.5, i3 6, void %arrayidx7.i155312.case.6" [src/generic/fp_generic.cpp:93->src/fpx.cpp:114]   --->   Operation 60 'switch' 'switch_ln93' <Predicate = true> <Delay = 0.57>
ST_2 : Operation 61 [1/1] ( I:0.71ns O:0.71ns )   --->   "%store_ln93 = store i64 %add_ln93, i1 %c_6_addr" [src/generic/fp_generic.cpp:93->src/fpx.cpp:114]   --->   Operation 61 'store' 'store_ln93' <Predicate = (trunc_ln91 == 6)> <Delay = 0.71> <CoreInst = "RAM_1P">   --->   Core 87 'RAM_1P' <Latency = 1> <II = 1> <Delay = 0.71> <Storage> <Opcode : 'load' 'store'> <Ports = 1> <Width = 64> <Depth = 2> <RAM>
ST_2 : Operation 62 [1/1] (0.00ns)   --->   "%br_ln93 = br void %arrayidx7.i155312.exit" [src/generic/fp_generic.cpp:93->src/fpx.cpp:114]   --->   Operation 62 'br' 'br_ln93' <Predicate = (trunc_ln91 == 6)> <Delay = 0.00>
ST_2 : Operation 63 [1/1] ( I:0.71ns O:0.71ns )   --->   "%store_ln93 = store i64 %add_ln93, i1 %c_5_addr" [src/generic/fp_generic.cpp:93->src/fpx.cpp:114]   --->   Operation 63 'store' 'store_ln93' <Predicate = (trunc_ln91 == 5)> <Delay = 0.71> <CoreInst = "RAM_1P">   --->   Core 87 'RAM_1P' <Latency = 1> <II = 1> <Delay = 0.71> <Storage> <Opcode : 'load' 'store'> <Ports = 1> <Width = 64> <Depth = 2> <RAM>
ST_2 : Operation 64 [1/1] (0.00ns)   --->   "%br_ln93 = br void %arrayidx7.i155312.exit" [src/generic/fp_generic.cpp:93->src/fpx.cpp:114]   --->   Operation 64 'br' 'br_ln93' <Predicate = (trunc_ln91 == 5)> <Delay = 0.00>
ST_2 : Operation 65 [1/1] ( I:0.71ns O:0.71ns )   --->   "%store_ln93 = store i64 %add_ln93, i1 %c_4_addr" [src/generic/fp_generic.cpp:93->src/fpx.cpp:114]   --->   Operation 65 'store' 'store_ln93' <Predicate = (trunc_ln91 == 4)> <Delay = 0.71> <CoreInst = "RAM_1P">   --->   Core 87 'RAM_1P' <Latency = 1> <II = 1> <Delay = 0.71> <Storage> <Opcode : 'load' 'store'> <Ports = 1> <Width = 64> <Depth = 2> <RAM>
ST_2 : Operation 66 [1/1] (0.00ns)   --->   "%br_ln93 = br void %arrayidx7.i155312.exit" [src/generic/fp_generic.cpp:93->src/fpx.cpp:114]   --->   Operation 66 'br' 'br_ln93' <Predicate = (trunc_ln91 == 4)> <Delay = 0.00>
ST_2 : Operation 67 [1/1] ( I:0.71ns O:0.71ns )   --->   "%store_ln93 = store i64 %add_ln93, i1 %c_3_addr" [src/generic/fp_generic.cpp:93->src/fpx.cpp:114]   --->   Operation 67 'store' 'store_ln93' <Predicate = (trunc_ln91 == 3)> <Delay = 0.71> <CoreInst = "RAM_1P">   --->   Core 87 'RAM_1P' <Latency = 1> <II = 1> <Delay = 0.71> <Storage> <Opcode : 'load' 'store'> <Ports = 1> <Width = 64> <Depth = 2> <RAM>
ST_2 : Operation 68 [1/1] (0.00ns)   --->   "%br_ln93 = br void %arrayidx7.i155312.exit" [src/generic/fp_generic.cpp:93->src/fpx.cpp:114]   --->   Operation 68 'br' 'br_ln93' <Predicate = (trunc_ln91 == 3)> <Delay = 0.00>
ST_2 : Operation 69 [1/1] ( I:0.71ns O:0.71ns )   --->   "%store_ln93 = store i64 %add_ln93, i1 %c_2_addr" [src/generic/fp_generic.cpp:93->src/fpx.cpp:114]   --->   Operation 69 'store' 'store_ln93' <Predicate = (trunc_ln91 == 2)> <Delay = 0.71> <CoreInst = "RAM_1P">   --->   Core 87 'RAM_1P' <Latency = 1> <II = 1> <Delay = 0.71> <Storage> <Opcode : 'load' 'store'> <Ports = 1> <Width = 64> <Depth = 2> <RAM>
ST_2 : Operation 70 [1/1] (0.00ns)   --->   "%br_ln93 = br void %arrayidx7.i155312.exit" [src/generic/fp_generic.cpp:93->src/fpx.cpp:114]   --->   Operation 70 'br' 'br_ln93' <Predicate = (trunc_ln91 == 2)> <Delay = 0.00>
ST_2 : Operation 71 [1/1] ( I:0.71ns O:0.71ns )   --->   "%store_ln93 = store i64 %add_ln93, i1 %c_1_addr" [src/generic/fp_generic.cpp:93->src/fpx.cpp:114]   --->   Operation 71 'store' 'store_ln93' <Predicate = (trunc_ln91 == 1)> <Delay = 0.71> <CoreInst = "RAM_1P">   --->   Core 87 'RAM_1P' <Latency = 1> <II = 1> <Delay = 0.71> <Storage> <Opcode : 'load' 'store'> <Ports = 1> <Width = 64> <Depth = 2> <RAM>
ST_2 : Operation 72 [1/1] (0.00ns)   --->   "%br_ln93 = br void %arrayidx7.i155312.exit" [src/generic/fp_generic.cpp:93->src/fpx.cpp:114]   --->   Operation 72 'br' 'br_ln93' <Predicate = (trunc_ln91 == 1)> <Delay = 0.00>
ST_2 : Operation 73 [1/1] ( I:0.71ns O:0.71ns )   --->   "%store_ln93 = store i64 %add_ln93, i1 %c_0_addr" [src/generic/fp_generic.cpp:93->src/fpx.cpp:114]   --->   Operation 73 'store' 'store_ln93' <Predicate = (trunc_ln91 == 0)> <Delay = 0.71> <CoreInst = "RAM_1P">   --->   Core 87 'RAM_1P' <Latency = 1> <II = 1> <Delay = 0.71> <Storage> <Opcode : 'load' 'store'> <Ports = 1> <Width = 64> <Depth = 2> <RAM>
ST_2 : Operation 74 [1/1] (0.00ns)   --->   "%br_ln93 = br void %arrayidx7.i155312.exit" [src/generic/fp_generic.cpp:93->src/fpx.cpp:114]   --->   Operation 74 'br' 'br_ln93' <Predicate = (trunc_ln91 == 0)> <Delay = 0.00>
ST_2 : Operation 75 [1/1] ( I:0.71ns O:0.71ns )   --->   "%store_ln93 = store i64 %add_ln93, i1 %c_7_addr" [src/generic/fp_generic.cpp:93->src/fpx.cpp:114]   --->   Operation 75 'store' 'store_ln93' <Predicate = (trunc_ln91 == 7)> <Delay = 0.71> <CoreInst = "RAM_1P">   --->   Core 87 'RAM_1P' <Latency = 1> <II = 1> <Delay = 0.71> <Storage> <Opcode : 'load' 'store'> <Ports = 1> <Width = 64> <Depth = 2> <RAM>
ST_2 : Operation 76 [1/1] (0.00ns)   --->   "%br_ln93 = br void %arrayidx7.i155312.exit" [src/generic/fp_generic.cpp:93->src/fpx.cpp:114]   --->   Operation 76 'br' 'br_ln93' <Predicate = (trunc_ln91 == 7)> <Delay = 0.00>
ST_2 : Operation 77 [1/1] (0.00ns) (grouped into LUT with out node xor_ln93_3)   --->   "%xor_ln93 = xor i64 %add_ln93, i64 %tempReg" [src/generic/fp_generic.cpp:93->src/fpx.cpp:114]   --->   Operation 77 'xor' 'xor_ln93' <Predicate = true> <Delay = 0.00> <CoreInst = "LogicGate">   --->   Core 74 'LogicGate' <Latency = 0> <II = 1> <Delay = 0.28> <FuncUnit> <Opcode : 'and' 'or' 'xor'> <InPorts = 2> <OutPorts = 1>
ST_2 : Operation 78 [1/1] (0.00ns) (grouped into LUT with out node xor_ln93_3)   --->   "%xor_ln93_1 = xor i64 %and_ln93, i64 %tempReg" [src/generic/fp_generic.cpp:93->src/fpx.cpp:114]   --->   Operation 78 'xor' 'xor_ln93_1' <Predicate = true> <Delay = 0.00> <CoreInst = "LogicGate">   --->   Core 74 'LogicGate' <Latency = 0> <II = 1> <Delay = 0.28> <FuncUnit> <Opcode : 'and' 'or' 'xor'> <InPorts = 2> <OutPorts = 1>
ST_2 : Operation 79 [1/1] (0.00ns) (grouped into LUT with out node xor_ln93_3)   --->   "%or_ln93 = or i64 %xor_ln93, i64 %xor_ln93_1" [src/generic/fp_generic.cpp:93->src/fpx.cpp:114]   --->   Operation 79 'or' 'or_ln93' <Predicate = true> <Delay = 0.00> <CoreInst = "LogicGate">   --->   Core 74 'LogicGate' <Latency = 0> <II = 1> <Delay = 0.28> <FuncUnit> <Opcode : 'and' 'or' 'xor'> <InPorts = 2> <OutPorts = 1>
ST_2 : Operation 80 [1/1] (0.00ns) (grouped into LUT with out node or_ln93_1)   --->   "%bit_sel1 = bitselect i1 @_ssdm_op_BitSelect.i1.i64.i64, i64 %tempReg, i64 63" [src/generic/fp_generic.cpp:93->src/fpx.cpp:114]   --->   Operation 80 'bitselect' 'bit_sel1' <Predicate = true> <Delay = 0.00>
ST_2 : Operation 81 [1/1] (0.00ns) (grouped into LUT with out node or_ln93_1)   --->   "%xor_ln93_2 = xor i1 %bit_sel1, i1 1" [src/generic/fp_generic.cpp:93->src/fpx.cpp:114]   --->   Operation 81 'xor' 'xor_ln93_2' <Predicate = true> <Delay = 0.00> <CoreInst = "LogicGate">   --->   Core 74 'LogicGate' <Latency = 0> <II = 1> <Delay = 0.12> <FuncUnit> <Opcode : 'and' 'or' 'xor'> <InPorts = 2> <OutPorts = 1>
ST_2 : Operation 82 [1/1] (0.00ns) (grouped into LUT with out node or_ln93_1)   --->   "%trunc_ln93 = trunc i64 %tempReg" [src/generic/fp_generic.cpp:93->src/fpx.cpp:114]   --->   Operation 82 'trunc' 'trunc_ln93' <Predicate = true> <Delay = 0.00>
ST_2 : Operation 83 [1/1] (0.00ns) (grouped into LUT with out node or_ln93_1)   --->   "%xor_ln93_6 = bitconcatenate i64 @_ssdm_op_BitConcatenate.i64.i1.i63, i1 %xor_ln93_2, i63 %trunc_ln93" [src/generic/fp_generic.cpp:93->src/fpx.cpp:114]   --->   Operation 83 'bitconcatenate' 'xor_ln93_6' <Predicate = true> <Delay = 0.00>
ST_2 : Operation 84 [1/1] (0.00ns) (grouped into LUT with out node or_ln93_1)   --->   "%and_ln93_1 = and i64 %xor_ln93_6, i64 %tmp_35" [src/generic/fp_generic.cpp:93->src/fpx.cpp:114]   --->   Operation 84 'and' 'and_ln93_1' <Predicate = true> <Delay = 0.00> <CoreInst = "LogicGate">   --->   Core 74 'LogicGate' <Latency = 0> <II = 1> <Delay = 0.28> <FuncUnit> <Opcode : 'and' 'or' 'xor'> <InPorts = 2> <OutPorts = 1>
ST_2 : Operation 85 [1/1] (0.28ns) (out node of the LUT)   --->   "%xor_ln93_3 = xor i64 %or_ln93, i64 %add_ln93" [src/generic/fp_generic.cpp:93->src/fpx.cpp:114]   --->   Operation 85 'xor' 'xor_ln93_3' <Predicate = true> <Delay = 0.28> <CoreInst = "LogicGate">   --->   Core 74 'LogicGate' <Latency = 0> <II = 1> <Delay = 0.28> <FuncUnit> <Opcode : 'and' 'or' 'xor'> <InPorts = 2> <OutPorts = 1>
ST_2 : Operation 86 [1/1] (0.28ns) (out node of the LUT)   --->   "%or_ln93_1 = or i64 %xor_ln93_3, i64 %and_ln93_1" [src/generic/fp_generic.cpp:93->src/fpx.cpp:114]   --->   Operation 86 'or' 'or_ln93_1' <Predicate = true> <Delay = 0.28> <CoreInst = "LogicGate">   --->   Core 74 'LogicGate' <Latency = 0> <II = 1> <Delay = 0.28> <FuncUnit> <Opcode : 'and' 'or' 'xor'> <InPorts = 2> <OutPorts = 1>
ST_2 : Operation 87 [1/1] (0.00ns)   --->   "%tmp = bitselect i1 @_ssdm_op_BitSelect.i1.i64.i32, i64 %or_ln93_1, i32 63" [src/generic/fp_generic.cpp:91->src/fpx.cpp:114]   --->   Operation 87 'bitselect' 'tmp' <Predicate = true> <Delay = 0.00>
ST_2 : Operation 88 [1/1] (0.38ns)   --->   "%store_ln89 = store i4 %add_ln91, i4 %i_140" [src/generic/fp_generic.cpp:89->src/fpx.cpp:114]   --->   Operation 88 'store' 'store_ln89' <Predicate = true> <Delay = 0.38>
ST_2 : Operation 89 [1/1] (0.00ns)   --->   "%br_ln91 = br void %for.inc.i31" [src/generic/fp_generic.cpp:91->src/fpx.cpp:114]   --->   Operation 89 'br' 'br_ln91' <Predicate = true> <Delay = 0.00>


============================================================
+ Verbose Summary: Timing violations
============================================================
Target clock period: 10.000ns, clock uncertainty: 2.700ns.

 <State 1>: 1.101ns
The critical path consists of the following:
	'store' operation 0 bit ('store_ln89', src/generic/fp_generic.cpp:89->src/fpx.cpp:114) of constant 0 on local variable 'i', src/generic/fp_generic.cpp:89->src/fpx.cpp:114 [22]  (0.387 ns)
	'load' operation 4 bit ('i', src/generic/fp_generic.cpp:91->src/fpx.cpp:114) on local variable 'i', src/generic/fp_generic.cpp:89->src/fpx.cpp:114 [26]  (0.000 ns)
	'getelementptr' operation 3 bit ('p503_1_addr', src/generic/fp_generic.cpp:93->src/fpx.cpp:114) [55]  (0.000 ns)
	'load' operation 64 bit ('p503_1_load', src/generic/fp_generic.cpp:93->src/fpx.cpp:114) on array 'p503_1' [56]  (0.714 ns)

 <State 2>: 4.306ns
The critical path consists of the following:
	'load' operation 64 bit ('c_0_load', src/generic/fp_generic.cpp:93->src/fpx.cpp:114) on array 'c_0' [44]  (0.714 ns)
	'sparsemux' operation 64 bit ('tmp_35', src/generic/fp_generic.cpp:93->src/fpx.cpp:114) [52]  (0.584 ns)
	'add' operation 64 bit ('tempReg', src/generic/fp_generic.cpp:93->src/fpx.cpp:114) [54]  (1.147 ns)
	'add' operation 64 bit ('add_ln93', src/generic/fp_generic.cpp:93->src/fpx.cpp:114) [58]  (1.147 ns)
	'store' operation 0 bit ('store_ln93', src/generic/fp_generic.cpp:93->src/fpx.cpp:114) of variable 'add_ln93', src/generic/fp_generic.cpp:93->src/fpx.cpp:114 on array 'c_0' [79]  (0.714 ns)


============================================================
+ Verbose Summary: Binding
============================================================
N/A
* FSMD analyzer results:
  - Output states:
 - Input state : 
  - Chain level:
	State 1
	State 2


============================================================
+ Verbose Summary: Datapath Resource usage 
============================================================
N/A
