

================================================================
== Vitis HLS Report for 'fp2mul503_mont_25_Pipeline_VITIS_LOOP_152_1'
================================================================
* Date:           Wed Sep  3 14:23:16 2025

* Version:        2024.2.2 (Build 6049644 on Mar  5 2025)
* Project:        sikep503_hls
* Solution:       solution1 (Vivado IP Flow Target)
* Product family: virtexuplus58g
* Target device:  xcvu29p-fsga2577-2L-e


================================================================
== Performance Estimates
================================================================
+ Timing: 
    * Summary: 
    +--------+----------+----------+------------+
    |  Clock |  Target  | Estimated| Uncertainty|
    +--------+----------+----------+------------+
    |ap_clk  |  10.00 ns|  3.888 ns|     2.70 ns|
    +--------+----------+----------+------------+

+ Latency: 
    * Summary: 
    +---------+---------+----------+----------+-----+-----+------------------------------------------------+
    |  Latency (cycles) |  Latency (absolute) |  Interval |                    Pipeline                    |
    |   min   |   max   |    min   |    max   | min | max |                      Type                      |
    +---------+---------+----------+----------+-----+-----+------------------------------------------------+
    |       18|       18|  0.180 us|  0.180 us|   17|   17|  loop auto-rewind stp (delay=0 clock cycles(s))|
    +---------+---------+----------+----------+-----+-----+------------------------------------------------+

    + Detail: 
        * Instance: 
        N/A

        * Loop: 
        +--------------------+---------+---------+----------+-----------+-----------+------+----------+
        |                    |  Latency (cycles) | Iteration|  Initiation Interval  | Trip |          |
        |      Loop Name     |   min   |   max   |  Latency |  achieved |   target  | Count| Pipelined|
        +--------------------+---------+---------+----------+-----------+-----------+------+----------+
        |- VITIS_LOOP_152_1  |       16|       16|         1|          1|          1|    16|       yes|
        +--------------------+---------+---------+----------+-----------+-----------+------+----------+

============================================================
+ Verbose Summary: Synthesis Manager
============================================================
InlineROM: 1
ExposeGlobal: 0
============================================================
+ Verbose Summary: CDFG Model
============================================================
IsTopModel: 0
ResetActiveHigh: 1
IsCombinational: 0
IsDatapathOnly: 0
HasWiredReturn: 1
HasMFsm: 2
HasVarLatency: 1
IsPipeline: 0
IsRtlPipelined: 0
IsInstanceOverlapped: 0
IsDontTouch: 0
HasImplIP: 0
IsGatedGlobalClock: 0

+ Individual pipeline summary: 
  * Pipeline-0: initiation interval (II) = 1, depth = 1


============================================================
+ Verbose Summary: Schedule
============================================================
* Number of FSM states : 1
* Pipeline : 1
  Pipeline-0 : II = 1, D = 1, States = { 1 }
* Dataflow Pipeline: 0

* FSM state transitions: 
1 --> 

* FSM state operations: 

State 1 <SV = 0> <Delay = 3.88>
ST_1 : Operation 4 [1/1] (0.00ns)   --->   "%i_309 = alloca i32 1" [src/fpx.cpp:150->src/fpx.cpp:164->src/fpx.cpp:178]   --->   Operation 4 'alloca' 'i_309' <Predicate = true> <Delay = 0.00>
ST_1 : Operation 5 [1/1] (0.00ns)   --->   "%tt2_559_read = read i64 @_ssdm_op_Read.ap_auto.i64, i64 %tt2_559"   --->   Operation 5 'read' 'tt2_559_read' <Predicate = true> <Delay = 0.00>
ST_1 : Operation 6 [1/1] (0.00ns)   --->   "%tt2_558_read = read i64 @_ssdm_op_Read.ap_auto.i64, i64 %tt2_558"   --->   Operation 6 'read' 'tt2_558_read' <Predicate = true> <Delay = 0.00>
ST_1 : Operation 7 [1/1] (0.00ns)   --->   "%tt2_557_read = read i64 @_ssdm_op_Read.ap_auto.i64, i64 %tt2_557"   --->   Operation 7 'read' 'tt2_557_read' <Predicate = true> <Delay = 0.00>
ST_1 : Operation 8 [1/1] (0.00ns)   --->   "%tt2_556_read = read i64 @_ssdm_op_Read.ap_auto.i64, i64 %tt2_556"   --->   Operation 8 'read' 'tt2_556_read' <Predicate = true> <Delay = 0.00>
ST_1 : Operation 9 [1/1] (0.00ns)   --->   "%tt2_555_read = read i64 @_ssdm_op_Read.ap_auto.i64, i64 %tt2_555"   --->   Operation 9 'read' 'tt2_555_read' <Predicate = true> <Delay = 0.00>
ST_1 : Operation 10 [1/1] (0.00ns)   --->   "%tt2_554_read = read i64 @_ssdm_op_Read.ap_auto.i64, i64 %tt2_554"   --->   Operation 10 'read' 'tt2_554_read' <Predicate = true> <Delay = 0.00>
ST_1 : Operation 11 [1/1] (0.00ns)   --->   "%tt2_553_read = read i64 @_ssdm_op_Read.ap_auto.i64, i64 %tt2_553"   --->   Operation 11 'read' 'tt2_553_read' <Predicate = true> <Delay = 0.00>
ST_1 : Operation 12 [1/1] (0.00ns)   --->   "%tt2_552_read = read i64 @_ssdm_op_Read.ap_auto.i64, i64 %tt2_552"   --->   Operation 12 'read' 'tt2_552_read' <Predicate = true> <Delay = 0.00>
ST_1 : Operation 13 [1/1] (0.00ns)   --->   "%tt2_551_read = read i64 @_ssdm_op_Read.ap_auto.i64, i64 %tt2_551"   --->   Operation 13 'read' 'tt2_551_read' <Predicate = true> <Delay = 0.00>
ST_1 : Operation 14 [1/1] (0.00ns)   --->   "%tt2_550_read = read i64 @_ssdm_op_Read.ap_auto.i64, i64 %tt2_550"   --->   Operation 14 'read' 'tt2_550_read' <Predicate = true> <Delay = 0.00>
ST_1 : Operation 15 [1/1] (0.00ns)   --->   "%tt2_549_read = read i64 @_ssdm_op_Read.ap_auto.i64, i64 %tt2_549"   --->   Operation 15 'read' 'tt2_549_read' <Predicate = true> <Delay = 0.00>
ST_1 : Operation 16 [1/1] (0.00ns)   --->   "%tt2_548_read = read i64 @_ssdm_op_Read.ap_auto.i64, i64 %tt2_548"   --->   Operation 16 'read' 'tt2_548_read' <Predicate = true> <Delay = 0.00>
ST_1 : Operation 17 [1/1] (0.00ns)   --->   "%tt2_547_read = read i64 @_ssdm_op_Read.ap_auto.i64, i64 %tt2_547"   --->   Operation 17 'read' 'tt2_547_read' <Predicate = true> <Delay = 0.00>
ST_1 : Operation 18 [1/1] (0.00ns)   --->   "%tt2_546_read = read i64 @_ssdm_op_Read.ap_auto.i64, i64 %tt2_546"   --->   Operation 18 'read' 'tt2_546_read' <Predicate = true> <Delay = 0.00>
ST_1 : Operation 19 [1/1] (0.00ns)   --->   "%tt2_545_read = read i64 @_ssdm_op_Read.ap_auto.i64, i64 %tt2_545"   --->   Operation 19 'read' 'tt2_545_read' <Predicate = true> <Delay = 0.00>
ST_1 : Operation 20 [1/1] (0.00ns)   --->   "%tt2_544_read = read i64 @_ssdm_op_Read.ap_auto.i64, i64 %tt2_544"   --->   Operation 20 'read' 'tt2_544_read' <Predicate = true> <Delay = 0.00>
ST_1 : Operation 21 [1/1] (0.00ns)   --->   "%tt1_303_read = read i64 @_ssdm_op_Read.ap_auto.i64, i64 %tt1_303"   --->   Operation 21 'read' 'tt1_303_read' <Predicate = true> <Delay = 0.00>
ST_1 : Operation 22 [1/1] (0.00ns)   --->   "%tt1_302_read = read i64 @_ssdm_op_Read.ap_auto.i64, i64 %tt1_302"   --->   Operation 22 'read' 'tt1_302_read' <Predicate = true> <Delay = 0.00>
ST_1 : Operation 23 [1/1] (0.00ns)   --->   "%tt1_301_read = read i64 @_ssdm_op_Read.ap_auto.i64, i64 %tt1_301"   --->   Operation 23 'read' 'tt1_301_read' <Predicate = true> <Delay = 0.00>
ST_1 : Operation 24 [1/1] (0.00ns)   --->   "%tt1_300_read = read i64 @_ssdm_op_Read.ap_auto.i64, i64 %tt1_300"   --->   Operation 24 'read' 'tt1_300_read' <Predicate = true> <Delay = 0.00>
ST_1 : Operation 25 [1/1] (0.00ns)   --->   "%tt1_299_read = read i64 @_ssdm_op_Read.ap_auto.i64, i64 %tt1_299"   --->   Operation 25 'read' 'tt1_299_read' <Predicate = true> <Delay = 0.00>
ST_1 : Operation 26 [1/1] (0.00ns)   --->   "%tt1_298_read = read i64 @_ssdm_op_Read.ap_auto.i64, i64 %tt1_298"   --->   Operation 26 'read' 'tt1_298_read' <Predicate = true> <Delay = 0.00>
ST_1 : Operation 27 [1/1] (0.00ns)   --->   "%tt1_297_read = read i64 @_ssdm_op_Read.ap_auto.i64, i64 %tt1_297"   --->   Operation 27 'read' 'tt1_297_read' <Predicate = true> <Delay = 0.00>
ST_1 : Operation 28 [1/1] (0.00ns)   --->   "%tt1_296_read = read i64 @_ssdm_op_Read.ap_auto.i64, i64 %tt1_296"   --->   Operation 28 'read' 'tt1_296_read' <Predicate = true> <Delay = 0.00>
ST_1 : Operation 29 [1/1] (0.00ns)   --->   "%tt1_295_read = read i64 @_ssdm_op_Read.ap_auto.i64, i64 %tt1_295"   --->   Operation 29 'read' 'tt1_295_read' <Predicate = true> <Delay = 0.00>
ST_1 : Operation 30 [1/1] (0.00ns)   --->   "%tt1_294_read = read i64 @_ssdm_op_Read.ap_auto.i64, i64 %tt1_294"   --->   Operation 30 'read' 'tt1_294_read' <Predicate = true> <Delay = 0.00>
ST_1 : Operation 31 [1/1] (0.00ns)   --->   "%tt1_293_read = read i64 @_ssdm_op_Read.ap_auto.i64, i64 %tt1_293"   --->   Operation 31 'read' 'tt1_293_read' <Predicate = true> <Delay = 0.00>
ST_1 : Operation 32 [1/1] (0.00ns)   --->   "%tt1_292_read = read i64 @_ssdm_op_Read.ap_auto.i64, i64 %tt1_292"   --->   Operation 32 'read' 'tt1_292_read' <Predicate = true> <Delay = 0.00>
ST_1 : Operation 33 [1/1] (0.00ns)   --->   "%tt1_291_read = read i64 @_ssdm_op_Read.ap_auto.i64, i64 %tt1_291"   --->   Operation 33 'read' 'tt1_291_read' <Predicate = true> <Delay = 0.00>
ST_1 : Operation 34 [1/1] (0.00ns)   --->   "%tt1_290_read = read i64 @_ssdm_op_Read.ap_auto.i64, i64 %tt1_290"   --->   Operation 34 'read' 'tt1_290_read' <Predicate = true> <Delay = 0.00>
ST_1 : Operation 35 [1/1] (0.00ns)   --->   "%tt1_289_read = read i64 @_ssdm_op_Read.ap_auto.i64, i64 %tt1_289"   --->   Operation 35 'read' 'tt1_289_read' <Predicate = true> <Delay = 0.00>
ST_1 : Operation 36 [1/1] (0.00ns)   --->   "%tt1_288_read = read i64 @_ssdm_op_Read.ap_auto.i64, i64 %tt1_288"   --->   Operation 36 'read' 'tt1_288_read' <Predicate = true> <Delay = 0.00>
ST_1 : Operation 37 [1/1] (0.38ns)   --->   "%store_ln150 = store i5 0, i5 %i_309" [src/fpx.cpp:150->src/fpx.cpp:164->src/fpx.cpp:178]   --->   Operation 37 'store' 'store_ln150' <Predicate = true> <Delay = 0.38>
ST_1 : Operation 38 [1/1] (0.38ns)   --->   "%br_ln0 = br void %for.inc.i.i53"   --->   Operation 38 'br' 'br_ln0' <Predicate = true> <Delay = 0.38>
ST_1 : Operation 39 [1/1] (0.00ns)   --->   "%borrow = phi i1 %borrowReg, void %for.inc.i.i53.split, i1 0, void %newFuncRoot"   --->   Operation 39 'phi' 'borrow' <Predicate = true> <Delay = 0.00>
ST_1 : Operation 40 [1/1] (0.00ns)   --->   "%i = load i5 %i_309" [src/fpx.cpp:152->src/fpx.cpp:164->src/fpx.cpp:178]   --->   Operation 40 'load' 'i' <Predicate = true> <Delay = 0.00>
ST_1 : Operation 41 [1/1] (0.70ns)   --->   "%icmp_ln152 = icmp_eq  i5 %i, i5 16" [src/fpx.cpp:152->src/fpx.cpp:164->src/fpx.cpp:178]   --->   Operation 41 'icmp' 'icmp_ln152' <Predicate = true> <Delay = 0.70> <CoreInst = "Cmp">   --->   Core 9 'Cmp' <Latency = 0> <II = 1> <Delay = 0.70> <FuncUnit> <Opcode : 'seteq' 'setne' 'setle' 'setge' 'setlt' 'setgt'> <InPorts = 2> <OutPorts = 1>
ST_1 : Operation 42 [1/1] (0.70ns)   --->   "%add_ln152 = add i5 %i, i5 1" [src/fpx.cpp:152->src/fpx.cpp:164->src/fpx.cpp:178]   --->   Operation 42 'add' 'add_ln152' <Predicate = true> <Delay = 0.70> <CoreInst = "Adder">   --->   Core 1 'Adder' <Latency = 0> <II = 1> <Delay = 0.70> <FuncUnit> <Opcode : 'add' 'sub'> <InPorts = 2> <OutPorts = 1>
ST_1 : Operation 43 [1/1] (0.00ns)   --->   "%br_ln152 = br i1 %icmp_ln152, void %for.inc.i.i53.split, void %_ZL10mp_subfastPKmS0_Pm.exit.exitStub" [src/fpx.cpp:152->src/fpx.cpp:164->src/fpx.cpp:178]   --->   Operation 43 'br' 'br_ln152' <Predicate = true> <Delay = 0.00>
ST_1 : Operation 44 [1/1] (0.00ns)   --->   "%zext_ln152 = zext i5 %i" [src/fpx.cpp:152->src/fpx.cpp:164->src/fpx.cpp:178]   --->   Operation 44 'zext' 'zext_ln152' <Predicate = (!icmp_ln152)> <Delay = 0.00>
ST_1 : Operation 45 [1/1] (0.00ns)   --->   "%trunc_ln152 = trunc i5 %i" [src/fpx.cpp:152->src/fpx.cpp:164->src/fpx.cpp:178]   --->   Operation 45 'trunc' 'trunc_ln152' <Predicate = (!icmp_ln152)> <Delay = 0.00>
ST_1 : Operation 46 [1/1] (0.00ns)   --->   "%specpipeline_ln150 = specpipeline void @_ssdm_op_SpecPipeline, i32 4294967295, i32 0, i32 0, i32 0, void @empty_15" [src/fpx.cpp:150->src/fpx.cpp:164->src/fpx.cpp:178]   --->   Operation 46 'specpipeline' 'specpipeline_ln150' <Predicate = (!icmp_ln152)> <Delay = 0.00>
ST_1 : Operation 47 [1/1] (0.00ns)   --->   "%speclooptripcount_ln150 = speclooptripcount void @_ssdm_op_SpecLoopTripCount, i64 16, i64 16, i64 16" [src/fpx.cpp:150->src/fpx.cpp:164->src/fpx.cpp:178]   --->   Operation 47 'speclooptripcount' 'speclooptripcount_ln150' <Predicate = (!icmp_ln152)> <Delay = 0.00>
ST_1 : Operation 48 [1/1] (0.00ns)   --->   "%specloopname_ln152 = specloopname void @_ssdm_op_SpecLoopName, void @empty_66" [src/fpx.cpp:152->src/fpx.cpp:164->src/fpx.cpp:178]   --->   Operation 48 'specloopname' 'specloopname_ln152' <Predicate = (!icmp_ln152)> <Delay = 0.00>
ST_1 : Operation 49 [1/1] (0.49ns)   --->   "%x_assign = sparsemux i64 @_ssdm_op_SparseMux.ap_auto.16i64.i64.i4, i4 0, i64 %tt1_288_read, i4 1, i64 %tt1_289_read, i4 2, i64 %tt1_290_read, i4 3, i64 %tt1_291_read, i4 4, i64 %tt1_292_read, i4 5, i64 %tt1_293_read, i4 6, i64 %tt1_294_read, i4 7, i64 %tt1_295_read, i4 8, i64 %tt1_296_read, i4 9, i64 %tt1_297_read, i4 10, i64 %tt1_298_read, i4 11, i64 %tt1_299_read, i4 12, i64 %tt1_300_read, i4 13, i64 %tt1_301_read, i4 14, i64 %tt1_302_read, i4 15, i64 %tt1_303_read, i64 0, i4 %trunc_ln152" [src/fpx.cpp:155->src/fpx.cpp:164->src/fpx.cpp:178]   --->   Operation 49 'sparsemux' 'x_assign' <Predicate = (!icmp_ln152)> <Delay = 0.49> <CoreInst = "BinarySparseMux_DontCare">   --->   Core 159 'BinarySparseMux_DontCare' <Latency = 0> <II = 1> <Delay = 0.49> <FuncUnit> <Opcode : 'sparsemux'> <InPorts = 2> <OutPorts = 1>
ST_1 : Operation 50 [1/1] (0.49ns)   --->   "%y_assign_s = sparsemux i64 @_ssdm_op_SparseMux.ap_auto.16i64.i64.i4, i4 0, i64 %tt2_544_read, i4 1, i64 %tt2_545_read, i4 2, i64 %tt2_546_read, i4 3, i64 %tt2_547_read, i4 4, i64 %tt2_548_read, i4 5, i64 %tt2_549_read, i4 6, i64 %tt2_550_read, i4 7, i64 %tt2_551_read, i4 8, i64 %tt2_552_read, i4 9, i64 %tt2_553_read, i4 10, i64 %tt2_554_read, i4 11, i64 %tt2_555_read, i4 12, i64 %tt2_556_read, i4 13, i64 %tt2_557_read, i4 14, i64 %tt2_558_read, i4 15, i64 %tt2_559_read, i64 0, i4 %trunc_ln152" [src/fpx.cpp:155->src/fpx.cpp:164->src/fpx.cpp:178]   --->   Operation 50 'sparsemux' 'y_assign_s' <Predicate = (!icmp_ln152)> <Delay = 0.49> <CoreInst = "BinarySparseMux_DontCare">   --->   Core 159 'BinarySparseMux_DontCare' <Latency = 0> <II = 1> <Delay = 0.49> <FuncUnit> <Opcode : 'sparsemux'> <InPorts = 2> <OutPorts = 1>
ST_1 : Operation 51 [1/1] (1.14ns)   --->   "%tempReg = sub i64 %x_assign, i64 %y_assign_s" [src/fpx.cpp:155->src/fpx.cpp:164->src/fpx.cpp:178]   --->   Operation 51 'sub' 'tempReg' <Predicate = (!icmp_ln152)> <Delay = 1.14> <CoreInst = "Adder">   --->   Core 1 'Adder' <Latency = 0> <II = 1> <Delay = 1.14> <FuncUnit> <Opcode : 'add' 'sub'> <InPorts = 2> <OutPorts = 1>
ST_1 : Operation 52 [1/1] (0.00ns) (grouped into LUT with out node tmp)   --->   "%xor_ln105 = xor i64 %y_assign_s, i64 %x_assign" [src/config.h:105->src/fpx.cpp:155->src/fpx.cpp:164->src/fpx.cpp:178]   --->   Operation 52 'xor' 'xor_ln105' <Predicate = (!icmp_ln152)> <Delay = 0.00> <CoreInst = "LogicGate">   --->   Core 74 'LogicGate' <Latency = 0> <II = 1> <Delay = 0.28> <FuncUnit> <Opcode : 'and' 'or' 'xor'> <InPorts = 2> <OutPorts = 1>
ST_1 : Operation 53 [1/1] (0.00ns) (grouped into LUT with out node tmp)   --->   "%xor_ln105_216 = xor i64 %tempReg, i64 %y_assign_s" [src/config.h:105->src/fpx.cpp:155->src/fpx.cpp:164->src/fpx.cpp:178]   --->   Operation 53 'xor' 'xor_ln105_216' <Predicate = (!icmp_ln152)> <Delay = 0.00> <CoreInst = "LogicGate">   --->   Core 74 'LogicGate' <Latency = 0> <II = 1> <Delay = 0.28> <FuncUnit> <Opcode : 'and' 'or' 'xor'> <InPorts = 2> <OutPorts = 1>
ST_1 : Operation 54 [1/1] (0.00ns) (grouped into LUT with out node tmp)   --->   "%or_ln105 = or i64 %xor_ln105_216, i64 %xor_ln105" [src/config.h:105->src/fpx.cpp:155->src/fpx.cpp:164->src/fpx.cpp:178]   --->   Operation 54 'or' 'or_ln105' <Predicate = (!icmp_ln152)> <Delay = 0.00> <CoreInst = "LogicGate">   --->   Core 74 'LogicGate' <Latency = 0> <II = 1> <Delay = 0.28> <FuncUnit> <Opcode : 'and' 'or' 'xor'> <InPorts = 2> <OutPorts = 1>
ST_1 : Operation 55 [1/1] (0.00ns) (grouped into LUT with out node tmp)   --->   "%xor_ln105_217 = xor i64 %or_ln105, i64 %x_assign" [src/config.h:105->src/fpx.cpp:155->src/fpx.cpp:164->src/fpx.cpp:178]   --->   Operation 55 'xor' 'xor_ln105_217' <Predicate = (!icmp_ln152)> <Delay = 0.00> <CoreInst = "LogicGate">   --->   Core 74 'LogicGate' <Latency = 0> <II = 1> <Delay = 0.28> <FuncUnit> <Opcode : 'and' 'or' 'xor'> <InPorts = 2> <OutPorts = 1>
ST_1 : Operation 56 [1/1] (0.28ns) (out node of the LUT)   --->   "%tmp = bitselect i1 @_ssdm_op_BitSelect.i1.i64.i32, i64 %xor_ln105_217, i32 63" [src/config.h:98->src/fpx.cpp:155->src/fpx.cpp:164->src/fpx.cpp:178]   --->   Operation 56 'bitselect' 'tmp' <Predicate = (!icmp_ln152)> <Delay = 0.28>
ST_1 : Operation 57 [1/1] (1.14ns)   --->   "%sub_ln95 = sub i64 0, i64 %tempReg" [src/config.h:95->src/config.h:100->src/fpx.cpp:155->src/fpx.cpp:164->src/fpx.cpp:178]   --->   Operation 57 'sub' 'sub_ln95' <Predicate = (!icmp_ln152)> <Delay = 1.14> <CoreInst = "Adder">   --->   Core 1 'Adder' <Latency = 0> <II = 1> <Delay = 1.14> <FuncUnit> <Opcode : 'add' 'sub'> <InPorts = 2> <OutPorts = 1>
ST_1 : Operation 58 [1/1] (0.00ns) (grouped into LUT with out node borrowReg)   --->   "%or_ln95 = or i64 %tempReg, i64 %sub_ln95" [src/config.h:95->src/config.h:100->src/fpx.cpp:155->src/fpx.cpp:164->src/fpx.cpp:178]   --->   Operation 58 'or' 'or_ln95' <Predicate = (!icmp_ln152)> <Delay = 0.00> <CoreInst = "LogicGate">   --->   Core 74 'LogicGate' <Latency = 0> <II = 1> <Delay = 0.28> <FuncUnit> <Opcode : 'and' 'or' 'xor'> <InPorts = 2> <OutPorts = 1>
ST_1 : Operation 59 [1/1] (0.00ns) (grouped into LUT with out node borrowReg)   --->   "%tmp_907 = bitselect i1 @_ssdm_op_BitSelect.i1.i64.i32, i64 %or_ln95, i32 63" [src/fpx.cpp:155->src/fpx.cpp:164->src/fpx.cpp:178]   --->   Operation 59 'bitselect' 'tmp_907' <Predicate = (!icmp_ln152)> <Delay = 0.00>
ST_1 : Operation 60 [1/1] (0.00ns) (grouped into LUT with out node borrowReg)   --->   "%xor_ln155 = xor i1 %tmp_907, i1 1" [src/fpx.cpp:155->src/fpx.cpp:164->src/fpx.cpp:178]   --->   Operation 60 'xor' 'xor_ln155' <Predicate = (!icmp_ln152)> <Delay = 0.00> <CoreInst = "LogicGate">   --->   Core 74 'LogicGate' <Latency = 0> <II = 1> <Delay = 0.12> <FuncUnit> <Opcode : 'and' 'or' 'xor'> <InPorts = 2> <OutPorts = 1>
ST_1 : Operation 61 [1/1] (0.00ns) (grouped into LUT with out node borrowReg)   --->   "%and_ln155 = and i1 %borrow, i1 %xor_ln155" [src/fpx.cpp:155->src/fpx.cpp:164->src/fpx.cpp:178]   --->   Operation 61 'and' 'and_ln155' <Predicate = (!icmp_ln152)> <Delay = 0.00> <CoreInst = "LogicGate">   --->   Core 74 'LogicGate' <Latency = 0> <II = 1> <Delay = 0.12> <FuncUnit> <Opcode : 'and' 'or' 'xor'> <InPorts = 2> <OutPorts = 1>
ST_1 : Operation 62 [1/1] (0.28ns) (out node of the LUT)   --->   "%borrowReg = or i1 %and_ln155, i1 %tmp" [src/fpx.cpp:155->src/fpx.cpp:164->src/fpx.cpp:178]   --->   Operation 62 'or' 'borrowReg' <Predicate = (!icmp_ln152)> <Delay = 0.28> <CoreInst = "LogicGate">   --->   Core 74 'LogicGate' <Latency = 0> <II = 1> <Delay = 0.12> <FuncUnit> <Opcode : 'and' 'or' 'xor'> <InPorts = 2> <OutPorts = 1>
ST_1 : Operation 63 [1/1] (0.00ns)   --->   "%zext_ln155 = zext i1 %borrow" [src/fpx.cpp:155->src/fpx.cpp:164->src/fpx.cpp:178]   --->   Operation 63 'zext' 'zext_ln155' <Predicate = (!icmp_ln152)> <Delay = 0.00>
ST_1 : Operation 64 [1/1] (1.14ns)   --->   "%sub_ln155 = sub i64 %tempReg, i64 %zext_ln155" [src/fpx.cpp:155->src/fpx.cpp:164->src/fpx.cpp:178]   --->   Operation 64 'sub' 'sub_ln155' <Predicate = (!icmp_ln152)> <Delay = 1.14> <CoreInst = "Adder">   --->   Core 1 'Adder' <Latency = 0> <II = 1> <Delay = 1.14> <FuncUnit> <Opcode : 'add' 'sub'> <InPorts = 2> <OutPorts = 1>
ST_1 : Operation 65 [1/1] (0.00ns)   --->   "%tt3_addr = getelementptr i64 %tt3, i64 0, i64 %zext_ln152" [src/fpx.cpp:155->src/fpx.cpp:164->src/fpx.cpp:178]   --->   Operation 65 'getelementptr' 'tt3_addr' <Predicate = (!icmp_ln152)> <Delay = 0.00>
ST_1 : Operation 66 [1/1] ( I:0.71ns O:0.71ns )   --->   "%store_ln155 = store i64 %sub_ln155, i4 %tt3_addr" [src/fpx.cpp:155->src/fpx.cpp:164->src/fpx.cpp:178]   --->   Operation 66 'store' 'store_ln155' <Predicate = (!icmp_ln152)> <Delay = 0.71> <CoreInst = "RAM">   --->   Core 82 'RAM' <Latency = 1> <II = 1> <Delay = 0.71> <Storage> <Opcode : 'load' 'store'> <Ports = 2> <Width = 64> <Depth = 16> <RAM>
ST_1 : Operation 67 [1/1] (0.38ns)   --->   "%store_ln150 = store i5 %add_ln152, i5 %i_309" [src/fpx.cpp:150->src/fpx.cpp:164->src/fpx.cpp:178]   --->   Operation 67 'store' 'store_ln150' <Predicate = (!icmp_ln152)> <Delay = 0.38>
ST_1 : Operation 68 [1/1] (0.00ns)   --->   "%br_ln152 = br void %for.inc.i.i53" [src/fpx.cpp:152->src/fpx.cpp:164->src/fpx.cpp:178]   --->   Operation 68 'br' 'br_ln152' <Predicate = (!icmp_ln152)> <Delay = 0.00>
ST_1 : Operation 69 [1/1] (0.00ns)   --->   "%write_ln155 = write void @_ssdm_op_Write.ap_auto.i1P0A, i1 %borrow_out, i1 %borrow" [src/fpx.cpp:155->src/fpx.cpp:164->src/fpx.cpp:178]   --->   Operation 69 'write' 'write_ln155' <Predicate = (icmp_ln152)> <Delay = 0.00>
ST_1 : Operation 70 [1/1] (0.38ns)   --->   "%ret_ln0 = ret"   --->   Operation 70 'ret' 'ret_ln0' <Predicate = (icmp_ln152)> <Delay = 0.38>


============================================================
+ Verbose Summary: Timing violations
============================================================
Target clock period: 10.000ns, clock uncertainty: 2.700ns.

 <State 1>: 3.888ns
The critical path consists of the following:
	'store' operation 0 bit ('store_ln150', src/fpx.cpp:150->src/fpx.cpp:164->src/fpx.cpp:178) of constant 0 on local variable 'i', src/fpx.cpp:150->src/fpx.cpp:164->src/fpx.cpp:178 [68]  (0.387 ns)
	'load' operation 5 bit ('i', src/fpx.cpp:152->src/fpx.cpp:164->src/fpx.cpp:178) on local variable 'i', src/fpx.cpp:150->src/fpx.cpp:164->src/fpx.cpp:178 [72]  (0.000 ns)
	'sparsemux' operation 64 bit ('x', src/fpx.cpp:155->src/fpx.cpp:164->src/fpx.cpp:178) [82]  (0.493 ns)
	'sub' operation 64 bit ('tempReg', src/fpx.cpp:155->src/fpx.cpp:164->src/fpx.cpp:178) [84]  (1.147 ns)
	'sub' operation 64 bit ('sub_ln155', src/fpx.cpp:155->src/fpx.cpp:164->src/fpx.cpp:178) [97]  (1.147 ns)
	'store' operation 0 bit ('store_ln155', src/fpx.cpp:155->src/fpx.cpp:164->src/fpx.cpp:178) of variable 'sub_ln155', src/fpx.cpp:155->src/fpx.cpp:164->src/fpx.cpp:178 on array 'tt3' [99]  (0.714 ns)


============================================================
+ Verbose Summary: Binding
============================================================
N/A
* FSMD analyzer results:
  - Output states:
 - Input state : 
  - Chain level:
	State 1


============================================================
+ Verbose Summary: Datapath Resource usage 
============================================================
N/A
