

================================================================
== Vitis HLS Report for 'fp2mul503_mont_133_1_Pipeline_VITIS_LOOP_350_1'
================================================================
* Date:           Tue Jul  1 16:45:30 2025

* Version:        2024.2.2 (Build 6049644 on Mar  5 2025)
* Project:        sikep503_hls
* Solution:       solution1 (Vivado IP Flow Target)
* Product family: zynq
* Target device:  xc7z045-ffg900-2


================================================================
== Performance Estimates
================================================================
+ Timing: 
    * Summary: 
    +--------+----------+----------+------------+
    |  Clock |  Target  | Estimated| Uncertainty|
    +--------+----------+----------+------------+
    |ap_clk  |  10.00 ns|  7.216 ns|     2.70 ns|
    +--------+----------+----------+------------+

+ Latency: 
    * Summary: 
    +---------+---------+----------+----------+-----+-----+------------------------------------------------+
    |  Latency (cycles) |  Latency (absolute) |  Interval |                    Pipeline                    |
    |   min   |   max   |    min   |    max   | min | max |                      Type                      |
    +---------+---------+----------+----------+-----+-----+------------------------------------------------+
    |       12|       12|  0.120 us|  0.120 us|    9|    9|  loop auto-rewind stp (delay=0 clock cycles(s))|
    +---------+---------+----------+----------+-----+-----+------------------------------------------------+

    + Detail: 
        * Instance: 
        N/A

        * Loop: 
        +--------------------+---------+---------+----------+-----------+-----------+------+----------+
        |                    |  Latency (cycles) | Iteration|  Initiation Interval  | Trip |          |
        |      Loop Name     |   min   |   max   |  Latency |  achieved |   target  | Count| Pipelined|
        +--------------------+---------+---------+----------+-----------+-----------+------+----------+
        |- VITIS_LOOP_350_1  |       10|       10|         3|          1|          1|     8|       yes|
        +--------------------+---------+---------+----------+-----------+-----------+------+----------+



================================================================
== Utilization Estimates
================================================================
* Summary: 
+-----------------+---------+-----+--------+--------+-----+
|       Name      | BRAM_18K| DSP |   FF   |   LUT  | URAM|
+-----------------+---------+-----+--------+--------+-----+
|DSP              |        -|    -|       -|       -|    -|
|Expression       |        -|    -|       0|     536|    -|
|FIFO             |        -|    -|       -|       -|    -|
|Instance         |        -|    -|       -|       -|    -|
|Memory           |        -|    -|       -|       -|    -|
|Multiplexer      |        -|    -|       0|      45|    -|
|Register         |        -|    -|      85|       -|    -|
+-----------------+---------+-----+--------+--------+-----+
|Total            |        0|    0|      85|     581|    0|
+-----------------+---------+-----+--------+--------+-----+
|Available        |     1090|  900|  437200|  218600|    0|
+-----------------+---------+-----+--------+--------+-----+
|Utilization (%)  |        0|    0|      ~0|      ~0|    0|
+-----------------+---------+-----+--------+--------+-----+

+ Detail: 
    * Instance: 
    N/A

    * DSP: 
    N/A

    * Memory: 
    N/A

    * FIFO: 
    N/A

    * Expression: 
    +-------------------------+----------+----+---+----+------------+------------+
    |      Variable Name      | Operation| DSP| FF| LUT| Bitwidth P0| Bitwidth P1|
    +-------------------------+----------+----+---+----+------------+------------+
    |add_ln350_fu_133_p2      |         +|   0|  0|   6|           4|           1|
    |add_ln352_29_fu_183_p2   |         +|   0|  0|  64|          64|          64|
    |add_ln352_fu_160_p2      |         +|   0|  0|   7|           7|           7|
    |tempReg_fu_178_p2        |         +|   0|  0|  64|          64|          64|
    |and_ln352_fu_234_p2      |       and|   0|  0|  64|          64|          64|
    |icmp_ln350_fu_127_p2     |      icmp|   0|  0|   7|           4|           5|
    |or_ln352_67_fu_245_p2    |        or|   0|  0|  64|          64|          64|
    |or_ln352_fu_202_p2       |        or|   0|  0|  64|          64|          64|
    |ap_enable_pp0            |       xor|   0|  0|   2|           1|           2|
    |xor_ln352_171_fu_196_p2  |       xor|   0|  0|  64|          64|          64|
    |xor_ln352_173_fu_239_p2  |       xor|   0|  0|  64|          64|          64|
    |xor_ln352_177_fu_216_p2  |       xor|   0|  0|   2|           1|           2|
    |xor_ln352_fu_190_p2      |       xor|   0|  0|  64|          64|          64|
    +-------------------------+----------+----+---+----+------------+------------+
    |Total                    |          |   0|  0| 536|         529|         529|
    +-------------------------+----------+----+---+----+------------+------------+

    * Multiplexer: 
    +----------------------------------+----+-----------+-----+-----------+
    |               Name               | LUT| Input Size| Bits| Total Bits|
    +----------------------------------+----+-----------+-----+-----------+
    |ap_done_int                       |   9|          2|    1|          2|
    |ap_loop_exit_ready_pp0_iter2_reg  |   9|          2|    1|          2|
    |ap_sig_allocacmp_i_266            |   9|          2|    4|          8|
    |carry_reg_108                     |   9|          2|    1|          2|
    |i_fu_54                           |   9|          2|    4|          8|
    +----------------------------------+----+-----------+-----+-----------+
    |Total                             |  45|         10|   11|         22|
    +----------------------------------+----+-----------+-----+-----------+

    * Register: 
    +----------------------------------+----+----+-----+-----------+
    |               Name               | FF | LUT| Bits| Const Bits|
    +----------------------------------+----+----+-----+-----------+
    |ap_CS_fsm                         |   1|   0|    1|          0|
    |ap_done_reg                       |   1|   0|    1|          0|
    |ap_enable_reg_pp0_iter1           |   1|   0|    1|          0|
    |ap_enable_reg_pp0_iter2           |   1|   0|    1|          0|
    |ap_loop_exit_ready_pp0_iter1_reg  |   1|   0|    1|          0|
    |ap_loop_exit_ready_pp0_iter2_reg  |   1|   0|    1|          0|
    |c_load_reg_291                    |  64|   0|   64|          0|
    |carry_reg_108                     |   1|   0|    1|          0|
    |i_266_reg_271                     |   4|   0|    4|          0|
    |i_266_reg_271_pp0_iter1_reg       |   4|   0|    4|          0|
    |i_fu_54                           |   4|   0|    4|          0|
    |icmp_ln350_reg_277                |   1|   0|    1|          0|
    |icmp_ln350_reg_277_pp0_iter1_reg  |   1|   0|    1|          0|
    +----------------------------------+----+----+-----+-----------+
    |Total                             |  85|   0|   85|          0|
    +----------------------------------+----+----+-----+-----------+



================================================================
== Interface
================================================================
* Summary: 
+---------------+-----+-----+------------+------------------------------------------------+--------------+
|   RTL Ports   | Dir | Bits|  Protocol  |                  Source Object                 |    C Type    |
+---------------+-----+-----+------------+------------------------------------------------+--------------+
|ap_clk         |   in|    1|  ap_ctrl_hs|  fp2mul503_mont.133.1_Pipeline_VITIS_LOOP_350_1|  return value|
|ap_rst         |   in|    1|  ap_ctrl_hs|  fp2mul503_mont.133.1_Pipeline_VITIS_LOOP_350_1|  return value|
|ap_start       |   in|    1|  ap_ctrl_hs|  fp2mul503_mont.133.1_Pipeline_VITIS_LOOP_350_1|  return value|
|ap_done        |  out|    1|  ap_ctrl_hs|  fp2mul503_mont.133.1_Pipeline_VITIS_LOOP_350_1|  return value|
|ap_idle        |  out|    1|  ap_ctrl_hs|  fp2mul503_mont.133.1_Pipeline_VITIS_LOOP_350_1|  return value|
|ap_ready       |  out|    1|  ap_ctrl_hs|  fp2mul503_mont.133.1_Pipeline_VITIS_LOOP_350_1|  return value|
|c_offset       |   in|    3|     ap_none|                                        c_offset|        scalar|
|c_address0     |  out|    7|   ap_memory|                                               c|         array|
|c_ce0          |  out|    1|   ap_memory|                                               c|         array|
|c_q0           |   in|   64|   ap_memory|                                               c|         array|
|c_address1     |  out|    7|   ap_memory|                                               c|         array|
|c_ce1          |  out|    1|   ap_memory|                                               c|         array|
|c_q1           |   in|   64|   ap_memory|                                               c|         array|
|zext_ln352_60  |   in|    7|     ap_none|                                   zext_ln352_60|        scalar|
|t1_address0    |  out|    3|   ap_memory|                                              t1|         array|
|t1_ce0         |  out|    1|   ap_memory|                                              t1|         array|
|t1_we0         |  out|    1|   ap_memory|                                              t1|         array|
|t1_d0          |  out|   64|   ap_memory|                                              t1|         array|
+---------------+-----+-----+------------+------------------------------------------------+--------------+

============================================================
+ Verbose Summary: Synthesis Manager
============================================================
InlineROM: 1
ExposeGlobal: 0
============================================================
+ Verbose Summary: CDFG Model
============================================================
IsTopModel: 0
ResetActiveHigh: 1
IsCombinational: 2
IsDatapathOnly: 2
HasWiredReturn: 1
HasMFsm: 2
HasVarLatency: 1
IsPipeline: 0
IsRtlPipelined: 0
IsInstanceOverlapped: 0
IsDontTouch: 0
HasImplIP: 0
IsGatedGlobalClock: 0

+ Individual pipeline summary: 
  * Pipeline-0: initiation interval (II) = 1, depth = 3


============================================================
+ Verbose Summary: Schedule
============================================================
* Number of FSM states : 3
* Pipeline : 1
  Pipeline-0 : II = 1, D = 3, States = { 1 2 3 }
* Dataflow Pipeline: 0

* FSM state transitions: 
1 --> 2 
2 --> 3 
3 --> 

* FSM state operations: 

State 1 <SV = 0> <Delay = 4.06>
ST_1 : Operation 6 [1/1] (0.00ns)   --->   "%i = alloca i32 1" [src/fpx.c:348->src/fpx.c:141->src/fpx.c:197]   --->   Operation 6 'alloca' 'i' <Predicate = true> <Delay = 0.00>
ST_1 : Operation 7 [1/1] (0.00ns)   --->   "%zext_ln352_60_read = read i7 @_ssdm_op_Read.ap_auto.i7, i7 %zext_ln352_60"   --->   Operation 7 'read' 'zext_ln352_60_read' <Predicate = true> <Delay = 0.00>
ST_1 : Operation 8 [1/1] (0.00ns)   --->   "%c_offset_read = read i3 @_ssdm_op_Read.ap_auto.i3, i3 %c_offset"   --->   Operation 8 'read' 'c_offset_read' <Predicate = true> <Delay = 0.00>
ST_1 : Operation 9 [1/1] (1.29ns)   --->   "%store_ln348 = store i4 0, i4 %i" [src/fpx.c:348->src/fpx.c:141->src/fpx.c:197]   --->   Operation 9 'store' 'store_ln348' <Predicate = true> <Delay = 1.29>
ST_1 : Operation 10 [1/1] (1.29ns)   --->   "%br_ln0 = br void %for.inc.i.i"   --->   Operation 10 'br' 'br_ln0' <Predicate = true> <Delay = 1.29>
ST_1 : Operation 11 [1/1] (0.00ns)   --->   "%i_266 = load i4 %i" [src/fpx.c:350->src/fpx.c:141->src/fpx.c:197]   --->   Operation 11 'load' 'i_266' <Predicate = true> <Delay = 0.00>
ST_1 : Operation 12 [1/1] (0.99ns)   --->   "%icmp_ln350 = icmp_eq  i4 %i_266, i4 8" [src/fpx.c:350->src/fpx.c:141->src/fpx.c:197]   --->   Operation 12 'icmp' 'icmp_ln350' <Predicate = true> <Delay = 0.99> <CoreInst = "Cmp">   --->   Core 9 'Cmp' <Latency = 0> <II = 1> <Delay = 1.02> <FuncUnit> <Opcode : 'seteq' 'setne' 'setle' 'setge' 'setlt' 'setgt'> <InPorts = 2> <OutPorts = 1>
ST_1 : Operation 13 [1/1] (0.99ns)   --->   "%add_ln350 = add i4 %i_266, i4 1" [src/fpx.c:350->src/fpx.c:141->src/fpx.c:197]   --->   Operation 13 'add' 'add_ln350' <Predicate = true> <Delay = 0.99> <CoreInst = "Adder">   --->   Core 1 'Adder' <Latency = 0> <II = 1> <Delay = 0.99> <FuncUnit> <Opcode : 'add' 'sub'> <InPorts = 2> <OutPorts = 1>
ST_1 : Operation 14 [1/1] (0.00ns)   --->   "%br_ln350 = br i1 %icmp_ln350, void %for.inc.i.i.split, void %for.inc.i.i38.preheader.exitStub" [src/fpx.c:350->src/fpx.c:141->src/fpx.c:197]   --->   Operation 14 'br' 'br_ln350' <Predicate = true> <Delay = 0.00>
ST_1 : Operation 15 [1/1] (0.00ns)   --->   "%tmp_s = bitconcatenate i7 @_ssdm_op_BitConcatenate.i7.i3.i4, i3 %c_offset_read, i4 %i_266" [src/fpx.c:352->src/fpx.c:141->src/fpx.c:197]   --->   Operation 15 'bitconcatenate' 'tmp_s' <Predicate = (!icmp_ln350)> <Delay = 0.00>
ST_1 : Operation 16 [1/1] (0.00ns)   --->   "%zext_ln352_53 = zext i7 %tmp_s" [src/fpx.c:352->src/fpx.c:141->src/fpx.c:197]   --->   Operation 16 'zext' 'zext_ln352_53' <Predicate = (!icmp_ln350)> <Delay = 0.00>
ST_1 : Operation 17 [1/1] (0.00ns)   --->   "%c_addr = getelementptr i64 %c, i64 0, i64 %zext_ln352_53" [src/fpx.c:352->src/fpx.c:141->src/fpx.c:197]   --->   Operation 17 'getelementptr' 'c_addr' <Predicate = (!icmp_ln350)> <Delay = 0.00>
ST_1 : Operation 18 [2/2] (2.77ns)   --->   "%c_load = load i7 %c_addr" [src/fpx.c:352->src/fpx.c:141->src/fpx.c:197]   --->   Operation 18 'load' 'c_load' <Predicate = (!icmp_ln350)> <Delay = 2.77> <CoreInst = "RAM">   --->   Core 81 'RAM' <Latency = 1> <II = 1> <Delay = 2.77> <Storage> <Opcode : 'load' 'store'> <Ports = 2> <Width = 64> <Depth = 112> <RAM>
ST_1 : Operation 19 [1/1] (1.29ns)   --->   "%store_ln348 = store i4 %add_ln350, i4 %i" [src/fpx.c:348->src/fpx.c:141->src/fpx.c:197]   --->   Operation 19 'store' 'store_ln348' <Predicate = (!icmp_ln350)> <Delay = 1.29>

State 2 <SV = 1> <Delay = 4.08>
ST_2 : Operation 20 [1/1] (0.00ns)   --->   "%zext_ln352_52 = zext i4 %i_266" [src/fpx.c:352->src/fpx.c:141->src/fpx.c:197]   --->   Operation 20 'zext' 'zext_ln352_52' <Predicate = (!icmp_ln350)> <Delay = 0.00>
ST_2 : Operation 21 [1/1] (1.31ns)   --->   "%add_ln352 = add i7 %zext_ln352_60_read, i7 %zext_ln352_52" [src/fpx.c:352->src/fpx.c:141->src/fpx.c:197]   --->   Operation 21 'add' 'add_ln352' <Predicate = (!icmp_ln350)> <Delay = 1.31> <CoreInst = "Adder">   --->   Core 1 'Adder' <Latency = 0> <II = 1> <Delay = 1.31> <FuncUnit> <Opcode : 'add' 'sub'> <InPorts = 2> <OutPorts = 1>
ST_2 : Operation 22 [1/1] (0.00ns)   --->   "%zext_ln352_54 = zext i7 %add_ln352" [src/fpx.c:352->src/fpx.c:141->src/fpx.c:197]   --->   Operation 22 'zext' 'zext_ln352_54' <Predicate = (!icmp_ln350)> <Delay = 0.00>
ST_2 : Operation 23 [1/1] (0.00ns)   --->   "%c_addr_41 = getelementptr i64 %c, i64 0, i64 %zext_ln352_54" [src/fpx.c:352->src/fpx.c:141->src/fpx.c:197]   --->   Operation 23 'getelementptr' 'c_addr_41' <Predicate = (!icmp_ln350)> <Delay = 0.00>
ST_2 : Operation 24 [1/2] ( I:2.77ns O:2.77ns )   --->   "%c_load = load i7 %c_addr" [src/fpx.c:352->src/fpx.c:141->src/fpx.c:197]   --->   Operation 24 'load' 'c_load' <Predicate = (!icmp_ln350)> <Delay = 2.77> <CoreInst = "RAM">   --->   Core 81 'RAM' <Latency = 1> <II = 1> <Delay = 2.77> <Storage> <Opcode : 'load' 'store'> <Ports = 2> <Width = 64> <Depth = 112> <RAM>
ST_2 : Operation 25 [2/2] (2.77ns)   --->   "%c_load_15 = load i7 %c_addr_41" [src/fpx.c:352->src/fpx.c:141->src/fpx.c:197]   --->   Operation 25 'load' 'c_load_15' <Predicate = (!icmp_ln350)> <Delay = 2.77> <CoreInst = "RAM">   --->   Core 81 'RAM' <Latency = 1> <II = 1> <Delay = 2.77> <Storage> <Opcode : 'load' 'store'> <Ports = 2> <Width = 64> <Depth = 112> <RAM>

State 3 <SV = 2> <Delay = 7.21>
ST_3 : Operation 26 [1/1] (0.00ns)   --->   "%carry = phi i1 0, void %newFuncRoot, i1 %tmp, void %for.inc.i.i.split" [src/fpx.c:350->src/fpx.c:141->src/fpx.c:197]   --->   Operation 26 'phi' 'carry' <Predicate = true> <Delay = 0.00>
ST_3 : Operation 27 [1/1] (0.00ns)   --->   "%speclooptripcount_ln0 = speclooptripcount void @_ssdm_op_SpecLoopTripCount, i64 8, i64 8, i64 8"   --->   Operation 27 'speclooptripcount' 'speclooptripcount_ln0' <Predicate = true> <Delay = 0.00>
ST_3 : Operation 28 [1/1] (0.00ns)   --->   "%zext_ln350 = zext i4 %i_266" [src/fpx.c:350->src/fpx.c:141->src/fpx.c:197]   --->   Operation 28 'zext' 'zext_ln350' <Predicate = (!icmp_ln350)> <Delay = 0.00>
ST_3 : Operation 29 [1/1] (0.00ns)   --->   "%specpipeline_ln348 = specpipeline void @_ssdm_op_SpecPipeline, i32 4294967295, i32 0, i32 0, i32 0, void @empty_60" [src/fpx.c:348->src/fpx.c:141->src/fpx.c:197]   --->   Operation 29 'specpipeline' 'specpipeline_ln348' <Predicate = (!icmp_ln350)> <Delay = 0.00>
ST_3 : Operation 30 [1/1] (0.00ns)   --->   "%specloopname_ln350 = specloopname void @_ssdm_op_SpecLoopName, void @empty_88" [src/fpx.c:350->src/fpx.c:141->src/fpx.c:197]   --->   Operation 30 'specloopname' 'specloopname_ln350' <Predicate = (!icmp_ln350)> <Delay = 0.00>
ST_3 : Operation 31 [1/1] (0.00ns)   --->   "%zext_ln352 = zext i1 %carry" [src/fpx.c:352->src/fpx.c:141->src/fpx.c:197]   --->   Operation 31 'zext' 'zext_ln352' <Predicate = (!icmp_ln350)> <Delay = 0.00>
ST_3 : Operation 32 [1/1] (2.69ns)   --->   "%tempReg = add i64 %c_load, i64 %zext_ln352" [src/fpx.c:352->src/fpx.c:141->src/fpx.c:197]   --->   Operation 32 'add' 'tempReg' <Predicate = (!icmp_ln350)> <Delay = 2.69> <CoreInst = "Adder">   --->   Core 1 'Adder' <Latency = 0> <II = 1> <Delay = 2.69> <FuncUnit> <Opcode : 'add' 'sub'> <InPorts = 2> <OutPorts = 1>
ST_3 : Operation 33 [1/2] ( I:2.77ns O:2.77ns )   --->   "%c_load_15 = load i7 %c_addr_41" [src/fpx.c:352->src/fpx.c:141->src/fpx.c:197]   --->   Operation 33 'load' 'c_load_15' <Predicate = (!icmp_ln350)> <Delay = 2.77> <CoreInst = "RAM">   --->   Core 81 'RAM' <Latency = 1> <II = 1> <Delay = 2.77> <Storage> <Opcode : 'load' 'store'> <Ports = 2> <Width = 64> <Depth = 112> <RAM>
ST_3 : Operation 34 [1/1] (2.69ns)   --->   "%add_ln352_29 = add i64 %c_load_15, i64 %tempReg" [src/fpx.c:352->src/fpx.c:141->src/fpx.c:197]   --->   Operation 34 'add' 'add_ln352_29' <Predicate = (!icmp_ln350)> <Delay = 2.69> <CoreInst = "Adder">   --->   Core 1 'Adder' <Latency = 0> <II = 1> <Delay = 2.69> <FuncUnit> <Opcode : 'add' 'sub'> <InPorts = 2> <OutPorts = 1>
ST_3 : Operation 35 [1/1] (0.00ns)   --->   "%t1_addr = getelementptr i64 %t1, i64 0, i64 %zext_ln350" [src/fpx.c:352->src/fpx.c:141->src/fpx.c:197]   --->   Operation 35 'getelementptr' 't1_addr' <Predicate = (!icmp_ln350)> <Delay = 0.00>
ST_3 : Operation 36 [1/1] ( I:1.75ns O:1.75ns )   --->   "%store_ln352 = store i64 %add_ln352_29, i3 %t1_addr" [src/fpx.c:352->src/fpx.c:141->src/fpx.c:197]   --->   Operation 36 'store' 'store_ln352' <Predicate = (!icmp_ln350)> <Delay = 1.75> <CoreInst = "RAM">   --->   Core 81 'RAM' <Latency = 1> <II = 1> <Delay = 1.75> <Storage> <Opcode : 'load' 'store'> <Ports = 2> <Width = 64> <Depth = 8> <RAM>
ST_3 : Operation 37 [1/1] (0.00ns) (grouped into LUT with out node xor_ln352_173)   --->   "%xor_ln352 = xor i64 %add_ln352_29, i64 %tempReg" [src/fpx.c:352->src/fpx.c:141->src/fpx.c:197]   --->   Operation 37 'xor' 'xor_ln352' <Predicate = (!icmp_ln350)> <Delay = 0.00> <CoreInst = "LogicGate">   --->   Core 74 'LogicGate' <Latency = 0> <II = 1> <Delay = 0.80> <FuncUnit> <Opcode : 'and' 'or' 'xor'> <InPorts = 2> <OutPorts = 1>
ST_3 : Operation 38 [1/1] (0.00ns) (grouped into LUT with out node xor_ln352_173)   --->   "%xor_ln352_171 = xor i64 %c_load_15, i64 %tempReg" [src/fpx.c:352->src/fpx.c:141->src/fpx.c:197]   --->   Operation 38 'xor' 'xor_ln352_171' <Predicate = (!icmp_ln350)> <Delay = 0.00> <CoreInst = "LogicGate">   --->   Core 74 'LogicGate' <Latency = 0> <II = 1> <Delay = 0.80> <FuncUnit> <Opcode : 'and' 'or' 'xor'> <InPorts = 2> <OutPorts = 1>
ST_3 : Operation 39 [1/1] (0.00ns) (grouped into LUT with out node xor_ln352_173)   --->   "%or_ln352 = or i64 %xor_ln352, i64 %xor_ln352_171" [src/fpx.c:352->src/fpx.c:141->src/fpx.c:197]   --->   Operation 39 'or' 'or_ln352' <Predicate = (!icmp_ln350)> <Delay = 0.00> <CoreInst = "LogicGate">   --->   Core 74 'LogicGate' <Latency = 0> <II = 1> <Delay = 0.80> <FuncUnit> <Opcode : 'and' 'or' 'xor'> <InPorts = 2> <OutPorts = 1>
ST_3 : Operation 40 [1/1] (0.00ns) (grouped into LUT with out node or_ln352_67)   --->   "%bit_sel = bitselect i1 @_ssdm_op_BitSelect.i1.i64.i64, i64 %tempReg, i64 63" [src/fpx.c:352->src/fpx.c:141->src/fpx.c:197]   --->   Operation 40 'bitselect' 'bit_sel' <Predicate = (!icmp_ln350)> <Delay = 0.00>
ST_3 : Operation 41 [1/1] (0.00ns) (grouped into LUT with out node or_ln352_67)   --->   "%xor_ln352_177 = xor i1 %bit_sel, i1 1" [src/fpx.c:352->src/fpx.c:141->src/fpx.c:197]   --->   Operation 41 'xor' 'xor_ln352_177' <Predicate = (!icmp_ln350)> <Delay = 0.00> <CoreInst = "LogicGate">   --->   Core 74 'LogicGate' <Latency = 0> <II = 1> <Delay = 0.80> <FuncUnit> <Opcode : 'and' 'or' 'xor'> <InPorts = 2> <OutPorts = 1>
ST_3 : Operation 42 [1/1] (0.00ns) (grouped into LUT with out node or_ln352_67)   --->   "%trunc_ln352 = trunc i64 %tempReg" [src/fpx.c:352->src/fpx.c:141->src/fpx.c:197]   --->   Operation 42 'trunc' 'trunc_ln352' <Predicate = (!icmp_ln350)> <Delay = 0.00>
ST_3 : Operation 43 [1/1] (0.00ns) (grouped into LUT with out node or_ln352_67)   --->   "%xor_ln352_s = bitconcatenate i64 @_ssdm_op_BitConcatenate.i64.i1.i63, i1 %xor_ln352_177, i63 %trunc_ln352" [src/fpx.c:352->src/fpx.c:141->src/fpx.c:197]   --->   Operation 43 'bitconcatenate' 'xor_ln352_s' <Predicate = (!icmp_ln350)> <Delay = 0.00>
ST_3 : Operation 44 [1/1] (0.00ns) (grouped into LUT with out node or_ln352_67)   --->   "%and_ln352 = and i64 %c_load, i64 %xor_ln352_s" [src/fpx.c:352->src/fpx.c:141->src/fpx.c:197]   --->   Operation 44 'and' 'and_ln352' <Predicate = (!icmp_ln350)> <Delay = 0.00> <CoreInst = "LogicGate">   --->   Core 74 'LogicGate' <Latency = 0> <II = 1> <Delay = 0.80> <FuncUnit> <Opcode : 'and' 'or' 'xor'> <InPorts = 2> <OutPorts = 1>
ST_3 : Operation 45 [1/1] (0.80ns) (out node of the LUT)   --->   "%xor_ln352_173 = xor i64 %or_ln352, i64 %add_ln352_29" [src/fpx.c:352->src/fpx.c:141->src/fpx.c:197]   --->   Operation 45 'xor' 'xor_ln352_173' <Predicate = (!icmp_ln350)> <Delay = 0.80> <CoreInst = "LogicGate">   --->   Core 74 'LogicGate' <Latency = 0> <II = 1> <Delay = 0.80> <FuncUnit> <Opcode : 'and' 'or' 'xor'> <InPorts = 2> <OutPorts = 1>
ST_3 : Operation 46 [1/1] (0.80ns) (out node of the LUT)   --->   "%or_ln352_67 = or i64 %xor_ln352_173, i64 %and_ln352" [src/fpx.c:352->src/fpx.c:141->src/fpx.c:197]   --->   Operation 46 'or' 'or_ln352_67' <Predicate = (!icmp_ln350)> <Delay = 0.80> <CoreInst = "LogicGate">   --->   Core 74 'LogicGate' <Latency = 0> <II = 1> <Delay = 0.80> <FuncUnit> <Opcode : 'and' 'or' 'xor'> <InPorts = 2> <OutPorts = 1>
ST_3 : Operation 47 [1/1] (0.00ns)   --->   "%tmp = bitselect i1 @_ssdm_op_BitSelect.i1.i64.i32, i64 %or_ln352_67, i32 63" [src/fpx.c:350->src/fpx.c:141->src/fpx.c:197]   --->   Operation 47 'bitselect' 'tmp' <Predicate = (!icmp_ln350)> <Delay = 0.00>
ST_3 : Operation 48 [1/1] (0.00ns)   --->   "%br_ln350 = br void %for.inc.i.i" [src/fpx.c:350->src/fpx.c:141->src/fpx.c:197]   --->   Operation 48 'br' 'br_ln350' <Predicate = (!icmp_ln350)> <Delay = 0.00>
ST_3 : Operation 49 [1/1] (1.29ns)   --->   "%ret_ln0 = ret"   --->   Operation 49 'ret' 'ret_ln0' <Predicate = (icmp_ln350)> <Delay = 1.29>


============================================================
+ Verbose Summary: Binding
============================================================
STG Binding: 
---------------- STG Properties BEGIN ----------------
- Is combinational: 0
- Is one-state seq: 0
- Is datapath-only: 0
- Is pipelined: 0
- Is top level: 0
Port [ Return ] is wired: 1; IO mode=ap_ctrl_hs:ce=0
Port [ c_offset]:  wired=1; compound=0; hidden=0; nouse=0; global=0; static=0; extern=0; dir=0; type=0; pingpong=0; private_global=0; IO mode=ap_none:ce=0
Port [ c]:  wired=1; compound=1; hidden=0; nouse=0; global=0; static=0; extern=0; dir=0; type=1; pingpong=0; private_global=0; MemPort=[11]; IO mode=ap_memory:ce=0
Port [ zext_ln352_60]:  wired=1; compound=0; hidden=0; nouse=0; global=0; static=0; extern=0; dir=0; type=0; pingpong=0; private_global=0; IO mode=ap_none:ce=0
Port [ t1]:  wired=1; compound=1; hidden=0; nouse=0; global=0; static=0; extern=0; dir=1; type=1; pingpong=0; private_global=0; MemPort=[03]; IO mode=ap_memory:ce=0
---------------- STG Properties END ------------------

---------------- Datapath Model BEGIN ----------------

<LifeTime>
<method=bitvector/>
i                     (alloca           ) [ 0100]
zext_ln352_60_read    (read             ) [ 0110]
c_offset_read         (read             ) [ 0000]
store_ln348           (store            ) [ 0000]
br_ln0                (br               ) [ 0111]
i_266                 (load             ) [ 0111]
icmp_ln350            (icmp             ) [ 0111]
add_ln350             (add              ) [ 0000]
br_ln350              (br               ) [ 0000]
tmp_s                 (bitconcatenate   ) [ 0000]
zext_ln352_53         (zext             ) [ 0000]
c_addr                (getelementptr    ) [ 0110]
store_ln348           (store            ) [ 0000]
zext_ln352_52         (zext             ) [ 0000]
add_ln352             (add              ) [ 0000]
zext_ln352_54         (zext             ) [ 0000]
c_addr_41             (getelementptr    ) [ 0101]
c_load                (load             ) [ 0101]
carry                 (phi              ) [ 0111]
speclooptripcount_ln0 (speclooptripcount) [ 0000]
zext_ln350            (zext             ) [ 0000]
specpipeline_ln348    (specpipeline     ) [ 0000]
specloopname_ln350    (specloopname     ) [ 0000]
zext_ln352            (zext             ) [ 0000]
tempReg               (add              ) [ 0000]
c_load_15             (load             ) [ 0000]
add_ln352_29          (add              ) [ 0000]
t1_addr               (getelementptr    ) [ 0000]
store_ln352           (store            ) [ 0000]
xor_ln352             (xor              ) [ 0000]
xor_ln352_171         (xor              ) [ 0000]
or_ln352              (or               ) [ 0000]
bit_sel               (bitselect        ) [ 0000]
xor_ln352_177         (xor              ) [ 0000]
trunc_ln352           (trunc            ) [ 0000]
xor_ln352_s           (bitconcatenate   ) [ 0000]
and_ln352             (and              ) [ 0000]
xor_ln352_173         (xor              ) [ 0000]
or_ln352_67           (or               ) [ 0000]
tmp                   (bitselect        ) [ 0101]
br_ln350              (br               ) [ 0101]
ret_ln0               (ret              ) [ 0000]
</LifeTime>

<model>

<comp_list>
<comp id="0" class="1000" name="c_offset">
<pin_list>
<pin id="1" dir="1" index="0" bw="1" slack="0"/>
</pin_list>
<bind>
<StgValue><ssdm name="c_offset"/></StgValue>
</bind>
</comp>

<comp id="2" class="1000" name="c">
<pin_list>
<pin id="3" dir="1" index="0" bw="1" slack="0"/>
</pin_list>
<bind>
<StgValue><ssdm name="c"/><MemPortTyVec>1 1 </MemPortTyVec>
</StgValue>
</bind>
</comp>

<comp id="4" class="1000" name="zext_ln352_60">
<pin_list>
<pin id="5" dir="1" index="0" bw="1" slack="0"/>
</pin_list>
<bind>
<StgValue><ssdm name="zext_ln352_60"/></StgValue>
</bind>
</comp>

<comp id="6" class="1000" name="t1">
<pin_list>
<pin id="7" dir="1" index="0" bw="1" slack="0"/>
</pin_list>
<bind>
<StgValue><ssdm name="t1"/><MemPortTyVec>0 3 </MemPortTyVec>
</StgValue>
</bind>
</comp>

<comp id="8" class="1001" name="const_8">
<pin_list>
<pin id="9" dir="1" index="0" bw="1" slack="0"/>
</pin_list>
<bind>
<StgValue><ssdm name=""/></StgValue>
</bind>
</comp>

<comp id="10" class="1001" name="const_10">
<pin_list>
<pin id="11" dir="1" index="0" bw="1" slack="0"/>
</pin_list>
<bind>
<StgValue><ssdm name="_ssdm_op_Read.ap_auto.i7"/></StgValue>
</bind>
</comp>

<comp id="12" class="1001" name="const_12">
<pin_list>
<pin id="13" dir="1" index="0" bw="1" slack="0"/>
</pin_list>
<bind>
<StgValue><ssdm name="_ssdm_op_Read.ap_auto.i3"/></StgValue>
</bind>
</comp>

<comp id="14" class="1001" name="const_14">
<pin_list>
<pin id="15" dir="1" index="0" bw="1" slack="0"/>
</pin_list>
<bind>
<StgValue><ssdm name=""/></StgValue>
</bind>
</comp>

<comp id="16" class="1001" name="const_16">
<pin_list>
<pin id="17" dir="1" index="0" bw="1" slack="0"/>
</pin_list>
<bind>
<StgValue><ssdm name=""/></StgValue>
</bind>
</comp>

<comp id="18" class="1001" name="const_18">
<pin_list>
<pin id="19" dir="1" index="0" bw="1" slack="0"/>
</pin_list>
<bind>
<StgValue><ssdm name=""/></StgValue>
</bind>
</comp>

<comp id="20" class="1001" name="const_20">
<pin_list>
<pin id="21" dir="1" index="0" bw="1" slack="0"/>
</pin_list>
<bind>
<StgValue><ssdm name="_ssdm_op_BitConcatenate.i7.i3.i4"/></StgValue>
</bind>
</comp>

<comp id="22" class="1001" name="const_22">
<pin_list>
<pin id="23" dir="1" index="0" bw="1" slack="0"/>
</pin_list>
<bind>
<StgValue><ssdm name=""/></StgValue>
</bind>
</comp>

<comp id="24" class="1001" name="const_24">
<pin_list>
<pin id="25" dir="1" index="0" bw="1" slack="2"/>
</pin_list>
<bind>
<StgValue><ssdm name=""/></StgValue>
</bind>
</comp>

<comp id="26" class="1001" name="const_26">
<pin_list>
<pin id="27" dir="1" index="0" bw="1" slack="2147483647"/>
</pin_list>
<bind>
<StgValue><ssdm name="_ssdm_op_SpecLoopTripCount"/></StgValue>
</bind>
</comp>

<comp id="28" class="1001" name="const_28">
<pin_list>
<pin id="29" dir="1" index="0" bw="1" slack="2147483647"/>
</pin_list>
<bind>
<StgValue><ssdm name=""/></StgValue>
</bind>
</comp>

<comp id="30" class="1001" name="const_30">
<pin_list>
<pin id="31" dir="1" index="0" bw="1" slack="2147483647"/>
</pin_list>
<bind>
<StgValue><ssdm name="_ssdm_op_SpecPipeline"/></StgValue>
</bind>
</comp>

<comp id="32" class="1001" name="const_32">
<pin_list>
<pin id="33" dir="1" index="0" bw="1" slack="2147483647"/>
</pin_list>
<bind>
<StgValue><ssdm name=""/></StgValue>
</bind>
</comp>

<comp id="34" class="1001" name="const_34">
<pin_list>
<pin id="35" dir="1" index="0" bw="1" slack="2147483647"/>
</pin_list>
<bind>
<StgValue><ssdm name=""/></StgValue>
</bind>
</comp>

<comp id="36" class="1001" name="const_36">
<pin_list>
<pin id="37" dir="1" index="0" bw="1" slack="2147483647"/>
</pin_list>
<bind>
<StgValue><ssdm name="empty_60"/></StgValue>
</bind>
</comp>

<comp id="38" class="1001" name="const_38">
<pin_list>
<pin id="39" dir="1" index="0" bw="1" slack="2147483647"/>
</pin_list>
<bind>
<StgValue><ssdm name="_ssdm_op_SpecLoopName"/></StgValue>
</bind>
</comp>

<comp id="40" class="1001" name="const_40">
<pin_list>
<pin id="41" dir="1" index="0" bw="1" slack="2147483647"/>
</pin_list>
<bind>
<StgValue><ssdm name="empty_88"/></StgValue>
</bind>
</comp>

<comp id="42" class="1001" name="const_42">
<pin_list>
<pin id="43" dir="1" index="0" bw="1" slack="0"/>
</pin_list>
<bind>
<StgValue><ssdm name="_ssdm_op_BitSelect.i1.i64.i64"/></StgValue>
</bind>
</comp>

<comp id="44" class="1001" name="const_44">
<pin_list>
<pin id="45" dir="1" index="0" bw="1" slack="0"/>
</pin_list>
<bind>
<StgValue><ssdm name=""/></StgValue>
</bind>
</comp>

<comp id="46" class="1001" name="const_46">
<pin_list>
<pin id="47" dir="1" index="0" bw="1" slack="0"/>
</pin_list>
<bind>
<StgValue><ssdm name=""/></StgValue>
</bind>
</comp>

<comp id="48" class="1001" name="const_48">
<pin_list>
<pin id="49" dir="1" index="0" bw="1" slack="0"/>
</pin_list>
<bind>
<StgValue><ssdm name="_ssdm_op_BitConcatenate.i64.i1.i63"/></StgValue>
</bind>
</comp>

<comp id="50" class="1001" name="const_50">
<pin_list>
<pin id="51" dir="1" index="0" bw="1" slack="0"/>
</pin_list>
<bind>
<StgValue><ssdm name="_ssdm_op_BitSelect.i1.i64.i32"/></StgValue>
</bind>
</comp>

<comp id="52" class="1001" name="const_52">
<pin_list>
<pin id="53" dir="1" index="0" bw="1" slack="0"/>
</pin_list>
<bind>
<StgValue><ssdm name=""/></StgValue>
</bind>
</comp>

<comp id="54" class="1004" name="i_fu_54">
<pin_list>
<pin id="55" dir="0" index="0" bw="1" slack="0"/>
<pin id="56" dir="1" index="1" bw="4" slack="0"/>
</pin_list>
<bind>
<opcode="alloca(26) " fcode="alloca"/>
<opset="i/1 "/>
</bind>
</comp>

<comp id="58" class="1004" name="zext_ln352_60_read_read_fu_58">
<pin_list>
<pin id="59" dir="0" index="0" bw="7" slack="0"/>
<pin id="60" dir="0" index="1" bw="7" slack="0"/>
<pin id="61" dir="1" index="2" bw="7" slack="1"/>
</pin_list>
<bind>
<opcode="read(1150) " fcode="read"/>
<opset="zext_ln352_60_read/1 "/>
</bind>
</comp>

<comp id="64" class="1004" name="c_offset_read_read_fu_64">
<pin_list>
<pin id="65" dir="0" index="0" bw="3" slack="0"/>
<pin id="66" dir="0" index="1" bw="3" slack="0"/>
<pin id="67" dir="1" index="2" bw="3" slack="0"/>
</pin_list>
<bind>
<opcode="read(1150) " fcode="read"/>
<opset="c_offset_read/1 "/>
</bind>
</comp>

<comp id="70" class="1004" name="c_addr_gep_fu_70">
<pin_list>
<pin id="71" dir="0" index="0" bw="64" slack="0"/>
<pin id="72" dir="0" index="1" bw="1" slack="0"/>
<pin id="73" dir="0" index="2" bw="7" slack="0"/>
<pin id="74" dir="1" index="3" bw="7" slack="0"/>
</pin_list>
<bind>
<opcode="getelementptr(29) " fcode="getelementptr"/>
<opset="c_addr/1 "/>
</bind>
</comp>

<comp id="77" class="1004" name="grp_access_fu_77">
<pin_list>
<pin id="78" dir="0" index="0" bw="7" slack="0"/>
<pin id="79" dir="0" index="1" bw="64" slack="2147483647"/>
<pin id="80" dir="0" index="2" bw="0" slack="0"/>
<pin id="82" dir="0" index="4" bw="7" slack="2147483647"/>
<pin id="83" dir="0" index="5" bw="64" slack="2147483647"/>
<pin id="84" dir="0" index="6" bw="0" slack="2147483647"/>
<pin id="81" dir="1" index="3" bw="64" slack="0"/>
<pin id="85" dir="1" index="7" bw="64" slack="1"/>
</pin_list>
<bind>
<opcode="load(27) " fcode="load"/>
<opset="c_load/1 c_load_15/2 "/>
</bind>
</comp>

<comp id="87" class="1004" name="c_addr_41_gep_fu_87">
<pin_list>
<pin id="88" dir="0" index="0" bw="64" slack="0"/>
<pin id="89" dir="0" index="1" bw="1" slack="0"/>
<pin id="90" dir="0" index="2" bw="7" slack="0"/>
<pin id="91" dir="1" index="3" bw="7" slack="0"/>
</pin_list>
<bind>
<opcode="getelementptr(29) " fcode="getelementptr"/>
<opset="c_addr_41/2 "/>
</bind>
</comp>

<comp id="95" class="1004" name="t1_addr_gep_fu_95">
<pin_list>
<pin id="96" dir="0" index="0" bw="64" slack="0"/>
<pin id="97" dir="0" index="1" bw="1" slack="0"/>
<pin id="98" dir="0" index="2" bw="4" slack="0"/>
<pin id="99" dir="1" index="3" bw="3" slack="0"/>
</pin_list>
<bind>
<opcode="getelementptr(29) " fcode="getelementptr"/>
<opset="t1_addr/3 "/>
</bind>
</comp>

<comp id="102" class="1004" name="store_ln352_access_fu_102">
<pin_list>
<pin id="103" dir="0" index="0" bw="3" slack="0"/>
<pin id="104" dir="0" index="1" bw="64" slack="0"/>
<pin id="105" dir="0" index="2" bw="0" slack="2147483647"/>
<pin id="106" dir="1" index="3" bw="64" slack="2147483647"/>
</pin_list>
<bind>
<opcode="store(28) " fcode="store"/>
<opset="store_ln352/3 "/>
</bind>
</comp>

<comp id="108" class="1005" name="carry_reg_108">
<pin_list>
<pin id="109" dir="0" index="0" bw="1" slack="2"/>
<pin id="110" dir="1" index="1" bw="1" slack="2"/>
</pin_list>
<bind>
<opset="carry (phireg) "/>
</bind>
</comp>

<comp id="112" class="1004" name="carry_phi_fu_112">
<pin_list>
<pin id="113" dir="0" index="0" bw="1" slack="2"/>
<pin id="114" dir="0" index="1" bw="0" slack="2147483647"/>
<pin id="115" dir="0" index="2" bw="1" slack="0"/>
<pin id="116" dir="0" index="3" bw="0" slack="2147483647"/>
<pin id="117" dir="1" index="4" bw="1" slack="0"/>
</pin_list>
<bind>
<opcode="phi(47) " fcode="phi"/>
<opset="carry/3 "/>
</bind>
</comp>

<comp id="119" class="1004" name="store_ln348_store_fu_119">
<pin_list>
<pin id="120" dir="0" index="0" bw="1" slack="0"/>
<pin id="121" dir="0" index="1" bw="4" slack="0"/>
<pin id="122" dir="1" index="2" bw="0" slack="2147483647"/>
</pin_list>
<bind>
<opcode="store(28) " fcode="store"/>
<opset="store_ln348/1 "/>
</bind>
</comp>

<comp id="124" class="1004" name="i_266_load_fu_124">
<pin_list>
<pin id="125" dir="0" index="0" bw="4" slack="0"/>
<pin id="126" dir="1" index="1" bw="4" slack="0"/>
</pin_list>
<bind>
<opcode="load(27) " fcode="load"/>
<opset="i_266/1 "/>
</bind>
</comp>

<comp id="127" class="1004" name="icmp_ln350_fu_127">
<pin_list>
<pin id="128" dir="0" index="0" bw="4" slack="0"/>
<pin id="129" dir="0" index="1" bw="4" slack="0"/>
<pin id="130" dir="1" index="2" bw="1" slack="1"/>
</pin_list>
<bind>
<opcode="icmp(45) " fcode="icmp"/>
<opset="icmp_ln350/1 "/>
</bind>
</comp>

<comp id="133" class="1004" name="add_ln350_fu_133">
<pin_list>
<pin id="134" dir="0" index="0" bw="4" slack="0"/>
<pin id="135" dir="0" index="1" bw="1" slack="0"/>
<pin id="136" dir="1" index="2" bw="4" slack="0"/>
</pin_list>
<bind>
<opcode="add(8) " fcode="add"/>
<opset="add_ln350/1 "/>
</bind>
</comp>

<comp id="139" class="1004" name="tmp_s_fu_139">
<pin_list>
<pin id="140" dir="0" index="0" bw="7" slack="0"/>
<pin id="141" dir="0" index="1" bw="3" slack="0"/>
<pin id="142" dir="0" index="2" bw="4" slack="0"/>
<pin id="143" dir="1" index="3" bw="7" slack="0"/>
</pin_list>
<bind>
<opcode="bitconcatenate(1004) " fcode="bitconcatenate"/>
<opset="tmp_s/1 "/>
</bind>
</comp>

<comp id="147" class="1004" name="zext_ln352_53_fu_147">
<pin_list>
<pin id="148" dir="0" index="0" bw="7" slack="0"/>
<pin id="149" dir="1" index="1" bw="64" slack="0"/>
</pin_list>
<bind>
<opcode="zext(34) " fcode="zext"/>
<opset="zext_ln352_53/1 "/>
</bind>
</comp>

<comp id="152" class="1004" name="store_ln348_store_fu_152">
<pin_list>
<pin id="153" dir="0" index="0" bw="4" slack="0"/>
<pin id="154" dir="0" index="1" bw="4" slack="0"/>
<pin id="155" dir="1" index="2" bw="0" slack="2147483647"/>
</pin_list>
<bind>
<opcode="store(28) " fcode="store"/>
<opset="store_ln348/1 "/>
</bind>
</comp>

<comp id="157" class="1004" name="zext_ln352_52_fu_157">
<pin_list>
<pin id="158" dir="0" index="0" bw="4" slack="1"/>
<pin id="159" dir="1" index="1" bw="7" slack="0"/>
</pin_list>
<bind>
<opcode="zext(34) " fcode="zext"/>
<opset="zext_ln352_52/2 "/>
</bind>
</comp>

<comp id="160" class="1004" name="add_ln352_fu_160">
<pin_list>
<pin id="161" dir="0" index="0" bw="7" slack="1"/>
<pin id="162" dir="0" index="1" bw="4" slack="0"/>
<pin id="163" dir="1" index="2" bw="7" slack="0"/>
</pin_list>
<bind>
<opcode="add(8) " fcode="add"/>
<opset="add_ln352/2 "/>
</bind>
</comp>

<comp id="165" class="1004" name="zext_ln352_54_fu_165">
<pin_list>
<pin id="166" dir="0" index="0" bw="7" slack="0"/>
<pin id="167" dir="1" index="1" bw="64" slack="0"/>
</pin_list>
<bind>
<opcode="zext(34) " fcode="zext"/>
<opset="zext_ln352_54/2 "/>
</bind>
</comp>

<comp id="170" class="1004" name="zext_ln350_fu_170">
<pin_list>
<pin id="171" dir="0" index="0" bw="4" slack="2"/>
<pin id="172" dir="1" index="1" bw="64" slack="0"/>
</pin_list>
<bind>
<opcode="zext(34) " fcode="zext"/>
<opset="zext_ln350/3 "/>
</bind>
</comp>

<comp id="174" class="1004" name="zext_ln352_fu_174">
<pin_list>
<pin id="175" dir="0" index="0" bw="1" slack="0"/>
<pin id="176" dir="1" index="1" bw="64" slack="0"/>
</pin_list>
<bind>
<opcode="zext(34) " fcode="zext"/>
<opset="zext_ln352/3 "/>
</bind>
</comp>

<comp id="178" class="1004" name="tempReg_fu_178">
<pin_list>
<pin id="179" dir="0" index="0" bw="64" slack="1"/>
<pin id="180" dir="0" index="1" bw="1" slack="0"/>
<pin id="181" dir="1" index="2" bw="64" slack="0"/>
</pin_list>
<bind>
<opcode="add(8) " fcode="add"/>
<opset="tempReg/3 "/>
</bind>
</comp>

<comp id="183" class="1004" name="add_ln352_29_fu_183">
<pin_list>
<pin id="184" dir="0" index="0" bw="64" slack="0"/>
<pin id="185" dir="0" index="1" bw="64" slack="0"/>
<pin id="186" dir="1" index="2" bw="64" slack="0"/>
</pin_list>
<bind>
<opcode="add(8) " fcode="add"/>
<opset="add_ln352_29/3 "/>
</bind>
</comp>

<comp id="190" class="1004" name="xor_ln352_fu_190">
<pin_list>
<pin id="191" dir="0" index="0" bw="64" slack="0"/>
<pin id="192" dir="0" index="1" bw="64" slack="0"/>
<pin id="193" dir="1" index="2" bw="64" slack="0"/>
</pin_list>
<bind>
<opcode="xor(25) " fcode="xor"/>
<opset="xor_ln352/3 "/>
</bind>
</comp>

<comp id="196" class="1004" name="xor_ln352_171_fu_196">
<pin_list>
<pin id="197" dir="0" index="0" bw="64" slack="0"/>
<pin id="198" dir="0" index="1" bw="64" slack="0"/>
<pin id="199" dir="1" index="2" bw="64" slack="0"/>
</pin_list>
<bind>
<opcode="xor(25) " fcode="xor"/>
<opset="xor_ln352_171/3 "/>
</bind>
</comp>

<comp id="202" class="1004" name="or_ln352_fu_202">
<pin_list>
<pin id="203" dir="0" index="0" bw="64" slack="0"/>
<pin id="204" dir="0" index="1" bw="64" slack="0"/>
<pin id="205" dir="1" index="2" bw="64" slack="0"/>
</pin_list>
<bind>
<opcode="or(24) " fcode="or"/>
<opset="or_ln352/3 "/>
</bind>
</comp>

<comp id="208" class="1004" name="bit_sel_fu_208">
<pin_list>
<pin id="209" dir="0" index="0" bw="1" slack="0"/>
<pin id="210" dir="0" index="1" bw="64" slack="0"/>
<pin id="211" dir="0" index="2" bw="7" slack="0"/>
<pin id="212" dir="1" index="3" bw="1" slack="0"/>
</pin_list>
<bind>
<opcode="bitselect(1000) " fcode="bitselect"/>
<opset="bit_sel/3 "/>
</bind>
</comp>

<comp id="216" class="1004" name="xor_ln352_177_fu_216">
<pin_list>
<pin id="217" dir="0" index="0" bw="1" slack="0"/>
<pin id="218" dir="0" index="1" bw="1" slack="0"/>
<pin id="219" dir="1" index="2" bw="1" slack="0"/>
</pin_list>
<bind>
<opcode="xor(25) " fcode="xor"/>
<opset="xor_ln352_177/3 "/>
</bind>
</comp>

<comp id="222" class="1004" name="trunc_ln352_fu_222">
<pin_list>
<pin id="223" dir="0" index="0" bw="64" slack="0"/>
<pin id="224" dir="1" index="1" bw="63" slack="0"/>
</pin_list>
<bind>
<opcode="trunc(33) " fcode="trunc"/>
<opset="trunc_ln352/3 "/>
</bind>
</comp>

<comp id="226" class="1004" name="xor_ln352_s_fu_226">
<pin_list>
<pin id="227" dir="0" index="0" bw="64" slack="0"/>
<pin id="228" dir="0" index="1" bw="1" slack="0"/>
<pin id="229" dir="0" index="2" bw="63" slack="0"/>
<pin id="230" dir="1" index="3" bw="64" slack="0"/>
</pin_list>
<bind>
<opcode="bitconcatenate(1004) " fcode="bitconcatenate"/>
<opset="xor_ln352_s/3 "/>
</bind>
</comp>

<comp id="234" class="1004" name="and_ln352_fu_234">
<pin_list>
<pin id="235" dir="0" index="0" bw="64" slack="1"/>
<pin id="236" dir="0" index="1" bw="64" slack="0"/>
<pin id="237" dir="1" index="2" bw="64" slack="0"/>
</pin_list>
<bind>
<opcode="and(23) " fcode="and"/>
<opset="and_ln352/3 "/>
</bind>
</comp>

<comp id="239" class="1004" name="xor_ln352_173_fu_239">
<pin_list>
<pin id="240" dir="0" index="0" bw="64" slack="0"/>
<pin id="241" dir="0" index="1" bw="64" slack="0"/>
<pin id="242" dir="1" index="2" bw="64" slack="0"/>
</pin_list>
<bind>
<opcode="xor(25) " fcode="xor"/>
<opset="xor_ln352_173/3 "/>
</bind>
</comp>

<comp id="245" class="1004" name="or_ln352_67_fu_245">
<pin_list>
<pin id="246" dir="0" index="0" bw="64" slack="0"/>
<pin id="247" dir="0" index="1" bw="64" slack="0"/>
<pin id="248" dir="1" index="2" bw="64" slack="0"/>
</pin_list>
<bind>
<opcode="or(24) " fcode="or"/>
<opset="or_ln352_67/3 "/>
</bind>
</comp>

<comp id="251" class="1004" name="tmp_fu_251">
<pin_list>
<pin id="252" dir="0" index="0" bw="1" slack="0"/>
<pin id="253" dir="0" index="1" bw="64" slack="0"/>
<pin id="254" dir="0" index="2" bw="7" slack="0"/>
<pin id="255" dir="1" index="3" bw="1" slack="0"/>
</pin_list>
<bind>
<opcode="bitselect(1000) " fcode="bitselect"/>
<opset="tmp/3 "/>
</bind>
</comp>

<comp id="259" class="1005" name="i_reg_259">
<pin_list>
<pin id="260" dir="0" index="0" bw="4" slack="0"/>
<pin id="261" dir="1" index="1" bw="4" slack="0"/>
</pin_list>
<bind>
<opset="i "/>
</bind>
</comp>

<comp id="266" class="1005" name="zext_ln352_60_read_reg_266">
<pin_list>
<pin id="267" dir="0" index="0" bw="7" slack="1"/>
<pin id="268" dir="1" index="1" bw="7" slack="1"/>
</pin_list>
<bind>
<opset="zext_ln352_60_read "/>
</bind>
</comp>

<comp id="271" class="1005" name="i_266_reg_271">
<pin_list>
<pin id="272" dir="0" index="0" bw="4" slack="1"/>
<pin id="273" dir="1" index="1" bw="4" slack="1"/>
</pin_list>
<bind>
<opset="i_266 "/>
</bind>
</comp>

<comp id="277" class="1005" name="icmp_ln350_reg_277">
<pin_list>
<pin id="278" dir="0" index="0" bw="1" slack="1"/>
<pin id="279" dir="1" index="1" bw="1" slack="2147483647"/>
</pin_list>
<bind>
<opset="icmp_ln350 "/>
</bind>
</comp>

<comp id="281" class="1005" name="c_addr_reg_281">
<pin_list>
<pin id="282" dir="0" index="0" bw="7" slack="1"/>
<pin id="283" dir="1" index="1" bw="7" slack="1"/>
</pin_list>
<bind>
<opset="c_addr "/>
</bind>
</comp>

<comp id="286" class="1005" name="c_addr_41_reg_286">
<pin_list>
<pin id="287" dir="0" index="0" bw="7" slack="1"/>
<pin id="288" dir="1" index="1" bw="7" slack="1"/>
</pin_list>
<bind>
<opset="c_addr_41 "/>
</bind>
</comp>

<comp id="291" class="1005" name="c_load_reg_291">
<pin_list>
<pin id="292" dir="0" index="0" bw="64" slack="1"/>
<pin id="293" dir="1" index="1" bw="64" slack="1"/>
</pin_list>
<bind>
<opset="c_load "/>
</bind>
</comp>

<comp id="297" class="1005" name="tmp_reg_297">
<pin_list>
<pin id="298" dir="0" index="0" bw="1" slack="0"/>
<pin id="299" dir="1" index="1" bw="1" slack="0"/>
</pin_list>
<bind>
<opset="tmp "/>
</bind>
</comp>

</comp_list>

<net_list>
<net id="57"><net_src comp="8" pin="0"/><net_sink comp="54" pin=0"/></net>

<net id="62"><net_src comp="10" pin="0"/><net_sink comp="58" pin=0"/></net>

<net id="63"><net_src comp="4" pin="0"/><net_sink comp="58" pin=1"/></net>

<net id="68"><net_src comp="12" pin="0"/><net_sink comp="64" pin=0"/></net>

<net id="69"><net_src comp="0" pin="0"/><net_sink comp="64" pin=1"/></net>

<net id="75"><net_src comp="2" pin="0"/><net_sink comp="70" pin=0"/></net>

<net id="76"><net_src comp="22" pin="0"/><net_sink comp="70" pin=1"/></net>

<net id="86"><net_src comp="70" pin="3"/><net_sink comp="77" pin=2"/></net>

<net id="92"><net_src comp="2" pin="0"/><net_sink comp="87" pin=0"/></net>

<net id="93"><net_src comp="22" pin="0"/><net_sink comp="87" pin=1"/></net>

<net id="94"><net_src comp="87" pin="3"/><net_sink comp="77" pin=0"/></net>

<net id="100"><net_src comp="6" pin="0"/><net_sink comp="95" pin=0"/></net>

<net id="101"><net_src comp="22" pin="0"/><net_sink comp="95" pin=1"/></net>

<net id="107"><net_src comp="95" pin="3"/><net_sink comp="102" pin=0"/></net>

<net id="111"><net_src comp="24" pin="0"/><net_sink comp="108" pin=0"/></net>

<net id="118"><net_src comp="108" pin="1"/><net_sink comp="112" pin=0"/></net>

<net id="123"><net_src comp="14" pin="0"/><net_sink comp="119" pin=0"/></net>

<net id="131"><net_src comp="124" pin="1"/><net_sink comp="127" pin=0"/></net>

<net id="132"><net_src comp="16" pin="0"/><net_sink comp="127" pin=1"/></net>

<net id="137"><net_src comp="124" pin="1"/><net_sink comp="133" pin=0"/></net>

<net id="138"><net_src comp="18" pin="0"/><net_sink comp="133" pin=1"/></net>

<net id="144"><net_src comp="20" pin="0"/><net_sink comp="139" pin=0"/></net>

<net id="145"><net_src comp="64" pin="2"/><net_sink comp="139" pin=1"/></net>

<net id="146"><net_src comp="124" pin="1"/><net_sink comp="139" pin=2"/></net>

<net id="150"><net_src comp="139" pin="3"/><net_sink comp="147" pin=0"/></net>

<net id="151"><net_src comp="147" pin="1"/><net_sink comp="70" pin=2"/></net>

<net id="156"><net_src comp="133" pin="2"/><net_sink comp="152" pin=0"/></net>

<net id="164"><net_src comp="157" pin="1"/><net_sink comp="160" pin=1"/></net>

<net id="168"><net_src comp="160" pin="2"/><net_sink comp="165" pin=0"/></net>

<net id="169"><net_src comp="165" pin="1"/><net_sink comp="87" pin=2"/></net>

<net id="173"><net_src comp="170" pin="1"/><net_sink comp="95" pin=2"/></net>

<net id="177"><net_src comp="112" pin="4"/><net_sink comp="174" pin=0"/></net>

<net id="182"><net_src comp="174" pin="1"/><net_sink comp="178" pin=1"/></net>

<net id="187"><net_src comp="77" pin="3"/><net_sink comp="183" pin=0"/></net>

<net id="188"><net_src comp="178" pin="2"/><net_sink comp="183" pin=1"/></net>

<net id="189"><net_src comp="183" pin="2"/><net_sink comp="102" pin=1"/></net>

<net id="194"><net_src comp="183" pin="2"/><net_sink comp="190" pin=0"/></net>

<net id="195"><net_src comp="178" pin="2"/><net_sink comp="190" pin=1"/></net>

<net id="200"><net_src comp="77" pin="3"/><net_sink comp="196" pin=0"/></net>

<net id="201"><net_src comp="178" pin="2"/><net_sink comp="196" pin=1"/></net>

<net id="206"><net_src comp="190" pin="2"/><net_sink comp="202" pin=0"/></net>

<net id="207"><net_src comp="196" pin="2"/><net_sink comp="202" pin=1"/></net>

<net id="213"><net_src comp="42" pin="0"/><net_sink comp="208" pin=0"/></net>

<net id="214"><net_src comp="178" pin="2"/><net_sink comp="208" pin=1"/></net>

<net id="215"><net_src comp="44" pin="0"/><net_sink comp="208" pin=2"/></net>

<net id="220"><net_src comp="208" pin="3"/><net_sink comp="216" pin=0"/></net>

<net id="221"><net_src comp="46" pin="0"/><net_sink comp="216" pin=1"/></net>

<net id="225"><net_src comp="178" pin="2"/><net_sink comp="222" pin=0"/></net>

<net id="231"><net_src comp="48" pin="0"/><net_sink comp="226" pin=0"/></net>

<net id="232"><net_src comp="216" pin="2"/><net_sink comp="226" pin=1"/></net>

<net id="233"><net_src comp="222" pin="1"/><net_sink comp="226" pin=2"/></net>

<net id="238"><net_src comp="226" pin="3"/><net_sink comp="234" pin=1"/></net>

<net id="243"><net_src comp="202" pin="2"/><net_sink comp="239" pin=0"/></net>

<net id="244"><net_src comp="183" pin="2"/><net_sink comp="239" pin=1"/></net>

<net id="249"><net_src comp="239" pin="2"/><net_sink comp="245" pin=0"/></net>

<net id="250"><net_src comp="234" pin="2"/><net_sink comp="245" pin=1"/></net>

<net id="256"><net_src comp="50" pin="0"/><net_sink comp="251" pin=0"/></net>

<net id="257"><net_src comp="245" pin="2"/><net_sink comp="251" pin=1"/></net>

<net id="258"><net_src comp="52" pin="0"/><net_sink comp="251" pin=2"/></net>

<net id="262"><net_src comp="54" pin="1"/><net_sink comp="259" pin=0"/></net>

<net id="263"><net_src comp="259" pin="1"/><net_sink comp="119" pin=1"/></net>

<net id="264"><net_src comp="259" pin="1"/><net_sink comp="124" pin=0"/></net>

<net id="265"><net_src comp="259" pin="1"/><net_sink comp="152" pin=1"/></net>

<net id="269"><net_src comp="58" pin="2"/><net_sink comp="266" pin=0"/></net>

<net id="270"><net_src comp="266" pin="1"/><net_sink comp="160" pin=0"/></net>

<net id="274"><net_src comp="124" pin="1"/><net_sink comp="271" pin=0"/></net>

<net id="275"><net_src comp="271" pin="1"/><net_sink comp="157" pin=0"/></net>

<net id="276"><net_src comp="271" pin="1"/><net_sink comp="170" pin=0"/></net>

<net id="280"><net_src comp="127" pin="2"/><net_sink comp="277" pin=0"/></net>

<net id="284"><net_src comp="70" pin="3"/><net_sink comp="281" pin=0"/></net>

<net id="285"><net_src comp="281" pin="1"/><net_sink comp="77" pin=2"/></net>

<net id="289"><net_src comp="87" pin="3"/><net_sink comp="286" pin=0"/></net>

<net id="290"><net_src comp="286" pin="1"/><net_sink comp="77" pin=0"/></net>

<net id="294"><net_src comp="77" pin="7"/><net_sink comp="291" pin=0"/></net>

<net id="295"><net_src comp="291" pin="1"/><net_sink comp="178" pin=0"/></net>

<net id="296"><net_src comp="291" pin="1"/><net_sink comp="234" pin=0"/></net>

<net id="300"><net_src comp="251" pin="3"/><net_sink comp="297" pin=0"/></net>

<net id="301"><net_src comp="297" pin="1"/><net_sink comp="112" pin=2"/></net>

</net_list>

</model> 
---------------- Datapath Model END ------------------

* FSMD analyzer results:
  - Output states:
	Port: c | {}
	Port: t1 | {3 }
 - Input state : 
	Port: fp2mul503_mont.133.1_Pipeline_VITIS_LOOP_350_1 : c_offset | {1 }
	Port: fp2mul503_mont.133.1_Pipeline_VITIS_LOOP_350_1 : c | {1 2 3 }
	Port: fp2mul503_mont.133.1_Pipeline_VITIS_LOOP_350_1 : zext_ln352_60 | {1 }
  - Chain level:
	State 1
		store_ln348 : 1
		i_266 : 1
		icmp_ln350 : 2
		add_ln350 : 2
		br_ln350 : 3
		tmp_s : 2
		zext_ln352_53 : 3
		c_addr : 4
		c_load : 5
		store_ln348 : 3
	State 2
		add_ln352 : 1
		zext_ln352_54 : 2
		c_addr_41 : 3
		c_load_15 : 4
	State 3
		zext_ln352 : 1
		tempReg : 2
		add_ln352_29 : 3
		t1_addr : 1
		store_ln352 : 4
		xor_ln352 : 4
		xor_ln352_171 : 3
		or_ln352 : 4
		bit_sel : 3
		xor_ln352_177 : 4
		trunc_ln352 : 3
		xor_ln352_s : 4
		and_ln352 : 5
		xor_ln352_173 : 4
		or_ln352_67 : 5
		tmp : 5


============================================================
+ Verbose Summary: Datapath Resource usage 
============================================================

* Functional unit list:
|----------|-------------------------------|---------|---------|
| Operation|        Functional Unit        |    FF   |   LUT   |
|----------|-------------------------------|---------|---------|
|          |        xor_ln352_fu_190       |    0    |    64   |
|    xor   |      xor_ln352_171_fu_196     |    0    |    64   |
|          |      xor_ln352_177_fu_216     |    0    |    1    |
|          |      xor_ln352_173_fu_239     |    0    |    64   |
|----------|-------------------------------|---------|---------|
|          |        add_ln350_fu_133       |    0    |    6    |
|    add   |        add_ln352_fu_160       |    0    |    7    |
|          |         tempReg_fu_178        |    0    |    64   |
|          |      add_ln352_29_fu_183      |    0    |    64   |
|----------|-------------------------------|---------|---------|
|    or    |        or_ln352_fu_202        |    0    |    64   |
|          |       or_ln352_67_fu_245      |    0    |    64   |
|----------|-------------------------------|---------|---------|
|    and   |        and_ln352_fu_234       |    0    |    64   |
|----------|-------------------------------|---------|---------|
|   icmp   |       icmp_ln350_fu_127       |    0    |    6    |
|----------|-------------------------------|---------|---------|
|   read   | zext_ln352_60_read_read_fu_58 |    0    |    0    |
|          |    c_offset_read_read_fu_64   |    0    |    0    |
|----------|-------------------------------|---------|---------|
|bitconcatenate|          tmp_s_fu_139         |    0    |    0    |
|          |       xor_ln352_s_fu_226      |    0    |    0    |
|----------|-------------------------------|---------|---------|
|          |      zext_ln352_53_fu_147     |    0    |    0    |
|          |      zext_ln352_52_fu_157     |    0    |    0    |
|   zext   |      zext_ln352_54_fu_165     |    0    |    0    |
|          |       zext_ln350_fu_170       |    0    |    0    |
|          |       zext_ln352_fu_174       |    0    |    0    |
|----------|-------------------------------|---------|---------|
| bitselect|         bit_sel_fu_208        |    0    |    0    |
|          |           tmp_fu_251          |    0    |    0    |
|----------|-------------------------------|---------|---------|
|   trunc  |       trunc_ln352_fu_222      |    0    |    0    |
|----------|-------------------------------|---------|---------|
|   Total  |                               |    0    |   532   |
|----------|-------------------------------|---------|---------|

Memories:
N/A

* Register list:
+--------------------------+--------+
|                          |   FF   |
+--------------------------+--------+
|     c_addr_41_reg_286    |    7   |
|      c_addr_reg_281      |    7   |
|      c_load_reg_291      |   64   |
|       carry_reg_108      |    1   |
|       i_266_reg_271      |    4   |
|         i_reg_259        |    4   |
|    icmp_ln350_reg_277    |    1   |
|        tmp_reg_297       |    1   |
|zext_ln352_60_read_reg_266|    7   |
+--------------------------+--------+
|           Total          |   96   |
+--------------------------+--------+

* Multiplexer (MUX) list: 
|------------------|------|------|------|--------||---------||---------||---------|
|       Comp       |  Pin | Size |  BW  | S x BW ||  Delay  ||    FF   ||   LUT   |
|------------------|------|------|------|--------||---------||---------||---------|
| grp_access_fu_77 |  p0  |   2  |   7  |   14   ||    0    ||    9    |
| grp_access_fu_77 |  p2  |   2  |   0  |    0   ||    0    ||    9    |
|------------------|------|------|------|--------||---------||---------||---------|
|       Total      |      |      |      |   14   ||  2.596  ||    0    ||    18   |
|------------------|------|------|------|--------||---------||---------||---------|



* Summary:
+-----------+--------+--------+--------+
|           |  Delay |   FF   |   LUT  |
+-----------+--------+--------+--------+
|  Function |    -   |    0   |   532  |
|   Memory  |    -   |    -   |    -   |
|Multiplexer|    2   |    0   |   18   |
|  Register |    -   |   96   |    -   |
+-----------+--------+--------+--------+
|   Total   |    2   |   96   |   550  |
+-----------+--------+--------+--------+
