

================================================================
== Vitis HLS Report for 'fp2mul503_mont_26_Pipeline_VITIS_LOOP_370_1156'
================================================================
* Date:           Wed Sep  3 14:23:24 2025

* Version:        2024.2.2 (Build 6049644 on Mar  5 2025)
* Project:        sikep503_hls
* Solution:       solution1 (Vivado IP Flow Target)
* Product family: virtexuplus58g
* Target device:  xcvu29p-fsga2577-2L-e


================================================================
== Performance Estimates
================================================================
+ Timing: 
    * Summary: 
    +--------+----------+----------+------------+
    |  Clock |  Target  | Estimated| Uncertainty|
    +--------+----------+----------+------------+
    |ap_clk  |  10.00 ns|  3.365 ns|     2.70 ns|
    +--------+----------+----------+------------+

+ Latency: 
    * Summary: 
    +---------+---------+----------+----------+-----+-----+------------------------------------------------+
    |  Latency (cycles) |  Latency (absolute) |  Interval |                    Pipeline                    |
    |   min   |   max   |    min   |    max   | min | max |                      Type                      |
    +---------+---------+----------+----------+-----+-----+------------------------------------------------+
    |       18|       18|  0.180 us|  0.180 us|   17|   17|  loop auto-rewind stp (delay=0 clock cycles(s))|
    +---------+---------+----------+----------+-----+-----+------------------------------------------------+

    + Detail: 
        * Instance: 
        N/A

        * Loop: 
        +--------------------+---------+---------+----------+-----------+-----------+------+----------+
        |                    |  Latency (cycles) | Iteration|  Initiation Interval  | Trip |          |
        |      Loop Name     |   min   |   max   |  Latency |  achieved |   target  | Count| Pipelined|
        +--------------------+---------+---------+----------+-----------+-----------+------+----------+
        |- VITIS_LOOP_370_1  |       16|       16|         1|          1|          1|    16|       yes|
        +--------------------+---------+---------+----------+-----------+-----------+------+----------+

============================================================
+ Verbose Summary: Synthesis Manager
============================================================
InlineROM: 1
ExposeGlobal: 0
============================================================
+ Verbose Summary: CDFG Model
============================================================
IsTopModel: 0
ResetActiveHigh: 1
IsCombinational: 0
IsDatapathOnly: 0
HasWiredReturn: 1
HasMFsm: 2
HasVarLatency: 1
IsPipeline: 0
IsRtlPipelined: 0
IsInstanceOverlapped: 0
IsDontTouch: 0
HasImplIP: 0
IsGatedGlobalClock: 0

+ Individual pipeline summary: 
  * Pipeline-0: initiation interval (II) = 1, depth = 2


============================================================
+ Verbose Summary: Schedule
============================================================
* Number of FSM states : 2
* Pipeline : 1
  Pipeline-0 : II = 1, D = 2, States = { 1 2 }
* Dataflow Pipeline: 0

* FSM state transitions: 
1 --> 2 
2 --> 

* FSM state operations: 

State 1 <SV = 0> <Delay = 0.38>
ST_1 : Operation 4 [1/1] (0.00ns)   --->   "%i = alloca i32 1" [src/fpx.cpp:368->src/fpx.cpp:132->src/fpx.cpp:184]   --->   Operation 4 'alloca' 'i' <Predicate = true> <Delay = 0.00>
ST_1 : Operation 5 [1/1] (0.00ns)   --->   "%tt1_532 = read i64 @_ssdm_op_Read.ap_auto.i64, i64 %tt1_286"   --->   Operation 5 'read' 'tt1_532' <Predicate = true> <Delay = 0.00>
ST_1 : Operation 6 [1/1] (0.00ns)   --->   "%tt1_531 = read i64 @_ssdm_op_Read.ap_auto.i64, i64 %tt1_285"   --->   Operation 6 'read' 'tt1_531' <Predicate = true> <Delay = 0.00>
ST_1 : Operation 7 [1/1] (0.00ns)   --->   "%tt1_530 = read i64 @_ssdm_op_Read.ap_auto.i64, i64 %tt1_284"   --->   Operation 7 'read' 'tt1_530' <Predicate = true> <Delay = 0.00>
ST_1 : Operation 8 [1/1] (0.00ns)   --->   "%tt1_529 = read i64 @_ssdm_op_Read.ap_auto.i64, i64 %tt1_283"   --->   Operation 8 'read' 'tt1_529' <Predicate = true> <Delay = 0.00>
ST_1 : Operation 9 [1/1] (0.00ns)   --->   "%tt1_528 = read i64 @_ssdm_op_Read.ap_auto.i64, i64 %tt1_282"   --->   Operation 9 'read' 'tt1_528' <Predicate = true> <Delay = 0.00>
ST_1 : Operation 10 [1/1] (0.00ns)   --->   "%tt1_527 = read i64 @_ssdm_op_Read.ap_auto.i64, i64 %tt1_281"   --->   Operation 10 'read' 'tt1_527' <Predicate = true> <Delay = 0.00>
ST_1 : Operation 11 [1/1] (0.00ns)   --->   "%tt1_526 = read i64 @_ssdm_op_Read.ap_auto.i64, i64 %tt1_280"   --->   Operation 11 'read' 'tt1_526' <Predicate = true> <Delay = 0.00>
ST_1 : Operation 12 [1/1] (0.00ns)   --->   "%tt1_525 = read i64 @_ssdm_op_Read.ap_auto.i64, i64 %tt1_279"   --->   Operation 12 'read' 'tt1_525' <Predicate = true> <Delay = 0.00>
ST_1 : Operation 13 [1/1] (0.00ns)   --->   "%tt1_524 = read i64 @_ssdm_op_Read.ap_auto.i64, i64 %tt1_278"   --->   Operation 13 'read' 'tt1_524' <Predicate = true> <Delay = 0.00>
ST_1 : Operation 14 [1/1] (0.00ns)   --->   "%tt1_523 = read i64 @_ssdm_op_Read.ap_auto.i64, i64 %tt1_277"   --->   Operation 14 'read' 'tt1_523' <Predicate = true> <Delay = 0.00>
ST_1 : Operation 15 [1/1] (0.00ns)   --->   "%tt1_522 = read i64 @_ssdm_op_Read.ap_auto.i64, i64 %tt1_276"   --->   Operation 15 'read' 'tt1_522' <Predicate = true> <Delay = 0.00>
ST_1 : Operation 16 [1/1] (0.00ns)   --->   "%tt1_521 = read i64 @_ssdm_op_Read.ap_auto.i64, i64 %tt1_275"   --->   Operation 16 'read' 'tt1_521' <Predicate = true> <Delay = 0.00>
ST_1 : Operation 17 [1/1] (0.00ns)   --->   "%tt1_520 = read i64 @_ssdm_op_Read.ap_auto.i64, i64 %tt1_274"   --->   Operation 17 'read' 'tt1_520' <Predicate = true> <Delay = 0.00>
ST_1 : Operation 18 [1/1] (0.00ns)   --->   "%tt1_519 = read i64 @_ssdm_op_Read.ap_auto.i64, i64 %tt1_273"   --->   Operation 18 'read' 'tt1_519' <Predicate = true> <Delay = 0.00>
ST_1 : Operation 19 [1/1] (0.00ns)   --->   "%tt1_518 = read i64 @_ssdm_op_Read.ap_auto.i64, i64 %tt1_272"   --->   Operation 19 'read' 'tt1_518' <Predicate = true> <Delay = 0.00>
ST_1 : Operation 20 [1/1] (0.00ns)   --->   "%tt1_517 = read i64 @_ssdm_op_Read.ap_auto.i64, i64 %tt1_271"   --->   Operation 20 'read' 'tt1_517' <Predicate = true> <Delay = 0.00>
ST_1 : Operation 21 [1/1] (0.00ns)   --->   "%tt2_526_read = read i64 @_ssdm_op_Read.ap_auto.i64, i64 %tt2_526"   --->   Operation 21 'read' 'tt2_526_read' <Predicate = true> <Delay = 0.00>
ST_1 : Operation 22 [1/1] (0.00ns)   --->   "%tt2_525_read = read i64 @_ssdm_op_Read.ap_auto.i64, i64 %tt2_525"   --->   Operation 22 'read' 'tt2_525_read' <Predicate = true> <Delay = 0.00>
ST_1 : Operation 23 [1/1] (0.00ns)   --->   "%tt2_524_read = read i64 @_ssdm_op_Read.ap_auto.i64, i64 %tt2_524"   --->   Operation 23 'read' 'tt2_524_read' <Predicate = true> <Delay = 0.00>
ST_1 : Operation 24 [1/1] (0.00ns)   --->   "%tt2_523_read = read i64 @_ssdm_op_Read.ap_auto.i64, i64 %tt2_523"   --->   Operation 24 'read' 'tt2_523_read' <Predicate = true> <Delay = 0.00>
ST_1 : Operation 25 [1/1] (0.00ns)   --->   "%tt2_522_read = read i64 @_ssdm_op_Read.ap_auto.i64, i64 %tt2_522"   --->   Operation 25 'read' 'tt2_522_read' <Predicate = true> <Delay = 0.00>
ST_1 : Operation 26 [1/1] (0.00ns)   --->   "%tt2_521_read = read i64 @_ssdm_op_Read.ap_auto.i64, i64 %tt2_521"   --->   Operation 26 'read' 'tt2_521_read' <Predicate = true> <Delay = 0.00>
ST_1 : Operation 27 [1/1] (0.00ns)   --->   "%tt2_520_read = read i64 @_ssdm_op_Read.ap_auto.i64, i64 %tt2_520"   --->   Operation 27 'read' 'tt2_520_read' <Predicate = true> <Delay = 0.00>
ST_1 : Operation 28 [1/1] (0.00ns)   --->   "%tt2_519_read = read i64 @_ssdm_op_Read.ap_auto.i64, i64 %tt2_519"   --->   Operation 28 'read' 'tt2_519_read' <Predicate = true> <Delay = 0.00>
ST_1 : Operation 29 [1/1] (0.00ns)   --->   "%tt2_518_read = read i64 @_ssdm_op_Read.ap_auto.i64, i64 %tt2_518"   --->   Operation 29 'read' 'tt2_518_read' <Predicate = true> <Delay = 0.00>
ST_1 : Operation 30 [1/1] (0.00ns)   --->   "%tt2_517_read = read i64 @_ssdm_op_Read.ap_auto.i64, i64 %tt2_517"   --->   Operation 30 'read' 'tt2_517_read' <Predicate = true> <Delay = 0.00>
ST_1 : Operation 31 [1/1] (0.00ns)   --->   "%tt2_516_read = read i64 @_ssdm_op_Read.ap_auto.i64, i64 %tt2_516"   --->   Operation 31 'read' 'tt2_516_read' <Predicate = true> <Delay = 0.00>
ST_1 : Operation 32 [1/1] (0.00ns)   --->   "%tt2_515_read = read i64 @_ssdm_op_Read.ap_auto.i64, i64 %tt2_515"   --->   Operation 32 'read' 'tt2_515_read' <Predicate = true> <Delay = 0.00>
ST_1 : Operation 33 [1/1] (0.00ns)   --->   "%tt2_514_read = read i64 @_ssdm_op_Read.ap_auto.i64, i64 %tt2_514"   --->   Operation 33 'read' 'tt2_514_read' <Predicate = true> <Delay = 0.00>
ST_1 : Operation 34 [1/1] (0.00ns)   --->   "%tt2_513_read = read i64 @_ssdm_op_Read.ap_auto.i64, i64 %tt2_513"   --->   Operation 34 'read' 'tt2_513_read' <Predicate = true> <Delay = 0.00>
ST_1 : Operation 35 [1/1] (0.00ns)   --->   "%tt2_512_read = read i64 @_ssdm_op_Read.ap_auto.i64, i64 %tt2_512"   --->   Operation 35 'read' 'tt2_512_read' <Predicate = true> <Delay = 0.00>
ST_1 : Operation 36 [1/1] (0.00ns)   --->   "%tt2_511_read = read i64 @_ssdm_op_Read.ap_auto.i64, i64 %tt2_511"   --->   Operation 36 'read' 'tt2_511_read' <Predicate = true> <Delay = 0.00>
ST_1 : Operation 37 [1/1] (0.00ns)   --->   "%tt1_15 = alloca i64 1" [src/fpx.cpp:170]   --->   Operation 37 'alloca' 'tt1_15' <Predicate = true> <Delay = 0.00>
ST_1 : Operation 38 [1/1] (0.00ns)   --->   "%tt1_14 = alloca i64 1" [src/fpx.cpp:170]   --->   Operation 38 'alloca' 'tt1_14' <Predicate = true> <Delay = 0.00>
ST_1 : Operation 39 [1/1] (0.00ns)   --->   "%tt1_13 = alloca i64 1" [src/fpx.cpp:170]   --->   Operation 39 'alloca' 'tt1_13' <Predicate = true> <Delay = 0.00>
ST_1 : Operation 40 [1/1] (0.00ns)   --->   "%tt1_12 = alloca i64 1" [src/fpx.cpp:170]   --->   Operation 40 'alloca' 'tt1_12' <Predicate = true> <Delay = 0.00>
ST_1 : Operation 41 [1/1] (0.00ns)   --->   "%tt1_11 = alloca i64 1" [src/fpx.cpp:170]   --->   Operation 41 'alloca' 'tt1_11' <Predicate = true> <Delay = 0.00>
ST_1 : Operation 42 [1/1] (0.00ns)   --->   "%tt1_10 = alloca i64 1" [src/fpx.cpp:170]   --->   Operation 42 'alloca' 'tt1_10' <Predicate = true> <Delay = 0.00>
ST_1 : Operation 43 [1/1] (0.00ns)   --->   "%tt1_9 = alloca i64 1" [src/fpx.cpp:170]   --->   Operation 43 'alloca' 'tt1_9' <Predicate = true> <Delay = 0.00>
ST_1 : Operation 44 [1/1] (0.00ns)   --->   "%tt1_8 = alloca i64 1" [src/fpx.cpp:170]   --->   Operation 44 'alloca' 'tt1_8' <Predicate = true> <Delay = 0.00>
ST_1 : Operation 45 [1/1] (0.00ns)   --->   "%tt1_7 = alloca i64 1" [src/fpx.cpp:170]   --->   Operation 45 'alloca' 'tt1_7' <Predicate = true> <Delay = 0.00>
ST_1 : Operation 46 [1/1] (0.00ns)   --->   "%tt1_6 = alloca i64 1" [src/fpx.cpp:170]   --->   Operation 46 'alloca' 'tt1_6' <Predicate = true> <Delay = 0.00>
ST_1 : Operation 47 [1/1] (0.00ns)   --->   "%tt1_5 = alloca i64 1" [src/fpx.cpp:170]   --->   Operation 47 'alloca' 'tt1_5' <Predicate = true> <Delay = 0.00>
ST_1 : Operation 48 [1/1] (0.00ns)   --->   "%tt1_4 = alloca i64 1" [src/fpx.cpp:170]   --->   Operation 48 'alloca' 'tt1_4' <Predicate = true> <Delay = 0.00>
ST_1 : Operation 49 [1/1] (0.00ns)   --->   "%tt1_3 = alloca i64 1" [src/fpx.cpp:170]   --->   Operation 49 'alloca' 'tt1_3' <Predicate = true> <Delay = 0.00>
ST_1 : Operation 50 [1/1] (0.00ns)   --->   "%tt1_2 = alloca i64 1" [src/fpx.cpp:170]   --->   Operation 50 'alloca' 'tt1_2' <Predicate = true> <Delay = 0.00>
ST_1 : Operation 51 [1/1] (0.00ns)   --->   "%tt1_1 = alloca i64 1" [src/fpx.cpp:170]   --->   Operation 51 'alloca' 'tt1_1' <Predicate = true> <Delay = 0.00>
ST_1 : Operation 52 [1/1] (0.00ns)   --->   "%tt1 = alloca i64 1" [src/fpx.cpp:170]   --->   Operation 52 'alloca' 'tt1' <Predicate = true> <Delay = 0.00>
ST_1 : Operation 53 [1/1] (0.38ns)   --->   "%store_ln174 = store i64 %tt1_517, i64 %tt1" [src/fpx.cpp:174]   --->   Operation 53 'store' 'store_ln174' <Predicate = true> <Delay = 0.38>
ST_1 : Operation 54 [1/1] (0.38ns)   --->   "%store_ln174 = store i64 %tt1_518, i64 %tt1_1" [src/fpx.cpp:174]   --->   Operation 54 'store' 'store_ln174' <Predicate = true> <Delay = 0.38>
ST_1 : Operation 55 [1/1] (0.38ns)   --->   "%store_ln174 = store i64 %tt1_519, i64 %tt1_2" [src/fpx.cpp:174]   --->   Operation 55 'store' 'store_ln174' <Predicate = true> <Delay = 0.38>
ST_1 : Operation 56 [1/1] (0.38ns)   --->   "%store_ln174 = store i64 %tt1_520, i64 %tt1_3" [src/fpx.cpp:174]   --->   Operation 56 'store' 'store_ln174' <Predicate = true> <Delay = 0.38>
ST_1 : Operation 57 [1/1] (0.38ns)   --->   "%store_ln174 = store i64 %tt1_521, i64 %tt1_4" [src/fpx.cpp:174]   --->   Operation 57 'store' 'store_ln174' <Predicate = true> <Delay = 0.38>
ST_1 : Operation 58 [1/1] (0.38ns)   --->   "%store_ln174 = store i64 %tt1_522, i64 %tt1_5" [src/fpx.cpp:174]   --->   Operation 58 'store' 'store_ln174' <Predicate = true> <Delay = 0.38>
ST_1 : Operation 59 [1/1] (0.38ns)   --->   "%store_ln174 = store i64 %tt1_523, i64 %tt1_6" [src/fpx.cpp:174]   --->   Operation 59 'store' 'store_ln174' <Predicate = true> <Delay = 0.38>
ST_1 : Operation 60 [1/1] (0.38ns)   --->   "%store_ln174 = store i64 %tt1_524, i64 %tt1_7" [src/fpx.cpp:174]   --->   Operation 60 'store' 'store_ln174' <Predicate = true> <Delay = 0.38>
ST_1 : Operation 61 [1/1] (0.38ns)   --->   "%store_ln174 = store i64 %tt1_525, i64 %tt1_8" [src/fpx.cpp:174]   --->   Operation 61 'store' 'store_ln174' <Predicate = true> <Delay = 0.38>
ST_1 : Operation 62 [1/1] (0.38ns)   --->   "%store_ln174 = store i64 %tt1_526, i64 %tt1_9" [src/fpx.cpp:174]   --->   Operation 62 'store' 'store_ln174' <Predicate = true> <Delay = 0.38>
ST_1 : Operation 63 [1/1] (0.38ns)   --->   "%store_ln174 = store i64 %tt1_527, i64 %tt1_10" [src/fpx.cpp:174]   --->   Operation 63 'store' 'store_ln174' <Predicate = true> <Delay = 0.38>
ST_1 : Operation 64 [1/1] (0.38ns)   --->   "%store_ln174 = store i64 %tt1_528, i64 %tt1_11" [src/fpx.cpp:174]   --->   Operation 64 'store' 'store_ln174' <Predicate = true> <Delay = 0.38>
ST_1 : Operation 65 [1/1] (0.38ns)   --->   "%store_ln174 = store i64 %tt1_529, i64 %tt1_12" [src/fpx.cpp:174]   --->   Operation 65 'store' 'store_ln174' <Predicate = true> <Delay = 0.38>
ST_1 : Operation 66 [1/1] (0.38ns)   --->   "%store_ln174 = store i64 %tt1_530, i64 %tt1_13" [src/fpx.cpp:174]   --->   Operation 66 'store' 'store_ln174' <Predicate = true> <Delay = 0.38>
ST_1 : Operation 67 [1/1] (0.38ns)   --->   "%store_ln174 = store i64 %tt1_531, i64 %tt1_14" [src/fpx.cpp:174]   --->   Operation 67 'store' 'store_ln174' <Predicate = true> <Delay = 0.38>
ST_1 : Operation 68 [1/1] (0.38ns)   --->   "%store_ln174 = store i64 %tt1_532, i64 %tt1_15" [src/fpx.cpp:174]   --->   Operation 68 'store' 'store_ln174' <Predicate = true> <Delay = 0.38>
ST_1 : Operation 69 [1/1] (0.38ns)   --->   "%store_ln368 = store i5 0, i5 %i" [src/fpx.cpp:368->src/fpx.cpp:132->src/fpx.cpp:184]   --->   Operation 69 'store' 'store_ln368' <Predicate = true> <Delay = 0.38>
ST_1 : Operation 70 [1/1] (0.38ns)   --->   "%br_ln370 = br void %for.inc.i.i84" [src/fpx.cpp:370->src/fpx.cpp:132->src/fpx.cpp:184]   --->   Operation 70 'br' 'br_ln370' <Predicate = true> <Delay = 0.38>

State 2 <SV = 1> <Delay = 3.36>
ST_2 : Operation 71 [1/1] (0.00ns)   --->   "%carry = phi i1 0, void %newFuncRoot, i1 %tmp, void %arrayidx.i.i63128.exit" [src/fpx.cpp:370->src/fpx.cpp:132->src/fpx.cpp:184]   --->   Operation 71 'phi' 'carry' <Predicate = true> <Delay = 0.00>
ST_2 : Operation 72 [1/1] (0.00ns)   --->   "%i_303 = load i5 %i" [src/fpx.cpp:370->src/fpx.cpp:132->src/fpx.cpp:184]   --->   Operation 72 'load' 'i_303' <Predicate = true> <Delay = 0.00>
ST_2 : Operation 73 [1/1] (0.70ns)   --->   "%icmp_ln370 = icmp_eq  i5 %i_303, i5 16" [src/fpx.cpp:370->src/fpx.cpp:132->src/fpx.cpp:184]   --->   Operation 73 'icmp' 'icmp_ln370' <Predicate = true> <Delay = 0.70> <CoreInst = "Cmp">   --->   Core 9 'Cmp' <Latency = 0> <II = 1> <Delay = 0.70> <FuncUnit> <Opcode : 'seteq' 'setne' 'setle' 'setge' 'setlt' 'setgt'> <InPorts = 2> <OutPorts = 1>
ST_2 : Operation 74 [1/1] (0.00ns)   --->   "%speclooptripcount_ln0 = speclooptripcount void @_ssdm_op_SpecLoopTripCount, i64 16, i64 16, i64 16"   --->   Operation 74 'speclooptripcount' 'speclooptripcount_ln0' <Predicate = true> <Delay = 0.00>
ST_2 : Operation 75 [1/1] (0.70ns)   --->   "%add_ln370 = add i5 %i_303, i5 1" [src/fpx.cpp:370->src/fpx.cpp:132->src/fpx.cpp:184]   --->   Operation 75 'add' 'add_ln370' <Predicate = true> <Delay = 0.70> <CoreInst = "Adder">   --->   Core 1 'Adder' <Latency = 0> <II = 1> <Delay = 0.70> <FuncUnit> <Opcode : 'add' 'sub'> <InPorts = 2> <OutPorts = 1>
ST_2 : Operation 76 [1/1] (0.00ns)   --->   "%br_ln370 = br i1 %icmp_ln370, void %for.inc.i.i84.split, void %_ZL12mp_addfastx2PKmS0_Pm.exit" [src/fpx.cpp:370->src/fpx.cpp:132->src/fpx.cpp:184]   --->   Operation 76 'br' 'br_ln370' <Predicate = true> <Delay = 0.00>
ST_2 : Operation 77 [1/1] (0.00ns)   --->   "%trunc_ln370 = trunc i5 %i_303" [src/fpx.cpp:370->src/fpx.cpp:132->src/fpx.cpp:184]   --->   Operation 77 'trunc' 'trunc_ln370' <Predicate = (!icmp_ln370)> <Delay = 0.00>
ST_2 : Operation 78 [1/1] (0.00ns)   --->   "%specpipeline_ln368 = specpipeline void @_ssdm_op_SpecPipeline, i32 4294967295, i32 0, i32 0, i32 0, void @empty_15" [src/fpx.cpp:368->src/fpx.cpp:132->src/fpx.cpp:184]   --->   Operation 78 'specpipeline' 'specpipeline_ln368' <Predicate = (!icmp_ln370)> <Delay = 0.00>
ST_2 : Operation 79 [1/1] (0.00ns)   --->   "%specloopname_ln370 = specloopname void @_ssdm_op_SpecLoopName, void @empty_39" [src/fpx.cpp:370->src/fpx.cpp:132->src/fpx.cpp:184]   --->   Operation 79 'specloopname' 'specloopname_ln370' <Predicate = (!icmp_ln370)> <Delay = 0.00>
ST_2 : Operation 80 [1/1] (0.00ns)   --->   "%tt1_load_15 = load i64 %tt1" [src/fpx.cpp:373->src/fpx.cpp:132->src/fpx.cpp:184]   --->   Operation 80 'load' 'tt1_load_15' <Predicate = (!icmp_ln370)> <Delay = 0.00>
ST_2 : Operation 81 [1/1] (0.00ns)   --->   "%tt1_1_load_14 = load i64 %tt1_1" [src/fpx.cpp:373->src/fpx.cpp:132->src/fpx.cpp:184]   --->   Operation 81 'load' 'tt1_1_load_14' <Predicate = (!icmp_ln370)> <Delay = 0.00>
ST_2 : Operation 82 [1/1] (0.00ns)   --->   "%tt1_2_load_14 = load i64 %tt1_2" [src/fpx.cpp:373->src/fpx.cpp:132->src/fpx.cpp:184]   --->   Operation 82 'load' 'tt1_2_load_14' <Predicate = (!icmp_ln370)> <Delay = 0.00>
ST_2 : Operation 83 [1/1] (0.00ns)   --->   "%tt1_3_load_14 = load i64 %tt1_3" [src/fpx.cpp:373->src/fpx.cpp:132->src/fpx.cpp:184]   --->   Operation 83 'load' 'tt1_3_load_14' <Predicate = (!icmp_ln370)> <Delay = 0.00>
ST_2 : Operation 84 [1/1] (0.00ns)   --->   "%tt1_4_load_14 = load i64 %tt1_4" [src/fpx.cpp:373->src/fpx.cpp:132->src/fpx.cpp:184]   --->   Operation 84 'load' 'tt1_4_load_14' <Predicate = (!icmp_ln370)> <Delay = 0.00>
ST_2 : Operation 85 [1/1] (0.00ns)   --->   "%tt1_5_load_14 = load i64 %tt1_5" [src/fpx.cpp:373->src/fpx.cpp:132->src/fpx.cpp:184]   --->   Operation 85 'load' 'tt1_5_load_14' <Predicate = (!icmp_ln370)> <Delay = 0.00>
ST_2 : Operation 86 [1/1] (0.00ns)   --->   "%tt1_6_load_14 = load i64 %tt1_6" [src/fpx.cpp:373->src/fpx.cpp:132->src/fpx.cpp:184]   --->   Operation 86 'load' 'tt1_6_load_14' <Predicate = (!icmp_ln370)> <Delay = 0.00>
ST_2 : Operation 87 [1/1] (0.00ns)   --->   "%tt1_7_load_14 = load i64 %tt1_7" [src/fpx.cpp:373->src/fpx.cpp:132->src/fpx.cpp:184]   --->   Operation 87 'load' 'tt1_7_load_14' <Predicate = (!icmp_ln370)> <Delay = 0.00>
ST_2 : Operation 88 [1/1] (0.00ns)   --->   "%tt1_8_load_14 = load i64 %tt1_8" [src/fpx.cpp:373->src/fpx.cpp:132->src/fpx.cpp:184]   --->   Operation 88 'load' 'tt1_8_load_14' <Predicate = (!icmp_ln370)> <Delay = 0.00>
ST_2 : Operation 89 [1/1] (0.00ns)   --->   "%tt1_9_load_14 = load i64 %tt1_9" [src/fpx.cpp:373->src/fpx.cpp:132->src/fpx.cpp:184]   --->   Operation 89 'load' 'tt1_9_load_14' <Predicate = (!icmp_ln370)> <Delay = 0.00>
ST_2 : Operation 90 [1/1] (0.00ns)   --->   "%tt1_10_load_14 = load i64 %tt1_10" [src/fpx.cpp:373->src/fpx.cpp:132->src/fpx.cpp:184]   --->   Operation 90 'load' 'tt1_10_load_14' <Predicate = (!icmp_ln370)> <Delay = 0.00>
ST_2 : Operation 91 [1/1] (0.00ns)   --->   "%tt1_11_load_14 = load i64 %tt1_11" [src/fpx.cpp:373->src/fpx.cpp:132->src/fpx.cpp:184]   --->   Operation 91 'load' 'tt1_11_load_14' <Predicate = (!icmp_ln370)> <Delay = 0.00>
ST_2 : Operation 92 [1/1] (0.00ns)   --->   "%tt1_12_load_14 = load i64 %tt1_12" [src/fpx.cpp:373->src/fpx.cpp:132->src/fpx.cpp:184]   --->   Operation 92 'load' 'tt1_12_load_14' <Predicate = (!icmp_ln370)> <Delay = 0.00>
ST_2 : Operation 93 [1/1] (0.00ns)   --->   "%tt1_13_load_14 = load i64 %tt1_13" [src/fpx.cpp:373->src/fpx.cpp:132->src/fpx.cpp:184]   --->   Operation 93 'load' 'tt1_13_load_14' <Predicate = (!icmp_ln370)> <Delay = 0.00>
ST_2 : Operation 94 [1/1] (0.00ns)   --->   "%tt1_14_load_14 = load i64 %tt1_14" [src/fpx.cpp:373->src/fpx.cpp:132->src/fpx.cpp:184]   --->   Operation 94 'load' 'tt1_14_load_14' <Predicate = (!icmp_ln370)> <Delay = 0.00>
ST_2 : Operation 95 [1/1] (0.00ns)   --->   "%tt1_15_load_14 = load i64 %tt1_15" [src/fpx.cpp:373->src/fpx.cpp:132->src/fpx.cpp:184]   --->   Operation 95 'load' 'tt1_15_load_14' <Predicate = (!icmp_ln370)> <Delay = 0.00>
ST_2 : Operation 96 [1/1] (0.49ns)   --->   "%tmp_39 = sparsemux i64 @_ssdm_op_SparseMux.ap_auto.16i64.i64.i4, i4 0, i64 %tt1_load_15, i4 1, i64 %tt1_1_load_14, i4 2, i64 %tt1_2_load_14, i4 3, i64 %tt1_3_load_14, i4 4, i64 %tt1_4_load_14, i4 5, i64 %tt1_5_load_14, i4 6, i64 %tt1_6_load_14, i4 7, i64 %tt1_7_load_14, i4 8, i64 %tt1_8_load_14, i4 9, i64 %tt1_9_load_14, i4 10, i64 %tt1_10_load_14, i4 11, i64 %tt1_11_load_14, i4 12, i64 %tt1_12_load_14, i4 13, i64 %tt1_13_load_14, i4 14, i64 %tt1_14_load_14, i4 15, i64 %tt1_15_load_14, i64 0, i4 %trunc_ln370" [src/fpx.cpp:373->src/fpx.cpp:132->src/fpx.cpp:184]   --->   Operation 96 'sparsemux' 'tmp_39' <Predicate = (!icmp_ln370)> <Delay = 0.49> <CoreInst = "BinarySparseMux_DontCare">   --->   Core 159 'BinarySparseMux_DontCare' <Latency = 0> <II = 1> <Delay = 0.49> <FuncUnit> <Opcode : 'sparsemux'> <InPorts = 2> <OutPorts = 1>
ST_2 : Operation 97 [1/1] (0.00ns)   --->   "%zext_ln373 = zext i1 %carry" [src/fpx.cpp:373->src/fpx.cpp:132->src/fpx.cpp:184]   --->   Operation 97 'zext' 'zext_ln373' <Predicate = (!icmp_ln370)> <Delay = 0.00>
ST_2 : Operation 98 [1/1] (1.14ns)   --->   "%tempReg = add i64 %tmp_39, i64 %zext_ln373" [src/fpx.cpp:373->src/fpx.cpp:132->src/fpx.cpp:184]   --->   Operation 98 'add' 'tempReg' <Predicate = (!icmp_ln370)> <Delay = 1.14> <CoreInst = "Adder">   --->   Core 1 'Adder' <Latency = 0> <II = 1> <Delay = 1.14> <FuncUnit> <Opcode : 'add' 'sub'> <InPorts = 2> <OutPorts = 1>
ST_2 : Operation 99 [1/1] (0.49ns)   --->   "%tmp_40 = sparsemux i64 @_ssdm_op_SparseMux.ap_auto.16i64.i64.i4, i4 0, i64 %tt2_511_read, i4 1, i64 %tt2_512_read, i4 2, i64 %tt2_513_read, i4 3, i64 %tt2_514_read, i4 4, i64 %tt2_515_read, i4 5, i64 %tt2_516_read, i4 6, i64 %tt2_517_read, i4 7, i64 %tt2_518_read, i4 8, i64 %tt2_519_read, i4 9, i64 %tt2_520_read, i4 10, i64 %tt2_521_read, i4 11, i64 %tt2_522_read, i4 12, i64 %tt2_523_read, i4 13, i64 %tt2_524_read, i4 14, i64 %tt2_525_read, i4 15, i64 %tt2_526_read, i64 0, i4 %trunc_ln370" [src/fpx.cpp:373->src/fpx.cpp:132->src/fpx.cpp:184]   --->   Operation 99 'sparsemux' 'tmp_40' <Predicate = (!icmp_ln370)> <Delay = 0.49> <CoreInst = "BinarySparseMux_DontCare">   --->   Core 159 'BinarySparseMux_DontCare' <Latency = 0> <II = 1> <Delay = 0.49> <FuncUnit> <Opcode : 'sparsemux'> <InPorts = 2> <OutPorts = 1>
ST_2 : Operation 100 [1/1] (1.14ns)   --->   "%tt1_533 = add i64 %tmp_40, i64 %tempReg" [src/fpx.cpp:373->src/fpx.cpp:132->src/fpx.cpp:184]   --->   Operation 100 'add' 'tt1_533' <Predicate = (!icmp_ln370)> <Delay = 1.14> <CoreInst = "Adder">   --->   Core 1 'Adder' <Latency = 0> <II = 1> <Delay = 1.14> <FuncUnit> <Opcode : 'add' 'sub'> <InPorts = 2> <OutPorts = 1>
ST_2 : Operation 101 [1/1] (0.70ns)   --->   "%switch_ln373 = switch i4 %trunc_ln370, void %arrayidx.i.i63128.case.15, i4 0, void %arrayidx.i.i63128.case.0, i4 1, void %arrayidx.i.i63128.case.1, i4 2, void %arrayidx.i.i63128.case.2, i4 3, void %arrayidx.i.i63128.case.3, i4 4, void %arrayidx.i.i63128.case.4, i4 5, void %arrayidx.i.i63128.case.5, i4 6, void %arrayidx.i.i63128.case.6, i4 7, void %arrayidx.i.i63128.case.7, i4 8, void %arrayidx.i.i63128.case.8, i4 9, void %arrayidx.i.i63128.case.9, i4 10, void %arrayidx.i.i63128.case.10, i4 11, void %arrayidx.i.i63128.case.11, i4 12, void %arrayidx.i.i63128.case.12, i4 13, void %arrayidx.i.i63128.case.13, i4 14, void %arrayidx.i.i63128.case.14" [src/fpx.cpp:373->src/fpx.cpp:132->src/fpx.cpp:184]   --->   Operation 101 'switch' 'switch_ln373' <Predicate = (!icmp_ln370)> <Delay = 0.70>
ST_2 : Operation 102 [1/1] (0.38ns)   --->   "%store_ln373 = store i64 %tt1_533, i64 %tt1_14" [src/fpx.cpp:373->src/fpx.cpp:132->src/fpx.cpp:184]   --->   Operation 102 'store' 'store_ln373' <Predicate = (!icmp_ln370 & trunc_ln370 == 14)> <Delay = 0.38>
ST_2 : Operation 103 [1/1] (0.00ns)   --->   "%br_ln373 = br void %arrayidx.i.i63128.exit" [src/fpx.cpp:373->src/fpx.cpp:132->src/fpx.cpp:184]   --->   Operation 103 'br' 'br_ln373' <Predicate = (!icmp_ln370 & trunc_ln370 == 14)> <Delay = 0.00>
ST_2 : Operation 104 [1/1] (0.38ns)   --->   "%store_ln373 = store i64 %tt1_533, i64 %tt1_13" [src/fpx.cpp:373->src/fpx.cpp:132->src/fpx.cpp:184]   --->   Operation 104 'store' 'store_ln373' <Predicate = (!icmp_ln370 & trunc_ln370 == 13)> <Delay = 0.38>
ST_2 : Operation 105 [1/1] (0.00ns)   --->   "%br_ln373 = br void %arrayidx.i.i63128.exit" [src/fpx.cpp:373->src/fpx.cpp:132->src/fpx.cpp:184]   --->   Operation 105 'br' 'br_ln373' <Predicate = (!icmp_ln370 & trunc_ln370 == 13)> <Delay = 0.00>
ST_2 : Operation 106 [1/1] (0.38ns)   --->   "%store_ln373 = store i64 %tt1_533, i64 %tt1_12" [src/fpx.cpp:373->src/fpx.cpp:132->src/fpx.cpp:184]   --->   Operation 106 'store' 'store_ln373' <Predicate = (!icmp_ln370 & trunc_ln370 == 12)> <Delay = 0.38>
ST_2 : Operation 107 [1/1] (0.00ns)   --->   "%br_ln373 = br void %arrayidx.i.i63128.exit" [src/fpx.cpp:373->src/fpx.cpp:132->src/fpx.cpp:184]   --->   Operation 107 'br' 'br_ln373' <Predicate = (!icmp_ln370 & trunc_ln370 == 12)> <Delay = 0.00>
ST_2 : Operation 108 [1/1] (0.38ns)   --->   "%store_ln373 = store i64 %tt1_533, i64 %tt1_11" [src/fpx.cpp:373->src/fpx.cpp:132->src/fpx.cpp:184]   --->   Operation 108 'store' 'store_ln373' <Predicate = (!icmp_ln370 & trunc_ln370 == 11)> <Delay = 0.38>
ST_2 : Operation 109 [1/1] (0.00ns)   --->   "%br_ln373 = br void %arrayidx.i.i63128.exit" [src/fpx.cpp:373->src/fpx.cpp:132->src/fpx.cpp:184]   --->   Operation 109 'br' 'br_ln373' <Predicate = (!icmp_ln370 & trunc_ln370 == 11)> <Delay = 0.00>
ST_2 : Operation 110 [1/1] (0.38ns)   --->   "%store_ln373 = store i64 %tt1_533, i64 %tt1_10" [src/fpx.cpp:373->src/fpx.cpp:132->src/fpx.cpp:184]   --->   Operation 110 'store' 'store_ln373' <Predicate = (!icmp_ln370 & trunc_ln370 == 10)> <Delay = 0.38>
ST_2 : Operation 111 [1/1] (0.00ns)   --->   "%br_ln373 = br void %arrayidx.i.i63128.exit" [src/fpx.cpp:373->src/fpx.cpp:132->src/fpx.cpp:184]   --->   Operation 111 'br' 'br_ln373' <Predicate = (!icmp_ln370 & trunc_ln370 == 10)> <Delay = 0.00>
ST_2 : Operation 112 [1/1] (0.38ns)   --->   "%store_ln373 = store i64 %tt1_533, i64 %tt1_9" [src/fpx.cpp:373->src/fpx.cpp:132->src/fpx.cpp:184]   --->   Operation 112 'store' 'store_ln373' <Predicate = (!icmp_ln370 & trunc_ln370 == 9)> <Delay = 0.38>
ST_2 : Operation 113 [1/1] (0.00ns)   --->   "%br_ln373 = br void %arrayidx.i.i63128.exit" [src/fpx.cpp:373->src/fpx.cpp:132->src/fpx.cpp:184]   --->   Operation 113 'br' 'br_ln373' <Predicate = (!icmp_ln370 & trunc_ln370 == 9)> <Delay = 0.00>
ST_2 : Operation 114 [1/1] (0.38ns)   --->   "%store_ln373 = store i64 %tt1_533, i64 %tt1_8" [src/fpx.cpp:373->src/fpx.cpp:132->src/fpx.cpp:184]   --->   Operation 114 'store' 'store_ln373' <Predicate = (!icmp_ln370 & trunc_ln370 == 8)> <Delay = 0.38>
ST_2 : Operation 115 [1/1] (0.00ns)   --->   "%br_ln373 = br void %arrayidx.i.i63128.exit" [src/fpx.cpp:373->src/fpx.cpp:132->src/fpx.cpp:184]   --->   Operation 115 'br' 'br_ln373' <Predicate = (!icmp_ln370 & trunc_ln370 == 8)> <Delay = 0.00>
ST_2 : Operation 116 [1/1] (0.38ns)   --->   "%store_ln373 = store i64 %tt1_533, i64 %tt1_7" [src/fpx.cpp:373->src/fpx.cpp:132->src/fpx.cpp:184]   --->   Operation 116 'store' 'store_ln373' <Predicate = (!icmp_ln370 & trunc_ln370 == 7)> <Delay = 0.38>
ST_2 : Operation 117 [1/1] (0.00ns)   --->   "%br_ln373 = br void %arrayidx.i.i63128.exit" [src/fpx.cpp:373->src/fpx.cpp:132->src/fpx.cpp:184]   --->   Operation 117 'br' 'br_ln373' <Predicate = (!icmp_ln370 & trunc_ln370 == 7)> <Delay = 0.00>
ST_2 : Operation 118 [1/1] (0.38ns)   --->   "%store_ln373 = store i64 %tt1_533, i64 %tt1_6" [src/fpx.cpp:373->src/fpx.cpp:132->src/fpx.cpp:184]   --->   Operation 118 'store' 'store_ln373' <Predicate = (!icmp_ln370 & trunc_ln370 == 6)> <Delay = 0.38>
ST_2 : Operation 119 [1/1] (0.00ns)   --->   "%br_ln373 = br void %arrayidx.i.i63128.exit" [src/fpx.cpp:373->src/fpx.cpp:132->src/fpx.cpp:184]   --->   Operation 119 'br' 'br_ln373' <Predicate = (!icmp_ln370 & trunc_ln370 == 6)> <Delay = 0.00>
ST_2 : Operation 120 [1/1] (0.38ns)   --->   "%store_ln373 = store i64 %tt1_533, i64 %tt1_5" [src/fpx.cpp:373->src/fpx.cpp:132->src/fpx.cpp:184]   --->   Operation 120 'store' 'store_ln373' <Predicate = (!icmp_ln370 & trunc_ln370 == 5)> <Delay = 0.38>
ST_2 : Operation 121 [1/1] (0.00ns)   --->   "%br_ln373 = br void %arrayidx.i.i63128.exit" [src/fpx.cpp:373->src/fpx.cpp:132->src/fpx.cpp:184]   --->   Operation 121 'br' 'br_ln373' <Predicate = (!icmp_ln370 & trunc_ln370 == 5)> <Delay = 0.00>
ST_2 : Operation 122 [1/1] (0.38ns)   --->   "%store_ln373 = store i64 %tt1_533, i64 %tt1_4" [src/fpx.cpp:373->src/fpx.cpp:132->src/fpx.cpp:184]   --->   Operation 122 'store' 'store_ln373' <Predicate = (!icmp_ln370 & trunc_ln370 == 4)> <Delay = 0.38>
ST_2 : Operation 123 [1/1] (0.00ns)   --->   "%br_ln373 = br void %arrayidx.i.i63128.exit" [src/fpx.cpp:373->src/fpx.cpp:132->src/fpx.cpp:184]   --->   Operation 123 'br' 'br_ln373' <Predicate = (!icmp_ln370 & trunc_ln370 == 4)> <Delay = 0.00>
ST_2 : Operation 124 [1/1] (0.38ns)   --->   "%store_ln373 = store i64 %tt1_533, i64 %tt1_3" [src/fpx.cpp:373->src/fpx.cpp:132->src/fpx.cpp:184]   --->   Operation 124 'store' 'store_ln373' <Predicate = (!icmp_ln370 & trunc_ln370 == 3)> <Delay = 0.38>
ST_2 : Operation 125 [1/1] (0.00ns)   --->   "%br_ln373 = br void %arrayidx.i.i63128.exit" [src/fpx.cpp:373->src/fpx.cpp:132->src/fpx.cpp:184]   --->   Operation 125 'br' 'br_ln373' <Predicate = (!icmp_ln370 & trunc_ln370 == 3)> <Delay = 0.00>
ST_2 : Operation 126 [1/1] (0.38ns)   --->   "%store_ln373 = store i64 %tt1_533, i64 %tt1_2" [src/fpx.cpp:373->src/fpx.cpp:132->src/fpx.cpp:184]   --->   Operation 126 'store' 'store_ln373' <Predicate = (!icmp_ln370 & trunc_ln370 == 2)> <Delay = 0.38>
ST_2 : Operation 127 [1/1] (0.00ns)   --->   "%br_ln373 = br void %arrayidx.i.i63128.exit" [src/fpx.cpp:373->src/fpx.cpp:132->src/fpx.cpp:184]   --->   Operation 127 'br' 'br_ln373' <Predicate = (!icmp_ln370 & trunc_ln370 == 2)> <Delay = 0.00>
ST_2 : Operation 128 [1/1] (0.38ns)   --->   "%store_ln373 = store i64 %tt1_533, i64 %tt1_1" [src/fpx.cpp:373->src/fpx.cpp:132->src/fpx.cpp:184]   --->   Operation 128 'store' 'store_ln373' <Predicate = (!icmp_ln370 & trunc_ln370 == 1)> <Delay = 0.38>
ST_2 : Operation 129 [1/1] (0.00ns)   --->   "%br_ln373 = br void %arrayidx.i.i63128.exit" [src/fpx.cpp:373->src/fpx.cpp:132->src/fpx.cpp:184]   --->   Operation 129 'br' 'br_ln373' <Predicate = (!icmp_ln370 & trunc_ln370 == 1)> <Delay = 0.00>
ST_2 : Operation 130 [1/1] (0.38ns)   --->   "%store_ln373 = store i64 %tt1_533, i64 %tt1" [src/fpx.cpp:373->src/fpx.cpp:132->src/fpx.cpp:184]   --->   Operation 130 'store' 'store_ln373' <Predicate = (!icmp_ln370 & trunc_ln370 == 0)> <Delay = 0.38>
ST_2 : Operation 131 [1/1] (0.00ns)   --->   "%br_ln373 = br void %arrayidx.i.i63128.exit" [src/fpx.cpp:373->src/fpx.cpp:132->src/fpx.cpp:184]   --->   Operation 131 'br' 'br_ln373' <Predicate = (!icmp_ln370 & trunc_ln370 == 0)> <Delay = 0.00>
ST_2 : Operation 132 [1/1] (0.38ns)   --->   "%store_ln373 = store i64 %tt1_533, i64 %tt1_15" [src/fpx.cpp:373->src/fpx.cpp:132->src/fpx.cpp:184]   --->   Operation 132 'store' 'store_ln373' <Predicate = (!icmp_ln370 & trunc_ln370 == 15)> <Delay = 0.38>
ST_2 : Operation 133 [1/1] (0.00ns)   --->   "%br_ln373 = br void %arrayidx.i.i63128.exit" [src/fpx.cpp:373->src/fpx.cpp:132->src/fpx.cpp:184]   --->   Operation 133 'br' 'br_ln373' <Predicate = (!icmp_ln370 & trunc_ln370 == 15)> <Delay = 0.00>
ST_2 : Operation 134 [1/1] (0.00ns) (grouped into LUT with out node xor_ln373_174)   --->   "%xor_ln373 = xor i64 %tt1_533, i64 %tempReg" [src/fpx.cpp:373->src/fpx.cpp:132->src/fpx.cpp:184]   --->   Operation 134 'xor' 'xor_ln373' <Predicate = (!icmp_ln370)> <Delay = 0.00> <CoreInst = "LogicGate">   --->   Core 74 'LogicGate' <Latency = 0> <II = 1> <Delay = 0.28> <FuncUnit> <Opcode : 'and' 'or' 'xor'> <InPorts = 2> <OutPorts = 1>
ST_2 : Operation 135 [1/1] (0.00ns) (grouped into LUT with out node xor_ln373_174)   --->   "%xor_ln373_172 = xor i64 %tmp_40, i64 %tempReg" [src/fpx.cpp:373->src/fpx.cpp:132->src/fpx.cpp:184]   --->   Operation 135 'xor' 'xor_ln373_172' <Predicate = (!icmp_ln370)> <Delay = 0.00> <CoreInst = "LogicGate">   --->   Core 74 'LogicGate' <Latency = 0> <II = 1> <Delay = 0.28> <FuncUnit> <Opcode : 'and' 'or' 'xor'> <InPorts = 2> <OutPorts = 1>
ST_2 : Operation 136 [1/1] (0.00ns) (grouped into LUT with out node xor_ln373_174)   --->   "%or_ln373 = or i64 %xor_ln373, i64 %xor_ln373_172" [src/fpx.cpp:373->src/fpx.cpp:132->src/fpx.cpp:184]   --->   Operation 136 'or' 'or_ln373' <Predicate = (!icmp_ln370)> <Delay = 0.00> <CoreInst = "LogicGate">   --->   Core 74 'LogicGate' <Latency = 0> <II = 1> <Delay = 0.28> <FuncUnit> <Opcode : 'and' 'or' 'xor'> <InPorts = 2> <OutPorts = 1>
ST_2 : Operation 137 [1/1] (0.00ns) (grouped into LUT with out node or_ln373_67)   --->   "%bit_sel = bitselect i1 @_ssdm_op_BitSelect.i1.i64.i64, i64 %tempReg, i64 63" [src/fpx.cpp:373->src/fpx.cpp:132->src/fpx.cpp:184]   --->   Operation 137 'bitselect' 'bit_sel' <Predicate = (!icmp_ln370)> <Delay = 0.00>
ST_2 : Operation 138 [1/1] (0.00ns) (grouped into LUT with out node or_ln373_67)   --->   "%xor_ln373_173 = xor i1 %bit_sel, i1 1" [src/fpx.cpp:373->src/fpx.cpp:132->src/fpx.cpp:184]   --->   Operation 138 'xor' 'xor_ln373_173' <Predicate = (!icmp_ln370)> <Delay = 0.00> <CoreInst = "LogicGate">   --->   Core 74 'LogicGate' <Latency = 0> <II = 1> <Delay = 0.12> <FuncUnit> <Opcode : 'and' 'or' 'xor'> <InPorts = 2> <OutPorts = 1>
ST_2 : Operation 139 [1/1] (0.00ns) (grouped into LUT with out node or_ln373_67)   --->   "%trunc_ln373 = trunc i64 %tempReg" [src/fpx.cpp:373->src/fpx.cpp:132->src/fpx.cpp:184]   --->   Operation 139 'trunc' 'trunc_ln373' <Predicate = (!icmp_ln370)> <Delay = 0.00>
ST_2 : Operation 140 [1/1] (0.00ns) (grouped into LUT with out node or_ln373_67)   --->   "%xor_ln373_s = bitconcatenate i64 @_ssdm_op_BitConcatenate.i64.i1.i63, i1 %xor_ln373_173, i63 %trunc_ln373" [src/fpx.cpp:373->src/fpx.cpp:132->src/fpx.cpp:184]   --->   Operation 140 'bitconcatenate' 'xor_ln373_s' <Predicate = (!icmp_ln370)> <Delay = 0.00>
ST_2 : Operation 141 [1/1] (0.00ns) (grouped into LUT with out node or_ln373_67)   --->   "%and_ln373 = and i64 %xor_ln373_s, i64 %tmp_39" [src/fpx.cpp:373->src/fpx.cpp:132->src/fpx.cpp:184]   --->   Operation 141 'and' 'and_ln373' <Predicate = (!icmp_ln370)> <Delay = 0.00> <CoreInst = "LogicGate">   --->   Core 74 'LogicGate' <Latency = 0> <II = 1> <Delay = 0.28> <FuncUnit> <Opcode : 'and' 'or' 'xor'> <InPorts = 2> <OutPorts = 1>
ST_2 : Operation 142 [1/1] (0.28ns) (out node of the LUT)   --->   "%xor_ln373_174 = xor i64 %or_ln373, i64 %tt1_533" [src/fpx.cpp:373->src/fpx.cpp:132->src/fpx.cpp:184]   --->   Operation 142 'xor' 'xor_ln373_174' <Predicate = (!icmp_ln370)> <Delay = 0.28> <CoreInst = "LogicGate">   --->   Core 74 'LogicGate' <Latency = 0> <II = 1> <Delay = 0.28> <FuncUnit> <Opcode : 'and' 'or' 'xor'> <InPorts = 2> <OutPorts = 1>
ST_2 : Operation 143 [1/1] (0.28ns) (out node of the LUT)   --->   "%or_ln373_67 = or i64 %xor_ln373_174, i64 %and_ln373" [src/fpx.cpp:373->src/fpx.cpp:132->src/fpx.cpp:184]   --->   Operation 143 'or' 'or_ln373_67' <Predicate = (!icmp_ln370)> <Delay = 0.28> <CoreInst = "LogicGate">   --->   Core 74 'LogicGate' <Latency = 0> <II = 1> <Delay = 0.28> <FuncUnit> <Opcode : 'and' 'or' 'xor'> <InPorts = 2> <OutPorts = 1>
ST_2 : Operation 144 [1/1] (0.00ns)   --->   "%tmp = bitselect i1 @_ssdm_op_BitSelect.i1.i64.i32, i64 %or_ln373_67, i32 63" [src/fpx.cpp:370->src/fpx.cpp:132->src/fpx.cpp:184]   --->   Operation 144 'bitselect' 'tmp' <Predicate = (!icmp_ln370)> <Delay = 0.00>
ST_2 : Operation 145 [1/1] (0.38ns)   --->   "%store_ln368 = store i5 %add_ln370, i5 %i" [src/fpx.cpp:368->src/fpx.cpp:132->src/fpx.cpp:184]   --->   Operation 145 'store' 'store_ln368' <Predicate = (!icmp_ln370)> <Delay = 0.38>
ST_2 : Operation 146 [1/1] (0.00ns)   --->   "%br_ln370 = br void %for.inc.i.i84" [src/fpx.cpp:370->src/fpx.cpp:132->src/fpx.cpp:184]   --->   Operation 146 'br' 'br_ln370' <Predicate = (!icmp_ln370)> <Delay = 0.00>
ST_2 : Operation 147 [1/1] (0.00ns)   --->   "%tt1_load = load i64 %tt1"   --->   Operation 147 'load' 'tt1_load' <Predicate = (icmp_ln370)> <Delay = 0.00>
ST_2 : Operation 148 [1/1] (0.00ns)   --->   "%tt1_1_load = load i64 %tt1_1"   --->   Operation 148 'load' 'tt1_1_load' <Predicate = (icmp_ln370)> <Delay = 0.00>
ST_2 : Operation 149 [1/1] (0.00ns)   --->   "%tt1_2_load = load i64 %tt1_2"   --->   Operation 149 'load' 'tt1_2_load' <Predicate = (icmp_ln370)> <Delay = 0.00>
ST_2 : Operation 150 [1/1] (0.00ns)   --->   "%tt1_3_load = load i64 %tt1_3"   --->   Operation 150 'load' 'tt1_3_load' <Predicate = (icmp_ln370)> <Delay = 0.00>
ST_2 : Operation 151 [1/1] (0.00ns)   --->   "%tt1_4_load = load i64 %tt1_4"   --->   Operation 151 'load' 'tt1_4_load' <Predicate = (icmp_ln370)> <Delay = 0.00>
ST_2 : Operation 152 [1/1] (0.00ns)   --->   "%tt1_5_load = load i64 %tt1_5"   --->   Operation 152 'load' 'tt1_5_load' <Predicate = (icmp_ln370)> <Delay = 0.00>
ST_2 : Operation 153 [1/1] (0.00ns)   --->   "%tt1_6_load = load i64 %tt1_6"   --->   Operation 153 'load' 'tt1_6_load' <Predicate = (icmp_ln370)> <Delay = 0.00>
ST_2 : Operation 154 [1/1] (0.00ns)   --->   "%tt1_7_load = load i64 %tt1_7"   --->   Operation 154 'load' 'tt1_7_load' <Predicate = (icmp_ln370)> <Delay = 0.00>
ST_2 : Operation 155 [1/1] (0.00ns)   --->   "%tt1_8_load = load i64 %tt1_8"   --->   Operation 155 'load' 'tt1_8_load' <Predicate = (icmp_ln370)> <Delay = 0.00>
ST_2 : Operation 156 [1/1] (0.00ns)   --->   "%tt1_9_load = load i64 %tt1_9"   --->   Operation 156 'load' 'tt1_9_load' <Predicate = (icmp_ln370)> <Delay = 0.00>
ST_2 : Operation 157 [1/1] (0.00ns)   --->   "%tt1_10_load = load i64 %tt1_10"   --->   Operation 157 'load' 'tt1_10_load' <Predicate = (icmp_ln370)> <Delay = 0.00>
ST_2 : Operation 158 [1/1] (0.00ns)   --->   "%tt1_11_load = load i64 %tt1_11"   --->   Operation 158 'load' 'tt1_11_load' <Predicate = (icmp_ln370)> <Delay = 0.00>
ST_2 : Operation 159 [1/1] (0.00ns)   --->   "%tt1_12_load = load i64 %tt1_12"   --->   Operation 159 'load' 'tt1_12_load' <Predicate = (icmp_ln370)> <Delay = 0.00>
ST_2 : Operation 160 [1/1] (0.00ns)   --->   "%tt1_13_load = load i64 %tt1_13"   --->   Operation 160 'load' 'tt1_13_load' <Predicate = (icmp_ln370)> <Delay = 0.00>
ST_2 : Operation 161 [1/1] (0.00ns)   --->   "%tt1_14_load = load i64 %tt1_14"   --->   Operation 161 'load' 'tt1_14_load' <Predicate = (icmp_ln370)> <Delay = 0.00>
ST_2 : Operation 162 [1/1] (0.00ns)   --->   "%tt1_15_load = load i64 %tt1_15"   --->   Operation 162 'load' 'tt1_15_load' <Predicate = (icmp_ln370)> <Delay = 0.00>
ST_2 : Operation 163 [1/1] (0.00ns)   --->   "%write_ln0 = write void @_ssdm_op_Write.ap_auto.i64P0A, i64 %tt1_load_out, i64 %tt1_load"   --->   Operation 163 'write' 'write_ln0' <Predicate = (icmp_ln370)> <Delay = 0.00>
ST_2 : Operation 164 [1/1] (0.00ns)   --->   "%write_ln0 = write void @_ssdm_op_Write.ap_auto.i64P0A, i64 %tt1_1_load_out, i64 %tt1_1_load"   --->   Operation 164 'write' 'write_ln0' <Predicate = (icmp_ln370)> <Delay = 0.00>
ST_2 : Operation 165 [1/1] (0.00ns)   --->   "%write_ln0 = write void @_ssdm_op_Write.ap_auto.i64P0A, i64 %tt1_2_load_out, i64 %tt1_2_load"   --->   Operation 165 'write' 'write_ln0' <Predicate = (icmp_ln370)> <Delay = 0.00>
ST_2 : Operation 166 [1/1] (0.00ns)   --->   "%write_ln0 = write void @_ssdm_op_Write.ap_auto.i64P0A, i64 %tt1_3_load_out, i64 %tt1_3_load"   --->   Operation 166 'write' 'write_ln0' <Predicate = (icmp_ln370)> <Delay = 0.00>
ST_2 : Operation 167 [1/1] (0.00ns)   --->   "%write_ln0 = write void @_ssdm_op_Write.ap_auto.i64P0A, i64 %tt1_4_load_out, i64 %tt1_4_load"   --->   Operation 167 'write' 'write_ln0' <Predicate = (icmp_ln370)> <Delay = 0.00>
ST_2 : Operation 168 [1/1] (0.00ns)   --->   "%write_ln0 = write void @_ssdm_op_Write.ap_auto.i64P0A, i64 %tt1_5_load_out, i64 %tt1_5_load"   --->   Operation 168 'write' 'write_ln0' <Predicate = (icmp_ln370)> <Delay = 0.00>
ST_2 : Operation 169 [1/1] (0.00ns)   --->   "%write_ln0 = write void @_ssdm_op_Write.ap_auto.i64P0A, i64 %tt1_6_load_out, i64 %tt1_6_load"   --->   Operation 169 'write' 'write_ln0' <Predicate = (icmp_ln370)> <Delay = 0.00>
ST_2 : Operation 170 [1/1] (0.00ns)   --->   "%write_ln0 = write void @_ssdm_op_Write.ap_auto.i64P0A, i64 %tt1_7_load_out, i64 %tt1_7_load"   --->   Operation 170 'write' 'write_ln0' <Predicate = (icmp_ln370)> <Delay = 0.00>
ST_2 : Operation 171 [1/1] (0.00ns)   --->   "%write_ln0 = write void @_ssdm_op_Write.ap_auto.i64P0A, i64 %tt1_8_load_out, i64 %tt1_8_load"   --->   Operation 171 'write' 'write_ln0' <Predicate = (icmp_ln370)> <Delay = 0.00>
ST_2 : Operation 172 [1/1] (0.00ns)   --->   "%write_ln0 = write void @_ssdm_op_Write.ap_auto.i64P0A, i64 %tt1_9_load_out, i64 %tt1_9_load"   --->   Operation 172 'write' 'write_ln0' <Predicate = (icmp_ln370)> <Delay = 0.00>
ST_2 : Operation 173 [1/1] (0.00ns)   --->   "%write_ln0 = write void @_ssdm_op_Write.ap_auto.i64P0A, i64 %tt1_10_load_out, i64 %tt1_10_load"   --->   Operation 173 'write' 'write_ln0' <Predicate = (icmp_ln370)> <Delay = 0.00>
ST_2 : Operation 174 [1/1] (0.00ns)   --->   "%write_ln0 = write void @_ssdm_op_Write.ap_auto.i64P0A, i64 %tt1_11_load_out, i64 %tt1_11_load"   --->   Operation 174 'write' 'write_ln0' <Predicate = (icmp_ln370)> <Delay = 0.00>
ST_2 : Operation 175 [1/1] (0.00ns)   --->   "%write_ln0 = write void @_ssdm_op_Write.ap_auto.i64P0A, i64 %tt1_12_load_out, i64 %tt1_12_load"   --->   Operation 175 'write' 'write_ln0' <Predicate = (icmp_ln370)> <Delay = 0.00>
ST_2 : Operation 176 [1/1] (0.00ns)   --->   "%write_ln0 = write void @_ssdm_op_Write.ap_auto.i64P0A, i64 %tt1_13_load_out, i64 %tt1_13_load"   --->   Operation 176 'write' 'write_ln0' <Predicate = (icmp_ln370)> <Delay = 0.00>
ST_2 : Operation 177 [1/1] (0.00ns)   --->   "%write_ln0 = write void @_ssdm_op_Write.ap_auto.i64P0A, i64 %tt1_14_load_out, i64 %tt1_14_load"   --->   Operation 177 'write' 'write_ln0' <Predicate = (icmp_ln370)> <Delay = 0.00>
ST_2 : Operation 178 [1/1] (0.00ns)   --->   "%write_ln0 = write void @_ssdm_op_Write.ap_auto.i64P0A, i64 %tt1_15_load_out, i64 %tt1_15_load"   --->   Operation 178 'write' 'write_ln0' <Predicate = (icmp_ln370)> <Delay = 0.00>
ST_2 : Operation 179 [1/1] (0.38ns)   --->   "%ret_ln0 = ret"   --->   Operation 179 'ret' 'ret_ln0' <Predicate = (icmp_ln370)> <Delay = 0.38>


============================================================
+ Verbose Summary: Timing violations
============================================================
Target clock period: 10.000ns, clock uncertainty: 2.700ns.

 <State 1>: 0.387ns
The critical path consists of the following:
	wire read operation ('tt1') on port 'tt1_271' [65]  (0.000 ns)
	'store' operation 0 bit ('store_ln174', src/fpx.cpp:174) of variable 'tt1' on local variable 'tt1', src/fpx.cpp:170 [98]  (0.387 ns)

 <State 2>: 3.365ns
The critical path consists of the following:
	'load' operation 5 bit ('i', src/fpx.cpp:370->src/fpx.cpp:132->src/fpx.cpp:184) on local variable 'i', src/fpx.cpp:368->src/fpx.cpp:132->src/fpx.cpp:184 [118]  (0.000 ns)
	'sparsemux' operation 64 bit ('tmp_39', src/fpx.cpp:373->src/fpx.cpp:132->src/fpx.cpp:184) [143]  (0.493 ns)
	'add' operation 64 bit ('tempReg', src/fpx.cpp:373->src/fpx.cpp:132->src/fpx.cpp:184) [145]  (1.147 ns)
	'add' operation 64 bit ('tt1', src/fpx.cpp:373->src/fpx.cpp:132->src/fpx.cpp:184) [147]  (1.147 ns)
	'xor' operation 64 bit ('xor_ln373_174', src/fpx.cpp:373->src/fpx.cpp:132->src/fpx.cpp:184) [206]  (0.289 ns)
	'or' operation 64 bit ('or_ln373_67', src/fpx.cpp:373->src/fpx.cpp:132->src/fpx.cpp:184) [207]  (0.289 ns)


============================================================
+ Verbose Summary: Binding
============================================================
N/A
* FSMD analyzer results:
  - Output states:
 - Input state : 
  - Chain level:
	State 1
	State 2


============================================================
+ Verbose Summary: Datapath Resource usage 
============================================================
N/A
