

================================================================
== Vitis HLS Report for 'fp2mul503_mont_80_Pipeline_VITIS_LOOP_378_1'
================================================================
* Date:           Mon Oct 20 14:20:24 2025

* Version:        2024.2.2 (Build 6049644 on Mar  5 2025)
* Project:        sikep503_hls
* Solution:       solution1 (Vivado IP Flow Target)
* Product family: virtexuplus58g
* Target device:  xcvu29p-fsga2577-2L-e


================================================================
== Performance Estimates
================================================================
+ Timing: 
    * Summary: 
    +--------+----------+----------+------------+
    |  Clock |  Target  | Estimated| Uncertainty|
    +--------+----------+----------+------------+
    |ap_clk  |  10.00 ns|  4.133 ns|     2.70 ns|
    +--------+----------+----------+------------+

+ Latency: 
    * Summary: 
    +---------+---------+----------+----------+-----+-----+------------------------------------------------+
    |  Latency (cycles) |  Latency (absolute) |  Interval |                    Pipeline                    |
    |   min   |   max   |    min   |    max   | min | max |                      Type                      |
    +---------+---------+----------+----------+-----+-----+------------------------------------------------+
    |       10|       10|  0.100 us|  0.100 us|    9|    9|  loop auto-rewind stp (delay=0 clock cycles(s))|
    +---------+---------+----------+----------+-----+-----+------------------------------------------------+

    + Detail: 
        * Instance: 
        N/A

        * Loop: 
        +--------------------+---------+---------+----------+-----------+-----------+------+----------+
        |                    |  Latency (cycles) | Iteration|  Initiation Interval  | Trip |          |
        |      Loop Name     |   min   |   max   |  Latency |  achieved |   target  | Count| Pipelined|
        +--------------------+---------+---------+----------+-----------+-----------+------+----------+
        |- VITIS_LOOP_378_1  |        8|        8|         2|          1|          1|     8|       yes|
        +--------------------+---------+---------+----------+-----------+-----------+------+----------+

============================================================
+ Verbose Summary: Synthesis Manager
============================================================
InlineROM: 1
ExposeGlobal: 0
============================================================
+ Verbose Summary: CDFG Model
============================================================
IsTopModel: 0
ResetActiveHigh: 1
IsCombinational: 0
IsDatapathOnly: 0
HasWiredReturn: 1
HasMFsm: 2
HasVarLatency: 1
IsPipeline: 0
IsRtlPipelined: 0
IsInstanceOverlapped: 0
IsDontTouch: 0
HasImplIP: 0
IsGatedGlobalClock: 0

+ Individual pipeline summary: 
  * Pipeline-0: initiation interval (II) = 1, depth = 2


============================================================
+ Verbose Summary: Schedule
============================================================
* Number of FSM states : 2
* Pipeline : 1
  Pipeline-0 : II = 1, D = 2, States = { 1 2 }
* Dataflow Pipeline: 0

* FSM state transitions: 
1 --> 2 
2 --> 

* FSM state operations: 

State 1 <SV = 0> <Delay = 1.48>
ST_1 : Operation 5 [1/1] (0.00ns)   --->   "%i = alloca i32 1" [src/fpx.cpp:376->src/fpx.cpp:134->src/fpx.cpp:184]   --->   Operation 5 'alloca' 'i' <Predicate = true> <Delay = 0.00>
ST_1 : Operation 6 [1/1] (0.00ns)   --->   "%specmemcore_ln0 = specmemcore void @_ssdm_op_SpecMemCore, i64 %t1, i64 666, i64 207, i64 18446744073709551615"   --->   Operation 6 'specmemcore' 'specmemcore_ln0' <Predicate = true> <Delay = 0.00>
ST_1 : Operation 7 [1/1] (0.00ns)   --->   "%specmemcore_ln0 = specmemcore void @_ssdm_op_SpecMemCore, i64 %t1_1, i64 666, i64 207, i64 18446744073709551615"   --->   Operation 7 'specmemcore' 'specmemcore_ln0' <Predicate = true> <Delay = 0.00>
ST_1 : Operation 8 [1/1] (0.00ns)   --->   "%specmemcore_ln0 = specmemcore void @_ssdm_op_SpecMemCore, i64 %a_1_1, i64 666, i64 17, i64 18446744073709551615"   --->   Operation 8 'specmemcore' 'specmemcore_ln0' <Predicate = true> <Delay = 0.00>
ST_1 : Operation 9 [1/1] (0.00ns)   --->   "%specmemcore_ln0 = specmemcore void @_ssdm_op_SpecMemCore, i64 %a_1_0, i64 666, i64 17, i64 18446744073709551615"   --->   Operation 9 'specmemcore' 'specmemcore_ln0' <Predicate = true> <Delay = 0.00>
ST_1 : Operation 10 [1/1] (0.00ns)   --->   "%specmemcore_ln0 = specmemcore void @_ssdm_op_SpecMemCore, i64 %a_0_1, i64 666, i64 17, i64 18446744073709551615"   --->   Operation 10 'specmemcore' 'specmemcore_ln0' <Predicate = true> <Delay = 0.00>
ST_1 : Operation 11 [1/1] (0.00ns)   --->   "%specmemcore_ln0 = specmemcore void @_ssdm_op_SpecMemCore, i64 %a_0_0, i64 666, i64 17, i64 18446744073709551615"   --->   Operation 11 'specmemcore' 'specmemcore_ln0' <Predicate = true> <Delay = 0.00>
ST_1 : Operation 12 [1/1] (0.38ns)   --->   "%store_ln376 = store i4 0, i4 %i" [src/fpx.cpp:376->src/fpx.cpp:134->src/fpx.cpp:184]   --->   Operation 12 'store' 'store_ln376' <Predicate = true> <Delay = 0.38>
ST_1 : Operation 13 [1/1] (0.38ns)   --->   "%br_ln0 = br void %for.inc.i.i"   --->   Operation 13 'br' 'br_ln0' <Predicate = true> <Delay = 0.38>
ST_1 : Operation 14 [1/1] (0.00ns)   --->   "%carry = phi i1 0, void %newFuncRoot, i1 %tmp, void %arrayidx5.i.i115.exit" [src/fpx.cpp:378->src/fpx.cpp:134->src/fpx.cpp:184]   --->   Operation 14 'phi' 'carry' <Predicate = true> <Delay = 0.00>
ST_1 : Operation 15 [1/1] (0.00ns)   --->   "%i_245 = load i4 %i" [src/fpx.cpp:378->src/fpx.cpp:134->src/fpx.cpp:184]   --->   Operation 15 'load' 'i_245' <Predicate = true> <Delay = 0.00>
ST_1 : Operation 16 [1/1] (0.70ns)   --->   "%icmp_ln378 = icmp_eq  i4 %i_245, i4 8" [src/fpx.cpp:378->src/fpx.cpp:134->src/fpx.cpp:184]   --->   Operation 16 'icmp' 'icmp_ln378' <Predicate = true> <Delay = 0.70> <CoreInst = "Cmp">   --->   Core 9 'Cmp' <Latency = 0> <II = 1> <Delay = 0.70> <FuncUnit> <Opcode : 'seteq' 'setne' 'setle' 'setge' 'setlt' 'setgt'> <InPorts = 2> <OutPorts = 1>
ST_1 : Operation 17 [1/1] (0.00ns)   --->   "%speclooptripcount_ln0 = speclooptripcount void @_ssdm_op_SpecLoopTripCount, i64 8, i64 8, i64 8"   --->   Operation 17 'speclooptripcount' 'speclooptripcount_ln0' <Predicate = true> <Delay = 0.00>
ST_1 : Operation 18 [1/1] (0.70ns)   --->   "%add_ln378 = add i4 %i_245, i4 1" [src/fpx.cpp:378->src/fpx.cpp:134->src/fpx.cpp:184]   --->   Operation 18 'add' 'add_ln378' <Predicate = true> <Delay = 0.70> <CoreInst = "Adder">   --->   Core 1 'Adder' <Latency = 0> <II = 1> <Delay = 0.70> <FuncUnit> <Opcode : 'add' 'sub'> <InPorts = 2> <OutPorts = 1>
ST_1 : Operation 19 [1/1] (0.00ns)   --->   "%br_ln378 = br i1 %icmp_ln378, void %for.inc.i.i.split, void %for.inc.i.i38.preheader.exitStub" [src/fpx.cpp:378->src/fpx.cpp:134->src/fpx.cpp:184]   --->   Operation 19 'br' 'br_ln378' <Predicate = true> <Delay = 0.00>
ST_1 : Operation 20 [1/1] (0.00ns)   --->   "%trunc_ln378 = trunc i4 %i_245" [src/fpx.cpp:378->src/fpx.cpp:134->src/fpx.cpp:184]   --->   Operation 20 'trunc' 'trunc_ln378' <Predicate = (!icmp_ln378)> <Delay = 0.00>
ST_1 : Operation 21 [1/1] (0.00ns)   --->   "%lshr_ln = partselect i2 @_ssdm_op_PartSelect.i2.i4.i32.i32, i4 %i_245, i32 1, i32 2" [src/fpx.cpp:376->src/fpx.cpp:134->src/fpx.cpp:184]   --->   Operation 21 'partselect' 'lshr_ln' <Predicate = (!icmp_ln378)> <Delay = 0.00>
ST_1 : Operation 22 [1/1] (0.00ns)   --->   "%zext_ln376 = zext i2 %lshr_ln" [src/fpx.cpp:376->src/fpx.cpp:134->src/fpx.cpp:184]   --->   Operation 22 'zext' 'zext_ln376' <Predicate = (!icmp_ln378)> <Delay = 0.00>
ST_1 : Operation 23 [1/1] (0.00ns)   --->   "%a_0_0_addr = getelementptr i64 %a_0_0, i64 0, i64 %zext_ln376" [src/fpx.cpp:381->src/fpx.cpp:134->src/fpx.cpp:184]   --->   Operation 23 'getelementptr' 'a_0_0_addr' <Predicate = (!icmp_ln378)> <Delay = 0.00>
ST_1 : Operation 24 [1/1] (0.00ns)   --->   "%a_0_1_addr = getelementptr i64 %a_0_1, i64 0, i64 %zext_ln376" [src/fpx.cpp:381->src/fpx.cpp:134->src/fpx.cpp:184]   --->   Operation 24 'getelementptr' 'a_0_1_addr' <Predicate = (!icmp_ln378)> <Delay = 0.00>
ST_1 : Operation 25 [2/2] (0.71ns)   --->   "%a_0_0_load = load i2 %a_0_0_addr" [src/fpx.cpp:381->src/fpx.cpp:134->src/fpx.cpp:184]   --->   Operation 25 'load' 'a_0_0_load' <Predicate = (!icmp_ln378)> <Delay = 0.71> <CoreInst = "RAM_1P">   --->   Core 87 'RAM_1P' <Latency = 1> <II = 1> <Delay = 0.71> <Storage> <Opcode : 'load' 'store'> <Ports = 1> <Width = 64> <Depth = 4> <RAM>
ST_1 : Operation 26 [2/2] (0.71ns)   --->   "%a_0_1_load = load i2 %a_0_1_addr" [src/fpx.cpp:381->src/fpx.cpp:134->src/fpx.cpp:184]   --->   Operation 26 'load' 'a_0_1_load' <Predicate = (!icmp_ln378)> <Delay = 0.71> <CoreInst = "RAM_1P">   --->   Core 87 'RAM_1P' <Latency = 1> <II = 1> <Delay = 0.71> <Storage> <Opcode : 'load' 'store'> <Ports = 1> <Width = 64> <Depth = 4> <RAM>
ST_1 : Operation 27 [1/1] (0.00ns)   --->   "%a_1_0_addr = getelementptr i64 %a_1_0, i64 0, i64 %zext_ln376" [src/fpx.cpp:381->src/fpx.cpp:134->src/fpx.cpp:184]   --->   Operation 27 'getelementptr' 'a_1_0_addr' <Predicate = (!icmp_ln378)> <Delay = 0.00>
ST_1 : Operation 28 [1/1] (0.00ns)   --->   "%a_1_1_addr = getelementptr i64 %a_1_1, i64 0, i64 %zext_ln376" [src/fpx.cpp:381->src/fpx.cpp:134->src/fpx.cpp:184]   --->   Operation 28 'getelementptr' 'a_1_1_addr' <Predicate = (!icmp_ln378)> <Delay = 0.00>
ST_1 : Operation 29 [2/2] (0.71ns)   --->   "%a_1_0_load = load i2 %a_1_0_addr" [src/fpx.cpp:381->src/fpx.cpp:134->src/fpx.cpp:184]   --->   Operation 29 'load' 'a_1_0_load' <Predicate = (!icmp_ln378)> <Delay = 0.71> <CoreInst = "RAM_1P">   --->   Core 87 'RAM_1P' <Latency = 1> <II = 1> <Delay = 0.71> <Storage> <Opcode : 'load' 'store'> <Ports = 1> <Width = 64> <Depth = 4> <RAM>
ST_1 : Operation 30 [2/2] (0.71ns)   --->   "%a_1_1_load = load i2 %a_1_1_addr" [src/fpx.cpp:381->src/fpx.cpp:134->src/fpx.cpp:184]   --->   Operation 30 'load' 'a_1_1_load' <Predicate = (!icmp_ln378)> <Delay = 0.71> <CoreInst = "RAM_1P">   --->   Core 87 'RAM_1P' <Latency = 1> <II = 1> <Delay = 0.71> <Storage> <Opcode : 'load' 'store'> <Ports = 1> <Width = 64> <Depth = 4> <RAM>
ST_1 : Operation 31 [1/1] (0.00ns)   --->   "%t1_addr = getelementptr i64 %t1, i64 0, i64 %zext_ln376" [src/fpx.cpp:381->src/fpx.cpp:134->src/fpx.cpp:184]   --->   Operation 31 'getelementptr' 't1_addr' <Predicate = (!icmp_ln378)> <Delay = 0.00>
ST_1 : Operation 32 [1/1] (0.00ns)   --->   "%t1_1_addr = getelementptr i64 %t1_1, i64 0, i64 %zext_ln376" [src/fpx.cpp:381->src/fpx.cpp:134->src/fpx.cpp:184]   --->   Operation 32 'getelementptr' 't1_1_addr' <Predicate = (!icmp_ln378)> <Delay = 0.00>
ST_1 : Operation 33 [1/1] (0.00ns)   --->   "%br_ln381 = br i1 %trunc_ln378, void %arrayidx5.i.i115.case.0, void %arrayidx5.i.i115.case.1" [src/fpx.cpp:381->src/fpx.cpp:134->src/fpx.cpp:184]   --->   Operation 33 'br' 'br_ln381' <Predicate = (!icmp_ln378)> <Delay = 0.00>
ST_1 : Operation 34 [1/1] (0.38ns)   --->   "%store_ln376 = store i4 %add_ln378, i4 %i" [src/fpx.cpp:376->src/fpx.cpp:134->src/fpx.cpp:184]   --->   Operation 34 'store' 'store_ln376' <Predicate = (!icmp_ln378)> <Delay = 0.38>
ST_1 : Operation 62 [1/1] (0.38ns)   --->   "%ret_ln0 = ret"   --->   Operation 62 'ret' 'ret_ln0' <Predicate = (icmp_ln378)> <Delay = 0.38>

State 2 <SV = 1> <Delay = 4.13>
ST_2 : Operation 35 [1/1] (0.00ns)   --->   "%specpipeline_ln376 = specpipeline void @_ssdm_op_SpecPipeline, i32 4294967295, i32 0, i32 0, i32 0, void @empty_104" [src/fpx.cpp:376->src/fpx.cpp:134->src/fpx.cpp:184]   --->   Operation 35 'specpipeline' 'specpipeline_ln376' <Predicate = (!icmp_ln378)> <Delay = 0.00>
ST_2 : Operation 36 [1/1] (0.00ns)   --->   "%specloopname_ln378 = specloopname void @_ssdm_op_SpecLoopName, void @empty_22" [src/fpx.cpp:378->src/fpx.cpp:134->src/fpx.cpp:184]   --->   Operation 36 'specloopname' 'specloopname_ln378' <Predicate = (!icmp_ln378)> <Delay = 0.00>
ST_2 : Operation 37 [1/2] ( I:0.71ns O:0.71ns )   --->   "%a_0_0_load = load i2 %a_0_0_addr" [src/fpx.cpp:381->src/fpx.cpp:134->src/fpx.cpp:184]   --->   Operation 37 'load' 'a_0_0_load' <Predicate = (!icmp_ln378)> <Delay = 0.71> <CoreInst = "RAM_1P">   --->   Core 87 'RAM_1P' <Latency = 1> <II = 1> <Delay = 0.71> <Storage> <Opcode : 'load' 'store'> <Ports = 1> <Width = 64> <Depth = 4> <RAM>
ST_2 : Operation 38 [1/2] ( I:0.71ns O:0.71ns )   --->   "%a_0_1_load = load i2 %a_0_1_addr" [src/fpx.cpp:381->src/fpx.cpp:134->src/fpx.cpp:184]   --->   Operation 38 'load' 'a_0_1_load' <Predicate = (!icmp_ln378)> <Delay = 0.71> <CoreInst = "RAM_1P">   --->   Core 87 'RAM_1P' <Latency = 1> <II = 1> <Delay = 0.71> <Storage> <Opcode : 'load' 'store'> <Ports = 1> <Width = 64> <Depth = 4> <RAM>
ST_2 : Operation 39 [1/1] (0.41ns)   --->   "%select_ln381 = select i1 %trunc_ln378, i64 %a_0_1_load, i64 %a_0_0_load" [src/fpx.cpp:381->src/fpx.cpp:134->src/fpx.cpp:184]   --->   Operation 39 'select' 'select_ln381' <Predicate = (!icmp_ln378)> <Delay = 0.41> <CoreInst = "Sel">   --->   Core 73 'Sel' <Latency = 0> <II = 1> <Delay = 0.41> <FuncUnit> <Opcode : 'select'> <InPorts = 3> <OutPorts = 1>
ST_2 : Operation 40 [1/1] (0.00ns)   --->   "%zext_ln381 = zext i1 %carry" [src/fpx.cpp:381->src/fpx.cpp:134->src/fpx.cpp:184]   --->   Operation 40 'zext' 'zext_ln381' <Predicate = (!icmp_ln378)> <Delay = 0.00>
ST_2 : Operation 41 [1/1] (1.14ns)   --->   "%tempReg = add i64 %select_ln381, i64 %zext_ln381" [src/fpx.cpp:381->src/fpx.cpp:134->src/fpx.cpp:184]   --->   Operation 41 'add' 'tempReg' <Predicate = (!icmp_ln378)> <Delay = 1.14> <CoreInst = "Adder">   --->   Core 1 'Adder' <Latency = 0> <II = 1> <Delay = 1.14> <FuncUnit> <Opcode : 'add' 'sub'> <InPorts = 2> <OutPorts = 1>
ST_2 : Operation 42 [1/2] ( I:0.71ns O:0.71ns )   --->   "%a_1_0_load = load i2 %a_1_0_addr" [src/fpx.cpp:381->src/fpx.cpp:134->src/fpx.cpp:184]   --->   Operation 42 'load' 'a_1_0_load' <Predicate = (!icmp_ln378)> <Delay = 0.71> <CoreInst = "RAM_1P">   --->   Core 87 'RAM_1P' <Latency = 1> <II = 1> <Delay = 0.71> <Storage> <Opcode : 'load' 'store'> <Ports = 1> <Width = 64> <Depth = 4> <RAM>
ST_2 : Operation 43 [1/2] ( I:0.71ns O:0.71ns )   --->   "%a_1_1_load = load i2 %a_1_1_addr" [src/fpx.cpp:381->src/fpx.cpp:134->src/fpx.cpp:184]   --->   Operation 43 'load' 'a_1_1_load' <Predicate = (!icmp_ln378)> <Delay = 0.71> <CoreInst = "RAM_1P">   --->   Core 87 'RAM_1P' <Latency = 1> <II = 1> <Delay = 0.71> <Storage> <Opcode : 'load' 'store'> <Ports = 1> <Width = 64> <Depth = 4> <RAM>
ST_2 : Operation 44 [1/1] (0.41ns)   --->   "%select_ln381_5 = select i1 %trunc_ln378, i64 %a_1_1_load, i64 %a_1_0_load" [src/fpx.cpp:381->src/fpx.cpp:134->src/fpx.cpp:184]   --->   Operation 44 'select' 'select_ln381_5' <Predicate = (!icmp_ln378)> <Delay = 0.41> <CoreInst = "Sel">   --->   Core 73 'Sel' <Latency = 0> <II = 1> <Delay = 0.41> <FuncUnit> <Opcode : 'select'> <InPorts = 3> <OutPorts = 1>
ST_2 : Operation 45 [1/1] (1.14ns)   --->   "%add_ln381 = add i64 %select_ln381_5, i64 %tempReg" [src/fpx.cpp:381->src/fpx.cpp:134->src/fpx.cpp:184]   --->   Operation 45 'add' 'add_ln381' <Predicate = (!icmp_ln378)> <Delay = 1.14> <CoreInst = "Adder">   --->   Core 1 'Adder' <Latency = 0> <II = 1> <Delay = 1.14> <FuncUnit> <Opcode : 'add' 'sub'> <InPorts = 2> <OutPorts = 1>
ST_2 : Operation 46 [1/1] ( I:0.71ns O:0.71ns )   --->   "%store_ln381 = store i64 %add_ln381, i2 %t1_addr" [src/fpx.cpp:381->src/fpx.cpp:134->src/fpx.cpp:184]   --->   Operation 46 'store' 'store_ln381' <Predicate = (!trunc_ln378)> <Delay = 0.71> <CoreInst = "RAM_1P">   --->   Core 87 'RAM_1P' <Latency = 1> <II = 1> <Delay = 0.71> <Storage> <Opcode : 'load' 'store'> <Ports = 1> <Width = 64> <Depth = 4> <RAM>
ST_2 : Operation 47 [1/1] (0.00ns)   --->   "%br_ln381 = br void %arrayidx5.i.i115.exit" [src/fpx.cpp:381->src/fpx.cpp:134->src/fpx.cpp:184]   --->   Operation 47 'br' 'br_ln381' <Predicate = (!trunc_ln378)> <Delay = 0.00>
ST_2 : Operation 48 [1/1] ( I:0.71ns O:0.71ns )   --->   "%store_ln381 = store i64 %add_ln381, i2 %t1_1_addr" [src/fpx.cpp:381->src/fpx.cpp:134->src/fpx.cpp:184]   --->   Operation 48 'store' 'store_ln381' <Predicate = (trunc_ln378)> <Delay = 0.71> <CoreInst = "RAM_1P">   --->   Core 87 'RAM_1P' <Latency = 1> <II = 1> <Delay = 0.71> <Storage> <Opcode : 'load' 'store'> <Ports = 1> <Width = 64> <Depth = 4> <RAM>
ST_2 : Operation 49 [1/1] (0.00ns)   --->   "%br_ln381 = br void %arrayidx5.i.i115.exit" [src/fpx.cpp:381->src/fpx.cpp:134->src/fpx.cpp:184]   --->   Operation 49 'br' 'br_ln381' <Predicate = (trunc_ln378)> <Delay = 0.00>
ST_2 : Operation 50 [1/1] (0.00ns) (grouped into LUT with out node xor_ln381_52)   --->   "%xor_ln381 = xor i64 %add_ln381, i64 %tempReg" [src/fpx.cpp:381->src/fpx.cpp:134->src/fpx.cpp:184]   --->   Operation 50 'xor' 'xor_ln381' <Predicate = (!icmp_ln378)> <Delay = 0.00> <CoreInst = "LogicGate">   --->   Core 74 'LogicGate' <Latency = 0> <II = 1> <Delay = 0.28> <FuncUnit> <Opcode : 'and' 'or' 'xor'> <InPorts = 2> <OutPorts = 1>
ST_2 : Operation 51 [1/1] (0.00ns) (grouped into LUT with out node xor_ln381_52)   --->   "%xor_ln381_50 = xor i64 %select_ln381_5, i64 %tempReg" [src/fpx.cpp:381->src/fpx.cpp:134->src/fpx.cpp:184]   --->   Operation 51 'xor' 'xor_ln381_50' <Predicate = (!icmp_ln378)> <Delay = 0.00> <CoreInst = "LogicGate">   --->   Core 74 'LogicGate' <Latency = 0> <II = 1> <Delay = 0.28> <FuncUnit> <Opcode : 'and' 'or' 'xor'> <InPorts = 2> <OutPorts = 1>
ST_2 : Operation 52 [1/1] (0.00ns) (grouped into LUT with out node xor_ln381_52)   --->   "%or_ln381 = or i64 %xor_ln381, i64 %xor_ln381_50" [src/fpx.cpp:381->src/fpx.cpp:134->src/fpx.cpp:184]   --->   Operation 52 'or' 'or_ln381' <Predicate = (!icmp_ln378)> <Delay = 0.00> <CoreInst = "LogicGate">   --->   Core 74 'LogicGate' <Latency = 0> <II = 1> <Delay = 0.28> <FuncUnit> <Opcode : 'and' 'or' 'xor'> <InPorts = 2> <OutPorts = 1>
ST_2 : Operation 53 [1/1] (0.00ns) (grouped into LUT with out node or_ln381_21)   --->   "%bit_sel = bitselect i1 @_ssdm_op_BitSelect.i1.i64.i64, i64 %tempReg, i64 63" [src/fpx.cpp:381->src/fpx.cpp:134->src/fpx.cpp:184]   --->   Operation 53 'bitselect' 'bit_sel' <Predicate = (!icmp_ln378)> <Delay = 0.00>
ST_2 : Operation 54 [1/1] (0.00ns) (grouped into LUT with out node or_ln381_21)   --->   "%xor_ln381_55 = xor i1 %bit_sel, i1 1" [src/fpx.cpp:381->src/fpx.cpp:134->src/fpx.cpp:184]   --->   Operation 54 'xor' 'xor_ln381_55' <Predicate = (!icmp_ln378)> <Delay = 0.00> <CoreInst = "LogicGate">   --->   Core 74 'LogicGate' <Latency = 0> <II = 1> <Delay = 0.12> <FuncUnit> <Opcode : 'and' 'or' 'xor'> <InPorts = 2> <OutPorts = 1>
ST_2 : Operation 55 [1/1] (0.00ns) (grouped into LUT with out node or_ln381_21)   --->   "%trunc_ln381 = trunc i64 %tempReg" [src/fpx.cpp:381->src/fpx.cpp:134->src/fpx.cpp:184]   --->   Operation 55 'trunc' 'trunc_ln381' <Predicate = (!icmp_ln378)> <Delay = 0.00>
ST_2 : Operation 56 [1/1] (0.00ns) (grouped into LUT with out node or_ln381_21)   --->   "%xor_ln381_s = bitconcatenate i64 @_ssdm_op_BitConcatenate.i64.i1.i63, i1 %xor_ln381_55, i63 %trunc_ln381" [src/fpx.cpp:381->src/fpx.cpp:134->src/fpx.cpp:184]   --->   Operation 56 'bitconcatenate' 'xor_ln381_s' <Predicate = (!icmp_ln378)> <Delay = 0.00>
ST_2 : Operation 57 [1/1] (0.00ns) (grouped into LUT with out node or_ln381_21)   --->   "%and_ln381 = and i64 %xor_ln381_s, i64 %select_ln381" [src/fpx.cpp:381->src/fpx.cpp:134->src/fpx.cpp:184]   --->   Operation 57 'and' 'and_ln381' <Predicate = (!icmp_ln378)> <Delay = 0.00> <CoreInst = "LogicGate">   --->   Core 74 'LogicGate' <Latency = 0> <II = 1> <Delay = 0.28> <FuncUnit> <Opcode : 'and' 'or' 'xor'> <InPorts = 2> <OutPorts = 1>
ST_2 : Operation 58 [1/1] (0.28ns) (out node of the LUT)   --->   "%xor_ln381_52 = xor i64 %or_ln381, i64 %add_ln381" [src/fpx.cpp:381->src/fpx.cpp:134->src/fpx.cpp:184]   --->   Operation 58 'xor' 'xor_ln381_52' <Predicate = (!icmp_ln378)> <Delay = 0.28> <CoreInst = "LogicGate">   --->   Core 74 'LogicGate' <Latency = 0> <II = 1> <Delay = 0.28> <FuncUnit> <Opcode : 'and' 'or' 'xor'> <InPorts = 2> <OutPorts = 1>
ST_2 : Operation 59 [1/1] (0.28ns) (out node of the LUT)   --->   "%or_ln381_21 = or i64 %xor_ln381_52, i64 %and_ln381" [src/fpx.cpp:381->src/fpx.cpp:134->src/fpx.cpp:184]   --->   Operation 59 'or' 'or_ln381_21' <Predicate = (!icmp_ln378)> <Delay = 0.28> <CoreInst = "LogicGate">   --->   Core 74 'LogicGate' <Latency = 0> <II = 1> <Delay = 0.28> <FuncUnit> <Opcode : 'and' 'or' 'xor'> <InPorts = 2> <OutPorts = 1>
ST_2 : Operation 60 [1/1] (0.00ns)   --->   "%tmp = bitselect i1 @_ssdm_op_BitSelect.i1.i64.i32, i64 %or_ln381_21, i32 63" [src/fpx.cpp:378->src/fpx.cpp:134->src/fpx.cpp:184]   --->   Operation 60 'bitselect' 'tmp' <Predicate = (!icmp_ln378)> <Delay = 0.00>
ST_2 : Operation 61 [1/1] (0.00ns)   --->   "%br_ln378 = br void %for.inc.i.i" [src/fpx.cpp:378->src/fpx.cpp:134->src/fpx.cpp:184]   --->   Operation 61 'br' 'br_ln378' <Predicate = (!icmp_ln378)> <Delay = 0.00>


============================================================
+ Verbose Summary: Binding
============================================================
STG Binding: 
---------------- STG Properties BEGIN ----------------
- Is combinational: 0
- Is one-state seq: 0
- Is datapath-only: 0
- Is pipelined: 0
- Is top level: 0
Port [ Return ] is wired: 1; IO mode=ap_ctrl_hs:ce=0
Port [ t1_1]:  wired=1; compound=1; hidden=0; nouse=0; global=0; static=0; extern=0; dir=1; type=1; pingpong=0; private_global=0; MemPort=[0]; IO mode=ap_memory:ce=0
Port [ t1]:  wired=1; compound=1; hidden=0; nouse=0; global=0; static=0; extern=0; dir=1; type=1; pingpong=0; private_global=0; MemPort=[0]; IO mode=ap_memory:ce=0
Port [ a_0_0]:  wired=1; compound=1; hidden=0; nouse=0; global=0; static=0; extern=0; dir=0; type=1; pingpong=0; private_global=0; MemPort=[1]; IO mode=ap_memory:ce=0
Port [ a_0_1]:  wired=1; compound=1; hidden=0; nouse=0; global=0; static=0; extern=0; dir=0; type=1; pingpong=0; private_global=0; MemPort=[1]; IO mode=ap_memory:ce=0
Port [ a_1_0]:  wired=1; compound=1; hidden=0; nouse=0; global=0; static=0; extern=0; dir=0; type=1; pingpong=0; private_global=0; MemPort=[1]; IO mode=ap_memory:ce=0
Port [ a_1_1]:  wired=1; compound=1; hidden=0; nouse=0; global=0; static=0; extern=0; dir=0; type=1; pingpong=0; private_global=0; MemPort=[1]; IO mode=ap_memory:ce=0
---------------- STG Properties END ------------------

---------------- Datapath Model BEGIN ----------------

<LifeTime>
<method=bitvector/>
i                     (alloca           ) [ 010]
specmemcore_ln0       (specmemcore      ) [ 000]
specmemcore_ln0       (specmemcore      ) [ 000]
specmemcore_ln0       (specmemcore      ) [ 000]
specmemcore_ln0       (specmemcore      ) [ 000]
specmemcore_ln0       (specmemcore      ) [ 000]
specmemcore_ln0       (specmemcore      ) [ 000]
store_ln376           (store            ) [ 000]
br_ln0                (br               ) [ 000]
carry                 (phi              ) [ 011]
i_245                 (load             ) [ 000]
icmp_ln378            (icmp             ) [ 011]
speclooptripcount_ln0 (speclooptripcount) [ 000]
add_ln378             (add              ) [ 000]
br_ln378              (br               ) [ 000]
trunc_ln378           (trunc            ) [ 011]
lshr_ln               (partselect       ) [ 000]
zext_ln376            (zext             ) [ 000]
a_0_0_addr            (getelementptr    ) [ 011]
a_0_1_addr            (getelementptr    ) [ 011]
a_1_0_addr            (getelementptr    ) [ 011]
a_1_1_addr            (getelementptr    ) [ 011]
t1_addr               (getelementptr    ) [ 011]
t1_1_addr             (getelementptr    ) [ 011]
br_ln381              (br               ) [ 000]
store_ln376           (store            ) [ 000]
specpipeline_ln376    (specpipeline     ) [ 000]
specloopname_ln378    (specloopname     ) [ 000]
a_0_0_load            (load             ) [ 000]
a_0_1_load            (load             ) [ 000]
select_ln381          (select           ) [ 000]
zext_ln381            (zext             ) [ 000]
tempReg               (add              ) [ 000]
a_1_0_load            (load             ) [ 000]
a_1_1_load            (load             ) [ 000]
select_ln381_5        (select           ) [ 000]
add_ln381             (add              ) [ 000]
store_ln381           (store            ) [ 000]
br_ln381              (br               ) [ 000]
store_ln381           (store            ) [ 000]
br_ln381              (br               ) [ 000]
xor_ln381             (xor              ) [ 000]
xor_ln381_50          (xor              ) [ 000]
or_ln381              (or               ) [ 000]
bit_sel               (bitselect        ) [ 000]
xor_ln381_55          (xor              ) [ 000]
trunc_ln381           (trunc            ) [ 000]
xor_ln381_s           (bitconcatenate   ) [ 000]
and_ln381             (and              ) [ 000]
xor_ln381_52          (xor              ) [ 000]
or_ln381_21           (or               ) [ 000]
tmp                   (bitselect        ) [ 011]
br_ln378              (br               ) [ 011]
ret_ln0               (ret              ) [ 000]
</LifeTime>

<model>

<comp_list>
<comp id="0" class="1000" name="t1_1">
<pin_list>
<pin id="1" dir="1" index="0" bw="1" slack="0"/>
</pin_list>
<bind>
<StgValue><ssdm name="t1_1"/><MemPortTyVec>0 </MemPortTyVec>
</StgValue>
</bind>
</comp>

<comp id="2" class="1000" name="t1">
<pin_list>
<pin id="3" dir="1" index="0" bw="1" slack="0"/>
</pin_list>
<bind>
<StgValue><ssdm name="t1"/><MemPortTyVec>0 </MemPortTyVec>
</StgValue>
</bind>
</comp>

<comp id="4" class="1000" name="a_0_0">
<pin_list>
<pin id="5" dir="1" index="0" bw="1" slack="0"/>
</pin_list>
<bind>
<StgValue><ssdm name="a_0_0"/><MemPortTyVec>1 </MemPortTyVec>
</StgValue>
</bind>
</comp>

<comp id="6" class="1000" name="a_0_1">
<pin_list>
<pin id="7" dir="1" index="0" bw="1" slack="0"/>
</pin_list>
<bind>
<StgValue><ssdm name="a_0_1"/><MemPortTyVec>1 </MemPortTyVec>
</StgValue>
</bind>
</comp>

<comp id="8" class="1000" name="a_1_0">
<pin_list>
<pin id="9" dir="1" index="0" bw="1" slack="0"/>
</pin_list>
<bind>
<StgValue><ssdm name="a_1_0"/><MemPortTyVec>1 </MemPortTyVec>
</StgValue>
</bind>
</comp>

<comp id="10" class="1000" name="a_1_1">
<pin_list>
<pin id="11" dir="1" index="0" bw="1" slack="0"/>
</pin_list>
<bind>
<StgValue><ssdm name="a_1_1"/><MemPortTyVec>1 </MemPortTyVec>
</StgValue>
</bind>
</comp>

<comp id="12" class="1001" name="const_12">
<pin_list>
<pin id="13" dir="1" index="0" bw="1" slack="0"/>
</pin_list>
<bind>
<StgValue><ssdm name=""/></StgValue>
</bind>
</comp>

<comp id="14" class="1001" name="const_14">
<pin_list>
<pin id="15" dir="1" index="0" bw="1" slack="2147483647"/>
</pin_list>
<bind>
<StgValue><ssdm name="_ssdm_op_SpecMemCore"/></StgValue>
</bind>
</comp>

<comp id="16" class="1001" name="const_16">
<pin_list>
<pin id="17" dir="1" index="0" bw="1" slack="2147483647"/>
</pin_list>
<bind>
<StgValue><ssdm name=""/></StgValue>
</bind>
</comp>

<comp id="18" class="1001" name="const_18">
<pin_list>
<pin id="19" dir="1" index="0" bw="1" slack="2147483647"/>
</pin_list>
<bind>
<StgValue><ssdm name=""/></StgValue>
</bind>
</comp>

<comp id="20" class="1001" name="const_20">
<pin_list>
<pin id="21" dir="1" index="0" bw="1" slack="2147483647"/>
</pin_list>
<bind>
<StgValue><ssdm name=""/></StgValue>
</bind>
</comp>

<comp id="22" class="1001" name="const_22">
<pin_list>
<pin id="23" dir="1" index="0" bw="1" slack="2147483647"/>
</pin_list>
<bind>
<StgValue><ssdm name=""/></StgValue>
</bind>
</comp>

<comp id="24" class="1001" name="const_24">
<pin_list>
<pin id="25" dir="1" index="0" bw="1" slack="0"/>
</pin_list>
<bind>
<StgValue><ssdm name=""/></StgValue>
</bind>
</comp>

<comp id="26" class="1001" name="const_26">
<pin_list>
<pin id="27" dir="1" index="0" bw="1" slack="0"/>
</pin_list>
<bind>
<StgValue><ssdm name=""/></StgValue>
</bind>
</comp>

<comp id="28" class="1001" name="const_28">
<pin_list>
<pin id="29" dir="1" index="0" bw="1" slack="0"/>
</pin_list>
<bind>
<StgValue><ssdm name=""/></StgValue>
</bind>
</comp>

<comp id="30" class="1001" name="const_30">
<pin_list>
<pin id="31" dir="1" index="0" bw="1" slack="2147483647"/>
</pin_list>
<bind>
<StgValue><ssdm name="_ssdm_op_SpecLoopTripCount"/></StgValue>
</bind>
</comp>

<comp id="32" class="1001" name="const_32">
<pin_list>
<pin id="33" dir="1" index="0" bw="1" slack="2147483647"/>
</pin_list>
<bind>
<StgValue><ssdm name=""/></StgValue>
</bind>
</comp>

<comp id="34" class="1001" name="const_34">
<pin_list>
<pin id="35" dir="1" index="0" bw="1" slack="0"/>
</pin_list>
<bind>
<StgValue><ssdm name=""/></StgValue>
</bind>
</comp>

<comp id="36" class="1001" name="const_36">
<pin_list>
<pin id="37" dir="1" index="0" bw="1" slack="0"/>
</pin_list>
<bind>
<StgValue><ssdm name="_ssdm_op_PartSelect.i2.i4.i32.i32"/></StgValue>
</bind>
</comp>

<comp id="38" class="1001" name="const_38">
<pin_list>
<pin id="39" dir="1" index="0" bw="1" slack="0"/>
</pin_list>
<bind>
<StgValue><ssdm name=""/></StgValue>
</bind>
</comp>

<comp id="40" class="1001" name="const_40">
<pin_list>
<pin id="41" dir="1" index="0" bw="1" slack="0"/>
</pin_list>
<bind>
<StgValue><ssdm name=""/></StgValue>
</bind>
</comp>

<comp id="42" class="1001" name="const_42">
<pin_list>
<pin id="43" dir="1" index="0" bw="1" slack="2147483647"/>
</pin_list>
<bind>
<StgValue><ssdm name="_ssdm_op_SpecPipeline"/></StgValue>
</bind>
</comp>

<comp id="44" class="1001" name="const_44">
<pin_list>
<pin id="45" dir="1" index="0" bw="1" slack="2147483647"/>
</pin_list>
<bind>
<StgValue><ssdm name=""/></StgValue>
</bind>
</comp>

<comp id="46" class="1001" name="const_46">
<pin_list>
<pin id="47" dir="1" index="0" bw="1" slack="2147483647"/>
</pin_list>
<bind>
<StgValue><ssdm name=""/></StgValue>
</bind>
</comp>

<comp id="48" class="1001" name="const_48">
<pin_list>
<pin id="49" dir="1" index="0" bw="1" slack="2147483647"/>
</pin_list>
<bind>
<StgValue><ssdm name="empty_104"/></StgValue>
</bind>
</comp>

<comp id="50" class="1001" name="const_50">
<pin_list>
<pin id="51" dir="1" index="0" bw="1" slack="2147483647"/>
</pin_list>
<bind>
<StgValue><ssdm name="_ssdm_op_SpecLoopName"/></StgValue>
</bind>
</comp>

<comp id="52" class="1001" name="const_52">
<pin_list>
<pin id="53" dir="1" index="0" bw="1" slack="2147483647"/>
</pin_list>
<bind>
<StgValue><ssdm name="empty_22"/></StgValue>
</bind>
</comp>

<comp id="54" class="1001" name="const_54">
<pin_list>
<pin id="55" dir="1" index="0" bw="1" slack="0"/>
</pin_list>
<bind>
<StgValue><ssdm name="_ssdm_op_BitSelect.i1.i64.i64"/></StgValue>
</bind>
</comp>

<comp id="56" class="1001" name="const_56">
<pin_list>
<pin id="57" dir="1" index="0" bw="1" slack="0"/>
</pin_list>
<bind>
<StgValue><ssdm name=""/></StgValue>
</bind>
</comp>

<comp id="58" class="1001" name="const_58">
<pin_list>
<pin id="59" dir="1" index="0" bw="1" slack="0"/>
</pin_list>
<bind>
<StgValue><ssdm name=""/></StgValue>
</bind>
</comp>

<comp id="60" class="1001" name="const_60">
<pin_list>
<pin id="61" dir="1" index="0" bw="1" slack="0"/>
</pin_list>
<bind>
<StgValue><ssdm name="_ssdm_op_BitConcatenate.i64.i1.i63"/></StgValue>
</bind>
</comp>

<comp id="62" class="1001" name="const_62">
<pin_list>
<pin id="63" dir="1" index="0" bw="1" slack="0"/>
</pin_list>
<bind>
<StgValue><ssdm name="_ssdm_op_BitSelect.i1.i64.i32"/></StgValue>
</bind>
</comp>

<comp id="64" class="1001" name="const_64">
<pin_list>
<pin id="65" dir="1" index="0" bw="1" slack="0"/>
</pin_list>
<bind>
<StgValue><ssdm name=""/></StgValue>
</bind>
</comp>

<comp id="66" class="1004" name="i_fu_66">
<pin_list>
<pin id="67" dir="0" index="0" bw="1" slack="0"/>
<pin id="68" dir="1" index="1" bw="4" slack="0"/>
</pin_list>
<bind>
<opcode="alloca(26) " fcode="alloca"/>
<opset="i/1 "/>
</bind>
</comp>

<comp id="70" class="1004" name="a_0_0_addr_gep_fu_70">
<pin_list>
<pin id="71" dir="0" index="0" bw="64" slack="0"/>
<pin id="72" dir="0" index="1" bw="1" slack="0"/>
<pin id="73" dir="0" index="2" bw="2" slack="0"/>
<pin id="74" dir="1" index="3" bw="2" slack="0"/>
</pin_list>
<bind>
<opcode="getelementptr(29) " fcode="getelementptr"/>
<opset="a_0_0_addr/1 "/>
</bind>
</comp>

<comp id="77" class="1004" name="a_0_1_addr_gep_fu_77">
<pin_list>
<pin id="78" dir="0" index="0" bw="64" slack="0"/>
<pin id="79" dir="0" index="1" bw="1" slack="0"/>
<pin id="80" dir="0" index="2" bw="2" slack="0"/>
<pin id="81" dir="1" index="3" bw="2" slack="0"/>
</pin_list>
<bind>
<opcode="getelementptr(29) " fcode="getelementptr"/>
<opset="a_0_1_addr/1 "/>
</bind>
</comp>

<comp id="84" class="1004" name="grp_access_fu_84">
<pin_list>
<pin id="85" dir="0" index="0" bw="2" slack="0"/>
<pin id="86" dir="0" index="1" bw="64" slack="2147483647"/>
<pin id="87" dir="0" index="2" bw="0" slack="2147483647"/>
<pin id="88" dir="1" index="3" bw="64" slack="0"/>
</pin_list>
<bind>
<opcode="load(27) " fcode="load"/>
<opset="a_0_0_load/1 "/>
</bind>
</comp>

<comp id="90" class="1004" name="grp_access_fu_90">
<pin_list>
<pin id="91" dir="0" index="0" bw="2" slack="0"/>
<pin id="92" dir="0" index="1" bw="64" slack="2147483647"/>
<pin id="93" dir="0" index="2" bw="0" slack="2147483647"/>
<pin id="94" dir="1" index="3" bw="64" slack="0"/>
</pin_list>
<bind>
<opcode="load(27) " fcode="load"/>
<opset="a_0_1_load/1 "/>
</bind>
</comp>

<comp id="96" class="1004" name="a_1_0_addr_gep_fu_96">
<pin_list>
<pin id="97" dir="0" index="0" bw="64" slack="0"/>
<pin id="98" dir="0" index="1" bw="1" slack="0"/>
<pin id="99" dir="0" index="2" bw="2" slack="0"/>
<pin id="100" dir="1" index="3" bw="2" slack="0"/>
</pin_list>
<bind>
<opcode="getelementptr(29) " fcode="getelementptr"/>
<opset="a_1_0_addr/1 "/>
</bind>
</comp>

<comp id="103" class="1004" name="a_1_1_addr_gep_fu_103">
<pin_list>
<pin id="104" dir="0" index="0" bw="64" slack="0"/>
<pin id="105" dir="0" index="1" bw="1" slack="0"/>
<pin id="106" dir="0" index="2" bw="2" slack="0"/>
<pin id="107" dir="1" index="3" bw="2" slack="0"/>
</pin_list>
<bind>
<opcode="getelementptr(29) " fcode="getelementptr"/>
<opset="a_1_1_addr/1 "/>
</bind>
</comp>

<comp id="110" class="1004" name="grp_access_fu_110">
<pin_list>
<pin id="111" dir="0" index="0" bw="2" slack="0"/>
<pin id="112" dir="0" index="1" bw="64" slack="2147483647"/>
<pin id="113" dir="0" index="2" bw="0" slack="2147483647"/>
<pin id="114" dir="1" index="3" bw="64" slack="0"/>
</pin_list>
<bind>
<opcode="load(27) " fcode="load"/>
<opset="a_1_0_load/1 "/>
</bind>
</comp>

<comp id="116" class="1004" name="grp_access_fu_116">
<pin_list>
<pin id="117" dir="0" index="0" bw="2" slack="0"/>
<pin id="118" dir="0" index="1" bw="64" slack="2147483647"/>
<pin id="119" dir="0" index="2" bw="0" slack="2147483647"/>
<pin id="120" dir="1" index="3" bw="64" slack="0"/>
</pin_list>
<bind>
<opcode="load(27) " fcode="load"/>
<opset="a_1_1_load/1 "/>
</bind>
</comp>

<comp id="122" class="1004" name="t1_addr_gep_fu_122">
<pin_list>
<pin id="123" dir="0" index="0" bw="64" slack="0"/>
<pin id="124" dir="0" index="1" bw="1" slack="0"/>
<pin id="125" dir="0" index="2" bw="2" slack="0"/>
<pin id="126" dir="1" index="3" bw="2" slack="1"/>
</pin_list>
<bind>
<opcode="getelementptr(29) " fcode="getelementptr"/>
<opset="t1_addr/1 "/>
</bind>
</comp>

<comp id="129" class="1004" name="t1_1_addr_gep_fu_129">
<pin_list>
<pin id="130" dir="0" index="0" bw="64" slack="0"/>
<pin id="131" dir="0" index="1" bw="1" slack="0"/>
<pin id="132" dir="0" index="2" bw="2" slack="0"/>
<pin id="133" dir="1" index="3" bw="2" slack="1"/>
</pin_list>
<bind>
<opcode="getelementptr(29) " fcode="getelementptr"/>
<opset="t1_1_addr/1 "/>
</bind>
</comp>

<comp id="136" class="1004" name="store_ln381_access_fu_136">
<pin_list>
<pin id="137" dir="0" index="0" bw="2" slack="1"/>
<pin id="138" dir="0" index="1" bw="64" slack="0"/>
<pin id="139" dir="0" index="2" bw="0" slack="2147483647"/>
<pin id="140" dir="1" index="3" bw="64" slack="2147483647"/>
</pin_list>
<bind>
<opcode="store(28) " fcode="store"/>
<opset="store_ln381/2 "/>
</bind>
</comp>

<comp id="141" class="1004" name="store_ln381_access_fu_141">
<pin_list>
<pin id="142" dir="0" index="0" bw="2" slack="1"/>
<pin id="143" dir="0" index="1" bw="64" slack="0"/>
<pin id="144" dir="0" index="2" bw="0" slack="2147483647"/>
<pin id="145" dir="1" index="3" bw="64" slack="2147483647"/>
</pin_list>
<bind>
<opcode="store(28) " fcode="store"/>
<opset="store_ln381/2 "/>
</bind>
</comp>

<comp id="146" class="1005" name="carry_reg_146">
<pin_list>
<pin id="147" dir="0" index="0" bw="1" slack="1"/>
<pin id="148" dir="1" index="1" bw="1" slack="1"/>
</pin_list>
<bind>
<opset="carry (phireg) "/>
</bind>
</comp>

<comp id="149" class="1004" name="carry_phi_fu_149">
<pin_list>
<pin id="150" dir="0" index="0" bw="1" slack="0"/>
<pin id="151" dir="0" index="1" bw="0" slack="2147483647"/>
<pin id="152" dir="0" index="2" bw="1" slack="1"/>
<pin id="153" dir="0" index="3" bw="0" slack="2147483647"/>
<pin id="154" dir="1" index="4" bw="1" slack="1"/>
</pin_list>
<bind>
<opcode="phi(47) " fcode="phi"/>
<opset="carry/1 "/>
</bind>
</comp>

<comp id="157" class="1004" name="store_ln376_store_fu_157">
<pin_list>
<pin id="158" dir="0" index="0" bw="1" slack="0"/>
<pin id="159" dir="0" index="1" bw="4" slack="0"/>
<pin id="160" dir="1" index="2" bw="0" slack="2147483647"/>
</pin_list>
<bind>
<opcode="store(28) " fcode="store"/>
<opset="store_ln376/1 "/>
</bind>
</comp>

<comp id="162" class="1004" name="i_245_load_fu_162">
<pin_list>
<pin id="163" dir="0" index="0" bw="4" slack="0"/>
<pin id="164" dir="1" index="1" bw="4" slack="0"/>
</pin_list>
<bind>
<opcode="load(27) " fcode="load"/>
<opset="i_245/1 "/>
</bind>
</comp>

<comp id="165" class="1004" name="icmp_ln378_fu_165">
<pin_list>
<pin id="166" dir="0" index="0" bw="4" slack="0"/>
<pin id="167" dir="0" index="1" bw="4" slack="0"/>
<pin id="168" dir="1" index="2" bw="1" slack="1"/>
</pin_list>
<bind>
<opcode="icmp(45) " fcode="icmp"/>
<opset="icmp_ln378/1 "/>
</bind>
</comp>

<comp id="171" class="1004" name="add_ln378_fu_171">
<pin_list>
<pin id="172" dir="0" index="0" bw="4" slack="0"/>
<pin id="173" dir="0" index="1" bw="1" slack="0"/>
<pin id="174" dir="1" index="2" bw="4" slack="0"/>
</pin_list>
<bind>
<opcode="add(8) " fcode="add"/>
<opset="add_ln378/1 "/>
</bind>
</comp>

<comp id="177" class="1004" name="trunc_ln378_fu_177">
<pin_list>
<pin id="178" dir="0" index="0" bw="4" slack="0"/>
<pin id="179" dir="1" index="1" bw="1" slack="1"/>
</pin_list>
<bind>
<opcode="trunc(33) " fcode="trunc"/>
<opset="trunc_ln378/1 "/>
</bind>
</comp>

<comp id="181" class="1004" name="lshr_ln_fu_181">
<pin_list>
<pin id="182" dir="0" index="0" bw="2" slack="0"/>
<pin id="183" dir="0" index="1" bw="4" slack="0"/>
<pin id="184" dir="0" index="2" bw="1" slack="0"/>
<pin id="185" dir="0" index="3" bw="3" slack="0"/>
<pin id="186" dir="1" index="4" bw="2" slack="0"/>
</pin_list>
<bind>
<opcode="partselect(1002) " fcode="partselect"/>
<opset="lshr_ln/1 "/>
</bind>
</comp>

<comp id="191" class="1004" name="zext_ln376_fu_191">
<pin_list>
<pin id="192" dir="0" index="0" bw="2" slack="0"/>
<pin id="193" dir="1" index="1" bw="64" slack="0"/>
</pin_list>
<bind>
<opcode="zext(34) " fcode="zext"/>
<opset="zext_ln376/1 "/>
</bind>
</comp>

<comp id="201" class="1004" name="store_ln376_store_fu_201">
<pin_list>
<pin id="202" dir="0" index="0" bw="4" slack="0"/>
<pin id="203" dir="0" index="1" bw="4" slack="0"/>
<pin id="204" dir="1" index="2" bw="0" slack="2147483647"/>
</pin_list>
<bind>
<opcode="store(28) " fcode="store"/>
<opset="store_ln376/1 "/>
</bind>
</comp>

<comp id="206" class="1004" name="select_ln381_fu_206">
<pin_list>
<pin id="207" dir="0" index="0" bw="1" slack="1"/>
<pin id="208" dir="0" index="1" bw="64" slack="0"/>
<pin id="209" dir="0" index="2" bw="64" slack="0"/>
<pin id="210" dir="1" index="3" bw="64" slack="0"/>
</pin_list>
<bind>
<opcode="select(49) " fcode="select"/>
<opset="select_ln381/2 "/>
</bind>
</comp>

<comp id="213" class="1004" name="zext_ln381_fu_213">
<pin_list>
<pin id="214" dir="0" index="0" bw="1" slack="1"/>
<pin id="215" dir="1" index="1" bw="64" slack="0"/>
</pin_list>
<bind>
<opcode="zext(34) " fcode="zext"/>
<opset="zext_ln381/2 "/>
</bind>
</comp>

<comp id="217" class="1004" name="tempReg_fu_217">
<pin_list>
<pin id="218" dir="0" index="0" bw="64" slack="0"/>
<pin id="219" dir="0" index="1" bw="1" slack="0"/>
<pin id="220" dir="1" index="2" bw="64" slack="0"/>
</pin_list>
<bind>
<opcode="add(8) " fcode="add"/>
<opset="tempReg/2 "/>
</bind>
</comp>

<comp id="223" class="1004" name="select_ln381_5_fu_223">
<pin_list>
<pin id="224" dir="0" index="0" bw="1" slack="1"/>
<pin id="225" dir="0" index="1" bw="64" slack="0"/>
<pin id="226" dir="0" index="2" bw="64" slack="0"/>
<pin id="227" dir="1" index="3" bw="64" slack="0"/>
</pin_list>
<bind>
<opcode="select(49) " fcode="select"/>
<opset="select_ln381_5/2 "/>
</bind>
</comp>

<comp id="230" class="1004" name="add_ln381_fu_230">
<pin_list>
<pin id="231" dir="0" index="0" bw="64" slack="0"/>
<pin id="232" dir="0" index="1" bw="64" slack="0"/>
<pin id="233" dir="1" index="2" bw="64" slack="0"/>
</pin_list>
<bind>
<opcode="add(8) " fcode="add"/>
<opset="add_ln381/2 "/>
</bind>
</comp>

<comp id="238" class="1004" name="xor_ln381_fu_238">
<pin_list>
<pin id="239" dir="0" index="0" bw="64" slack="0"/>
<pin id="240" dir="0" index="1" bw="64" slack="0"/>
<pin id="241" dir="1" index="2" bw="64" slack="0"/>
</pin_list>
<bind>
<opcode="xor(25) " fcode="xor"/>
<opset="xor_ln381/2 "/>
</bind>
</comp>

<comp id="244" class="1004" name="xor_ln381_50_fu_244">
<pin_list>
<pin id="245" dir="0" index="0" bw="64" slack="0"/>
<pin id="246" dir="0" index="1" bw="64" slack="0"/>
<pin id="247" dir="1" index="2" bw="64" slack="0"/>
</pin_list>
<bind>
<opcode="xor(25) " fcode="xor"/>
<opset="xor_ln381_50/2 "/>
</bind>
</comp>

<comp id="250" class="1004" name="or_ln381_fu_250">
<pin_list>
<pin id="251" dir="0" index="0" bw="64" slack="0"/>
<pin id="252" dir="0" index="1" bw="64" slack="0"/>
<pin id="253" dir="1" index="2" bw="64" slack="0"/>
</pin_list>
<bind>
<opcode="or(24) " fcode="or"/>
<opset="or_ln381/2 "/>
</bind>
</comp>

<comp id="256" class="1004" name="bit_sel_fu_256">
<pin_list>
<pin id="257" dir="0" index="0" bw="1" slack="0"/>
<pin id="258" dir="0" index="1" bw="64" slack="0"/>
<pin id="259" dir="0" index="2" bw="7" slack="0"/>
<pin id="260" dir="1" index="3" bw="1" slack="0"/>
</pin_list>
<bind>
<opcode="bitselect(1000) " fcode="bitselect"/>
<opset="bit_sel/2 "/>
</bind>
</comp>

<comp id="264" class="1004" name="xor_ln381_55_fu_264">
<pin_list>
<pin id="265" dir="0" index="0" bw="1" slack="0"/>
<pin id="266" dir="0" index="1" bw="1" slack="0"/>
<pin id="267" dir="1" index="2" bw="1" slack="0"/>
</pin_list>
<bind>
<opcode="xor(25) " fcode="xor"/>
<opset="xor_ln381_55/2 "/>
</bind>
</comp>

<comp id="270" class="1004" name="trunc_ln381_fu_270">
<pin_list>
<pin id="271" dir="0" index="0" bw="64" slack="0"/>
<pin id="272" dir="1" index="1" bw="63" slack="0"/>
</pin_list>
<bind>
<opcode="trunc(33) " fcode="trunc"/>
<opset="trunc_ln381/2 "/>
</bind>
</comp>

<comp id="274" class="1004" name="xor_ln381_s_fu_274">
<pin_list>
<pin id="275" dir="0" index="0" bw="64" slack="0"/>
<pin id="276" dir="0" index="1" bw="1" slack="0"/>
<pin id="277" dir="0" index="2" bw="63" slack="0"/>
<pin id="278" dir="1" index="3" bw="64" slack="0"/>
</pin_list>
<bind>
<opcode="bitconcatenate(1004) " fcode="bitconcatenate"/>
<opset="xor_ln381_s/2 "/>
</bind>
</comp>

<comp id="282" class="1004" name="and_ln381_fu_282">
<pin_list>
<pin id="283" dir="0" index="0" bw="64" slack="0"/>
<pin id="284" dir="0" index="1" bw="64" slack="0"/>
<pin id="285" dir="1" index="2" bw="64" slack="0"/>
</pin_list>
<bind>
<opcode="and(23) " fcode="and"/>
<opset="and_ln381/2 "/>
</bind>
</comp>

<comp id="288" class="1004" name="xor_ln381_52_fu_288">
<pin_list>
<pin id="289" dir="0" index="0" bw="64" slack="0"/>
<pin id="290" dir="0" index="1" bw="64" slack="0"/>
<pin id="291" dir="1" index="2" bw="64" slack="0"/>
</pin_list>
<bind>
<opcode="xor(25) " fcode="xor"/>
<opset="xor_ln381_52/2 "/>
</bind>
</comp>

<comp id="294" class="1004" name="or_ln381_21_fu_294">
<pin_list>
<pin id="295" dir="0" index="0" bw="64" slack="0"/>
<pin id="296" dir="0" index="1" bw="64" slack="0"/>
<pin id="297" dir="1" index="2" bw="64" slack="0"/>
</pin_list>
<bind>
<opcode="or(24) " fcode="or"/>
<opset="or_ln381_21/2 "/>
</bind>
</comp>

<comp id="300" class="1004" name="tmp_fu_300">
<pin_list>
<pin id="301" dir="0" index="0" bw="1" slack="0"/>
<pin id="302" dir="0" index="1" bw="64" slack="0"/>
<pin id="303" dir="0" index="2" bw="7" slack="0"/>
<pin id="304" dir="1" index="3" bw="1" slack="1"/>
</pin_list>
<bind>
<opcode="bitselect(1000) " fcode="bitselect"/>
<opset="tmp/2 "/>
</bind>
</comp>

<comp id="308" class="1005" name="i_reg_308">
<pin_list>
<pin id="309" dir="0" index="0" bw="4" slack="0"/>
<pin id="310" dir="1" index="1" bw="4" slack="0"/>
</pin_list>
<bind>
<opset="i "/>
</bind>
</comp>

<comp id="315" class="1005" name="icmp_ln378_reg_315">
<pin_list>
<pin id="316" dir="0" index="0" bw="1" slack="1"/>
<pin id="317" dir="1" index="1" bw="1" slack="2147483647"/>
</pin_list>
<bind>
<opset="icmp_ln378 "/>
</bind>
</comp>

<comp id="319" class="1005" name="trunc_ln378_reg_319">
<pin_list>
<pin id="320" dir="0" index="0" bw="1" slack="1"/>
<pin id="321" dir="1" index="1" bw="1" slack="1"/>
</pin_list>
<bind>
<opset="trunc_ln378 "/>
</bind>
</comp>

<comp id="325" class="1005" name="a_0_0_addr_reg_325">
<pin_list>
<pin id="326" dir="0" index="0" bw="2" slack="1"/>
<pin id="327" dir="1" index="1" bw="2" slack="1"/>
</pin_list>
<bind>
<opset="a_0_0_addr "/>
</bind>
</comp>

<comp id="330" class="1005" name="a_0_1_addr_reg_330">
<pin_list>
<pin id="331" dir="0" index="0" bw="2" slack="1"/>
<pin id="332" dir="1" index="1" bw="2" slack="1"/>
</pin_list>
<bind>
<opset="a_0_1_addr "/>
</bind>
</comp>

<comp id="335" class="1005" name="a_1_0_addr_reg_335">
<pin_list>
<pin id="336" dir="0" index="0" bw="2" slack="1"/>
<pin id="337" dir="1" index="1" bw="2" slack="1"/>
</pin_list>
<bind>
<opset="a_1_0_addr "/>
</bind>
</comp>

<comp id="340" class="1005" name="a_1_1_addr_reg_340">
<pin_list>
<pin id="341" dir="0" index="0" bw="2" slack="1"/>
<pin id="342" dir="1" index="1" bw="2" slack="1"/>
</pin_list>
<bind>
<opset="a_1_1_addr "/>
</bind>
</comp>

<comp id="345" class="1005" name="t1_addr_reg_345">
<pin_list>
<pin id="346" dir="0" index="0" bw="2" slack="1"/>
<pin id="347" dir="1" index="1" bw="2" slack="1"/>
</pin_list>
<bind>
<opset="t1_addr "/>
</bind>
</comp>

<comp id="350" class="1005" name="t1_1_addr_reg_350">
<pin_list>
<pin id="351" dir="0" index="0" bw="2" slack="1"/>
<pin id="352" dir="1" index="1" bw="2" slack="1"/>
</pin_list>
<bind>
<opset="t1_1_addr "/>
</bind>
</comp>

<comp id="355" class="1005" name="tmp_reg_355">
<pin_list>
<pin id="356" dir="0" index="0" bw="1" slack="1"/>
<pin id="357" dir="1" index="1" bw="1" slack="1"/>
</pin_list>
<bind>
<opset="tmp "/>
</bind>
</comp>

</comp_list>

<net_list>
<net id="69"><net_src comp="12" pin="0"/><net_sink comp="66" pin=0"/></net>

<net id="75"><net_src comp="4" pin="0"/><net_sink comp="70" pin=0"/></net>

<net id="76"><net_src comp="40" pin="0"/><net_sink comp="70" pin=1"/></net>

<net id="82"><net_src comp="6" pin="0"/><net_sink comp="77" pin=0"/></net>

<net id="83"><net_src comp="40" pin="0"/><net_sink comp="77" pin=1"/></net>

<net id="89"><net_src comp="70" pin="3"/><net_sink comp="84" pin=0"/></net>

<net id="95"><net_src comp="77" pin="3"/><net_sink comp="90" pin=0"/></net>

<net id="101"><net_src comp="8" pin="0"/><net_sink comp="96" pin=0"/></net>

<net id="102"><net_src comp="40" pin="0"/><net_sink comp="96" pin=1"/></net>

<net id="108"><net_src comp="10" pin="0"/><net_sink comp="103" pin=0"/></net>

<net id="109"><net_src comp="40" pin="0"/><net_sink comp="103" pin=1"/></net>

<net id="115"><net_src comp="96" pin="3"/><net_sink comp="110" pin=0"/></net>

<net id="121"><net_src comp="103" pin="3"/><net_sink comp="116" pin=0"/></net>

<net id="127"><net_src comp="2" pin="0"/><net_sink comp="122" pin=0"/></net>

<net id="128"><net_src comp="40" pin="0"/><net_sink comp="122" pin=1"/></net>

<net id="134"><net_src comp="0" pin="0"/><net_sink comp="129" pin=0"/></net>

<net id="135"><net_src comp="40" pin="0"/><net_sink comp="129" pin=1"/></net>

<net id="155"><net_src comp="26" pin="0"/><net_sink comp="149" pin=0"/></net>

<net id="156"><net_src comp="149" pin="4"/><net_sink comp="146" pin=0"/></net>

<net id="161"><net_src comp="24" pin="0"/><net_sink comp="157" pin=0"/></net>

<net id="169"><net_src comp="162" pin="1"/><net_sink comp="165" pin=0"/></net>

<net id="170"><net_src comp="28" pin="0"/><net_sink comp="165" pin=1"/></net>

<net id="175"><net_src comp="162" pin="1"/><net_sink comp="171" pin=0"/></net>

<net id="176"><net_src comp="34" pin="0"/><net_sink comp="171" pin=1"/></net>

<net id="180"><net_src comp="162" pin="1"/><net_sink comp="177" pin=0"/></net>

<net id="187"><net_src comp="36" pin="0"/><net_sink comp="181" pin=0"/></net>

<net id="188"><net_src comp="162" pin="1"/><net_sink comp="181" pin=1"/></net>

<net id="189"><net_src comp="12" pin="0"/><net_sink comp="181" pin=2"/></net>

<net id="190"><net_src comp="38" pin="0"/><net_sink comp="181" pin=3"/></net>

<net id="194"><net_src comp="181" pin="4"/><net_sink comp="191" pin=0"/></net>

<net id="195"><net_src comp="191" pin="1"/><net_sink comp="70" pin=2"/></net>

<net id="196"><net_src comp="191" pin="1"/><net_sink comp="77" pin=2"/></net>

<net id="197"><net_src comp="191" pin="1"/><net_sink comp="96" pin=2"/></net>

<net id="198"><net_src comp="191" pin="1"/><net_sink comp="103" pin=2"/></net>

<net id="199"><net_src comp="191" pin="1"/><net_sink comp="122" pin=2"/></net>

<net id="200"><net_src comp="191" pin="1"/><net_sink comp="129" pin=2"/></net>

<net id="205"><net_src comp="171" pin="2"/><net_sink comp="201" pin=0"/></net>

<net id="211"><net_src comp="90" pin="3"/><net_sink comp="206" pin=1"/></net>

<net id="212"><net_src comp="84" pin="3"/><net_sink comp="206" pin=2"/></net>

<net id="216"><net_src comp="146" pin="1"/><net_sink comp="213" pin=0"/></net>

<net id="221"><net_src comp="206" pin="3"/><net_sink comp="217" pin=0"/></net>

<net id="222"><net_src comp="213" pin="1"/><net_sink comp="217" pin=1"/></net>

<net id="228"><net_src comp="116" pin="3"/><net_sink comp="223" pin=1"/></net>

<net id="229"><net_src comp="110" pin="3"/><net_sink comp="223" pin=2"/></net>

<net id="234"><net_src comp="223" pin="3"/><net_sink comp="230" pin=0"/></net>

<net id="235"><net_src comp="217" pin="2"/><net_sink comp="230" pin=1"/></net>

<net id="236"><net_src comp="230" pin="2"/><net_sink comp="136" pin=1"/></net>

<net id="237"><net_src comp="230" pin="2"/><net_sink comp="141" pin=1"/></net>

<net id="242"><net_src comp="230" pin="2"/><net_sink comp="238" pin=0"/></net>

<net id="243"><net_src comp="217" pin="2"/><net_sink comp="238" pin=1"/></net>

<net id="248"><net_src comp="223" pin="3"/><net_sink comp="244" pin=0"/></net>

<net id="249"><net_src comp="217" pin="2"/><net_sink comp="244" pin=1"/></net>

<net id="254"><net_src comp="238" pin="2"/><net_sink comp="250" pin=0"/></net>

<net id="255"><net_src comp="244" pin="2"/><net_sink comp="250" pin=1"/></net>

<net id="261"><net_src comp="54" pin="0"/><net_sink comp="256" pin=0"/></net>

<net id="262"><net_src comp="217" pin="2"/><net_sink comp="256" pin=1"/></net>

<net id="263"><net_src comp="56" pin="0"/><net_sink comp="256" pin=2"/></net>

<net id="268"><net_src comp="256" pin="3"/><net_sink comp="264" pin=0"/></net>

<net id="269"><net_src comp="58" pin="0"/><net_sink comp="264" pin=1"/></net>

<net id="273"><net_src comp="217" pin="2"/><net_sink comp="270" pin=0"/></net>

<net id="279"><net_src comp="60" pin="0"/><net_sink comp="274" pin=0"/></net>

<net id="280"><net_src comp="264" pin="2"/><net_sink comp="274" pin=1"/></net>

<net id="281"><net_src comp="270" pin="1"/><net_sink comp="274" pin=2"/></net>

<net id="286"><net_src comp="274" pin="3"/><net_sink comp="282" pin=0"/></net>

<net id="287"><net_src comp="206" pin="3"/><net_sink comp="282" pin=1"/></net>

<net id="292"><net_src comp="250" pin="2"/><net_sink comp="288" pin=0"/></net>

<net id="293"><net_src comp="230" pin="2"/><net_sink comp="288" pin=1"/></net>

<net id="298"><net_src comp="288" pin="2"/><net_sink comp="294" pin=0"/></net>

<net id="299"><net_src comp="282" pin="2"/><net_sink comp="294" pin=1"/></net>

<net id="305"><net_src comp="62" pin="0"/><net_sink comp="300" pin=0"/></net>

<net id="306"><net_src comp="294" pin="2"/><net_sink comp="300" pin=1"/></net>

<net id="307"><net_src comp="64" pin="0"/><net_sink comp="300" pin=2"/></net>

<net id="311"><net_src comp="66" pin="1"/><net_sink comp="308" pin=0"/></net>

<net id="312"><net_src comp="308" pin="1"/><net_sink comp="157" pin=1"/></net>

<net id="313"><net_src comp="308" pin="1"/><net_sink comp="162" pin=0"/></net>

<net id="314"><net_src comp="308" pin="1"/><net_sink comp="201" pin=1"/></net>

<net id="318"><net_src comp="165" pin="2"/><net_sink comp="315" pin=0"/></net>

<net id="322"><net_src comp="177" pin="1"/><net_sink comp="319" pin=0"/></net>

<net id="323"><net_src comp="319" pin="1"/><net_sink comp="206" pin=0"/></net>

<net id="324"><net_src comp="319" pin="1"/><net_sink comp="223" pin=0"/></net>

<net id="328"><net_src comp="70" pin="3"/><net_sink comp="325" pin=0"/></net>

<net id="329"><net_src comp="325" pin="1"/><net_sink comp="84" pin=0"/></net>

<net id="333"><net_src comp="77" pin="3"/><net_sink comp="330" pin=0"/></net>

<net id="334"><net_src comp="330" pin="1"/><net_sink comp="90" pin=0"/></net>

<net id="338"><net_src comp="96" pin="3"/><net_sink comp="335" pin=0"/></net>

<net id="339"><net_src comp="335" pin="1"/><net_sink comp="110" pin=0"/></net>

<net id="343"><net_src comp="103" pin="3"/><net_sink comp="340" pin=0"/></net>

<net id="344"><net_src comp="340" pin="1"/><net_sink comp="116" pin=0"/></net>

<net id="348"><net_src comp="122" pin="3"/><net_sink comp="345" pin=0"/></net>

<net id="349"><net_src comp="345" pin="1"/><net_sink comp="136" pin=0"/></net>

<net id="353"><net_src comp="129" pin="3"/><net_sink comp="350" pin=0"/></net>

<net id="354"><net_src comp="350" pin="1"/><net_sink comp="141" pin=0"/></net>

<net id="358"><net_src comp="300" pin="3"/><net_sink comp="355" pin=0"/></net>

<net id="359"><net_src comp="355" pin="1"/><net_sink comp="149" pin=2"/></net>

</net_list>

</model> 
---------------- Datapath Model END ------------------

* FSMD analyzer results:
  - Output states:
	Port: t1_1 | {2 }
	Port: t1 | {2 }
 - Input state : 
	Port: fp2mul503_mont.80_Pipeline_VITIS_LOOP_378_1 : a_0_0 | {1 2 }
	Port: fp2mul503_mont.80_Pipeline_VITIS_LOOP_378_1 : a_0_1 | {1 2 }
	Port: fp2mul503_mont.80_Pipeline_VITIS_LOOP_378_1 : a_1_0 | {1 2 }
	Port: fp2mul503_mont.80_Pipeline_VITIS_LOOP_378_1 : a_1_1 | {1 2 }
  - Chain level:
	State 1
		store_ln376 : 1
		carry : 1
		i_245 : 1
		icmp_ln378 : 2
		add_ln378 : 2
		br_ln378 : 3
		trunc_ln378 : 2
		lshr_ln : 2
		zext_ln376 : 3
		a_0_0_addr : 4
		a_0_1_addr : 4
		a_0_0_load : 5
		a_0_1_load : 5
		a_1_0_addr : 4
		a_1_1_addr : 4
		a_1_0_load : 5
		a_1_1_load : 5
		t1_addr : 4
		t1_1_addr : 4
		br_ln381 : 3
		store_ln376 : 3
	State 2
		select_ln381 : 1
		tempReg : 2
		select_ln381_5 : 1
		add_ln381 : 3
		store_ln381 : 4
		store_ln381 : 4
		xor_ln381 : 4
		xor_ln381_50 : 3
		or_ln381 : 4
		bit_sel : 3
		xor_ln381_55 : 4
		trunc_ln381 : 3
		xor_ln381_s : 4
		and_ln381 : 5
		xor_ln381_52 : 4
		or_ln381_21 : 5
		tmp : 5


============================================================
+ Verbose Summary: Datapath Resource usage 
============================================================

* Functional unit list:
|----------|-----------------------|---------|---------|
| Operation|    Functional Unit    |    FF   |   LUT   |
|----------|-----------------------|---------|---------|
|          |    xor_ln381_fu_238   |    0    |    64   |
|    xor   |  xor_ln381_50_fu_244  |    0    |    64   |
|          |  xor_ln381_55_fu_264  |    0    |    2    |
|          |  xor_ln381_52_fu_288  |    0    |    64   |
|----------|-----------------------|---------|---------|
|          |    add_ln378_fu_171   |    0    |    12   |
|    add   |     tempReg_fu_217    |    0    |    71   |
|          |    add_ln381_fu_230   |    0    |    71   |
|----------|-----------------------|---------|---------|
|    or    |    or_ln381_fu_250    |    0    |    64   |
|          |   or_ln381_21_fu_294  |    0    |    64   |
|----------|-----------------------|---------|---------|
|  select  |  select_ln381_fu_206  |    0    |    63   |
|          | select_ln381_5_fu_223 |    0    |    63   |
|----------|-----------------------|---------|---------|
|    and   |    and_ln381_fu_282   |    0    |    64   |
|----------|-----------------------|---------|---------|
|   icmp   |   icmp_ln378_fu_165   |    0    |    12   |
|----------|-----------------------|---------|---------|
|   trunc  |   trunc_ln378_fu_177  |    0    |    0    |
|          |   trunc_ln381_fu_270  |    0    |    0    |
|----------|-----------------------|---------|---------|
|partselect|     lshr_ln_fu_181    |    0    |    0    |
|----------|-----------------------|---------|---------|
|   zext   |   zext_ln376_fu_191   |    0    |    0    |
|          |   zext_ln381_fu_213   |    0    |    0    |
|----------|-----------------------|---------|---------|
| bitselect|     bit_sel_fu_256    |    0    |    0    |
|          |       tmp_fu_300      |    0    |    0    |
|----------|-----------------------|---------|---------|
|bitconcatenate|   xor_ln381_s_fu_274  |    0    |    0    |
|----------|-----------------------|---------|---------|
|   Total  |                       |    0    |   678   |
|----------|-----------------------|---------|---------|

Memories:
N/A

* Register list:
+-------------------+--------+
|                   |   FF   |
+-------------------+--------+
| a_0_0_addr_reg_325|    2   |
| a_0_1_addr_reg_330|    2   |
| a_1_0_addr_reg_335|    2   |
| a_1_1_addr_reg_340|    2   |
|   carry_reg_146   |    1   |
|     i_reg_308     |    4   |
| icmp_ln378_reg_315|    1   |
| t1_1_addr_reg_350 |    2   |
|  t1_addr_reg_345  |    2   |
|    tmp_reg_355    |    1   |
|trunc_ln378_reg_319|    1   |
+-------------------+--------+
|       Total       |   20   |
+-------------------+--------+

* Multiplexer (MUX) list: 
|-------------------|------|------|------|--------||---------||---------||---------|
|        Comp       |  Pin | Size |  BW  | S x BW ||  Delay  ||    FF   ||   LUT   |
|-------------------|------|------|------|--------||---------||---------||---------|
|  grp_access_fu_84 |  p0  |   2  |   2  |    4   ||    0    ||    9    |
|  grp_access_fu_90 |  p0  |   2  |   2  |    4   ||    0    ||    9    |
| grp_access_fu_110 |  p0  |   2  |   2  |    4   ||    0    ||    9    |
| grp_access_fu_116 |  p0  |   2  |   2  |    4   ||    0    ||    9    |
|-------------------|------|------|------|--------||---------||---------||---------|
|       Total       |      |      |      |   16   ||  1.548  ||    0    ||    36   |
|-------------------|------|------|------|--------||---------||---------||---------|



* Summary:
+-----------+--------+--------+--------+
|           |  Delay |   FF   |   LUT  |
+-----------+--------+--------+--------+
|  Function |    -   |    0   |   678  |
|   Memory  |    -   |    -   |    -   |
|Multiplexer|    1   |    0   |   36   |
|  Register |    -   |   20   |    -   |
+-----------+--------+--------+--------+
|   Total   |    1   |   20   |   714  |
+-----------+--------+--------+--------+
