

================================================================
== Vitis HLS Report for 'fp2mul503_mont_325'
================================================================
* Date:           Wed Jul 30 17:28:11 2025

* Version:        2024.2.2 (Build 6049644 on Mar  5 2025)
* Project:        sikep503_hls
* Solution:       solution1 (Vivado IP Flow Target)
* Product family: virtexuplus58g
* Target device:  xcvu29p-fsga2577-2L-e


================================================================
== Performance Estimates
================================================================
+ Timing: 
    * Summary: 
    +--------+----------+----------+------------+
    |  Clock |  Target  | Estimated| Uncertainty|
    +--------+----------+----------+------------+
    |ap_clk  |  10.00 ns|  5.675 ns|     2.70 ns|
    +--------+----------+----------+------------+

+ Latency: 
    * Summary: 
    +---------+---------+----------+----------+-----+-----+---------+
    |  Latency (cycles) |  Latency (absolute) |  Interval | Pipeline|
    |   min   |   max   |    min   |    max   | min | max |   Type  |
    +---------+---------+----------+----------+-----+-----+---------+
    |      323|      535|  3.230 us|  5.350 us|  323|  535|       no|
    +---------+---------+----------+----------+-----+-----+---------+

    + Detail: 
        * Instance: 
        +------------------------------------------------------------+-------------------------------------------------+---------+---------+----------+----------+-----+-----+------------------------------------------------+
        |                                                            |                                                 |  Latency (cycles) |  Latency (absolute) |  Interval |                    Pipeline                    |
        |                          Instance                          |                      Module                     |   min   |   max   |    min   |    max   | min | max |                      Type                      |
        +------------------------------------------------------------+-------------------------------------------------+---------+---------+----------+----------+-----+-----+------------------------------------------------+
        |grp_fp2mul503_mont_325_Pipeline_VITIS_LOOP_219_1_fu_90      |fp2mul503_mont_325_Pipeline_VITIS_LOOP_219_1     |       10|       10|  0.100 us|  0.100 us|    9|    9|  loop auto-rewind stp (delay=0 clock cycles(s))|
        |grp_fp2mul503_mont_325_Pipeline_VITIS_LOOP_228_2_fu_100     |fp2mul503_mont_325_Pipeline_VITIS_LOOP_228_2     |       18|       18|  0.180 us|  0.180 us|   17|   17|  loop auto-rewind stp (delay=0 clock cycles(s))|
        |grp_fp2mul503_mont_325_Pipeline_VITIS_LOOP_219_1230_fu_106  |fp2mul503_mont_325_Pipeline_VITIS_LOOP_219_1230  |       10|       10|  0.100 us|  0.100 us|    9|    9|  loop auto-rewind stp (delay=0 clock cycles(s))|
        |grp_fp2mul503_mont_325_Pipeline_VITIS_LOOP_228_2231_fu_116  |fp2mul503_mont_325_Pipeline_VITIS_LOOP_228_2231  |       18|       18|  0.180 us|  0.180 us|   17|   17|  loop auto-rewind stp (delay=0 clock cycles(s))|
        |grp_fp2mul503_mont_325_Pipeline_VITIS_LOOP_370_1_fu_122     |fp2mul503_mont_325_Pipeline_VITIS_LOOP_370_1     |       10|       10|  0.100 us|  0.100 us|    9|    9|  loop auto-rewind stp (delay=0 clock cycles(s))|
        |grp_fp2mul503_mont_325_Pipeline_VITIS_LOOP_370_1232_fu_129  |fp2mul503_mont_325_Pipeline_VITIS_LOOP_370_1232  |       10|       10|  0.100 us|  0.100 us|    9|    9|  loop auto-rewind stp (delay=0 clock cycles(s))|
        |grp_fp2mul503_mont_325_Pipeline_VITIS_LOOP_152_1_fu_136     |fp2mul503_mont_325_Pipeline_VITIS_LOOP_152_1     |       18|       18|  0.180 us|  0.180 us|   17|   17|  loop auto-rewind stp (delay=0 clock cycles(s))|
        |grp_fp2mul503_mont_325_Pipeline_VITIS_LOOP_219_1234_fu_144  |fp2mul503_mont_325_Pipeline_VITIS_LOOP_219_1234  |       10|       10|  0.100 us|  0.100 us|    9|    9|  loop auto-rewind stp (delay=0 clock cycles(s))|
        |grp_fp2mul503_mont_325_Pipeline_VITIS_LOOP_179_1_fu_152     |fp2mul503_mont_325_Pipeline_VITIS_LOOP_179_1     |       10|       10|  0.100 us|  0.100 us|    9|    9|  loop auto-rewind stp (delay=0 clock cycles(s))|
        |grp_fp2mul503_mont_325_Pipeline_VITIS_LOOP_370_1233_fu_160  |fp2mul503_mont_325_Pipeline_VITIS_LOOP_370_1233  |       18|       18|  0.180 us|  0.180 us|   17|   17|  loop auto-rewind stp (delay=0 clock cycles(s))|
        |grp_rdc_mont_3_fu_166                                       |rdc_mont_3                                       |      103|      209|  1.030 us|  2.090 us|  103|  209|                                              no|
        |grp_fp2mul503_mont_325_Pipeline_VITIS_LOOP_228_2235_fu_178  |fp2mul503_mont_325_Pipeline_VITIS_LOOP_228_2235  |       18|       18|  0.180 us|  0.180 us|   17|   17|  loop auto-rewind stp (delay=0 clock cycles(s))|
        |grp_fp2mul503_mont_325_Pipeline_VITIS_LOOP_152_1236_fu_184  |fp2mul503_mont_325_Pipeline_VITIS_LOOP_152_1236  |       18|       18|  0.180 us|  0.180 us|   17|   17|  loop auto-rewind stp (delay=0 clock cycles(s))|
        +------------------------------------------------------------+-------------------------------------------------+---------+---------+----------+----------+-----+-----+------------------------------------------------+

        * Loop: 
        N/A

============================================================
+ Verbose Summary: Synthesis Manager
============================================================
InlineROM: 1
ExposeGlobal: 0
============================================================
+ Verbose Summary: CDFG Model
============================================================
IsTopModel: 0
ResetActiveHigh: 1
IsCombinational: 0
IsDatapathOnly: 0
HasWiredReturn: 1
HasMFsm: 0
HasVarLatency: 1
IsPipeline: 0
IsRtlPipelined: 0
IsInstanceOverlapped: 0
IsDontTouch: 0
HasImplIP: 0
IsGatedGlobalClock: 0


============================================================
+ Verbose Summary: Schedule
============================================================
* Number of FSM states : 18
* Pipeline : 0
* Dataflow Pipeline: 0

* FSM state transitions: 
1 --> 2 
2 --> 3 
3 --> 4 
4 --> 5 
5 --> 6 
6 --> 7 
7 --> 8 
8 --> 9 
9 --> 10 
10 --> 11 
11 --> 12 
12 --> 13 
13 --> 14 
14 --> 15 
15 --> 16 
16 --> 17 
17 --> 18 
18 --> 

* FSM state operations: 

State 1 <SV = 0> <Delay = 0.71>
ST_1 : Operation 19 [1/1] (0.00ns)   --->   "%A_89_loc = alloca i64 1"   --->   Operation 19 'alloca' 'A_89_loc' <Predicate = true> <Delay = 0.00>
ST_1 : Operation 20 [1/1] (0.00ns)   --->   "%B_87_loc = alloca i64 1"   --->   Operation 20 'alloca' 'B_87_loc' <Predicate = true> <Delay = 0.00>
ST_1 : Operation 21 [1/1] (0.00ns)   --->   "%borrow_loc = alloca i64 1"   --->   Operation 21 'alloca' 'borrow_loc' <Predicate = true> <Delay = 0.00>
ST_1 : Operation 22 [1/1] (0.00ns)   --->   "%A_87_loc = alloca i64 1"   --->   Operation 22 'alloca' 'A_87_loc' <Predicate = true> <Delay = 0.00>
ST_1 : Operation 23 [1/1] (0.00ns)   --->   "%B_85_loc = alloca i64 1"   --->   Operation 23 'alloca' 'B_85_loc' <Predicate = true> <Delay = 0.00>
ST_1 : Operation 24 [1/1] (0.00ns)   --->   "%A_1_loc = alloca i64 1"   --->   Operation 24 'alloca' 'A_1_loc' <Predicate = true> <Delay = 0.00>
ST_1 : Operation 25 [1/1] (0.00ns)   --->   "%B_loc = alloca i64 1"   --->   Operation 25 'alloca' 'B_loc' <Predicate = true> <Delay = 0.00>
ST_1 : Operation 26 [1/1] (0.71ns)   --->   "%t1 = alloca i64 1" [src/fpx.cpp:169]   --->   Operation 26 'alloca' 't1' <Predicate = true> <Delay = 0.71>
ST_1 : Operation 27 [1/1] (0.71ns)   --->   "%t2 = alloca i64 1" [src/fpx.cpp:169]   --->   Operation 27 'alloca' 't2' <Predicate = true> <Delay = 0.71>
ST_1 : Operation 28 [1/1] (0.71ns)   --->   "%tt1 = alloca i64 1" [src/fpx.cpp:170]   --->   Operation 28 'alloca' 'tt1' <Predicate = true> <Delay = 0.71>
ST_1 : Operation 29 [1/1] (0.71ns)   --->   "%tt2 = alloca i64 1" [src/fpx.cpp:170]   --->   Operation 29 'alloca' 'tt2' <Predicate = true> <Delay = 0.71>
ST_1 : Operation 30 [1/1] (0.71ns)   --->   "%tt3 = alloca i64 1" [src/fpx.cpp:170]   --->   Operation 30 'alloca' 'tt3' <Predicate = true> <Delay = 0.71>
ST_1 : Operation 31 [2/2] (0.00ns)   --->   "%call_ln0 = call void @fp2mul503_mont.325_Pipeline_VITIS_LOOP_219_1, i64 %a, i64 %b, i512 %B_loc, i512 %A_1_loc"   --->   Operation 31 'call' 'call_ln0' <Predicate = true> <Delay = 0.00> <CoreType = "Generic">   --->   Generic Core

State 2 <SV = 1> <Delay = 1.48>
ST_2 : Operation 32 [1/2] (1.48ns)   --->   "%call_ln0 = call void @fp2mul503_mont.325_Pipeline_VITIS_LOOP_219_1, i64 %a, i64 %b, i512 %B_loc, i512 %A_1_loc"   --->   Operation 32 'call' 'call_ln0' <Predicate = true> <Delay = 1.48> <CoreType = "Generic">   --->   Generic Core

State 3 <SV = 2> <Delay = 3.61>
ST_3 : Operation 33 [1/1] (0.00ns)   --->   "%B_loc_load = load i512 %B_loc"   --->   Operation 33 'load' 'B_loc_load' <Predicate = true> <Delay = 0.00>
ST_3 : Operation 34 [1/1] (0.00ns)   --->   "%A_1_loc_load = load i512 %A_1_loc"   --->   Operation 34 'load' 'A_1_loc_load' <Predicate = true> <Delay = 0.00>
ST_3 : Operation 35 [1/1] (0.00ns)   --->   "%zext_ln225 = zext i512 %A_1_loc_load" [src/generic/fp_generic.cpp:225->src/fpx.cpp:174]   --->   Operation 35 'zext' 'zext_ln225' <Predicate = true> <Delay = 0.00>
ST_3 : Operation 36 [1/1] (0.00ns)   --->   "%zext_ln225_79 = zext i512 %B_loc_load" [src/generic/fp_generic.cpp:225->src/fpx.cpp:174]   --->   Operation 36 'zext' 'zext_ln225_79' <Predicate = true> <Delay = 0.00>
ST_3 : Operation 37 [2/2] (3.61ns)   --->   "%P = mul i1024 %zext_ln225_79, i1024 %zext_ln225" [src/generic/fp_generic.cpp:225->src/fpx.cpp:174]   --->   Operation 37 'mul' 'P' <Predicate = true> <Delay = 3.61> <CoreInst = "Multiplier">   --->   Core 3 'Multiplier' <Latency = 1> <II = 1> <Delay = 3.61> <FuncUnit> <Opcode : 'mul'> <InPorts = 2> <OutPorts = 1>

State 4 <SV = 3> <Delay = 5.58>
ST_4 : Operation 38 [1/2] (3.61ns)   --->   "%P = mul i1024 %zext_ln225_79, i1024 %zext_ln225" [src/generic/fp_generic.cpp:225->src/fpx.cpp:174]   --->   Operation 38 'mul' 'P' <Predicate = true> <Delay = 3.61> <CoreInst = "Multiplier">   --->   Core 3 'Multiplier' <Latency = 1> <II = 1> <Delay = 3.61> <FuncUnit> <Opcode : 'mul'> <InPorts = 2> <OutPorts = 1>
ST_4 : Operation 39 [2/2] (1.96ns)   --->   "%call_ln225 = call void @fp2mul503_mont.325_Pipeline_VITIS_LOOP_228_2, i1024 %P, i64 %tt1" [src/generic/fp_generic.cpp:225->src/fpx.cpp:174]   --->   Operation 39 'call' 'call_ln225' <Predicate = true> <Delay = 1.96> <CoreType = "Generic">   --->   Generic Core
ST_4 : Operation 40 [2/2] (0.00ns)   --->   "%call_ln0 = call void @fp2mul503_mont.325_Pipeline_VITIS_LOOP_219_1230, i64 %a, i64 %b, i512 %B_85_loc, i512 %A_87_loc"   --->   Operation 40 'call' 'call_ln0' <Predicate = true> <Delay = 0.00> <CoreType = "Generic">   --->   Generic Core

State 5 <SV = 4> <Delay = 1.48>
ST_5 : Operation 41 [1/2] (1.48ns)   --->   "%call_ln225 = call void @fp2mul503_mont.325_Pipeline_VITIS_LOOP_228_2, i1024 %P, i64 %tt1" [src/generic/fp_generic.cpp:225->src/fpx.cpp:174]   --->   Operation 41 'call' 'call_ln225' <Predicate = true> <Delay = 1.48> <CoreType = "Generic">   --->   Generic Core
ST_5 : Operation 42 [1/2] (1.48ns)   --->   "%call_ln0 = call void @fp2mul503_mont.325_Pipeline_VITIS_LOOP_219_1230, i64 %a, i64 %b, i512 %B_85_loc, i512 %A_87_loc"   --->   Operation 42 'call' 'call_ln0' <Predicate = true> <Delay = 1.48> <CoreType = "Generic">   --->   Generic Core

State 6 <SV = 5> <Delay = 3.61>
ST_6 : Operation 43 [1/1] (0.00ns)   --->   "%B_85_loc_load = load i512 %B_85_loc"   --->   Operation 43 'load' 'B_85_loc_load' <Predicate = true> <Delay = 0.00>
ST_6 : Operation 44 [1/1] (0.00ns)   --->   "%A_87_loc_load = load i512 %A_87_loc"   --->   Operation 44 'load' 'A_87_loc_load' <Predicate = true> <Delay = 0.00>
ST_6 : Operation 45 [1/1] (0.00ns)   --->   "%zext_ln225_80 = zext i512 %A_87_loc_load" [src/generic/fp_generic.cpp:225->src/fpx.cpp:175]   --->   Operation 45 'zext' 'zext_ln225_80' <Predicate = true> <Delay = 0.00>
ST_6 : Operation 46 [1/1] (0.00ns)   --->   "%zext_ln225_81 = zext i512 %B_85_loc_load" [src/generic/fp_generic.cpp:225->src/fpx.cpp:175]   --->   Operation 46 'zext' 'zext_ln225_81' <Predicate = true> <Delay = 0.00>
ST_6 : Operation 47 [2/2] (3.61ns)   --->   "%P_41 = mul i1024 %zext_ln225_81, i1024 %zext_ln225_80" [src/generic/fp_generic.cpp:225->src/fpx.cpp:175]   --->   Operation 47 'mul' 'P_41' <Predicate = true> <Delay = 3.61> <CoreInst = "Multiplier">   --->   Core 3 'Multiplier' <Latency = 1> <II = 1> <Delay = 3.61> <FuncUnit> <Opcode : 'mul'> <InPorts = 2> <OutPorts = 1>

State 7 <SV = 6> <Delay = 5.58>
ST_7 : Operation 48 [1/2] (3.61ns)   --->   "%P_41 = mul i1024 %zext_ln225_81, i1024 %zext_ln225_80" [src/generic/fp_generic.cpp:225->src/fpx.cpp:175]   --->   Operation 48 'mul' 'P_41' <Predicate = true> <Delay = 3.61> <CoreInst = "Multiplier">   --->   Core 3 'Multiplier' <Latency = 1> <II = 1> <Delay = 3.61> <FuncUnit> <Opcode : 'mul'> <InPorts = 2> <OutPorts = 1>
ST_7 : Operation 49 [2/2] (1.96ns)   --->   "%call_ln225 = call void @fp2mul503_mont.325_Pipeline_VITIS_LOOP_228_2231, i1024 %P_41, i64 %tt2" [src/generic/fp_generic.cpp:225->src/fpx.cpp:175]   --->   Operation 49 'call' 'call_ln225' <Predicate = true> <Delay = 1.96> <CoreType = "Generic">   --->   Generic Core
ST_7 : Operation 50 [2/2] (0.00ns)   --->   "%call_ln0 = call void @fp2mul503_mont.325_Pipeline_VITIS_LOOP_370_1, i64 %a, i64 %t1"   --->   Operation 50 'call' 'call_ln0' <Predicate = true> <Delay = 0.00> <CoreType = "Generic">   --->   Generic Core
ST_7 : Operation 51 [2/2] (0.00ns)   --->   "%call_ln0 = call void @fp2mul503_mont.325_Pipeline_VITIS_LOOP_370_1232, i64 %b, i64 %t2"   --->   Operation 51 'call' 'call_ln0' <Predicate = true> <Delay = 0.00> <CoreType = "Generic">   --->   Generic Core

State 8 <SV = 7> <Delay = 1.48>
ST_8 : Operation 52 [1/2] (1.48ns)   --->   "%call_ln225 = call void @fp2mul503_mont.325_Pipeline_VITIS_LOOP_228_2231, i1024 %P_41, i64 %tt2" [src/generic/fp_generic.cpp:225->src/fpx.cpp:175]   --->   Operation 52 'call' 'call_ln225' <Predicate = true> <Delay = 1.48> <CoreType = "Generic">   --->   Generic Core
ST_8 : Operation 53 [1/2] (1.48ns)   --->   "%call_ln0 = call void @fp2mul503_mont.325_Pipeline_VITIS_LOOP_370_1, i64 %a, i64 %t1"   --->   Operation 53 'call' 'call_ln0' <Predicate = true> <Delay = 1.48> <CoreType = "Generic">   --->   Generic Core
ST_8 : Operation 54 [1/2] (1.48ns)   --->   "%call_ln0 = call void @fp2mul503_mont.325_Pipeline_VITIS_LOOP_370_1232, i64 %b, i64 %t2"   --->   Operation 54 'call' 'call_ln0' <Predicate = true> <Delay = 1.48> <CoreType = "Generic">   --->   Generic Core

State 9 <SV = 8> <Delay = 0.00>
ST_9 : Operation 55 [2/2] (0.00ns)   --->   "%call_ln0 = call void @fp2mul503_mont.325_Pipeline_VITIS_LOOP_152_1, i64 %tt1, i64 %tt2, i64 %tt3, i1 %borrow_loc"   --->   Operation 55 'call' 'call_ln0' <Predicate = true> <Delay = 0.00> <CoreType = "Generic">   --->   Generic Core
ST_9 : Operation 56 [2/2] (0.00ns)   --->   "%call_ln0 = call void @fp2mul503_mont.325_Pipeline_VITIS_LOOP_219_1234, i64 %t1, i64 %t2, i512 %B_87_loc, i512 %A_89_loc"   --->   Operation 56 'call' 'call_ln0' <Predicate = true> <Delay = 0.00> <CoreType = "Generic">   --->   Generic Core

State 10 <SV = 9> <Delay = 1.48>
ST_10 : Operation 57 [1/2] (1.48ns)   --->   "%call_ln0 = call void @fp2mul503_mont.325_Pipeline_VITIS_LOOP_152_1, i64 %tt1, i64 %tt2, i64 %tt3, i1 %borrow_loc"   --->   Operation 57 'call' 'call_ln0' <Predicate = true> <Delay = 1.48> <CoreType = "Generic">   --->   Generic Core
ST_10 : Operation 58 [1/2] (1.48ns)   --->   "%call_ln0 = call void @fp2mul503_mont.325_Pipeline_VITIS_LOOP_219_1234, i64 %t1, i64 %t2, i512 %B_87_loc, i512 %A_89_loc"   --->   Operation 58 'call' 'call_ln0' <Predicate = true> <Delay = 1.48> <CoreType = "Generic">   --->   Generic Core

State 11 <SV = 10> <Delay = 0.27>
ST_11 : Operation 59 [1/1] (0.00ns)   --->   "%borrow_loc_load = load i1 %borrow_loc"   --->   Operation 59 'load' 'borrow_loc_load' <Predicate = true> <Delay = 0.00>
ST_11 : Operation 60 [2/2] (0.27ns)   --->   "%call_ln0 = call void @fp2mul503_mont.325_Pipeline_VITIS_LOOP_179_1, i64 %tt3, i1 %borrow_loc_load, i64 %p503_1"   --->   Operation 60 'call' 'call_ln0' <Predicate = true> <Delay = 0.27> <CoreType = "Generic">   --->   Generic Core
ST_11 : Operation 61 [2/2] (0.00ns)   --->   "%call_ln0 = call void @fp2mul503_mont.325_Pipeline_VITIS_LOOP_370_1233, i64 %tt1, i64 %tt2"   --->   Operation 61 'call' 'call_ln0' <Predicate = true> <Delay = 0.00> <CoreType = "Generic">   --->   Generic Core

State 12 <SV = 11> <Delay = 3.61>
ST_12 : Operation 62 [1/2] (1.48ns)   --->   "%call_ln0 = call void @fp2mul503_mont.325_Pipeline_VITIS_LOOP_179_1, i64 %tt3, i1 %borrow_loc_load, i64 %p503_1"   --->   Operation 62 'call' 'call_ln0' <Predicate = true> <Delay = 1.48> <CoreType = "Generic">   --->   Generic Core
ST_12 : Operation 63 [1/2] (1.48ns)   --->   "%call_ln0 = call void @fp2mul503_mont.325_Pipeline_VITIS_LOOP_370_1233, i64 %tt1, i64 %tt2"   --->   Operation 63 'call' 'call_ln0' <Predicate = true> <Delay = 1.48> <CoreType = "Generic">   --->   Generic Core
ST_12 : Operation 64 [1/1] (0.00ns)   --->   "%B_87_loc_load = load i512 %B_87_loc"   --->   Operation 64 'load' 'B_87_loc_load' <Predicate = true> <Delay = 0.00>
ST_12 : Operation 65 [1/1] (0.00ns)   --->   "%A_89_loc_load = load i512 %A_89_loc"   --->   Operation 65 'load' 'A_89_loc_load' <Predicate = true> <Delay = 0.00>
ST_12 : Operation 66 [1/1] (0.00ns)   --->   "%zext_ln225_82 = zext i512 %A_89_loc_load" [src/generic/fp_generic.cpp:225->src/fpx.cpp:185]   --->   Operation 66 'zext' 'zext_ln225_82' <Predicate = true> <Delay = 0.00>
ST_12 : Operation 67 [1/1] (0.00ns)   --->   "%zext_ln225_83 = zext i512 %B_87_loc_load" [src/generic/fp_generic.cpp:225->src/fpx.cpp:185]   --->   Operation 67 'zext' 'zext_ln225_83' <Predicate = true> <Delay = 0.00>
ST_12 : Operation 68 [2/2] (3.61ns)   --->   "%P_42 = mul i1024 %zext_ln225_83, i1024 %zext_ln225_82" [src/generic/fp_generic.cpp:225->src/fpx.cpp:185]   --->   Operation 68 'mul' 'P_42' <Predicate = true> <Delay = 3.61> <CoreInst = "Multiplier">   --->   Core 3 'Multiplier' <Latency = 1> <II = 1> <Delay = 3.61> <FuncUnit> <Opcode : 'mul'> <InPorts = 2> <OutPorts = 1>

State 13 <SV = 12> <Delay = 5.58>
ST_13 : Operation 69 [2/2] (1.42ns)   --->   "%call_ln183 = call void @rdc_mont.3, i64 %tt3, i64 %c, i1 0, i64 %p503p1_1" [src/fpx.cpp:183]   --->   Operation 69 'call' 'call_ln183' <Predicate = true> <Delay = 1.42> <CoreType = "Generic">   --->   Generic Core
ST_13 : Operation 70 [1/2] (3.61ns)   --->   "%P_42 = mul i1024 %zext_ln225_83, i1024 %zext_ln225_82" [src/generic/fp_generic.cpp:225->src/fpx.cpp:185]   --->   Operation 70 'mul' 'P_42' <Predicate = true> <Delay = 3.61> <CoreInst = "Multiplier">   --->   Core 3 'Multiplier' <Latency = 1> <II = 1> <Delay = 3.61> <FuncUnit> <Opcode : 'mul'> <InPorts = 2> <OutPorts = 1>
ST_13 : Operation 71 [2/2] (1.96ns)   --->   "%call_ln225 = call void @fp2mul503_mont.325_Pipeline_VITIS_LOOP_228_2235, i1024 %P_42, i64 %tt2" [src/generic/fp_generic.cpp:225->src/fpx.cpp:185]   --->   Operation 71 'call' 'call_ln225' <Predicate = true> <Delay = 1.96> <CoreType = "Generic">   --->   Generic Core

State 14 <SV = 13> <Delay = 1.48>
ST_14 : Operation 72 [1/2] (0.00ns)   --->   "%call_ln183 = call void @rdc_mont.3, i64 %tt3, i64 %c, i1 0, i64 %p503p1_1" [src/fpx.cpp:183]   --->   Operation 72 'call' 'call_ln183' <Predicate = true> <Delay = 0.00> <CoreType = "Generic">   --->   Generic Core
ST_14 : Operation 73 [1/2] (1.48ns)   --->   "%call_ln225 = call void @fp2mul503_mont.325_Pipeline_VITIS_LOOP_228_2235, i1024 %P_42, i64 %tt2" [src/generic/fp_generic.cpp:225->src/fpx.cpp:185]   --->   Operation 73 'call' 'call_ln225' <Predicate = true> <Delay = 1.48> <CoreType = "Generic">   --->   Generic Core

State 15 <SV = 14> <Delay = 0.00>
ST_15 : Operation 74 [2/2] (0.00ns)   --->   "%call_ln0 = call void @fp2mul503_mont.325_Pipeline_VITIS_LOOP_152_1236, i64 %tt2, i64 %tt1"   --->   Operation 74 'call' 'call_ln0' <Predicate = true> <Delay = 0.00> <CoreType = "Generic">   --->   Generic Core

State 16 <SV = 15> <Delay = 1.48>
ST_16 : Operation 75 [1/2] (1.48ns)   --->   "%call_ln0 = call void @fp2mul503_mont.325_Pipeline_VITIS_LOOP_152_1236, i64 %tt2, i64 %tt1"   --->   Operation 75 'call' 'call_ln0' <Predicate = true> <Delay = 1.48> <CoreType = "Generic">   --->   Generic Core

State 17 <SV = 16> <Delay = 1.42>
ST_17 : Operation 76 [2/2] (1.42ns)   --->   "%call_ln187 = call void @rdc_mont.3, i64 %tt2, i64 %c, i1 1, i64 %p503p1_1" [src/fpx.cpp:187]   --->   Operation 76 'call' 'call_ln187' <Predicate = true> <Delay = 1.42> <CoreType = "Generic">   --->   Generic Core

State 18 <SV = 17> <Delay = 0.00>
ST_18 : Operation 77 [1/2] (0.00ns)   --->   "%call_ln187 = call void @rdc_mont.3, i64 %tt2, i64 %c, i1 1, i64 %p503p1_1" [src/fpx.cpp:187]   --->   Operation 77 'call' 'call_ln187' <Predicate = true> <Delay = 0.00> <CoreType = "Generic">   --->   Generic Core
ST_18 : Operation 78 [1/1] (0.00ns)   --->   "%ret_ln188 = ret" [src/fpx.cpp:188]   --->   Operation 78 'ret' 'ret_ln188' <Predicate = true> <Delay = 0.00>


============================================================
+ Verbose Summary: Binding
============================================================
STG Binding: 
---------------- STG Properties BEGIN ----------------
- Is combinational: 0
- Is one-state seq: 0
- Is datapath-only: 0
- Is pipelined: 0
- Is top level: 0
Port [ Return ] is wired: 1; IO mode=ap_ctrl_hs:ce=0
Port [ a]:  wired=1; compound=1; hidden=0; nouse=0; global=0; static=0; extern=0; dir=0; type=1; pingpong=0; private_global=0; MemPort=[11]; IO mode=ap_memory:ce=0
Port [ b]:  wired=1; compound=1; hidden=0; nouse=0; global=0; static=0; extern=0; dir=0; type=1; pingpong=0; private_global=0; MemPort=[11]; IO mode=ap_memory:ce=0
Port [ c]:  wired=1; compound=1; hidden=0; nouse=0; global=0; static=0; extern=0; dir=2; type=1; pingpong=0; private_global=0; MemPort=[23]; IO mode=ap_memory:ce=0
Port [ p503_1]:  wired=0; compound=1; hidden=1; nouse=1; global=1; static=1; extern=0; dir=0; type=1; pingpong=0; private_global=0; MemPort=[1]; IO mode=ap_memory:ce=0
Port [ p503p1_1]:  wired=0; compound=1; hidden=1; nouse=1; global=1; static=1; extern=0; dir=0; type=1; pingpong=0; private_global=0; MemPort=[1]; IO mode=ap_memory:ce=0
---------------- STG Properties END ------------------

---------------- Datapath Model BEGIN ----------------

<LifeTime>
<method=bitvector/>
A_89_loc        (alloca) [ 0011111111111000000]
B_87_loc        (alloca) [ 0011111111111000000]
borrow_loc      (alloca) [ 0011111111110000000]
A_87_loc        (alloca) [ 0011111000000000000]
B_85_loc        (alloca) [ 0011111000000000000]
A_1_loc         (alloca) [ 0111000000000000000]
B_loc           (alloca) [ 0111000000000000000]
t1              (alloca) [ 0011111111100000000]
t2              (alloca) [ 0011111111100000000]
tt1             (alloca) [ 0011111111111111100]
tt2             (alloca) [ 0011111111111111111]
tt3             (alloca) [ 0011111111111110000]
call_ln0        (call  ) [ 0000000000000000000]
B_loc_load      (load  ) [ 0000000000000000000]
A_1_loc_load    (load  ) [ 0000000000000000000]
zext_ln225      (zext  ) [ 0000100000000000000]
zext_ln225_79   (zext  ) [ 0000100000000000000]
P               (mul   ) [ 0000010000000000000]
call_ln225      (call  ) [ 0000000000000000000]
call_ln0        (call  ) [ 0000000000000000000]
B_85_loc_load   (load  ) [ 0000000000000000000]
A_87_loc_load   (load  ) [ 0000000000000000000]
zext_ln225_80   (zext  ) [ 0000000100000000000]
zext_ln225_81   (zext  ) [ 0000000100000000000]
P_41            (mul   ) [ 0000000010000000000]
call_ln225      (call  ) [ 0000000000000000000]
call_ln0        (call  ) [ 0000000000000000000]
call_ln0        (call  ) [ 0000000000000000000]
call_ln0        (call  ) [ 0000000000000000000]
call_ln0        (call  ) [ 0000000000000000000]
borrow_loc_load (load  ) [ 0000000000001000000]
call_ln0        (call  ) [ 0000000000000000000]
call_ln0        (call  ) [ 0000000000000000000]
B_87_loc_load   (load  ) [ 0000000000000000000]
A_89_loc_load   (load  ) [ 0000000000000000000]
zext_ln225_82   (zext  ) [ 0000000000000100000]
zext_ln225_83   (zext  ) [ 0000000000000100000]
P_42            (mul   ) [ 0000000000000010000]
call_ln183      (call  ) [ 0000000000000000000]
call_ln225      (call  ) [ 0000000000000000000]
call_ln0        (call  ) [ 0000000000000000000]
call_ln187      (call  ) [ 0000000000000000000]
ret_ln188       (ret   ) [ 0000000000000000000]
</LifeTime>

<model>

<comp_list>
<comp id="0" class="1000" name="a">
<pin_list>
<pin id="1" dir="1" index="0" bw="1" slack="0"/>
</pin_list>
<bind>
<StgValue><ssdm name="a"/><MemPortTyVec>1 1 </MemPortTyVec>
</StgValue>
</bind>
</comp>

<comp id="2" class="1000" name="b">
<pin_list>
<pin id="3" dir="1" index="0" bw="1" slack="0"/>
</pin_list>
<bind>
<StgValue><ssdm name="b"/><MemPortTyVec>1 1 </MemPortTyVec>
</StgValue>
</bind>
</comp>

<comp id="4" class="1000" name="c">
<pin_list>
<pin id="5" dir="1" index="0" bw="1" slack="0"/>
</pin_list>
<bind>
<StgValue><ssdm name="c"/><MemPortTyVec>2 3 </MemPortTyVec>
</StgValue>
</bind>
</comp>

<comp id="6" class="1000" name="p503_1">
<pin_list>
<pin id="7" dir="1" index="0" bw="1" slack="0"/>
</pin_list>
<bind>
<StgValue><ssdm name="p503_1"/><MemPortTyVec>1 </MemPortTyVec>
</StgValue>
</bind>
</comp>

<comp id="8" class="1000" name="p503p1_1">
<pin_list>
<pin id="9" dir="1" index="0" bw="1" slack="0"/>
</pin_list>
<bind>
<StgValue><ssdm name="p503p1_1"/><MemPortTyVec>1 </MemPortTyVec>
</StgValue>
</bind>
</comp>

<comp id="10" class="1001" name="const_10">
<pin_list>
<pin id="11" dir="1" index="0" bw="1" slack="0"/>
</pin_list>
<bind>
<StgValue><ssdm name=""/></StgValue>
</bind>
</comp>

<comp id="12" class="1001" name="const_12">
<pin_list>
<pin id="13" dir="1" index="0" bw="1" slack="0"/>
</pin_list>
<bind>
<StgValue><ssdm name="fp2mul503_mont.325_Pipeline_VITIS_LOOP_219_1"/></StgValue>
</bind>
</comp>

<comp id="14" class="1001" name="const_14">
<pin_list>
<pin id="15" dir="1" index="0" bw="1" slack="0"/>
</pin_list>
<bind>
<StgValue><ssdm name="fp2mul503_mont.325_Pipeline_VITIS_LOOP_228_2"/></StgValue>
</bind>
</comp>

<comp id="16" class="1001" name="const_16">
<pin_list>
<pin id="17" dir="1" index="0" bw="1" slack="0"/>
</pin_list>
<bind>
<StgValue><ssdm name="fp2mul503_mont.325_Pipeline_VITIS_LOOP_219_1230"/></StgValue>
</bind>
</comp>

<comp id="18" class="1001" name="const_18">
<pin_list>
<pin id="19" dir="1" index="0" bw="1" slack="0"/>
</pin_list>
<bind>
<StgValue><ssdm name="fp2mul503_mont.325_Pipeline_VITIS_LOOP_228_2231"/></StgValue>
</bind>
</comp>

<comp id="20" class="1001" name="const_20">
<pin_list>
<pin id="21" dir="1" index="0" bw="1" slack="0"/>
</pin_list>
<bind>
<StgValue><ssdm name="fp2mul503_mont.325_Pipeline_VITIS_LOOP_370_1"/></StgValue>
</bind>
</comp>

<comp id="22" class="1001" name="const_22">
<pin_list>
<pin id="23" dir="1" index="0" bw="1" slack="0"/>
</pin_list>
<bind>
<StgValue><ssdm name="fp2mul503_mont.325_Pipeline_VITIS_LOOP_370_1232"/></StgValue>
</bind>
</comp>

<comp id="24" class="1001" name="const_24">
<pin_list>
<pin id="25" dir="1" index="0" bw="1" slack="0"/>
</pin_list>
<bind>
<StgValue><ssdm name="fp2mul503_mont.325_Pipeline_VITIS_LOOP_152_1"/></StgValue>
</bind>
</comp>

<comp id="26" class="1001" name="const_26">
<pin_list>
<pin id="27" dir="1" index="0" bw="1" slack="0"/>
</pin_list>
<bind>
<StgValue><ssdm name="fp2mul503_mont.325_Pipeline_VITIS_LOOP_219_1234"/></StgValue>
</bind>
</comp>

<comp id="28" class="1001" name="const_28">
<pin_list>
<pin id="29" dir="1" index="0" bw="1" slack="0"/>
</pin_list>
<bind>
<StgValue><ssdm name="fp2mul503_mont.325_Pipeline_VITIS_LOOP_179_1"/></StgValue>
</bind>
</comp>

<comp id="30" class="1001" name="const_30">
<pin_list>
<pin id="31" dir="1" index="0" bw="1" slack="0"/>
</pin_list>
<bind>
<StgValue><ssdm name="fp2mul503_mont.325_Pipeline_VITIS_LOOP_370_1233"/></StgValue>
</bind>
</comp>

<comp id="32" class="1001" name="const_32">
<pin_list>
<pin id="33" dir="1" index="0" bw="1" slack="0"/>
</pin_list>
<bind>
<StgValue><ssdm name="rdc_mont.3"/></StgValue>
</bind>
</comp>

<comp id="34" class="1001" name="const_34">
<pin_list>
<pin id="35" dir="1" index="0" bw="1" slack="0"/>
</pin_list>
<bind>
<StgValue><ssdm name=""/></StgValue>
</bind>
</comp>

<comp id="36" class="1001" name="const_36">
<pin_list>
<pin id="37" dir="1" index="0" bw="1" slack="0"/>
</pin_list>
<bind>
<StgValue><ssdm name="fp2mul503_mont.325_Pipeline_VITIS_LOOP_228_2235"/></StgValue>
</bind>
</comp>

<comp id="38" class="1001" name="const_38">
<pin_list>
<pin id="39" dir="1" index="0" bw="1" slack="0"/>
</pin_list>
<bind>
<StgValue><ssdm name="fp2mul503_mont.325_Pipeline_VITIS_LOOP_152_1236"/></StgValue>
</bind>
</comp>

<comp id="40" class="1001" name="const_40">
<pin_list>
<pin id="41" dir="1" index="0" bw="1" slack="0"/>
</pin_list>
<bind>
<StgValue><ssdm name=""/></StgValue>
</bind>
</comp>

<comp id="42" class="1004" name="A_89_loc_fu_42">
<pin_list>
<pin id="43" dir="0" index="0" bw="1" slack="0"/>
<pin id="44" dir="1" index="1" bw="512" slack="8"/>
</pin_list>
<bind>
<opcode="alloca(26) " fcode="alloca"/>
<opset="A_89_loc/1 "/>
</bind>
</comp>

<comp id="46" class="1004" name="B_87_loc_fu_46">
<pin_list>
<pin id="47" dir="0" index="0" bw="1" slack="0"/>
<pin id="48" dir="1" index="1" bw="512" slack="8"/>
</pin_list>
<bind>
<opcode="alloca(26) " fcode="alloca"/>
<opset="B_87_loc/1 "/>
</bind>
</comp>

<comp id="50" class="1004" name="borrow_loc_fu_50">
<pin_list>
<pin id="51" dir="0" index="0" bw="1" slack="0"/>
<pin id="52" dir="1" index="1" bw="1" slack="8"/>
</pin_list>
<bind>
<opcode="alloca(26) " fcode="alloca"/>
<opset="borrow_loc/1 "/>
</bind>
</comp>

<comp id="54" class="1004" name="A_87_loc_fu_54">
<pin_list>
<pin id="55" dir="0" index="0" bw="1" slack="0"/>
<pin id="56" dir="1" index="1" bw="512" slack="3"/>
</pin_list>
<bind>
<opcode="alloca(26) " fcode="alloca"/>
<opset="A_87_loc/1 "/>
</bind>
</comp>

<comp id="58" class="1004" name="B_85_loc_fu_58">
<pin_list>
<pin id="59" dir="0" index="0" bw="1" slack="0"/>
<pin id="60" dir="1" index="1" bw="512" slack="3"/>
</pin_list>
<bind>
<opcode="alloca(26) " fcode="alloca"/>
<opset="B_85_loc/1 "/>
</bind>
</comp>

<comp id="62" class="1004" name="A_1_loc_fu_62">
<pin_list>
<pin id="63" dir="0" index="0" bw="1" slack="0"/>
<pin id="64" dir="1" index="1" bw="512" slack="0"/>
</pin_list>
<bind>
<opcode="alloca(26) " fcode="alloca"/>
<opset="A_1_loc/1 "/>
</bind>
</comp>

<comp id="66" class="1004" name="B_loc_fu_66">
<pin_list>
<pin id="67" dir="0" index="0" bw="1" slack="0"/>
<pin id="68" dir="1" index="1" bw="512" slack="0"/>
</pin_list>
<bind>
<opcode="alloca(26) " fcode="alloca"/>
<opset="B_loc/1 "/>
</bind>
</comp>

<comp id="70" class="1004" name="t1_alloca_fu_70">
<pin_list>
<pin id="71" dir="0" index="0" bw="1" slack="0"/>
<pin id="72" dir="1" index="1" bw="64" slack="2147483647"/>
</pin_list>
<bind>
<opcode="alloca(26) " fcode="alloca"/>
<opset="t1/1 "/>
</bind>
</comp>

<comp id="74" class="1004" name="t2_alloca_fu_74">
<pin_list>
<pin id="75" dir="0" index="0" bw="1" slack="0"/>
<pin id="76" dir="1" index="1" bw="64" slack="2147483647"/>
</pin_list>
<bind>
<opcode="alloca(26) " fcode="alloca"/>
<opset="t2/1 "/>
</bind>
</comp>

<comp id="78" class="1004" name="tt1_alloca_fu_78">
<pin_list>
<pin id="79" dir="0" index="0" bw="1" slack="0"/>
<pin id="80" dir="1" index="1" bw="64" slack="2147483647"/>
</pin_list>
<bind>
<opcode="alloca(26) " fcode="alloca"/>
<opset="tt1/1 "/>
</bind>
</comp>

<comp id="82" class="1004" name="tt2_alloca_fu_82">
<pin_list>
<pin id="83" dir="0" index="0" bw="1" slack="0"/>
<pin id="84" dir="1" index="1" bw="64" slack="2147483647"/>
</pin_list>
<bind>
<opcode="alloca(26) " fcode="alloca"/>
<opset="tt2/1 "/>
</bind>
</comp>

<comp id="86" class="1004" name="tt3_alloca_fu_86">
<pin_list>
<pin id="87" dir="0" index="0" bw="1" slack="0"/>
<pin id="88" dir="1" index="1" bw="64" slack="2147483647"/>
</pin_list>
<bind>
<opcode="alloca(26) " fcode="alloca"/>
<opset="tt3/1 "/>
</bind>
</comp>

<comp id="90" class="1004" name="grp_fp2mul503_mont_325_Pipeline_VITIS_LOOP_219_1_fu_90">
<pin_list>
<pin id="91" dir="0" index="0" bw="0" slack="0"/>
<pin id="92" dir="0" index="1" bw="64" slack="0"/>
<pin id="93" dir="0" index="2" bw="64" slack="0"/>
<pin id="94" dir="0" index="3" bw="512" slack="0"/>
<pin id="95" dir="0" index="4" bw="512" slack="0"/>
<pin id="96" dir="1" index="5" bw="0" slack="2147483647"/>
</pin_list>
<bind>
<opcode="call(48) " fcode="call"/>
<opset="call_ln0/1 "/>
</bind>
</comp>

<comp id="100" class="1004" name="grp_fp2mul503_mont_325_Pipeline_VITIS_LOOP_228_2_fu_100">
<pin_list>
<pin id="101" dir="0" index="0" bw="0" slack="0"/>
<pin id="102" dir="0" index="1" bw="1024" slack="0"/>
<pin id="103" dir="0" index="2" bw="64" slack="2147483647"/>
<pin id="104" dir="1" index="3" bw="0" slack="2147483647"/>
</pin_list>
<bind>
<opcode="call(48) " fcode="call"/>
<opset="call_ln225/4 "/>
</bind>
</comp>

<comp id="106" class="1004" name="grp_fp2mul503_mont_325_Pipeline_VITIS_LOOP_219_1230_fu_106">
<pin_list>
<pin id="107" dir="0" index="0" bw="0" slack="0"/>
<pin id="108" dir="0" index="1" bw="64" slack="0"/>
<pin id="109" dir="0" index="2" bw="64" slack="0"/>
<pin id="110" dir="0" index="3" bw="512" slack="3"/>
<pin id="111" dir="0" index="4" bw="512" slack="3"/>
<pin id="112" dir="1" index="5" bw="0" slack="2147483647"/>
</pin_list>
<bind>
<opcode="call(48) " fcode="call"/>
<opset="call_ln0/4 "/>
</bind>
</comp>

<comp id="116" class="1004" name="grp_fp2mul503_mont_325_Pipeline_VITIS_LOOP_228_2231_fu_116">
<pin_list>
<pin id="117" dir="0" index="0" bw="0" slack="0"/>
<pin id="118" dir="0" index="1" bw="1024" slack="0"/>
<pin id="119" dir="0" index="2" bw="64" slack="2147483647"/>
<pin id="120" dir="1" index="3" bw="0" slack="2147483647"/>
</pin_list>
<bind>
<opcode="call(48) " fcode="call"/>
<opset="call_ln225/7 "/>
</bind>
</comp>

<comp id="122" class="1004" name="grp_fp2mul503_mont_325_Pipeline_VITIS_LOOP_370_1_fu_122">
<pin_list>
<pin id="123" dir="0" index="0" bw="0" slack="0"/>
<pin id="124" dir="0" index="1" bw="64" slack="0"/>
<pin id="125" dir="0" index="2" bw="64" slack="2147483647"/>
<pin id="126" dir="1" index="3" bw="0" slack="2147483647"/>
</pin_list>
<bind>
<opcode="call(48) " fcode="call"/>
<opset="call_ln0/7 "/>
</bind>
</comp>

<comp id="129" class="1004" name="grp_fp2mul503_mont_325_Pipeline_VITIS_LOOP_370_1232_fu_129">
<pin_list>
<pin id="130" dir="0" index="0" bw="0" slack="0"/>
<pin id="131" dir="0" index="1" bw="64" slack="0"/>
<pin id="132" dir="0" index="2" bw="64" slack="2147483647"/>
<pin id="133" dir="1" index="3" bw="0" slack="2147483647"/>
</pin_list>
<bind>
<opcode="call(48) " fcode="call"/>
<opset="call_ln0/7 "/>
</bind>
</comp>

<comp id="136" class="1004" name="grp_fp2mul503_mont_325_Pipeline_VITIS_LOOP_152_1_fu_136">
<pin_list>
<pin id="137" dir="0" index="0" bw="0" slack="0"/>
<pin id="138" dir="0" index="1" bw="64" slack="2147483647"/>
<pin id="139" dir="0" index="2" bw="64" slack="2147483647"/>
<pin id="140" dir="0" index="3" bw="64" slack="2147483647"/>
<pin id="141" dir="0" index="4" bw="1" slack="8"/>
<pin id="142" dir="1" index="5" bw="0" slack="2147483647"/>
</pin_list>
<bind>
<opcode="call(48) " fcode="call"/>
<opset="call_ln0/9 "/>
</bind>
</comp>

<comp id="144" class="1004" name="grp_fp2mul503_mont_325_Pipeline_VITIS_LOOP_219_1234_fu_144">
<pin_list>
<pin id="145" dir="0" index="0" bw="0" slack="0"/>
<pin id="146" dir="0" index="1" bw="64" slack="2147483647"/>
<pin id="147" dir="0" index="2" bw="64" slack="2147483647"/>
<pin id="148" dir="0" index="3" bw="512" slack="8"/>
<pin id="149" dir="0" index="4" bw="512" slack="8"/>
<pin id="150" dir="1" index="5" bw="0" slack="2147483647"/>
</pin_list>
<bind>
<opcode="call(48) " fcode="call"/>
<opset="call_ln0/9 "/>
</bind>
</comp>

<comp id="152" class="1004" name="grp_fp2mul503_mont_325_Pipeline_VITIS_LOOP_179_1_fu_152">
<pin_list>
<pin id="153" dir="0" index="0" bw="0" slack="0"/>
<pin id="154" dir="0" index="1" bw="64" slack="2147483647"/>
<pin id="155" dir="0" index="2" bw="1" slack="0"/>
<pin id="156" dir="0" index="3" bw="64" slack="0"/>
<pin id="157" dir="1" index="4" bw="0" slack="2147483647"/>
</pin_list>
<bind>
<opcode="call(48) " fcode="call"/>
<opset="call_ln0/11 "/>
</bind>
</comp>

<comp id="160" class="1004" name="grp_fp2mul503_mont_325_Pipeline_VITIS_LOOP_370_1233_fu_160">
<pin_list>
<pin id="161" dir="0" index="0" bw="0" slack="0"/>
<pin id="162" dir="0" index="1" bw="64" slack="2147483647"/>
<pin id="163" dir="0" index="2" bw="64" slack="2147483647"/>
<pin id="164" dir="1" index="3" bw="0" slack="2147483647"/>
</pin_list>
<bind>
<opcode="call(48) " fcode="call"/>
<opset="call_ln0/11 "/>
</bind>
</comp>

<comp id="166" class="1004" name="grp_rdc_mont_3_fu_166">
<pin_list>
<pin id="167" dir="0" index="0" bw="0" slack="0"/>
<pin id="168" dir="0" index="1" bw="64" slack="2147483647"/>
<pin id="169" dir="0" index="2" bw="64" slack="0"/>
<pin id="170" dir="0" index="3" bw="1" slack="0"/>
<pin id="171" dir="0" index="4" bw="64" slack="0"/>
<pin id="172" dir="1" index="5" bw="0" slack="2147483647"/>
</pin_list>
<bind>
<opcode="call(48) " fcode="call"/>
<opset="call_ln183/13 call_ln187/17 "/>
</bind>
</comp>

<comp id="178" class="1004" name="grp_fp2mul503_mont_325_Pipeline_VITIS_LOOP_228_2235_fu_178">
<pin_list>
<pin id="179" dir="0" index="0" bw="0" slack="0"/>
<pin id="180" dir="0" index="1" bw="1024" slack="0"/>
<pin id="181" dir="0" index="2" bw="64" slack="2147483647"/>
<pin id="182" dir="1" index="3" bw="0" slack="2147483647"/>
</pin_list>
<bind>
<opcode="call(48) " fcode="call"/>
<opset="call_ln225/13 "/>
</bind>
</comp>

<comp id="184" class="1004" name="grp_fp2mul503_mont_325_Pipeline_VITIS_LOOP_152_1236_fu_184">
<pin_list>
<pin id="185" dir="0" index="0" bw="0" slack="0"/>
<pin id="186" dir="0" index="1" bw="64" slack="2147483647"/>
<pin id="187" dir="0" index="2" bw="64" slack="2147483647"/>
<pin id="188" dir="1" index="3" bw="0" slack="2147483647"/>
</pin_list>
<bind>
<opcode="call(48) " fcode="call"/>
<opset="call_ln0/15 "/>
</bind>
</comp>

<comp id="190" class="1004" name="grp_fu_190">
<pin_list>
<pin id="191" dir="0" index="0" bw="512" slack="0"/>
<pin id="192" dir="0" index="1" bw="512" slack="0"/>
<pin id="193" dir="1" index="2" bw="1024" slack="0"/>
</pin_list>
<bind>
<opcode="mul(12) " fcode="mul"/>
<opset="P/3 P_41/6 P_42/12 "/>
</bind>
</comp>

<comp id="197" class="1005" name="reg_197">
<pin_list>
<pin id="198" dir="0" index="0" bw="1024" slack="1"/>
<pin id="199" dir="1" index="1" bw="1024" slack="1"/>
</pin_list>
<bind>
<opset="P P_41 P_42 "/>
</bind>
</comp>

<comp id="204" class="1004" name="B_loc_load_load_fu_204">
<pin_list>
<pin id="205" dir="0" index="0" bw="512" slack="2"/>
<pin id="206" dir="1" index="1" bw="512" slack="0"/>
</pin_list>
<bind>
<opcode="load(27) " fcode="load"/>
<opset="B_loc_load/3 "/>
</bind>
</comp>

<comp id="207" class="1004" name="A_1_loc_load_load_fu_207">
<pin_list>
<pin id="208" dir="0" index="0" bw="512" slack="2"/>
<pin id="209" dir="1" index="1" bw="512" slack="0"/>
</pin_list>
<bind>
<opcode="load(27) " fcode="load"/>
<opset="A_1_loc_load/3 "/>
</bind>
</comp>

<comp id="210" class="1004" name="zext_ln225_fu_210">
<pin_list>
<pin id="211" dir="0" index="0" bw="512" slack="0"/>
<pin id="212" dir="1" index="1" bw="1024" slack="0"/>
</pin_list>
<bind>
<opcode="zext(34) " fcode="zext"/>
<opset="zext_ln225/3 "/>
</bind>
</comp>

<comp id="215" class="1004" name="zext_ln225_79_fu_215">
<pin_list>
<pin id="216" dir="0" index="0" bw="512" slack="0"/>
<pin id="217" dir="1" index="1" bw="1024" slack="0"/>
</pin_list>
<bind>
<opcode="zext(34) " fcode="zext"/>
<opset="zext_ln225_79/3 "/>
</bind>
</comp>

<comp id="220" class="1004" name="B_85_loc_load_load_fu_220">
<pin_list>
<pin id="221" dir="0" index="0" bw="512" slack="5"/>
<pin id="222" dir="1" index="1" bw="512" slack="0"/>
</pin_list>
<bind>
<opcode="load(27) " fcode="load"/>
<opset="B_85_loc_load/6 "/>
</bind>
</comp>

<comp id="223" class="1004" name="A_87_loc_load_load_fu_223">
<pin_list>
<pin id="224" dir="0" index="0" bw="512" slack="5"/>
<pin id="225" dir="1" index="1" bw="512" slack="0"/>
</pin_list>
<bind>
<opcode="load(27) " fcode="load"/>
<opset="A_87_loc_load/6 "/>
</bind>
</comp>

<comp id="226" class="1004" name="zext_ln225_80_fu_226">
<pin_list>
<pin id="227" dir="0" index="0" bw="512" slack="0"/>
<pin id="228" dir="1" index="1" bw="1024" slack="0"/>
</pin_list>
<bind>
<opcode="zext(34) " fcode="zext"/>
<opset="zext_ln225_80/6 "/>
</bind>
</comp>

<comp id="231" class="1004" name="zext_ln225_81_fu_231">
<pin_list>
<pin id="232" dir="0" index="0" bw="512" slack="0"/>
<pin id="233" dir="1" index="1" bw="1024" slack="0"/>
</pin_list>
<bind>
<opcode="zext(34) " fcode="zext"/>
<opset="zext_ln225_81/6 "/>
</bind>
</comp>

<comp id="236" class="1004" name="borrow_loc_load_load_fu_236">
<pin_list>
<pin id="237" dir="0" index="0" bw="1" slack="10"/>
<pin id="238" dir="1" index="1" bw="1" slack="0"/>
</pin_list>
<bind>
<opcode="load(27) " fcode="load"/>
<opset="borrow_loc_load/11 "/>
</bind>
</comp>

<comp id="240" class="1004" name="B_87_loc_load_load_fu_240">
<pin_list>
<pin id="241" dir="0" index="0" bw="512" slack="11"/>
<pin id="242" dir="1" index="1" bw="512" slack="0"/>
</pin_list>
<bind>
<opcode="load(27) " fcode="load"/>
<opset="B_87_loc_load/12 "/>
</bind>
</comp>

<comp id="243" class="1004" name="A_89_loc_load_load_fu_243">
<pin_list>
<pin id="244" dir="0" index="0" bw="512" slack="11"/>
<pin id="245" dir="1" index="1" bw="512" slack="0"/>
</pin_list>
<bind>
<opcode="load(27) " fcode="load"/>
<opset="A_89_loc_load/12 "/>
</bind>
</comp>

<comp id="246" class="1004" name="zext_ln225_82_fu_246">
<pin_list>
<pin id="247" dir="0" index="0" bw="512" slack="0"/>
<pin id="248" dir="1" index="1" bw="1024" slack="0"/>
</pin_list>
<bind>
<opcode="zext(34) " fcode="zext"/>
<opset="zext_ln225_82/12 "/>
</bind>
</comp>

<comp id="251" class="1004" name="zext_ln225_83_fu_251">
<pin_list>
<pin id="252" dir="0" index="0" bw="512" slack="0"/>
<pin id="253" dir="1" index="1" bw="1024" slack="0"/>
</pin_list>
<bind>
<opcode="zext(34) " fcode="zext"/>
<opset="zext_ln225_83/12 "/>
</bind>
</comp>

<comp id="256" class="1005" name="A_89_loc_reg_256">
<pin_list>
<pin id="257" dir="0" index="0" bw="512" slack="8"/>
<pin id="258" dir="1" index="1" bw="512" slack="8"/>
</pin_list>
<bind>
<opset="A_89_loc "/>
</bind>
</comp>

<comp id="262" class="1005" name="B_87_loc_reg_262">
<pin_list>
<pin id="263" dir="0" index="0" bw="512" slack="8"/>
<pin id="264" dir="1" index="1" bw="512" slack="8"/>
</pin_list>
<bind>
<opset="B_87_loc "/>
</bind>
</comp>

<comp id="268" class="1005" name="borrow_loc_reg_268">
<pin_list>
<pin id="269" dir="0" index="0" bw="1" slack="8"/>
<pin id="270" dir="1" index="1" bw="1" slack="8"/>
</pin_list>
<bind>
<opset="borrow_loc "/>
</bind>
</comp>

<comp id="274" class="1005" name="A_87_loc_reg_274">
<pin_list>
<pin id="275" dir="0" index="0" bw="512" slack="3"/>
<pin id="276" dir="1" index="1" bw="512" slack="3"/>
</pin_list>
<bind>
<opset="A_87_loc "/>
</bind>
</comp>

<comp id="280" class="1005" name="B_85_loc_reg_280">
<pin_list>
<pin id="281" dir="0" index="0" bw="512" slack="3"/>
<pin id="282" dir="1" index="1" bw="512" slack="3"/>
</pin_list>
<bind>
<opset="B_85_loc "/>
</bind>
</comp>

<comp id="286" class="1005" name="A_1_loc_reg_286">
<pin_list>
<pin id="287" dir="0" index="0" bw="512" slack="0"/>
<pin id="288" dir="1" index="1" bw="512" slack="0"/>
</pin_list>
<bind>
<opset="A_1_loc "/>
</bind>
</comp>

<comp id="292" class="1005" name="B_loc_reg_292">
<pin_list>
<pin id="293" dir="0" index="0" bw="512" slack="0"/>
<pin id="294" dir="1" index="1" bw="512" slack="0"/>
</pin_list>
<bind>
<opset="B_loc "/>
</bind>
</comp>

<comp id="298" class="1005" name="zext_ln225_reg_298">
<pin_list>
<pin id="299" dir="0" index="0" bw="1024" slack="1"/>
<pin id="300" dir="1" index="1" bw="1024" slack="1"/>
</pin_list>
<bind>
<opset="zext_ln225 "/>
</bind>
</comp>

<comp id="303" class="1005" name="zext_ln225_79_reg_303">
<pin_list>
<pin id="304" dir="0" index="0" bw="1024" slack="1"/>
<pin id="305" dir="1" index="1" bw="1024" slack="1"/>
</pin_list>
<bind>
<opset="zext_ln225_79 "/>
</bind>
</comp>

<comp id="308" class="1005" name="zext_ln225_80_reg_308">
<pin_list>
<pin id="309" dir="0" index="0" bw="1024" slack="1"/>
<pin id="310" dir="1" index="1" bw="1024" slack="1"/>
</pin_list>
<bind>
<opset="zext_ln225_80 "/>
</bind>
</comp>

<comp id="313" class="1005" name="zext_ln225_81_reg_313">
<pin_list>
<pin id="314" dir="0" index="0" bw="1024" slack="1"/>
<pin id="315" dir="1" index="1" bw="1024" slack="1"/>
</pin_list>
<bind>
<opset="zext_ln225_81 "/>
</bind>
</comp>

<comp id="321" class="1005" name="zext_ln225_82_reg_321">
<pin_list>
<pin id="322" dir="0" index="0" bw="1024" slack="1"/>
<pin id="323" dir="1" index="1" bw="1024" slack="1"/>
</pin_list>
<bind>
<opset="zext_ln225_82 "/>
</bind>
</comp>

<comp id="326" class="1005" name="zext_ln225_83_reg_326">
<pin_list>
<pin id="327" dir="0" index="0" bw="1024" slack="1"/>
<pin id="328" dir="1" index="1" bw="1024" slack="1"/>
</pin_list>
<bind>
<opset="zext_ln225_83 "/>
</bind>
</comp>

</comp_list>

<net_list>
<net id="45"><net_src comp="10" pin="0"/><net_sink comp="42" pin=0"/></net>

<net id="49"><net_src comp="10" pin="0"/><net_sink comp="46" pin=0"/></net>

<net id="53"><net_src comp="10" pin="0"/><net_sink comp="50" pin=0"/></net>

<net id="57"><net_src comp="10" pin="0"/><net_sink comp="54" pin=0"/></net>

<net id="61"><net_src comp="10" pin="0"/><net_sink comp="58" pin=0"/></net>

<net id="65"><net_src comp="10" pin="0"/><net_sink comp="62" pin=0"/></net>

<net id="69"><net_src comp="10" pin="0"/><net_sink comp="66" pin=0"/></net>

<net id="73"><net_src comp="10" pin="0"/><net_sink comp="70" pin=0"/></net>

<net id="77"><net_src comp="10" pin="0"/><net_sink comp="74" pin=0"/></net>

<net id="81"><net_src comp="10" pin="0"/><net_sink comp="78" pin=0"/></net>

<net id="85"><net_src comp="10" pin="0"/><net_sink comp="82" pin=0"/></net>

<net id="89"><net_src comp="10" pin="0"/><net_sink comp="86" pin=0"/></net>

<net id="97"><net_src comp="12" pin="0"/><net_sink comp="90" pin=0"/></net>

<net id="98"><net_src comp="0" pin="0"/><net_sink comp="90" pin=1"/></net>

<net id="99"><net_src comp="2" pin="0"/><net_sink comp="90" pin=2"/></net>

<net id="105"><net_src comp="14" pin="0"/><net_sink comp="100" pin=0"/></net>

<net id="113"><net_src comp="16" pin="0"/><net_sink comp="106" pin=0"/></net>

<net id="114"><net_src comp="0" pin="0"/><net_sink comp="106" pin=1"/></net>

<net id="115"><net_src comp="2" pin="0"/><net_sink comp="106" pin=2"/></net>

<net id="121"><net_src comp="18" pin="0"/><net_sink comp="116" pin=0"/></net>

<net id="127"><net_src comp="20" pin="0"/><net_sink comp="122" pin=0"/></net>

<net id="128"><net_src comp="0" pin="0"/><net_sink comp="122" pin=1"/></net>

<net id="134"><net_src comp="22" pin="0"/><net_sink comp="129" pin=0"/></net>

<net id="135"><net_src comp="2" pin="0"/><net_sink comp="129" pin=1"/></net>

<net id="143"><net_src comp="24" pin="0"/><net_sink comp="136" pin=0"/></net>

<net id="151"><net_src comp="26" pin="0"/><net_sink comp="144" pin=0"/></net>

<net id="158"><net_src comp="28" pin="0"/><net_sink comp="152" pin=0"/></net>

<net id="159"><net_src comp="6" pin="0"/><net_sink comp="152" pin=3"/></net>

<net id="165"><net_src comp="30" pin="0"/><net_sink comp="160" pin=0"/></net>

<net id="173"><net_src comp="32" pin="0"/><net_sink comp="166" pin=0"/></net>

<net id="174"><net_src comp="4" pin="0"/><net_sink comp="166" pin=2"/></net>

<net id="175"><net_src comp="34" pin="0"/><net_sink comp="166" pin=3"/></net>

<net id="176"><net_src comp="8" pin="0"/><net_sink comp="166" pin=4"/></net>

<net id="177"><net_src comp="40" pin="0"/><net_sink comp="166" pin=3"/></net>

<net id="183"><net_src comp="36" pin="0"/><net_sink comp="178" pin=0"/></net>

<net id="189"><net_src comp="38" pin="0"/><net_sink comp="184" pin=0"/></net>

<net id="194"><net_src comp="190" pin="2"/><net_sink comp="100" pin=1"/></net>

<net id="195"><net_src comp="190" pin="2"/><net_sink comp="116" pin=1"/></net>

<net id="196"><net_src comp="190" pin="2"/><net_sink comp="178" pin=1"/></net>

<net id="200"><net_src comp="190" pin="2"/><net_sink comp="197" pin=0"/></net>

<net id="201"><net_src comp="197" pin="1"/><net_sink comp="100" pin=1"/></net>

<net id="202"><net_src comp="197" pin="1"/><net_sink comp="116" pin=1"/></net>

<net id="203"><net_src comp="197" pin="1"/><net_sink comp="178" pin=1"/></net>

<net id="213"><net_src comp="207" pin="1"/><net_sink comp="210" pin=0"/></net>

<net id="214"><net_src comp="210" pin="1"/><net_sink comp="190" pin=1"/></net>

<net id="218"><net_src comp="204" pin="1"/><net_sink comp="215" pin=0"/></net>

<net id="219"><net_src comp="215" pin="1"/><net_sink comp="190" pin=0"/></net>

<net id="229"><net_src comp="223" pin="1"/><net_sink comp="226" pin=0"/></net>

<net id="230"><net_src comp="226" pin="1"/><net_sink comp="190" pin=1"/></net>

<net id="234"><net_src comp="220" pin="1"/><net_sink comp="231" pin=0"/></net>

<net id="235"><net_src comp="231" pin="1"/><net_sink comp="190" pin=0"/></net>

<net id="239"><net_src comp="236" pin="1"/><net_sink comp="152" pin=2"/></net>

<net id="249"><net_src comp="243" pin="1"/><net_sink comp="246" pin=0"/></net>

<net id="250"><net_src comp="246" pin="1"/><net_sink comp="190" pin=1"/></net>

<net id="254"><net_src comp="240" pin="1"/><net_sink comp="251" pin=0"/></net>

<net id="255"><net_src comp="251" pin="1"/><net_sink comp="190" pin=0"/></net>

<net id="259"><net_src comp="42" pin="1"/><net_sink comp="256" pin=0"/></net>

<net id="260"><net_src comp="256" pin="1"/><net_sink comp="144" pin=4"/></net>

<net id="261"><net_src comp="256" pin="1"/><net_sink comp="243" pin=0"/></net>

<net id="265"><net_src comp="46" pin="1"/><net_sink comp="262" pin=0"/></net>

<net id="266"><net_src comp="262" pin="1"/><net_sink comp="144" pin=3"/></net>

<net id="267"><net_src comp="262" pin="1"/><net_sink comp="240" pin=0"/></net>

<net id="271"><net_src comp="50" pin="1"/><net_sink comp="268" pin=0"/></net>

<net id="272"><net_src comp="268" pin="1"/><net_sink comp="136" pin=4"/></net>

<net id="273"><net_src comp="268" pin="1"/><net_sink comp="236" pin=0"/></net>

<net id="277"><net_src comp="54" pin="1"/><net_sink comp="274" pin=0"/></net>

<net id="278"><net_src comp="274" pin="1"/><net_sink comp="106" pin=4"/></net>

<net id="279"><net_src comp="274" pin="1"/><net_sink comp="223" pin=0"/></net>

<net id="283"><net_src comp="58" pin="1"/><net_sink comp="280" pin=0"/></net>

<net id="284"><net_src comp="280" pin="1"/><net_sink comp="106" pin=3"/></net>

<net id="285"><net_src comp="280" pin="1"/><net_sink comp="220" pin=0"/></net>

<net id="289"><net_src comp="62" pin="1"/><net_sink comp="286" pin=0"/></net>

<net id="290"><net_src comp="286" pin="1"/><net_sink comp="90" pin=4"/></net>

<net id="291"><net_src comp="286" pin="1"/><net_sink comp="207" pin=0"/></net>

<net id="295"><net_src comp="66" pin="1"/><net_sink comp="292" pin=0"/></net>

<net id="296"><net_src comp="292" pin="1"/><net_sink comp="90" pin=3"/></net>

<net id="297"><net_src comp="292" pin="1"/><net_sink comp="204" pin=0"/></net>

<net id="301"><net_src comp="210" pin="1"/><net_sink comp="298" pin=0"/></net>

<net id="302"><net_src comp="298" pin="1"/><net_sink comp="190" pin=1"/></net>

<net id="306"><net_src comp="215" pin="1"/><net_sink comp="303" pin=0"/></net>

<net id="307"><net_src comp="303" pin="1"/><net_sink comp="190" pin=0"/></net>

<net id="311"><net_src comp="226" pin="1"/><net_sink comp="308" pin=0"/></net>

<net id="312"><net_src comp="308" pin="1"/><net_sink comp="190" pin=1"/></net>

<net id="316"><net_src comp="231" pin="1"/><net_sink comp="313" pin=0"/></net>

<net id="317"><net_src comp="313" pin="1"/><net_sink comp="190" pin=0"/></net>

<net id="324"><net_src comp="246" pin="1"/><net_sink comp="321" pin=0"/></net>

<net id="325"><net_src comp="321" pin="1"/><net_sink comp="190" pin=1"/></net>

<net id="329"><net_src comp="251" pin="1"/><net_sink comp="326" pin=0"/></net>

<net id="330"><net_src comp="326" pin="1"/><net_sink comp="190" pin=0"/></net>

</net_list>

</model> 
---------------- Datapath Model END ------------------

* FSMD analyzer results:
  - Output states:
	Port: c | {13 14 17 18 }
 - Input state : 
	Port: fp2mul503_mont.325 : a | {1 2 4 5 7 8 }
	Port: fp2mul503_mont.325 : b | {1 2 4 5 7 8 }
	Port: fp2mul503_mont.325 : c | {13 14 17 18 }
	Port: fp2mul503_mont.325 : p503_1 | {11 12 }
	Port: fp2mul503_mont.325 : p503p1_1 | {13 14 17 18 }
  - Chain level:
	State 1
		call_ln0 : 1
	State 2
	State 3
		zext_ln225 : 1
		zext_ln225_79 : 1
		P : 2
	State 4
		call_ln225 : 1
	State 5
	State 6
		zext_ln225_80 : 1
		zext_ln225_81 : 1
		P_41 : 2
	State 7
		call_ln225 : 1
	State 8
	State 9
	State 10
	State 11
		call_ln0 : 1
	State 12
		zext_ln225_82 : 1
		zext_ln225_83 : 1
		P_42 : 2
	State 13
		call_ln225 : 1
	State 14
	State 15
	State 16
	State 17
	State 18


============================================================
+ Verbose Summary: Datapath Resource usage 
============================================================

* Functional unit list:
|----------|------------------------------------------------------------|---------|---------|---------|---------|
| Operation|                       Functional Unit                      |   DSP   |  Delay  |    FF   |   LUT   |
|----------|------------------------------------------------------------|---------|---------|---------|---------|
|          |   grp_fp2mul503_mont_325_Pipeline_VITIS_LOOP_219_1_fu_90   |    0    |  0.774  |   1039  |   1428  |
|          |   grp_fp2mul503_mont_325_Pipeline_VITIS_LOOP_228_2_fu_100  |    0    |    0    |    5    |   297   |
|          | grp_fp2mul503_mont_325_Pipeline_VITIS_LOOP_219_1230_fu_106 |    0    |  0.774  |   1039  |   1428  |
|          | grp_fp2mul503_mont_325_Pipeline_VITIS_LOOP_228_2231_fu_116 |    0    |    0    |    5    |   297   |
|          |   grp_fp2mul503_mont_325_Pipeline_VITIS_LOOP_370_1_fu_122  |    0    |  0.774  |    79   |   570   |
|          | grp_fp2mul503_mont_325_Pipeline_VITIS_LOOP_370_1232_fu_129 |    0    |  0.774  |    79   |   570   |
|   call   |   grp_fp2mul503_mont_325_Pipeline_VITIS_LOOP_152_1_fu_136  |    0    |  0.774  |    80   |   581   |
|          | grp_fp2mul503_mont_325_Pipeline_VITIS_LOOP_219_1234_fu_144 |    0    |  0.774  |   1037  |   1428  |
|          |   grp_fp2mul503_mont_325_Pipeline_VITIS_LOOP_179_1_fu_152  |    0    |  0.774  |    78   |   636   |
|          | grp_fp2mul503_mont_325_Pipeline_VITIS_LOOP_370_1233_fu_160 |    0    |  0.774  |    16   |   570   |
|          |                    grp_rdc_mont_3_fu_166                   |    32   | 6.00214 |   1495  |   3898  |
|          | grp_fp2mul503_mont_325_Pipeline_VITIS_LOOP_228_2235_fu_178 |    0    |    0    |    5    |   297   |
|          | grp_fp2mul503_mont_325_Pipeline_VITIS_LOOP_152_1236_fu_184 |    0    |  0.774  |    16   |   581   |
|----------|------------------------------------------------------------|---------|---------|---------|---------|
|    mul   |                         grp_fu_190                         |   900   |    0    |   361   |   178   |
|----------|------------------------------------------------------------|---------|---------|---------|---------|
|          |                      zext_ln225_fu_210                     |    0    |    0    |    0    |    0    |
|          |                    zext_ln225_79_fu_215                    |    0    |    0    |    0    |    0    |
|   zext   |                    zext_ln225_80_fu_226                    |    0    |    0    |    0    |    0    |
|          |                    zext_ln225_81_fu_231                    |    0    |    0    |    0    |    0    |
|          |                    zext_ln225_82_fu_246                    |    0    |    0    |    0    |    0    |
|          |                    zext_ln225_83_fu_251                    |    0    |    0    |    0    |    0    |
|----------|------------------------------------------------------------|---------|---------|---------|---------|
|   Total  |                                                            |   932   | 12.9681 |   5334  |  12759  |
|----------|------------------------------------------------------------|---------|---------|---------|---------|

Memories:
+----+--------+--------+--------+--------+
|    |  BRAM  |   FF   |   LUT  |  URAM  |
+----+--------+--------+--------+--------+
| t1 |    0   |   64   |   65   |    0   |
| t2 |    0   |   64   |   65   |    0   |
| tt1|    0   |   64   |   65   |    0   |
| tt2|    0   |   64   |   65   |    0   |
| tt3|    0   |   64   |   65   |    0   |
+----+--------+--------+--------+--------+
|Total|    0   |   320  |   325  |    0   |
+----+--------+--------+--------+--------+

* Register list:
+---------------------+--------+
|                     |   FF   |
+---------------------+--------+
|   A_1_loc_reg_286   |   512  |
|   A_87_loc_reg_274  |   512  |
|   A_89_loc_reg_256  |   512  |
|   B_85_loc_reg_280  |   512  |
|   B_87_loc_reg_262  |   512  |
|    B_loc_reg_292    |   512  |
|  borrow_loc_reg_268 |    1   |
|       reg_197       |  1024  |
|zext_ln225_79_reg_303|  1024  |
|zext_ln225_80_reg_308|  1024  |
|zext_ln225_81_reg_313|  1024  |
|zext_ln225_82_reg_321|  1024  |
|zext_ln225_83_reg_326|  1024  |
|  zext_ln225_reg_298 |  1024  |
+---------------------+--------+
|        Total        |  10241 |
+---------------------+--------+

* Multiplexer (MUX) list: 
|------------------------------------------------------------|------|------|------|--------||---------||---------||---------|
|                            Comp                            |  Pin | Size |  BW  | S x BW ||  Delay  ||    FF   ||   LUT   |
|------------------------------------------------------------|------|------|------|--------||---------||---------||---------|
|   grp_fp2mul503_mont_325_Pipeline_VITIS_LOOP_228_2_fu_100  |  p1  |   2  | 1024 |  2048  ||    0    ||    9    |
| grp_fp2mul503_mont_325_Pipeline_VITIS_LOOP_228_2231_fu_116 |  p1  |   2  | 1024 |  2048  ||    0    ||    9    |
|                    grp_rdc_mont_3_fu_166                   |  p3  |   2  |   1  |    2   |
| grp_fp2mul503_mont_325_Pipeline_VITIS_LOOP_228_2235_fu_178 |  p1  |   2  | 1024 |  2048  ||    0    ||    9    |
|                         grp_fu_190                         |  p0  |   6  |  512 |  3072  ||    0    ||    31   |
|                         grp_fu_190                         |  p1  |   6  |  512 |  3072  ||    0    ||    31   |
|------------------------------------------------------------|------|------|------|--------||---------||---------||---------|
|                            Total                           |      |      |      |  12290 || 2.58486 ||    0    ||    89   |
|------------------------------------------------------------|------|------|------|--------||---------||---------||---------|



* Summary:
+-----------+--------+--------+--------+--------+--------+--------+
|           |  BRAM  |   DSP  |  Delay |   FF   |   LUT  |  URAM  |
+-----------+--------+--------+--------+--------+--------+--------+
|  Function |    -   |   932  |   12   |  5334  |  12759 |    -   |
|   Memory  |    0   |    -   |    -   |   320  |   325  |    0   |
|Multiplexer|    -   |    -   |    2   |    0   |   89   |    -   |
|  Register |    -   |    -   |    -   |  10241 |    -   |    -   |
+-----------+--------+--------+--------+--------+--------+--------+
|   Total   |    0   |   932  |   15   |  15895 |  13173 |    0   |
+-----------+--------+--------+--------+--------+--------+--------+
