

================================================================
== Vitis HLS Report for 'fp2mul503_mont_325_1'
================================================================
* Date:           Wed Jul 30 17:33:45 2025

* Version:        2024.2.2 (Build 6049644 on Mar  5 2025)
* Project:        sikep503_hls
* Solution:       solution1 (Vivado IP Flow Target)
* Product family: virtexuplus58g
* Target device:  xcvu29p-fsga2577-2L-e


================================================================
== Performance Estimates
================================================================
+ Timing: 
    * Summary: 
    +--------+----------+----------+------------+
    |  Clock |  Target  | Estimated| Uncertainty|
    +--------+----------+----------+------------+
    |ap_clk  |  10.00 ns|  5.675 ns|     2.70 ns|
    +--------+----------+----------+------------+

+ Latency: 
    * Summary: 
    +---------+---------+----------+----------+-----+-----+---------+
    |  Latency (cycles) |  Latency (absolute) |  Interval | Pipeline|
    |   min   |   max   |    min   |    max   | min | max |   Type  |
    +---------+---------+----------+----------+-----+-----+---------+
    |      323|      535|  3.230 us|  5.350 us|  323|  535|       no|
    +---------+---------+----------+----------+-----+-----+---------+

    + Detail: 
        * Instance: 
        N/A

        * Loop: 
        N/A

============================================================
+ Verbose Summary: Synthesis Manager
============================================================
InlineROM: 1
ExposeGlobal: 0
============================================================
+ Verbose Summary: CDFG Model
============================================================
IsTopModel: 0
ResetActiveHigh: 1
IsCombinational: 0
IsDatapathOnly: 0
HasWiredReturn: 1
HasMFsm: 0
HasVarLatency: 1
IsPipeline: 0
IsRtlPipelined: 0
IsInstanceOverlapped: 0
IsDontTouch: 0
HasImplIP: 0
IsGatedGlobalClock: 0


============================================================
+ Verbose Summary: Schedule
============================================================
* Number of FSM states : 18
* Pipeline : 0
* Dataflow Pipeline: 0

* FSM state transitions: 
1 --> 2 
2 --> 3 
3 --> 4 
4 --> 5 
5 --> 6 
6 --> 7 
7 --> 8 
8 --> 9 
9 --> 10 
10 --> 11 
11 --> 12 
12 --> 13 
13 --> 14 
14 --> 15 
15 --> 16 
16 --> 17 
17 --> 18 
18 --> 

* FSM state operations: 

State 1 <SV = 0> <Delay = 1.20>
ST_1 : Operation 19 [1/1] (0.00ns)   --->   "%c_offset_read = read i32 @_ssdm_op_Read.ap_auto.i32, i32 %c_offset"   --->   Operation 19 'read' 'c_offset_read' <Predicate = true> <Delay = 0.00>
ST_1 : Operation 20 [1/1] (0.00ns)   --->   "%empty = trunc i32 %c_offset_read"   --->   Operation 20 'trunc' 'empty' <Predicate = true> <Delay = 0.00>
ST_1 : Operation 21 [1/1] (0.00ns)   --->   "%A_86_loc = alloca i64 1"   --->   Operation 21 'alloca' 'A_86_loc' <Predicate = true> <Delay = 0.00>
ST_1 : Operation 22 [1/1] (0.00ns)   --->   "%B_84_loc = alloca i64 1"   --->   Operation 22 'alloca' 'B_84_loc' <Predicate = true> <Delay = 0.00>
ST_1 : Operation 23 [1/1] (0.00ns)   --->   "%borrow_loc = alloca i64 1"   --->   Operation 23 'alloca' 'borrow_loc' <Predicate = true> <Delay = 0.00>
ST_1 : Operation 24 [1/1] (0.00ns)   --->   "%A_84_loc = alloca i64 1"   --->   Operation 24 'alloca' 'A_84_loc' <Predicate = true> <Delay = 0.00>
ST_1 : Operation 25 [1/1] (0.00ns)   --->   "%B_82_loc = alloca i64 1"   --->   Operation 25 'alloca' 'B_82_loc' <Predicate = true> <Delay = 0.00>
ST_1 : Operation 26 [1/1] (0.00ns)   --->   "%A_1_loc = alloca i64 1"   --->   Operation 26 'alloca' 'A_1_loc' <Predicate = true> <Delay = 0.00>
ST_1 : Operation 27 [1/1] (0.00ns)   --->   "%B_loc = alloca i64 1"   --->   Operation 27 'alloca' 'B_loc' <Predicate = true> <Delay = 0.00>
ST_1 : Operation 28 [1/1] (0.00ns)   --->   "%t1 = alloca i64 1" [src/fpx.cpp:169]   --->   Operation 28 'alloca' 't1' <Predicate = true> <Delay = 0.00>
ST_1 : Operation 29 [1/1] (0.00ns)   --->   "%t2 = alloca i64 1" [src/fpx.cpp:169]   --->   Operation 29 'alloca' 't2' <Predicate = true> <Delay = 0.00>
ST_1 : Operation 30 [1/1] (0.00ns)   --->   "%tt1 = alloca i64 1" [src/fpx.cpp:170]   --->   Operation 30 'alloca' 'tt1' <Predicate = true> <Delay = 0.00>
ST_1 : Operation 31 [1/1] (0.00ns)   --->   "%tt2 = alloca i64 1" [src/fpx.cpp:170]   --->   Operation 31 'alloca' 'tt2' <Predicate = true> <Delay = 0.00>
ST_1 : Operation 32 [1/1] (0.00ns)   --->   "%tt3 = alloca i64 1" [src/fpx.cpp:170]   --->   Operation 32 'alloca' 'tt3' <Predicate = true> <Delay = 0.00>
ST_1 : Operation 33 [2/2] (1.20ns)   --->   "%call_ln0 = call void @fp2mul503_mont.325.1_Pipeline_VITIS_LOOP_219_1, i3 %empty, i64 %c, i64 %b, i512 %B_loc, i512 %A_1_loc"   --->   Operation 33 'call' 'call_ln0' <Predicate = true> <Delay = 1.20> <CoreType = "Generic">   --->   Generic Core

State 2 <SV = 1> <Delay = 1.48>
ST_2 : Operation 34 [1/2] (1.48ns)   --->   "%call_ln0 = call void @fp2mul503_mont.325.1_Pipeline_VITIS_LOOP_219_1, i3 %empty, i64 %c, i64 %b, i512 %B_loc, i512 %A_1_loc"   --->   Operation 34 'call' 'call_ln0' <Predicate = true> <Delay = 1.48> <CoreType = "Generic">   --->   Generic Core

State 3 <SV = 2> <Delay = 3.61>
ST_3 : Operation 35 [1/1] (0.00ns)   --->   "%B_loc_load = load i512 %B_loc"   --->   Operation 35 'load' 'B_loc_load' <Predicate = true> <Delay = 0.00>
ST_3 : Operation 36 [1/1] (0.00ns)   --->   "%A_1_loc_load = load i512 %A_1_loc"   --->   Operation 36 'load' 'A_1_loc_load' <Predicate = true> <Delay = 0.00>
ST_3 : Operation 37 [1/1] (0.00ns)   --->   "%zext_ln225 = zext i512 %A_1_loc_load" [src/generic/fp_generic.cpp:225->src/fpx.cpp:174]   --->   Operation 37 'zext' 'zext_ln225' <Predicate = true> <Delay = 0.00>
ST_3 : Operation 38 [1/1] (0.00ns)   --->   "%zext_ln225_74 = zext i512 %B_loc_load" [src/generic/fp_generic.cpp:225->src/fpx.cpp:174]   --->   Operation 38 'zext' 'zext_ln225_74' <Predicate = true> <Delay = 0.00>
ST_3 : Operation 39 [2/2] (3.61ns)   --->   "%P = mul i1024 %zext_ln225_74, i1024 %zext_ln225" [src/generic/fp_generic.cpp:225->src/fpx.cpp:174]   --->   Operation 39 'mul' 'P' <Predicate = true> <Delay = 3.61> <CoreInst = "Multiplier">   --->   Core 3 'Multiplier' <Latency = 1> <II = 1> <Delay = 3.61> <FuncUnit> <Opcode : 'mul'> <InPorts = 2> <OutPorts = 1>

State 4 <SV = 3> <Delay = 5.58>
ST_4 : Operation 40 [1/1] (0.00ns)   --->   "%tmp_s = bitconcatenate i7 @_ssdm_op_BitConcatenate.i7.i3.i4, i3 %empty, i4 8" [src/generic/fp_generic.cpp:220->src/fpx.cpp:175]   --->   Operation 40 'bitconcatenate' 'tmp_s' <Predicate = true> <Delay = 0.00>
ST_4 : Operation 41 [1/2] (3.61ns)   --->   "%P = mul i1024 %zext_ln225_74, i1024 %zext_ln225" [src/generic/fp_generic.cpp:225->src/fpx.cpp:174]   --->   Operation 41 'mul' 'P' <Predicate = true> <Delay = 3.61> <CoreInst = "Multiplier">   --->   Core 3 'Multiplier' <Latency = 1> <II = 1> <Delay = 3.61> <FuncUnit> <Opcode : 'mul'> <InPorts = 2> <OutPorts = 1>
ST_4 : Operation 42 [2/2] (1.96ns)   --->   "%call_ln225 = call void @fp2mul503_mont.325.1_Pipeline_VITIS_LOOP_228_2, i1024 %P, i64 %tt1" [src/generic/fp_generic.cpp:225->src/fpx.cpp:174]   --->   Operation 42 'call' 'call_ln225' <Predicate = true> <Delay = 1.96> <CoreType = "Generic">   --->   Generic Core
ST_4 : Operation 43 [2/2] (1.90ns)   --->   "%call_ln220 = call void @fp2mul503_mont.325.1_Pipeline_VITIS_LOOP_219_1223, i7 %tmp_s, i64 %c, i64 %b, i512 %B_82_loc, i512 %A_84_loc" [src/generic/fp_generic.cpp:220->src/fpx.cpp:175]   --->   Operation 43 'call' 'call_ln220' <Predicate = true> <Delay = 1.90> <CoreType = "Generic">   --->   Generic Core

State 5 <SV = 4> <Delay = 1.48>
ST_5 : Operation 44 [1/2] (1.48ns)   --->   "%call_ln225 = call void @fp2mul503_mont.325.1_Pipeline_VITIS_LOOP_228_2, i1024 %P, i64 %tt1" [src/generic/fp_generic.cpp:225->src/fpx.cpp:174]   --->   Operation 44 'call' 'call_ln225' <Predicate = true> <Delay = 1.48> <CoreType = "Generic">   --->   Generic Core
ST_5 : Operation 45 [1/2] (1.48ns)   --->   "%call_ln220 = call void @fp2mul503_mont.325.1_Pipeline_VITIS_LOOP_219_1223, i7 %tmp_s, i64 %c, i64 %b, i512 %B_82_loc, i512 %A_84_loc" [src/generic/fp_generic.cpp:220->src/fpx.cpp:175]   --->   Operation 45 'call' 'call_ln220' <Predicate = true> <Delay = 1.48> <CoreType = "Generic">   --->   Generic Core

State 6 <SV = 5> <Delay = 3.61>
ST_6 : Operation 46 [1/1] (0.00ns)   --->   "%B_82_loc_load = load i512 %B_82_loc"   --->   Operation 46 'load' 'B_82_loc_load' <Predicate = true> <Delay = 0.00>
ST_6 : Operation 47 [1/1] (0.00ns)   --->   "%A_84_loc_load = load i512 %A_84_loc"   --->   Operation 47 'load' 'A_84_loc_load' <Predicate = true> <Delay = 0.00>
ST_6 : Operation 48 [1/1] (0.00ns)   --->   "%zext_ln225_75 = zext i512 %A_84_loc_load" [src/generic/fp_generic.cpp:225->src/fpx.cpp:175]   --->   Operation 48 'zext' 'zext_ln225_75' <Predicate = true> <Delay = 0.00>
ST_6 : Operation 49 [1/1] (0.00ns)   --->   "%zext_ln225_76 = zext i512 %B_82_loc_load" [src/generic/fp_generic.cpp:225->src/fpx.cpp:175]   --->   Operation 49 'zext' 'zext_ln225_76' <Predicate = true> <Delay = 0.00>
ST_6 : Operation 50 [2/2] (3.61ns)   --->   "%P_39 = mul i1024 %zext_ln225_76, i1024 %zext_ln225_75" [src/generic/fp_generic.cpp:225->src/fpx.cpp:175]   --->   Operation 50 'mul' 'P_39' <Predicate = true> <Delay = 3.61> <CoreInst = "Multiplier">   --->   Core 3 'Multiplier' <Latency = 1> <II = 1> <Delay = 3.61> <FuncUnit> <Opcode : 'mul'> <InPorts = 2> <OutPorts = 1>

State 7 <SV = 6> <Delay = 5.58>
ST_7 : Operation 51 [1/2] (3.61ns)   --->   "%P_39 = mul i1024 %zext_ln225_76, i1024 %zext_ln225_75" [src/generic/fp_generic.cpp:225->src/fpx.cpp:175]   --->   Operation 51 'mul' 'P_39' <Predicate = true> <Delay = 3.61> <CoreInst = "Multiplier">   --->   Core 3 'Multiplier' <Latency = 1> <II = 1> <Delay = 3.61> <FuncUnit> <Opcode : 'mul'> <InPorts = 2> <OutPorts = 1>
ST_7 : Operation 52 [2/2] (1.96ns)   --->   "%call_ln225 = call void @fp2mul503_mont.325.1_Pipeline_VITIS_LOOP_228_2224, i1024 %P_39, i64 %tt2" [src/generic/fp_generic.cpp:225->src/fpx.cpp:175]   --->   Operation 52 'call' 'call_ln225' <Predicate = true> <Delay = 1.96> <CoreType = "Generic">   --->   Generic Core
ST_7 : Operation 53 [2/2] (1.90ns)   --->   "%call_ln220 = call void @fp2mul503_mont.325.1_Pipeline_VITIS_LOOP_370_1, i3 %empty, i64 %c, i7 %tmp_s, i64 %t1" [src/generic/fp_generic.cpp:220->src/fpx.cpp:175]   --->   Operation 53 'call' 'call_ln220' <Predicate = true> <Delay = 1.90> <CoreType = "Generic">   --->   Generic Core
ST_7 : Operation 54 [2/2] (0.00ns)   --->   "%call_ln0 = call void @fp2mul503_mont.325.1_Pipeline_VITIS_LOOP_370_1225, i64 %b, i64 %t2"   --->   Operation 54 'call' 'call_ln0' <Predicate = true> <Delay = 0.00> <CoreType = "Generic">   --->   Generic Core

State 8 <SV = 7> <Delay = 1.48>
ST_8 : Operation 55 [1/2] (1.48ns)   --->   "%call_ln225 = call void @fp2mul503_mont.325.1_Pipeline_VITIS_LOOP_228_2224, i1024 %P_39, i64 %tt2" [src/generic/fp_generic.cpp:225->src/fpx.cpp:175]   --->   Operation 55 'call' 'call_ln225' <Predicate = true> <Delay = 1.48> <CoreType = "Generic">   --->   Generic Core
ST_8 : Operation 56 [1/2] (1.48ns)   --->   "%call_ln220 = call void @fp2mul503_mont.325.1_Pipeline_VITIS_LOOP_370_1, i3 %empty, i64 %c, i7 %tmp_s, i64 %t1" [src/generic/fp_generic.cpp:220->src/fpx.cpp:175]   --->   Operation 56 'call' 'call_ln220' <Predicate = true> <Delay = 1.48> <CoreType = "Generic">   --->   Generic Core
ST_8 : Operation 57 [1/2] (1.48ns)   --->   "%call_ln0 = call void @fp2mul503_mont.325.1_Pipeline_VITIS_LOOP_370_1225, i64 %b, i64 %t2"   --->   Operation 57 'call' 'call_ln0' <Predicate = true> <Delay = 1.48> <CoreType = "Generic">   --->   Generic Core

State 9 <SV = 8> <Delay = 0.00>
ST_9 : Operation 58 [2/2] (0.00ns)   --->   "%call_ln0 = call void @fp2mul503_mont.325.1_Pipeline_VITIS_LOOP_152_1, i64 %tt1, i64 %tt2, i64 %tt3, i1 %borrow_loc"   --->   Operation 58 'call' 'call_ln0' <Predicate = true> <Delay = 0.00> <CoreType = "Generic">   --->   Generic Core
ST_9 : Operation 59 [2/2] (0.00ns)   --->   "%call_ln0 = call void @fp2mul503_mont.325.1_Pipeline_VITIS_LOOP_219_1227, i64 %t1, i64 %t2, i512 %B_84_loc, i512 %A_86_loc"   --->   Operation 59 'call' 'call_ln0' <Predicate = true> <Delay = 0.00> <CoreType = "Generic">   --->   Generic Core

State 10 <SV = 9> <Delay = 1.48>
ST_10 : Operation 60 [1/2] (1.48ns)   --->   "%call_ln0 = call void @fp2mul503_mont.325.1_Pipeline_VITIS_LOOP_152_1, i64 %tt1, i64 %tt2, i64 %tt3, i1 %borrow_loc"   --->   Operation 60 'call' 'call_ln0' <Predicate = true> <Delay = 1.48> <CoreType = "Generic">   --->   Generic Core
ST_10 : Operation 61 [1/2] (1.48ns)   --->   "%call_ln0 = call void @fp2mul503_mont.325.1_Pipeline_VITIS_LOOP_219_1227, i64 %t1, i64 %t2, i512 %B_84_loc, i512 %A_86_loc"   --->   Operation 61 'call' 'call_ln0' <Predicate = true> <Delay = 1.48> <CoreType = "Generic">   --->   Generic Core

State 11 <SV = 10> <Delay = 0.27>
ST_11 : Operation 62 [1/1] (0.00ns)   --->   "%borrow_loc_load = load i1 %borrow_loc"   --->   Operation 62 'load' 'borrow_loc_load' <Predicate = true> <Delay = 0.00>
ST_11 : Operation 63 [2/2] (0.27ns)   --->   "%call_ln0 = call void @fp2mul503_mont.325.1_Pipeline_VITIS_LOOP_179_1, i64 %tt3, i1 %borrow_loc_load, i64 %p503_1"   --->   Operation 63 'call' 'call_ln0' <Predicate = true> <Delay = 0.27> <CoreType = "Generic">   --->   Generic Core
ST_11 : Operation 64 [2/2] (0.00ns)   --->   "%call_ln0 = call void @fp2mul503_mont.325.1_Pipeline_VITIS_LOOP_370_1226, i64 %tt1, i64 %tt2"   --->   Operation 64 'call' 'call_ln0' <Predicate = true> <Delay = 0.00> <CoreType = "Generic">   --->   Generic Core

State 12 <SV = 11> <Delay = 3.61>
ST_12 : Operation 65 [1/2] (1.48ns)   --->   "%call_ln0 = call void @fp2mul503_mont.325.1_Pipeline_VITIS_LOOP_179_1, i64 %tt3, i1 %borrow_loc_load, i64 %p503_1"   --->   Operation 65 'call' 'call_ln0' <Predicate = true> <Delay = 1.48> <CoreType = "Generic">   --->   Generic Core
ST_12 : Operation 66 [1/2] (1.48ns)   --->   "%call_ln0 = call void @fp2mul503_mont.325.1_Pipeline_VITIS_LOOP_370_1226, i64 %tt1, i64 %tt2"   --->   Operation 66 'call' 'call_ln0' <Predicate = true> <Delay = 1.48> <CoreType = "Generic">   --->   Generic Core
ST_12 : Operation 67 [1/1] (0.00ns)   --->   "%B_84_loc_load = load i512 %B_84_loc"   --->   Operation 67 'load' 'B_84_loc_load' <Predicate = true> <Delay = 0.00>
ST_12 : Operation 68 [1/1] (0.00ns)   --->   "%A_86_loc_load = load i512 %A_86_loc"   --->   Operation 68 'load' 'A_86_loc_load' <Predicate = true> <Delay = 0.00>
ST_12 : Operation 69 [1/1] (0.00ns)   --->   "%zext_ln225_77 = zext i512 %A_86_loc_load" [src/generic/fp_generic.cpp:225->src/fpx.cpp:185]   --->   Operation 69 'zext' 'zext_ln225_77' <Predicate = true> <Delay = 0.00>
ST_12 : Operation 70 [1/1] (0.00ns)   --->   "%zext_ln225_78 = zext i512 %B_84_loc_load" [src/generic/fp_generic.cpp:225->src/fpx.cpp:185]   --->   Operation 70 'zext' 'zext_ln225_78' <Predicate = true> <Delay = 0.00>
ST_12 : Operation 71 [2/2] (3.61ns)   --->   "%P_40 = mul i1024 %zext_ln225_78, i1024 %zext_ln225_77" [src/generic/fp_generic.cpp:225->src/fpx.cpp:185]   --->   Operation 71 'mul' 'P_40' <Predicate = true> <Delay = 3.61> <CoreInst = "Multiplier">   --->   Core 3 'Multiplier' <Latency = 1> <II = 1> <Delay = 3.61> <FuncUnit> <Opcode : 'mul'> <InPorts = 2> <OutPorts = 1>

State 13 <SV = 12> <Delay = 5.58>
ST_13 : Operation 72 [2/2] (1.90ns)   --->   "%call_ln183 = call void @rdc_mont.1, i64 %tt3, i64 %c, i32 %c_offset_read, i1 0, i64 %p503p1_1" [src/fpx.cpp:183]   --->   Operation 72 'call' 'call_ln183' <Predicate = true> <Delay = 1.90> <CoreType = "Generic">   --->   Generic Core
ST_13 : Operation 73 [1/2] (3.61ns)   --->   "%P_40 = mul i1024 %zext_ln225_78, i1024 %zext_ln225_77" [src/generic/fp_generic.cpp:225->src/fpx.cpp:185]   --->   Operation 73 'mul' 'P_40' <Predicate = true> <Delay = 3.61> <CoreInst = "Multiplier">   --->   Core 3 'Multiplier' <Latency = 1> <II = 1> <Delay = 3.61> <FuncUnit> <Opcode : 'mul'> <InPorts = 2> <OutPorts = 1>
ST_13 : Operation 74 [2/2] (1.96ns)   --->   "%call_ln225 = call void @fp2mul503_mont.325.1_Pipeline_VITIS_LOOP_228_2228, i1024 %P_40, i64 %tt2" [src/generic/fp_generic.cpp:225->src/fpx.cpp:185]   --->   Operation 74 'call' 'call_ln225' <Predicate = true> <Delay = 1.96> <CoreType = "Generic">   --->   Generic Core

State 14 <SV = 13> <Delay = 1.48>
ST_14 : Operation 75 [1/2] (0.00ns)   --->   "%call_ln183 = call void @rdc_mont.1, i64 %tt3, i64 %c, i32 %c_offset_read, i1 0, i64 %p503p1_1" [src/fpx.cpp:183]   --->   Operation 75 'call' 'call_ln183' <Predicate = true> <Delay = 0.00> <CoreType = "Generic">   --->   Generic Core
ST_14 : Operation 76 [1/2] (1.48ns)   --->   "%call_ln225 = call void @fp2mul503_mont.325.1_Pipeline_VITIS_LOOP_228_2228, i1024 %P_40, i64 %tt2" [src/generic/fp_generic.cpp:225->src/fpx.cpp:185]   --->   Operation 76 'call' 'call_ln225' <Predicate = true> <Delay = 1.48> <CoreType = "Generic">   --->   Generic Core

State 15 <SV = 14> <Delay = 0.00>
ST_15 : Operation 77 [2/2] (0.00ns)   --->   "%call_ln0 = call void @fp2mul503_mont.325.1_Pipeline_VITIS_LOOP_152_1229, i64 %tt2, i64 %tt1"   --->   Operation 77 'call' 'call_ln0' <Predicate = true> <Delay = 0.00> <CoreType = "Generic">   --->   Generic Core

State 16 <SV = 15> <Delay = 1.48>
ST_16 : Operation 78 [1/2] (1.48ns)   --->   "%call_ln0 = call void @fp2mul503_mont.325.1_Pipeline_VITIS_LOOP_152_1229, i64 %tt2, i64 %tt1"   --->   Operation 78 'call' 'call_ln0' <Predicate = true> <Delay = 1.48> <CoreType = "Generic">   --->   Generic Core

State 17 <SV = 16> <Delay = 1.90>
ST_17 : Operation 79 [2/2] (1.90ns)   --->   "%call_ln187 = call void @rdc_mont.1, i64 %tt2, i64 %c, i32 %c_offset_read, i1 1, i64 %p503p1_1" [src/fpx.cpp:187]   --->   Operation 79 'call' 'call_ln187' <Predicate = true> <Delay = 1.90> <CoreType = "Generic">   --->   Generic Core

State 18 <SV = 17> <Delay = 0.00>
ST_18 : Operation 80 [1/2] (0.00ns)   --->   "%call_ln187 = call void @rdc_mont.1, i64 %tt2, i64 %c, i32 %c_offset_read, i1 1, i64 %p503p1_1" [src/fpx.cpp:187]   --->   Operation 80 'call' 'call_ln187' <Predicate = true> <Delay = 0.00> <CoreType = "Generic">   --->   Generic Core
ST_18 : Operation 81 [1/1] (0.00ns)   --->   "%ret_ln188 = ret" [src/fpx.cpp:188]   --->   Operation 81 'ret' 'ret_ln188' <Predicate = true> <Delay = 0.00>


============================================================
+ Verbose Summary: Timing violations
============================================================
Target clock period: 10.000ns, clock uncertainty: 2.700ns.

 <State 1>: 1.200ns
The critical path consists of the following:
	wire read operation ('c_offset_read') on port 'c_offset' [6]  (0.000 ns)
	'call' operation 0 bit ('call_ln0') to 'fp2mul503_mont.325.1_Pipeline_VITIS_LOOP_219_1' [21]  (1.200 ns)

 <State 2>: 1.482ns
The critical path consists of the following:
	'call' operation 0 bit ('call_ln0') to 'fp2mul503_mont.325.1_Pipeline_VITIS_LOOP_219_1' [21]  (1.482 ns)

 <State 3>: 3.612ns
The critical path consists of the following:
	'load' operation 512 bit ('B_loc_load') on local variable 'B_loc' [22]  (0.000 ns)
	'mul' operation 1024 bit ('P', src/generic/fp_generic.cpp:225->src/fpx.cpp:174) [26]  (3.612 ns)

 <State 4>: 5.581ns
The critical path consists of the following:
	'mul' operation 1024 bit ('P', src/generic/fp_generic.cpp:225->src/fpx.cpp:174) [26]  (3.612 ns)
	'call' operation 0 bit ('call_ln225', src/generic/fp_generic.cpp:225->src/fpx.cpp:174) to 'fp2mul503_mont.325.1_Pipeline_VITIS_LOOP_228_2' [27]  (1.969 ns)

 <State 5>: 1.482ns
The critical path consists of the following:
	'call' operation 0 bit ('call_ln220', src/generic/fp_generic.cpp:220->src/fpx.cpp:175) to 'fp2mul503_mont.325.1_Pipeline_VITIS_LOOP_219_1223' [28]  (1.482 ns)

 <State 6>: 3.612ns
The critical path consists of the following:
	'load' operation 512 bit ('B_82_loc_load') on local variable 'B_82_loc' [29]  (0.000 ns)
	'mul' operation 1024 bit ('P', src/generic/fp_generic.cpp:225->src/fpx.cpp:175) [33]  (3.612 ns)

 <State 7>: 5.581ns
The critical path consists of the following:
	'mul' operation 1024 bit ('P', src/generic/fp_generic.cpp:225->src/fpx.cpp:175) [33]  (3.612 ns)
	'call' operation 0 bit ('call_ln225', src/generic/fp_generic.cpp:225->src/fpx.cpp:175) to 'fp2mul503_mont.325.1_Pipeline_VITIS_LOOP_228_2224' [34]  (1.969 ns)

 <State 8>: 1.482ns
The critical path consists of the following:
	'call' operation 0 bit ('call_ln220', src/generic/fp_generic.cpp:220->src/fpx.cpp:175) to 'fp2mul503_mont.325.1_Pipeline_VITIS_LOOP_370_1' [35]  (1.482 ns)

 <State 9>: 0.000ns
The critical path consists of the following:

 <State 10>: 1.482ns
The critical path consists of the following:
	'call' operation 0 bit ('call_ln0') to 'fp2mul503_mont.325.1_Pipeline_VITIS_LOOP_219_1227' [42]  (1.482 ns)

 <State 11>: 0.278ns
The critical path consists of the following:
	'load' operation 1 bit ('borrow_loc_load') on local variable 'borrow_loc' [38]  (0.000 ns)
	'call' operation 0 bit ('call_ln0') to 'fp2mul503_mont.325.1_Pipeline_VITIS_LOOP_179_1' [39]  (0.278 ns)

 <State 12>: 3.612ns
The critical path consists of the following:
	'load' operation 512 bit ('B_84_loc_load') on local variable 'B_84_loc' [43]  (0.000 ns)
	'mul' operation 1024 bit ('P', src/generic/fp_generic.cpp:225->src/fpx.cpp:185) [47]  (3.612 ns)

 <State 13>: 5.581ns
The critical path consists of the following:
	'mul' operation 1024 bit ('P', src/generic/fp_generic.cpp:225->src/fpx.cpp:185) [47]  (3.612 ns)
	'call' operation 0 bit ('call_ln225', src/generic/fp_generic.cpp:225->src/fpx.cpp:185) to 'fp2mul503_mont.325.1_Pipeline_VITIS_LOOP_228_2228' [48]  (1.969 ns)

 <State 14>: 1.481ns
The critical path consists of the following:
	'call' operation 0 bit ('call_ln225', src/generic/fp_generic.cpp:225->src/fpx.cpp:185) to 'fp2mul503_mont.325.1_Pipeline_VITIS_LOOP_228_2228' [48]  (1.481 ns)

 <State 15>: 0.000ns
The critical path consists of the following:

 <State 16>: 1.481ns
The critical path consists of the following:
	'call' operation 0 bit ('call_ln0') to 'fp2mul503_mont.325.1_Pipeline_VITIS_LOOP_152_1229' [49]  (1.481 ns)

 <State 17>: 1.906ns
The critical path consists of the following:
	'call' operation 0 bit ('call_ln187', src/fpx.cpp:187) to 'rdc_mont.1' [50]  (1.906 ns)

 <State 18>: 0.000ns
The critical path consists of the following:


============================================================
+ Verbose Summary: Binding
============================================================
N/A
* FSMD analyzer results:
  - Output states:
 - Input state : 
  - Chain level:
	State 1
	State 2
	State 3
	State 4
	State 5
	State 6
	State 7
	State 8
	State 9
	State 10
	State 11
	State 12
	State 13
	State 14
	State 15
	State 16
	State 17
	State 18


============================================================
+ Verbose Summary: Datapath Resource usage 
============================================================
N/A
