

================================================================
== Vitis HLS Report for 'fp2mul503_mont_40_Pipeline_VITIS_LOOP_219_1'
================================================================
* Date:           Wed Jul 30 17:32:46 2025

* Version:        2024.2.2 (Build 6049644 on Mar  5 2025)
* Project:        sikep503_hls
* Solution:       solution1 (Vivado IP Flow Target)
* Product family: virtexuplus58g
* Target device:  xcvu29p-fsga2577-2L-e


================================================================
== Performance Estimates
================================================================
+ Timing: 
    * Summary: 
    +--------+----------+----------+------------+
    |  Clock |  Target  | Estimated| Uncertainty|
    +--------+----------+----------+------------+
    |ap_clk  |  10.00 ns|  2.901 ns|     2.70 ns|
    +--------+----------+----------+------------+

+ Latency: 
    * Summary: 
    +---------+---------+----------+----------+-----+-----+------------------------------------------------+
    |  Latency (cycles) |  Latency (absolute) |  Interval |                    Pipeline                    |
    |   min   |   max   |    min   |    max   | min | max |                      Type                      |
    +---------+---------+----------+----------+-----+-----+------------------------------------------------+
    |       10|       10|  0.100 us|  0.100 us|    9|    9|  loop auto-rewind stp (delay=0 clock cycles(s))|
    +---------+---------+----------+----------+-----+-----+------------------------------------------------+

    + Detail: 
        * Instance: 
        N/A

        * Loop: 
        +--------------------+---------+---------+----------+-----------+-----------+------+----------+
        |                    |  Latency (cycles) | Iteration|  Initiation Interval  | Trip |          |
        |      Loop Name     |   min   |   max   |  Latency |  achieved |   target  | Count| Pipelined|
        +--------------------+---------+---------+----------+-----------+-----------+------+----------+
        |- VITIS_LOOP_219_1  |        8|        8|         2|          1|          1|     8|       yes|
        +--------------------+---------+---------+----------+-----------+-----------+------+----------+

============================================================
+ Verbose Summary: Synthesis Manager
============================================================
InlineROM: 1
ExposeGlobal: 0
============================================================
+ Verbose Summary: CDFG Model
============================================================
IsTopModel: 0
ResetActiveHigh: 1
IsCombinational: 0
IsDatapathOnly: 0
HasWiredReturn: 1
HasMFsm: 2
HasVarLatency: 1
IsPipeline: 0
IsRtlPipelined: 0
IsInstanceOverlapped: 0
IsDontTouch: 0
HasImplIP: 0
IsGatedGlobalClock: 0

+ Individual pipeline summary: 
  * Pipeline-0: initiation interval (II) = 1, depth = 2


============================================================
+ Verbose Summary: Schedule
============================================================
* Number of FSM states : 2
* Pipeline : 1
  Pipeline-0 : II = 1, D = 2, States = { 1 2 }
* Dataflow Pipeline: 0

* FSM state transitions: 
1 --> 2 
2 --> 

* FSM state operations: 

State 1 <SV = 0> <Delay = 1.48>
ST_1 : Operation 5 [1/1] (0.00ns)   --->   "%A_1 = alloca i32 1" [src/generic/fp_generic.cpp:218->src/fpx.cpp:174]   --->   Operation 5 'alloca' 'A_1' <Predicate = true> <Delay = 0.00>
ST_1 : Operation 6 [1/1] (0.00ns)   --->   "%B = alloca i32 1" [src/generic/fp_generic.cpp:218->src/fpx.cpp:174]   --->   Operation 6 'alloca' 'B' <Predicate = true> <Delay = 0.00>
ST_1 : Operation 7 [1/1] (0.00ns)   --->   "%i = alloca i32 1" [src/generic/fp_generic.cpp:219->src/fpx.cpp:174]   --->   Operation 7 'alloca' 'i' <Predicate = true> <Delay = 0.00>
ST_1 : Operation 8 [1/1] (0.38ns)   --->   "%store_ln219 = store i4 0, i4 %i" [src/generic/fp_generic.cpp:219->src/fpx.cpp:174]   --->   Operation 8 'store' 'store_ln219' <Predicate = true> <Delay = 0.38>
ST_1 : Operation 9 [1/1] (0.38ns)   --->   "%store_ln218 = store i512 0, i512 %B" [src/generic/fp_generic.cpp:218->src/fpx.cpp:174]   --->   Operation 9 'store' 'store_ln218' <Predicate = true> <Delay = 0.38>
ST_1 : Operation 10 [1/1] (0.38ns)   --->   "%store_ln218 = store i512 0, i512 %A_1" [src/generic/fp_generic.cpp:218->src/fpx.cpp:174]   --->   Operation 10 'store' 'store_ln218' <Predicate = true> <Delay = 0.38>
ST_1 : Operation 11 [1/1] (0.00ns)   --->   "%br_ln0 = br void %for.inc.i"   --->   Operation 11 'br' 'br_ln0' <Predicate = true> <Delay = 0.00>
ST_1 : Operation 12 [1/1] (0.00ns)   --->   "%i_262 = load i4 %i" [src/generic/fp_generic.cpp:220->src/fpx.cpp:174]   --->   Operation 12 'load' 'i_262' <Predicate = true> <Delay = 0.00>
ST_1 : Operation 13 [1/1] (0.70ns)   --->   "%icmp_ln219 = icmp_eq  i4 %i_262, i4 8" [src/generic/fp_generic.cpp:219->src/fpx.cpp:174]   --->   Operation 13 'icmp' 'icmp_ln219' <Predicate = true> <Delay = 0.70> <CoreInst = "Cmp">   --->   Core 9 'Cmp' <Latency = 0> <II = 1> <Delay = 0.70> <FuncUnit> <Opcode : 'seteq' 'setne' 'setle' 'setge' 'setlt' 'setgt'> <InPorts = 2> <OutPorts = 1>
ST_1 : Operation 14 [1/1] (0.70ns)   --->   "%add_ln219 = add i4 %i_262, i4 1" [src/generic/fp_generic.cpp:219->src/fpx.cpp:174]   --->   Operation 14 'add' 'add_ln219' <Predicate = true> <Delay = 0.70> <CoreInst = "Adder">   --->   Core 1 'Adder' <Latency = 0> <II = 1> <Delay = 0.70> <FuncUnit> <Opcode : 'add' 'sub'> <InPorts = 2> <OutPorts = 1>
ST_1 : Operation 15 [1/1] (0.00ns)   --->   "%br_ln219 = br i1 %icmp_ln219, void %for.inc.i.split, void %for.end.i.exitStub" [src/generic/fp_generic.cpp:219->src/fpx.cpp:174]   --->   Operation 15 'br' 'br_ln219' <Predicate = true> <Delay = 0.00>
ST_1 : Operation 16 [1/1] (0.00ns)   --->   "%zext_ln219 = zext i4 %i_262" [src/generic/fp_generic.cpp:219->src/fpx.cpp:174]   --->   Operation 16 'zext' 'zext_ln219' <Predicate = (!icmp_ln219)> <Delay = 0.00>
ST_1 : Operation 17 [1/1] (0.00ns)   --->   "%b_addr = getelementptr i64 %b, i64 0, i64 %zext_ln219" [src/generic/fp_generic.cpp:221->src/fpx.cpp:174]   --->   Operation 17 'getelementptr' 'b_addr' <Predicate = (!icmp_ln219)> <Delay = 0.00>
ST_1 : Operation 18 [1/1] (0.00ns)   --->   "%lshr_ln = partselect i2 @_ssdm_op_PartSelect.i2.i4.i32.i32, i4 %i_262, i32 1, i32 2" [src/generic/fp_generic.cpp:218->src/fpx.cpp:174]   --->   Operation 18 'partselect' 'lshr_ln' <Predicate = (!icmp_ln219)> <Delay = 0.00>
ST_1 : Operation 19 [1/1] (0.00ns)   --->   "%zext_ln218 = zext i2 %lshr_ln" [src/generic/fp_generic.cpp:218->src/fpx.cpp:174]   --->   Operation 19 'zext' 'zext_ln218' <Predicate = (!icmp_ln219)> <Delay = 0.00>
ST_1 : Operation 20 [1/1] (0.00ns)   --->   "%a_0_addr = getelementptr i64 %a_0, i64 0, i64 %zext_ln218" [src/generic/fp_generic.cpp:220->src/fpx.cpp:174]   --->   Operation 20 'getelementptr' 'a_0_addr' <Predicate = (!icmp_ln219)> <Delay = 0.00>
ST_1 : Operation 21 [1/1] (0.00ns)   --->   "%a_1_addr = getelementptr i64 %a_1, i64 0, i64 %zext_ln218" [src/generic/fp_generic.cpp:220->src/fpx.cpp:174]   --->   Operation 21 'getelementptr' 'a_1_addr' <Predicate = (!icmp_ln219)> <Delay = 0.00>
ST_1 : Operation 22 [2/2] (0.71ns)   --->   "%a_0_load = load i3 %a_0_addr" [src/generic/fp_generic.cpp:220->src/fpx.cpp:174]   --->   Operation 22 'load' 'a_0_load' <Predicate = (!icmp_ln219)> <Delay = 0.71> <CoreInst = "RAM">   --->   Core 82 'RAM' <Latency = 1> <II = 1> <Delay = 0.71> <Storage> <Opcode : 'load' 'store'> <Ports = 2> <Width = 64> <Depth = 8> <RAM>
ST_1 : Operation 23 [2/2] (0.71ns)   --->   "%a_1_load = load i3 %a_1_addr" [src/generic/fp_generic.cpp:220->src/fpx.cpp:174]   --->   Operation 23 'load' 'a_1_load' <Predicate = (!icmp_ln219)> <Delay = 0.71> <CoreInst = "RAM">   --->   Core 82 'RAM' <Latency = 1> <II = 1> <Delay = 0.71> <Storage> <Opcode : 'load' 'store'> <Ports = 2> <Width = 64> <Depth = 8> <RAM>
ST_1 : Operation 24 [2/2] (0.71ns)   --->   "%b_load = load i4 %b_addr" [src/generic/fp_generic.cpp:221->src/fpx.cpp:174]   --->   Operation 24 'load' 'b_load' <Predicate = (!icmp_ln219)> <Delay = 0.71> <CoreInst = "RAM">   --->   Core 82 'RAM' <Latency = 1> <II = 1> <Delay = 0.71> <Storage> <Opcode : 'load' 'store'> <Ports = 2> <Width = 64> <Depth = 16> <RAM>
ST_1 : Operation 25 [1/1] (0.38ns)   --->   "%store_ln219 = store i4 %add_ln219, i4 %i" [src/generic/fp_generic.cpp:219->src/fpx.cpp:174]   --->   Operation 25 'store' 'store_ln219' <Predicate = (!icmp_ln219)> <Delay = 0.38>
ST_1 : Operation 48 [1/1] (0.00ns)   --->   "%A_1_load_26 = load i512 %A_1"   --->   Operation 48 'load' 'A_1_load_26' <Predicate = (icmp_ln219)> <Delay = 0.00>
ST_1 : Operation 49 [1/1] (0.00ns)   --->   "%B_load_41 = load i512 %B"   --->   Operation 49 'load' 'B_load_41' <Predicate = (icmp_ln219)> <Delay = 0.00>
ST_1 : Operation 50 [1/1] (0.00ns)   --->   "%write_ln0 = write void @_ssdm_op_Write.ap_auto.i512P0A, i512 %B_out, i512 %B_load_41"   --->   Operation 50 'write' 'write_ln0' <Predicate = (icmp_ln219)> <Delay = 0.00>
ST_1 : Operation 51 [1/1] (0.00ns)   --->   "%write_ln0 = write void @_ssdm_op_Write.ap_auto.i512P0A, i512 %A_1_out, i512 %A_1_load_26"   --->   Operation 51 'write' 'write_ln0' <Predicate = (icmp_ln219)> <Delay = 0.00>
ST_1 : Operation 52 [1/1] (0.38ns)   --->   "%ret_ln0 = ret"   --->   Operation 52 'ret' 'ret_ln0' <Predicate = (icmp_ln219)> <Delay = 0.38>

State 2 <SV = 1> <Delay = 2.90>
ST_2 : Operation 26 [1/1] (0.00ns)   --->   "%A_1_load = load i512 %A_1" [src/generic/fp_generic.cpp:220->src/fpx.cpp:174]   --->   Operation 26 'load' 'A_1_load' <Predicate = true> <Delay = 0.00>
ST_2 : Operation 27 [1/1] (0.00ns)   --->   "%B_load = load i512 %B" [src/generic/fp_generic.cpp:221->src/fpx.cpp:174]   --->   Operation 27 'load' 'B_load' <Predicate = true> <Delay = 0.00>
ST_2 : Operation 28 [1/1] (0.00ns)   --->   "%trunc_ln219 = trunc i4 %i_262" [src/generic/fp_generic.cpp:219->src/fpx.cpp:174]   --->   Operation 28 'trunc' 'trunc_ln219' <Predicate = true> <Delay = 0.00>
ST_2 : Operation 29 [1/1] (0.00ns)   --->   "%specpipeline_ln218 = specpipeline void @_ssdm_op_SpecPipeline, i32 4294967295, i32 0, i32 0, i32 0, void @empty_3" [src/generic/fp_generic.cpp:218->src/fpx.cpp:174]   --->   Operation 29 'specpipeline' 'specpipeline_ln218' <Predicate = true> <Delay = 0.00>
ST_2 : Operation 30 [1/1] (0.00ns)   --->   "%speclooptripcount_ln218 = speclooptripcount void @_ssdm_op_SpecLoopTripCount, i64 8, i64 8, i64 8" [src/generic/fp_generic.cpp:218->src/fpx.cpp:174]   --->   Operation 30 'speclooptripcount' 'speclooptripcount_ln218' <Predicate = true> <Delay = 0.00>
ST_2 : Operation 31 [1/1] (0.00ns)   --->   "%specloopname_ln219 = specloopname void @_ssdm_op_SpecLoopName, void @empty_43" [src/generic/fp_generic.cpp:219->src/fpx.cpp:174]   --->   Operation 31 'specloopname' 'specloopname_ln219' <Predicate = true> <Delay = 0.00>
ST_2 : Operation 32 [1/2] ( I:0.71ns O:0.71ns )   --->   "%a_0_load = load i3 %a_0_addr" [src/generic/fp_generic.cpp:220->src/fpx.cpp:174]   --->   Operation 32 'load' 'a_0_load' <Predicate = true> <Delay = 0.71> <CoreInst = "RAM">   --->   Core 82 'RAM' <Latency = 1> <II = 1> <Delay = 0.71> <Storage> <Opcode : 'load' 'store'> <Ports = 2> <Width = 64> <Depth = 8> <RAM>
ST_2 : Operation 33 [1/2] ( I:0.71ns O:0.71ns )   --->   "%a_1_load = load i3 %a_1_addr" [src/generic/fp_generic.cpp:220->src/fpx.cpp:174]   --->   Operation 33 'load' 'a_1_load' <Predicate = true> <Delay = 0.71> <CoreInst = "RAM">   --->   Core 82 'RAM' <Latency = 1> <II = 1> <Delay = 0.71> <Storage> <Opcode : 'load' 'store'> <Ports = 2> <Width = 64> <Depth = 8> <RAM>
ST_2 : Operation 34 [1/1] (0.41ns)   --->   "%select_ln220 = select i1 %trunc_ln219, i64 %a_1_load, i64 %a_0_load" [src/generic/fp_generic.cpp:220->src/fpx.cpp:174]   --->   Operation 34 'select' 'select_ln220' <Predicate = true> <Delay = 0.41> <CoreInst = "Sel">   --->   Core 73 'Sel' <Latency = 0> <II = 1> <Delay = 0.41> <FuncUnit> <Opcode : 'select'> <InPorts = 3> <OutPorts = 1>
ST_2 : Operation 35 [1/1] (0.00ns)   --->   "%zext_ln220 = zext i64 %select_ln220" [src/generic/fp_generic.cpp:220->src/fpx.cpp:174]   --->   Operation 35 'zext' 'zext_ln220' <Predicate = true> <Delay = 0.00>
ST_2 : Operation 36 [1/1] (0.00ns)   --->   "%trunc_ln220 = trunc i4 %i_262" [src/generic/fp_generic.cpp:220->src/fpx.cpp:174]   --->   Operation 36 'trunc' 'trunc_ln220' <Predicate = true> <Delay = 0.00>
ST_2 : Operation 37 [1/1] (0.00ns)   --->   "%shl_ln = bitconcatenate i9 @_ssdm_op_BitConcatenate.i9.i3.i6, i3 %trunc_ln220, i6 0" [src/generic/fp_generic.cpp:220->src/fpx.cpp:174]   --->   Operation 37 'bitconcatenate' 'shl_ln' <Predicate = true> <Delay = 0.00>
ST_2 : Operation 38 [1/1] (0.00ns)   --->   "%zext_ln220_41 = zext i9 %shl_ln" [src/generic/fp_generic.cpp:220->src/fpx.cpp:174]   --->   Operation 38 'zext' 'zext_ln220_41' <Predicate = true> <Delay = 0.00>
ST_2 : Operation 39 [1/1] (1.09ns)   --->   "%shl_ln220 = shl i512 %zext_ln220, i512 %zext_ln220_41" [src/generic/fp_generic.cpp:220->src/fpx.cpp:174]   --->   Operation 39 'shl' 'shl_ln220' <Predicate = true> <Delay = 1.09> <CoreInst = "Shifter">   --->   Core 75 'Shifter' <Latency = 0> <II = 1> <Delay = 1.09> <FuncUnit> <Opcode : 'shl' 'lshr' 'ashr'> <InPorts = 2> <OutPorts = 1>
ST_2 : Operation 40 [1/1] (0.29ns)   --->   "%A_1_27 = or i512 %shl_ln220, i512 %A_1_load" [src/generic/fp_generic.cpp:220->src/fpx.cpp:174]   --->   Operation 40 'or' 'A_1_27' <Predicate = true> <Delay = 0.29> <CoreInst = "LogicGate">   --->   Core 74 'LogicGate' <Latency = 0> <II = 1> <Delay = 0.29> <FuncUnit> <Opcode : 'and' 'or' 'xor'> <InPorts = 2> <OutPorts = 1>
ST_2 : Operation 41 [1/2] ( I:0.71ns O:0.71ns )   --->   "%b_load = load i4 %b_addr" [src/generic/fp_generic.cpp:221->src/fpx.cpp:174]   --->   Operation 41 'load' 'b_load' <Predicate = true> <Delay = 0.71> <CoreInst = "RAM">   --->   Core 82 'RAM' <Latency = 1> <II = 1> <Delay = 0.71> <Storage> <Opcode : 'load' 'store'> <Ports = 2> <Width = 64> <Depth = 16> <RAM>
ST_2 : Operation 42 [1/1] (0.00ns)   --->   "%zext_ln221 = zext i64 %b_load" [src/generic/fp_generic.cpp:221->src/fpx.cpp:174]   --->   Operation 42 'zext' 'zext_ln221' <Predicate = true> <Delay = 0.00>
ST_2 : Operation 43 [1/1] (1.09ns)   --->   "%shl_ln221 = shl i512 %zext_ln221, i512 %zext_ln220_41" [src/generic/fp_generic.cpp:221->src/fpx.cpp:174]   --->   Operation 43 'shl' 'shl_ln221' <Predicate = true> <Delay = 1.09> <CoreInst = "Shifter">   --->   Core 75 'Shifter' <Latency = 0> <II = 1> <Delay = 1.09> <FuncUnit> <Opcode : 'shl' 'lshr' 'ashr'> <InPorts = 2> <OutPorts = 1>
ST_2 : Operation 44 [1/1] (0.29ns)   --->   "%B_41 = or i512 %shl_ln221, i512 %B_load" [src/generic/fp_generic.cpp:221->src/fpx.cpp:174]   --->   Operation 44 'or' 'B_41' <Predicate = true> <Delay = 0.29> <CoreInst = "LogicGate">   --->   Core 74 'LogicGate' <Latency = 0> <II = 1> <Delay = 0.29> <FuncUnit> <Opcode : 'and' 'or' 'xor'> <InPorts = 2> <OutPorts = 1>
ST_2 : Operation 45 [1/1] (0.38ns)   --->   "%store_ln218 = store i512 %B_41, i512 %B" [src/generic/fp_generic.cpp:218->src/fpx.cpp:174]   --->   Operation 45 'store' 'store_ln218' <Predicate = true> <Delay = 0.38>
ST_2 : Operation 46 [1/1] (0.38ns)   --->   "%store_ln218 = store i512 %A_1_27, i512 %A_1" [src/generic/fp_generic.cpp:218->src/fpx.cpp:174]   --->   Operation 46 'store' 'store_ln218' <Predicate = true> <Delay = 0.38>
ST_2 : Operation 47 [1/1] (0.00ns)   --->   "%br_ln219 = br void %for.inc.i" [src/generic/fp_generic.cpp:219->src/fpx.cpp:174]   --->   Operation 47 'br' 'br_ln219' <Predicate = true> <Delay = 0.00>


============================================================
+ Verbose Summary: Binding
============================================================
STG Binding: 
---------------- STG Properties BEGIN ----------------
- Is combinational: 0
- Is one-state seq: 0
- Is datapath-only: 0
- Is pipelined: 0
- Is top level: 0
Port [ Return ] is wired: 1; IO mode=ap_ctrl_hs:ce=0
Port [ b]:  wired=1; compound=1; hidden=0; nouse=0; global=0; static=0; extern=0; dir=0; type=1; pingpong=0; private_global=0; MemPort=[13]; IO mode=ap_memory:ce=0
Port [ a_0]:  wired=1; compound=1; hidden=0; nouse=0; global=0; static=0; extern=0; dir=0; type=1; pingpong=0; private_global=0; MemPort=[13]; IO mode=ap_memory:ce=0
Port [ a_1]:  wired=1; compound=1; hidden=0; nouse=0; global=0; static=0; extern=0; dir=0; type=1; pingpong=0; private_global=0; MemPort=[13]; IO mode=ap_memory:ce=0
Port [ B_out]:  wired=1; compound=0; hidden=0; nouse=0; global=0; static=0; extern=0; dir=1; type=0; pingpong=0; private_global=0; IO mode=ap_vld:ce=0
Port [ A_1_out]:  wired=1; compound=0; hidden=0; nouse=0; global=0; static=0; extern=0; dir=1; type=0; pingpong=0; private_global=0; IO mode=ap_vld:ce=0
---------------- STG Properties END ------------------

---------------- Datapath Model BEGIN ----------------

<LifeTime>
<method=bitvector/>
A_1                     (alloca           ) [ 011]
B                       (alloca           ) [ 011]
i                       (alloca           ) [ 010]
store_ln219             (store            ) [ 000]
store_ln218             (store            ) [ 000]
store_ln218             (store            ) [ 000]
br_ln0                  (br               ) [ 000]
i_262                   (load             ) [ 011]
icmp_ln219              (icmp             ) [ 010]
add_ln219               (add              ) [ 000]
br_ln219                (br               ) [ 000]
zext_ln219              (zext             ) [ 000]
b_addr                  (getelementptr    ) [ 011]
lshr_ln                 (partselect       ) [ 000]
zext_ln218              (zext             ) [ 000]
a_0_addr                (getelementptr    ) [ 011]
a_1_addr                (getelementptr    ) [ 011]
store_ln219             (store            ) [ 000]
A_1_load                (load             ) [ 000]
B_load                  (load             ) [ 000]
trunc_ln219             (trunc            ) [ 000]
specpipeline_ln218      (specpipeline     ) [ 000]
speclooptripcount_ln218 (speclooptripcount) [ 000]
specloopname_ln219      (specloopname     ) [ 000]
a_0_load                (load             ) [ 000]
a_1_load                (load             ) [ 000]
select_ln220            (select           ) [ 000]
zext_ln220              (zext             ) [ 000]
trunc_ln220             (trunc            ) [ 000]
shl_ln                  (bitconcatenate   ) [ 000]
zext_ln220_41           (zext             ) [ 000]
shl_ln220               (shl              ) [ 000]
A_1_27                  (or               ) [ 000]
b_load                  (load             ) [ 000]
zext_ln221              (zext             ) [ 000]
shl_ln221               (shl              ) [ 000]
B_41                    (or               ) [ 000]
store_ln218             (store            ) [ 000]
store_ln218             (store            ) [ 000]
br_ln219                (br               ) [ 000]
A_1_load_26             (load             ) [ 000]
B_load_41               (load             ) [ 000]
write_ln0               (write            ) [ 000]
write_ln0               (write            ) [ 000]
ret_ln0                 (ret              ) [ 000]
</LifeTime>

<model>

<comp_list>
<comp id="0" class="1000" name="b">
<pin_list>
<pin id="1" dir="1" index="0" bw="1" slack="0"/>
</pin_list>
<bind>
<StgValue><ssdm name="b"/><MemPortTyVec>1 3 </MemPortTyVec>
</StgValue>
</bind>
</comp>

<comp id="2" class="1000" name="a_0">
<pin_list>
<pin id="3" dir="1" index="0" bw="1" slack="0"/>
</pin_list>
<bind>
<StgValue><ssdm name="a_0"/><MemPortTyVec>1 3 </MemPortTyVec>
</StgValue>
</bind>
</comp>

<comp id="4" class="1000" name="a_1">
<pin_list>
<pin id="5" dir="1" index="0" bw="1" slack="0"/>
</pin_list>
<bind>
<StgValue><ssdm name="a_1"/><MemPortTyVec>1 3 </MemPortTyVec>
</StgValue>
</bind>
</comp>

<comp id="6" class="1000" name="B_out">
<pin_list>
<pin id="7" dir="1" index="0" bw="1" slack="0"/>
</pin_list>
<bind>
<StgValue><ssdm name="B_out"/></StgValue>
</bind>
</comp>

<comp id="8" class="1000" name="A_1_out">
<pin_list>
<pin id="9" dir="1" index="0" bw="1" slack="0"/>
</pin_list>
<bind>
<StgValue><ssdm name="A_1_out"/></StgValue>
</bind>
</comp>

<comp id="10" class="1001" name="const_10">
<pin_list>
<pin id="11" dir="1" index="0" bw="1" slack="0"/>
</pin_list>
<bind>
<StgValue><ssdm name=""/></StgValue>
</bind>
</comp>

<comp id="12" class="1001" name="const_12">
<pin_list>
<pin id="13" dir="1" index="0" bw="1" slack="0"/>
</pin_list>
<bind>
<StgValue><ssdm name=""/></StgValue>
</bind>
</comp>

<comp id="14" class="1001" name="const_14">
<pin_list>
<pin id="15" dir="1" index="0" bw="1" slack="0"/>
</pin_list>
<bind>
<StgValue><ssdm name=""/></StgValue>
</bind>
</comp>

<comp id="16" class="1001" name="const_16">
<pin_list>
<pin id="17" dir="1" index="0" bw="1" slack="0"/>
</pin_list>
<bind>
<StgValue><ssdm name=""/></StgValue>
</bind>
</comp>

<comp id="18" class="1001" name="const_18">
<pin_list>
<pin id="19" dir="1" index="0" bw="1" slack="0"/>
</pin_list>
<bind>
<StgValue><ssdm name=""/></StgValue>
</bind>
</comp>

<comp id="20" class="1001" name="const_20">
<pin_list>
<pin id="21" dir="1" index="0" bw="1" slack="0"/>
</pin_list>
<bind>
<StgValue><ssdm name=""/></StgValue>
</bind>
</comp>

<comp id="22" class="1001" name="const_22">
<pin_list>
<pin id="23" dir="1" index="0" bw="1" slack="0"/>
</pin_list>
<bind>
<StgValue><ssdm name="_ssdm_op_PartSelect.i2.i4.i32.i32"/></StgValue>
</bind>
</comp>

<comp id="24" class="1001" name="const_24">
<pin_list>
<pin id="25" dir="1" index="0" bw="1" slack="0"/>
</pin_list>
<bind>
<StgValue><ssdm name=""/></StgValue>
</bind>
</comp>

<comp id="26" class="1001" name="const_26">
<pin_list>
<pin id="27" dir="1" index="0" bw="1" slack="2147483647"/>
</pin_list>
<bind>
<StgValue><ssdm name="_ssdm_op_SpecPipeline"/></StgValue>
</bind>
</comp>

<comp id="28" class="1001" name="const_28">
<pin_list>
<pin id="29" dir="1" index="0" bw="1" slack="2147483647"/>
</pin_list>
<bind>
<StgValue><ssdm name=""/></StgValue>
</bind>
</comp>

<comp id="30" class="1001" name="const_30">
<pin_list>
<pin id="31" dir="1" index="0" bw="1" slack="2147483647"/>
</pin_list>
<bind>
<StgValue><ssdm name=""/></StgValue>
</bind>
</comp>

<comp id="32" class="1001" name="const_32">
<pin_list>
<pin id="33" dir="1" index="0" bw="1" slack="2147483647"/>
</pin_list>
<bind>
<StgValue><ssdm name="empty_3"/></StgValue>
</bind>
</comp>

<comp id="34" class="1001" name="const_34">
<pin_list>
<pin id="35" dir="1" index="0" bw="1" slack="2147483647"/>
</pin_list>
<bind>
<StgValue><ssdm name="_ssdm_op_SpecLoopTripCount"/></StgValue>
</bind>
</comp>

<comp id="36" class="1001" name="const_36">
<pin_list>
<pin id="37" dir="1" index="0" bw="1" slack="2147483647"/>
</pin_list>
<bind>
<StgValue><ssdm name=""/></StgValue>
</bind>
</comp>

<comp id="38" class="1001" name="const_38">
<pin_list>
<pin id="39" dir="1" index="0" bw="1" slack="2147483647"/>
</pin_list>
<bind>
<StgValue><ssdm name="_ssdm_op_SpecLoopName"/></StgValue>
</bind>
</comp>

<comp id="40" class="1001" name="const_40">
<pin_list>
<pin id="41" dir="1" index="0" bw="1" slack="2147483647"/>
</pin_list>
<bind>
<StgValue><ssdm name="empty_43"/></StgValue>
</bind>
</comp>

<comp id="42" class="1001" name="const_42">
<pin_list>
<pin id="43" dir="1" index="0" bw="1" slack="0"/>
</pin_list>
<bind>
<StgValue><ssdm name="_ssdm_op_BitConcatenate.i9.i3.i6"/></StgValue>
</bind>
</comp>

<comp id="44" class="1001" name="const_44">
<pin_list>
<pin id="45" dir="1" index="0" bw="1" slack="0"/>
</pin_list>
<bind>
<StgValue><ssdm name=""/></StgValue>
</bind>
</comp>

<comp id="46" class="1001" name="const_46">
<pin_list>
<pin id="47" dir="1" index="0" bw="1" slack="0"/>
</pin_list>
<bind>
<StgValue><ssdm name="_ssdm_op_Write.ap_auto.i512P0A"/></StgValue>
</bind>
</comp>

<comp id="48" class="1004" name="A_1_fu_48">
<pin_list>
<pin id="49" dir="0" index="0" bw="1" slack="0"/>
<pin id="50" dir="1" index="1" bw="512" slack="0"/>
</pin_list>
<bind>
<opcode="alloca(26) " fcode="alloca"/>
<opset="A_1/1 "/>
</bind>
</comp>

<comp id="52" class="1004" name="B_fu_52">
<pin_list>
<pin id="53" dir="0" index="0" bw="1" slack="0"/>
<pin id="54" dir="1" index="1" bw="512" slack="0"/>
</pin_list>
<bind>
<opcode="alloca(26) " fcode="alloca"/>
<opset="B/1 "/>
</bind>
</comp>

<comp id="56" class="1004" name="i_fu_56">
<pin_list>
<pin id="57" dir="0" index="0" bw="1" slack="0"/>
<pin id="58" dir="1" index="1" bw="4" slack="0"/>
</pin_list>
<bind>
<opcode="alloca(26) " fcode="alloca"/>
<opset="i/1 "/>
</bind>
</comp>

<comp id="60" class="1004" name="write_ln0_write_fu_60">
<pin_list>
<pin id="61" dir="0" index="0" bw="0" slack="0"/>
<pin id="62" dir="0" index="1" bw="512" slack="0"/>
<pin id="63" dir="0" index="2" bw="512" slack="0"/>
<pin id="64" dir="1" index="3" bw="0" slack="2147483647"/>
</pin_list>
<bind>
<opcode="write(1151) " fcode="write"/>
<opset="write_ln0/1 "/>
</bind>
</comp>

<comp id="67" class="1004" name="write_ln0_write_fu_67">
<pin_list>
<pin id="68" dir="0" index="0" bw="0" slack="0"/>
<pin id="69" dir="0" index="1" bw="512" slack="0"/>
<pin id="70" dir="0" index="2" bw="512" slack="0"/>
<pin id="71" dir="1" index="3" bw="0" slack="2147483647"/>
</pin_list>
<bind>
<opcode="write(1151) " fcode="write"/>
<opset="write_ln0/1 "/>
</bind>
</comp>

<comp id="74" class="1004" name="b_addr_gep_fu_74">
<pin_list>
<pin id="75" dir="0" index="0" bw="64" slack="0"/>
<pin id="76" dir="0" index="1" bw="1" slack="0"/>
<pin id="77" dir="0" index="2" bw="4" slack="0"/>
<pin id="78" dir="1" index="3" bw="4" slack="0"/>
</pin_list>
<bind>
<opcode="getelementptr(29) " fcode="getelementptr"/>
<opset="b_addr/1 "/>
</bind>
</comp>

<comp id="81" class="1004" name="a_0_addr_gep_fu_81">
<pin_list>
<pin id="82" dir="0" index="0" bw="64" slack="0"/>
<pin id="83" dir="0" index="1" bw="1" slack="0"/>
<pin id="84" dir="0" index="2" bw="2" slack="0"/>
<pin id="85" dir="1" index="3" bw="3" slack="0"/>
</pin_list>
<bind>
<opcode="getelementptr(29) " fcode="getelementptr"/>
<opset="a_0_addr/1 "/>
</bind>
</comp>

<comp id="88" class="1004" name="a_1_addr_gep_fu_88">
<pin_list>
<pin id="89" dir="0" index="0" bw="64" slack="0"/>
<pin id="90" dir="0" index="1" bw="1" slack="0"/>
<pin id="91" dir="0" index="2" bw="2" slack="0"/>
<pin id="92" dir="1" index="3" bw="3" slack="0"/>
</pin_list>
<bind>
<opcode="getelementptr(29) " fcode="getelementptr"/>
<opset="a_1_addr/1 "/>
</bind>
</comp>

<comp id="95" class="1004" name="grp_access_fu_95">
<pin_list>
<pin id="96" dir="0" index="0" bw="3" slack="0"/>
<pin id="97" dir="0" index="1" bw="64" slack="2147483647"/>
<pin id="98" dir="0" index="2" bw="0" slack="2147483647"/>
<pin id="99" dir="1" index="3" bw="64" slack="0"/>
</pin_list>
<bind>
<opcode="load(27) " fcode="load"/>
<opset="a_0_load/1 "/>
</bind>
</comp>

<comp id="101" class="1004" name="grp_access_fu_101">
<pin_list>
<pin id="102" dir="0" index="0" bw="3" slack="0"/>
<pin id="103" dir="0" index="1" bw="64" slack="2147483647"/>
<pin id="104" dir="0" index="2" bw="0" slack="2147483647"/>
<pin id="105" dir="1" index="3" bw="64" slack="0"/>
</pin_list>
<bind>
<opcode="load(27) " fcode="load"/>
<opset="a_1_load/1 "/>
</bind>
</comp>

<comp id="107" class="1004" name="grp_access_fu_107">
<pin_list>
<pin id="108" dir="0" index="0" bw="4" slack="0"/>
<pin id="109" dir="0" index="1" bw="64" slack="2147483647"/>
<pin id="110" dir="0" index="2" bw="0" slack="2147483647"/>
<pin id="111" dir="1" index="3" bw="64" slack="0"/>
</pin_list>
<bind>
<opcode="load(27) " fcode="load"/>
<opset="b_load/1 "/>
</bind>
</comp>

<comp id="113" class="1004" name="store_ln219_store_fu_113">
<pin_list>
<pin id="114" dir="0" index="0" bw="1" slack="0"/>
<pin id="115" dir="0" index="1" bw="4" slack="0"/>
<pin id="116" dir="1" index="2" bw="0" slack="2147483647"/>
</pin_list>
<bind>
<opcode="store(28) " fcode="store"/>
<opset="store_ln219/1 "/>
</bind>
</comp>

<comp id="118" class="1004" name="store_ln218_store_fu_118">
<pin_list>
<pin id="119" dir="0" index="0" bw="1" slack="0"/>
<pin id="120" dir="0" index="1" bw="512" slack="0"/>
<pin id="121" dir="1" index="2" bw="0" slack="2147483647"/>
</pin_list>
<bind>
<opcode="store(28) " fcode="store"/>
<opset="store_ln218/1 "/>
</bind>
</comp>

<comp id="123" class="1004" name="store_ln218_store_fu_123">
<pin_list>
<pin id="124" dir="0" index="0" bw="1" slack="0"/>
<pin id="125" dir="0" index="1" bw="512" slack="0"/>
<pin id="126" dir="1" index="2" bw="0" slack="2147483647"/>
</pin_list>
<bind>
<opcode="store(28) " fcode="store"/>
<opset="store_ln218/1 "/>
</bind>
</comp>

<comp id="128" class="1004" name="i_262_load_fu_128">
<pin_list>
<pin id="129" dir="0" index="0" bw="4" slack="0"/>
<pin id="130" dir="1" index="1" bw="4" slack="0"/>
</pin_list>
<bind>
<opcode="load(27) " fcode="load"/>
<opset="i_262/1 "/>
</bind>
</comp>

<comp id="131" class="1004" name="icmp_ln219_fu_131">
<pin_list>
<pin id="132" dir="0" index="0" bw="4" slack="0"/>
<pin id="133" dir="0" index="1" bw="4" slack="0"/>
<pin id="134" dir="1" index="2" bw="1" slack="2147483647"/>
</pin_list>
<bind>
<opcode="icmp(45) " fcode="icmp"/>
<opset="icmp_ln219/1 "/>
</bind>
</comp>

<comp id="137" class="1004" name="add_ln219_fu_137">
<pin_list>
<pin id="138" dir="0" index="0" bw="4" slack="0"/>
<pin id="139" dir="0" index="1" bw="1" slack="0"/>
<pin id="140" dir="1" index="2" bw="4" slack="0"/>
</pin_list>
<bind>
<opcode="add(8) " fcode="add"/>
<opset="add_ln219/1 "/>
</bind>
</comp>

<comp id="143" class="1004" name="zext_ln219_fu_143">
<pin_list>
<pin id="144" dir="0" index="0" bw="4" slack="0"/>
<pin id="145" dir="1" index="1" bw="64" slack="0"/>
</pin_list>
<bind>
<opcode="zext(34) " fcode="zext"/>
<opset="zext_ln219/1 "/>
</bind>
</comp>

<comp id="148" class="1004" name="lshr_ln_fu_148">
<pin_list>
<pin id="149" dir="0" index="0" bw="2" slack="0"/>
<pin id="150" dir="0" index="1" bw="4" slack="0"/>
<pin id="151" dir="0" index="2" bw="1" slack="0"/>
<pin id="152" dir="0" index="3" bw="3" slack="0"/>
<pin id="153" dir="1" index="4" bw="2" slack="0"/>
</pin_list>
<bind>
<opcode="partselect(1002) " fcode="partselect"/>
<opset="lshr_ln/1 "/>
</bind>
</comp>

<comp id="158" class="1004" name="zext_ln218_fu_158">
<pin_list>
<pin id="159" dir="0" index="0" bw="2" slack="0"/>
<pin id="160" dir="1" index="1" bw="64" slack="0"/>
</pin_list>
<bind>
<opcode="zext(34) " fcode="zext"/>
<opset="zext_ln218/1 "/>
</bind>
</comp>

<comp id="164" class="1004" name="store_ln219_store_fu_164">
<pin_list>
<pin id="165" dir="0" index="0" bw="4" slack="0"/>
<pin id="166" dir="0" index="1" bw="4" slack="0"/>
<pin id="167" dir="1" index="2" bw="0" slack="2147483647"/>
</pin_list>
<bind>
<opcode="store(28) " fcode="store"/>
<opset="store_ln219/1 "/>
</bind>
</comp>

<comp id="169" class="1004" name="A_1_load_load_fu_169">
<pin_list>
<pin id="170" dir="0" index="0" bw="512" slack="1"/>
<pin id="171" dir="1" index="1" bw="512" slack="0"/>
</pin_list>
<bind>
<opcode="load(27) " fcode="load"/>
<opset="A_1_load/2 "/>
</bind>
</comp>

<comp id="172" class="1004" name="B_load_load_fu_172">
<pin_list>
<pin id="173" dir="0" index="0" bw="512" slack="1"/>
<pin id="174" dir="1" index="1" bw="512" slack="0"/>
</pin_list>
<bind>
<opcode="load(27) " fcode="load"/>
<opset="B_load/2 "/>
</bind>
</comp>

<comp id="175" class="1004" name="trunc_ln219_fu_175">
<pin_list>
<pin id="176" dir="0" index="0" bw="4" slack="1"/>
<pin id="177" dir="1" index="1" bw="1" slack="0"/>
</pin_list>
<bind>
<opcode="trunc(33) " fcode="trunc"/>
<opset="trunc_ln219/2 "/>
</bind>
</comp>

<comp id="178" class="1004" name="select_ln220_fu_178">
<pin_list>
<pin id="179" dir="0" index="0" bw="1" slack="0"/>
<pin id="180" dir="0" index="1" bw="64" slack="0"/>
<pin id="181" dir="0" index="2" bw="64" slack="0"/>
<pin id="182" dir="1" index="3" bw="64" slack="0"/>
</pin_list>
<bind>
<opcode="select(49) " fcode="select"/>
<opset="select_ln220/2 "/>
</bind>
</comp>

<comp id="186" class="1004" name="zext_ln220_fu_186">
<pin_list>
<pin id="187" dir="0" index="0" bw="64" slack="0"/>
<pin id="188" dir="1" index="1" bw="512" slack="0"/>
</pin_list>
<bind>
<opcode="zext(34) " fcode="zext"/>
<opset="zext_ln220/2 "/>
</bind>
</comp>

<comp id="190" class="1004" name="trunc_ln220_fu_190">
<pin_list>
<pin id="191" dir="0" index="0" bw="4" slack="1"/>
<pin id="192" dir="1" index="1" bw="3" slack="0"/>
</pin_list>
<bind>
<opcode="trunc(33) " fcode="trunc"/>
<opset="trunc_ln220/2 "/>
</bind>
</comp>

<comp id="193" class="1004" name="shl_ln_fu_193">
<pin_list>
<pin id="194" dir="0" index="0" bw="9" slack="0"/>
<pin id="195" dir="0" index="1" bw="3" slack="0"/>
<pin id="196" dir="0" index="2" bw="1" slack="0"/>
<pin id="197" dir="1" index="3" bw="9" slack="0"/>
</pin_list>
<bind>
<opcode="bitconcatenate(1004) " fcode="bitconcatenate"/>
<opset="shl_ln/2 "/>
</bind>
</comp>

<comp id="201" class="1004" name="zext_ln220_41_fu_201">
<pin_list>
<pin id="202" dir="0" index="0" bw="9" slack="0"/>
<pin id="203" dir="1" index="1" bw="512" slack="0"/>
</pin_list>
<bind>
<opcode="zext(34) " fcode="zext"/>
<opset="zext_ln220_41/2 "/>
</bind>
</comp>

<comp id="205" class="1004" name="shl_ln220_fu_205">
<pin_list>
<pin id="206" dir="0" index="0" bw="64" slack="0"/>
<pin id="207" dir="0" index="1" bw="9" slack="0"/>
<pin id="208" dir="1" index="2" bw="512" slack="0"/>
</pin_list>
<bind>
<opcode="shl(20) " fcode="shl"/>
<opset="shl_ln220/2 "/>
</bind>
</comp>

<comp id="211" class="1004" name="A_1_27_fu_211">
<pin_list>
<pin id="212" dir="0" index="0" bw="512" slack="0"/>
<pin id="213" dir="0" index="1" bw="512" slack="0"/>
<pin id="214" dir="1" index="2" bw="512" slack="0"/>
</pin_list>
<bind>
<opcode="or(24) " fcode="or"/>
<opset="A_1_27/2 "/>
</bind>
</comp>

<comp id="217" class="1004" name="zext_ln221_fu_217">
<pin_list>
<pin id="218" dir="0" index="0" bw="64" slack="0"/>
<pin id="219" dir="1" index="1" bw="512" slack="0"/>
</pin_list>
<bind>
<opcode="zext(34) " fcode="zext"/>
<opset="zext_ln221/2 "/>
</bind>
</comp>

<comp id="221" class="1004" name="shl_ln221_fu_221">
<pin_list>
<pin id="222" dir="0" index="0" bw="64" slack="0"/>
<pin id="223" dir="0" index="1" bw="9" slack="0"/>
<pin id="224" dir="1" index="2" bw="512" slack="0"/>
</pin_list>
<bind>
<opcode="shl(20) " fcode="shl"/>
<opset="shl_ln221/2 "/>
</bind>
</comp>

<comp id="227" class="1004" name="B_41_fu_227">
<pin_list>
<pin id="228" dir="0" index="0" bw="512" slack="0"/>
<pin id="229" dir="0" index="1" bw="512" slack="0"/>
<pin id="230" dir="1" index="2" bw="512" slack="0"/>
</pin_list>
<bind>
<opcode="or(24) " fcode="or"/>
<opset="B_41/2 "/>
</bind>
</comp>

<comp id="233" class="1004" name="store_ln218_store_fu_233">
<pin_list>
<pin id="234" dir="0" index="0" bw="512" slack="0"/>
<pin id="235" dir="0" index="1" bw="512" slack="1"/>
<pin id="236" dir="1" index="2" bw="0" slack="2147483647"/>
</pin_list>
<bind>
<opcode="store(28) " fcode="store"/>
<opset="store_ln218/2 "/>
</bind>
</comp>

<comp id="238" class="1004" name="store_ln218_store_fu_238">
<pin_list>
<pin id="239" dir="0" index="0" bw="512" slack="0"/>
<pin id="240" dir="0" index="1" bw="512" slack="1"/>
<pin id="241" dir="1" index="2" bw="0" slack="2147483647"/>
</pin_list>
<bind>
<opcode="store(28) " fcode="store"/>
<opset="store_ln218/2 "/>
</bind>
</comp>

<comp id="243" class="1004" name="A_1_load_26_load_fu_243">
<pin_list>
<pin id="244" dir="0" index="0" bw="512" slack="0"/>
<pin id="245" dir="1" index="1" bw="512" slack="0"/>
</pin_list>
<bind>
<opcode="load(27) " fcode="load"/>
<opset="A_1_load_26/1 "/>
</bind>
</comp>

<comp id="247" class="1004" name="B_load_41_load_fu_247">
<pin_list>
<pin id="248" dir="0" index="0" bw="512" slack="0"/>
<pin id="249" dir="1" index="1" bw="512" slack="0"/>
</pin_list>
<bind>
<opcode="load(27) " fcode="load"/>
<opset="B_load_41/1 "/>
</bind>
</comp>

<comp id="251" class="1005" name="A_1_reg_251">
<pin_list>
<pin id="252" dir="0" index="0" bw="512" slack="0"/>
<pin id="253" dir="1" index="1" bw="512" slack="0"/>
</pin_list>
<bind>
<opset="A_1 "/>
</bind>
</comp>

<comp id="259" class="1005" name="B_reg_259">
<pin_list>
<pin id="260" dir="0" index="0" bw="512" slack="0"/>
<pin id="261" dir="1" index="1" bw="512" slack="0"/>
</pin_list>
<bind>
<opset="B "/>
</bind>
</comp>

<comp id="267" class="1005" name="i_reg_267">
<pin_list>
<pin id="268" dir="0" index="0" bw="4" slack="0"/>
<pin id="269" dir="1" index="1" bw="4" slack="0"/>
</pin_list>
<bind>
<opset="i "/>
</bind>
</comp>

<comp id="274" class="1005" name="i_262_reg_274">
<pin_list>
<pin id="275" dir="0" index="0" bw="4" slack="1"/>
<pin id="276" dir="1" index="1" bw="4" slack="1"/>
</pin_list>
<bind>
<opset="i_262 "/>
</bind>
</comp>

<comp id="283" class="1005" name="b_addr_reg_283">
<pin_list>
<pin id="284" dir="0" index="0" bw="4" slack="1"/>
<pin id="285" dir="1" index="1" bw="4" slack="1"/>
</pin_list>
<bind>
<opset="b_addr "/>
</bind>
</comp>

<comp id="288" class="1005" name="a_0_addr_reg_288">
<pin_list>
<pin id="289" dir="0" index="0" bw="3" slack="1"/>
<pin id="290" dir="1" index="1" bw="3" slack="1"/>
</pin_list>
<bind>
<opset="a_0_addr "/>
</bind>
</comp>

<comp id="293" class="1005" name="a_1_addr_reg_293">
<pin_list>
<pin id="294" dir="0" index="0" bw="3" slack="1"/>
<pin id="295" dir="1" index="1" bw="3" slack="1"/>
</pin_list>
<bind>
<opset="a_1_addr "/>
</bind>
</comp>

</comp_list>

<net_list>
<net id="51"><net_src comp="10" pin="0"/><net_sink comp="48" pin=0"/></net>

<net id="55"><net_src comp="10" pin="0"/><net_sink comp="52" pin=0"/></net>

<net id="59"><net_src comp="10" pin="0"/><net_sink comp="56" pin=0"/></net>

<net id="65"><net_src comp="46" pin="0"/><net_sink comp="60" pin=0"/></net>

<net id="66"><net_src comp="6" pin="0"/><net_sink comp="60" pin=1"/></net>

<net id="72"><net_src comp="46" pin="0"/><net_sink comp="67" pin=0"/></net>

<net id="73"><net_src comp="8" pin="0"/><net_sink comp="67" pin=1"/></net>

<net id="79"><net_src comp="0" pin="0"/><net_sink comp="74" pin=0"/></net>

<net id="80"><net_src comp="20" pin="0"/><net_sink comp="74" pin=1"/></net>

<net id="86"><net_src comp="2" pin="0"/><net_sink comp="81" pin=0"/></net>

<net id="87"><net_src comp="20" pin="0"/><net_sink comp="81" pin=1"/></net>

<net id="93"><net_src comp="4" pin="0"/><net_sink comp="88" pin=0"/></net>

<net id="94"><net_src comp="20" pin="0"/><net_sink comp="88" pin=1"/></net>

<net id="100"><net_src comp="81" pin="3"/><net_sink comp="95" pin=0"/></net>

<net id="106"><net_src comp="88" pin="3"/><net_sink comp="101" pin=0"/></net>

<net id="112"><net_src comp="74" pin="3"/><net_sink comp="107" pin=0"/></net>

<net id="117"><net_src comp="12" pin="0"/><net_sink comp="113" pin=0"/></net>

<net id="122"><net_src comp="14" pin="0"/><net_sink comp="118" pin=0"/></net>

<net id="127"><net_src comp="14" pin="0"/><net_sink comp="123" pin=0"/></net>

<net id="135"><net_src comp="128" pin="1"/><net_sink comp="131" pin=0"/></net>

<net id="136"><net_src comp="16" pin="0"/><net_sink comp="131" pin=1"/></net>

<net id="141"><net_src comp="128" pin="1"/><net_sink comp="137" pin=0"/></net>

<net id="142"><net_src comp="18" pin="0"/><net_sink comp="137" pin=1"/></net>

<net id="146"><net_src comp="128" pin="1"/><net_sink comp="143" pin=0"/></net>

<net id="147"><net_src comp="143" pin="1"/><net_sink comp="74" pin=2"/></net>

<net id="154"><net_src comp="22" pin="0"/><net_sink comp="148" pin=0"/></net>

<net id="155"><net_src comp="128" pin="1"/><net_sink comp="148" pin=1"/></net>

<net id="156"><net_src comp="10" pin="0"/><net_sink comp="148" pin=2"/></net>

<net id="157"><net_src comp="24" pin="0"/><net_sink comp="148" pin=3"/></net>

<net id="161"><net_src comp="148" pin="4"/><net_sink comp="158" pin=0"/></net>

<net id="162"><net_src comp="158" pin="1"/><net_sink comp="81" pin=2"/></net>

<net id="163"><net_src comp="158" pin="1"/><net_sink comp="88" pin=2"/></net>

<net id="168"><net_src comp="137" pin="2"/><net_sink comp="164" pin=0"/></net>

<net id="183"><net_src comp="175" pin="1"/><net_sink comp="178" pin=0"/></net>

<net id="184"><net_src comp="101" pin="3"/><net_sink comp="178" pin=1"/></net>

<net id="185"><net_src comp="95" pin="3"/><net_sink comp="178" pin=2"/></net>

<net id="189"><net_src comp="178" pin="3"/><net_sink comp="186" pin=0"/></net>

<net id="198"><net_src comp="42" pin="0"/><net_sink comp="193" pin=0"/></net>

<net id="199"><net_src comp="190" pin="1"/><net_sink comp="193" pin=1"/></net>

<net id="200"><net_src comp="44" pin="0"/><net_sink comp="193" pin=2"/></net>

<net id="204"><net_src comp="193" pin="3"/><net_sink comp="201" pin=0"/></net>

<net id="209"><net_src comp="186" pin="1"/><net_sink comp="205" pin=0"/></net>

<net id="210"><net_src comp="201" pin="1"/><net_sink comp="205" pin=1"/></net>

<net id="215"><net_src comp="205" pin="2"/><net_sink comp="211" pin=0"/></net>

<net id="216"><net_src comp="169" pin="1"/><net_sink comp="211" pin=1"/></net>

<net id="220"><net_src comp="107" pin="3"/><net_sink comp="217" pin=0"/></net>

<net id="225"><net_src comp="217" pin="1"/><net_sink comp="221" pin=0"/></net>

<net id="226"><net_src comp="201" pin="1"/><net_sink comp="221" pin=1"/></net>

<net id="231"><net_src comp="221" pin="2"/><net_sink comp="227" pin=0"/></net>

<net id="232"><net_src comp="172" pin="1"/><net_sink comp="227" pin=1"/></net>

<net id="237"><net_src comp="227" pin="2"/><net_sink comp="233" pin=0"/></net>

<net id="242"><net_src comp="211" pin="2"/><net_sink comp="238" pin=0"/></net>

<net id="246"><net_src comp="243" pin="1"/><net_sink comp="67" pin=2"/></net>

<net id="250"><net_src comp="247" pin="1"/><net_sink comp="60" pin=2"/></net>

<net id="254"><net_src comp="48" pin="1"/><net_sink comp="251" pin=0"/></net>

<net id="255"><net_src comp="251" pin="1"/><net_sink comp="123" pin=1"/></net>

<net id="256"><net_src comp="251" pin="1"/><net_sink comp="169" pin=0"/></net>

<net id="257"><net_src comp="251" pin="1"/><net_sink comp="238" pin=1"/></net>

<net id="258"><net_src comp="251" pin="1"/><net_sink comp="243" pin=0"/></net>

<net id="262"><net_src comp="52" pin="1"/><net_sink comp="259" pin=0"/></net>

<net id="263"><net_src comp="259" pin="1"/><net_sink comp="118" pin=1"/></net>

<net id="264"><net_src comp="259" pin="1"/><net_sink comp="172" pin=0"/></net>

<net id="265"><net_src comp="259" pin="1"/><net_sink comp="233" pin=1"/></net>

<net id="266"><net_src comp="259" pin="1"/><net_sink comp="247" pin=0"/></net>

<net id="270"><net_src comp="56" pin="1"/><net_sink comp="267" pin=0"/></net>

<net id="271"><net_src comp="267" pin="1"/><net_sink comp="113" pin=1"/></net>

<net id="272"><net_src comp="267" pin="1"/><net_sink comp="128" pin=0"/></net>

<net id="273"><net_src comp="267" pin="1"/><net_sink comp="164" pin=1"/></net>

<net id="277"><net_src comp="128" pin="1"/><net_sink comp="274" pin=0"/></net>

<net id="278"><net_src comp="274" pin="1"/><net_sink comp="175" pin=0"/></net>

<net id="279"><net_src comp="274" pin="1"/><net_sink comp="190" pin=0"/></net>

<net id="286"><net_src comp="74" pin="3"/><net_sink comp="283" pin=0"/></net>

<net id="287"><net_src comp="283" pin="1"/><net_sink comp="107" pin=0"/></net>

<net id="291"><net_src comp="81" pin="3"/><net_sink comp="288" pin=0"/></net>

<net id="292"><net_src comp="288" pin="1"/><net_sink comp="95" pin=0"/></net>

<net id="296"><net_src comp="88" pin="3"/><net_sink comp="293" pin=0"/></net>

<net id="297"><net_src comp="293" pin="1"/><net_sink comp="101" pin=0"/></net>

</net_list>

</model> 
---------------- Datapath Model END ------------------

* FSMD analyzer results:
  - Output states:
	Port: B_out | {1 }
	Port: A_1_out | {1 }
 - Input state : 
	Port: fp2mul503_mont.40_Pipeline_VITIS_LOOP_219_1 : b | {1 2 }
	Port: fp2mul503_mont.40_Pipeline_VITIS_LOOP_219_1 : a_0 | {1 2 }
	Port: fp2mul503_mont.40_Pipeline_VITIS_LOOP_219_1 : a_1 | {1 2 }
  - Chain level:
	State 1
		store_ln219 : 1
		store_ln218 : 1
		store_ln218 : 1
		i_262 : 1
		icmp_ln219 : 2
		add_ln219 : 2
		br_ln219 : 3
		zext_ln219 : 2
		b_addr : 3
		lshr_ln : 2
		zext_ln218 : 3
		a_0_addr : 4
		a_1_addr : 4
		a_0_load : 5
		a_1_load : 5
		b_load : 4
		store_ln219 : 3
		A_1_load_26 : 1
		B_load_41 : 1
		write_ln0 : 2
		write_ln0 : 2
	State 2
		select_ln220 : 1
		zext_ln220 : 2
		shl_ln : 1
		zext_ln220_41 : 2
		shl_ln220 : 3
		A_1_27 : 4
		zext_ln221 : 1
		shl_ln221 : 3
		B_41 : 4
		store_ln218 : 4
		store_ln218 : 4


============================================================
+ Verbose Summary: Datapath Resource usage 
============================================================

* Functional unit list:
|----------|-----------------------|---------|---------|
| Operation|    Functional Unit    |    FF   |   LUT   |
|----------|-----------------------|---------|---------|
|    or    |     A_1_27_fu_211     |    0    |   511   |
|          |      B_41_fu_227      |    0    |   511   |
|----------|-----------------------|---------|---------|
|    shl   |    shl_ln220_fu_205   |    0    |   182   |
|          |    shl_ln221_fu_221   |    0    |   182   |
|----------|-----------------------|---------|---------|
|  select  |  select_ln220_fu_178  |    0    |    63   |
|----------|-----------------------|---------|---------|
|   icmp   |   icmp_ln219_fu_131   |    0    |    12   |
|----------|-----------------------|---------|---------|
|    add   |    add_ln219_fu_137   |    0    |    12   |
|----------|-----------------------|---------|---------|
|   write  | write_ln0_write_fu_60 |    0    |    0    |
|          | write_ln0_write_fu_67 |    0    |    0    |
|----------|-----------------------|---------|---------|
|          |   zext_ln219_fu_143   |    0    |    0    |
|          |   zext_ln218_fu_158   |    0    |    0    |
|   zext   |   zext_ln220_fu_186   |    0    |    0    |
|          |  zext_ln220_41_fu_201 |    0    |    0    |
|          |   zext_ln221_fu_217   |    0    |    0    |
|----------|-----------------------|---------|---------|
|partselect|     lshr_ln_fu_148    |    0    |    0    |
|----------|-----------------------|---------|---------|
|   trunc  |   trunc_ln219_fu_175  |    0    |    0    |
|          |   trunc_ln220_fu_190  |    0    |    0    |
|----------|-----------------------|---------|---------|
|bitconcatenate|     shl_ln_fu_193     |    0    |    0    |
|----------|-----------------------|---------|---------|
|   Total  |                       |    0    |   1473  |
|----------|-----------------------|---------|---------|

Memories:
N/A

* Register list:
+----------------+--------+
|                |   FF   |
+----------------+--------+
|   A_1_reg_251  |   512  |
|    B_reg_259   |   512  |
|a_0_addr_reg_288|    3   |
|a_1_addr_reg_293|    3   |
| b_addr_reg_283 |    4   |
|  i_262_reg_274 |    4   |
|    i_reg_267   |    4   |
+----------------+--------+
|      Total     |  1042  |
+----------------+--------+

* Multiplexer (MUX) list: 
|-------------------|------|------|------|--------||---------||---------||---------|
|        Comp       |  Pin | Size |  BW  | S x BW ||  Delay  ||    FF   ||   LUT   |
|-------------------|------|------|------|--------||---------||---------||---------|
|  grp_access_fu_95 |  p0  |   2  |   3  |    6   ||    0    ||    9    |
| grp_access_fu_101 |  p0  |   2  |   3  |    6   ||    0    ||    9    |
| grp_access_fu_107 |  p0  |   2  |   4  |    8   ||    0    ||    9    |
|-------------------|------|------|------|--------||---------||---------||---------|
|       Total       |      |      |      |   20   ||  1.161  ||    0    ||    27   |
|-------------------|------|------|------|--------||---------||---------||---------|



* Summary:
+-----------+--------+--------+--------+
|           |  Delay |   FF   |   LUT  |
+-----------+--------+--------+--------+
|  Function |    -   |    0   |  1473  |
|   Memory  |    -   |    -   |    -   |
|Multiplexer|    1   |    0   |   27   |
|  Register |    -   |  1042  |    -   |
+-----------+--------+--------+--------+
|   Total   |    1   |  1042  |  1500  |
+-----------+--------+--------+--------+
