

================================================================
== Vitis HLS Report for 'fp2sqr503_mont_28_Pipeline_VITIS_LOOP_61_1'
================================================================
* Date:           Mon Oct 20 14:24:01 2025

* Version:        2024.2.2 (Build 6049644 on Mar  5 2025)
* Project:        sikep503_hls
* Solution:       solution1 (Vivado IP Flow Target)
* Product family: virtexuplus58g
* Target device:  xcvu29p-fsga2577-2L-e


================================================================
== Performance Estimates
================================================================
+ Timing: 
    * Summary: 
    +--------+----------+----------+------------+
    |  Clock |  Target  | Estimated| Uncertainty|
    +--------+----------+----------+------------+
    |ap_clk  |  10.00 ns|  4.133 ns|     2.70 ns|
    +--------+----------+----------+------------+

+ Latency: 
    * Summary: 
    +---------+---------+----------+----------+-----+-----+------------------------------------------------+
    |  Latency (cycles) |  Latency (absolute) |  Interval |                    Pipeline                    |
    |   min   |   max   |    min   |    max   | min | max |                      Type                      |
    +---------+---------+----------+----------+-----+-----+------------------------------------------------+
    |       10|       10|  0.100 us|  0.100 us|    9|    9|  loop auto-rewind stp (delay=0 clock cycles(s))|
    +---------+---------+----------+----------+-----+-----+------------------------------------------------+

    + Detail: 
        * Instance: 
        N/A

        * Loop: 
        +-------------------+---------+---------+----------+-----------+-----------+------+----------+
        |                   |  Latency (cycles) | Iteration|  Initiation Interval  | Trip |          |
        |     Loop Name     |   min   |   max   |  Latency |  achieved |   target  | Count| Pipelined|
        +-------------------+---------+---------+----------+-----------+-----------+------+----------+
        |- VITIS_LOOP_61_1  |        8|        8|         2|          1|          1|     8|       yes|
        +-------------------+---------+---------+----------+-----------+-----------+------+----------+

============================================================
+ Verbose Summary: Synthesis Manager
============================================================
InlineROM: 1
ExposeGlobal: 0
============================================================
+ Verbose Summary: CDFG Model
============================================================
IsTopModel: 0
ResetActiveHigh: 1
IsCombinational: 0
IsDatapathOnly: 0
HasWiredReturn: 1
HasMFsm: 2
HasVarLatency: 1
IsPipeline: 0
IsRtlPipelined: 0
IsInstanceOverlapped: 0
IsDontTouch: 0
HasImplIP: 0
IsGatedGlobalClock: 0

+ Individual pipeline summary: 
  * Pipeline-0: initiation interval (II) = 1, depth = 2


============================================================
+ Verbose Summary: Schedule
============================================================
* Number of FSM states : 2
* Pipeline : 1
  Pipeline-0 : II = 1, D = 2, States = { 1 2 }
* Dataflow Pipeline: 0

* FSM state transitions: 
1 --> 2 
2 --> 

* FSM state operations: 

State 1 <SV = 0> <Delay = 1.48>
ST_1 : Operation 5 [1/1] (0.00ns)   --->   "%i_160 = alloca i32 1" [src/generic/fp_generic.cpp:56->src/fpx.cpp:150]   --->   Operation 5 'alloca' 'i_160' <Predicate = true> <Delay = 0.00>
ST_1 : Operation 6 [1/1] (0.00ns)   --->   "%specmemcore_ln0 = specmemcore void @_ssdm_op_SpecMemCore, i64 %t2, i64 666, i64 17, i64 18446744073709551615"   --->   Operation 6 'specmemcore' 'specmemcore_ln0' <Predicate = true> <Delay = 0.00>
ST_1 : Operation 7 [1/1] (0.00ns)   --->   "%specmemcore_ln0 = specmemcore void @_ssdm_op_SpecMemCore, i64 %t2_1, i64 666, i64 17, i64 18446744073709551615"   --->   Operation 7 'specmemcore' 'specmemcore_ln0' <Predicate = true> <Delay = 0.00>
ST_1 : Operation 8 [1/1] (0.00ns)   --->   "%specmemcore_ln0 = specmemcore void @_ssdm_op_SpecMemCore, i64 %a_1_1, i64 666, i64 207, i64 18446744073709551615"   --->   Operation 8 'specmemcore' 'specmemcore_ln0' <Predicate = true> <Delay = 0.00>
ST_1 : Operation 9 [1/1] (0.00ns)   --->   "%specmemcore_ln0 = specmemcore void @_ssdm_op_SpecMemCore, i64 %a_1_0, i64 666, i64 207, i64 18446744073709551615"   --->   Operation 9 'specmemcore' 'specmemcore_ln0' <Predicate = true> <Delay = 0.00>
ST_1 : Operation 10 [1/1] (0.00ns)   --->   "%specmemcore_ln0 = specmemcore void @_ssdm_op_SpecMemCore, i64 %a_0_1, i64 666, i64 207, i64 18446744073709551615"   --->   Operation 10 'specmemcore' 'specmemcore_ln0' <Predicate = true> <Delay = 0.00>
ST_1 : Operation 11 [1/1] (0.00ns)   --->   "%specmemcore_ln0 = specmemcore void @_ssdm_op_SpecMemCore, i64 %a_0_0, i64 666, i64 207, i64 18446744073709551615"   --->   Operation 11 'specmemcore' 'specmemcore_ln0' <Predicate = true> <Delay = 0.00>
ST_1 : Operation 12 [1/1] (0.38ns)   --->   "%store_ln56 = store i4 0, i4 %i_160" [src/generic/fp_generic.cpp:56->src/fpx.cpp:150]   --->   Operation 12 'store' 'store_ln56' <Predicate = true> <Delay = 0.38>
ST_1 : Operation 13 [1/1] (0.38ns)   --->   "%br_ln0 = br void %for.inc.i"   --->   Operation 13 'br' 'br_ln0' <Predicate = true> <Delay = 0.38>
ST_1 : Operation 14 [1/1] (0.00ns)   --->   "%borrow = phi i1 %borrow_27, void %arrayidx10.i48.exit, i1 0, void %newFuncRoot"   --->   Operation 14 'phi' 'borrow' <Predicate = true> <Delay = 0.00>
ST_1 : Operation 15 [1/1] (0.00ns)   --->   "%i = load i4 %i_160" [src/generic/fp_generic.cpp:61->src/fpx.cpp:150]   --->   Operation 15 'load' 'i' <Predicate = true> <Delay = 0.00>
ST_1 : Operation 16 [1/1] (0.70ns)   --->   "%icmp_ln61 = icmp_eq  i4 %i, i4 8" [src/generic/fp_generic.cpp:61->src/fpx.cpp:150]   --->   Operation 16 'icmp' 'icmp_ln61' <Predicate = true> <Delay = 0.70> <CoreInst = "Cmp">   --->   Core 9 'Cmp' <Latency = 0> <II = 1> <Delay = 0.70> <FuncUnit> <Opcode : 'seteq' 'setne' 'setle' 'setge' 'setlt' 'setgt'> <InPorts = 2> <OutPorts = 1>
ST_1 : Operation 17 [1/1] (0.70ns)   --->   "%add_ln61 = add i4 %i, i4 1" [src/generic/fp_generic.cpp:61->src/fpx.cpp:150]   --->   Operation 17 'add' 'add_ln61' <Predicate = true> <Delay = 0.70> <CoreInst = "Adder">   --->   Core 1 'Adder' <Latency = 0> <II = 1> <Delay = 0.70> <FuncUnit> <Opcode : 'add' 'sub'> <InPorts = 2> <OutPorts = 1>
ST_1 : Operation 18 [1/1] (0.00ns)   --->   "%br_ln61 = br i1 %icmp_ln61, void %for.inc.i.split, void %for.end.i.exitStub" [src/generic/fp_generic.cpp:61->src/fpx.cpp:150]   --->   Operation 18 'br' 'br_ln61' <Predicate = true> <Delay = 0.00>
ST_1 : Operation 19 [1/1] (0.00ns)   --->   "%trunc_ln61 = trunc i4 %i" [src/generic/fp_generic.cpp:61->src/fpx.cpp:150]   --->   Operation 19 'trunc' 'trunc_ln61' <Predicate = (!icmp_ln61)> <Delay = 0.00>
ST_1 : Operation 20 [1/1] (0.00ns)   --->   "%lshr_ln = partselect i2 @_ssdm_op_PartSelect.i2.i4.i32.i32, i4 %i, i32 1, i32 2" [src/generic/fp_generic.cpp:56->src/fpx.cpp:150]   --->   Operation 20 'partselect' 'lshr_ln' <Predicate = (!icmp_ln61)> <Delay = 0.00>
ST_1 : Operation 21 [1/1] (0.00ns)   --->   "%zext_ln56 = zext i2 %lshr_ln" [src/generic/fp_generic.cpp:56->src/fpx.cpp:150]   --->   Operation 21 'zext' 'zext_ln56' <Predicate = (!icmp_ln61)> <Delay = 0.00>
ST_1 : Operation 22 [1/1] (0.00ns)   --->   "%a_0_0_addr = getelementptr i64 %a_0_0, i64 0, i64 %zext_ln56" [src/generic/fp_generic.cpp:63->src/fpx.cpp:150]   --->   Operation 22 'getelementptr' 'a_0_0_addr' <Predicate = (!icmp_ln61)> <Delay = 0.00>
ST_1 : Operation 23 [1/1] (0.00ns)   --->   "%a_0_1_addr = getelementptr i64 %a_0_1, i64 0, i64 %zext_ln56" [src/generic/fp_generic.cpp:63->src/fpx.cpp:150]   --->   Operation 23 'getelementptr' 'a_0_1_addr' <Predicate = (!icmp_ln61)> <Delay = 0.00>
ST_1 : Operation 24 [2/2] (0.71ns)   --->   "%a_0_0_load = load i2 %a_0_0_addr" [src/generic/fp_generic.cpp:63->src/fpx.cpp:150]   --->   Operation 24 'load' 'a_0_0_load' <Predicate = (!icmp_ln61)> <Delay = 0.71> <CoreInst = "RAM_1P">   --->   Core 87 'RAM_1P' <Latency = 1> <II = 1> <Delay = 0.71> <Storage> <Opcode : 'load' 'store'> <Ports = 1> <Width = 64> <Depth = 4> <RAM>
ST_1 : Operation 25 [2/2] (0.71ns)   --->   "%a_0_1_load = load i2 %a_0_1_addr" [src/generic/fp_generic.cpp:63->src/fpx.cpp:150]   --->   Operation 25 'load' 'a_0_1_load' <Predicate = (!icmp_ln61)> <Delay = 0.71> <CoreInst = "RAM_1P">   --->   Core 87 'RAM_1P' <Latency = 1> <II = 1> <Delay = 0.71> <Storage> <Opcode : 'load' 'store'> <Ports = 1> <Width = 64> <Depth = 4> <RAM>
ST_1 : Operation 26 [1/1] (0.00ns)   --->   "%a_1_0_addr = getelementptr i64 %a_1_0, i64 0, i64 %zext_ln56" [src/generic/fp_generic.cpp:63->src/fpx.cpp:150]   --->   Operation 26 'getelementptr' 'a_1_0_addr' <Predicate = (!icmp_ln61)> <Delay = 0.00>
ST_1 : Operation 27 [1/1] (0.00ns)   --->   "%a_1_1_addr = getelementptr i64 %a_1_1, i64 0, i64 %zext_ln56" [src/generic/fp_generic.cpp:63->src/fpx.cpp:150]   --->   Operation 27 'getelementptr' 'a_1_1_addr' <Predicate = (!icmp_ln61)> <Delay = 0.00>
ST_1 : Operation 28 [2/2] (0.71ns)   --->   "%a_1_0_load = load i2 %a_1_0_addr" [src/generic/fp_generic.cpp:63->src/fpx.cpp:150]   --->   Operation 28 'load' 'a_1_0_load' <Predicate = (!icmp_ln61)> <Delay = 0.71> <CoreInst = "RAM_1P">   --->   Core 87 'RAM_1P' <Latency = 1> <II = 1> <Delay = 0.71> <Storage> <Opcode : 'load' 'store'> <Ports = 1> <Width = 64> <Depth = 4> <RAM>
ST_1 : Operation 29 [2/2] (0.71ns)   --->   "%a_1_1_load = load i2 %a_1_1_addr" [src/generic/fp_generic.cpp:63->src/fpx.cpp:150]   --->   Operation 29 'load' 'a_1_1_load' <Predicate = (!icmp_ln61)> <Delay = 0.71> <CoreInst = "RAM_1P">   --->   Core 87 'RAM_1P' <Latency = 1> <II = 1> <Delay = 0.71> <Storage> <Opcode : 'load' 'store'> <Ports = 1> <Width = 64> <Depth = 4> <RAM>
ST_1 : Operation 30 [1/1] (0.00ns)   --->   "%t2_addr = getelementptr i64 %t2, i64 0, i64 %zext_ln56" [src/generic/fp_generic.cpp:63->src/fpx.cpp:150]   --->   Operation 30 'getelementptr' 't2_addr' <Predicate = (!icmp_ln61)> <Delay = 0.00>
ST_1 : Operation 31 [1/1] (0.00ns)   --->   "%t2_1_addr = getelementptr i64 %t2_1, i64 0, i64 %zext_ln56" [src/generic/fp_generic.cpp:63->src/fpx.cpp:150]   --->   Operation 31 'getelementptr' 't2_1_addr' <Predicate = (!icmp_ln61)> <Delay = 0.00>
ST_1 : Operation 32 [1/1] (0.00ns)   --->   "%br_ln63 = br i1 %trunc_ln61, void %arrayidx10.i48.case.0, void %arrayidx10.i48.case.1" [src/generic/fp_generic.cpp:63->src/fpx.cpp:150]   --->   Operation 32 'br' 'br_ln63' <Predicate = (!icmp_ln61)> <Delay = 0.00>
ST_1 : Operation 33 [1/1] (0.38ns)   --->   "%store_ln56 = store i4 %add_ln61, i4 %i_160" [src/generic/fp_generic.cpp:56->src/fpx.cpp:150]   --->   Operation 33 'store' 'store_ln56' <Predicate = (!icmp_ln61)> <Delay = 0.38>
ST_1 : Operation 34 [1/1] (0.00ns)   --->   "%br_ln61 = br void %for.inc.i" [src/generic/fp_generic.cpp:61->src/fpx.cpp:150]   --->   Operation 34 'br' 'br_ln61' <Predicate = (!icmp_ln61)> <Delay = 0.00>
ST_1 : Operation 62 [1/1] (0.00ns)   --->   "%write_ln63 = write void @_ssdm_op_Write.ap_auto.i1P0A, i1 %borrow_out, i1 %borrow" [src/generic/fp_generic.cpp:63->src/fpx.cpp:150]   --->   Operation 62 'write' 'write_ln63' <Predicate = (icmp_ln61)> <Delay = 0.00>
ST_1 : Operation 63 [1/1] (0.38ns)   --->   "%ret_ln0 = ret"   --->   Operation 63 'ret' 'ret_ln0' <Predicate = (icmp_ln61)> <Delay = 0.38>

State 2 <SV = 1> <Delay = 4.13>
ST_2 : Operation 35 [1/1] (0.00ns)   --->   "%specpipeline_ln56 = specpipeline void @_ssdm_op_SpecPipeline, i32 4294967295, i32 0, i32 0, i32 0, void @empty_104" [src/generic/fp_generic.cpp:56->src/fpx.cpp:150]   --->   Operation 35 'specpipeline' 'specpipeline_ln56' <Predicate = (!icmp_ln61)> <Delay = 0.00>
ST_2 : Operation 36 [1/1] (0.00ns)   --->   "%speclooptripcount_ln56 = speclooptripcount void @_ssdm_op_SpecLoopTripCount, i64 8, i64 8, i64 8" [src/generic/fp_generic.cpp:56->src/fpx.cpp:150]   --->   Operation 36 'speclooptripcount' 'speclooptripcount_ln56' <Predicate = (!icmp_ln61)> <Delay = 0.00>
ST_2 : Operation 37 [1/1] (0.00ns)   --->   "%specloopname_ln61 = specloopname void @_ssdm_op_SpecLoopName, void @empty_37" [src/generic/fp_generic.cpp:61->src/fpx.cpp:150]   --->   Operation 37 'specloopname' 'specloopname_ln61' <Predicate = (!icmp_ln61)> <Delay = 0.00>
ST_2 : Operation 38 [1/2] ( I:0.71ns O:0.71ns )   --->   "%a_0_0_load = load i2 %a_0_0_addr" [src/generic/fp_generic.cpp:63->src/fpx.cpp:150]   --->   Operation 38 'load' 'a_0_0_load' <Predicate = (!icmp_ln61)> <Delay = 0.71> <CoreInst = "RAM_1P">   --->   Core 87 'RAM_1P' <Latency = 1> <II = 1> <Delay = 0.71> <Storage> <Opcode : 'load' 'store'> <Ports = 1> <Width = 64> <Depth = 4> <RAM>
ST_2 : Operation 39 [1/2] ( I:0.71ns O:0.71ns )   --->   "%a_0_1_load = load i2 %a_0_1_addr" [src/generic/fp_generic.cpp:63->src/fpx.cpp:150]   --->   Operation 39 'load' 'a_0_1_load' <Predicate = (!icmp_ln61)> <Delay = 0.71> <CoreInst = "RAM_1P">   --->   Core 87 'RAM_1P' <Latency = 1> <II = 1> <Delay = 0.71> <Storage> <Opcode : 'load' 'store'> <Ports = 1> <Width = 64> <Depth = 4> <RAM>
ST_2 : Operation 40 [1/1] (0.41ns)   --->   "%select_ln63 = select i1 %trunc_ln61, i64 %a_0_1_load, i64 %a_0_0_load" [src/generic/fp_generic.cpp:63->src/fpx.cpp:150]   --->   Operation 40 'select' 'select_ln63' <Predicate = (!icmp_ln61)> <Delay = 0.41> <CoreInst = "Sel">   --->   Core 73 'Sel' <Latency = 0> <II = 1> <Delay = 0.41> <FuncUnit> <Opcode : 'select'> <InPorts = 3> <OutPorts = 1>
ST_2 : Operation 41 [1/2] ( I:0.71ns O:0.71ns )   --->   "%a_1_0_load = load i2 %a_1_0_addr" [src/generic/fp_generic.cpp:63->src/fpx.cpp:150]   --->   Operation 41 'load' 'a_1_0_load' <Predicate = (!icmp_ln61)> <Delay = 0.71> <CoreInst = "RAM_1P">   --->   Core 87 'RAM_1P' <Latency = 1> <II = 1> <Delay = 0.71> <Storage> <Opcode : 'load' 'store'> <Ports = 1> <Width = 64> <Depth = 4> <RAM>
ST_2 : Operation 42 [1/2] ( I:0.71ns O:0.71ns )   --->   "%a_1_1_load = load i2 %a_1_1_addr" [src/generic/fp_generic.cpp:63->src/fpx.cpp:150]   --->   Operation 42 'load' 'a_1_1_load' <Predicate = (!icmp_ln61)> <Delay = 0.71> <CoreInst = "RAM_1P">   --->   Core 87 'RAM_1P' <Latency = 1> <II = 1> <Delay = 0.71> <Storage> <Opcode : 'load' 'store'> <Ports = 1> <Width = 64> <Depth = 4> <RAM>
ST_2 : Operation 43 [1/1] (0.41ns)   --->   "%select_ln63_4 = select i1 %trunc_ln61, i64 %a_1_1_load, i64 %a_1_0_load" [src/generic/fp_generic.cpp:63->src/fpx.cpp:150]   --->   Operation 43 'select' 'select_ln63_4' <Predicate = (!icmp_ln61)> <Delay = 0.41> <CoreInst = "Sel">   --->   Core 73 'Sel' <Latency = 0> <II = 1> <Delay = 0.41> <FuncUnit> <Opcode : 'select'> <InPorts = 3> <OutPorts = 1>
ST_2 : Operation 44 [1/1] (1.14ns)   --->   "%tempReg = sub i64 %select_ln63, i64 %select_ln63_4" [src/generic/fp_generic.cpp:63->src/fpx.cpp:150]   --->   Operation 44 'sub' 'tempReg' <Predicate = (!icmp_ln61)> <Delay = 1.14> <CoreInst = "Adder">   --->   Core 1 'Adder' <Latency = 0> <II = 1> <Delay = 1.14> <FuncUnit> <Opcode : 'add' 'sub'> <InPorts = 2> <OutPorts = 1>
ST_2 : Operation 45 [1/1] (0.00ns) (grouped into LUT with out node tmp)   --->   "%xor_ln105 = xor i64 %select_ln63_4, i64 %select_ln63" [src/config.h:105->src/generic/fp_generic.cpp:63->src/fpx.cpp:150]   --->   Operation 45 'xor' 'xor_ln105' <Predicate = (!icmp_ln61)> <Delay = 0.00> <CoreInst = "LogicGate">   --->   Core 74 'LogicGate' <Latency = 0> <II = 1> <Delay = 0.28> <FuncUnit> <Opcode : 'and' 'or' 'xor'> <InPorts = 2> <OutPorts = 1>
ST_2 : Operation 46 [1/1] (0.00ns) (grouped into LUT with out node tmp)   --->   "%xor_ln105_73 = xor i64 %tempReg, i64 %select_ln63_4" [src/config.h:105->src/generic/fp_generic.cpp:63->src/fpx.cpp:150]   --->   Operation 46 'xor' 'xor_ln105_73' <Predicate = (!icmp_ln61)> <Delay = 0.00> <CoreInst = "LogicGate">   --->   Core 74 'LogicGate' <Latency = 0> <II = 1> <Delay = 0.28> <FuncUnit> <Opcode : 'and' 'or' 'xor'> <InPorts = 2> <OutPorts = 1>
ST_2 : Operation 47 [1/1] (0.00ns) (grouped into LUT with out node tmp)   --->   "%or_ln105 = or i64 %xor_ln105_73, i64 %xor_ln105" [src/config.h:105->src/generic/fp_generic.cpp:63->src/fpx.cpp:150]   --->   Operation 47 'or' 'or_ln105' <Predicate = (!icmp_ln61)> <Delay = 0.00> <CoreInst = "LogicGate">   --->   Core 74 'LogicGate' <Latency = 0> <II = 1> <Delay = 0.28> <FuncUnit> <Opcode : 'and' 'or' 'xor'> <InPorts = 2> <OutPorts = 1>
ST_2 : Operation 48 [1/1] (0.00ns) (grouped into LUT with out node tmp)   --->   "%xor_ln105_74 = xor i64 %or_ln105, i64 %select_ln63" [src/config.h:105->src/generic/fp_generic.cpp:63->src/fpx.cpp:150]   --->   Operation 48 'xor' 'xor_ln105_74' <Predicate = (!icmp_ln61)> <Delay = 0.00> <CoreInst = "LogicGate">   --->   Core 74 'LogicGate' <Latency = 0> <II = 1> <Delay = 0.28> <FuncUnit> <Opcode : 'and' 'or' 'xor'> <InPorts = 2> <OutPorts = 1>
ST_2 : Operation 49 [1/1] (0.28ns) (out node of the LUT)   --->   "%tmp = bitselect i1 @_ssdm_op_BitSelect.i1.i64.i32, i64 %xor_ln105_74, i32 63" [src/config.h:98->src/generic/fp_generic.cpp:63->src/fpx.cpp:150]   --->   Operation 49 'bitselect' 'tmp' <Predicate = (!icmp_ln61)> <Delay = 0.28>
ST_2 : Operation 50 [1/1] (1.14ns)   --->   "%sub_ln95 = sub i64 0, i64 %tempReg" [src/config.h:95->src/config.h:100->src/generic/fp_generic.cpp:63->src/fpx.cpp:150]   --->   Operation 50 'sub' 'sub_ln95' <Predicate = (!icmp_ln61)> <Delay = 1.14> <CoreInst = "Adder">   --->   Core 1 'Adder' <Latency = 0> <II = 1> <Delay = 1.14> <FuncUnit> <Opcode : 'add' 'sub'> <InPorts = 2> <OutPorts = 1>
ST_2 : Operation 51 [1/1] (0.00ns) (grouped into LUT with out node borrow_27)   --->   "%or_ln95 = or i64 %tempReg, i64 %sub_ln95" [src/config.h:95->src/config.h:100->src/generic/fp_generic.cpp:63->src/fpx.cpp:150]   --->   Operation 51 'or' 'or_ln95' <Predicate = (!icmp_ln61)> <Delay = 0.00> <CoreInst = "LogicGate">   --->   Core 74 'LogicGate' <Latency = 0> <II = 1> <Delay = 0.28> <FuncUnit> <Opcode : 'and' 'or' 'xor'> <InPorts = 2> <OutPorts = 1>
ST_2 : Operation 52 [1/1] (0.00ns) (grouped into LUT with out node borrow_27)   --->   "%tmp_277 = bitselect i1 @_ssdm_op_BitSelect.i1.i64.i32, i64 %or_ln95, i32 63" [src/generic/fp_generic.cpp:63->src/fpx.cpp:150]   --->   Operation 52 'bitselect' 'tmp_277' <Predicate = (!icmp_ln61)> <Delay = 0.00>
ST_2 : Operation 53 [1/1] (0.00ns) (grouped into LUT with out node borrow_27)   --->   "%xor_ln63 = xor i1 %tmp_277, i1 1" [src/generic/fp_generic.cpp:63->src/fpx.cpp:150]   --->   Operation 53 'xor' 'xor_ln63' <Predicate = (!icmp_ln61)> <Delay = 0.00> <CoreInst = "LogicGate">   --->   Core 74 'LogicGate' <Latency = 0> <II = 1> <Delay = 0.12> <FuncUnit> <Opcode : 'and' 'or' 'xor'> <InPorts = 2> <OutPorts = 1>
ST_2 : Operation 54 [1/1] (0.00ns) (grouped into LUT with out node borrow_27)   --->   "%and_ln63 = and i1 %borrow, i1 %xor_ln63" [src/generic/fp_generic.cpp:63->src/fpx.cpp:150]   --->   Operation 54 'and' 'and_ln63' <Predicate = (!icmp_ln61)> <Delay = 0.00> <CoreInst = "LogicGate">   --->   Core 74 'LogicGate' <Latency = 0> <II = 1> <Delay = 0.12> <FuncUnit> <Opcode : 'and' 'or' 'xor'> <InPorts = 2> <OutPorts = 1>
ST_2 : Operation 55 [1/1] (0.28ns) (out node of the LUT)   --->   "%borrow_27 = or i1 %and_ln63, i1 %tmp" [src/generic/fp_generic.cpp:63->src/fpx.cpp:150]   --->   Operation 55 'or' 'borrow_27' <Predicate = (!icmp_ln61)> <Delay = 0.28> <CoreInst = "LogicGate">   --->   Core 74 'LogicGate' <Latency = 0> <II = 1> <Delay = 0.12> <FuncUnit> <Opcode : 'and' 'or' 'xor'> <InPorts = 2> <OutPorts = 1>
ST_2 : Operation 56 [1/1] (0.00ns)   --->   "%zext_ln63 = zext i1 %borrow" [src/generic/fp_generic.cpp:63->src/fpx.cpp:150]   --->   Operation 56 'zext' 'zext_ln63' <Predicate = (!icmp_ln61)> <Delay = 0.00>
ST_2 : Operation 57 [1/1] (1.14ns)   --->   "%sub_ln63 = sub i64 %tempReg, i64 %zext_ln63" [src/generic/fp_generic.cpp:63->src/fpx.cpp:150]   --->   Operation 57 'sub' 'sub_ln63' <Predicate = (!icmp_ln61)> <Delay = 1.14> <CoreInst = "Adder">   --->   Core 1 'Adder' <Latency = 0> <II = 1> <Delay = 1.14> <FuncUnit> <Opcode : 'add' 'sub'> <InPorts = 2> <OutPorts = 1>
ST_2 : Operation 58 [1/1] ( I:0.71ns O:0.71ns )   --->   "%store_ln63 = store i64 %sub_ln63, i2 %t2_addr" [src/generic/fp_generic.cpp:63->src/fpx.cpp:150]   --->   Operation 58 'store' 'store_ln63' <Predicate = (!trunc_ln61)> <Delay = 0.71> <CoreInst = "RAM_1P">   --->   Core 87 'RAM_1P' <Latency = 1> <II = 1> <Delay = 0.71> <Storage> <Opcode : 'load' 'store'> <Ports = 1> <Width = 64> <Depth = 4> <RAM>
ST_2 : Operation 59 [1/1] (0.00ns)   --->   "%br_ln63 = br void %arrayidx10.i48.exit" [src/generic/fp_generic.cpp:63->src/fpx.cpp:150]   --->   Operation 59 'br' 'br_ln63' <Predicate = (!trunc_ln61)> <Delay = 0.00>
ST_2 : Operation 60 [1/1] ( I:0.71ns O:0.71ns )   --->   "%store_ln63 = store i64 %sub_ln63, i2 %t2_1_addr" [src/generic/fp_generic.cpp:63->src/fpx.cpp:150]   --->   Operation 60 'store' 'store_ln63' <Predicate = (trunc_ln61)> <Delay = 0.71> <CoreInst = "RAM_1P">   --->   Core 87 'RAM_1P' <Latency = 1> <II = 1> <Delay = 0.71> <Storage> <Opcode : 'load' 'store'> <Ports = 1> <Width = 64> <Depth = 4> <RAM>
ST_2 : Operation 61 [1/1] (0.00ns)   --->   "%br_ln63 = br void %arrayidx10.i48.exit" [src/generic/fp_generic.cpp:63->src/fpx.cpp:150]   --->   Operation 61 'br' 'br_ln63' <Predicate = (trunc_ln61)> <Delay = 0.00>


============================================================
+ Verbose Summary: Timing violations
============================================================
Target clock period: 10.000ns, clock uncertainty: 2.700ns.

 <State 1>: 1.482ns
The critical path consists of the following:
	'store' operation 0 bit ('store_ln56', src/generic/fp_generic.cpp:56->src/fpx.cpp:150) of constant 0 on local variable 'i', src/generic/fp_generic.cpp:56->src/fpx.cpp:150 [15]  (0.387 ns)
	'load' operation 4 bit ('i', src/generic/fp_generic.cpp:61->src/fpx.cpp:150) on local variable 'i', src/generic/fp_generic.cpp:56->src/fpx.cpp:150 [19]  (0.000 ns)
	'add' operation 4 bit ('add_ln61', src/generic/fp_generic.cpp:61->src/fpx.cpp:150) [21]  (0.708 ns)
	'store' operation 0 bit ('store_ln56', src/generic/fp_generic.cpp:56->src/fpx.cpp:150) of variable 'add_ln61', src/generic/fp_generic.cpp:61->src/fpx.cpp:150 on local variable 'i', src/generic/fp_generic.cpp:56->src/fpx.cpp:150 [64]  (0.387 ns)

 <State 2>: 4.133ns
The critical path consists of the following:
	'load' operation 64 bit ('a_0_0_load', src/generic/fp_generic.cpp:63->src/fpx.cpp:150) on array 'a_0_0' [32]  (0.714 ns)
	'select' operation 64 bit ('x', src/generic/fp_generic.cpp:63->src/fpx.cpp:150) [34]  (0.411 ns)
	'sub' operation 64 bit ('tempReg', src/generic/fp_generic.cpp:63->src/fpx.cpp:150) [40]  (1.147 ns)
	'sub' operation 64 bit ('sub_ln63', src/generic/fp_generic.cpp:63->src/fpx.cpp:150) [53]  (1.147 ns)
	'store' operation 0 bit ('store_ln63', src/generic/fp_generic.cpp:63->src/fpx.cpp:150) of variable 'sub_ln63', src/generic/fp_generic.cpp:63->src/fpx.cpp:150 on array 't2_1' [61]  (0.714 ns)


============================================================
+ Verbose Summary: Binding
============================================================
N/A
* FSMD analyzer results:
  - Output states:
 - Input state : 
  - Chain level:
	State 1
	State 2


============================================================
+ Verbose Summary: Datapath Resource usage 
============================================================
N/A
