

================================================================
== Vitis HLS Report for 'fp2sqr503_mont_17_Pipeline_VITIS_LOOP_378_1128'
================================================================
* Date:           Mon Oct 20 14:41:51 2025

* Version:        2024.2.2 (Build 6049644 on Mar  5 2025)
* Project:        sikep503_hls
* Solution:       solution1 (Vivado IP Flow Target)
* Product family: virtexuplus58g
* Target device:  xcvu29p-fsga2577-2L-e


================================================================
== Performance Estimates
================================================================
+ Timing: 
    * Summary: 
    +--------+----------+----------+------------+
    |  Clock |  Target  | Estimated| Uncertainty|
    +--------+----------+----------+------------+
    |ap_clk  |  10.00 ns|  4.133 ns|     2.70 ns|
    +--------+----------+----------+------------+

+ Latency: 
    * Summary: 
    +---------+---------+----------+----------+-----+-----+------------------------------------------------+
    |  Latency (cycles) |  Latency (absolute) |  Interval |                    Pipeline                    |
    |   min   |   max   |    min   |    max   | min | max |                      Type                      |
    +---------+---------+----------+----------+-----+-----+------------------------------------------------+
    |       10|       10|  0.100 us|  0.100 us|    9|    9|  loop auto-rewind stp (delay=0 clock cycles(s))|
    +---------+---------+----------+----------+-----+-----+------------------------------------------------+

    + Detail: 
        * Instance: 
        N/A

        * Loop: 
        +--------------------+---------+---------+----------+-----------+-----------+------+----------+
        |                    |  Latency (cycles) | Iteration|  Initiation Interval  | Trip |          |
        |      Loop Name     |   min   |   max   |  Latency |  achieved |   target  | Count| Pipelined|
        +--------------------+---------+---------+----------+-----------+-----------+------+----------+
        |- VITIS_LOOP_378_1  |        8|        8|         2|          1|          1|     8|       yes|
        +--------------------+---------+---------+----------+-----------+-----------+------+----------+



================================================================
== Utilization Estimates
================================================================
* Summary: 
+---------------------+---------+-------+---------+---------+------+
|         Name        | BRAM_18K|  DSP  |    FF   |   LUT   | URAM |
+---------------------+---------+-------+---------+---------+------+
|DSP                  |        -|      -|        -|        -|     -|
|Expression           |        -|      -|        0|      619|     -|
|FIFO                 |        -|      -|        -|        -|     -|
|Instance             |        -|      -|        -|        -|     -|
|Memory               |        -|      -|        -|        -|     -|
|Multiplexer          |        -|      -|        0|       45|     -|
|Register             |        -|      -|       13|        -|     -|
+---------------------+---------+-------+---------+---------+------+
|Total                |        0|      0|       13|      664|     0|
+---------------------+---------+-------+---------+---------+------+
|Available SLR        |     1344|   3072|   864000|   432000|   320|
+---------------------+---------+-------+---------+---------+------+
|Utilization SLR (%)  |        0|      0|       ~0|       ~0|     0|
+---------------------+---------+-------+---------+---------+------+
|Available            |     5376|  12288|  3456000|  1728000|  1280|
+---------------------+---------+-------+---------+---------+------+
|Utilization (%)      |        0|      0|       ~0|       ~0|     0|
+---------------------+---------+-------+---------+---------+------+

+ Detail: 
    * Instance: 
    N/A

    * DSP: 
    N/A

    * Memory: 
    N/A

    * FIFO: 
    N/A

    * Expression: 
    +------------------------+----------+----+---+----+------------+------------+
    |      Variable Name     | Operation| DSP| FF| LUT| Bitwidth P0| Bitwidth P1|
    +------------------------+----------+----+---+----+------------+------------+
    |add_ln378_fu_126_p2     |         +|   0|  0|  12|           4|           1|
    |add_ln381_fu_178_p2     |         +|   0|  0|  71|          64|          64|
    |tempReg_fu_172_p2       |         +|   0|  0|  71|          64|          64|
    |and_ln381_fu_229_p2     |       and|   0|  0|  64|          64|          64|
    |ap_condition_242        |       and|   0|  0|   2|           1|           1|
    |icmp_ln378_fu_120_p2    |      icmp|   0|  0|  12|           4|           5|
    |or_ln381_12_fu_241_p2   |        or|   0|  0|  64|          64|          64|
    |or_ln381_fu_197_p2      |        or|   0|  0|  64|          64|          64|
    |select_ln381_fu_160_p3  |    select|   0|  0|  63|           1|          64|
    |ap_enable_pp0           |       xor|   0|  0|   2|           1|           2|
    |xor_ln381_32_fu_191_p2  |       xor|   0|  0|  64|          64|          64|
    |xor_ln381_33_fu_211_p2  |       xor|   0|  0|   2|           1|           2|
    |xor_ln381_34_fu_235_p2  |       xor|   0|  0|  64|          64|          64|
    |xor_ln381_fu_185_p2     |       xor|   0|  0|  64|          64|          64|
    +------------------------+----------+----+---+----+------------+------------+
    |Total                   |          |   0|  0| 619|         524|         587|
    +------------------------+----------+----+---+----+------------+------------+

    * Multiplexer: 
    +-------------------------+----+-----------+-----+-----------+
    |           Name          | LUT| Input Size| Bits| Total Bits|
    +-------------------------+----+-----------+-----+-----------+
    |ap_done_int              |   9|          2|    1|          2|
    |ap_enable_reg_pp0_iter1  |   9|          2|    1|          2|
    |ap_sig_allocacmp_i       |   9|          2|    4|          8|
    |carry_reg_101            |   9|          2|    1|          2|
    |i_154_fu_58              |   9|          2|    4|          8|
    +-------------------------+----+-----------+-----+-----------+
    |Total                    |  45|         10|   11|         22|
    +-------------------------+----+-----------+-----+-----------+

    * Register: 
    +-------------------------+---+----+-----+-----------+
    |           Name          | FF| LUT| Bits| Const Bits|
    +-------------------------+---+----+-----+-----------+
    |ap_CS_fsm                |  1|   0|    1|          0|
    |ap_done_reg              |  1|   0|    1|          0|
    |ap_enable_reg_pp0_iter1  |  1|   0|    1|          0|
    |carry_reg_101            |  1|   0|    1|          0|
    |i_154_fu_58              |  4|   0|    4|          0|
    |i_reg_262                |  4|   0|    4|          0|
    |icmp_ln378_reg_268       |  1|   0|    1|          0|
    +-------------------------+---+----+-----+-----------+
    |Total                    | 13|   0|   13|          0|
    +-------------------------+---+----+-----+-----------+



================================================================
== Interface
================================================================
* Summary: 
+----------------+-----+-----+------------+------------------------------------------------+--------------+
|    RTL Ports   | Dir | Bits|  Protocol  |                  Source Object                 |    C Type    |
+----------------+-----+-----+------------+------------------------------------------------+--------------+
|ap_clk          |   in|    1|  ap_ctrl_hs|  fp2sqr503_mont.17_Pipeline_VITIS_LOOP_378_1128|  return value|
|ap_rst          |   in|    1|  ap_ctrl_hs|  fp2sqr503_mont.17_Pipeline_VITIS_LOOP_378_1128|  return value|
|ap_start        |   in|    1|  ap_ctrl_hs|  fp2sqr503_mont.17_Pipeline_VITIS_LOOP_378_1128|  return value|
|ap_done         |  out|    1|  ap_ctrl_hs|  fp2sqr503_mont.17_Pipeline_VITIS_LOOP_378_1128|  return value|
|ap_idle         |  out|    1|  ap_ctrl_hs|  fp2sqr503_mont.17_Pipeline_VITIS_LOOP_378_1128|  return value|
|ap_ready        |  out|    1|  ap_ctrl_hs|  fp2sqr503_mont.17_Pipeline_VITIS_LOOP_378_1128|  return value|
|a_0_0_address0  |  out|    2|   ap_memory|                                           a_0_0|         array|
|a_0_0_ce0       |  out|    1|   ap_memory|                                           a_0_0|         array|
|a_0_0_q0        |   in|   64|   ap_memory|                                           a_0_0|         array|
|a_0_1_address0  |  out|    2|   ap_memory|                                           a_0_1|         array|
|a_0_1_ce0       |  out|    1|   ap_memory|                                           a_0_1|         array|
|a_0_1_q0        |   in|   64|   ap_memory|                                           a_0_1|         array|
|t3_address0     |  out|    3|   ap_memory|                                              t3|         array|
|t3_ce0          |  out|    1|   ap_memory|                                              t3|         array|
|t3_we0          |  out|    1|   ap_memory|                                              t3|         array|
|t3_d0           |  out|   64|   ap_memory|                                              t3|         array|
+----------------+-----+-----+------------+------------------------------------------------+--------------+

============================================================
+ Verbose Summary: Synthesis Manager
============================================================
InlineROM: 1
ExposeGlobal: 0
============================================================
+ Verbose Summary: CDFG Model
============================================================
IsTopModel: 0
ResetActiveHigh: 1
IsCombinational: 2
IsDatapathOnly: 2
HasWiredReturn: 1
HasMFsm: 2
HasVarLatency: 1
IsPipeline: 0
IsRtlPipelined: 0
IsInstanceOverlapped: 0
IsDontTouch: 0
HasImplIP: 0
IsGatedGlobalClock: 0

+ Individual pipeline summary: 
  * Pipeline-0: initiation interval (II) = 1, depth = 2


============================================================
+ Verbose Summary: Schedule
============================================================
* Number of FSM states : 2
* Pipeline : 1
  Pipeline-0 : II = 1, D = 2, States = { 1 2 }
* Dataflow Pipeline: 0

* FSM state transitions: 
1 --> 2 
2 --> 

* FSM state operations: 

State 1 <SV = 0> <Delay = 1.48>
ST_1 : Operation 5 [1/1] (0.00ns)   --->   "%i_154 = alloca i32 1" [src/fpx.cpp:376->src/fpx.cpp:134->src/fpx.cpp:151]   --->   Operation 5 'alloca' 'i_154' <Predicate = true> <Delay = 0.00>
ST_1 : Operation 6 [1/1] (0.00ns)   --->   "%specmemcore_ln0 = specmemcore void @_ssdm_op_SpecMemCore, i64 %t3, i64 666, i64 17, i64 18446744073709551615"   --->   Operation 6 'specmemcore' 'specmemcore_ln0' <Predicate = true> <Delay = 0.00>
ST_1 : Operation 7 [1/1] (0.00ns)   --->   "%specmemcore_ln0 = specmemcore void @_ssdm_op_SpecMemCore, i64 %a_0_1, i64 666, i64 17, i64 18446744073709551615"   --->   Operation 7 'specmemcore' 'specmemcore_ln0' <Predicate = true> <Delay = 0.00>
ST_1 : Operation 8 [1/1] (0.00ns)   --->   "%specmemcore_ln0 = specmemcore void @_ssdm_op_SpecMemCore, i64 %a_0_0, i64 666, i64 17, i64 18446744073709551615"   --->   Operation 8 'specmemcore' 'specmemcore_ln0' <Predicate = true> <Delay = 0.00>
ST_1 : Operation 9 [1/1] (0.38ns)   --->   "%store_ln376 = store i4 0, i4 %i_154" [src/fpx.cpp:376->src/fpx.cpp:134->src/fpx.cpp:151]   --->   Operation 9 'store' 'store_ln376' <Predicate = true> <Delay = 0.38>
ST_1 : Operation 10 [1/1] (0.38ns)   --->   "%br_ln0 = br void %for.inc.i.i39"   --->   Operation 10 'br' 'br_ln0' <Predicate = true> <Delay = 0.38>
ST_1 : Operation 11 [1/1] (0.00ns)   --->   "%carry = phi i1 %tmp, void %for.inc.i.i39.split, i1 0, void %newFuncRoot" [src/fpx.cpp:378->src/fpx.cpp:134->src/fpx.cpp:151]   --->   Operation 11 'phi' 'carry' <Predicate = true> <Delay = 0.00>
ST_1 : Operation 12 [1/1] (0.00ns)   --->   "%i = load i4 %i_154" [src/fpx.cpp:378->src/fpx.cpp:134->src/fpx.cpp:151]   --->   Operation 12 'load' 'i' <Predicate = true> <Delay = 0.00>
ST_1 : Operation 13 [1/1] (0.70ns)   --->   "%icmp_ln378 = icmp_eq  i4 %i, i4 8" [src/fpx.cpp:378->src/fpx.cpp:134->src/fpx.cpp:151]   --->   Operation 13 'icmp' 'icmp_ln378' <Predicate = true> <Delay = 0.70> <CoreInst = "Cmp">   --->   Core 9 'Cmp' <Latency = 0> <II = 1> <Delay = 0.70> <FuncUnit> <Opcode : 'seteq' 'setne' 'setle' 'setge' 'setlt' 'setgt'> <InPorts = 2> <OutPorts = 1>
ST_1 : Operation 14 [1/1] (0.00ns)   --->   "%speclooptripcount_ln0 = speclooptripcount void @_ssdm_op_SpecLoopTripCount, i64 8, i64 8, i64 8"   --->   Operation 14 'speclooptripcount' 'speclooptripcount_ln0' <Predicate = true> <Delay = 0.00>
ST_1 : Operation 15 [1/1] (0.70ns)   --->   "%add_ln378 = add i4 %i, i4 1" [src/fpx.cpp:378->src/fpx.cpp:134->src/fpx.cpp:151]   --->   Operation 15 'add' 'add_ln378' <Predicate = true> <Delay = 0.70> <CoreInst = "Adder">   --->   Core 1 'Adder' <Latency = 0> <II = 1> <Delay = 0.70> <FuncUnit> <Opcode : 'add' 'sub'> <InPorts = 2> <OutPorts = 1>
ST_1 : Operation 16 [1/1] (0.00ns)   --->   "%br_ln378 = br i1 %icmp_ln378, void %for.inc.i.i39.split, void %_ZL10mp_addfastPKmS0_Pm.exit40.exitStub" [src/fpx.cpp:378->src/fpx.cpp:134->src/fpx.cpp:151]   --->   Operation 16 'br' 'br_ln378' <Predicate = true> <Delay = 0.00>
ST_1 : Operation 17 [1/1] (0.00ns)   --->   "%lshr_ln376_1 = partselect i2 @_ssdm_op_PartSelect.i2.i4.i32.i32, i4 %i, i32 1, i32 2" [src/fpx.cpp:376->src/fpx.cpp:134->src/fpx.cpp:151]   --->   Operation 17 'partselect' 'lshr_ln376_1' <Predicate = (!icmp_ln378)> <Delay = 0.00>
ST_1 : Operation 18 [1/1] (0.00ns)   --->   "%zext_ln376 = zext i2 %lshr_ln376_1" [src/fpx.cpp:376->src/fpx.cpp:134->src/fpx.cpp:151]   --->   Operation 18 'zext' 'zext_ln376' <Predicate = (!icmp_ln378)> <Delay = 0.00>
ST_1 : Operation 19 [1/1] (0.00ns)   --->   "%a_0_0_addr = getelementptr i64 %a_0_0, i64 0, i64 %zext_ln376" [src/fpx.cpp:381->src/fpx.cpp:134->src/fpx.cpp:151]   --->   Operation 19 'getelementptr' 'a_0_0_addr' <Predicate = (!icmp_ln378)> <Delay = 0.00>
ST_1 : Operation 20 [1/1] (0.00ns)   --->   "%a_0_1_addr = getelementptr i64 %a_0_1, i64 0, i64 %zext_ln376" [src/fpx.cpp:381->src/fpx.cpp:134->src/fpx.cpp:151]   --->   Operation 20 'getelementptr' 'a_0_1_addr' <Predicate = (!icmp_ln378)> <Delay = 0.00>
ST_1 : Operation 21 [2/2] (0.71ns)   --->   "%a_0_0_load = load i2 %a_0_0_addr" [src/fpx.cpp:381->src/fpx.cpp:134->src/fpx.cpp:151]   --->   Operation 21 'load' 'a_0_0_load' <Predicate = (!icmp_ln378)> <Delay = 0.71> <CoreInst = "RAM_1P">   --->   Core 87 'RAM_1P' <Latency = 1> <II = 1> <Delay = 0.71> <Storage> <Opcode : 'load' 'store'> <Ports = 1> <Width = 64> <Depth = 4> <RAM>
ST_1 : Operation 22 [2/2] (0.71ns)   --->   "%a_0_1_load = load i2 %a_0_1_addr" [src/fpx.cpp:381->src/fpx.cpp:134->src/fpx.cpp:151]   --->   Operation 22 'load' 'a_0_1_load' <Predicate = (!icmp_ln378)> <Delay = 0.71> <CoreInst = "RAM_1P">   --->   Core 87 'RAM_1P' <Latency = 1> <II = 1> <Delay = 0.71> <Storage> <Opcode : 'load' 'store'> <Ports = 1> <Width = 64> <Depth = 4> <RAM>
ST_1 : Operation 23 [1/1] (0.38ns)   --->   "%store_ln376 = store i4 %add_ln378, i4 %i_154" [src/fpx.cpp:376->src/fpx.cpp:134->src/fpx.cpp:151]   --->   Operation 23 'store' 'store_ln376' <Predicate = (!icmp_ln378)> <Delay = 0.38>
ST_1 : Operation 48 [1/1] (0.38ns)   --->   "%ret_ln0 = ret"   --->   Operation 48 'ret' 'ret_ln0' <Predicate = (icmp_ln378)> <Delay = 0.38>

State 2 <SV = 1> <Delay = 4.13>
ST_2 : Operation 24 [1/1] (0.00ns)   --->   "%zext_ln378 = zext i4 %i" [src/fpx.cpp:378->src/fpx.cpp:134->src/fpx.cpp:151]   --->   Operation 24 'zext' 'zext_ln378' <Predicate = (!icmp_ln378)> <Delay = 0.00>
ST_2 : Operation 25 [1/1] (0.00ns)   --->   "%trunc_ln378 = trunc i4 %i" [src/fpx.cpp:378->src/fpx.cpp:134->src/fpx.cpp:151]   --->   Operation 25 'trunc' 'trunc_ln378' <Predicate = (!icmp_ln378)> <Delay = 0.00>
ST_2 : Operation 26 [1/1] (0.00ns)   --->   "%specpipeline_ln376 = specpipeline void @_ssdm_op_SpecPipeline, i32 4294967295, i32 0, i32 0, i32 0, void @empty_102" [src/fpx.cpp:376->src/fpx.cpp:134->src/fpx.cpp:151]   --->   Operation 26 'specpipeline' 'specpipeline_ln376' <Predicate = (!icmp_ln378)> <Delay = 0.00>
ST_2 : Operation 27 [1/1] (0.00ns)   --->   "%specloopname_ln378 = specloopname void @_ssdm_op_SpecLoopName, void @empty_76" [src/fpx.cpp:378->src/fpx.cpp:134->src/fpx.cpp:151]   --->   Operation 27 'specloopname' 'specloopname_ln378' <Predicate = (!icmp_ln378)> <Delay = 0.00>
ST_2 : Operation 28 [1/2] ( I:0.71ns O:0.71ns )   --->   "%a_0_0_load = load i2 %a_0_0_addr" [src/fpx.cpp:381->src/fpx.cpp:134->src/fpx.cpp:151]   --->   Operation 28 'load' 'a_0_0_load' <Predicate = (!icmp_ln378)> <Delay = 0.71> <CoreInst = "RAM_1P">   --->   Core 87 'RAM_1P' <Latency = 1> <II = 1> <Delay = 0.71> <Storage> <Opcode : 'load' 'store'> <Ports = 1> <Width = 64> <Depth = 4> <RAM>
ST_2 : Operation 29 [1/2] ( I:0.71ns O:0.71ns )   --->   "%a_0_1_load = load i2 %a_0_1_addr" [src/fpx.cpp:381->src/fpx.cpp:134->src/fpx.cpp:151]   --->   Operation 29 'load' 'a_0_1_load' <Predicate = (!icmp_ln378)> <Delay = 0.71> <CoreInst = "RAM_1P">   --->   Core 87 'RAM_1P' <Latency = 1> <II = 1> <Delay = 0.71> <Storage> <Opcode : 'load' 'store'> <Ports = 1> <Width = 64> <Depth = 4> <RAM>
ST_2 : Operation 30 [1/1] (0.41ns)   --->   "%select_ln381 = select i1 %trunc_ln378, i64 %a_0_1_load, i64 %a_0_0_load" [src/fpx.cpp:381->src/fpx.cpp:134->src/fpx.cpp:151]   --->   Operation 30 'select' 'select_ln381' <Predicate = (!icmp_ln378)> <Delay = 0.41> <CoreInst = "Sel">   --->   Core 73 'Sel' <Latency = 0> <II = 1> <Delay = 0.41> <FuncUnit> <Opcode : 'select'> <InPorts = 3> <OutPorts = 1>
ST_2 : Operation 31 [1/1] (0.00ns)   --->   "%zext_ln381_6 = zext i1 %carry" [src/fpx.cpp:381->src/fpx.cpp:134->src/fpx.cpp:151]   --->   Operation 31 'zext' 'zext_ln381_6' <Predicate = (!icmp_ln378)> <Delay = 0.00>
ST_2 : Operation 32 [1/1] (1.14ns)   --->   "%tempReg = add i64 %select_ln381, i64 %zext_ln381_6" [src/fpx.cpp:381->src/fpx.cpp:134->src/fpx.cpp:151]   --->   Operation 32 'add' 'tempReg' <Predicate = (!icmp_ln378)> <Delay = 1.14> <CoreInst = "Adder">   --->   Core 1 'Adder' <Latency = 0> <II = 1> <Delay = 1.14> <FuncUnit> <Opcode : 'add' 'sub'> <InPorts = 2> <OutPorts = 1>
ST_2 : Operation 33 [1/1] (1.14ns)   --->   "%add_ln381 = add i64 %tempReg, i64 %select_ln381" [src/fpx.cpp:381->src/fpx.cpp:134->src/fpx.cpp:151]   --->   Operation 33 'add' 'add_ln381' <Predicate = (!icmp_ln378)> <Delay = 1.14> <CoreInst = "Adder">   --->   Core 1 'Adder' <Latency = 0> <II = 1> <Delay = 1.14> <FuncUnit> <Opcode : 'add' 'sub'> <InPorts = 2> <OutPorts = 1>
ST_2 : Operation 34 [1/1] (0.00ns)   --->   "%t3_addr = getelementptr i64 %t3, i64 0, i64 %zext_ln378" [src/fpx.cpp:381->src/fpx.cpp:134->src/fpx.cpp:151]   --->   Operation 34 'getelementptr' 't3_addr' <Predicate = (!icmp_ln378)> <Delay = 0.00>
ST_2 : Operation 35 [1/1] ( I:0.71ns O:0.71ns )   --->   "%store_ln381 = store i64 %add_ln381, i3 %t3_addr" [src/fpx.cpp:381->src/fpx.cpp:134->src/fpx.cpp:151]   --->   Operation 35 'store' 'store_ln381' <Predicate = (!icmp_ln378)> <Delay = 0.71> <CoreInst = "RAM_1P">   --->   Core 87 'RAM_1P' <Latency = 1> <II = 1> <Delay = 0.71> <Storage> <Opcode : 'load' 'store'> <Ports = 1> <Width = 64> <Depth = 8> <RAM>
ST_2 : Operation 36 [1/1] (0.00ns) (grouped into LUT with out node xor_ln381_34)   --->   "%xor_ln381 = xor i64 %add_ln381, i64 %tempReg" [src/fpx.cpp:381->src/fpx.cpp:134->src/fpx.cpp:151]   --->   Operation 36 'xor' 'xor_ln381' <Predicate = (!icmp_ln378)> <Delay = 0.00> <CoreInst = "LogicGate">   --->   Core 74 'LogicGate' <Latency = 0> <II = 1> <Delay = 0.28> <FuncUnit> <Opcode : 'and' 'or' 'xor'> <InPorts = 2> <OutPorts = 1>
ST_2 : Operation 37 [1/1] (0.00ns) (grouped into LUT with out node xor_ln381_34)   --->   "%xor_ln381_32 = xor i64 %tempReg, i64 %select_ln381" [src/fpx.cpp:381->src/fpx.cpp:134->src/fpx.cpp:151]   --->   Operation 37 'xor' 'xor_ln381_32' <Predicate = (!icmp_ln378)> <Delay = 0.00> <CoreInst = "LogicGate">   --->   Core 74 'LogicGate' <Latency = 0> <II = 1> <Delay = 0.28> <FuncUnit> <Opcode : 'and' 'or' 'xor'> <InPorts = 2> <OutPorts = 1>
ST_2 : Operation 38 [1/1] (0.00ns) (grouped into LUT with out node xor_ln381_34)   --->   "%or_ln381 = or i64 %xor_ln381, i64 %xor_ln381_32" [src/fpx.cpp:381->src/fpx.cpp:134->src/fpx.cpp:151]   --->   Operation 38 'or' 'or_ln381' <Predicate = (!icmp_ln378)> <Delay = 0.00> <CoreInst = "LogicGate">   --->   Core 74 'LogicGate' <Latency = 0> <II = 1> <Delay = 0.28> <FuncUnit> <Opcode : 'and' 'or' 'xor'> <InPorts = 2> <OutPorts = 1>
ST_2 : Operation 39 [1/1] (0.00ns) (grouped into LUT with out node or_ln381_12)   --->   "%bit_sel4 = bitselect i1 @_ssdm_op_BitSelect.i1.i64.i64, i64 %tempReg, i64 63" [src/fpx.cpp:381->src/fpx.cpp:134->src/fpx.cpp:151]   --->   Operation 39 'bitselect' 'bit_sel4' <Predicate = (!icmp_ln378)> <Delay = 0.00>
ST_2 : Operation 40 [1/1] (0.00ns) (grouped into LUT with out node or_ln381_12)   --->   "%xor_ln381_33 = xor i1 %bit_sel4, i1 1" [src/fpx.cpp:381->src/fpx.cpp:134->src/fpx.cpp:151]   --->   Operation 40 'xor' 'xor_ln381_33' <Predicate = (!icmp_ln378)> <Delay = 0.00> <CoreInst = "LogicGate">   --->   Core 74 'LogicGate' <Latency = 0> <II = 1> <Delay = 0.12> <FuncUnit> <Opcode : 'and' 'or' 'xor'> <InPorts = 2> <OutPorts = 1>
ST_2 : Operation 41 [1/1] (0.00ns) (grouped into LUT with out node or_ln381_12)   --->   "%trunc_ln381 = trunc i64 %tempReg" [src/fpx.cpp:381->src/fpx.cpp:134->src/fpx.cpp:151]   --->   Operation 41 'trunc' 'trunc_ln381' <Predicate = (!icmp_ln378)> <Delay = 0.00>
ST_2 : Operation 42 [1/1] (0.00ns) (grouped into LUT with out node or_ln381_12)   --->   "%xor_ln381_4 = bitconcatenate i64 @_ssdm_op_BitConcatenate.i64.i1.i63, i1 %xor_ln381_33, i63 %trunc_ln381" [src/fpx.cpp:381->src/fpx.cpp:134->src/fpx.cpp:151]   --->   Operation 42 'bitconcatenate' 'xor_ln381_4' <Predicate = (!icmp_ln378)> <Delay = 0.00>
ST_2 : Operation 43 [1/1] (0.00ns) (grouped into LUT with out node or_ln381_12)   --->   "%and_ln381 = and i64 %xor_ln381_4, i64 %select_ln381" [src/fpx.cpp:381->src/fpx.cpp:134->src/fpx.cpp:151]   --->   Operation 43 'and' 'and_ln381' <Predicate = (!icmp_ln378)> <Delay = 0.00> <CoreInst = "LogicGate">   --->   Core 74 'LogicGate' <Latency = 0> <II = 1> <Delay = 0.28> <FuncUnit> <Opcode : 'and' 'or' 'xor'> <InPorts = 2> <OutPorts = 1>
ST_2 : Operation 44 [1/1] (0.28ns) (out node of the LUT)   --->   "%xor_ln381_34 = xor i64 %or_ln381, i64 %add_ln381" [src/fpx.cpp:381->src/fpx.cpp:134->src/fpx.cpp:151]   --->   Operation 44 'xor' 'xor_ln381_34' <Predicate = (!icmp_ln378)> <Delay = 0.28> <CoreInst = "LogicGate">   --->   Core 74 'LogicGate' <Latency = 0> <II = 1> <Delay = 0.28> <FuncUnit> <Opcode : 'and' 'or' 'xor'> <InPorts = 2> <OutPorts = 1>
ST_2 : Operation 45 [1/1] (0.28ns) (out node of the LUT)   --->   "%or_ln381_12 = or i64 %xor_ln381_34, i64 %and_ln381" [src/fpx.cpp:381->src/fpx.cpp:134->src/fpx.cpp:151]   --->   Operation 45 'or' 'or_ln381_12' <Predicate = (!icmp_ln378)> <Delay = 0.28> <CoreInst = "LogicGate">   --->   Core 74 'LogicGate' <Latency = 0> <II = 1> <Delay = 0.28> <FuncUnit> <Opcode : 'and' 'or' 'xor'> <InPorts = 2> <OutPorts = 1>
ST_2 : Operation 46 [1/1] (0.00ns)   --->   "%tmp = bitselect i1 @_ssdm_op_BitSelect.i1.i64.i32, i64 %or_ln381_12, i32 63" [src/fpx.cpp:378->src/fpx.cpp:134->src/fpx.cpp:151]   --->   Operation 46 'bitselect' 'tmp' <Predicate = (!icmp_ln378)> <Delay = 0.00>
ST_2 : Operation 47 [1/1] (0.00ns)   --->   "%br_ln378 = br void %for.inc.i.i39" [src/fpx.cpp:378->src/fpx.cpp:134->src/fpx.cpp:151]   --->   Operation 47 'br' 'br_ln378' <Predicate = (!icmp_ln378)> <Delay = 0.00>


============================================================
+ Verbose Summary: Binding
============================================================
STG Binding: 
---------------- STG Properties BEGIN ----------------
- Is combinational: 0
- Is one-state seq: 0
- Is datapath-only: 0
- Is pipelined: 0
- Is top level: 0
Port [ Return ] is wired: 1; IO mode=ap_ctrl_hs:ce=0
Port [ a_0_0]:  wired=1; compound=1; hidden=0; nouse=0; global=0; static=0; extern=0; dir=0; type=1; pingpong=0; private_global=0; MemPort=[1]; IO mode=ap_memory:ce=0
Port [ a_0_1]:  wired=1; compound=1; hidden=0; nouse=0; global=0; static=0; extern=0; dir=0; type=1; pingpong=0; private_global=0; MemPort=[1]; IO mode=ap_memory:ce=0
Port [ t3]:  wired=1; compound=1; hidden=0; nouse=0; global=0; static=0; extern=0; dir=1; type=1; pingpong=0; private_global=0; MemPort=[0]; IO mode=ap_memory:ce=0
---------------- STG Properties END ------------------

---------------- Datapath Model BEGIN ----------------

<LifeTime>
<method=bitvector/>
i_154                 (alloca           ) [ 010]
specmemcore_ln0       (specmemcore      ) [ 000]
specmemcore_ln0       (specmemcore      ) [ 000]
specmemcore_ln0       (specmemcore      ) [ 000]
store_ln376           (store            ) [ 000]
br_ln0                (br               ) [ 000]
carry                 (phi              ) [ 011]
i                     (load             ) [ 011]
icmp_ln378            (icmp             ) [ 011]
speclooptripcount_ln0 (speclooptripcount) [ 000]
add_ln378             (add              ) [ 000]
br_ln378              (br               ) [ 000]
lshr_ln376_1          (partselect       ) [ 000]
zext_ln376            (zext             ) [ 000]
a_0_0_addr            (getelementptr    ) [ 011]
a_0_1_addr            (getelementptr    ) [ 011]
store_ln376           (store            ) [ 000]
zext_ln378            (zext             ) [ 000]
trunc_ln378           (trunc            ) [ 000]
specpipeline_ln376    (specpipeline     ) [ 000]
specloopname_ln378    (specloopname     ) [ 000]
a_0_0_load            (load             ) [ 000]
a_0_1_load            (load             ) [ 000]
select_ln381          (select           ) [ 000]
zext_ln381_6          (zext             ) [ 000]
tempReg               (add              ) [ 000]
add_ln381             (add              ) [ 000]
t3_addr               (getelementptr    ) [ 000]
store_ln381           (store            ) [ 000]
xor_ln381             (xor              ) [ 000]
xor_ln381_32          (xor              ) [ 000]
or_ln381              (or               ) [ 000]
bit_sel4              (bitselect        ) [ 000]
xor_ln381_33          (xor              ) [ 000]
trunc_ln381           (trunc            ) [ 000]
xor_ln381_4           (bitconcatenate   ) [ 000]
and_ln381             (and              ) [ 000]
xor_ln381_34          (xor              ) [ 000]
or_ln381_12           (or               ) [ 000]
tmp                   (bitselect        ) [ 011]
br_ln378              (br               ) [ 011]
ret_ln0               (ret              ) [ 000]
</LifeTime>

<model>

<comp_list>
<comp id="0" class="1000" name="a_0_0">
<pin_list>
<pin id="1" dir="1" index="0" bw="1" slack="0"/>
</pin_list>
<bind>
<StgValue><ssdm name="a_0_0"/><MemPortTyVec>1 </MemPortTyVec>
</StgValue>
</bind>
</comp>

<comp id="2" class="1000" name="a_0_1">
<pin_list>
<pin id="3" dir="1" index="0" bw="1" slack="0"/>
</pin_list>
<bind>
<StgValue><ssdm name="a_0_1"/><MemPortTyVec>1 </MemPortTyVec>
</StgValue>
</bind>
</comp>

<comp id="4" class="1000" name="t3">
<pin_list>
<pin id="5" dir="1" index="0" bw="1" slack="0"/>
</pin_list>
<bind>
<StgValue><ssdm name="t3"/><MemPortTyVec>0 </MemPortTyVec>
</StgValue>
</bind>
</comp>

<comp id="6" class="1001" name="const_6">
<pin_list>
<pin id="7" dir="1" index="0" bw="1" slack="0"/>
</pin_list>
<bind>
<StgValue><ssdm name=""/></StgValue>
</bind>
</comp>

<comp id="8" class="1001" name="const_8">
<pin_list>
<pin id="9" dir="1" index="0" bw="1" slack="2147483647"/>
</pin_list>
<bind>
<StgValue><ssdm name="_ssdm_op_SpecMemCore"/></StgValue>
</bind>
</comp>

<comp id="10" class="1001" name="const_10">
<pin_list>
<pin id="11" dir="1" index="0" bw="1" slack="2147483647"/>
</pin_list>
<bind>
<StgValue><ssdm name=""/></StgValue>
</bind>
</comp>

<comp id="12" class="1001" name="const_12">
<pin_list>
<pin id="13" dir="1" index="0" bw="1" slack="2147483647"/>
</pin_list>
<bind>
<StgValue><ssdm name=""/></StgValue>
</bind>
</comp>

<comp id="14" class="1001" name="const_14">
<pin_list>
<pin id="15" dir="1" index="0" bw="1" slack="2147483647"/>
</pin_list>
<bind>
<StgValue><ssdm name=""/></StgValue>
</bind>
</comp>

<comp id="16" class="1001" name="const_16">
<pin_list>
<pin id="17" dir="1" index="0" bw="1" slack="0"/>
</pin_list>
<bind>
<StgValue><ssdm name=""/></StgValue>
</bind>
</comp>

<comp id="18" class="1001" name="const_18">
<pin_list>
<pin id="19" dir="1" index="0" bw="1" slack="0"/>
</pin_list>
<bind>
<StgValue><ssdm name=""/></StgValue>
</bind>
</comp>

<comp id="20" class="1001" name="const_20">
<pin_list>
<pin id="21" dir="1" index="0" bw="1" slack="0"/>
</pin_list>
<bind>
<StgValue><ssdm name=""/></StgValue>
</bind>
</comp>

<comp id="22" class="1001" name="const_22">
<pin_list>
<pin id="23" dir="1" index="0" bw="1" slack="2147483647"/>
</pin_list>
<bind>
<StgValue><ssdm name="_ssdm_op_SpecLoopTripCount"/></StgValue>
</bind>
</comp>

<comp id="24" class="1001" name="const_24">
<pin_list>
<pin id="25" dir="1" index="0" bw="1" slack="2147483647"/>
</pin_list>
<bind>
<StgValue><ssdm name=""/></StgValue>
</bind>
</comp>

<comp id="26" class="1001" name="const_26">
<pin_list>
<pin id="27" dir="1" index="0" bw="1" slack="0"/>
</pin_list>
<bind>
<StgValue><ssdm name=""/></StgValue>
</bind>
</comp>

<comp id="28" class="1001" name="const_28">
<pin_list>
<pin id="29" dir="1" index="0" bw="1" slack="0"/>
</pin_list>
<bind>
<StgValue><ssdm name="_ssdm_op_PartSelect.i2.i4.i32.i32"/></StgValue>
</bind>
</comp>

<comp id="30" class="1001" name="const_30">
<pin_list>
<pin id="31" dir="1" index="0" bw="1" slack="0"/>
</pin_list>
<bind>
<StgValue><ssdm name=""/></StgValue>
</bind>
</comp>

<comp id="32" class="1001" name="const_32">
<pin_list>
<pin id="33" dir="1" index="0" bw="1" slack="0"/>
</pin_list>
<bind>
<StgValue><ssdm name=""/></StgValue>
</bind>
</comp>

<comp id="34" class="1001" name="const_34">
<pin_list>
<pin id="35" dir="1" index="0" bw="1" slack="2147483647"/>
</pin_list>
<bind>
<StgValue><ssdm name="_ssdm_op_SpecPipeline"/></StgValue>
</bind>
</comp>

<comp id="36" class="1001" name="const_36">
<pin_list>
<pin id="37" dir="1" index="0" bw="1" slack="2147483647"/>
</pin_list>
<bind>
<StgValue><ssdm name=""/></StgValue>
</bind>
</comp>

<comp id="38" class="1001" name="const_38">
<pin_list>
<pin id="39" dir="1" index="0" bw="1" slack="2147483647"/>
</pin_list>
<bind>
<StgValue><ssdm name=""/></StgValue>
</bind>
</comp>

<comp id="40" class="1001" name="const_40">
<pin_list>
<pin id="41" dir="1" index="0" bw="1" slack="2147483647"/>
</pin_list>
<bind>
<StgValue><ssdm name="empty_102"/></StgValue>
</bind>
</comp>

<comp id="42" class="1001" name="const_42">
<pin_list>
<pin id="43" dir="1" index="0" bw="1" slack="2147483647"/>
</pin_list>
<bind>
<StgValue><ssdm name="_ssdm_op_SpecLoopName"/></StgValue>
</bind>
</comp>

<comp id="44" class="1001" name="const_44">
<pin_list>
<pin id="45" dir="1" index="0" bw="1" slack="2147483647"/>
</pin_list>
<bind>
<StgValue><ssdm name="empty_76"/></StgValue>
</bind>
</comp>

<comp id="46" class="1001" name="const_46">
<pin_list>
<pin id="47" dir="1" index="0" bw="1" slack="0"/>
</pin_list>
<bind>
<StgValue><ssdm name="_ssdm_op_BitSelect.i1.i64.i64"/></StgValue>
</bind>
</comp>

<comp id="48" class="1001" name="const_48">
<pin_list>
<pin id="49" dir="1" index="0" bw="1" slack="0"/>
</pin_list>
<bind>
<StgValue><ssdm name=""/></StgValue>
</bind>
</comp>

<comp id="50" class="1001" name="const_50">
<pin_list>
<pin id="51" dir="1" index="0" bw="1" slack="0"/>
</pin_list>
<bind>
<StgValue><ssdm name=""/></StgValue>
</bind>
</comp>

<comp id="52" class="1001" name="const_52">
<pin_list>
<pin id="53" dir="1" index="0" bw="1" slack="0"/>
</pin_list>
<bind>
<StgValue><ssdm name="_ssdm_op_BitConcatenate.i64.i1.i63"/></StgValue>
</bind>
</comp>

<comp id="54" class="1001" name="const_54">
<pin_list>
<pin id="55" dir="1" index="0" bw="1" slack="0"/>
</pin_list>
<bind>
<StgValue><ssdm name="_ssdm_op_BitSelect.i1.i64.i32"/></StgValue>
</bind>
</comp>

<comp id="56" class="1001" name="const_56">
<pin_list>
<pin id="57" dir="1" index="0" bw="1" slack="0"/>
</pin_list>
<bind>
<StgValue><ssdm name=""/></StgValue>
</bind>
</comp>

<comp id="58" class="1004" name="i_154_fu_58">
<pin_list>
<pin id="59" dir="0" index="0" bw="1" slack="0"/>
<pin id="60" dir="1" index="1" bw="4" slack="0"/>
</pin_list>
<bind>
<opcode="alloca(26) " fcode="alloca"/>
<opset="i_154/1 "/>
</bind>
</comp>

<comp id="62" class="1004" name="a_0_0_addr_gep_fu_62">
<pin_list>
<pin id="63" dir="0" index="0" bw="64" slack="0"/>
<pin id="64" dir="0" index="1" bw="1" slack="0"/>
<pin id="65" dir="0" index="2" bw="2" slack="0"/>
<pin id="66" dir="1" index="3" bw="2" slack="0"/>
</pin_list>
<bind>
<opcode="getelementptr(29) " fcode="getelementptr"/>
<opset="a_0_0_addr/1 "/>
</bind>
</comp>

<comp id="69" class="1004" name="a_0_1_addr_gep_fu_69">
<pin_list>
<pin id="70" dir="0" index="0" bw="64" slack="0"/>
<pin id="71" dir="0" index="1" bw="1" slack="0"/>
<pin id="72" dir="0" index="2" bw="2" slack="0"/>
<pin id="73" dir="1" index="3" bw="2" slack="0"/>
</pin_list>
<bind>
<opcode="getelementptr(29) " fcode="getelementptr"/>
<opset="a_0_1_addr/1 "/>
</bind>
</comp>

<comp id="76" class="1004" name="grp_access_fu_76">
<pin_list>
<pin id="77" dir="0" index="0" bw="2" slack="0"/>
<pin id="78" dir="0" index="1" bw="64" slack="2147483647"/>
<pin id="79" dir="0" index="2" bw="0" slack="2147483647"/>
<pin id="80" dir="1" index="3" bw="64" slack="0"/>
</pin_list>
<bind>
<opcode="load(27) " fcode="load"/>
<opset="a_0_0_load/1 "/>
</bind>
</comp>

<comp id="82" class="1004" name="grp_access_fu_82">
<pin_list>
<pin id="83" dir="0" index="0" bw="2" slack="0"/>
<pin id="84" dir="0" index="1" bw="64" slack="2147483647"/>
<pin id="85" dir="0" index="2" bw="0" slack="2147483647"/>
<pin id="86" dir="1" index="3" bw="64" slack="0"/>
</pin_list>
<bind>
<opcode="load(27) " fcode="load"/>
<opset="a_0_1_load/1 "/>
</bind>
</comp>

<comp id="88" class="1004" name="t3_addr_gep_fu_88">
<pin_list>
<pin id="89" dir="0" index="0" bw="64" slack="0"/>
<pin id="90" dir="0" index="1" bw="1" slack="0"/>
<pin id="91" dir="0" index="2" bw="4" slack="0"/>
<pin id="92" dir="1" index="3" bw="3" slack="0"/>
</pin_list>
<bind>
<opcode="getelementptr(29) " fcode="getelementptr"/>
<opset="t3_addr/2 "/>
</bind>
</comp>

<comp id="95" class="1004" name="store_ln381_access_fu_95">
<pin_list>
<pin id="96" dir="0" index="0" bw="3" slack="0"/>
<pin id="97" dir="0" index="1" bw="64" slack="0"/>
<pin id="98" dir="0" index="2" bw="0" slack="2147483647"/>
<pin id="99" dir="1" index="3" bw="64" slack="2147483647"/>
</pin_list>
<bind>
<opcode="store(28) " fcode="store"/>
<opset="store_ln381/2 "/>
</bind>
</comp>

<comp id="101" class="1005" name="carry_reg_101">
<pin_list>
<pin id="102" dir="0" index="0" bw="1" slack="1"/>
<pin id="103" dir="1" index="1" bw="1" slack="1"/>
</pin_list>
<bind>
<opset="carry (phireg) "/>
</bind>
</comp>

<comp id="104" class="1004" name="carry_phi_fu_104">
<pin_list>
<pin id="105" dir="0" index="0" bw="1" slack="1"/>
<pin id="106" dir="0" index="1" bw="0" slack="2147483647"/>
<pin id="107" dir="0" index="2" bw="1" slack="0"/>
<pin id="108" dir="0" index="3" bw="0" slack="2147483647"/>
<pin id="109" dir="1" index="4" bw="1" slack="1"/>
</pin_list>
<bind>
<opcode="phi(47) " fcode="phi"/>
<opset="carry/1 "/>
</bind>
</comp>

<comp id="112" class="1004" name="store_ln376_store_fu_112">
<pin_list>
<pin id="113" dir="0" index="0" bw="1" slack="0"/>
<pin id="114" dir="0" index="1" bw="4" slack="0"/>
<pin id="115" dir="1" index="2" bw="0" slack="2147483647"/>
</pin_list>
<bind>
<opcode="store(28) " fcode="store"/>
<opset="store_ln376/1 "/>
</bind>
</comp>

<comp id="117" class="1004" name="i_load_fu_117">
<pin_list>
<pin id="118" dir="0" index="0" bw="4" slack="0"/>
<pin id="119" dir="1" index="1" bw="4" slack="0"/>
</pin_list>
<bind>
<opcode="load(27) " fcode="load"/>
<opset="i/1 "/>
</bind>
</comp>

<comp id="120" class="1004" name="icmp_ln378_fu_120">
<pin_list>
<pin id="121" dir="0" index="0" bw="4" slack="0"/>
<pin id="122" dir="0" index="1" bw="4" slack="0"/>
<pin id="123" dir="1" index="2" bw="1" slack="1"/>
</pin_list>
<bind>
<opcode="icmp(45) " fcode="icmp"/>
<opset="icmp_ln378/1 "/>
</bind>
</comp>

<comp id="126" class="1004" name="add_ln378_fu_126">
<pin_list>
<pin id="127" dir="0" index="0" bw="4" slack="0"/>
<pin id="128" dir="0" index="1" bw="1" slack="0"/>
<pin id="129" dir="1" index="2" bw="4" slack="0"/>
</pin_list>
<bind>
<opcode="add(8) " fcode="add"/>
<opset="add_ln378/1 "/>
</bind>
</comp>

<comp id="132" class="1004" name="lshr_ln376_1_fu_132">
<pin_list>
<pin id="133" dir="0" index="0" bw="2" slack="0"/>
<pin id="134" dir="0" index="1" bw="4" slack="0"/>
<pin id="135" dir="0" index="2" bw="1" slack="0"/>
<pin id="136" dir="0" index="3" bw="3" slack="0"/>
<pin id="137" dir="1" index="4" bw="2" slack="0"/>
</pin_list>
<bind>
<opcode="partselect(1002) " fcode="partselect"/>
<opset="lshr_ln376_1/1 "/>
</bind>
</comp>

<comp id="142" class="1004" name="zext_ln376_fu_142">
<pin_list>
<pin id="143" dir="0" index="0" bw="2" slack="0"/>
<pin id="144" dir="1" index="1" bw="64" slack="0"/>
</pin_list>
<bind>
<opcode="zext(34) " fcode="zext"/>
<opset="zext_ln376/1 "/>
</bind>
</comp>

<comp id="148" class="1004" name="store_ln376_store_fu_148">
<pin_list>
<pin id="149" dir="0" index="0" bw="4" slack="0"/>
<pin id="150" dir="0" index="1" bw="4" slack="0"/>
<pin id="151" dir="1" index="2" bw="0" slack="2147483647"/>
</pin_list>
<bind>
<opcode="store(28) " fcode="store"/>
<opset="store_ln376/1 "/>
</bind>
</comp>

<comp id="153" class="1004" name="zext_ln378_fu_153">
<pin_list>
<pin id="154" dir="0" index="0" bw="4" slack="1"/>
<pin id="155" dir="1" index="1" bw="64" slack="0"/>
</pin_list>
<bind>
<opcode="zext(34) " fcode="zext"/>
<opset="zext_ln378/2 "/>
</bind>
</comp>

<comp id="157" class="1004" name="trunc_ln378_fu_157">
<pin_list>
<pin id="158" dir="0" index="0" bw="4" slack="1"/>
<pin id="159" dir="1" index="1" bw="1" slack="0"/>
</pin_list>
<bind>
<opcode="trunc(33) " fcode="trunc"/>
<opset="trunc_ln378/2 "/>
</bind>
</comp>

<comp id="160" class="1004" name="select_ln381_fu_160">
<pin_list>
<pin id="161" dir="0" index="0" bw="1" slack="0"/>
<pin id="162" dir="0" index="1" bw="64" slack="0"/>
<pin id="163" dir="0" index="2" bw="64" slack="0"/>
<pin id="164" dir="1" index="3" bw="64" slack="0"/>
</pin_list>
<bind>
<opcode="select(49) " fcode="select"/>
<opset="select_ln381/2 "/>
</bind>
</comp>

<comp id="168" class="1004" name="zext_ln381_6_fu_168">
<pin_list>
<pin id="169" dir="0" index="0" bw="1" slack="1"/>
<pin id="170" dir="1" index="1" bw="64" slack="0"/>
</pin_list>
<bind>
<opcode="zext(34) " fcode="zext"/>
<opset="zext_ln381_6/2 "/>
</bind>
</comp>

<comp id="172" class="1004" name="tempReg_fu_172">
<pin_list>
<pin id="173" dir="0" index="0" bw="64" slack="0"/>
<pin id="174" dir="0" index="1" bw="1" slack="0"/>
<pin id="175" dir="1" index="2" bw="64" slack="0"/>
</pin_list>
<bind>
<opcode="add(8) " fcode="add"/>
<opset="tempReg/2 "/>
</bind>
</comp>

<comp id="178" class="1004" name="add_ln381_fu_178">
<pin_list>
<pin id="179" dir="0" index="0" bw="64" slack="0"/>
<pin id="180" dir="0" index="1" bw="64" slack="0"/>
<pin id="181" dir="1" index="2" bw="64" slack="0"/>
</pin_list>
<bind>
<opcode="add(8) " fcode="add"/>
<opset="add_ln381/2 "/>
</bind>
</comp>

<comp id="185" class="1004" name="xor_ln381_fu_185">
<pin_list>
<pin id="186" dir="0" index="0" bw="64" slack="0"/>
<pin id="187" dir="0" index="1" bw="64" slack="0"/>
<pin id="188" dir="1" index="2" bw="64" slack="0"/>
</pin_list>
<bind>
<opcode="xor(25) " fcode="xor"/>
<opset="xor_ln381/2 "/>
</bind>
</comp>

<comp id="191" class="1004" name="xor_ln381_32_fu_191">
<pin_list>
<pin id="192" dir="0" index="0" bw="64" slack="0"/>
<pin id="193" dir="0" index="1" bw="64" slack="0"/>
<pin id="194" dir="1" index="2" bw="64" slack="0"/>
</pin_list>
<bind>
<opcode="xor(25) " fcode="xor"/>
<opset="xor_ln381_32/2 "/>
</bind>
</comp>

<comp id="197" class="1004" name="or_ln381_fu_197">
<pin_list>
<pin id="198" dir="0" index="0" bw="64" slack="0"/>
<pin id="199" dir="0" index="1" bw="64" slack="0"/>
<pin id="200" dir="1" index="2" bw="64" slack="0"/>
</pin_list>
<bind>
<opcode="or(24) " fcode="or"/>
<opset="or_ln381/2 "/>
</bind>
</comp>

<comp id="203" class="1004" name="bit_sel4_fu_203">
<pin_list>
<pin id="204" dir="0" index="0" bw="1" slack="0"/>
<pin id="205" dir="0" index="1" bw="64" slack="0"/>
<pin id="206" dir="0" index="2" bw="7" slack="0"/>
<pin id="207" dir="1" index="3" bw="1" slack="0"/>
</pin_list>
<bind>
<opcode="bitselect(1000) " fcode="bitselect"/>
<opset="bit_sel4/2 "/>
</bind>
</comp>

<comp id="211" class="1004" name="xor_ln381_33_fu_211">
<pin_list>
<pin id="212" dir="0" index="0" bw="1" slack="0"/>
<pin id="213" dir="0" index="1" bw="1" slack="0"/>
<pin id="214" dir="1" index="2" bw="1" slack="0"/>
</pin_list>
<bind>
<opcode="xor(25) " fcode="xor"/>
<opset="xor_ln381_33/2 "/>
</bind>
</comp>

<comp id="217" class="1004" name="trunc_ln381_fu_217">
<pin_list>
<pin id="218" dir="0" index="0" bw="64" slack="0"/>
<pin id="219" dir="1" index="1" bw="63" slack="0"/>
</pin_list>
<bind>
<opcode="trunc(33) " fcode="trunc"/>
<opset="trunc_ln381/2 "/>
</bind>
</comp>

<comp id="221" class="1004" name="xor_ln381_4_fu_221">
<pin_list>
<pin id="222" dir="0" index="0" bw="64" slack="0"/>
<pin id="223" dir="0" index="1" bw="1" slack="0"/>
<pin id="224" dir="0" index="2" bw="63" slack="0"/>
<pin id="225" dir="1" index="3" bw="64" slack="0"/>
</pin_list>
<bind>
<opcode="bitconcatenate(1004) " fcode="bitconcatenate"/>
<opset="xor_ln381_4/2 "/>
</bind>
</comp>

<comp id="229" class="1004" name="and_ln381_fu_229">
<pin_list>
<pin id="230" dir="0" index="0" bw="64" slack="0"/>
<pin id="231" dir="0" index="1" bw="64" slack="0"/>
<pin id="232" dir="1" index="2" bw="64" slack="0"/>
</pin_list>
<bind>
<opcode="and(23) " fcode="and"/>
<opset="and_ln381/2 "/>
</bind>
</comp>

<comp id="235" class="1004" name="xor_ln381_34_fu_235">
<pin_list>
<pin id="236" dir="0" index="0" bw="64" slack="0"/>
<pin id="237" dir="0" index="1" bw="64" slack="0"/>
<pin id="238" dir="1" index="2" bw="64" slack="0"/>
</pin_list>
<bind>
<opcode="xor(25) " fcode="xor"/>
<opset="xor_ln381_34/2 "/>
</bind>
</comp>

<comp id="241" class="1004" name="or_ln381_12_fu_241">
<pin_list>
<pin id="242" dir="0" index="0" bw="64" slack="0"/>
<pin id="243" dir="0" index="1" bw="64" slack="0"/>
<pin id="244" dir="1" index="2" bw="64" slack="0"/>
</pin_list>
<bind>
<opcode="or(24) " fcode="or"/>
<opset="or_ln381_12/2 "/>
</bind>
</comp>

<comp id="247" class="1004" name="tmp_fu_247">
<pin_list>
<pin id="248" dir="0" index="0" bw="1" slack="0"/>
<pin id="249" dir="0" index="1" bw="64" slack="0"/>
<pin id="250" dir="0" index="2" bw="7" slack="0"/>
<pin id="251" dir="1" index="3" bw="1" slack="1"/>
</pin_list>
<bind>
<opcode="bitselect(1000) " fcode="bitselect"/>
<opset="tmp/2 "/>
</bind>
</comp>

<comp id="255" class="1005" name="i_154_reg_255">
<pin_list>
<pin id="256" dir="0" index="0" bw="4" slack="0"/>
<pin id="257" dir="1" index="1" bw="4" slack="0"/>
</pin_list>
<bind>
<opset="i_154 "/>
</bind>
</comp>

<comp id="262" class="1005" name="i_reg_262">
<pin_list>
<pin id="263" dir="0" index="0" bw="4" slack="1"/>
<pin id="264" dir="1" index="1" bw="4" slack="1"/>
</pin_list>
<bind>
<opset="i "/>
</bind>
</comp>

<comp id="268" class="1005" name="icmp_ln378_reg_268">
<pin_list>
<pin id="269" dir="0" index="0" bw="1" slack="1"/>
<pin id="270" dir="1" index="1" bw="1" slack="2147483647"/>
</pin_list>
<bind>
<opset="icmp_ln378 "/>
</bind>
</comp>

<comp id="272" class="1005" name="a_0_0_addr_reg_272">
<pin_list>
<pin id="273" dir="0" index="0" bw="2" slack="1"/>
<pin id="274" dir="1" index="1" bw="2" slack="1"/>
</pin_list>
<bind>
<opset="a_0_0_addr "/>
</bind>
</comp>

<comp id="277" class="1005" name="a_0_1_addr_reg_277">
<pin_list>
<pin id="278" dir="0" index="0" bw="2" slack="1"/>
<pin id="279" dir="1" index="1" bw="2" slack="1"/>
</pin_list>
<bind>
<opset="a_0_1_addr "/>
</bind>
</comp>

<comp id="282" class="1005" name="tmp_reg_282">
<pin_list>
<pin id="283" dir="0" index="0" bw="1" slack="1"/>
<pin id="284" dir="1" index="1" bw="1" slack="1"/>
</pin_list>
<bind>
<opset="tmp "/>
</bind>
</comp>

</comp_list>

<net_list>
<net id="61"><net_src comp="6" pin="0"/><net_sink comp="58" pin=0"/></net>

<net id="67"><net_src comp="0" pin="0"/><net_sink comp="62" pin=0"/></net>

<net id="68"><net_src comp="32" pin="0"/><net_sink comp="62" pin=1"/></net>

<net id="74"><net_src comp="2" pin="0"/><net_sink comp="69" pin=0"/></net>

<net id="75"><net_src comp="32" pin="0"/><net_sink comp="69" pin=1"/></net>

<net id="81"><net_src comp="62" pin="3"/><net_sink comp="76" pin=0"/></net>

<net id="87"><net_src comp="69" pin="3"/><net_sink comp="82" pin=0"/></net>

<net id="93"><net_src comp="4" pin="0"/><net_sink comp="88" pin=0"/></net>

<net id="94"><net_src comp="32" pin="0"/><net_sink comp="88" pin=1"/></net>

<net id="100"><net_src comp="88" pin="3"/><net_sink comp="95" pin=0"/></net>

<net id="110"><net_src comp="18" pin="0"/><net_sink comp="104" pin=2"/></net>

<net id="111"><net_src comp="104" pin="4"/><net_sink comp="101" pin=0"/></net>

<net id="116"><net_src comp="16" pin="0"/><net_sink comp="112" pin=0"/></net>

<net id="124"><net_src comp="117" pin="1"/><net_sink comp="120" pin=0"/></net>

<net id="125"><net_src comp="20" pin="0"/><net_sink comp="120" pin=1"/></net>

<net id="130"><net_src comp="117" pin="1"/><net_sink comp="126" pin=0"/></net>

<net id="131"><net_src comp="26" pin="0"/><net_sink comp="126" pin=1"/></net>

<net id="138"><net_src comp="28" pin="0"/><net_sink comp="132" pin=0"/></net>

<net id="139"><net_src comp="117" pin="1"/><net_sink comp="132" pin=1"/></net>

<net id="140"><net_src comp="6" pin="0"/><net_sink comp="132" pin=2"/></net>

<net id="141"><net_src comp="30" pin="0"/><net_sink comp="132" pin=3"/></net>

<net id="145"><net_src comp="132" pin="4"/><net_sink comp="142" pin=0"/></net>

<net id="146"><net_src comp="142" pin="1"/><net_sink comp="62" pin=2"/></net>

<net id="147"><net_src comp="142" pin="1"/><net_sink comp="69" pin=2"/></net>

<net id="152"><net_src comp="126" pin="2"/><net_sink comp="148" pin=0"/></net>

<net id="156"><net_src comp="153" pin="1"/><net_sink comp="88" pin=2"/></net>

<net id="165"><net_src comp="157" pin="1"/><net_sink comp="160" pin=0"/></net>

<net id="166"><net_src comp="82" pin="3"/><net_sink comp="160" pin=1"/></net>

<net id="167"><net_src comp="76" pin="3"/><net_sink comp="160" pin=2"/></net>

<net id="171"><net_src comp="101" pin="1"/><net_sink comp="168" pin=0"/></net>

<net id="176"><net_src comp="160" pin="3"/><net_sink comp="172" pin=0"/></net>

<net id="177"><net_src comp="168" pin="1"/><net_sink comp="172" pin=1"/></net>

<net id="182"><net_src comp="172" pin="2"/><net_sink comp="178" pin=0"/></net>

<net id="183"><net_src comp="160" pin="3"/><net_sink comp="178" pin=1"/></net>

<net id="184"><net_src comp="178" pin="2"/><net_sink comp="95" pin=1"/></net>

<net id="189"><net_src comp="178" pin="2"/><net_sink comp="185" pin=0"/></net>

<net id="190"><net_src comp="172" pin="2"/><net_sink comp="185" pin=1"/></net>

<net id="195"><net_src comp="172" pin="2"/><net_sink comp="191" pin=0"/></net>

<net id="196"><net_src comp="160" pin="3"/><net_sink comp="191" pin=1"/></net>

<net id="201"><net_src comp="185" pin="2"/><net_sink comp="197" pin=0"/></net>

<net id="202"><net_src comp="191" pin="2"/><net_sink comp="197" pin=1"/></net>

<net id="208"><net_src comp="46" pin="0"/><net_sink comp="203" pin=0"/></net>

<net id="209"><net_src comp="172" pin="2"/><net_sink comp="203" pin=1"/></net>

<net id="210"><net_src comp="48" pin="0"/><net_sink comp="203" pin=2"/></net>

<net id="215"><net_src comp="203" pin="3"/><net_sink comp="211" pin=0"/></net>

<net id="216"><net_src comp="50" pin="0"/><net_sink comp="211" pin=1"/></net>

<net id="220"><net_src comp="172" pin="2"/><net_sink comp="217" pin=0"/></net>

<net id="226"><net_src comp="52" pin="0"/><net_sink comp="221" pin=0"/></net>

<net id="227"><net_src comp="211" pin="2"/><net_sink comp="221" pin=1"/></net>

<net id="228"><net_src comp="217" pin="1"/><net_sink comp="221" pin=2"/></net>

<net id="233"><net_src comp="221" pin="3"/><net_sink comp="229" pin=0"/></net>

<net id="234"><net_src comp="160" pin="3"/><net_sink comp="229" pin=1"/></net>

<net id="239"><net_src comp="197" pin="2"/><net_sink comp="235" pin=0"/></net>

<net id="240"><net_src comp="178" pin="2"/><net_sink comp="235" pin=1"/></net>

<net id="245"><net_src comp="235" pin="2"/><net_sink comp="241" pin=0"/></net>

<net id="246"><net_src comp="229" pin="2"/><net_sink comp="241" pin=1"/></net>

<net id="252"><net_src comp="54" pin="0"/><net_sink comp="247" pin=0"/></net>

<net id="253"><net_src comp="241" pin="2"/><net_sink comp="247" pin=1"/></net>

<net id="254"><net_src comp="56" pin="0"/><net_sink comp="247" pin=2"/></net>

<net id="258"><net_src comp="58" pin="1"/><net_sink comp="255" pin=0"/></net>

<net id="259"><net_src comp="255" pin="1"/><net_sink comp="112" pin=1"/></net>

<net id="260"><net_src comp="255" pin="1"/><net_sink comp="117" pin=0"/></net>

<net id="261"><net_src comp="255" pin="1"/><net_sink comp="148" pin=1"/></net>

<net id="265"><net_src comp="117" pin="1"/><net_sink comp="262" pin=0"/></net>

<net id="266"><net_src comp="262" pin="1"/><net_sink comp="153" pin=0"/></net>

<net id="267"><net_src comp="262" pin="1"/><net_sink comp="157" pin=0"/></net>

<net id="271"><net_src comp="120" pin="2"/><net_sink comp="268" pin=0"/></net>

<net id="275"><net_src comp="62" pin="3"/><net_sink comp="272" pin=0"/></net>

<net id="276"><net_src comp="272" pin="1"/><net_sink comp="76" pin=0"/></net>

<net id="280"><net_src comp="69" pin="3"/><net_sink comp="277" pin=0"/></net>

<net id="281"><net_src comp="277" pin="1"/><net_sink comp="82" pin=0"/></net>

<net id="285"><net_src comp="247" pin="3"/><net_sink comp="282" pin=0"/></net>

<net id="286"><net_src comp="282" pin="1"/><net_sink comp="104" pin=0"/></net>

</net_list>

</model> 
---------------- Datapath Model END ------------------

* FSMD analyzer results:
  - Output states:
	Port: a_0_0 | {}
	Port: a_0_1 | {}
	Port: t3 | {2 }
 - Input state : 
	Port: fp2sqr503_mont.17_Pipeline_VITIS_LOOP_378_1128 : a_0_0 | {1 2 }
	Port: fp2sqr503_mont.17_Pipeline_VITIS_LOOP_378_1128 : a_0_1 | {1 2 }
  - Chain level:
	State 1
		store_ln376 : 1
		carry : 1
		i : 1
		icmp_ln378 : 2
		add_ln378 : 2
		br_ln378 : 3
		lshr_ln376_1 : 2
		zext_ln376 : 3
		a_0_0_addr : 4
		a_0_1_addr : 4
		a_0_0_load : 5
		a_0_1_load : 5
		store_ln376 : 3
	State 2
		select_ln381 : 1
		tempReg : 2
		add_ln381 : 3
		t3_addr : 1
		store_ln381 : 4
		xor_ln381 : 4
		xor_ln381_32 : 3
		or_ln381 : 4
		bit_sel4 : 3
		xor_ln381_33 : 4
		trunc_ln381 : 3
		xor_ln381_4 : 4
		and_ln381 : 5
		xor_ln381_34 : 4
		or_ln381_12 : 5
		tmp : 5


============================================================
+ Verbose Summary: Datapath Resource usage 
============================================================

* Functional unit list:
|----------|---------------------|---------|---------|
| Operation|   Functional Unit   |    FF   |   LUT   |
|----------|---------------------|---------|---------|
|          |   xor_ln381_fu_185  |    0    |    64   |
|    xor   | xor_ln381_32_fu_191 |    0    |    64   |
|          | xor_ln381_33_fu_211 |    0    |    2    |
|          | xor_ln381_34_fu_235 |    0    |    64   |
|----------|---------------------|---------|---------|
|          |   add_ln378_fu_126  |    0    |    12   |
|    add   |    tempReg_fu_172   |    0    |    71   |
|          |   add_ln381_fu_178  |    0    |    71   |
|----------|---------------------|---------|---------|
|    or    |   or_ln381_fu_197   |    0    |    64   |
|          |  or_ln381_12_fu_241 |    0    |    64   |
|----------|---------------------|---------|---------|
|    and   |   and_ln381_fu_229  |    0    |    64   |
|----------|---------------------|---------|---------|
|  select  | select_ln381_fu_160 |    0    |    63   |
|----------|---------------------|---------|---------|
|   icmp   |  icmp_ln378_fu_120  |    0    |    12   |
|----------|---------------------|---------|---------|
|partselect| lshr_ln376_1_fu_132 |    0    |    0    |
|----------|---------------------|---------|---------|
|          |  zext_ln376_fu_142  |    0    |    0    |
|   zext   |  zext_ln378_fu_153  |    0    |    0    |
|          | zext_ln381_6_fu_168 |    0    |    0    |
|----------|---------------------|---------|---------|
|   trunc  |  trunc_ln378_fu_157 |    0    |    0    |
|          |  trunc_ln381_fu_217 |    0    |    0    |
|----------|---------------------|---------|---------|
| bitselect|   bit_sel4_fu_203   |    0    |    0    |
|          |      tmp_fu_247     |    0    |    0    |
|----------|---------------------|---------|---------|
|bitconcatenate|  xor_ln381_4_fu_221 |    0    |    0    |
|----------|---------------------|---------|---------|
|   Total  |                     |    0    |   615   |
|----------|---------------------|---------|---------|

Memories:
N/A

* Register list:
+------------------+--------+
|                  |   FF   |
+------------------+--------+
|a_0_0_addr_reg_272|    2   |
|a_0_1_addr_reg_277|    2   |
|   carry_reg_101  |    1   |
|   i_154_reg_255  |    4   |
|     i_reg_262    |    4   |
|icmp_ln378_reg_268|    1   |
|    tmp_reg_282   |    1   |
+------------------+--------+
|       Total      |   15   |
+------------------+--------+

* Multiplexer (MUX) list: 
|------------------|------|------|------|--------||---------||---------||---------|
|       Comp       |  Pin | Size |  BW  | S x BW ||  Delay  ||    FF   ||   LUT   |
|------------------|------|------|------|--------||---------||---------||---------|
| grp_access_fu_76 |  p0  |   2  |   2  |    4   ||    0    ||    9    |
| grp_access_fu_82 |  p0  |   2  |   2  |    4   ||    0    ||    9    |
|------------------|------|------|------|--------||---------||---------||---------|
|       Total      |      |      |      |    8   ||  0.774  ||    0    ||    18   |
|------------------|------|------|------|--------||---------||---------||---------|



* Summary:
+-----------+--------+--------+--------+
|           |  Delay |   FF   |   LUT  |
+-----------+--------+--------+--------+
|  Function |    -   |    0   |   615  |
|   Memory  |    -   |    -   |    -   |
|Multiplexer|    0   |    0   |   18   |
|  Register |    -   |   15   |    -   |
+-----------+--------+--------+--------+
|   Total   |    0   |   15   |   633  |
+-----------+--------+--------+--------+
