

================================================================
== Vitis HLS Report for 'fp2sqr503_mont_39'
================================================================
* Date:           Wed Jul 30 15:26:33 2025

* Version:        2024.2.2 (Build 6049644 on Mar  5 2025)
* Project:        sikep503_hls
* Solution:       solution1 (Vivado IP Flow Target)
* Product family: virtexuplus58g
* Target device:  xcvu29p-fsga2577-2L-e


================================================================
== Performance Estimates
================================================================
+ Timing: 
    * Summary: 
    +--------+----------+----------+------------+
    |  Clock |  Target  | Estimated| Uncertainty|
    +--------+----------+----------+------------+
    |ap_clk  |  10.00 ns|  6.710 ns|     2.70 ns|
    +--------+----------+----------+------------+

+ Latency: 
    * Summary: 
    +---------+---------+----------+----------+-----+-----+---------+
    |  Latency (cycles) |  Latency (absolute) |  Interval | Pipeline|
    |   min   |   max   |    min   |    max   | min | max |   Type  |
    +---------+---------+----------+----------+-----+-----+---------+
    |      455|      778|  4.550 us|  7.780 us|  455|  778|       no|
    +---------+---------+----------+----------+-----+-----+---------+

    + Detail: 
        * Instance: 
        +---------------------------------------------------------+-----------------------------------------------+---------+---------+----------+----------+-----+-----+------------------------------------------------+
        |                                                         |                                               |  Latency (cycles) |  Latency (absolute) |  Interval |                    Pipeline                    |
        |                         Instance                        |                     Module                    |   min   |   max   |    min   |    max   | min | max |                      Type                      |
        +---------------------------------------------------------+-----------------------------------------------+---------+---------+----------+----------+-----+-----+------------------------------------------------+
        |grp_fp2sqr503_mont_39_Pipeline_VITIS_LOOP_370_1_fu_58    |fp2sqr503_mont_39_Pipeline_VITIS_LOOP_370_1    |       10|       10|  0.100 us|  0.100 us|    9|    9|  loop auto-rewind stp (delay=0 clock cycles(s))|
        |grp_fp2sqr503_mont_39_Pipeline_3_fu_66                   |fp2sqr503_mont_39_Pipeline_3                   |       18|       18|  0.180 us|  0.180 us|   17|   17|  loop auto-rewind stp (delay=0 clock cycles(s))|
        |grp_fp2sqr503_mont_39_Pipeline_4_fu_72                   |fp2sqr503_mont_39_Pipeline_4                   |       18|       18|  0.180 us|  0.180 us|   17|   17|  loop auto-rewind stp (delay=0 clock cycles(s))|
        |grp_fpsub503_99_fu_78                                    |fpsub503_99                                    |       15|       15|  0.150 us|  0.150 us|    8|    8|                                             yes|
        |grp_fp2sqr503_mont_39_Pipeline_VITIS_LOOP_370_158_fu_84  |fp2sqr503_mont_39_Pipeline_VITIS_LOOP_370_158  |       10|       10|  0.100 us|  0.100 us|    9|    9|  loop auto-rewind stp (delay=0 clock cycles(s))|
        |grp_mp_mul_3_fu_91                                       |mp_mul_3                                       |      137|      235|  1.370 us|  2.350 us|  137|  235|                                              no|
        |grp_rdc_mont_6_fu_105                                    |rdc_mont_6                                     |      134|      248|  1.340 us|  2.480 us|  134|  248|                                              no|
        |grp_mp_mul_100_fu_152                                    |mp_mul_100                                     |      137|      235|  1.370 us|  2.350 us|  137|  235|                                              no|
        +---------------------------------------------------------+-----------------------------------------------+---------+---------+----------+----------+-----+-----+------------------------------------------------+

        * Loop: 
        N/A



================================================================
== Utilization Estimates
================================================================
* Summary: 
+---------------------+---------+-------+---------+---------+------+
|         Name        | BRAM_18K|  DSP  |    FF   |   LUT   | URAM |
+---------------------+---------+-------+---------+---------+------+
|DSP                  |        -|      -|        -|        -|     -|
|Expression           |        -|      -|        0|        6|     -|
|FIFO                 |        -|      -|        -|        -|     -|
|Instance             |        0|     48|     5886|    15936|     -|
|Memory               |        0|      -|      256|      260|     0|
|Multiplexer          |        -|      -|        0|      705|     -|
|Register             |        -|      -|      550|        -|     -|
+---------------------+---------+-------+---------+---------+------+
|Total                |        0|     48|     6692|    16907|     0|
+---------------------+---------+-------+---------+---------+------+
|Available SLR        |     1344|   3072|   864000|   432000|   320|
+---------------------+---------+-------+---------+---------+------+
|Utilization SLR (%)  |        0|      1|       ~0|        3|     0|
+---------------------+---------+-------+---------+---------+------+
|Available            |     5376|  12288|  3456000|  1728000|  1280|
+---------------------+---------+-------+---------+---------+------+
|Utilization (%)      |        0|     ~0|       ~0|       ~0|     0|
+---------------------+---------+-------+---------+---------+------+

+ Detail: 
    * Instance: 
    +---------------------------------------------------------+-----------------------------------------------+---------+----+------+------+-----+
    |                         Instance                        |                     Module                    | BRAM_18K| DSP|  FF  |  LUT | URAM|
    +---------------------------------------------------------+-----------------------------------------------+---------+----+------+------+-----+
    |grp_fp2sqr503_mont_39_Pipeline_3_fu_66                   |fp2sqr503_mont_39_Pipeline_3                   |        0|   0|     7|    52|    0|
    |grp_fp2sqr503_mont_39_Pipeline_4_fu_72                   |fp2sqr503_mont_39_Pipeline_4                   |        0|   0|     7|    52|    0|
    |grp_fp2sqr503_mont_39_Pipeline_VITIS_LOOP_370_1_fu_58    |fp2sqr503_mont_39_Pipeline_VITIS_LOOP_370_1    |        0|   0|    13|   601|    0|
    |grp_fp2sqr503_mont_39_Pipeline_VITIS_LOOP_370_158_fu_84  |fp2sqr503_mont_39_Pipeline_VITIS_LOOP_370_158  |        0|   0|    13|   601|    0|
    |grp_fpsub503_99_fu_78                                    |fpsub503_99                                    |        0|   0|  1313|  4080|    0|
    |grp_mp_mul_100_fu_152                                    |mp_mul_100                                     |        0|  16|   986|  2850|    0|
    |grp_mp_mul_3_fu_91                                       |mp_mul_3                                       |        0|  16|  1117|  2880|    0|
    |grp_rdc_mont_6_fu_105                                    |rdc_mont_6                                     |        0|  16|  2430|  4820|    0|
    +---------------------------------------------------------+-----------------------------------------------+---------+----+------+------+-----+
    |Total                                                    |                                               |        0|  48|  5886| 15936|    0|
    +---------------------------------------------------------+-----------------------------------------------+---------+----+------+------+-----+

    * DSP: 
    N/A

    * Memory: 
    +----------+--------------------------------------+---------+----+----+-----+------+-----+------+-------------+
    |  Memory  |                Module                | BRAM_18K| FF | LUT| URAM| Words| Bits| Banks| W*Bits*Banks|
    +----------+--------------------------------------+---------+----+----+-----+------+-----+------+-------------+
    |t1_U      |fp2sqr503_mont_39_t1_RAM_AUTO_1R1W    |        0|  64|  65|    0|     8|   64|     1|          512|
    |t3_U      |fp2sqr503_mont_39_t1_RAM_AUTO_1R1W    |        0|  64|  65|    0|     8|   64|     1|          512|
    |temp_U    |fp2sqr503_mont_39_temp_RAM_AUTO_1R1W  |        0|  64|  65|    0|    16|   64|     1|         1024|
    |temp_9_U  |fp2sqr503_mont_39_temp_RAM_AUTO_1R1W  |        0|  64|  65|    0|    16|   64|     1|         1024|
    +----------+--------------------------------------+---------+----+----+-----+------+-----+------+-------------+
    |Total     |                                      |        0| 256| 260|    0|    48|  256|     4|         3072|
    +----------+--------------------------------------+---------+----+----+-----+------+-----+------+-------------+

    * FIFO: 
    N/A

    * Expression: 
    +----------------------------------+----------+----+---+----+------------+------------+
    |           Variable Name          | Operation| DSP| FF| LUT| Bitwidth P0| Bitwidth P1|
    +----------------------------------+----------+----+---+----+------------+------------+
    |ap_block_state26_on_subcall_done  |        or|   0|  0|   2|           1|           1|
    |ap_block_state28_on_subcall_done  |        or|   0|  0|   2|           1|           1|
    |ap_block_state2_on_subcall_done   |        or|   0|  0|   2|           1|           1|
    +----------------------------------+----------+----+---+----+------------+------------+
    |Total                             |          |   0|  0|   6|           3|           3|
    +----------------------------------+----------+----+---+----+------------+------------+

    * Multiplexer: 
    +-----------------------------------+-----+-----------+-----+-----------+
    |                Name               | LUT | Input Size| Bits| Total Bits|
    +-----------------------------------+-----+-----------+-----+-----------+
    |C24_0_ce0                          |    9|          2|    1|          2|
    |C24_0_we0                          |    9|          2|    1|          2|
    |C24_1_ce0                          |    9|          2|    1|          2|
    |C24_1_we0                          |    9|          2|    1|          2|
    |C24_2_ce0                          |    9|          2|    1|          2|
    |C24_2_we0                          |    9|          2|    1|          2|
    |C24_3_ce0                          |    9|          2|    1|          2|
    |C24_3_we0                          |    9|          2|    1|          2|
    |C24_4_ce0                          |    9|          2|    1|          2|
    |C24_4_we0                          |    9|          2|    1|          2|
    |C24_5_ce0                          |    9|          2|    1|          2|
    |C24_5_we0                          |    9|          2|    1|          2|
    |C24_6_ce0                          |    9|          2|    1|          2|
    |C24_6_we0                          |    9|          2|    1|          2|
    |C24_7_ce0                          |    9|          2|    1|          2|
    |C24_7_we0                          |    9|          2|    1|          2|
    |ap_NS_fsm                          |  145|         31|    1|         31|
    |coeff_address0                     |   26|          5|    6|         30|
    |coeff_address1                     |   14|          3|    6|         18|
    |coeff_ce0                          |   26|          5|    1|          5|
    |coeff_ce1                          |   14|          3|    1|          3|
    |grp_rdc_mont_6_fu_105_ma_q0        |   14|          3|   64|        192|
    |grp_rdc_mont_6_fu_105_mc_0_offset  |   14|          3|    1|          3|
    |grp_rdc_mont_6_fu_105_mc_1_offset  |   14|          3|    1|          3|
    |grp_rdc_mont_6_fu_105_mc_2_offset  |   14|          3|    1|          3|
    |grp_rdc_mont_6_fu_105_mc_3_offset  |   14|          3|    1|          3|
    |grp_rdc_mont_6_fu_105_mc_4_offset  |   14|          3|    1|          3|
    |grp_rdc_mont_6_fu_105_mc_5_offset  |   14|          3|    1|          3|
    |grp_rdc_mont_6_fu_105_mc_6_offset  |   14|          3|    1|          3|
    |grp_rdc_mont_6_fu_105_mc_7_offset  |   14|          3|    1|          3|
    |t1_address0                        |   14|          3|    3|          9|
    |t1_ce0                             |   14|          3|    1|          3|
    |t1_we0                             |    9|          2|    1|          2|
    |t3_address0                        |   14|          3|    3|          9|
    |t3_ce0                             |   14|          3|    1|          3|
    |t3_we0                             |    9|          2|    1|          2|
    |temp_9_address0                    |   20|          4|    4|         16|
    |temp_9_ce0                         |   20|          4|    1|          4|
    |temp_9_d0                          |   14|          3|   64|        192|
    |temp_9_we0                         |   14|          3|    1|          3|
    |temp_address0                      |   20|          4|    4|         16|
    |temp_ce0                           |   20|          4|    1|          4|
    |temp_d0                            |   14|          3|   64|        192|
    |temp_we0                           |   14|          3|    1|          3|
    +-----------------------------------+-----+-----------+-----+-----------+
    |Total                              |  705|        150|  253|        793|
    +-----------------------------------+-----+-----------+-----+-----------+

    * Register: 
    +----------------------------------------------------------------------+----+----+-----+-----------+
    |                                 Name                                 | FF | LUT| Bits| Const Bits|
    +----------------------------------------------------------------------+----+----+-----+-----------+
    |ap_CS_fsm                                                             |  30|   0|   30|          0|
    |grp_fp2sqr503_mont_39_Pipeline_3_fu_66_ap_start_reg                   |   1|   0|    1|          0|
    |grp_fp2sqr503_mont_39_Pipeline_4_fu_72_ap_start_reg                   |   1|   0|    1|          0|
    |grp_fp2sqr503_mont_39_Pipeline_VITIS_LOOP_370_158_fu_84_ap_start_reg  |   1|   0|    1|          0|
    |grp_fp2sqr503_mont_39_Pipeline_VITIS_LOOP_370_1_fu_58_ap_start_reg    |   1|   0|    1|          0|
    |grp_fpsub503_99_fu_78_ap_start_reg                                    |   1|   0|    1|          0|
    |grp_mp_mul_100_fu_152_ap_start_reg                                    |   1|   0|    1|          0|
    |grp_mp_mul_3_fu_91_ap_start_reg                                       |   1|   0|    1|          0|
    |grp_rdc_mont_6_fu_105_ap_start_reg                                    |   1|   0|    1|          0|
    |t2_1_reg_197                                                          |  64|   0|   64|          0|
    |t2_2_reg_202                                                          |  64|   0|   64|          0|
    |t2_3_reg_207                                                          |  64|   0|   64|          0|
    |t2_4_reg_212                                                          |  64|   0|   64|          0|
    |t2_5_reg_217                                                          |  64|   0|   64|          0|
    |t2_6_reg_222                                                          |  64|   0|   64|          0|
    |t2_7_reg_227                                                          |  64|   0|   64|          0|
    |t2_reg_192                                                            |  64|   0|   64|          0|
    +----------------------------------------------------------------------+----+----+-----+-----------+
    |Total                                                                 | 550|   0|  550|          0|
    +----------------------------------------------------------------------+----+----+-----+-----------+



================================================================
== Interface
================================================================
* Summary: 
+----------------+-----+-----+------------+-------------------+--------------+
|    RTL Ports   | Dir | Bits|  Protocol  |   Source Object   |    C Type    |
+----------------+-----+-----+------------+-------------------+--------------+
|ap_clk          |   in|    1|  ap_ctrl_hs|  fp2sqr503_mont.39|  return value|
|ap_rst          |   in|    1|  ap_ctrl_hs|  fp2sqr503_mont.39|  return value|
|ap_start        |   in|    1|  ap_ctrl_hs|  fp2sqr503_mont.39|  return value|
|ap_done         |  out|    1|  ap_ctrl_hs|  fp2sqr503_mont.39|  return value|
|ap_idle         |  out|    1|  ap_ctrl_hs|  fp2sqr503_mont.39|  return value|
|ap_ready        |  out|    1|  ap_ctrl_hs|  fp2sqr503_mont.39|  return value|
|coeff_address0  |  out|    6|   ap_memory|              coeff|         array|
|coeff_ce0       |  out|    1|   ap_memory|              coeff|         array|
|coeff_q0        |   in|   64|   ap_memory|              coeff|         array|
|coeff_address1  |  out|    6|   ap_memory|              coeff|         array|
|coeff_ce1       |  out|    1|   ap_memory|              coeff|         array|
|coeff_q1        |   in|   64|   ap_memory|              coeff|         array|
|C24_0_address0  |  out|    1|   ap_memory|              C24_0|         array|
|C24_0_ce0       |  out|    1|   ap_memory|              C24_0|         array|
|C24_0_we0       |  out|    1|   ap_memory|              C24_0|         array|
|C24_0_d0        |  out|   64|   ap_memory|              C24_0|         array|
|C24_0_q0        |   in|   64|   ap_memory|              C24_0|         array|
|C24_1_address0  |  out|    1|   ap_memory|              C24_1|         array|
|C24_1_ce0       |  out|    1|   ap_memory|              C24_1|         array|
|C24_1_we0       |  out|    1|   ap_memory|              C24_1|         array|
|C24_1_d0        |  out|   64|   ap_memory|              C24_1|         array|
|C24_1_q0        |   in|   64|   ap_memory|              C24_1|         array|
|C24_2_address0  |  out|    1|   ap_memory|              C24_2|         array|
|C24_2_ce0       |  out|    1|   ap_memory|              C24_2|         array|
|C24_2_we0       |  out|    1|   ap_memory|              C24_2|         array|
|C24_2_d0        |  out|   64|   ap_memory|              C24_2|         array|
|C24_2_q0        |   in|   64|   ap_memory|              C24_2|         array|
|C24_3_address0  |  out|    1|   ap_memory|              C24_3|         array|
|C24_3_ce0       |  out|    1|   ap_memory|              C24_3|         array|
|C24_3_we0       |  out|    1|   ap_memory|              C24_3|         array|
|C24_3_d0        |  out|   64|   ap_memory|              C24_3|         array|
|C24_3_q0        |   in|   64|   ap_memory|              C24_3|         array|
|C24_4_address0  |  out|    1|   ap_memory|              C24_4|         array|
|C24_4_ce0       |  out|    1|   ap_memory|              C24_4|         array|
|C24_4_we0       |  out|    1|   ap_memory|              C24_4|         array|
|C24_4_d0        |  out|   64|   ap_memory|              C24_4|         array|
|C24_4_q0        |   in|   64|   ap_memory|              C24_4|         array|
|C24_5_address0  |  out|    1|   ap_memory|              C24_5|         array|
|C24_5_ce0       |  out|    1|   ap_memory|              C24_5|         array|
|C24_5_we0       |  out|    1|   ap_memory|              C24_5|         array|
|C24_5_d0        |  out|   64|   ap_memory|              C24_5|         array|
|C24_5_q0        |   in|   64|   ap_memory|              C24_5|         array|
|C24_6_address0  |  out|    1|   ap_memory|              C24_6|         array|
|C24_6_ce0       |  out|    1|   ap_memory|              C24_6|         array|
|C24_6_we0       |  out|    1|   ap_memory|              C24_6|         array|
|C24_6_d0        |  out|   64|   ap_memory|              C24_6|         array|
|C24_6_q0        |   in|   64|   ap_memory|              C24_6|         array|
|C24_7_address0  |  out|    1|   ap_memory|              C24_7|         array|
|C24_7_ce0       |  out|    1|   ap_memory|              C24_7|         array|
|C24_7_we0       |  out|    1|   ap_memory|              C24_7|         array|
|C24_7_d0        |  out|   64|   ap_memory|              C24_7|         array|
|C24_7_q0        |   in|   64|   ap_memory|              C24_7|         array|
+----------------+-----+-----+------------+-------------------+--------------+

============================================================
+ Verbose Summary: Synthesis Manager
============================================================
InlineROM: 1
ExposeGlobal: 0
============================================================
+ Verbose Summary: CDFG Model
============================================================
IsTopModel: 0
ResetActiveHigh: 1
IsCombinational: 2
IsDatapathOnly: 2
HasWiredReturn: 1
HasMFsm: 0
HasVarLatency: 1
IsPipeline: 0
IsRtlPipelined: 0
IsInstanceOverlapped: 0
IsDontTouch: 0
HasImplIP: 0
IsGatedGlobalClock: 0


============================================================
+ Verbose Summary: Schedule
============================================================
* Number of FSM states : 30
* Pipeline : 0
* Dataflow Pipeline: 0

* FSM state transitions: 
1 --> 2 
2 --> 3 
3 --> 4 
4 --> 5 
5 --> 6 
6 --> 7 
7 --> 8 
8 --> 9 
9 --> 10 
10 --> 11 
11 --> 12 
12 --> 13 
13 --> 14 
14 --> 15 
15 --> 16 
16 --> 17 
17 --> 18 
18 --> 19 
19 --> 20 
20 --> 21 
21 --> 22 
22 --> 23 
23 --> 24 
24 --> 25 
25 --> 26 
26 --> 27 
27 --> 28 
28 --> 29 
29 --> 30 
30 --> 

* FSM state operations: 

State 1 <SV = 0> <Delay = 0.71>
ST_1 : Operation 31 [1/1] (0.71ns)   --->   "%temp = alloca i64 1" [src/fpx.cpp:56->src/fpx.cpp:145]   --->   Operation 31 'alloca' 'temp' <Predicate = true> <Delay = 0.71>
ST_1 : Operation 32 [1/1] (0.71ns)   --->   "%temp_9 = alloca i64 1" [src/fpx.cpp:56->src/fpx.cpp:144]   --->   Operation 32 'alloca' 'temp_9' <Predicate = true> <Delay = 0.71>
ST_1 : Operation 33 [1/1] (0.71ns)   --->   "%t1 = alloca i64 1" [src/fpx.cpp:139]   --->   Operation 33 'alloca' 't1' <Predicate = true> <Delay = 0.71>
ST_1 : Operation 34 [1/1] (0.71ns)   --->   "%t3 = alloca i64 1" [src/fpx.cpp:139]   --->   Operation 34 'alloca' 't3' <Predicate = true> <Delay = 0.71>
ST_1 : Operation 35 [2/2] (0.00ns)   --->   "%call_ln0 = call void @fp2sqr503_mont.39_Pipeline_VITIS_LOOP_370_1, i64 %coeff, i64 %t1"   --->   Operation 35 'call' 'call_ln0' <Predicate = true> <Delay = 0.00> <CoreType = "Generic">   --->   Generic Core
ST_1 : Operation 36 [2/2] (0.00ns)   --->   "%call_ln0 = call void @fp2sqr503_mont.39_Pipeline_3, i64 %temp_9"   --->   Operation 36 'call' 'call_ln0' <Predicate = true> <Delay = 0.00> <CoreType = "Generic">   --->   Generic Core
ST_1 : Operation 37 [2/2] (0.00ns)   --->   "%call_ln0 = call void @fp2sqr503_mont.39_Pipeline_4, i64 %temp"   --->   Operation 37 'call' 'call_ln0' <Predicate = true> <Delay = 0.00> <CoreType = "Generic">   --->   Generic Core

State 2 <SV = 1> <Delay = 1.48>
ST_2 : Operation 38 [1/2] (1.48ns)   --->   "%call_ln0 = call void @fp2sqr503_mont.39_Pipeline_VITIS_LOOP_370_1, i64 %coeff, i64 %t1"   --->   Operation 38 'call' 'call_ln0' <Predicate = true> <Delay = 1.48> <CoreType = "Generic">   --->   Generic Core
ST_2 : Operation 39 [1/2] (1.48ns)   --->   "%call_ln0 = call void @fp2sqr503_mont.39_Pipeline_3, i64 %temp_9"   --->   Operation 39 'call' 'call_ln0' <Predicate = true> <Delay = 1.48> <CoreType = "Generic">   --->   Generic Core
ST_2 : Operation 40 [1/2] (1.48ns)   --->   "%call_ln0 = call void @fp2sqr503_mont.39_Pipeline_4, i64 %temp"   --->   Operation 40 'call' 'call_ln0' <Predicate = true> <Delay = 1.48> <CoreType = "Generic">   --->   Generic Core

State 3 <SV = 2> <Delay = 0.00>

State 4 <SV = 3> <Delay = 0.00>

State 5 <SV = 4> <Delay = 0.00>

State 6 <SV = 5> <Delay = 0.00>

State 7 <SV = 6> <Delay = 0.00>

State 8 <SV = 7> <Delay = 0.00>

State 9 <SV = 8> <Delay = 0.00>
ST_9 : Operation 41 [16/16] (0.00ns)   --->   "%call_ret = call i512 @fpsub503.99, i64 %coeff" [src/fpx.cpp:142]   --->   Operation 41 'call' 'call_ret' <Predicate = true> <Delay = 0.00> <CoreType = "Generic">   --->   Generic Core

State 10 <SV = 9> <Delay = 6.00>
ST_10 : Operation 42 [15/16] (6.00ns)   --->   "%call_ret = call i512 @fpsub503.99, i64 %coeff" [src/fpx.cpp:142]   --->   Operation 42 'call' 'call_ret' <Predicate = true> <Delay = 6.00> <CoreType = "Generic">   --->   Generic Core

State 11 <SV = 10> <Delay = 6.00>
ST_11 : Operation 43 [14/16] (6.00ns)   --->   "%call_ret = call i512 @fpsub503.99, i64 %coeff" [src/fpx.cpp:142]   --->   Operation 43 'call' 'call_ret' <Predicate = true> <Delay = 6.00> <CoreType = "Generic">   --->   Generic Core

State 12 <SV = 11> <Delay = 6.00>
ST_12 : Operation 44 [13/16] (6.00ns)   --->   "%call_ret = call i512 @fpsub503.99, i64 %coeff" [src/fpx.cpp:142]   --->   Operation 44 'call' 'call_ret' <Predicate = true> <Delay = 6.00> <CoreType = "Generic">   --->   Generic Core

State 13 <SV = 12> <Delay = 6.00>
ST_13 : Operation 45 [12/16] (6.00ns)   --->   "%call_ret = call i512 @fpsub503.99, i64 %coeff" [src/fpx.cpp:142]   --->   Operation 45 'call' 'call_ret' <Predicate = true> <Delay = 6.00> <CoreType = "Generic">   --->   Generic Core

State 14 <SV = 13> <Delay = 6.00>
ST_14 : Operation 46 [11/16] (6.00ns)   --->   "%call_ret = call i512 @fpsub503.99, i64 %coeff" [src/fpx.cpp:142]   --->   Operation 46 'call' 'call_ret' <Predicate = true> <Delay = 6.00> <CoreType = "Generic">   --->   Generic Core

State 15 <SV = 14> <Delay = 6.00>
ST_15 : Operation 47 [10/16] (6.00ns)   --->   "%call_ret = call i512 @fpsub503.99, i64 %coeff" [src/fpx.cpp:142]   --->   Operation 47 'call' 'call_ret' <Predicate = true> <Delay = 6.00> <CoreType = "Generic">   --->   Generic Core

State 16 <SV = 15> <Delay = 6.00>
ST_16 : Operation 48 [9/16] (6.00ns)   --->   "%call_ret = call i512 @fpsub503.99, i64 %coeff" [src/fpx.cpp:142]   --->   Operation 48 'call' 'call_ret' <Predicate = true> <Delay = 6.00> <CoreType = "Generic">   --->   Generic Core

State 17 <SV = 16> <Delay = 6.00>
ST_17 : Operation 49 [8/16] (6.00ns)   --->   "%call_ret = call i512 @fpsub503.99, i64 %coeff" [src/fpx.cpp:142]   --->   Operation 49 'call' 'call_ret' <Predicate = true> <Delay = 6.00> <CoreType = "Generic">   --->   Generic Core

State 18 <SV = 17> <Delay = 6.00>
ST_18 : Operation 50 [7/16] (6.00ns)   --->   "%call_ret = call i512 @fpsub503.99, i64 %coeff" [src/fpx.cpp:142]   --->   Operation 50 'call' 'call_ret' <Predicate = true> <Delay = 6.00> <CoreType = "Generic">   --->   Generic Core

State 19 <SV = 18> <Delay = 6.00>
ST_19 : Operation 51 [6/16] (6.00ns)   --->   "%call_ret = call i512 @fpsub503.99, i64 %coeff" [src/fpx.cpp:142]   --->   Operation 51 'call' 'call_ret' <Predicate = true> <Delay = 6.00> <CoreType = "Generic">   --->   Generic Core

State 20 <SV = 19> <Delay = 6.00>
ST_20 : Operation 52 [5/16] (6.00ns)   --->   "%call_ret = call i512 @fpsub503.99, i64 %coeff" [src/fpx.cpp:142]   --->   Operation 52 'call' 'call_ret' <Predicate = true> <Delay = 6.00> <CoreType = "Generic">   --->   Generic Core

State 21 <SV = 20> <Delay = 6.00>
ST_21 : Operation 53 [4/16] (6.00ns)   --->   "%call_ret = call i512 @fpsub503.99, i64 %coeff" [src/fpx.cpp:142]   --->   Operation 53 'call' 'call_ret' <Predicate = true> <Delay = 6.00> <CoreType = "Generic">   --->   Generic Core

State 22 <SV = 21> <Delay = 6.00>
ST_22 : Operation 54 [3/16] (6.00ns)   --->   "%call_ret = call i512 @fpsub503.99, i64 %coeff" [src/fpx.cpp:142]   --->   Operation 54 'call' 'call_ret' <Predicate = true> <Delay = 6.00> <CoreType = "Generic">   --->   Generic Core

State 23 <SV = 22> <Delay = 6.00>
ST_23 : Operation 55 [2/16] (6.00ns)   --->   "%call_ret = call i512 @fpsub503.99, i64 %coeff" [src/fpx.cpp:142]   --->   Operation 55 'call' 'call_ret' <Predicate = true> <Delay = 6.00> <CoreType = "Generic">   --->   Generic Core

State 24 <SV = 23> <Delay = 3.54>
ST_24 : Operation 56 [1/16] (3.54ns)   --->   "%call_ret = call i512 @fpsub503.99, i64 %coeff" [src/fpx.cpp:142]   --->   Operation 56 'call' 'call_ret' <Predicate = true> <Delay = 3.54> <CoreType = "Generic">   --->   Generic Core
ST_24 : Operation 57 [1/1] (0.00ns)   --->   "%t2 = extractvalue i512 %call_ret" [src/fpx.cpp:142]   --->   Operation 57 'extractvalue' 't2' <Predicate = true> <Delay = 0.00>
ST_24 : Operation 58 [1/1] (0.00ns)   --->   "%t2_1 = extractvalue i512 %call_ret" [src/fpx.cpp:142]   --->   Operation 58 'extractvalue' 't2_1' <Predicate = true> <Delay = 0.00>
ST_24 : Operation 59 [1/1] (0.00ns)   --->   "%t2_2 = extractvalue i512 %call_ret" [src/fpx.cpp:142]   --->   Operation 59 'extractvalue' 't2_2' <Predicate = true> <Delay = 0.00>
ST_24 : Operation 60 [1/1] (0.00ns)   --->   "%t2_3 = extractvalue i512 %call_ret" [src/fpx.cpp:142]   --->   Operation 60 'extractvalue' 't2_3' <Predicate = true> <Delay = 0.00>
ST_24 : Operation 61 [1/1] (0.00ns)   --->   "%t2_4 = extractvalue i512 %call_ret" [src/fpx.cpp:142]   --->   Operation 61 'extractvalue' 't2_4' <Predicate = true> <Delay = 0.00>
ST_24 : Operation 62 [1/1] (0.00ns)   --->   "%t2_5 = extractvalue i512 %call_ret" [src/fpx.cpp:142]   --->   Operation 62 'extractvalue' 't2_5' <Predicate = true> <Delay = 0.00>
ST_24 : Operation 63 [1/1] (0.00ns)   --->   "%t2_6 = extractvalue i512 %call_ret" [src/fpx.cpp:142]   --->   Operation 63 'extractvalue' 't2_6' <Predicate = true> <Delay = 0.00>
ST_24 : Operation 64 [1/1] (0.00ns)   --->   "%t2_7 = extractvalue i512 %call_ret" [src/fpx.cpp:142]   --->   Operation 64 'extractvalue' 't2_7' <Predicate = true> <Delay = 0.00>

State 25 <SV = 24> <Delay = 0.00>
ST_25 : Operation 65 [2/2] (0.00ns)   --->   "%call_ln0 = call void @fp2sqr503_mont.39_Pipeline_VITIS_LOOP_370_158, i64 %coeff, i64 %t3"   --->   Operation 65 'call' 'call_ln0' <Predicate = true> <Delay = 0.00> <CoreType = "Generic">   --->   Generic Core
ST_25 : Operation 66 [2/2] (0.00ns)   --->   "%call_ln58 = call void @mp_mul.3, i64 %t1, i64 %t2, i64 %t2_1, i64 %t2_2, i64 %t2_3, i64 %t2_4, i64 %t2_5, i64 %t2_6, i64 %t2_7, i64 %temp_9" [src/fpx.cpp:58->src/fpx.cpp:144]   --->   Operation 66 'call' 'call_ln58' <Predicate = true> <Delay = 0.00> <CoreType = "Generic">   --->   Generic Core

State 26 <SV = 25> <Delay = 1.48>
ST_26 : Operation 67 [1/2] (1.48ns)   --->   "%call_ln0 = call void @fp2sqr503_mont.39_Pipeline_VITIS_LOOP_370_158, i64 %coeff, i64 %t3"   --->   Operation 67 'call' 'call_ln0' <Predicate = true> <Delay = 1.48> <CoreType = "Generic">   --->   Generic Core
ST_26 : Operation 68 [1/2] (0.70ns)   --->   "%call_ln58 = call void @mp_mul.3, i64 %t1, i64 %t2, i64 %t2_1, i64 %t2_2, i64 %t2_3, i64 %t2_4, i64 %t2_5, i64 %t2_6, i64 %t2_7, i64 %temp_9" [src/fpx.cpp:58->src/fpx.cpp:144]   --->   Operation 68 'call' 'call_ln58' <Predicate = true> <Delay = 0.70> <CoreType = "Generic">   --->   Generic Core

State 27 <SV = 26> <Delay = 0.71>
ST_27 : Operation 69 [2/2] (0.71ns)   --->   "%call_ln59 = call void @rdc_mont.6, i64 %temp_9, i64 %C24_0, i1 0, i64 %C24_1, i1 0, i64 %C24_2, i1 0, i64 %C24_3, i1 0, i64 %C24_4, i1 0, i64 %C24_5, i1 0, i64 %C24_6, i1 0, i64 %C24_7, i1 0, i64 %p503p1_1" [src/fpx.cpp:59->src/fpx.cpp:144]   --->   Operation 69 'call' 'call_ln59' <Predicate = true> <Delay = 0.71> <CoreType = "Generic">   --->   Generic Core
ST_27 : Operation 70 [2/2] (0.00ns)   --->   "%call_ln58 = call void @mp_mul.100, i64 %t3, i64 %coeff, i64 %temp" [src/fpx.cpp:58->src/fpx.cpp:145]   --->   Operation 70 'call' 'call_ln58' <Predicate = true> <Delay = 0.00> <CoreType = "Generic">   --->   Generic Core

State 28 <SV = 27> <Delay = 0.70>
ST_28 : Operation 71 [1/2] (0.00ns)   --->   "%call_ln59 = call void @rdc_mont.6, i64 %temp_9, i64 %C24_0, i1 0, i64 %C24_1, i1 0, i64 %C24_2, i1 0, i64 %C24_3, i1 0, i64 %C24_4, i1 0, i64 %C24_5, i1 0, i64 %C24_6, i1 0, i64 %C24_7, i1 0, i64 %p503p1_1" [src/fpx.cpp:59->src/fpx.cpp:144]   --->   Operation 71 'call' 'call_ln59' <Predicate = true> <Delay = 0.00> <CoreType = "Generic">   --->   Generic Core
ST_28 : Operation 72 [1/2] (0.70ns)   --->   "%call_ln58 = call void @mp_mul.100, i64 %t3, i64 %coeff, i64 %temp" [src/fpx.cpp:58->src/fpx.cpp:145]   --->   Operation 72 'call' 'call_ln58' <Predicate = true> <Delay = 0.70> <CoreType = "Generic">   --->   Generic Core

State 29 <SV = 28> <Delay = 0.71>
ST_29 : Operation 73 [2/2] (0.71ns)   --->   "%call_ln59 = call void @rdc_mont.6, i64 %temp, i64 %C24_0, i1 1, i64 %C24_1, i1 1, i64 %C24_2, i1 1, i64 %C24_3, i1 1, i64 %C24_4, i1 1, i64 %C24_5, i1 1, i64 %C24_6, i1 1, i64 %C24_7, i1 1, i64 %p503p1_1" [src/fpx.cpp:59->src/fpx.cpp:145]   --->   Operation 73 'call' 'call_ln59' <Predicate = true> <Delay = 0.71> <CoreType = "Generic">   --->   Generic Core

State 30 <SV = 29> <Delay = 0.00>
ST_30 : Operation 74 [1/2] (0.00ns)   --->   "%call_ln59 = call void @rdc_mont.6, i64 %temp, i64 %C24_0, i1 1, i64 %C24_1, i1 1, i64 %C24_2, i1 1, i64 %C24_3, i1 1, i64 %C24_4, i1 1, i64 %C24_5, i1 1, i64 %C24_6, i1 1, i64 %C24_7, i1 1, i64 %p503p1_1" [src/fpx.cpp:59->src/fpx.cpp:145]   --->   Operation 74 'call' 'call_ln59' <Predicate = true> <Delay = 0.00> <CoreType = "Generic">   --->   Generic Core
ST_30 : Operation 75 [1/1] (0.00ns)   --->   "%ret_ln146 = ret" [src/fpx.cpp:146]   --->   Operation 75 'ret' 'ret_ln146' <Predicate = true> <Delay = 0.00>


============================================================
+ Verbose Summary: Binding
============================================================
STG Binding: 
---------------- STG Properties BEGIN ----------------
- Is combinational: 0
- Is one-state seq: 0
- Is datapath-only: 0
- Is pipelined: 0
- Is top level: 0
Port [ Return ] is wired: 1; IO mode=ap_ctrl_hs:ce=0
Port [ coeff]:  wired=1; compound=1; hidden=0; nouse=0; global=0; static=0; extern=0; dir=0; type=1; pingpong=0; private_global=0; MemPort=[11]; IO mode=ap_memory:ce=0
Port [ C24_0]:  wired=1; compound=1; hidden=0; nouse=0; global=0; static=0; extern=0; dir=2; type=1; pingpong=0; private_global=0; MemPort=[23]; IO mode=ap_memory:ce=0
Port [ C24_1]:  wired=1; compound=1; hidden=0; nouse=0; global=0; static=0; extern=0; dir=2; type=1; pingpong=0; private_global=0; MemPort=[23]; IO mode=ap_memory:ce=0
Port [ C24_2]:  wired=1; compound=1; hidden=0; nouse=0; global=0; static=0; extern=0; dir=2; type=1; pingpong=0; private_global=0; MemPort=[23]; IO mode=ap_memory:ce=0
Port [ C24_3]:  wired=1; compound=1; hidden=0; nouse=0; global=0; static=0; extern=0; dir=2; type=1; pingpong=0; private_global=0; MemPort=[23]; IO mode=ap_memory:ce=0
Port [ C24_4]:  wired=1; compound=1; hidden=0; nouse=0; global=0; static=0; extern=0; dir=2; type=1; pingpong=0; private_global=0; MemPort=[23]; IO mode=ap_memory:ce=0
Port [ C24_5]:  wired=1; compound=1; hidden=0; nouse=0; global=0; static=0; extern=0; dir=2; type=1; pingpong=0; private_global=0; MemPort=[23]; IO mode=ap_memory:ce=0
Port [ C24_6]:  wired=1; compound=1; hidden=0; nouse=0; global=0; static=0; extern=0; dir=2; type=1; pingpong=0; private_global=0; MemPort=[23]; IO mode=ap_memory:ce=0
Port [ C24_7]:  wired=1; compound=1; hidden=0; nouse=0; global=0; static=0; extern=0; dir=2; type=1; pingpong=0; private_global=0; MemPort=[23]; IO mode=ap_memory:ce=0
Port [ p503p1_1]:  wired=0; compound=1; hidden=1; nouse=1; global=1; static=1; extern=0; dir=0; type=1; pingpong=0; private_global=0; MemPort=[1]; IO mode=ap_memory:ce=0
---------------- STG Properties END ------------------

---------------- Datapath Model BEGIN ----------------

<LifeTime>
<method=bitvector/>
temp      (alloca      ) [ 0011111111111111111111111111111]
temp_9    (alloca      ) [ 0011111111111111111111111111100]
t1        (alloca      ) [ 0011111111111111111111111110000]
t3        (alloca      ) [ 0011111111111111111111111111100]
call_ln0  (call        ) [ 0000000000000000000000000000000]
call_ln0  (call        ) [ 0000000000000000000000000000000]
call_ln0  (call        ) [ 0000000000000000000000000000000]
call_ret  (call        ) [ 0000000000000000000000000000000]
t2        (extractvalue) [ 0000000000000000000000000110000]
t2_1      (extractvalue) [ 0000000000000000000000000110000]
t2_2      (extractvalue) [ 0000000000000000000000000110000]
t2_3      (extractvalue) [ 0000000000000000000000000110000]
t2_4      (extractvalue) [ 0000000000000000000000000110000]
t2_5      (extractvalue) [ 0000000000000000000000000110000]
t2_6      (extractvalue) [ 0000000000000000000000000110000]
t2_7      (extractvalue) [ 0000000000000000000000000110000]
call_ln0  (call        ) [ 0000000000000000000000000000000]
call_ln58 (call        ) [ 0000000000000000000000000000000]
call_ln59 (call        ) [ 0000000000000000000000000000000]
call_ln58 (call        ) [ 0000000000000000000000000000000]
call_ln59 (call        ) [ 0000000000000000000000000000000]
ret_ln146 (ret         ) [ 0000000000000000000000000000000]
</LifeTime>

<model>

<comp_list>
<comp id="0" class="1000" name="coeff">
<pin_list>
<pin id="1" dir="1" index="0" bw="1" slack="0"/>
</pin_list>
<bind>
<StgValue><ssdm name="coeff"/><MemPortTyVec>1 1 </MemPortTyVec>
</StgValue>
</bind>
</comp>

<comp id="2" class="1000" name="C24_0">
<pin_list>
<pin id="3" dir="1" index="0" bw="1" slack="0"/>
</pin_list>
<bind>
<StgValue><ssdm name="C24_0"/><MemPortTyVec>2 3 </MemPortTyVec>
</StgValue>
</bind>
</comp>

<comp id="4" class="1000" name="C24_1">
<pin_list>
<pin id="5" dir="1" index="0" bw="1" slack="0"/>
</pin_list>
<bind>
<StgValue><ssdm name="C24_1"/><MemPortTyVec>2 3 </MemPortTyVec>
</StgValue>
</bind>
</comp>

<comp id="6" class="1000" name="C24_2">
<pin_list>
<pin id="7" dir="1" index="0" bw="1" slack="0"/>
</pin_list>
<bind>
<StgValue><ssdm name="C24_2"/><MemPortTyVec>2 3 </MemPortTyVec>
</StgValue>
</bind>
</comp>

<comp id="8" class="1000" name="C24_3">
<pin_list>
<pin id="9" dir="1" index="0" bw="1" slack="0"/>
</pin_list>
<bind>
<StgValue><ssdm name="C24_3"/><MemPortTyVec>2 3 </MemPortTyVec>
</StgValue>
</bind>
</comp>

<comp id="10" class="1000" name="C24_4">
<pin_list>
<pin id="11" dir="1" index="0" bw="1" slack="0"/>
</pin_list>
<bind>
<StgValue><ssdm name="C24_4"/><MemPortTyVec>2 3 </MemPortTyVec>
</StgValue>
</bind>
</comp>

<comp id="12" class="1000" name="C24_5">
<pin_list>
<pin id="13" dir="1" index="0" bw="1" slack="0"/>
</pin_list>
<bind>
<StgValue><ssdm name="C24_5"/><MemPortTyVec>2 3 </MemPortTyVec>
</StgValue>
</bind>
</comp>

<comp id="14" class="1000" name="C24_6">
<pin_list>
<pin id="15" dir="1" index="0" bw="1" slack="0"/>
</pin_list>
<bind>
<StgValue><ssdm name="C24_6"/><MemPortTyVec>2 3 </MemPortTyVec>
</StgValue>
</bind>
</comp>

<comp id="16" class="1000" name="C24_7">
<pin_list>
<pin id="17" dir="1" index="0" bw="1" slack="0"/>
</pin_list>
<bind>
<StgValue><ssdm name="C24_7"/><MemPortTyVec>2 3 </MemPortTyVec>
</StgValue>
</bind>
</comp>

<comp id="18" class="1000" name="p503p1_1">
<pin_list>
<pin id="19" dir="1" index="0" bw="1" slack="0"/>
</pin_list>
<bind>
<StgValue><ssdm name="p503p1_1"/><MemPortTyVec>1 </MemPortTyVec>
</StgValue>
</bind>
</comp>

<comp id="20" class="1001" name="const_20">
<pin_list>
<pin id="21" dir="1" index="0" bw="1" slack="0"/>
</pin_list>
<bind>
<StgValue><ssdm name=""/></StgValue>
</bind>
</comp>

<comp id="22" class="1001" name="const_22">
<pin_list>
<pin id="23" dir="1" index="0" bw="1" slack="0"/>
</pin_list>
<bind>
<StgValue><ssdm name="fp2sqr503_mont.39_Pipeline_VITIS_LOOP_370_1"/></StgValue>
</bind>
</comp>

<comp id="24" class="1001" name="const_24">
<pin_list>
<pin id="25" dir="1" index="0" bw="1" slack="0"/>
</pin_list>
<bind>
<StgValue><ssdm name="fp2sqr503_mont.39_Pipeline_3"/></StgValue>
</bind>
</comp>

<comp id="26" class="1001" name="const_26">
<pin_list>
<pin id="27" dir="1" index="0" bw="1" slack="0"/>
</pin_list>
<bind>
<StgValue><ssdm name="fp2sqr503_mont.39_Pipeline_4"/></StgValue>
</bind>
</comp>

<comp id="28" class="1001" name="const_28">
<pin_list>
<pin id="29" dir="1" index="0" bw="1" slack="0"/>
</pin_list>
<bind>
<StgValue><ssdm name="fpsub503.99"/></StgValue>
</bind>
</comp>

<comp id="30" class="1001" name="const_30">
<pin_list>
<pin id="31" dir="1" index="0" bw="1" slack="0"/>
</pin_list>
<bind>
<StgValue><ssdm name="fp2sqr503_mont.39_Pipeline_VITIS_LOOP_370_158"/></StgValue>
</bind>
</comp>

<comp id="32" class="1001" name="const_32">
<pin_list>
<pin id="33" dir="1" index="0" bw="1" slack="0"/>
</pin_list>
<bind>
<StgValue><ssdm name="mp_mul.3"/></StgValue>
</bind>
</comp>

<comp id="34" class="1001" name="const_34">
<pin_list>
<pin id="35" dir="1" index="0" bw="1" slack="0"/>
</pin_list>
<bind>
<StgValue><ssdm name="rdc_mont.6"/></StgValue>
</bind>
</comp>

<comp id="36" class="1001" name="const_36">
<pin_list>
<pin id="37" dir="1" index="0" bw="1" slack="0"/>
</pin_list>
<bind>
<StgValue><ssdm name=""/></StgValue>
</bind>
</comp>

<comp id="38" class="1001" name="const_38">
<pin_list>
<pin id="39" dir="1" index="0" bw="1" slack="0"/>
</pin_list>
<bind>
<StgValue><ssdm name="mp_mul.100"/></StgValue>
</bind>
</comp>

<comp id="40" class="1001" name="const_40">
<pin_list>
<pin id="41" dir="1" index="0" bw="1" slack="0"/>
</pin_list>
<bind>
<StgValue><ssdm name=""/></StgValue>
</bind>
</comp>

<comp id="42" class="1004" name="temp_alloca_fu_42">
<pin_list>
<pin id="43" dir="0" index="0" bw="1" slack="0"/>
<pin id="44" dir="1" index="1" bw="64" slack="0"/>
</pin_list>
<bind>
<opcode="alloca(26) " fcode="alloca"/>
<opset="temp/1 "/>
</bind>
</comp>

<comp id="46" class="1004" name="temp_9_alloca_fu_46">
<pin_list>
<pin id="47" dir="0" index="0" bw="1" slack="0"/>
<pin id="48" dir="1" index="1" bw="64" slack="0"/>
</pin_list>
<bind>
<opcode="alloca(26) " fcode="alloca"/>
<opset="temp_9/1 "/>
</bind>
</comp>

<comp id="50" class="1004" name="t1_alloca_fu_50">
<pin_list>
<pin id="51" dir="0" index="0" bw="1" slack="0"/>
<pin id="52" dir="1" index="1" bw="64" slack="0"/>
</pin_list>
<bind>
<opcode="alloca(26) " fcode="alloca"/>
<opset="t1/1 "/>
</bind>
</comp>

<comp id="54" class="1004" name="t3_alloca_fu_54">
<pin_list>
<pin id="55" dir="0" index="0" bw="1" slack="0"/>
<pin id="56" dir="1" index="1" bw="64" slack="2147483647"/>
</pin_list>
<bind>
<opcode="alloca(26) " fcode="alloca"/>
<opset="t3/1 "/>
</bind>
</comp>

<comp id="58" class="1004" name="grp_fp2sqr503_mont_39_Pipeline_VITIS_LOOP_370_1_fu_58">
<pin_list>
<pin id="59" dir="0" index="0" bw="0" slack="0"/>
<pin id="60" dir="0" index="1" bw="64" slack="0"/>
<pin id="61" dir="0" index="2" bw="64" slack="0"/>
<pin id="62" dir="1" index="3" bw="0" slack="2147483647"/>
</pin_list>
<bind>
<opcode="call(48) " fcode="call"/>
<opset="call_ln0/1 "/>
</bind>
</comp>

<comp id="66" class="1004" name="grp_fp2sqr503_mont_39_Pipeline_3_fu_66">
<pin_list>
<pin id="67" dir="0" index="0" bw="0" slack="0"/>
<pin id="68" dir="0" index="1" bw="64" slack="0"/>
<pin id="69" dir="1" index="2" bw="0" slack="2147483647"/>
</pin_list>
<bind>
<opcode="call(48) " fcode="call"/>
<opset="call_ln0/1 "/>
</bind>
</comp>

<comp id="72" class="1004" name="grp_fp2sqr503_mont_39_Pipeline_4_fu_72">
<pin_list>
<pin id="73" dir="0" index="0" bw="0" slack="0"/>
<pin id="74" dir="0" index="1" bw="64" slack="0"/>
<pin id="75" dir="1" index="2" bw="0" slack="2147483647"/>
</pin_list>
<bind>
<opcode="call(48) " fcode="call"/>
<opset="call_ln0/1 "/>
</bind>
</comp>

<comp id="78" class="1004" name="grp_fpsub503_99_fu_78">
<pin_list>
<pin id="79" dir="0" index="0" bw="512" slack="0"/>
<pin id="80" dir="0" index="1" bw="64" slack="0"/>
<pin id="81" dir="1" index="2" bw="512" slack="0"/>
</pin_list>
<bind>
<opcode="call(48) " fcode="call"/>
<opset="call_ret/9 "/>
</bind>
</comp>

<comp id="84" class="1004" name="grp_fp2sqr503_mont_39_Pipeline_VITIS_LOOP_370_158_fu_84">
<pin_list>
<pin id="85" dir="0" index="0" bw="0" slack="0"/>
<pin id="86" dir="0" index="1" bw="64" slack="0"/>
<pin id="87" dir="0" index="2" bw="64" slack="2147483647"/>
<pin id="88" dir="1" index="3" bw="0" slack="2147483647"/>
</pin_list>
<bind>
<opcode="call(48) " fcode="call"/>
<opset="call_ln0/25 "/>
</bind>
</comp>

<comp id="91" class="1004" name="grp_mp_mul_3_fu_91">
<pin_list>
<pin id="92" dir="0" index="0" bw="0" slack="0"/>
<pin id="93" dir="0" index="1" bw="64" slack="2147483647"/>
<pin id="94" dir="0" index="2" bw="64" slack="1"/>
<pin id="95" dir="0" index="3" bw="64" slack="1"/>
<pin id="96" dir="0" index="4" bw="64" slack="1"/>
<pin id="97" dir="0" index="5" bw="64" slack="1"/>
<pin id="98" dir="0" index="6" bw="64" slack="1"/>
<pin id="99" dir="0" index="7" bw="64" slack="1"/>
<pin id="100" dir="0" index="8" bw="64" slack="1"/>
<pin id="101" dir="0" index="9" bw="64" slack="1"/>
<pin id="102" dir="0" index="10" bw="64" slack="2147483647"/>
<pin id="103" dir="1" index="11" bw="0" slack="2147483647"/>
</pin_list>
<bind>
<opcode="call(48) " fcode="call"/>
<opset="call_ln58/25 "/>
</bind>
</comp>

<comp id="105" class="1004" name="grp_rdc_mont_6_fu_105">
<pin_list>
<pin id="106" dir="0" index="0" bw="0" slack="0"/>
<pin id="107" dir="0" index="1" bw="64" slack="2147483647"/>
<pin id="108" dir="0" index="2" bw="64" slack="0"/>
<pin id="109" dir="0" index="3" bw="1" slack="0"/>
<pin id="110" dir="0" index="4" bw="64" slack="0"/>
<pin id="111" dir="0" index="5" bw="1" slack="0"/>
<pin id="112" dir="0" index="6" bw="64" slack="0"/>
<pin id="113" dir="0" index="7" bw="1" slack="0"/>
<pin id="114" dir="0" index="8" bw="64" slack="0"/>
<pin id="115" dir="0" index="9" bw="1" slack="0"/>
<pin id="116" dir="0" index="10" bw="64" slack="0"/>
<pin id="117" dir="0" index="11" bw="1" slack="0"/>
<pin id="118" dir="0" index="12" bw="64" slack="0"/>
<pin id="119" dir="0" index="13" bw="1" slack="0"/>
<pin id="120" dir="0" index="14" bw="64" slack="0"/>
<pin id="121" dir="0" index="15" bw="1" slack="0"/>
<pin id="122" dir="0" index="16" bw="64" slack="0"/>
<pin id="123" dir="0" index="17" bw="1" slack="0"/>
<pin id="124" dir="0" index="18" bw="64" slack="0"/>
<pin id="125" dir="1" index="19" bw="0" slack="2147483647"/>
</pin_list>
<bind>
<opcode="call(48) " fcode="call"/>
<opset="call_ln59/27 call_ln59/29 "/>
</bind>
</comp>

<comp id="152" class="1004" name="grp_mp_mul_100_fu_152">
<pin_list>
<pin id="153" dir="0" index="0" bw="0" slack="0"/>
<pin id="154" dir="0" index="1" bw="64" slack="2147483647"/>
<pin id="155" dir="0" index="2" bw="64" slack="0"/>
<pin id="156" dir="0" index="3" bw="64" slack="2147483647"/>
<pin id="157" dir="1" index="4" bw="0" slack="2147483647"/>
</pin_list>
<bind>
<opcode="call(48) " fcode="call"/>
<opset="call_ln58/27 "/>
</bind>
</comp>

<comp id="160" class="1004" name="t2_fu_160">
<pin_list>
<pin id="161" dir="0" index="0" bw="512" slack="0"/>
<pin id="162" dir="1" index="1" bw="64" slack="1"/>
</pin_list>
<bind>
<opcode="extractvalue(56) " fcode="extractvalue"/>
<opset="t2/24 "/>
</bind>
</comp>

<comp id="164" class="1004" name="t2_1_fu_164">
<pin_list>
<pin id="165" dir="0" index="0" bw="512" slack="0"/>
<pin id="166" dir="1" index="1" bw="64" slack="1"/>
</pin_list>
<bind>
<opcode="extractvalue(56) " fcode="extractvalue"/>
<opset="t2_1/24 "/>
</bind>
</comp>

<comp id="168" class="1004" name="t2_2_fu_168">
<pin_list>
<pin id="169" dir="0" index="0" bw="512" slack="0"/>
<pin id="170" dir="1" index="1" bw="64" slack="1"/>
</pin_list>
<bind>
<opcode="extractvalue(56) " fcode="extractvalue"/>
<opset="t2_2/24 "/>
</bind>
</comp>

<comp id="172" class="1004" name="t2_3_fu_172">
<pin_list>
<pin id="173" dir="0" index="0" bw="512" slack="0"/>
<pin id="174" dir="1" index="1" bw="64" slack="1"/>
</pin_list>
<bind>
<opcode="extractvalue(56) " fcode="extractvalue"/>
<opset="t2_3/24 "/>
</bind>
</comp>

<comp id="176" class="1004" name="t2_4_fu_176">
<pin_list>
<pin id="177" dir="0" index="0" bw="512" slack="0"/>
<pin id="178" dir="1" index="1" bw="64" slack="1"/>
</pin_list>
<bind>
<opcode="extractvalue(56) " fcode="extractvalue"/>
<opset="t2_4/24 "/>
</bind>
</comp>

<comp id="180" class="1004" name="t2_5_fu_180">
<pin_list>
<pin id="181" dir="0" index="0" bw="512" slack="0"/>
<pin id="182" dir="1" index="1" bw="64" slack="1"/>
</pin_list>
<bind>
<opcode="extractvalue(56) " fcode="extractvalue"/>
<opset="t2_5/24 "/>
</bind>
</comp>

<comp id="184" class="1004" name="t2_6_fu_184">
<pin_list>
<pin id="185" dir="0" index="0" bw="512" slack="0"/>
<pin id="186" dir="1" index="1" bw="64" slack="1"/>
</pin_list>
<bind>
<opcode="extractvalue(56) " fcode="extractvalue"/>
<opset="t2_6/24 "/>
</bind>
</comp>

<comp id="188" class="1004" name="t2_7_fu_188">
<pin_list>
<pin id="189" dir="0" index="0" bw="512" slack="0"/>
<pin id="190" dir="1" index="1" bw="64" slack="1"/>
</pin_list>
<bind>
<opcode="extractvalue(56) " fcode="extractvalue"/>
<opset="t2_7/24 "/>
</bind>
</comp>

<comp id="192" class="1005" name="t2_reg_192">
<pin_list>
<pin id="193" dir="0" index="0" bw="64" slack="1"/>
<pin id="194" dir="1" index="1" bw="64" slack="1"/>
</pin_list>
<bind>
<opset="t2 "/>
</bind>
</comp>

<comp id="197" class="1005" name="t2_1_reg_197">
<pin_list>
<pin id="198" dir="0" index="0" bw="64" slack="1"/>
<pin id="199" dir="1" index="1" bw="64" slack="1"/>
</pin_list>
<bind>
<opset="t2_1 "/>
</bind>
</comp>

<comp id="202" class="1005" name="t2_2_reg_202">
<pin_list>
<pin id="203" dir="0" index="0" bw="64" slack="1"/>
<pin id="204" dir="1" index="1" bw="64" slack="1"/>
</pin_list>
<bind>
<opset="t2_2 "/>
</bind>
</comp>

<comp id="207" class="1005" name="t2_3_reg_207">
<pin_list>
<pin id="208" dir="0" index="0" bw="64" slack="1"/>
<pin id="209" dir="1" index="1" bw="64" slack="1"/>
</pin_list>
<bind>
<opset="t2_3 "/>
</bind>
</comp>

<comp id="212" class="1005" name="t2_4_reg_212">
<pin_list>
<pin id="213" dir="0" index="0" bw="64" slack="1"/>
<pin id="214" dir="1" index="1" bw="64" slack="1"/>
</pin_list>
<bind>
<opset="t2_4 "/>
</bind>
</comp>

<comp id="217" class="1005" name="t2_5_reg_217">
<pin_list>
<pin id="218" dir="0" index="0" bw="64" slack="1"/>
<pin id="219" dir="1" index="1" bw="64" slack="1"/>
</pin_list>
<bind>
<opset="t2_5 "/>
</bind>
</comp>

<comp id="222" class="1005" name="t2_6_reg_222">
<pin_list>
<pin id="223" dir="0" index="0" bw="64" slack="1"/>
<pin id="224" dir="1" index="1" bw="64" slack="1"/>
</pin_list>
<bind>
<opset="t2_6 "/>
</bind>
</comp>

<comp id="227" class="1005" name="t2_7_reg_227">
<pin_list>
<pin id="228" dir="0" index="0" bw="64" slack="1"/>
<pin id="229" dir="1" index="1" bw="64" slack="1"/>
</pin_list>
<bind>
<opset="t2_7 "/>
</bind>
</comp>

</comp_list>

<net_list>
<net id="45"><net_src comp="20" pin="0"/><net_sink comp="42" pin=0"/></net>

<net id="49"><net_src comp="20" pin="0"/><net_sink comp="46" pin=0"/></net>

<net id="53"><net_src comp="20" pin="0"/><net_sink comp="50" pin=0"/></net>

<net id="57"><net_src comp="20" pin="0"/><net_sink comp="54" pin=0"/></net>

<net id="63"><net_src comp="22" pin="0"/><net_sink comp="58" pin=0"/></net>

<net id="64"><net_src comp="0" pin="0"/><net_sink comp="58" pin=1"/></net>

<net id="65"><net_src comp="50" pin="1"/><net_sink comp="58" pin=2"/></net>

<net id="70"><net_src comp="24" pin="0"/><net_sink comp="66" pin=0"/></net>

<net id="71"><net_src comp="46" pin="1"/><net_sink comp="66" pin=1"/></net>

<net id="76"><net_src comp="26" pin="0"/><net_sink comp="72" pin=0"/></net>

<net id="77"><net_src comp="42" pin="1"/><net_sink comp="72" pin=1"/></net>

<net id="82"><net_src comp="28" pin="0"/><net_sink comp="78" pin=0"/></net>

<net id="83"><net_src comp="0" pin="0"/><net_sink comp="78" pin=1"/></net>

<net id="89"><net_src comp="30" pin="0"/><net_sink comp="84" pin=0"/></net>

<net id="90"><net_src comp="0" pin="0"/><net_sink comp="84" pin=1"/></net>

<net id="104"><net_src comp="32" pin="0"/><net_sink comp="91" pin=0"/></net>

<net id="126"><net_src comp="34" pin="0"/><net_sink comp="105" pin=0"/></net>

<net id="127"><net_src comp="2" pin="0"/><net_sink comp="105" pin=2"/></net>

<net id="128"><net_src comp="36" pin="0"/><net_sink comp="105" pin=3"/></net>

<net id="129"><net_src comp="4" pin="0"/><net_sink comp="105" pin=4"/></net>

<net id="130"><net_src comp="36" pin="0"/><net_sink comp="105" pin=5"/></net>

<net id="131"><net_src comp="6" pin="0"/><net_sink comp="105" pin=6"/></net>

<net id="132"><net_src comp="36" pin="0"/><net_sink comp="105" pin=7"/></net>

<net id="133"><net_src comp="8" pin="0"/><net_sink comp="105" pin=8"/></net>

<net id="134"><net_src comp="36" pin="0"/><net_sink comp="105" pin=9"/></net>

<net id="135"><net_src comp="10" pin="0"/><net_sink comp="105" pin=10"/></net>

<net id="136"><net_src comp="36" pin="0"/><net_sink comp="105" pin=11"/></net>

<net id="137"><net_src comp="12" pin="0"/><net_sink comp="105" pin=12"/></net>

<net id="138"><net_src comp="36" pin="0"/><net_sink comp="105" pin=13"/></net>

<net id="139"><net_src comp="14" pin="0"/><net_sink comp="105" pin=14"/></net>

<net id="140"><net_src comp="36" pin="0"/><net_sink comp="105" pin=15"/></net>

<net id="141"><net_src comp="16" pin="0"/><net_sink comp="105" pin=16"/></net>

<net id="142"><net_src comp="36" pin="0"/><net_sink comp="105" pin=17"/></net>

<net id="143"><net_src comp="18" pin="0"/><net_sink comp="105" pin=18"/></net>

<net id="144"><net_src comp="40" pin="0"/><net_sink comp="105" pin=3"/></net>

<net id="145"><net_src comp="40" pin="0"/><net_sink comp="105" pin=5"/></net>

<net id="146"><net_src comp="40" pin="0"/><net_sink comp="105" pin=7"/></net>

<net id="147"><net_src comp="40" pin="0"/><net_sink comp="105" pin=9"/></net>

<net id="148"><net_src comp="40" pin="0"/><net_sink comp="105" pin=11"/></net>

<net id="149"><net_src comp="40" pin="0"/><net_sink comp="105" pin=13"/></net>

<net id="150"><net_src comp="40" pin="0"/><net_sink comp="105" pin=15"/></net>

<net id="151"><net_src comp="40" pin="0"/><net_sink comp="105" pin=17"/></net>

<net id="158"><net_src comp="38" pin="0"/><net_sink comp="152" pin=0"/></net>

<net id="159"><net_src comp="0" pin="0"/><net_sink comp="152" pin=2"/></net>

<net id="163"><net_src comp="78" pin="2"/><net_sink comp="160" pin=0"/></net>

<net id="167"><net_src comp="78" pin="2"/><net_sink comp="164" pin=0"/></net>

<net id="171"><net_src comp="78" pin="2"/><net_sink comp="168" pin=0"/></net>

<net id="175"><net_src comp="78" pin="2"/><net_sink comp="172" pin=0"/></net>

<net id="179"><net_src comp="78" pin="2"/><net_sink comp="176" pin=0"/></net>

<net id="183"><net_src comp="78" pin="2"/><net_sink comp="180" pin=0"/></net>

<net id="187"><net_src comp="78" pin="2"/><net_sink comp="184" pin=0"/></net>

<net id="191"><net_src comp="78" pin="2"/><net_sink comp="188" pin=0"/></net>

<net id="195"><net_src comp="160" pin="1"/><net_sink comp="192" pin=0"/></net>

<net id="196"><net_src comp="192" pin="1"/><net_sink comp="91" pin=2"/></net>

<net id="200"><net_src comp="164" pin="1"/><net_sink comp="197" pin=0"/></net>

<net id="201"><net_src comp="197" pin="1"/><net_sink comp="91" pin=3"/></net>

<net id="205"><net_src comp="168" pin="1"/><net_sink comp="202" pin=0"/></net>

<net id="206"><net_src comp="202" pin="1"/><net_sink comp="91" pin=4"/></net>

<net id="210"><net_src comp="172" pin="1"/><net_sink comp="207" pin=0"/></net>

<net id="211"><net_src comp="207" pin="1"/><net_sink comp="91" pin=5"/></net>

<net id="215"><net_src comp="176" pin="1"/><net_sink comp="212" pin=0"/></net>

<net id="216"><net_src comp="212" pin="1"/><net_sink comp="91" pin=6"/></net>

<net id="220"><net_src comp="180" pin="1"/><net_sink comp="217" pin=0"/></net>

<net id="221"><net_src comp="217" pin="1"/><net_sink comp="91" pin=7"/></net>

<net id="225"><net_src comp="184" pin="1"/><net_sink comp="222" pin=0"/></net>

<net id="226"><net_src comp="222" pin="1"/><net_sink comp="91" pin=8"/></net>

<net id="230"><net_src comp="188" pin="1"/><net_sink comp="227" pin=0"/></net>

<net id="231"><net_src comp="227" pin="1"/><net_sink comp="91" pin=9"/></net>

</net_list>

</model> 
---------------- Datapath Model END ------------------

* FSMD analyzer results:
  - Output states:
	Port: coeff | {}
	Port: C24_0 | {27 28 29 30 }
	Port: C24_1 | {27 28 29 30 }
	Port: C24_2 | {27 28 29 30 }
	Port: C24_3 | {27 28 29 30 }
	Port: C24_4 | {27 28 29 30 }
	Port: C24_5 | {27 28 29 30 }
	Port: C24_6 | {27 28 29 30 }
	Port: C24_7 | {27 28 29 30 }
	Port: p503p1_1 | {}
 - Input state : 
	Port: fp2sqr503_mont.39 : coeff | {1 2 9 10 11 12 13 14 15 16 17 25 26 27 28 }
	Port: fp2sqr503_mont.39 : C24_0 | {27 28 29 30 }
	Port: fp2sqr503_mont.39 : C24_1 | {27 28 29 30 }
	Port: fp2sqr503_mont.39 : C24_2 | {27 28 29 30 }
	Port: fp2sqr503_mont.39 : C24_3 | {27 28 29 30 }
	Port: fp2sqr503_mont.39 : C24_4 | {27 28 29 30 }
	Port: fp2sqr503_mont.39 : C24_5 | {27 28 29 30 }
	Port: fp2sqr503_mont.39 : C24_6 | {27 28 29 30 }
	Port: fp2sqr503_mont.39 : C24_7 | {27 28 29 30 }
	Port: fp2sqr503_mont.39 : p503p1_1 | {27 28 29 30 }
  - Chain level:
	State 1
		call_ln0 : 1
		call_ln0 : 1
		call_ln0 : 1
	State 2
	State 3
	State 4
	State 5
	State 6
	State 7
	State 8
	State 9
	State 10
	State 11
	State 12
	State 13
	State 14
	State 15
	State 16
	State 17
	State 18
	State 19
	State 20
	State 21
	State 22
	State 23
	State 24
		t2 : 1
		t2_1 : 1
		t2_2 : 1
		t2_3 : 1
		t2_4 : 1
		t2_5 : 1
		t2_6 : 1
		t2_7 : 1
	State 25
	State 26
	State 27
	State 28
	State 29
	State 30


============================================================
+ Verbose Summary: Datapath Resource usage 
============================================================

* Functional unit list:
|----------|---------------------------------------------------------|---------|---------|---------|---------|
| Operation|                     Functional Unit                     |   DSP   |  Delay  |    FF   |   LUT   |
|----------|---------------------------------------------------------|---------|---------|---------|---------|
|          |  grp_fp2sqr503_mont_39_Pipeline_VITIS_LOOP_370_1_fu_58  |    0    |  0.774  |    83   |   570   |
|          |          grp_fp2sqr503_mont_39_Pipeline_3_fu_66         |    0    |    0    |    5    |    24   |
|          |          grp_fp2sqr503_mont_39_Pipeline_4_fu_72         |    0    |    0    |    5    |    24   |
|   call   |                  grp_fpsub503_99_fu_78                  |    0    | 3.19114 |   1462  |   4094  |
|          | grp_fp2sqr503_mont_39_Pipeline_VITIS_LOOP_370_158_fu_84 |    0    |  0.387  |    77   |   561   |
|          |                    grp_mp_mul_3_fu_91                   |    48   | 3.16171 |   1741  |   3462  |
|          |                  grp_rdc_mont_6_fu_105                  |    48   | 15.2244 |   2552  |   5102  |
|          |                  grp_mp_mul_100_fu_152                  |    48   | 3.54871 |   1238  |   3412  |
|----------|---------------------------------------------------------|---------|---------|---------|---------|
|          |                        t2_fu_160                        |    0    |    0    |    0    |    0    |
|          |                       t2_1_fu_164                       |    0    |    0    |    0    |    0    |
|          |                       t2_2_fu_168                       |    0    |    0    |    0    |    0    |
|extractvalue|                       t2_3_fu_172                       |    0    |    0    |    0    |    0    |
|          |                       t2_4_fu_176                       |    0    |    0    |    0    |    0    |
|          |                       t2_5_fu_180                       |    0    |    0    |    0    |    0    |
|          |                       t2_6_fu_184                       |    0    |    0    |    0    |    0    |
|          |                       t2_7_fu_188                       |    0    |    0    |    0    |    0    |
|----------|---------------------------------------------------------|---------|---------|---------|---------|
|   Total  |                                                         |   144   |  26.287 |   7163  |  17249  |
|----------|---------------------------------------------------------|---------|---------|---------|---------|

Memories:
+------+--------+--------+--------+--------+
|      |  BRAM  |   FF   |   LUT  |  URAM  |
+------+--------+--------+--------+--------+
|  t1  |    0   |   64   |   65   |    0   |
|  t3  |    0   |   64   |   65   |    0   |
| temp |    0   |   64   |   65   |    0   |
|temp_9|    0   |   64   |   65   |    0   |
+------+--------+--------+--------+--------+
| Total|    0   |   256  |   260  |    0   |
+------+--------+--------+--------+--------+

* Register list:
+------------+--------+
|            |   FF   |
+------------+--------+
|t2_1_reg_197|   64   |
|t2_2_reg_202|   64   |
|t2_3_reg_207|   64   |
|t2_4_reg_212|   64   |
|t2_5_reg_217|   64   |
|t2_6_reg_222|   64   |
|t2_7_reg_227|   64   |
| t2_reg_192 |   64   |
+------------+--------+
|    Total   |   512  |
+------------+--------+

* Multiplexer (MUX) list: 
|-----------------------|------|------|------|--------||---------|
|          Comp         |  Pin | Size |  BW  | S x BW ||  Delay  |
|-----------------------|------|------|------|--------||---------|
| grp_rdc_mont_6_fu_105 |  p3  |   2  |   1  |    2   |
| grp_rdc_mont_6_fu_105 |  p5  |   2  |   1  |    2   |
| grp_rdc_mont_6_fu_105 |  p7  |   2  |   1  |    2   |
| grp_rdc_mont_6_fu_105 |  p9  |   2  |   1  |    2   |
| grp_rdc_mont_6_fu_105 |  p11 |   2  |   1  |    2   |
| grp_rdc_mont_6_fu_105 |  p13 |   2  |   1  |    2   |
| grp_rdc_mont_6_fu_105 |  p15 |   2  |   1  |    2   |
| grp_rdc_mont_6_fu_105 |  p17 |   2  |   1  |    2   |
|-----------------------|------|------|------|--------||---------|
|         Total         |      |      |      |   16   ||  3.096  |
|-----------------------|------|------|------|--------||---------|



* Summary:
+-----------+--------+--------+--------+--------+--------+--------+
|           |  BRAM  |   DSP  |  Delay |   FF   |   LUT  |  URAM  |
+-----------+--------+--------+--------+--------+--------+--------+
|  Function |    -   |   144  |   26   |  7163  |  17249 |    -   |
|   Memory  |    0   |    -   |    -   |   256  |   260  |    0   |
|Multiplexer|    -   |    -   |    3   |    -   |    -   |    -   |
|  Register |    -   |    -   |    -   |   512  |    -   |    -   |
+-----------+--------+--------+--------+--------+--------+--------+
|   Total   |    0   |   144  |   29   |  7931  |  17509 |    0   |
+-----------+--------+--------+--------+--------+--------+--------+
