

================================================================
== Vitis HLS Report for 'fp2sqr503_mont_41'
================================================================
* Date:           Wed Jul 30 17:39:22 2025

* Version:        2024.2.2 (Build 6049644 on Mar  5 2025)
* Project:        sikep503_hls
* Solution:       solution1 (Vivado IP Flow Target)
* Product family: virtexuplus58g
* Target device:  xcvu29p-fsga2577-2L-e


================================================================
== Performance Estimates
================================================================
+ Timing: 
    * Summary: 
    +--------+----------+----------+------------+
    |  Clock |  Target  | Estimated| Uncertainty|
    +--------+----------+----------+------------+
    |ap_clk  |  10.00 ns|  5.675 ns|     2.70 ns|
    +--------+----------+----------+------------+

+ Latency: 
    * Summary: 
    +---------+---------+----------+----------+-----+-----+---------+
    |  Latency (cycles) |  Latency (absolute) |  Interval | Pipeline|
    |   min   |   max   |    min   |    max   | min | max |   Type  |
    +---------+---------+----------+----------+-----+-----+---------+
    |      286|      498|  2.860 us|  4.980 us|  286|  498|       no|
    +---------+---------+----------+----------+-----+-----+---------+

    + Detail: 
        * Instance: 
        +-----------------------------------------------------------+------------------------------------------------+---------+---------+----------+----------+-----+-----+------------------------------------------------+
        |                                                           |                                                |  Latency (cycles) |  Latency (absolute) |  Interval |                    Pipeline                    |
        |                          Instance                         |                     Module                     |   min   |   max   |    min   |    max   | min | max |                      Type                      |
        +-----------------------------------------------------------+------------------------------------------------+---------+---------+----------+----------+-----+-----+------------------------------------------------+
        |grp_fp2sqr503_mont_41_Pipeline_VITIS_LOOP_370_1_fu_80      |fp2sqr503_mont_41_Pipeline_VITIS_LOOP_370_1     |       10|       10|  0.100 us|  0.100 us|    9|    9|  loop auto-rewind stp (delay=0 clock cycles(s))|
        |grp_fp2sqr503_mont_41_Pipeline_5_fu_88                     |fp2sqr503_mont_41_Pipeline_5                    |       18|       18|  0.180 us|  0.180 us|   17|   17|  loop auto-rewind stp (delay=0 clock cycles(s))|
        |grp_fp2sqr503_mont_41_Pipeline_8_fu_94                     |fp2sqr503_mont_41_Pipeline_8                    |       18|       18|  0.180 us|  0.180 us|   17|   17|  loop auto-rewind stp (delay=0 clock cycles(s))|
        |grp_fp2sqr503_mont_41_Pipeline_VITIS_LOOP_57_1_fu_100      |fp2sqr503_mont_41_Pipeline_VITIS_LOOP_57_1      |       10|       10|  0.100 us|  0.100 us|    9|    9|  loop auto-rewind stp (delay=0 clock cycles(s))|
        |grp_fp2sqr503_mont_41_Pipeline_VITIS_LOOP_64_2_fu_108      |fp2sqr503_mont_41_Pipeline_VITIS_LOOP_64_2      |       10|       10|  0.100 us|  0.100 us|    9|    9|  loop auto-rewind stp (delay=0 clock cycles(s))|
        |grp_fp2sqr503_mont_41_Pipeline_VITIS_LOOP_370_1106_fu_116  |fp2sqr503_mont_41_Pipeline_VITIS_LOOP_370_1106  |       10|       10|  0.100 us|  0.100 us|    9|    9|  loop auto-rewind stp (delay=0 clock cycles(s))|
        |grp_fp2sqr503_mont_41_Pipeline_VITIS_LOOP_219_1_fu_123     |fp2sqr503_mont_41_Pipeline_VITIS_LOOP_219_1     |       10|       10|  0.100 us|  0.100 us|    9|    9|  loop auto-rewind stp (delay=0 clock cycles(s))|
        |grp_fp2sqr503_mont_41_Pipeline_VITIS_LOOP_219_1107_fu_131  |fp2sqr503_mont_41_Pipeline_VITIS_LOOP_219_1107  |       10|       10|  0.100 us|  0.100 us|    9|    9|  loop auto-rewind stp (delay=0 clock cycles(s))|
        |grp_fp2sqr503_mont_41_Pipeline_VITIS_LOOP_228_2_fu_140     |fp2sqr503_mont_41_Pipeline_VITIS_LOOP_228_2     |       18|       18|  0.180 us|  0.180 us|   17|   17|  loop auto-rewind stp (delay=0 clock cycles(s))|
        |grp_fp2sqr503_mont_41_Pipeline_VITIS_LOOP_228_2108_fu_146  |fp2sqr503_mont_41_Pipeline_VITIS_LOOP_228_2108  |       18|       18|  0.180 us|  0.180 us|   17|   17|  loop auto-rewind stp (delay=0 clock cycles(s))|
        |grp_rdc_mont_8_fu_152                                      |rdc_mont_8                                      |      103|      209|  1.030 us|  2.090 us|  103|  209|                                              no|
        +-----------------------------------------------------------+------------------------------------------------+---------+---------+----------+----------+-----+-----+------------------------------------------------+

        * Loop: 
        N/A



================================================================
== Utilization Estimates
================================================================
* Summary: 
+---------------------+---------+-------+---------+---------+------+
|         Name        | BRAM_18K|  DSP  |    FF   |   LUT   | URAM |
+---------------------+---------+-------+---------+---------+------+
|DSP                  |        -|      -|        -|        -|     -|
|Expression           |        -|      -|        0|        8|     -|
|FIFO                 |        -|      -|        -|        -|     -|
|Instance             |        0|   1832|     4259|    19008|     -|
|Memory               |        0|      -|      320|      325|     0|
|Multiplexer          |        -|      -|        0|      510|     -|
|Register             |        -|      -|     2074|        -|     -|
+---------------------+---------+-------+---------+---------+------+
|Total                |        0|   1832|     6653|    19851|     0|
+---------------------+---------+-------+---------+---------+------+
|Available SLR        |     1344|   3072|   864000|   432000|   320|
+---------------------+---------+-------+---------+---------+------+
|Utilization SLR (%)  |        0|     59|       ~0|        4|     0|
+---------------------+---------+-------+---------+---------+------+
|Available            |     5376|  12288|  3456000|  1728000|  1280|
+---------------------+---------+-------+---------+---------+------+
|Utilization (%)      |        0|     14|       ~0|        1|     0|
+---------------------+---------+-------+---------+---------+------+

+ Detail: 
    * Instance: 
    +-----------------------------------------------------------+------------------------------------------------+---------+-----+------+------+-----+
    |                          Instance                         |                     Module                     | BRAM_18K| DSP |  FF  |  LUT | URAM|
    +-----------------------------------------------------------+------------------------------------------------+---------+-----+------+------+-----+
    |grp_fp2sqr503_mont_41_Pipeline_5_fu_88                     |fp2sqr503_mont_41_Pipeline_5                    |        0|    0|     7|    52|    0|
    |grp_fp2sqr503_mont_41_Pipeline_8_fu_94                     |fp2sqr503_mont_41_Pipeline_8                    |        0|    0|     7|    52|    0|
    |grp_fp2sqr503_mont_41_Pipeline_VITIS_LOOP_219_1_fu_123     |fp2sqr503_mont_41_Pipeline_VITIS_LOOP_219_1     |        0|    0|  1034|  5444|    0|
    |grp_fp2sqr503_mont_41_Pipeline_VITIS_LOOP_219_1107_fu_131  |fp2sqr503_mont_41_Pipeline_VITIS_LOOP_219_1107  |        0|    0|  1034|  5444|    0|
    |grp_fp2sqr503_mont_41_Pipeline_VITIS_LOOP_228_2_fu_140     |fp2sqr503_mont_41_Pipeline_VITIS_LOOP_228_2     |        0|    0|     7|   325|    0|
    |grp_fp2sqr503_mont_41_Pipeline_VITIS_LOOP_228_2108_fu_146  |fp2sqr503_mont_41_Pipeline_VITIS_LOOP_228_2108  |        0|    0|     7|   325|    0|
    |grp_fp2sqr503_mont_41_Pipeline_VITIS_LOOP_370_1_fu_80      |fp2sqr503_mont_41_Pipeline_VITIS_LOOP_370_1     |        0|    0|    13|   601|    0|
    |grp_fp2sqr503_mont_41_Pipeline_VITIS_LOOP_370_1106_fu_116  |fp2sqr503_mont_41_Pipeline_VITIS_LOOP_370_1106  |        0|    0|    13|   601|    0|
    |grp_fp2sqr503_mont_41_Pipeline_VITIS_LOOP_57_1_fu_100      |fp2sqr503_mont_41_Pipeline_VITIS_LOOP_57_1      |        0|    0|    13|   612|    0|
    |grp_fp2sqr503_mont_41_Pipeline_VITIS_LOOP_64_2_fu_108      |fp2sqr503_mont_41_Pipeline_VITIS_LOOP_64_2      |        0|    0|   140|   732|    0|
    |mul_512ns_512ns_1024_2_1_U2531                             |mul_512ns_512ns_1024_2_1                        |        0|  900|   361|   178|    0|
    |mul_512ns_512ns_1024_2_1_U2532                             |mul_512ns_512ns_1024_2_1                        |        0|  900|   361|   178|    0|
    |grp_rdc_mont_8_fu_152                                      |rdc_mont_8                                      |        0|   32|  1262|  4464|    0|
    +-----------------------------------------------------------+------------------------------------------------+---------+-----+------+------+-----+
    |Total                                                      |                                                |        0| 1832|  4259| 19008|    0|
    +-----------------------------------------------------------+------------------------------------------------+---------+-----+------+------+-----+

    * DSP: 
    N/A

    * Memory: 
    +----------+--------------------------------------+---------+----+----+-----+------+-----+------+-------------+
    |  Memory  |                Module                | BRAM_18K| FF | LUT| URAM| Words| Bits| Banks| W*Bits*Banks|
    +----------+--------------------------------------+---------+----+----+-----+------+-----+------+-------------+
    |t1_U      |fp2sqr503_mont_41_t1_RAM_AUTO_1R1W    |        0|  64|  65|    0|     8|   64|     1|          512|
    |t3_U      |fp2sqr503_mont_41_t1_RAM_AUTO_1R1W    |        0|  64|  65|    0|     8|   64|     1|          512|
    |t2_U      |fp2sqr503_mont_41_t2_RAM_AUTO_1R1W    |        0|  64|  65|    0|     8|   64|     1|          512|
    |temp_U    |fp2sqr503_mont_41_temp_RAM_AUTO_1R1W  |        0|  64|  65|    0|    16|   64|     1|         1024|
    |temp_7_U  |fp2sqr503_mont_41_temp_RAM_AUTO_1R1W  |        0|  64|  65|    0|    16|   64|     1|         1024|
    +----------+--------------------------------------+---------+----+----+-----+------+-----+------+-------------+
    |Total     |                                      |        0| 320| 325|    0|    56|  320|     5|         3584|
    +----------+--------------------------------------+---------+----+----+-----+------+-----+------+-------------+

    * FIFO: 
    N/A

    * Expression: 
    +----------------------------------+----------+----+---+----+------------+------------+
    |           Variable Name          | Operation| DSP| FF| LUT| Bitwidth P0| Bitwidth P1|
    +----------------------------------+----------+----+---+----+------------+------------+
    |ap_block_state11_on_subcall_done  |        or|   0|  0|   2|           1|           1|
    |ap_block_state2_on_subcall_done   |        or|   0|  0|   2|           1|           1|
    |ap_block_state6_on_subcall_done   |        or|   0|  0|   2|           1|           1|
    |ap_block_state8_on_subcall_done   |        or|   0|  0|   2|           1|           1|
    +----------------------------------+----------+----+---+----+------------+------------+
    |Total                             |          |   0|  0|   8|           4|           4|
    +----------------------------------+----------+----+---+----+------------+------------+

    * Multiplexer: 
    +-----------------------------------+----+-----------+-----+-----------+
    |                Name               | LUT| Input Size| Bits| Total Bits|
    +-----------------------------------+----+-----------+-----+-----------+
    |ap_NS_fsm                          |  65|         16|    1|         16|
    |c_0_ce0                            |   9|          2|    1|          2|
    |c_0_we0                            |   9|          2|    1|          2|
    |c_1_ce0                            |   9|          2|    1|          2|
    |c_1_we0                            |   9|          2|    1|          2|
    |coeff_address0                     |  26|          5|    6|         30|
    |coeff_address1                     |  14|          3|    6|         18|
    |coeff_ce0                          |  26|          5|    1|          5|
    |coeff_ce1                          |  14|          3|    1|          3|
    |grp_rdc_mont_8_fu_152_ma_q0        |  14|          3|   64|        192|
    |grp_rdc_mont_8_fu_152_mc_0_offset  |  14|          3|    1|          3|
    |grp_rdc_mont_8_fu_152_mc_1_offset  |  14|          3|    1|          3|
    |t1_address0                        |  14|          3|    3|          9|
    |t1_ce0                             |  14|          3|    1|          3|
    |t1_we0                             |   9|          2|    1|          2|
    |t2_address0                        |  20|          4|    3|         12|
    |t2_ce0                             |  20|          4|    1|          4|
    |t2_ce1                             |   9|          2|    1|          2|
    |t2_d0                              |  14|          3|   64|        192|
    |t2_we0                             |  14|          3|    1|          3|
    |t3_address0                        |  14|          3|    3|          9|
    |t3_ce0                             |  14|          3|    1|          3|
    |t3_we0                             |   9|          2|    1|          2|
    |temp_7_address0                    |  20|          4|    4|         16|
    |temp_7_ce0                         |  20|          4|    1|          4|
    |temp_7_d0                          |  14|          3|   64|        192|
    |temp_7_we0                         |  14|          3|    1|          3|
    |temp_address0                      |  20|          4|    4|         16|
    |temp_ce0                           |  20|          4|    1|          4|
    |temp_d0                            |  14|          3|   64|        192|
    |temp_we0                           |  14|          3|    1|          3|
    +-----------------------------------+----+-----------+-----+-----------+
    |Total                              | 510|        109|  305|        949|
    +-----------------------------------+----+-----------+-----+-----------+

    * Register: 
    +------------------------------------------------------------------------+------+----+------+-----------+
    |                                  Name                                  |  FF  | LUT| Bits | Const Bits|
    +------------------------------------------------------------------------+------+----+------+-----------+
    |P_4_reg_273                                                             |  1024|   0|  1024|          0|
    |P_reg_268                                                               |  1024|   0|  1024|          0|
    |ap_CS_fsm                                                               |    15|   0|    15|          0|
    |grp_fp2sqr503_mont_41_Pipeline_5_fu_88_ap_start_reg                     |     1|   0|     1|          0|
    |grp_fp2sqr503_mont_41_Pipeline_8_fu_94_ap_start_reg                     |     1|   0|     1|          0|
    |grp_fp2sqr503_mont_41_Pipeline_VITIS_LOOP_219_1107_fu_131_ap_start_reg  |     1|   0|     1|          0|
    |grp_fp2sqr503_mont_41_Pipeline_VITIS_LOOP_219_1_fu_123_ap_start_reg     |     1|   0|     1|          0|
    |grp_fp2sqr503_mont_41_Pipeline_VITIS_LOOP_228_2108_fu_146_ap_start_reg  |     1|   0|     1|          0|
    |grp_fp2sqr503_mont_41_Pipeline_VITIS_LOOP_228_2_fu_140_ap_start_reg     |     1|   0|     1|          0|
    |grp_fp2sqr503_mont_41_Pipeline_VITIS_LOOP_370_1106_fu_116_ap_start_reg  |     1|   0|     1|          0|
    |grp_fp2sqr503_mont_41_Pipeline_VITIS_LOOP_370_1_fu_80_ap_start_reg      |     1|   0|     1|          0|
    |grp_fp2sqr503_mont_41_Pipeline_VITIS_LOOP_57_1_fu_100_ap_start_reg      |     1|   0|     1|          0|
    |grp_fp2sqr503_mont_41_Pipeline_VITIS_LOOP_64_2_fu_108_ap_start_reg      |     1|   0|     1|          0|
    |grp_rdc_mont_8_fu_152_ap_start_reg                                      |     1|   0|     1|          0|
    +------------------------------------------------------------------------+------+----+------+-----------+
    |Total                                                                   |  2074|   0|  2074|          0|
    +------------------------------------------------------------------------+------+----+------+-----------+



================================================================
== Interface
================================================================
* Summary: 
+----------------+-----+-----+------------+-------------------+--------------+
|    RTL Ports   | Dir | Bits|  Protocol  |   Source Object   |    C Type    |
+----------------+-----+-----+------------+-------------------+--------------+
|ap_clk          |   in|    1|  ap_ctrl_hs|  fp2sqr503_mont.41|  return value|
|ap_rst          |   in|    1|  ap_ctrl_hs|  fp2sqr503_mont.41|  return value|
|ap_start        |   in|    1|  ap_ctrl_hs|  fp2sqr503_mont.41|  return value|
|ap_done         |  out|    1|  ap_ctrl_hs|  fp2sqr503_mont.41|  return value|
|ap_idle         |  out|    1|  ap_ctrl_hs|  fp2sqr503_mont.41|  return value|
|ap_ready        |  out|    1|  ap_ctrl_hs|  fp2sqr503_mont.41|  return value|
|coeff_address0  |  out|    6|   ap_memory|              coeff|         array|
|coeff_ce0       |  out|    1|   ap_memory|              coeff|         array|
|coeff_q0        |   in|   64|   ap_memory|              coeff|         array|
|coeff_address1  |  out|    6|   ap_memory|              coeff|         array|
|coeff_ce1       |  out|    1|   ap_memory|              coeff|         array|
|coeff_q1        |   in|   64|   ap_memory|              coeff|         array|
|c_0_address0    |  out|    3|   ap_memory|                c_0|         array|
|c_0_ce0         |  out|    1|   ap_memory|                c_0|         array|
|c_0_we0         |  out|    1|   ap_memory|                c_0|         array|
|c_0_d0          |  out|   64|   ap_memory|                c_0|         array|
|c_0_q0          |   in|   64|   ap_memory|                c_0|         array|
|c_1_address0    |  out|    3|   ap_memory|                c_1|         array|
|c_1_ce0         |  out|    1|   ap_memory|                c_1|         array|
|c_1_we0         |  out|    1|   ap_memory|                c_1|         array|
|c_1_d0          |  out|   64|   ap_memory|                c_1|         array|
|c_1_q0          |   in|   64|   ap_memory|                c_1|         array|
+----------------+-----+-----+------------+-------------------+--------------+

============================================================
+ Verbose Summary: Synthesis Manager
============================================================
InlineROM: 1
ExposeGlobal: 0
============================================================
+ Verbose Summary: CDFG Model
============================================================
IsTopModel: 0
ResetActiveHigh: 1
IsCombinational: 2
IsDatapathOnly: 2
HasWiredReturn: 1
HasMFsm: 0
HasVarLatency: 1
IsPipeline: 0
IsRtlPipelined: 0
IsInstanceOverlapped: 0
IsDontTouch: 0
HasImplIP: 0
IsGatedGlobalClock: 0


============================================================
+ Verbose Summary: Schedule
============================================================
* Number of FSM states : 15
* Pipeline : 0
* Dataflow Pipeline: 0

* FSM state transitions: 
1 --> 2 
2 --> 3 
3 --> 4 
4 --> 5 
5 --> 6 
6 --> 7 
7 --> 8 
8 --> 9 
9 --> 10 
10 --> 11 
11 --> 12 
12 --> 13 
13 --> 14 
14 --> 15 
15 --> 

* FSM state operations: 

State 1 <SV = 0> <Delay = 0.71>
ST_1 : Operation 16 [1/1] (0.00ns)   --->   "%A_14_loc = alloca i64 1"   --->   Operation 16 'alloca' 'A_14_loc' <Predicate = true> <Delay = 0.00>
ST_1 : Operation 17 [1/1] (0.00ns)   --->   "%B_12_loc = alloca i64 1"   --->   Operation 17 'alloca' 'B_12_loc' <Predicate = true> <Delay = 0.00>
ST_1 : Operation 18 [1/1] (0.00ns)   --->   "%A_1_loc = alloca i64 1"   --->   Operation 18 'alloca' 'A_1_loc' <Predicate = true> <Delay = 0.00>
ST_1 : Operation 19 [1/1] (0.00ns)   --->   "%B_loc = alloca i64 1"   --->   Operation 19 'alloca' 'B_loc' <Predicate = true> <Delay = 0.00>
ST_1 : Operation 20 [1/1] (0.00ns)   --->   "%borrow_loc = alloca i64 1"   --->   Operation 20 'alloca' 'borrow_loc' <Predicate = true> <Delay = 0.00>
ST_1 : Operation 21 [1/1] (0.71ns)   --->   "%temp = alloca i64 1" [src/fpx.cpp:56->src/fpx.cpp:145]   --->   Operation 21 'alloca' 'temp' <Predicate = true> <Delay = 0.71>
ST_1 : Operation 22 [1/1] (0.71ns)   --->   "%temp_7 = alloca i64 1" [src/fpx.cpp:56->src/fpx.cpp:144]   --->   Operation 22 'alloca' 'temp_7' <Predicate = true> <Delay = 0.71>
ST_1 : Operation 23 [1/1] (0.71ns)   --->   "%t1 = alloca i64 1" [src/fpx.cpp:139]   --->   Operation 23 'alloca' 't1' <Predicate = true> <Delay = 0.71>
ST_1 : Operation 24 [1/1] (0.71ns)   --->   "%t2 = alloca i64 1" [src/fpx.cpp:139]   --->   Operation 24 'alloca' 't2' <Predicate = true> <Delay = 0.71>
ST_1 : Operation 25 [1/1] (0.71ns)   --->   "%t3 = alloca i64 1" [src/fpx.cpp:139]   --->   Operation 25 'alloca' 't3' <Predicate = true> <Delay = 0.71>
ST_1 : Operation 26 [2/2] (0.00ns)   --->   "%call_ln0 = call void @fp2sqr503_mont.41_Pipeline_VITIS_LOOP_370_1, i64 %coeff, i64 %t1"   --->   Operation 26 'call' 'call_ln0' <Predicate = true> <Delay = 0.00> <CoreType = "Generic">   --->   Generic Core
ST_1 : Operation 27 [2/2] (0.00ns)   --->   "%call_ln0 = call void @fp2sqr503_mont.41_Pipeline_5, i64 %temp_7"   --->   Operation 27 'call' 'call_ln0' <Predicate = true> <Delay = 0.00> <CoreType = "Generic">   --->   Generic Core
ST_1 : Operation 28 [2/2] (0.00ns)   --->   "%call_ln0 = call void @fp2sqr503_mont.41_Pipeline_8, i64 %temp"   --->   Operation 28 'call' 'call_ln0' <Predicate = true> <Delay = 0.00> <CoreType = "Generic">   --->   Generic Core

State 2 <SV = 1> <Delay = 1.48>
ST_2 : Operation 29 [1/2] (1.48ns)   --->   "%call_ln0 = call void @fp2sqr503_mont.41_Pipeline_VITIS_LOOP_370_1, i64 %coeff, i64 %t1"   --->   Operation 29 'call' 'call_ln0' <Predicate = true> <Delay = 1.48> <CoreType = "Generic">   --->   Generic Core
ST_2 : Operation 30 [1/2] (1.48ns)   --->   "%call_ln0 = call void @fp2sqr503_mont.41_Pipeline_5, i64 %temp_7"   --->   Operation 30 'call' 'call_ln0' <Predicate = true> <Delay = 1.48> <CoreType = "Generic">   --->   Generic Core
ST_2 : Operation 31 [1/2] (1.48ns)   --->   "%call_ln0 = call void @fp2sqr503_mont.41_Pipeline_8, i64 %temp"   --->   Operation 31 'call' 'call_ln0' <Predicate = true> <Delay = 1.48> <CoreType = "Generic">   --->   Generic Core

State 3 <SV = 2> <Delay = 0.00>
ST_3 : Operation 32 [2/2] (0.00ns)   --->   "%call_ln0 = call void @fp2sqr503_mont.41_Pipeline_VITIS_LOOP_57_1, i64 %coeff, i64 %t2, i1 %borrow_loc"   --->   Operation 32 'call' 'call_ln0' <Predicate = true> <Delay = 0.00> <CoreType = "Generic">   --->   Generic Core

State 4 <SV = 3> <Delay = 1.48>
ST_4 : Operation 33 [1/2] (1.48ns)   --->   "%call_ln0 = call void @fp2sqr503_mont.41_Pipeline_VITIS_LOOP_57_1, i64 %coeff, i64 %t2, i1 %borrow_loc"   --->   Operation 33 'call' 'call_ln0' <Predicate = true> <Delay = 1.48> <CoreType = "Generic">   --->   Generic Core

State 5 <SV = 4> <Delay = 0.27>
ST_5 : Operation 34 [1/1] (0.00ns)   --->   "%borrow_loc_load = load i1 %borrow_loc"   --->   Operation 34 'load' 'borrow_loc_load' <Predicate = true> <Delay = 0.00>
ST_5 : Operation 35 [2/2] (0.27ns)   --->   "%call_ln0 = call void @fp2sqr503_mont.41_Pipeline_VITIS_LOOP_64_2, i64 %t2, i1 %borrow_loc_load, i64 %p503x2_1"   --->   Operation 35 'call' 'call_ln0' <Predicate = true> <Delay = 0.27> <CoreType = "Generic">   --->   Generic Core
ST_5 : Operation 36 [2/2] (0.00ns)   --->   "%call_ln0 = call void @fp2sqr503_mont.41_Pipeline_VITIS_LOOP_370_1106, i64 %coeff, i64 %t3"   --->   Operation 36 'call' 'call_ln0' <Predicate = true> <Delay = 0.00> <CoreType = "Generic">   --->   Generic Core

State 6 <SV = 5> <Delay = 1.48>
ST_6 : Operation 37 [1/2] (1.48ns)   --->   "%call_ln0 = call void @fp2sqr503_mont.41_Pipeline_VITIS_LOOP_64_2, i64 %t2, i1 %borrow_loc_load, i64 %p503x2_1"   --->   Operation 37 'call' 'call_ln0' <Predicate = true> <Delay = 1.48> <CoreType = "Generic">   --->   Generic Core
ST_6 : Operation 38 [1/2] (1.48ns)   --->   "%call_ln0 = call void @fp2sqr503_mont.41_Pipeline_VITIS_LOOP_370_1106, i64 %coeff, i64 %t3"   --->   Operation 38 'call' 'call_ln0' <Predicate = true> <Delay = 1.48> <CoreType = "Generic">   --->   Generic Core

State 7 <SV = 6> <Delay = 0.00>
ST_7 : Operation 39 [2/2] (0.00ns)   --->   "%call_ln0 = call void @fp2sqr503_mont.41_Pipeline_VITIS_LOOP_219_1, i64 %t1, i64 %t2, i512 %B_loc, i512 %A_1_loc"   --->   Operation 39 'call' 'call_ln0' <Predicate = true> <Delay = 0.00> <CoreType = "Generic">   --->   Generic Core
ST_7 : Operation 40 [2/2] (0.00ns)   --->   "%call_ln0 = call void @fp2sqr503_mont.41_Pipeline_VITIS_LOOP_219_1107, i64 %t3, i64 %coeff, i512 %B_12_loc, i512 %A_14_loc"   --->   Operation 40 'call' 'call_ln0' <Predicate = true> <Delay = 0.00> <CoreType = "Generic">   --->   Generic Core

State 8 <SV = 7> <Delay = 1.48>
ST_8 : Operation 41 [1/2] (1.48ns)   --->   "%call_ln0 = call void @fp2sqr503_mont.41_Pipeline_VITIS_LOOP_219_1, i64 %t1, i64 %t2, i512 %B_loc, i512 %A_1_loc"   --->   Operation 41 'call' 'call_ln0' <Predicate = true> <Delay = 1.48> <CoreType = "Generic">   --->   Generic Core
ST_8 : Operation 42 [1/2] (1.48ns)   --->   "%call_ln0 = call void @fp2sqr503_mont.41_Pipeline_VITIS_LOOP_219_1107, i64 %t3, i64 %coeff, i512 %B_12_loc, i512 %A_14_loc"   --->   Operation 42 'call' 'call_ln0' <Predicate = true> <Delay = 1.48> <CoreType = "Generic">   --->   Generic Core

State 9 <SV = 8> <Delay = 3.61>
ST_9 : Operation 43 [1/1] (0.00ns)   --->   "%B_loc_load = load i512 %B_loc"   --->   Operation 43 'load' 'B_loc_load' <Predicate = true> <Delay = 0.00>
ST_9 : Operation 44 [1/1] (0.00ns)   --->   "%A_1_loc_load = load i512 %A_1_loc"   --->   Operation 44 'load' 'A_1_loc_load' <Predicate = true> <Delay = 0.00>
ST_9 : Operation 45 [1/1] (0.00ns)   --->   "%zext_ln225 = zext i512 %A_1_loc_load" [src/generic/fp_generic.cpp:225->src/fpx.cpp:58->src/fpx.cpp:144]   --->   Operation 45 'zext' 'zext_ln225' <Predicate = true> <Delay = 0.00>
ST_9 : Operation 46 [1/1] (0.00ns)   --->   "%zext_ln225_11 = zext i512 %B_loc_load" [src/generic/fp_generic.cpp:225->src/fpx.cpp:58->src/fpx.cpp:144]   --->   Operation 46 'zext' 'zext_ln225_11' <Predicate = true> <Delay = 0.00>
ST_9 : Operation 47 [2/2] (3.61ns)   --->   "%P = mul i1024 %zext_ln225_11, i1024 %zext_ln225" [src/generic/fp_generic.cpp:225->src/fpx.cpp:58->src/fpx.cpp:144]   --->   Operation 47 'mul' 'P' <Predicate = true> <Delay = 3.61> <CoreInst = "Multiplier">   --->   Core 3 'Multiplier' <Latency = 1> <II = 1> <Delay = 3.61> <FuncUnit> <Opcode : 'mul'> <InPorts = 2> <OutPorts = 1>
ST_9 : Operation 48 [1/1] (0.00ns)   --->   "%B_12_loc_load = load i512 %B_12_loc"   --->   Operation 48 'load' 'B_12_loc_load' <Predicate = true> <Delay = 0.00>
ST_9 : Operation 49 [1/1] (0.00ns)   --->   "%A_14_loc_load = load i512 %A_14_loc"   --->   Operation 49 'load' 'A_14_loc_load' <Predicate = true> <Delay = 0.00>
ST_9 : Operation 50 [1/1] (0.00ns)   --->   "%zext_ln225_12 = zext i512 %A_14_loc_load" [src/generic/fp_generic.cpp:225->src/fpx.cpp:58->src/fpx.cpp:145]   --->   Operation 50 'zext' 'zext_ln225_12' <Predicate = true> <Delay = 0.00>
ST_9 : Operation 51 [1/1] (0.00ns)   --->   "%zext_ln225_13 = zext i512 %B_12_loc_load" [src/generic/fp_generic.cpp:225->src/fpx.cpp:58->src/fpx.cpp:145]   --->   Operation 51 'zext' 'zext_ln225_13' <Predicate = true> <Delay = 0.00>
ST_9 : Operation 52 [2/2] (3.61ns)   --->   "%P_4 = mul i1024 %zext_ln225_13, i1024 %zext_ln225_12" [src/generic/fp_generic.cpp:225->src/fpx.cpp:58->src/fpx.cpp:145]   --->   Operation 52 'mul' 'P_4' <Predicate = true> <Delay = 3.61> <CoreInst = "Multiplier">   --->   Core 3 'Multiplier' <Latency = 1> <II = 1> <Delay = 3.61> <FuncUnit> <Opcode : 'mul'> <InPorts = 2> <OutPorts = 1>

State 10 <SV = 9> <Delay = 5.58>
ST_10 : Operation 53 [1/2] (3.61ns)   --->   "%P = mul i1024 %zext_ln225_11, i1024 %zext_ln225" [src/generic/fp_generic.cpp:225->src/fpx.cpp:58->src/fpx.cpp:144]   --->   Operation 53 'mul' 'P' <Predicate = true> <Delay = 3.61> <CoreInst = "Multiplier">   --->   Core 3 'Multiplier' <Latency = 1> <II = 1> <Delay = 3.61> <FuncUnit> <Opcode : 'mul'> <InPorts = 2> <OutPorts = 1>
ST_10 : Operation 54 [2/2] (1.96ns)   --->   "%call_ln225 = call void @fp2sqr503_mont.41_Pipeline_VITIS_LOOP_228_2, i1024 %P, i64 %temp_7" [src/generic/fp_generic.cpp:225->src/fpx.cpp:58->src/fpx.cpp:144]   --->   Operation 54 'call' 'call_ln225' <Predicate = true> <Delay = 1.96> <CoreType = "Generic">   --->   Generic Core
ST_10 : Operation 55 [1/2] (3.61ns)   --->   "%P_4 = mul i1024 %zext_ln225_13, i1024 %zext_ln225_12" [src/generic/fp_generic.cpp:225->src/fpx.cpp:58->src/fpx.cpp:145]   --->   Operation 55 'mul' 'P_4' <Predicate = true> <Delay = 3.61> <CoreInst = "Multiplier">   --->   Core 3 'Multiplier' <Latency = 1> <II = 1> <Delay = 3.61> <FuncUnit> <Opcode : 'mul'> <InPorts = 2> <OutPorts = 1>
ST_10 : Operation 56 [2/2] (1.96ns)   --->   "%call_ln225 = call void @fp2sqr503_mont.41_Pipeline_VITIS_LOOP_228_2108, i1024 %P_4, i64 %temp" [src/generic/fp_generic.cpp:225->src/fpx.cpp:58->src/fpx.cpp:145]   --->   Operation 56 'call' 'call_ln225' <Predicate = true> <Delay = 1.96> <CoreType = "Generic">   --->   Generic Core

State 11 <SV = 10> <Delay = 1.48>
ST_11 : Operation 57 [1/2] (1.48ns)   --->   "%call_ln225 = call void @fp2sqr503_mont.41_Pipeline_VITIS_LOOP_228_2, i1024 %P, i64 %temp_7" [src/generic/fp_generic.cpp:225->src/fpx.cpp:58->src/fpx.cpp:144]   --->   Operation 57 'call' 'call_ln225' <Predicate = true> <Delay = 1.48> <CoreType = "Generic">   --->   Generic Core
ST_11 : Operation 58 [1/2] (1.48ns)   --->   "%call_ln225 = call void @fp2sqr503_mont.41_Pipeline_VITIS_LOOP_228_2108, i1024 %P_4, i64 %temp" [src/generic/fp_generic.cpp:225->src/fpx.cpp:58->src/fpx.cpp:145]   --->   Operation 58 'call' 'call_ln225' <Predicate = true> <Delay = 1.48> <CoreType = "Generic">   --->   Generic Core

State 12 <SV = 11> <Delay = 0.71>
ST_12 : Operation 59 [2/2] (0.71ns)   --->   "%call_ln59 = call void @rdc_mont.8, i64 %temp_7, i64 %c_0, i1 0, i64 %c_1, i1 0, i64 %p503p1_1" [src/fpx.cpp:59->src/fpx.cpp:144]   --->   Operation 59 'call' 'call_ln59' <Predicate = true> <Delay = 0.71> <CoreType = "Generic">   --->   Generic Core

State 13 <SV = 12> <Delay = 0.00>
ST_13 : Operation 60 [1/2] (0.00ns)   --->   "%call_ln59 = call void @rdc_mont.8, i64 %temp_7, i64 %c_0, i1 0, i64 %c_1, i1 0, i64 %p503p1_1" [src/fpx.cpp:59->src/fpx.cpp:144]   --->   Operation 60 'call' 'call_ln59' <Predicate = true> <Delay = 0.00> <CoreType = "Generic">   --->   Generic Core

State 14 <SV = 13> <Delay = 0.71>
ST_14 : Operation 61 [2/2] (0.71ns)   --->   "%call_ln59 = call void @rdc_mont.8, i64 %temp, i64 %c_0, i1 1, i64 %c_1, i1 1, i64 %p503p1_1" [src/fpx.cpp:59->src/fpx.cpp:145]   --->   Operation 61 'call' 'call_ln59' <Predicate = true> <Delay = 0.71> <CoreType = "Generic">   --->   Generic Core

State 15 <SV = 14> <Delay = 0.00>
ST_15 : Operation 62 [1/1] (0.00ns)   --->   "%specbramwithbyteenable_ln0 = specbramwithbyteenable void @_ssdm_op_SpecBRAMWithByteEnable, i64 %coeff"   --->   Operation 62 'specbramwithbyteenable' 'specbramwithbyteenable_ln0' <Predicate = true> <Delay = 0.00>
ST_15 : Operation 63 [1/2] (0.00ns)   --->   "%call_ln59 = call void @rdc_mont.8, i64 %temp, i64 %c_0, i1 1, i64 %c_1, i1 1, i64 %p503p1_1" [src/fpx.cpp:59->src/fpx.cpp:145]   --->   Operation 63 'call' 'call_ln59' <Predicate = true> <Delay = 0.00> <CoreType = "Generic">   --->   Generic Core
ST_15 : Operation 64 [1/1] (0.00ns)   --->   "%ret_ln146 = ret" [src/fpx.cpp:146]   --->   Operation 64 'ret' 'ret_ln146' <Predicate = true> <Delay = 0.00>


============================================================
+ Verbose Summary: Binding
============================================================
STG Binding: 
---------------- STG Properties BEGIN ----------------
- Is combinational: 0
- Is one-state seq: 0
- Is datapath-only: 0
- Is pipelined: 0
- Is top level: 0
Port [ Return ] is wired: 1; IO mode=ap_ctrl_hs:ce=0
Port [ coeff]:  wired=1; compound=1; hidden=0; nouse=0; global=0; static=0; extern=0; dir=0; type=1; pingpong=0; private_global=0; MemPort=[11]; IO mode=ap_memory:ce=0
Port [ c_0]:  wired=1; compound=1; hidden=0; nouse=0; global=0; static=0; extern=0; dir=2; type=1; pingpong=0; private_global=0; MemPort=[23]; IO mode=ap_memory:ce=0
Port [ c_1]:  wired=1; compound=1; hidden=0; nouse=0; global=0; static=0; extern=0; dir=2; type=1; pingpong=0; private_global=0; MemPort=[23]; IO mode=ap_memory:ce=0
Port [ p503x2_1]:  wired=0; compound=1; hidden=1; nouse=1; global=1; static=1; extern=0; dir=0; type=1; pingpong=0; private_global=0; MemPort=[1]; IO mode=ap_memory:ce=0
Port [ p503p1_1]:  wired=0; compound=1; hidden=1; nouse=1; global=1; static=1; extern=0; dir=0; type=1; pingpong=0; private_global=0; MemPort=[1]; IO mode=ap_memory:ce=0
---------------- STG Properties END ------------------

---------------- Datapath Model BEGIN ----------------

<LifeTime>
<method=bitvector/>
A_14_loc                   (alloca                ) [ 0011111111000000]
B_12_loc                   (alloca                ) [ 0011111111000000]
A_1_loc                    (alloca                ) [ 0011111111000000]
B_loc                      (alloca                ) [ 0011111111000000]
borrow_loc                 (alloca                ) [ 0011110000000000]
temp                       (alloca                ) [ 0011111111111111]
temp_7                     (alloca                ) [ 0011111111111100]
t1                         (alloca                ) [ 0011111110000000]
t2                         (alloca                ) [ 0011111110000000]
t3                         (alloca                ) [ 0011111110000000]
call_ln0                   (call                  ) [ 0000000000000000]
call_ln0                   (call                  ) [ 0000000000000000]
call_ln0                   (call                  ) [ 0000000000000000]
call_ln0                   (call                  ) [ 0000000000000000]
borrow_loc_load            (load                  ) [ 0000001000000000]
call_ln0                   (call                  ) [ 0000000000000000]
call_ln0                   (call                  ) [ 0000000000000000]
call_ln0                   (call                  ) [ 0000000000000000]
call_ln0                   (call                  ) [ 0000000000000000]
B_loc_load                 (load                  ) [ 0000000000000000]
A_1_loc_load               (load                  ) [ 0000000000000000]
zext_ln225                 (zext                  ) [ 0000000000100000]
zext_ln225_11              (zext                  ) [ 0000000000100000]
B_12_loc_load              (load                  ) [ 0000000000000000]
A_14_loc_load              (load                  ) [ 0000000000000000]
zext_ln225_12              (zext                  ) [ 0000000000100000]
zext_ln225_13              (zext                  ) [ 0000000000100000]
P                          (mul                   ) [ 0000000000010000]
P_4                        (mul                   ) [ 0000000000010000]
call_ln225                 (call                  ) [ 0000000000000000]
call_ln225                 (call                  ) [ 0000000000000000]
call_ln59                  (call                  ) [ 0000000000000000]
specbramwithbyteenable_ln0 (specbramwithbyteenable) [ 0000000000000000]
call_ln59                  (call                  ) [ 0000000000000000]
ret_ln146                  (ret                   ) [ 0000000000000000]
</LifeTime>

<model>

<comp_list>
<comp id="0" class="1000" name="coeff">
<pin_list>
<pin id="1" dir="1" index="0" bw="1" slack="0"/>
</pin_list>
<bind>
<StgValue><ssdm name="coeff"/><MemPortTyVec>1 1 </MemPortTyVec>
</StgValue>
</bind>
</comp>

<comp id="2" class="1000" name="c_0">
<pin_list>
<pin id="3" dir="1" index="0" bw="1" slack="0"/>
</pin_list>
<bind>
<StgValue><ssdm name="c_0"/><MemPortTyVec>2 3 </MemPortTyVec>
</StgValue>
</bind>
</comp>

<comp id="4" class="1000" name="c_1">
<pin_list>
<pin id="5" dir="1" index="0" bw="1" slack="0"/>
</pin_list>
<bind>
<StgValue><ssdm name="c_1"/><MemPortTyVec>2 3 </MemPortTyVec>
</StgValue>
</bind>
</comp>

<comp id="6" class="1000" name="p503x2_1">
<pin_list>
<pin id="7" dir="1" index="0" bw="1" slack="0"/>
</pin_list>
<bind>
<StgValue><ssdm name="p503x2_1"/><MemPortTyVec>1 </MemPortTyVec>
</StgValue>
</bind>
</comp>

<comp id="8" class="1000" name="p503p1_1">
<pin_list>
<pin id="9" dir="1" index="0" bw="1" slack="0"/>
</pin_list>
<bind>
<StgValue><ssdm name="p503p1_1"/><MemPortTyVec>1 </MemPortTyVec>
</StgValue>
</bind>
</comp>

<comp id="10" class="1001" name="const_10">
<pin_list>
<pin id="11" dir="1" index="0" bw="1" slack="0"/>
</pin_list>
<bind>
<StgValue><ssdm name=""/></StgValue>
</bind>
</comp>

<comp id="12" class="1001" name="const_12">
<pin_list>
<pin id="13" dir="1" index="0" bw="1" slack="0"/>
</pin_list>
<bind>
<StgValue><ssdm name="fp2sqr503_mont.41_Pipeline_VITIS_LOOP_370_1"/></StgValue>
</bind>
</comp>

<comp id="14" class="1001" name="const_14">
<pin_list>
<pin id="15" dir="1" index="0" bw="1" slack="0"/>
</pin_list>
<bind>
<StgValue><ssdm name="fp2sqr503_mont.41_Pipeline_5"/></StgValue>
</bind>
</comp>

<comp id="16" class="1001" name="const_16">
<pin_list>
<pin id="17" dir="1" index="0" bw="1" slack="0"/>
</pin_list>
<bind>
<StgValue><ssdm name="fp2sqr503_mont.41_Pipeline_8"/></StgValue>
</bind>
</comp>

<comp id="18" class="1001" name="const_18">
<pin_list>
<pin id="19" dir="1" index="0" bw="1" slack="0"/>
</pin_list>
<bind>
<StgValue><ssdm name="fp2sqr503_mont.41_Pipeline_VITIS_LOOP_57_1"/></StgValue>
</bind>
</comp>

<comp id="20" class="1001" name="const_20">
<pin_list>
<pin id="21" dir="1" index="0" bw="1" slack="0"/>
</pin_list>
<bind>
<StgValue><ssdm name="fp2sqr503_mont.41_Pipeline_VITIS_LOOP_64_2"/></StgValue>
</bind>
</comp>

<comp id="22" class="1001" name="const_22">
<pin_list>
<pin id="23" dir="1" index="0" bw="1" slack="0"/>
</pin_list>
<bind>
<StgValue><ssdm name="fp2sqr503_mont.41_Pipeline_VITIS_LOOP_370_1106"/></StgValue>
</bind>
</comp>

<comp id="24" class="1001" name="const_24">
<pin_list>
<pin id="25" dir="1" index="0" bw="1" slack="0"/>
</pin_list>
<bind>
<StgValue><ssdm name="fp2sqr503_mont.41_Pipeline_VITIS_LOOP_219_1"/></StgValue>
</bind>
</comp>

<comp id="26" class="1001" name="const_26">
<pin_list>
<pin id="27" dir="1" index="0" bw="1" slack="0"/>
</pin_list>
<bind>
<StgValue><ssdm name="fp2sqr503_mont.41_Pipeline_VITIS_LOOP_219_1107"/></StgValue>
</bind>
</comp>

<comp id="28" class="1001" name="const_28">
<pin_list>
<pin id="29" dir="1" index="0" bw="1" slack="0"/>
</pin_list>
<bind>
<StgValue><ssdm name="fp2sqr503_mont.41_Pipeline_VITIS_LOOP_228_2"/></StgValue>
</bind>
</comp>

<comp id="30" class="1001" name="const_30">
<pin_list>
<pin id="31" dir="1" index="0" bw="1" slack="0"/>
</pin_list>
<bind>
<StgValue><ssdm name="fp2sqr503_mont.41_Pipeline_VITIS_LOOP_228_2108"/></StgValue>
</bind>
</comp>

<comp id="32" class="1001" name="const_32">
<pin_list>
<pin id="33" dir="1" index="0" bw="1" slack="0"/>
</pin_list>
<bind>
<StgValue><ssdm name="rdc_mont.8"/></StgValue>
</bind>
</comp>

<comp id="34" class="1001" name="const_34">
<pin_list>
<pin id="35" dir="1" index="0" bw="1" slack="0"/>
</pin_list>
<bind>
<StgValue><ssdm name=""/></StgValue>
</bind>
</comp>

<comp id="36" class="1001" name="const_36">
<pin_list>
<pin id="37" dir="1" index="0" bw="1" slack="0"/>
</pin_list>
<bind>
<StgValue><ssdm name=""/></StgValue>
</bind>
</comp>

<comp id="38" class="1001" name="const_38">
<pin_list>
<pin id="39" dir="1" index="0" bw="1" slack="2147483647"/>
</pin_list>
<bind>
<StgValue><ssdm name="_ssdm_op_SpecBRAMWithByteEnable"/></StgValue>
</bind>
</comp>

<comp id="40" class="1004" name="A_14_loc_fu_40">
<pin_list>
<pin id="41" dir="0" index="0" bw="1" slack="0"/>
<pin id="42" dir="1" index="1" bw="512" slack="6"/>
</pin_list>
<bind>
<opcode="alloca(26) " fcode="alloca"/>
<opset="A_14_loc/1 "/>
</bind>
</comp>

<comp id="44" class="1004" name="B_12_loc_fu_44">
<pin_list>
<pin id="45" dir="0" index="0" bw="1" slack="0"/>
<pin id="46" dir="1" index="1" bw="512" slack="6"/>
</pin_list>
<bind>
<opcode="alloca(26) " fcode="alloca"/>
<opset="B_12_loc/1 "/>
</bind>
</comp>

<comp id="48" class="1004" name="A_1_loc_fu_48">
<pin_list>
<pin id="49" dir="0" index="0" bw="1" slack="0"/>
<pin id="50" dir="1" index="1" bw="512" slack="6"/>
</pin_list>
<bind>
<opcode="alloca(26) " fcode="alloca"/>
<opset="A_1_loc/1 "/>
</bind>
</comp>

<comp id="52" class="1004" name="B_loc_fu_52">
<pin_list>
<pin id="53" dir="0" index="0" bw="1" slack="0"/>
<pin id="54" dir="1" index="1" bw="512" slack="6"/>
</pin_list>
<bind>
<opcode="alloca(26) " fcode="alloca"/>
<opset="B_loc/1 "/>
</bind>
</comp>

<comp id="56" class="1004" name="borrow_loc_fu_56">
<pin_list>
<pin id="57" dir="0" index="0" bw="1" slack="0"/>
<pin id="58" dir="1" index="1" bw="1" slack="2"/>
</pin_list>
<bind>
<opcode="alloca(26) " fcode="alloca"/>
<opset="borrow_loc/1 "/>
</bind>
</comp>

<comp id="60" class="1004" name="temp_alloca_fu_60">
<pin_list>
<pin id="61" dir="0" index="0" bw="1" slack="0"/>
<pin id="62" dir="1" index="1" bw="64" slack="0"/>
</pin_list>
<bind>
<opcode="alloca(26) " fcode="alloca"/>
<opset="temp/1 "/>
</bind>
</comp>

<comp id="64" class="1004" name="temp_7_alloca_fu_64">
<pin_list>
<pin id="65" dir="0" index="0" bw="1" slack="0"/>
<pin id="66" dir="1" index="1" bw="64" slack="0"/>
</pin_list>
<bind>
<opcode="alloca(26) " fcode="alloca"/>
<opset="temp_7/1 "/>
</bind>
</comp>

<comp id="68" class="1004" name="t1_alloca_fu_68">
<pin_list>
<pin id="69" dir="0" index="0" bw="1" slack="0"/>
<pin id="70" dir="1" index="1" bw="64" slack="0"/>
</pin_list>
<bind>
<opcode="alloca(26) " fcode="alloca"/>
<opset="t1/1 "/>
</bind>
</comp>

<comp id="72" class="1004" name="t2_alloca_fu_72">
<pin_list>
<pin id="73" dir="0" index="0" bw="1" slack="0"/>
<pin id="74" dir="1" index="1" bw="64" slack="2147483647"/>
</pin_list>
<bind>
<opcode="alloca(26) " fcode="alloca"/>
<opset="t2/1 "/>
</bind>
</comp>

<comp id="76" class="1004" name="t3_alloca_fu_76">
<pin_list>
<pin id="77" dir="0" index="0" bw="1" slack="0"/>
<pin id="78" dir="1" index="1" bw="64" slack="2147483647"/>
</pin_list>
<bind>
<opcode="alloca(26) " fcode="alloca"/>
<opset="t3/1 "/>
</bind>
</comp>

<comp id="80" class="1004" name="grp_fp2sqr503_mont_41_Pipeline_VITIS_LOOP_370_1_fu_80">
<pin_list>
<pin id="81" dir="0" index="0" bw="0" slack="0"/>
<pin id="82" dir="0" index="1" bw="64" slack="0"/>
<pin id="83" dir="0" index="2" bw="64" slack="0"/>
<pin id="84" dir="1" index="3" bw="0" slack="2147483647"/>
</pin_list>
<bind>
<opcode="call(48) " fcode="call"/>
<opset="call_ln0/1 "/>
</bind>
</comp>

<comp id="88" class="1004" name="grp_fp2sqr503_mont_41_Pipeline_5_fu_88">
<pin_list>
<pin id="89" dir="0" index="0" bw="0" slack="0"/>
<pin id="90" dir="0" index="1" bw="64" slack="0"/>
<pin id="91" dir="1" index="2" bw="0" slack="2147483647"/>
</pin_list>
<bind>
<opcode="call(48) " fcode="call"/>
<opset="call_ln0/1 "/>
</bind>
</comp>

<comp id="94" class="1004" name="grp_fp2sqr503_mont_41_Pipeline_8_fu_94">
<pin_list>
<pin id="95" dir="0" index="0" bw="0" slack="0"/>
<pin id="96" dir="0" index="1" bw="64" slack="0"/>
<pin id="97" dir="1" index="2" bw="0" slack="2147483647"/>
</pin_list>
<bind>
<opcode="call(48) " fcode="call"/>
<opset="call_ln0/1 "/>
</bind>
</comp>

<comp id="100" class="1004" name="grp_fp2sqr503_mont_41_Pipeline_VITIS_LOOP_57_1_fu_100">
<pin_list>
<pin id="101" dir="0" index="0" bw="0" slack="0"/>
<pin id="102" dir="0" index="1" bw="64" slack="0"/>
<pin id="103" dir="0" index="2" bw="64" slack="2147483647"/>
<pin id="104" dir="0" index="3" bw="1" slack="2"/>
<pin id="105" dir="1" index="4" bw="0" slack="2147483647"/>
</pin_list>
<bind>
<opcode="call(48) " fcode="call"/>
<opset="call_ln0/3 "/>
</bind>
</comp>

<comp id="108" class="1004" name="grp_fp2sqr503_mont_41_Pipeline_VITIS_LOOP_64_2_fu_108">
<pin_list>
<pin id="109" dir="0" index="0" bw="0" slack="0"/>
<pin id="110" dir="0" index="1" bw="64" slack="2147483647"/>
<pin id="111" dir="0" index="2" bw="1" slack="0"/>
<pin id="112" dir="0" index="3" bw="64" slack="0"/>
<pin id="113" dir="1" index="4" bw="0" slack="2147483647"/>
</pin_list>
<bind>
<opcode="call(48) " fcode="call"/>
<opset="call_ln0/5 "/>
</bind>
</comp>

<comp id="116" class="1004" name="grp_fp2sqr503_mont_41_Pipeline_VITIS_LOOP_370_1106_fu_116">
<pin_list>
<pin id="117" dir="0" index="0" bw="0" slack="0"/>
<pin id="118" dir="0" index="1" bw="64" slack="0"/>
<pin id="119" dir="0" index="2" bw="64" slack="2147483647"/>
<pin id="120" dir="1" index="3" bw="0" slack="2147483647"/>
</pin_list>
<bind>
<opcode="call(48) " fcode="call"/>
<opset="call_ln0/5 "/>
</bind>
</comp>

<comp id="123" class="1004" name="grp_fp2sqr503_mont_41_Pipeline_VITIS_LOOP_219_1_fu_123">
<pin_list>
<pin id="124" dir="0" index="0" bw="0" slack="0"/>
<pin id="125" dir="0" index="1" bw="64" slack="2147483647"/>
<pin id="126" dir="0" index="2" bw="64" slack="2147483647"/>
<pin id="127" dir="0" index="3" bw="512" slack="6"/>
<pin id="128" dir="0" index="4" bw="512" slack="6"/>
<pin id="129" dir="1" index="5" bw="0" slack="2147483647"/>
</pin_list>
<bind>
<opcode="call(48) " fcode="call"/>
<opset="call_ln0/7 "/>
</bind>
</comp>

<comp id="131" class="1004" name="grp_fp2sqr503_mont_41_Pipeline_VITIS_LOOP_219_1107_fu_131">
<pin_list>
<pin id="132" dir="0" index="0" bw="0" slack="0"/>
<pin id="133" dir="0" index="1" bw="64" slack="2147483647"/>
<pin id="134" dir="0" index="2" bw="64" slack="0"/>
<pin id="135" dir="0" index="3" bw="512" slack="6"/>
<pin id="136" dir="0" index="4" bw="512" slack="6"/>
<pin id="137" dir="1" index="5" bw="0" slack="2147483647"/>
</pin_list>
<bind>
<opcode="call(48) " fcode="call"/>
<opset="call_ln0/7 "/>
</bind>
</comp>

<comp id="140" class="1004" name="grp_fp2sqr503_mont_41_Pipeline_VITIS_LOOP_228_2_fu_140">
<pin_list>
<pin id="141" dir="0" index="0" bw="0" slack="0"/>
<pin id="142" dir="0" index="1" bw="1024" slack="0"/>
<pin id="143" dir="0" index="2" bw="64" slack="2147483647"/>
<pin id="144" dir="1" index="3" bw="0" slack="2147483647"/>
</pin_list>
<bind>
<opcode="call(48) " fcode="call"/>
<opset="call_ln225/10 "/>
</bind>
</comp>

<comp id="146" class="1004" name="grp_fp2sqr503_mont_41_Pipeline_VITIS_LOOP_228_2108_fu_146">
<pin_list>
<pin id="147" dir="0" index="0" bw="0" slack="0"/>
<pin id="148" dir="0" index="1" bw="1024" slack="0"/>
<pin id="149" dir="0" index="2" bw="64" slack="2147483647"/>
<pin id="150" dir="1" index="3" bw="0" slack="2147483647"/>
</pin_list>
<bind>
<opcode="call(48) " fcode="call"/>
<opset="call_ln225/10 "/>
</bind>
</comp>

<comp id="152" class="1004" name="grp_rdc_mont_8_fu_152">
<pin_list>
<pin id="153" dir="0" index="0" bw="0" slack="0"/>
<pin id="154" dir="0" index="1" bw="64" slack="2147483647"/>
<pin id="155" dir="0" index="2" bw="64" slack="0"/>
<pin id="156" dir="0" index="3" bw="1" slack="0"/>
<pin id="157" dir="0" index="4" bw="64" slack="0"/>
<pin id="158" dir="0" index="5" bw="1" slack="0"/>
<pin id="159" dir="0" index="6" bw="64" slack="0"/>
<pin id="160" dir="1" index="7" bw="0" slack="2147483647"/>
</pin_list>
<bind>
<opcode="call(48) " fcode="call"/>
<opset="call_ln59/12 call_ln59/14 "/>
</bind>
</comp>

<comp id="169" class="1004" name="grp_fu_169">
<pin_list>
<pin id="170" dir="0" index="0" bw="512" slack="0"/>
<pin id="171" dir="0" index="1" bw="512" slack="0"/>
<pin id="172" dir="1" index="2" bw="1024" slack="0"/>
</pin_list>
<bind>
<opcode="mul(12) " fcode="mul"/>
<opset="P/9 "/>
</bind>
</comp>

<comp id="174" class="1004" name="grp_fu_174">
<pin_list>
<pin id="175" dir="0" index="0" bw="512" slack="0"/>
<pin id="176" dir="0" index="1" bw="512" slack="0"/>
<pin id="177" dir="1" index="2" bw="1024" slack="0"/>
</pin_list>
<bind>
<opcode="mul(12) " fcode="mul"/>
<opset="P_4/9 "/>
</bind>
</comp>

<comp id="179" class="1004" name="borrow_loc_load_load_fu_179">
<pin_list>
<pin id="180" dir="0" index="0" bw="1" slack="4"/>
<pin id="181" dir="1" index="1" bw="1" slack="0"/>
</pin_list>
<bind>
<opcode="load(27) " fcode="load"/>
<opset="borrow_loc_load/5 "/>
</bind>
</comp>

<comp id="183" class="1004" name="B_loc_load_load_fu_183">
<pin_list>
<pin id="184" dir="0" index="0" bw="512" slack="8"/>
<pin id="185" dir="1" index="1" bw="512" slack="0"/>
</pin_list>
<bind>
<opcode="load(27) " fcode="load"/>
<opset="B_loc_load/9 "/>
</bind>
</comp>

<comp id="186" class="1004" name="A_1_loc_load_load_fu_186">
<pin_list>
<pin id="187" dir="0" index="0" bw="512" slack="8"/>
<pin id="188" dir="1" index="1" bw="512" slack="0"/>
</pin_list>
<bind>
<opcode="load(27) " fcode="load"/>
<opset="A_1_loc_load/9 "/>
</bind>
</comp>

<comp id="189" class="1004" name="zext_ln225_fu_189">
<pin_list>
<pin id="190" dir="0" index="0" bw="512" slack="0"/>
<pin id="191" dir="1" index="1" bw="1024" slack="0"/>
</pin_list>
<bind>
<opcode="zext(34) " fcode="zext"/>
<opset="zext_ln225/9 "/>
</bind>
</comp>

<comp id="194" class="1004" name="zext_ln225_11_fu_194">
<pin_list>
<pin id="195" dir="0" index="0" bw="512" slack="0"/>
<pin id="196" dir="1" index="1" bw="1024" slack="0"/>
</pin_list>
<bind>
<opcode="zext(34) " fcode="zext"/>
<opset="zext_ln225_11/9 "/>
</bind>
</comp>

<comp id="199" class="1004" name="B_12_loc_load_load_fu_199">
<pin_list>
<pin id="200" dir="0" index="0" bw="512" slack="8"/>
<pin id="201" dir="1" index="1" bw="512" slack="0"/>
</pin_list>
<bind>
<opcode="load(27) " fcode="load"/>
<opset="B_12_loc_load/9 "/>
</bind>
</comp>

<comp id="202" class="1004" name="A_14_loc_load_load_fu_202">
<pin_list>
<pin id="203" dir="0" index="0" bw="512" slack="8"/>
<pin id="204" dir="1" index="1" bw="512" slack="0"/>
</pin_list>
<bind>
<opcode="load(27) " fcode="load"/>
<opset="A_14_loc_load/9 "/>
</bind>
</comp>

<comp id="205" class="1004" name="zext_ln225_12_fu_205">
<pin_list>
<pin id="206" dir="0" index="0" bw="512" slack="0"/>
<pin id="207" dir="1" index="1" bw="1024" slack="0"/>
</pin_list>
<bind>
<opcode="zext(34) " fcode="zext"/>
<opset="zext_ln225_12/9 "/>
</bind>
</comp>

<comp id="210" class="1004" name="zext_ln225_13_fu_210">
<pin_list>
<pin id="211" dir="0" index="0" bw="512" slack="0"/>
<pin id="212" dir="1" index="1" bw="1024" slack="0"/>
</pin_list>
<bind>
<opcode="zext(34) " fcode="zext"/>
<opset="zext_ln225_13/9 "/>
</bind>
</comp>

<comp id="215" class="1005" name="A_14_loc_reg_215">
<pin_list>
<pin id="216" dir="0" index="0" bw="512" slack="6"/>
<pin id="217" dir="1" index="1" bw="512" slack="6"/>
</pin_list>
<bind>
<opset="A_14_loc "/>
</bind>
</comp>

<comp id="221" class="1005" name="B_12_loc_reg_221">
<pin_list>
<pin id="222" dir="0" index="0" bw="512" slack="6"/>
<pin id="223" dir="1" index="1" bw="512" slack="6"/>
</pin_list>
<bind>
<opset="B_12_loc "/>
</bind>
</comp>

<comp id="227" class="1005" name="A_1_loc_reg_227">
<pin_list>
<pin id="228" dir="0" index="0" bw="512" slack="6"/>
<pin id="229" dir="1" index="1" bw="512" slack="6"/>
</pin_list>
<bind>
<opset="A_1_loc "/>
</bind>
</comp>

<comp id="233" class="1005" name="B_loc_reg_233">
<pin_list>
<pin id="234" dir="0" index="0" bw="512" slack="6"/>
<pin id="235" dir="1" index="1" bw="512" slack="6"/>
</pin_list>
<bind>
<opset="B_loc "/>
</bind>
</comp>

<comp id="239" class="1005" name="borrow_loc_reg_239">
<pin_list>
<pin id="240" dir="0" index="0" bw="1" slack="2"/>
<pin id="241" dir="1" index="1" bw="1" slack="2"/>
</pin_list>
<bind>
<opset="borrow_loc "/>
</bind>
</comp>

<comp id="248" class="1005" name="zext_ln225_reg_248">
<pin_list>
<pin id="249" dir="0" index="0" bw="1024" slack="1"/>
<pin id="250" dir="1" index="1" bw="1024" slack="1"/>
</pin_list>
<bind>
<opset="zext_ln225 "/>
</bind>
</comp>

<comp id="253" class="1005" name="zext_ln225_11_reg_253">
<pin_list>
<pin id="254" dir="0" index="0" bw="1024" slack="1"/>
<pin id="255" dir="1" index="1" bw="1024" slack="1"/>
</pin_list>
<bind>
<opset="zext_ln225_11 "/>
</bind>
</comp>

<comp id="258" class="1005" name="zext_ln225_12_reg_258">
<pin_list>
<pin id="259" dir="0" index="0" bw="1024" slack="1"/>
<pin id="260" dir="1" index="1" bw="1024" slack="1"/>
</pin_list>
<bind>
<opset="zext_ln225_12 "/>
</bind>
</comp>

<comp id="263" class="1005" name="zext_ln225_13_reg_263">
<pin_list>
<pin id="264" dir="0" index="0" bw="1024" slack="1"/>
<pin id="265" dir="1" index="1" bw="1024" slack="1"/>
</pin_list>
<bind>
<opset="zext_ln225_13 "/>
</bind>
</comp>

<comp id="268" class="1005" name="P_reg_268">
<pin_list>
<pin id="269" dir="0" index="0" bw="1024" slack="1"/>
<pin id="270" dir="1" index="1" bw="1024" slack="1"/>
</pin_list>
<bind>
<opset="P "/>
</bind>
</comp>

<comp id="273" class="1005" name="P_4_reg_273">
<pin_list>
<pin id="274" dir="0" index="0" bw="1024" slack="1"/>
<pin id="275" dir="1" index="1" bw="1024" slack="1"/>
</pin_list>
<bind>
<opset="P_4 "/>
</bind>
</comp>

</comp_list>

<net_list>
<net id="43"><net_src comp="10" pin="0"/><net_sink comp="40" pin=0"/></net>

<net id="47"><net_src comp="10" pin="0"/><net_sink comp="44" pin=0"/></net>

<net id="51"><net_src comp="10" pin="0"/><net_sink comp="48" pin=0"/></net>

<net id="55"><net_src comp="10" pin="0"/><net_sink comp="52" pin=0"/></net>

<net id="59"><net_src comp="10" pin="0"/><net_sink comp="56" pin=0"/></net>

<net id="63"><net_src comp="10" pin="0"/><net_sink comp="60" pin=0"/></net>

<net id="67"><net_src comp="10" pin="0"/><net_sink comp="64" pin=0"/></net>

<net id="71"><net_src comp="10" pin="0"/><net_sink comp="68" pin=0"/></net>

<net id="75"><net_src comp="10" pin="0"/><net_sink comp="72" pin=0"/></net>

<net id="79"><net_src comp="10" pin="0"/><net_sink comp="76" pin=0"/></net>

<net id="85"><net_src comp="12" pin="0"/><net_sink comp="80" pin=0"/></net>

<net id="86"><net_src comp="0" pin="0"/><net_sink comp="80" pin=1"/></net>

<net id="87"><net_src comp="68" pin="1"/><net_sink comp="80" pin=2"/></net>

<net id="92"><net_src comp="14" pin="0"/><net_sink comp="88" pin=0"/></net>

<net id="93"><net_src comp="64" pin="1"/><net_sink comp="88" pin=1"/></net>

<net id="98"><net_src comp="16" pin="0"/><net_sink comp="94" pin=0"/></net>

<net id="99"><net_src comp="60" pin="1"/><net_sink comp="94" pin=1"/></net>

<net id="106"><net_src comp="18" pin="0"/><net_sink comp="100" pin=0"/></net>

<net id="107"><net_src comp="0" pin="0"/><net_sink comp="100" pin=1"/></net>

<net id="114"><net_src comp="20" pin="0"/><net_sink comp="108" pin=0"/></net>

<net id="115"><net_src comp="6" pin="0"/><net_sink comp="108" pin=3"/></net>

<net id="121"><net_src comp="22" pin="0"/><net_sink comp="116" pin=0"/></net>

<net id="122"><net_src comp="0" pin="0"/><net_sink comp="116" pin=1"/></net>

<net id="130"><net_src comp="24" pin="0"/><net_sink comp="123" pin=0"/></net>

<net id="138"><net_src comp="26" pin="0"/><net_sink comp="131" pin=0"/></net>

<net id="139"><net_src comp="0" pin="0"/><net_sink comp="131" pin=2"/></net>

<net id="145"><net_src comp="28" pin="0"/><net_sink comp="140" pin=0"/></net>

<net id="151"><net_src comp="30" pin="0"/><net_sink comp="146" pin=0"/></net>

<net id="161"><net_src comp="32" pin="0"/><net_sink comp="152" pin=0"/></net>

<net id="162"><net_src comp="2" pin="0"/><net_sink comp="152" pin=2"/></net>

<net id="163"><net_src comp="34" pin="0"/><net_sink comp="152" pin=3"/></net>

<net id="164"><net_src comp="4" pin="0"/><net_sink comp="152" pin=4"/></net>

<net id="165"><net_src comp="34" pin="0"/><net_sink comp="152" pin=5"/></net>

<net id="166"><net_src comp="8" pin="0"/><net_sink comp="152" pin=6"/></net>

<net id="167"><net_src comp="36" pin="0"/><net_sink comp="152" pin=3"/></net>

<net id="168"><net_src comp="36" pin="0"/><net_sink comp="152" pin=5"/></net>

<net id="173"><net_src comp="169" pin="2"/><net_sink comp="140" pin=1"/></net>

<net id="178"><net_src comp="174" pin="2"/><net_sink comp="146" pin=1"/></net>

<net id="182"><net_src comp="179" pin="1"/><net_sink comp="108" pin=2"/></net>

<net id="192"><net_src comp="186" pin="1"/><net_sink comp="189" pin=0"/></net>

<net id="193"><net_src comp="189" pin="1"/><net_sink comp="169" pin=1"/></net>

<net id="197"><net_src comp="183" pin="1"/><net_sink comp="194" pin=0"/></net>

<net id="198"><net_src comp="194" pin="1"/><net_sink comp="169" pin=0"/></net>

<net id="208"><net_src comp="202" pin="1"/><net_sink comp="205" pin=0"/></net>

<net id="209"><net_src comp="205" pin="1"/><net_sink comp="174" pin=1"/></net>

<net id="213"><net_src comp="199" pin="1"/><net_sink comp="210" pin=0"/></net>

<net id="214"><net_src comp="210" pin="1"/><net_sink comp="174" pin=0"/></net>

<net id="218"><net_src comp="40" pin="1"/><net_sink comp="215" pin=0"/></net>

<net id="219"><net_src comp="215" pin="1"/><net_sink comp="131" pin=4"/></net>

<net id="220"><net_src comp="215" pin="1"/><net_sink comp="202" pin=0"/></net>

<net id="224"><net_src comp="44" pin="1"/><net_sink comp="221" pin=0"/></net>

<net id="225"><net_src comp="221" pin="1"/><net_sink comp="131" pin=3"/></net>

<net id="226"><net_src comp="221" pin="1"/><net_sink comp="199" pin=0"/></net>

<net id="230"><net_src comp="48" pin="1"/><net_sink comp="227" pin=0"/></net>

<net id="231"><net_src comp="227" pin="1"/><net_sink comp="123" pin=4"/></net>

<net id="232"><net_src comp="227" pin="1"/><net_sink comp="186" pin=0"/></net>

<net id="236"><net_src comp="52" pin="1"/><net_sink comp="233" pin=0"/></net>

<net id="237"><net_src comp="233" pin="1"/><net_sink comp="123" pin=3"/></net>

<net id="238"><net_src comp="233" pin="1"/><net_sink comp="183" pin=0"/></net>

<net id="242"><net_src comp="56" pin="1"/><net_sink comp="239" pin=0"/></net>

<net id="243"><net_src comp="239" pin="1"/><net_sink comp="100" pin=3"/></net>

<net id="244"><net_src comp="239" pin="1"/><net_sink comp="179" pin=0"/></net>

<net id="251"><net_src comp="189" pin="1"/><net_sink comp="248" pin=0"/></net>

<net id="252"><net_src comp="248" pin="1"/><net_sink comp="169" pin=1"/></net>

<net id="256"><net_src comp="194" pin="1"/><net_sink comp="253" pin=0"/></net>

<net id="257"><net_src comp="253" pin="1"/><net_sink comp="169" pin=0"/></net>

<net id="261"><net_src comp="205" pin="1"/><net_sink comp="258" pin=0"/></net>

<net id="262"><net_src comp="258" pin="1"/><net_sink comp="174" pin=1"/></net>

<net id="266"><net_src comp="210" pin="1"/><net_sink comp="263" pin=0"/></net>

<net id="267"><net_src comp="263" pin="1"/><net_sink comp="174" pin=0"/></net>

<net id="271"><net_src comp="169" pin="2"/><net_sink comp="268" pin=0"/></net>

<net id="272"><net_src comp="268" pin="1"/><net_sink comp="140" pin=1"/></net>

<net id="276"><net_src comp="174" pin="2"/><net_sink comp="273" pin=0"/></net>

<net id="277"><net_src comp="273" pin="1"/><net_sink comp="146" pin=1"/></net>

</net_list>

</model> 
---------------- Datapath Model END ------------------

* FSMD analyzer results:
  - Output states:
	Port: c_0 | {12 13 14 15 }
	Port: c_1 | {12 13 14 15 }
	Port: p503x2_1 | {}
	Port: p503p1_1 | {}
 - Input state : 
	Port: fp2sqr503_mont.41 : coeff | {1 2 3 4 5 6 7 8 }
	Port: fp2sqr503_mont.41 : c_0 | {12 13 14 15 }
	Port: fp2sqr503_mont.41 : c_1 | {12 13 14 15 }
	Port: fp2sqr503_mont.41 : p503x2_1 | {5 6 }
	Port: fp2sqr503_mont.41 : p503p1_1 | {12 13 14 15 }
  - Chain level:
	State 1
		call_ln0 : 1
		call_ln0 : 1
		call_ln0 : 1
	State 2
	State 3
	State 4
	State 5
		call_ln0 : 1
	State 6
	State 7
	State 8
	State 9
		zext_ln225 : 1
		zext_ln225_11 : 1
		P : 2
		zext_ln225_12 : 1
		zext_ln225_13 : 1
		P_4 : 2
	State 10
		call_ln225 : 1
		call_ln225 : 1
	State 11
	State 12
	State 13
	State 14
	State 15


============================================================
+ Verbose Summary: Datapath Resource usage 
============================================================

* Functional unit list:
|----------|-----------------------------------------------------------|---------|---------|---------|---------|
| Operation|                      Functional Unit                      |   DSP   |  Delay  |    FF   |   LUT   |
|----------|-----------------------------------------------------------|---------|---------|---------|---------|
|          |   grp_fp2sqr503_mont_41_Pipeline_VITIS_LOOP_370_1_fu_80   |    0    |  0.774  |    83   |   570   |
|          |           grp_fp2sqr503_mont_41_Pipeline_5_fu_88          |    0    |    0    |    5    |    24   |
|          |           grp_fp2sqr503_mont_41_Pipeline_8_fu_94          |    0    |    0    |    5    |    24   |
|          |   grp_fp2sqr503_mont_41_Pipeline_VITIS_LOOP_57_1_fu_100   |    0    |  0.774  |    83   |   581   |
|          |   grp_fp2sqr503_mont_41_Pipeline_VITIS_LOOP_64_2_fu_108   |    0    |  0.774  |    77   |   697   |
|   call   | grp_fp2sqr503_mont_41_Pipeline_VITIS_LOOP_370_1106_fu_116 |    0    |  0.387  |    77   |   561   |
|          |   grp_fp2sqr503_mont_41_Pipeline_VITIS_LOOP_219_1_fu_123  |    0    |  0.774  |   1037  |   1428  |
|          | grp_fp2sqr503_mont_41_Pipeline_VITIS_LOOP_219_1107_fu_131 |    0    |  0.774  |   1040  |   1428  |
|          |   grp_fp2sqr503_mont_41_Pipeline_VITIS_LOOP_228_2_fu_140  |    0    |    0    |    5    |   297   |
|          | grp_fp2sqr503_mont_41_Pipeline_VITIS_LOOP_228_2108_fu_146 |    0    |    0    |    5    |   297   |
|          |                   grp_rdc_mont_8_fu_152                   |    32   | 8.71114 |   1530  |   4071  |
|----------|-----------------------------------------------------------|---------|---------|---------|---------|
|    mul   |                         grp_fu_169                        |   900   |    0    |   361   |   178   |
|          |                         grp_fu_174                        |   900   |    0    |   361   |   178   |
|----------|-----------------------------------------------------------|---------|---------|---------|---------|
|          |                     zext_ln225_fu_189                     |    0    |    0    |    0    |    0    |
|   zext   |                    zext_ln225_11_fu_194                   |    0    |    0    |    0    |    0    |
|          |                    zext_ln225_12_fu_205                   |    0    |    0    |    0    |    0    |
|          |                    zext_ln225_13_fu_210                   |    0    |    0    |    0    |    0    |
|----------|-----------------------------------------------------------|---------|---------|---------|---------|
|   Total  |                                                           |   1832  | 12.9681 |   4669  |  10334  |
|----------|-----------------------------------------------------------|---------|---------|---------|---------|

Memories:
+------+--------+--------+--------+--------+
|      |  BRAM  |   FF   |   LUT  |  URAM  |
+------+--------+--------+--------+--------+
|  t1  |    0   |   64   |   65   |    0   |
|  t2  |    0   |   64   |   65   |    0   |
|  t3  |    0   |   64   |   65   |    0   |
| temp |    0   |   64   |   65   |    0   |
|temp_7|    0   |   64   |   65   |    0   |
+------+--------+--------+--------+--------+
| Total|    0   |   320  |   325  |    0   |
+------+--------+--------+--------+--------+

* Register list:
+---------------------+--------+
|                     |   FF   |
+---------------------+--------+
|   A_14_loc_reg_215  |   512  |
|   A_1_loc_reg_227   |   512  |
|   B_12_loc_reg_221  |   512  |
|    B_loc_reg_233    |   512  |
|     P_4_reg_273     |  1024  |
|      P_reg_268      |  1024  |
|  borrow_loc_reg_239 |    1   |
|zext_ln225_11_reg_253|  1024  |
|zext_ln225_12_reg_258|  1024  |
|zext_ln225_13_reg_263|  1024  |
|  zext_ln225_reg_248 |  1024  |
+---------------------+--------+
|        Total        |  8193  |
+---------------------+--------+

* Multiplexer (MUX) list: 
|-----------------------------------------------------------|------|------|------|--------||---------||---------||---------|
|                            Comp                           |  Pin | Size |  BW  | S x BW ||  Delay  ||    FF   ||   LUT   |
|-----------------------------------------------------------|------|------|------|--------||---------||---------||---------|
|   grp_fp2sqr503_mont_41_Pipeline_VITIS_LOOP_228_2_fu_140  |  p1  |   2  | 1024 |  2048  ||    0    ||    9    |
| grp_fp2sqr503_mont_41_Pipeline_VITIS_LOOP_228_2108_fu_146 |  p1  |   2  | 1024 |  2048  ||    0    ||    9    |
|                   grp_rdc_mont_8_fu_152                   |  p3  |   2  |   1  |    2   |
|                   grp_rdc_mont_8_fu_152                   |  p5  |   2  |   1  |    2   |
|                         grp_fu_169                        |  p0  |   2  |  512 |  1024  ||    0    ||    9    |
|                         grp_fu_169                        |  p1  |   2  |  512 |  1024  ||    0    ||    9    |
|                         grp_fu_174                        |  p0  |   2  |  512 |  1024  ||    0    ||    9    |
|                         grp_fu_174                        |  p1  |   2  |  512 |  1024  ||    0    ||    9    |
|-----------------------------------------------------------|------|------|------|--------||---------||---------||---------|
|                           Total                           |      |      |      |  8196  ||  3.096  ||    0    ||    54   |
|-----------------------------------------------------------|------|------|------|--------||---------||---------||---------|



* Summary:
+-----------+--------+--------+--------+--------+--------+--------+
|           |  BRAM  |   DSP  |  Delay |   FF   |   LUT  |  URAM  |
+-----------+--------+--------+--------+--------+--------+--------+
|  Function |    -   |  1832  |   12   |  4669  |  10334 |    -   |
|   Memory  |    0   |    -   |    -   |   320  |   325  |    0   |
|Multiplexer|    -   |    -   |    3   |    0   |   54   |    -   |
|  Register |    -   |    -   |    -   |  8193  |    -   |    -   |
+-----------+--------+--------+--------+--------+--------+--------+
|   Total   |    0   |  1832  |   16   |  13182 |  10713 |    0   |
+-----------+--------+--------+--------+--------+--------+--------+
