

================================================================
== Vitis HLS Report for 'fp2sqr503_mont_51_Pipeline_VITIS_LOOP_370_1'
================================================================
* Date:           Wed Sep  3 14:21:22 2025

* Version:        2024.2.2 (Build 6049644 on Mar  5 2025)
* Project:        sikep503_hls
* Solution:       solution1 (Vivado IP Flow Target)
* Product family: virtexuplus58g
* Target device:  xcvu29p-fsga2577-2L-e


================================================================
== Performance Estimates
================================================================
+ Timing: 
    * Summary: 
    +--------+----------+----------+------------+
    |  Clock |  Target  | Estimated| Uncertainty|
    +--------+----------+----------+------------+
    |ap_clk  |  10.00 ns|  3.586 ns|     2.70 ns|
    +--------+----------+----------+------------+

+ Latency: 
    * Summary: 
    +---------+---------+----------+----------+-----+-----+------------------------------------------------+
    |  Latency (cycles) |  Latency (absolute) |  Interval |                    Pipeline                    |
    |   min   |   max   |    min   |    max   | min | max |                      Type                      |
    +---------+---------+----------+----------+-----+-----+------------------------------------------------+
    |       10|       10|  0.100 us|  0.100 us|    9|    9|  loop auto-rewind stp (delay=0 clock cycles(s))|
    +---------+---------+----------+----------+-----+-----+------------------------------------------------+

    + Detail: 
        * Instance: 
        N/A

        * Loop: 
        +--------------------+---------+---------+----------+-----------+-----------+------+----------+
        |                    |  Latency (cycles) | Iteration|  Initiation Interval  | Trip |          |
        |      Loop Name     |   min   |   max   |  Latency |  achieved |   target  | Count| Pipelined|
        +--------------------+---------+---------+----------+-----------+-----------+------+----------+
        |- VITIS_LOOP_370_1  |        8|        8|         2|          1|          1|     8|       yes|
        +--------------------+---------+---------+----------+-----------+-----------+------+----------+

============================================================
+ Verbose Summary: Synthesis Manager
============================================================
InlineROM: 1
ExposeGlobal: 0
============================================================
+ Verbose Summary: CDFG Model
============================================================
IsTopModel: 0
ResetActiveHigh: 1
IsCombinational: 0
IsDatapathOnly: 0
HasWiredReturn: 1
HasMFsm: 2
HasVarLatency: 1
IsPipeline: 0
IsRtlPipelined: 0
IsInstanceOverlapped: 0
IsDontTouch: 0
HasImplIP: 0
IsGatedGlobalClock: 0

+ Individual pipeline summary: 
  * Pipeline-0: initiation interval (II) = 1, depth = 2


============================================================
+ Verbose Summary: Schedule
============================================================
* Number of FSM states : 2
* Pipeline : 1
  Pipeline-0 : II = 1, D = 2, States = { 1 2 }
* Dataflow Pipeline: 0

* FSM state transitions: 
1 --> 2 
2 --> 

* FSM state operations: 

State 1 <SV = 0> <Delay = 1.48>
ST_1 : Operation 5 [1/1] (0.00ns)   --->   "%i = alloca i32 1" [src/fpx.cpp:368->src/fpx.cpp:126->src/fpx.cpp:141]   --->   Operation 5 'alloca' 'i' <Predicate = true> <Delay = 0.00>
ST_1 : Operation 6 [1/1] (0.00ns)   --->   "%t1_21 = alloca i32 1" [src/fpx.cpp:373->src/fpx.cpp:126->src/fpx.cpp:141]   --->   Operation 6 'alloca' 't1_21' <Predicate = true> <Delay = 0.00>
ST_1 : Operation 7 [1/1] (0.00ns)   --->   "%t1_20 = alloca i32 1" [src/fpx.cpp:373->src/fpx.cpp:126->src/fpx.cpp:141]   --->   Operation 7 'alloca' 't1_20' <Predicate = true> <Delay = 0.00>
ST_1 : Operation 8 [1/1] (0.00ns)   --->   "%t1_19 = alloca i32 1" [src/fpx.cpp:373->src/fpx.cpp:126->src/fpx.cpp:141]   --->   Operation 8 'alloca' 't1_19' <Predicate = true> <Delay = 0.00>
ST_1 : Operation 9 [1/1] (0.00ns)   --->   "%t1_18 = alloca i32 1" [src/fpx.cpp:373->src/fpx.cpp:126->src/fpx.cpp:141]   --->   Operation 9 'alloca' 't1_18' <Predicate = true> <Delay = 0.00>
ST_1 : Operation 10 [1/1] (0.00ns)   --->   "%t1_17 = alloca i32 1" [src/fpx.cpp:373->src/fpx.cpp:126->src/fpx.cpp:141]   --->   Operation 10 'alloca' 't1_17' <Predicate = true> <Delay = 0.00>
ST_1 : Operation 11 [1/1] (0.00ns)   --->   "%t1_16 = alloca i32 1" [src/fpx.cpp:373->src/fpx.cpp:126->src/fpx.cpp:141]   --->   Operation 11 'alloca' 't1_16' <Predicate = true> <Delay = 0.00>
ST_1 : Operation 12 [1/1] (0.00ns)   --->   "%t1_15 = alloca i32 1" [src/fpx.cpp:373->src/fpx.cpp:126->src/fpx.cpp:141]   --->   Operation 12 'alloca' 't1_15' <Predicate = true> <Delay = 0.00>
ST_1 : Operation 13 [1/1] (0.00ns)   --->   "%t1 = alloca i32 1" [src/fpx.cpp:373->src/fpx.cpp:126->src/fpx.cpp:141]   --->   Operation 13 'alloca' 't1' <Predicate = true> <Delay = 0.00>
ST_1 : Operation 14 [1/1] (0.00ns)   --->   "%specbramwithbyteenable_ln0 = specbramwithbyteenable void @_ssdm_op_SpecBRAMWithByteEnable, i64 %coeff"   --->   Operation 14 'specbramwithbyteenable' 'specbramwithbyteenable_ln0' <Predicate = true> <Delay = 0.00>
ST_1 : Operation 15 [1/1] (0.38ns)   --->   "%store_ln368 = store i4 0, i4 %i" [src/fpx.cpp:368->src/fpx.cpp:126->src/fpx.cpp:141]   --->   Operation 15 'store' 'store_ln368' <Predicate = true> <Delay = 0.38>
ST_1 : Operation 16 [1/1] (0.38ns)   --->   "%br_ln0 = br void %for.inc.i.i"   --->   Operation 16 'br' 'br_ln0' <Predicate = true> <Delay = 0.38>
ST_1 : Operation 17 [1/1] (0.00ns)   --->   "%carry = phi i1 0, void %newFuncRoot, i1 %tmp, void %arrayidx5.i.i49.exit" [src/fpx.cpp:370->src/fpx.cpp:126->src/fpx.cpp:141]   --->   Operation 17 'phi' 'carry' <Predicate = true> <Delay = 0.00>
ST_1 : Operation 18 [1/1] (0.00ns)   --->   "%i_273 = load i4 %i" [src/fpx.cpp:373->src/fpx.cpp:126->src/fpx.cpp:141]   --->   Operation 18 'load' 'i_273' <Predicate = true> <Delay = 0.00>
ST_1 : Operation 19 [1/1] (0.70ns)   --->   "%icmp_ln370 = icmp_eq  i4 %i_273, i4 8" [src/fpx.cpp:370->src/fpx.cpp:126->src/fpx.cpp:141]   --->   Operation 19 'icmp' 'icmp_ln370' <Predicate = true> <Delay = 0.70> <CoreInst = "Cmp">   --->   Core 9 'Cmp' <Latency = 0> <II = 1> <Delay = 0.70> <FuncUnit> <Opcode : 'seteq' 'setne' 'setle' 'setge' 'setlt' 'setgt'> <InPorts = 2> <OutPorts = 1>
ST_1 : Operation 20 [1/1] (0.00ns)   --->   "%speclooptripcount_ln0 = speclooptripcount void @_ssdm_op_SpecLoopTripCount, i64 8, i64 8, i64 8"   --->   Operation 20 'speclooptripcount' 'speclooptripcount_ln0' <Predicate = true> <Delay = 0.00>
ST_1 : Operation 21 [1/1] (0.70ns)   --->   "%add_ln370 = add i4 %i_273, i4 1" [src/fpx.cpp:370->src/fpx.cpp:126->src/fpx.cpp:141]   --->   Operation 21 'add' 'add_ln370' <Predicate = true> <Delay = 0.70> <CoreInst = "Adder">   --->   Core 1 'Adder' <Latency = 0> <II = 1> <Delay = 0.70> <FuncUnit> <Opcode : 'add' 'sub'> <InPorts = 2> <OutPorts = 1>
ST_1 : Operation 22 [1/1] (0.00ns)   --->   "%br_ln370 = br i1 %icmp_ln370, void %for.inc.i.i.split, void %for.inc.i.preheader.exitStub" [src/fpx.cpp:370->src/fpx.cpp:126->src/fpx.cpp:141]   --->   Operation 22 'br' 'br_ln370' <Predicate = true> <Delay = 0.00>
ST_1 : Operation 23 [1/1] (0.00ns)   --->   "%zext_ln373_6 = zext i4 %i_273" [src/fpx.cpp:373->src/fpx.cpp:126->src/fpx.cpp:141]   --->   Operation 23 'zext' 'zext_ln373_6' <Predicate = (!icmp_ln370)> <Delay = 0.00>
ST_1 : Operation 24 [1/1] (0.00ns)   --->   "%trunc_ln373 = trunc i4 %i_273" [src/fpx.cpp:373->src/fpx.cpp:126->src/fpx.cpp:141]   --->   Operation 24 'trunc' 'trunc_ln373' <Predicate = (!icmp_ln370)> <Delay = 0.00>
ST_1 : Operation 25 [1/1] (0.00ns)   --->   "%coeff_addr = getelementptr i64 %coeff, i64 0, i64 %zext_ln373_6" [src/fpx.cpp:373->src/fpx.cpp:126->src/fpx.cpp:141]   --->   Operation 25 'getelementptr' 'coeff_addr' <Predicate = (!icmp_ln370)> <Delay = 0.00>
ST_1 : Operation 26 [2/2] (0.71ns)   --->   "%coeff_load = load i6 %coeff_addr" [src/fpx.cpp:373->src/fpx.cpp:126->src/fpx.cpp:141]   --->   Operation 26 'load' 'coeff_load' <Predicate = (!icmp_ln370)> <Delay = 0.71> <CoreInst = "RAM">   --->   Core 82 'RAM' <Latency = 1> <II = 1> <Delay = 0.71> <Storage> <Opcode : 'load' 'store'> <Ports = 2> <Width = 64> <Depth = 48> <RAM>
ST_1 : Operation 27 [1/1] (0.00ns)   --->   "%zext_ln373_7 = bitconcatenate i4 @_ssdm_op_BitConcatenate.i4.i1.i3, i1 1, i3 %trunc_ln373" [src/fpx.cpp:373->src/fpx.cpp:126->src/fpx.cpp:141]   --->   Operation 27 'bitconcatenate' 'zext_ln373_7' <Predicate = (!icmp_ln370)> <Delay = 0.00>
ST_1 : Operation 28 [1/1] (0.00ns)   --->   "%zext_ln373_8 = zext i4 %zext_ln373_7" [src/fpx.cpp:373->src/fpx.cpp:126->src/fpx.cpp:141]   --->   Operation 28 'zext' 'zext_ln373_8' <Predicate = (!icmp_ln370)> <Delay = 0.00>
ST_1 : Operation 29 [1/1] (0.00ns)   --->   "%coeff_addr_16 = getelementptr i64 %coeff, i64 0, i64 %zext_ln373_8" [src/fpx.cpp:373->src/fpx.cpp:126->src/fpx.cpp:141]   --->   Operation 29 'getelementptr' 'coeff_addr_16' <Predicate = (!icmp_ln370)> <Delay = 0.00>
ST_1 : Operation 30 [2/2] (0.71ns)   --->   "%coeff_load_2 = load i6 %coeff_addr_16" [src/fpx.cpp:373->src/fpx.cpp:126->src/fpx.cpp:141]   --->   Operation 30 'load' 'coeff_load_2' <Predicate = (!icmp_ln370)> <Delay = 0.71> <CoreInst = "RAM">   --->   Core 82 'RAM' <Latency = 1> <II = 1> <Delay = 0.71> <Storage> <Opcode : 'load' 'store'> <Ports = 2> <Width = 64> <Depth = 48> <RAM>
ST_1 : Operation 31 [1/1] (0.57ns)   --->   "%switch_ln373 = switch i3 %trunc_ln373, void %arrayidx5.i.i49.case.7, i3 0, void %for.inc.i.i.split.arrayidx5.i.i49.exit_crit_edge, i3 1, void %arrayidx5.i.i49.case.1, i3 2, void %arrayidx5.i.i49.case.2, i3 3, void %arrayidx5.i.i49.case.3, i3 4, void %arrayidx5.i.i49.case.4, i3 5, void %arrayidx5.i.i49.case.5, i3 6, void %arrayidx5.i.i49.case.6" [src/fpx.cpp:373->src/fpx.cpp:126->src/fpx.cpp:141]   --->   Operation 31 'switch' 'switch_ln373' <Predicate = (!icmp_ln370)> <Delay = 0.57>
ST_1 : Operation 32 [1/1] (0.38ns)   --->   "%store_ln368 = store i4 %add_ln370, i4 %i" [src/fpx.cpp:368->src/fpx.cpp:126->src/fpx.cpp:141]   --->   Operation 32 'store' 'store_ln368' <Predicate = (!icmp_ln370)> <Delay = 0.38>
ST_1 : Operation 68 [1/1] (0.00ns)   --->   "%t1_21_load = load i64 %t1_21"   --->   Operation 68 'load' 't1_21_load' <Predicate = (icmp_ln370)> <Delay = 0.00>
ST_1 : Operation 69 [1/1] (0.00ns)   --->   "%t1_20_load = load i64 %t1_20"   --->   Operation 69 'load' 't1_20_load' <Predicate = (icmp_ln370)> <Delay = 0.00>
ST_1 : Operation 70 [1/1] (0.00ns)   --->   "%t1_19_load = load i64 %t1_19"   --->   Operation 70 'load' 't1_19_load' <Predicate = (icmp_ln370)> <Delay = 0.00>
ST_1 : Operation 71 [1/1] (0.00ns)   --->   "%t1_18_load = load i64 %t1_18"   --->   Operation 71 'load' 't1_18_load' <Predicate = (icmp_ln370)> <Delay = 0.00>
ST_1 : Operation 72 [1/1] (0.00ns)   --->   "%t1_17_load = load i64 %t1_17"   --->   Operation 72 'load' 't1_17_load' <Predicate = (icmp_ln370)> <Delay = 0.00>
ST_1 : Operation 73 [1/1] (0.00ns)   --->   "%t1_16_load = load i64 %t1_16"   --->   Operation 73 'load' 't1_16_load' <Predicate = (icmp_ln370)> <Delay = 0.00>
ST_1 : Operation 74 [1/1] (0.00ns)   --->   "%t1_15_load = load i64 %t1_15"   --->   Operation 74 'load' 't1_15_load' <Predicate = (icmp_ln370)> <Delay = 0.00>
ST_1 : Operation 75 [1/1] (0.00ns)   --->   "%t1_load = load i64 %t1"   --->   Operation 75 'load' 't1_load' <Predicate = (icmp_ln370)> <Delay = 0.00>
ST_1 : Operation 76 [1/1] (0.00ns)   --->   "%write_ln0 = write void @_ssdm_op_Write.ap_auto.i64P0A, i64 %t1_out, i64 %t1_load"   --->   Operation 76 'write' 'write_ln0' <Predicate = (icmp_ln370)> <Delay = 0.00>
ST_1 : Operation 77 [1/1] (0.00ns)   --->   "%write_ln0 = write void @_ssdm_op_Write.ap_auto.i64P0A, i64 %t1_15_out, i64 %t1_15_load"   --->   Operation 77 'write' 'write_ln0' <Predicate = (icmp_ln370)> <Delay = 0.00>
ST_1 : Operation 78 [1/1] (0.00ns)   --->   "%write_ln0 = write void @_ssdm_op_Write.ap_auto.i64P0A, i64 %t1_16_out, i64 %t1_16_load"   --->   Operation 78 'write' 'write_ln0' <Predicate = (icmp_ln370)> <Delay = 0.00>
ST_1 : Operation 79 [1/1] (0.00ns)   --->   "%write_ln0 = write void @_ssdm_op_Write.ap_auto.i64P0A, i64 %t1_17_out, i64 %t1_17_load"   --->   Operation 79 'write' 'write_ln0' <Predicate = (icmp_ln370)> <Delay = 0.00>
ST_1 : Operation 80 [1/1] (0.00ns)   --->   "%write_ln0 = write void @_ssdm_op_Write.ap_auto.i64P0A, i64 %t1_18_out, i64 %t1_18_load"   --->   Operation 80 'write' 'write_ln0' <Predicate = (icmp_ln370)> <Delay = 0.00>
ST_1 : Operation 81 [1/1] (0.00ns)   --->   "%write_ln0 = write void @_ssdm_op_Write.ap_auto.i64P0A, i64 %t1_19_out, i64 %t1_19_load"   --->   Operation 81 'write' 'write_ln0' <Predicate = (icmp_ln370)> <Delay = 0.00>
ST_1 : Operation 82 [1/1] (0.00ns)   --->   "%write_ln0 = write void @_ssdm_op_Write.ap_auto.i64P0A, i64 %t1_20_out, i64 %t1_20_load"   --->   Operation 82 'write' 'write_ln0' <Predicate = (icmp_ln370)> <Delay = 0.00>
ST_1 : Operation 83 [1/1] (0.00ns)   --->   "%write_ln0 = write void @_ssdm_op_Write.ap_auto.i64P0A, i64 %t1_21_out, i64 %t1_21_load"   --->   Operation 83 'write' 'write_ln0' <Predicate = (icmp_ln370)> <Delay = 0.00>
ST_1 : Operation 84 [1/1] (0.38ns)   --->   "%ret_ln0 = ret"   --->   Operation 84 'ret' 'ret_ln0' <Predicate = (icmp_ln370)> <Delay = 0.38>

State 2 <SV = 1> <Delay = 3.58>
ST_2 : Operation 33 [1/1] (0.00ns)   --->   "%specpipeline_ln368 = specpipeline void @_ssdm_op_SpecPipeline, i32 4294967295, i32 0, i32 0, i32 0, void @empty_15" [src/fpx.cpp:368->src/fpx.cpp:126->src/fpx.cpp:141]   --->   Operation 33 'specpipeline' 'specpipeline_ln368' <Predicate = (!icmp_ln370)> <Delay = 0.00>
ST_2 : Operation 34 [1/1] (0.00ns)   --->   "%specloopname_ln370 = specloopname void @_ssdm_op_SpecLoopName, void @empty_39" [src/fpx.cpp:370->src/fpx.cpp:126->src/fpx.cpp:141]   --->   Operation 34 'specloopname' 'specloopname_ln370' <Predicate = (!icmp_ln370)> <Delay = 0.00>
ST_2 : Operation 35 [1/2] ( I:0.71ns O:0.71ns )   --->   "%coeff_load = load i6 %coeff_addr" [src/fpx.cpp:373->src/fpx.cpp:126->src/fpx.cpp:141]   --->   Operation 35 'load' 'coeff_load' <Predicate = (!icmp_ln370)> <Delay = 0.71> <CoreInst = "RAM">   --->   Core 82 'RAM' <Latency = 1> <II = 1> <Delay = 0.71> <Storage> <Opcode : 'load' 'store'> <Ports = 2> <Width = 64> <Depth = 48> <RAM>
ST_2 : Operation 36 [1/1] (0.00ns)   --->   "%zext_ln373 = zext i1 %carry" [src/fpx.cpp:373->src/fpx.cpp:126->src/fpx.cpp:141]   --->   Operation 36 'zext' 'zext_ln373' <Predicate = (!icmp_ln370)> <Delay = 0.00>
ST_2 : Operation 37 [1/1] (1.14ns)   --->   "%tempReg = add i64 %coeff_load, i64 %zext_ln373" [src/fpx.cpp:373->src/fpx.cpp:126->src/fpx.cpp:141]   --->   Operation 37 'add' 'tempReg' <Predicate = (!icmp_ln370)> <Delay = 1.14> <CoreInst = "Adder">   --->   Core 1 'Adder' <Latency = 0> <II = 1> <Delay = 1.14> <FuncUnit> <Opcode : 'add' 'sub'> <InPorts = 2> <OutPorts = 1>
ST_2 : Operation 38 [1/2] ( I:0.71ns O:0.71ns )   --->   "%coeff_load_2 = load i6 %coeff_addr_16" [src/fpx.cpp:373->src/fpx.cpp:126->src/fpx.cpp:141]   --->   Operation 38 'load' 'coeff_load_2' <Predicate = (!icmp_ln370)> <Delay = 0.71> <CoreInst = "RAM">   --->   Core 82 'RAM' <Latency = 1> <II = 1> <Delay = 0.71> <Storage> <Opcode : 'load' 'store'> <Ports = 2> <Width = 64> <Depth = 48> <RAM>
ST_2 : Operation 39 [1/1] (1.14ns)   --->   "%add_ln373 = add i64 %coeff_load_2, i64 %tempReg" [src/fpx.cpp:373->src/fpx.cpp:126->src/fpx.cpp:141]   --->   Operation 39 'add' 'add_ln373' <Predicate = (!icmp_ln370)> <Delay = 1.14> <CoreInst = "Adder">   --->   Core 1 'Adder' <Latency = 0> <II = 1> <Delay = 1.14> <FuncUnit> <Opcode : 'add' 'sub'> <InPorts = 2> <OutPorts = 1>
ST_2 : Operation 40 [1/1] (0.00ns)   --->   "%store_ln373 = store i64 %add_ln373, i64 %t1_21" [src/fpx.cpp:373->src/fpx.cpp:126->src/fpx.cpp:141]   --->   Operation 40 'store' 'store_ln373' <Predicate = (trunc_ln373 == 6)> <Delay = 0.00>
ST_2 : Operation 41 [1/1] (0.00ns)   --->   "%br_ln373 = br void %arrayidx5.i.i49.exit" [src/fpx.cpp:373->src/fpx.cpp:126->src/fpx.cpp:141]   --->   Operation 41 'br' 'br_ln373' <Predicate = (trunc_ln373 == 6)> <Delay = 0.00>
ST_2 : Operation 42 [1/1] (0.00ns)   --->   "%store_ln373 = store i64 %add_ln373, i64 %t1_20" [src/fpx.cpp:373->src/fpx.cpp:126->src/fpx.cpp:141]   --->   Operation 42 'store' 'store_ln373' <Predicate = (trunc_ln373 == 5)> <Delay = 0.00>
ST_2 : Operation 43 [1/1] (0.00ns)   --->   "%br_ln373 = br void %arrayidx5.i.i49.exit" [src/fpx.cpp:373->src/fpx.cpp:126->src/fpx.cpp:141]   --->   Operation 43 'br' 'br_ln373' <Predicate = (trunc_ln373 == 5)> <Delay = 0.00>
ST_2 : Operation 44 [1/1] (0.00ns)   --->   "%store_ln373 = store i64 %add_ln373, i64 %t1_19" [src/fpx.cpp:373->src/fpx.cpp:126->src/fpx.cpp:141]   --->   Operation 44 'store' 'store_ln373' <Predicate = (trunc_ln373 == 4)> <Delay = 0.00>
ST_2 : Operation 45 [1/1] (0.00ns)   --->   "%br_ln373 = br void %arrayidx5.i.i49.exit" [src/fpx.cpp:373->src/fpx.cpp:126->src/fpx.cpp:141]   --->   Operation 45 'br' 'br_ln373' <Predicate = (trunc_ln373 == 4)> <Delay = 0.00>
ST_2 : Operation 46 [1/1] (0.00ns)   --->   "%store_ln373 = store i64 %add_ln373, i64 %t1_18" [src/fpx.cpp:373->src/fpx.cpp:126->src/fpx.cpp:141]   --->   Operation 46 'store' 'store_ln373' <Predicate = (trunc_ln373 == 3)> <Delay = 0.00>
ST_2 : Operation 47 [1/1] (0.00ns)   --->   "%br_ln373 = br void %arrayidx5.i.i49.exit" [src/fpx.cpp:373->src/fpx.cpp:126->src/fpx.cpp:141]   --->   Operation 47 'br' 'br_ln373' <Predicate = (trunc_ln373 == 3)> <Delay = 0.00>
ST_2 : Operation 48 [1/1] (0.00ns)   --->   "%store_ln373 = store i64 %add_ln373, i64 %t1_17" [src/fpx.cpp:373->src/fpx.cpp:126->src/fpx.cpp:141]   --->   Operation 48 'store' 'store_ln373' <Predicate = (trunc_ln373 == 2)> <Delay = 0.00>
ST_2 : Operation 49 [1/1] (0.00ns)   --->   "%br_ln373 = br void %arrayidx5.i.i49.exit" [src/fpx.cpp:373->src/fpx.cpp:126->src/fpx.cpp:141]   --->   Operation 49 'br' 'br_ln373' <Predicate = (trunc_ln373 == 2)> <Delay = 0.00>
ST_2 : Operation 50 [1/1] (0.00ns)   --->   "%store_ln373 = store i64 %add_ln373, i64 %t1_16" [src/fpx.cpp:373->src/fpx.cpp:126->src/fpx.cpp:141]   --->   Operation 50 'store' 'store_ln373' <Predicate = (trunc_ln373 == 1)> <Delay = 0.00>
ST_2 : Operation 51 [1/1] (0.00ns)   --->   "%br_ln373 = br void %arrayidx5.i.i49.exit" [src/fpx.cpp:373->src/fpx.cpp:126->src/fpx.cpp:141]   --->   Operation 51 'br' 'br_ln373' <Predicate = (trunc_ln373 == 1)> <Delay = 0.00>
ST_2 : Operation 52 [1/1] (0.00ns)   --->   "%store_ln373 = store i64 %add_ln373, i64 %t1_15" [src/fpx.cpp:373->src/fpx.cpp:126->src/fpx.cpp:141]   --->   Operation 52 'store' 'store_ln373' <Predicate = (trunc_ln373 == 0)> <Delay = 0.00>
ST_2 : Operation 53 [1/1] (0.00ns)   --->   "%br_ln373 = br void %arrayidx5.i.i49.exit" [src/fpx.cpp:373->src/fpx.cpp:126->src/fpx.cpp:141]   --->   Operation 53 'br' 'br_ln373' <Predicate = (trunc_ln373 == 0)> <Delay = 0.00>
ST_2 : Operation 54 [1/1] (0.00ns)   --->   "%store_ln373 = store i64 %add_ln373, i64 %t1" [src/fpx.cpp:373->src/fpx.cpp:126->src/fpx.cpp:141]   --->   Operation 54 'store' 'store_ln373' <Predicate = (trunc_ln373 == 7)> <Delay = 0.00>
ST_2 : Operation 55 [1/1] (0.00ns)   --->   "%br_ln373 = br void %arrayidx5.i.i49.exit" [src/fpx.cpp:373->src/fpx.cpp:126->src/fpx.cpp:141]   --->   Operation 55 'br' 'br_ln373' <Predicate = (trunc_ln373 == 7)> <Delay = 0.00>
ST_2 : Operation 56 [1/1] (0.00ns) (grouped into LUT with out node xor_ln373_17)   --->   "%xor_ln373 = xor i64 %add_ln373, i64 %tempReg" [src/fpx.cpp:373->src/fpx.cpp:126->src/fpx.cpp:141]   --->   Operation 56 'xor' 'xor_ln373' <Predicate = (!icmp_ln370)> <Delay = 0.00> <CoreInst = "LogicGate">   --->   Core 74 'LogicGate' <Latency = 0> <II = 1> <Delay = 0.28> <FuncUnit> <Opcode : 'and' 'or' 'xor'> <InPorts = 2> <OutPorts = 1>
ST_2 : Operation 57 [1/1] (0.00ns) (grouped into LUT with out node xor_ln373_17)   --->   "%xor_ln373_15 = xor i64 %coeff_load_2, i64 %tempReg" [src/fpx.cpp:373->src/fpx.cpp:126->src/fpx.cpp:141]   --->   Operation 57 'xor' 'xor_ln373_15' <Predicate = (!icmp_ln370)> <Delay = 0.00> <CoreInst = "LogicGate">   --->   Core 74 'LogicGate' <Latency = 0> <II = 1> <Delay = 0.28> <FuncUnit> <Opcode : 'and' 'or' 'xor'> <InPorts = 2> <OutPorts = 1>
ST_2 : Operation 58 [1/1] (0.00ns) (grouped into LUT with out node xor_ln373_17)   --->   "%or_ln373 = or i64 %xor_ln373, i64 %xor_ln373_15" [src/fpx.cpp:373->src/fpx.cpp:126->src/fpx.cpp:141]   --->   Operation 58 'or' 'or_ln373' <Predicate = (!icmp_ln370)> <Delay = 0.00> <CoreInst = "LogicGate">   --->   Core 74 'LogicGate' <Latency = 0> <II = 1> <Delay = 0.28> <FuncUnit> <Opcode : 'and' 'or' 'xor'> <InPorts = 2> <OutPorts = 1>
ST_2 : Operation 59 [1/1] (0.00ns) (grouped into LUT with out node or_ln373_6)   --->   "%bit_sel = bitselect i1 @_ssdm_op_BitSelect.i1.i64.i64, i64 %tempReg, i64 63" [src/fpx.cpp:373->src/fpx.cpp:126->src/fpx.cpp:141]   --->   Operation 59 'bitselect' 'bit_sel' <Predicate = (!icmp_ln370)> <Delay = 0.00>
ST_2 : Operation 60 [1/1] (0.00ns) (grouped into LUT with out node or_ln373_6)   --->   "%xor_ln373_16 = xor i1 %bit_sel, i1 1" [src/fpx.cpp:373->src/fpx.cpp:126->src/fpx.cpp:141]   --->   Operation 60 'xor' 'xor_ln373_16' <Predicate = (!icmp_ln370)> <Delay = 0.00> <CoreInst = "LogicGate">   --->   Core 74 'LogicGate' <Latency = 0> <II = 1> <Delay = 0.12> <FuncUnit> <Opcode : 'and' 'or' 'xor'> <InPorts = 2> <OutPorts = 1>
ST_2 : Operation 61 [1/1] (0.00ns) (grouped into LUT with out node or_ln373_6)   --->   "%trunc_ln373_8 = trunc i64 %tempReg" [src/fpx.cpp:373->src/fpx.cpp:126->src/fpx.cpp:141]   --->   Operation 61 'trunc' 'trunc_ln373_8' <Predicate = (!icmp_ln370)> <Delay = 0.00>
ST_2 : Operation 62 [1/1] (0.00ns) (grouped into LUT with out node or_ln373_6)   --->   "%xor_ln373_s = bitconcatenate i64 @_ssdm_op_BitConcatenate.i64.i1.i63, i1 %xor_ln373_16, i63 %trunc_ln373_8" [src/fpx.cpp:373->src/fpx.cpp:126->src/fpx.cpp:141]   --->   Operation 62 'bitconcatenate' 'xor_ln373_s' <Predicate = (!icmp_ln370)> <Delay = 0.00>
ST_2 : Operation 63 [1/1] (0.00ns) (grouped into LUT with out node or_ln373_6)   --->   "%and_ln373 = and i64 %coeff_load, i64 %xor_ln373_s" [src/fpx.cpp:373->src/fpx.cpp:126->src/fpx.cpp:141]   --->   Operation 63 'and' 'and_ln373' <Predicate = (!icmp_ln370)> <Delay = 0.00> <CoreInst = "LogicGate">   --->   Core 74 'LogicGate' <Latency = 0> <II = 1> <Delay = 0.28> <FuncUnit> <Opcode : 'and' 'or' 'xor'> <InPorts = 2> <OutPorts = 1>
ST_2 : Operation 64 [1/1] (0.28ns) (out node of the LUT)   --->   "%xor_ln373_17 = xor i64 %or_ln373, i64 %add_ln373" [src/fpx.cpp:373->src/fpx.cpp:126->src/fpx.cpp:141]   --->   Operation 64 'xor' 'xor_ln373_17' <Predicate = (!icmp_ln370)> <Delay = 0.28> <CoreInst = "LogicGate">   --->   Core 74 'LogicGate' <Latency = 0> <II = 1> <Delay = 0.28> <FuncUnit> <Opcode : 'and' 'or' 'xor'> <InPorts = 2> <OutPorts = 1>
ST_2 : Operation 65 [1/1] (0.28ns) (out node of the LUT)   --->   "%or_ln373_6 = or i64 %xor_ln373_17, i64 %and_ln373" [src/fpx.cpp:373->src/fpx.cpp:126->src/fpx.cpp:141]   --->   Operation 65 'or' 'or_ln373_6' <Predicate = (!icmp_ln370)> <Delay = 0.28> <CoreInst = "LogicGate">   --->   Core 74 'LogicGate' <Latency = 0> <II = 1> <Delay = 0.28> <FuncUnit> <Opcode : 'and' 'or' 'xor'> <InPorts = 2> <OutPorts = 1>
ST_2 : Operation 66 [1/1] (0.00ns)   --->   "%tmp = bitselect i1 @_ssdm_op_BitSelect.i1.i64.i32, i64 %or_ln373_6, i32 63" [src/fpx.cpp:370->src/fpx.cpp:126->src/fpx.cpp:141]   --->   Operation 66 'bitselect' 'tmp' <Predicate = (!icmp_ln370)> <Delay = 0.00>
ST_2 : Operation 67 [1/1] (0.00ns)   --->   "%br_ln370 = br void %for.inc.i.i" [src/fpx.cpp:370->src/fpx.cpp:126->src/fpx.cpp:141]   --->   Operation 67 'br' 'br_ln370' <Predicate = (!icmp_ln370)> <Delay = 0.00>


============================================================
+ Verbose Summary: Timing violations
============================================================
Target clock period: 10.000ns, clock uncertainty: 2.700ns.

 <State 1>: 1.482ns
The critical path consists of the following:
	'store' operation 0 bit ('store_ln368', src/fpx.cpp:368->src/fpx.cpp:126->src/fpx.cpp:141) of constant 0 on local variable 'i', src/fpx.cpp:368->src/fpx.cpp:126->src/fpx.cpp:141 [20]  (0.387 ns)
	'load' operation 4 bit ('i', src/fpx.cpp:373->src/fpx.cpp:126->src/fpx.cpp:141) on local variable 'i', src/fpx.cpp:368->src/fpx.cpp:126->src/fpx.cpp:141 [24]  (0.000 ns)
	'add' operation 4 bit ('add_ln370', src/fpx.cpp:370->src/fpx.cpp:126->src/fpx.cpp:141) [27]  (0.708 ns)
	'store' operation 0 bit ('store_ln368', src/fpx.cpp:368->src/fpx.cpp:126->src/fpx.cpp:141) of variable 'add_ln370', src/fpx.cpp:370->src/fpx.cpp:126->src/fpx.cpp:141 on local variable 'i', src/fpx.cpp:368->src/fpx.cpp:126->src/fpx.cpp:141 [80]  (0.387 ns)

 <State 2>: 3.586ns
The critical path consists of the following:
	'load' operation 64 bit ('coeff_load', src/fpx.cpp:373->src/fpx.cpp:126->src/fpx.cpp:141) on array 'coeff' [35]  (0.714 ns)
	'add' operation 64 bit ('tempReg', src/fpx.cpp:373->src/fpx.cpp:126->src/fpx.cpp:141) [37]  (1.147 ns)
	'add' operation 64 bit ('add_ln373', src/fpx.cpp:373->src/fpx.cpp:126->src/fpx.cpp:141) [42]  (1.147 ns)
	'xor' operation 64 bit ('xor_ln373_17', src/fpx.cpp:373->src/fpx.cpp:126->src/fpx.cpp:141) [77]  (0.289 ns)
	'or' operation 64 bit ('or_ln373_6', src/fpx.cpp:373->src/fpx.cpp:126->src/fpx.cpp:141) [78]  (0.289 ns)


============================================================
+ Verbose Summary: Binding
============================================================
N/A
* FSMD analyzer results:
  - Output states:
 - Input state : 
  - Chain level:
	State 1
	State 2


============================================================
+ Verbose Summary: Datapath Resource usage 
============================================================
N/A
