

================================================================
== Vitis HLS Report for 'fpadd503_6'
================================================================
* Date:           Wed Sep  3 14:25:16 2025

* Version:        2024.2.2 (Build 6049644 on Mar  5 2025)
* Project:        sikep503_hls
* Solution:       solution1 (Vivado IP Flow Target)
* Product family: virtexuplus58g
* Target device:  xcvu29p-fsga2577-2L-e


================================================================
== Performance Estimates
================================================================
+ Timing: 
    * Summary: 
    +--------+----------+----------+------------+
    |  Clock |  Target  | Estimated| Uncertainty|
    +--------+----------+----------+------------+
    |ap_clk  |  10.00 ns|  3.684 ns|     2.70 ns|
    +--------+----------+----------+------------+

+ Latency: 
    * Summary: 
    +---------+---------+----------+----------+-----+-----+---------+
    |  Latency (cycles) |  Latency (absolute) |  Interval | Pipeline|
    |   min   |   max   |    min   |    max   | min | max |   Type  |
    +---------+---------+----------+----------+-----+-----+---------+
    |       36|       36|  0.360 us|  0.360 us|   36|   36|       no|
    +---------+---------+----------+----------+-----+-----+---------+

    + Detail: 
        * Instance: 
        +------------------------------------------------+-------------------------------------+---------+---------+----------+----------+-----+-----+------------------------------------------------+
        |                                                |                                     |  Latency (cycles) |  Latency (absolute) |  Interval |                    Pipeline                    |
        |                    Instance                    |                Module               |   min   |   max   |    min   |    max   | min | max |                      Type                      |
        +------------------------------------------------+-------------------------------------+---------+---------+----------+----------+-----+-----+------------------------------------------------+
        |grp_fpadd503_6_Pipeline_VITIS_LOOP_33_1_fu_178  |fpadd503_6_Pipeline_VITIS_LOOP_33_1  |       10|       10|  0.100 us|  0.100 us|    9|    9|  loop auto-rewind stp (delay=0 clock cycles(s))|
        |grp_fpadd503_6_Pipeline_VITIS_LOOP_39_2_fu_206  |fpadd503_6_Pipeline_VITIS_LOOP_39_2  |       10|       10|  0.100 us|  0.100 us|    9|    9|  loop auto-rewind stp (delay=0 clock cycles(s))|
        |grp_fpadd503_6_Pipeline_VITIS_LOOP_46_3_fu_229  |fpadd503_6_Pipeline_VITIS_LOOP_46_3  |       10|       10|  0.100 us|  0.100 us|    9|    9|  loop auto-rewind stp (delay=0 clock cycles(s))|
        +------------------------------------------------+-------------------------------------+---------+---------+----------+----------+-----+-----+------------------------------------------------+

        * Loop: 
        N/A

============================================================
+ Verbose Summary: Synthesis Manager
============================================================
InlineROM: 1
ExposeGlobal: 0
============================================================
+ Verbose Summary: CDFG Model
============================================================
IsTopModel: 0
ResetActiveHigh: 1
IsCombinational: 0
IsDatapathOnly: 0
HasWiredReturn: 1
HasMFsm: 0
HasVarLatency: 1
IsPipeline: 0
IsRtlPipelined: 0
IsInstanceOverlapped: 0
IsDontTouch: 0
HasImplIP: 0
IsGatedGlobalClock: 0


============================================================
+ Verbose Summary: Schedule
============================================================
* Number of FSM states : 7
* Pipeline : 0
* Dataflow Pipeline: 0

* FSM state transitions: 
1 --> 2 
2 --> 3 
3 --> 4 
4 --> 5 
5 --> 6 
6 --> 7 
7 --> 

* FSM state operations: 

State 1 <SV = 0> <Delay = 0.38>
ST_1 : Operation 8 [1/1] (0.00ns)   --->   "%a_read_434 = read i64 @_ssdm_op_Read.ap_auto.i64, i64 %a_read_454"   --->   Operation 8 'read' 'a_read_434' <Predicate = true> <Delay = 0.00>
ST_1 : Operation 9 [1/1] (0.00ns)   --->   "%a_read_435 = read i64 @_ssdm_op_Read.ap_auto.i64, i64 %a_read_453"   --->   Operation 9 'read' 'a_read_435' <Predicate = true> <Delay = 0.00>
ST_1 : Operation 10 [1/1] (0.00ns)   --->   "%a_read_436 = read i64 @_ssdm_op_Read.ap_auto.i64, i64 %a_read_452"   --->   Operation 10 'read' 'a_read_436' <Predicate = true> <Delay = 0.00>
ST_1 : Operation 11 [1/1] (0.00ns)   --->   "%a_read_437 = read i64 @_ssdm_op_Read.ap_auto.i64, i64 %a_read_451"   --->   Operation 11 'read' 'a_read_437' <Predicate = true> <Delay = 0.00>
ST_1 : Operation 12 [1/1] (0.00ns)   --->   "%a_read_438 = read i64 @_ssdm_op_Read.ap_auto.i64, i64 %a_read_450"   --->   Operation 12 'read' 'a_read_438' <Predicate = true> <Delay = 0.00>
ST_1 : Operation 13 [1/1] (0.00ns)   --->   "%a_read_439 = read i64 @_ssdm_op_Read.ap_auto.i64, i64 %a_read_449"   --->   Operation 13 'read' 'a_read_439' <Predicate = true> <Delay = 0.00>
ST_1 : Operation 14 [1/1] (0.00ns)   --->   "%a_read_440 = read i64 @_ssdm_op_Read.ap_auto.i64, i64 %a_read_448"   --->   Operation 14 'read' 'a_read_440' <Predicate = true> <Delay = 0.00>
ST_1 : Operation 15 [1/1] (0.00ns)   --->   "%a_read14 = read i64 @_ssdm_op_Read.ap_auto.i64, i64 %a_read"   --->   Operation 15 'read' 'a_read14' <Predicate = true> <Delay = 0.00>
ST_1 : Operation 16 [1/1] (0.00ns)   --->   "%c_7_4_loc = alloca i64 1"   --->   Operation 16 'alloca' 'c_7_4_loc' <Predicate = true> <Delay = 0.00>
ST_1 : Operation 17 [1/1] (0.00ns)   --->   "%c_6_4_loc = alloca i64 1"   --->   Operation 17 'alloca' 'c_6_4_loc' <Predicate = true> <Delay = 0.00>
ST_1 : Operation 18 [1/1] (0.00ns)   --->   "%c_5_4_loc = alloca i64 1"   --->   Operation 18 'alloca' 'c_5_4_loc' <Predicate = true> <Delay = 0.00>
ST_1 : Operation 19 [1/1] (0.00ns)   --->   "%c_4_4_loc = alloca i64 1"   --->   Operation 19 'alloca' 'c_4_4_loc' <Predicate = true> <Delay = 0.00>
ST_1 : Operation 20 [1/1] (0.00ns)   --->   "%c_3_4_loc = alloca i64 1"   --->   Operation 20 'alloca' 'c_3_4_loc' <Predicate = true> <Delay = 0.00>
ST_1 : Operation 21 [1/1] (0.00ns)   --->   "%c_2_4_loc = alloca i64 1"   --->   Operation 21 'alloca' 'c_2_4_loc' <Predicate = true> <Delay = 0.00>
ST_1 : Operation 22 [1/1] (0.00ns)   --->   "%c_1_4_loc = alloca i64 1"   --->   Operation 22 'alloca' 'c_1_4_loc' <Predicate = true> <Delay = 0.00>
ST_1 : Operation 23 [1/1] (0.00ns)   --->   "%c_0_4_loc = alloca i64 1"   --->   Operation 23 'alloca' 'c_0_4_loc' <Predicate = true> <Delay = 0.00>
ST_1 : Operation 24 [1/1] (0.00ns)   --->   "%carry_loc = alloca i64 1"   --->   Operation 24 'alloca' 'carry_loc' <Predicate = true> <Delay = 0.00>
ST_1 : Operation 25 [1/1] (0.00ns)   --->   "%c_7_2_loc = alloca i64 1"   --->   Operation 25 'alloca' 'c_7_2_loc' <Predicate = true> <Delay = 0.00>
ST_1 : Operation 26 [1/1] (0.00ns)   --->   "%c_6_2_loc = alloca i64 1"   --->   Operation 26 'alloca' 'c_6_2_loc' <Predicate = true> <Delay = 0.00>
ST_1 : Operation 27 [1/1] (0.00ns)   --->   "%c_5_2_loc = alloca i64 1"   --->   Operation 27 'alloca' 'c_5_2_loc' <Predicate = true> <Delay = 0.00>
ST_1 : Operation 28 [1/1] (0.00ns)   --->   "%c_4_2_loc = alloca i64 1"   --->   Operation 28 'alloca' 'c_4_2_loc' <Predicate = true> <Delay = 0.00>
ST_1 : Operation 29 [1/1] (0.00ns)   --->   "%c_3_2_loc = alloca i64 1"   --->   Operation 29 'alloca' 'c_3_2_loc' <Predicate = true> <Delay = 0.00>
ST_1 : Operation 30 [1/1] (0.00ns)   --->   "%c_2_2_loc = alloca i64 1"   --->   Operation 30 'alloca' 'c_2_2_loc' <Predicate = true> <Delay = 0.00>
ST_1 : Operation 31 [1/1] (0.00ns)   --->   "%c_1_2_loc = alloca i64 1"   --->   Operation 31 'alloca' 'c_1_2_loc' <Predicate = true> <Delay = 0.00>
ST_1 : Operation 32 [1/1] (0.00ns)   --->   "%c_0_2_loc = alloca i64 1"   --->   Operation 32 'alloca' 'c_0_2_loc' <Predicate = true> <Delay = 0.00>
ST_1 : Operation 33 [1/1] (0.00ns)   --->   "%c_7_0_loc = alloca i64 1"   --->   Operation 33 'alloca' 'c_7_0_loc' <Predicate = true> <Delay = 0.00>
ST_1 : Operation 34 [1/1] (0.00ns)   --->   "%c_6_0_loc = alloca i64 1"   --->   Operation 34 'alloca' 'c_6_0_loc' <Predicate = true> <Delay = 0.00>
ST_1 : Operation 35 [1/1] (0.00ns)   --->   "%c_5_0_loc = alloca i64 1"   --->   Operation 35 'alloca' 'c_5_0_loc' <Predicate = true> <Delay = 0.00>
ST_1 : Operation 36 [1/1] (0.00ns)   --->   "%c_4_0_loc = alloca i64 1"   --->   Operation 36 'alloca' 'c_4_0_loc' <Predicate = true> <Delay = 0.00>
ST_1 : Operation 37 [1/1] (0.00ns)   --->   "%c_3_0_loc = alloca i64 1"   --->   Operation 37 'alloca' 'c_3_0_loc' <Predicate = true> <Delay = 0.00>
ST_1 : Operation 38 [1/1] (0.00ns)   --->   "%c_2_0_loc = alloca i64 1"   --->   Operation 38 'alloca' 'c_2_0_loc' <Predicate = true> <Delay = 0.00>
ST_1 : Operation 39 [1/1] (0.00ns)   --->   "%c_1_0_loc = alloca i64 1"   --->   Operation 39 'alloca' 'c_1_0_loc' <Predicate = true> <Delay = 0.00>
ST_1 : Operation 40 [1/1] (0.00ns)   --->   "%c_0_0_loc = alloca i64 1"   --->   Operation 40 'alloca' 'c_0_0_loc' <Predicate = true> <Delay = 0.00>
ST_1 : Operation 41 [2/2] (0.38ns)   --->   "%call_ln0 = call void @fpadd503.6_Pipeline_VITIS_LOOP_33_1, i64 %a_read14, i64 %a_read_440, i64 %a_read_439, i64 %a_read_438, i64 %a_read_437, i64 %a_read_436, i64 %a_read_435, i64 %a_read_434, i64 %c_0_0_loc, i64 %c_1_0_loc, i64 %c_2_0_loc, i64 %c_3_0_loc, i64 %c_4_0_loc, i64 %c_5_0_loc, i64 %c_6_0_loc, i64 %c_7_0_loc"   --->   Operation 41 'call' 'call_ln0' <Predicate = true> <Delay = 0.38> <CoreType = "Generic">   --->   Generic Core

State 2 <SV = 1> <Delay = 1.09>
ST_2 : Operation 42 [1/2] (1.09ns)   --->   "%call_ln0 = call void @fpadd503.6_Pipeline_VITIS_LOOP_33_1, i64 %a_read14, i64 %a_read_440, i64 %a_read_439, i64 %a_read_438, i64 %a_read_437, i64 %a_read_436, i64 %a_read_435, i64 %a_read_434, i64 %c_0_0_loc, i64 %c_1_0_loc, i64 %c_2_0_loc, i64 %c_3_0_loc, i64 %c_4_0_loc, i64 %c_5_0_loc, i64 %c_6_0_loc, i64 %c_7_0_loc"   --->   Operation 42 'call' 'call_ln0' <Predicate = true> <Delay = 1.09> <CoreType = "Generic">   --->   Generic Core

State 3 <SV = 2> <Delay = 0.38>
ST_3 : Operation 43 [1/1] (0.00ns)   --->   "%c_0_0_loc_load = load i64 %c_0_0_loc"   --->   Operation 43 'load' 'c_0_0_loc_load' <Predicate = true> <Delay = 0.00>
ST_3 : Operation 44 [1/1] (0.00ns)   --->   "%c_1_0_loc_load = load i64 %c_1_0_loc"   --->   Operation 44 'load' 'c_1_0_loc_load' <Predicate = true> <Delay = 0.00>
ST_3 : Operation 45 [1/1] (0.00ns)   --->   "%c_2_0_loc_load = load i64 %c_2_0_loc"   --->   Operation 45 'load' 'c_2_0_loc_load' <Predicate = true> <Delay = 0.00>
ST_3 : Operation 46 [1/1] (0.00ns)   --->   "%c_3_0_loc_load = load i64 %c_3_0_loc"   --->   Operation 46 'load' 'c_3_0_loc_load' <Predicate = true> <Delay = 0.00>
ST_3 : Operation 47 [1/1] (0.00ns)   --->   "%c_4_0_loc_load = load i64 %c_4_0_loc"   --->   Operation 47 'load' 'c_4_0_loc_load' <Predicate = true> <Delay = 0.00>
ST_3 : Operation 48 [1/1] (0.00ns)   --->   "%c_5_0_loc_load = load i64 %c_5_0_loc"   --->   Operation 48 'load' 'c_5_0_loc_load' <Predicate = true> <Delay = 0.00>
ST_3 : Operation 49 [1/1] (0.00ns)   --->   "%c_6_0_loc_load = load i64 %c_6_0_loc"   --->   Operation 49 'load' 'c_6_0_loc_load' <Predicate = true> <Delay = 0.00>
ST_3 : Operation 50 [1/1] (0.00ns)   --->   "%c_7_0_loc_load = load i64 %c_7_0_loc"   --->   Operation 50 'load' 'c_7_0_loc_load' <Predicate = true> <Delay = 0.00>
ST_3 : Operation 51 [2/2] (0.38ns)   --->   "%call_ln0 = call void @fpadd503.6_Pipeline_VITIS_LOOP_39_2, i64 %c_0_0_loc_load, i64 %c_1_0_loc_load, i64 %c_2_0_loc_load, i64 %c_3_0_loc_load, i64 %c_4_0_loc_load, i64 %c_5_0_loc_load, i64 %c_6_0_loc_load, i64 %c_7_0_loc_load, i64 %c_0_2_loc, i64 %c_1_2_loc, i64 %c_2_2_loc, i64 %c_3_2_loc, i64 %c_4_2_loc, i64 %c_5_2_loc, i64 %c_6_2_loc, i64 %c_7_2_loc, i1 %carry_loc, i64 %p503x2_1"   --->   Operation 51 'call' 'call_ln0' <Predicate = true> <Delay = 0.38> <CoreType = "Generic">   --->   Generic Core

State 4 <SV = 3> <Delay = 1.48>
ST_4 : Operation 52 [1/2] (1.48ns)   --->   "%call_ln0 = call void @fpadd503.6_Pipeline_VITIS_LOOP_39_2, i64 %c_0_0_loc_load, i64 %c_1_0_loc_load, i64 %c_2_0_loc_load, i64 %c_3_0_loc_load, i64 %c_4_0_loc_load, i64 %c_5_0_loc_load, i64 %c_6_0_loc_load, i64 %c_7_0_loc_load, i64 %c_0_2_loc, i64 %c_1_2_loc, i64 %c_2_2_loc, i64 %c_3_2_loc, i64 %c_4_2_loc, i64 %c_5_2_loc, i64 %c_6_2_loc, i64 %c_7_2_loc, i1 %carry_loc, i64 %p503x2_1"   --->   Operation 52 'call' 'call_ln0' <Predicate = true> <Delay = 1.48> <CoreType = "Generic">   --->   Generic Core

State 5 <SV = 4> <Delay = 0.38>
ST_5 : Operation 53 [1/1] (0.00ns)   --->   "%c_0_2_loc_load = load i64 %c_0_2_loc"   --->   Operation 53 'load' 'c_0_2_loc_load' <Predicate = true> <Delay = 0.00>
ST_5 : Operation 54 [1/1] (0.00ns)   --->   "%c_1_2_loc_load = load i64 %c_1_2_loc"   --->   Operation 54 'load' 'c_1_2_loc_load' <Predicate = true> <Delay = 0.00>
ST_5 : Operation 55 [1/1] (0.00ns)   --->   "%c_2_2_loc_load = load i64 %c_2_2_loc"   --->   Operation 55 'load' 'c_2_2_loc_load' <Predicate = true> <Delay = 0.00>
ST_5 : Operation 56 [1/1] (0.00ns)   --->   "%c_3_2_loc_load = load i64 %c_3_2_loc"   --->   Operation 56 'load' 'c_3_2_loc_load' <Predicate = true> <Delay = 0.00>
ST_5 : Operation 57 [1/1] (0.00ns)   --->   "%c_4_2_loc_load = load i64 %c_4_2_loc"   --->   Operation 57 'load' 'c_4_2_loc_load' <Predicate = true> <Delay = 0.00>
ST_5 : Operation 58 [1/1] (0.00ns)   --->   "%c_5_2_loc_load = load i64 %c_5_2_loc"   --->   Operation 58 'load' 'c_5_2_loc_load' <Predicate = true> <Delay = 0.00>
ST_5 : Operation 59 [1/1] (0.00ns)   --->   "%c_6_2_loc_load = load i64 %c_6_2_loc"   --->   Operation 59 'load' 'c_6_2_loc_load' <Predicate = true> <Delay = 0.00>
ST_5 : Operation 60 [1/1] (0.00ns)   --->   "%c_7_2_loc_load = load i64 %c_7_2_loc"   --->   Operation 60 'load' 'c_7_2_loc_load' <Predicate = true> <Delay = 0.00>
ST_5 : Operation 61 [1/1] (0.00ns)   --->   "%carry_loc_load = load i1 %carry_loc"   --->   Operation 61 'load' 'carry_loc_load' <Predicate = true> <Delay = 0.00>
ST_5 : Operation 62 [2/2] (0.38ns)   --->   "%call_ln0 = call void @fpadd503.6_Pipeline_VITIS_LOOP_46_3, i64 %c_0_2_loc_load, i64 %c_1_2_loc_load, i64 %c_2_2_loc_load, i64 %c_3_2_loc_load, i64 %c_4_2_loc_load, i64 %c_5_2_loc_load, i64 %c_6_2_loc_load, i64 %c_7_2_loc_load, i1 %carry_loc_load, i64 %c_0_4_loc, i64 %c_1_4_loc, i64 %c_2_4_loc, i64 %c_3_4_loc, i64 %c_4_4_loc, i64 %c_5_4_loc, i64 %c_6_4_loc, i64 %c_7_4_loc, i64 %p503x2_1"   --->   Operation 62 'call' 'call_ln0' <Predicate = true> <Delay = 0.38> <CoreType = "Generic">   --->   Generic Core

State 6 <SV = 5> <Delay = 1.48>
ST_6 : Operation 63 [1/2] (1.48ns)   --->   "%call_ln0 = call void @fpadd503.6_Pipeline_VITIS_LOOP_46_3, i64 %c_0_2_loc_load, i64 %c_1_2_loc_load, i64 %c_2_2_loc_load, i64 %c_3_2_loc_load, i64 %c_4_2_loc_load, i64 %c_5_2_loc_load, i64 %c_6_2_loc_load, i64 %c_7_2_loc_load, i1 %carry_loc_load, i64 %c_0_4_loc, i64 %c_1_4_loc, i64 %c_2_4_loc, i64 %c_3_4_loc, i64 %c_4_4_loc, i64 %c_5_4_loc, i64 %c_6_4_loc, i64 %c_7_4_loc, i64 %p503x2_1"   --->   Operation 63 'call' 'call_ln0' <Predicate = true> <Delay = 1.48> <CoreType = "Generic">   --->   Generic Core

State 7 <SV = 6> <Delay = 0.00>
ST_7 : Operation 64 [1/1] (0.00ns)   --->   "%c_0_4_loc_load = load i64 %c_0_4_loc"   --->   Operation 64 'load' 'c_0_4_loc_load' <Predicate = true> <Delay = 0.00>
ST_7 : Operation 65 [1/1] (0.00ns)   --->   "%c_1_4_loc_load = load i64 %c_1_4_loc"   --->   Operation 65 'load' 'c_1_4_loc_load' <Predicate = true> <Delay = 0.00>
ST_7 : Operation 66 [1/1] (0.00ns)   --->   "%c_2_4_loc_load = load i64 %c_2_4_loc"   --->   Operation 66 'load' 'c_2_4_loc_load' <Predicate = true> <Delay = 0.00>
ST_7 : Operation 67 [1/1] (0.00ns)   --->   "%c_3_4_loc_load = load i64 %c_3_4_loc"   --->   Operation 67 'load' 'c_3_4_loc_load' <Predicate = true> <Delay = 0.00>
ST_7 : Operation 68 [1/1] (0.00ns)   --->   "%c_4_4_loc_load = load i64 %c_4_4_loc"   --->   Operation 68 'load' 'c_4_4_loc_load' <Predicate = true> <Delay = 0.00>
ST_7 : Operation 69 [1/1] (0.00ns)   --->   "%c_5_4_loc_load = load i64 %c_5_4_loc"   --->   Operation 69 'load' 'c_5_4_loc_load' <Predicate = true> <Delay = 0.00>
ST_7 : Operation 70 [1/1] (0.00ns)   --->   "%c_6_4_loc_load = load i64 %c_6_4_loc"   --->   Operation 70 'load' 'c_6_4_loc_load' <Predicate = true> <Delay = 0.00>
ST_7 : Operation 71 [1/1] (0.00ns)   --->   "%c_7_4_loc_load = load i64 %c_7_4_loc"   --->   Operation 71 'load' 'c_7_4_loc_load' <Predicate = true> <Delay = 0.00>
ST_7 : Operation 72 [1/1] (0.00ns)   --->   "%mrv = insertvalue i512 <undef>, i64 %c_0_4_loc_load" [src/generic/fp_generic.cpp:50]   --->   Operation 72 'insertvalue' 'mrv' <Predicate = true> <Delay = 0.00>
ST_7 : Operation 73 [1/1] (0.00ns)   --->   "%mrv_1 = insertvalue i512 %mrv, i64 %c_1_4_loc_load" [src/generic/fp_generic.cpp:50]   --->   Operation 73 'insertvalue' 'mrv_1' <Predicate = true> <Delay = 0.00>
ST_7 : Operation 74 [1/1] (0.00ns)   --->   "%mrv_2 = insertvalue i512 %mrv_1, i64 %c_2_4_loc_load" [src/generic/fp_generic.cpp:50]   --->   Operation 74 'insertvalue' 'mrv_2' <Predicate = true> <Delay = 0.00>
ST_7 : Operation 75 [1/1] (0.00ns)   --->   "%mrv_3 = insertvalue i512 %mrv_2, i64 %c_3_4_loc_load" [src/generic/fp_generic.cpp:50]   --->   Operation 75 'insertvalue' 'mrv_3' <Predicate = true> <Delay = 0.00>
ST_7 : Operation 76 [1/1] (0.00ns)   --->   "%mrv_4 = insertvalue i512 %mrv_3, i64 %c_4_4_loc_load" [src/generic/fp_generic.cpp:50]   --->   Operation 76 'insertvalue' 'mrv_4' <Predicate = true> <Delay = 0.00>
ST_7 : Operation 77 [1/1] (0.00ns)   --->   "%mrv_5 = insertvalue i512 %mrv_4, i64 %c_5_4_loc_load" [src/generic/fp_generic.cpp:50]   --->   Operation 77 'insertvalue' 'mrv_5' <Predicate = true> <Delay = 0.00>
ST_7 : Operation 78 [1/1] (0.00ns)   --->   "%mrv_6 = insertvalue i512 %mrv_5, i64 %c_6_4_loc_load" [src/generic/fp_generic.cpp:50]   --->   Operation 78 'insertvalue' 'mrv_6' <Predicate = true> <Delay = 0.00>
ST_7 : Operation 79 [1/1] (0.00ns)   --->   "%mrv_7 = insertvalue i512 %mrv_6, i64 %c_7_4_loc_load" [src/generic/fp_generic.cpp:50]   --->   Operation 79 'insertvalue' 'mrv_7' <Predicate = true> <Delay = 0.00>
ST_7 : Operation 80 [1/1] (0.00ns)   --->   "%ret_ln50 = ret i512 %mrv_7" [src/generic/fp_generic.cpp:50]   --->   Operation 80 'ret' 'ret_ln50' <Predicate = true> <Delay = 0.00>


============================================================
+ Verbose Summary: Binding
============================================================
STG Binding: 
---------------- STG Properties BEGIN ----------------
- Is combinational: 0
- Is one-state seq: 0
- Is datapath-only: 0
- Is pipelined: 0
- Is top level: 0
Port [ Return ] is wired: 1; IO mode=ap_ctrl_hs:ce=0
Port [ a_read]:  wired=1; compound=0; hidden=0; nouse=0; global=0; static=0; extern=0; dir=0; type=0; pingpong=0; private_global=0; IO mode=ap_none:ce=0
Port [ a_read_448]:  wired=1; compound=0; hidden=0; nouse=0; global=0; static=0; extern=0; dir=0; type=0; pingpong=0; private_global=0; IO mode=ap_none:ce=0
Port [ a_read_449]:  wired=1; compound=0; hidden=0; nouse=0; global=0; static=0; extern=0; dir=0; type=0; pingpong=0; private_global=0; IO mode=ap_none:ce=0
Port [ a_read_450]:  wired=1; compound=0; hidden=0; nouse=0; global=0; static=0; extern=0; dir=0; type=0; pingpong=0; private_global=0; IO mode=ap_none:ce=0
Port [ a_read_451]:  wired=1; compound=0; hidden=0; nouse=0; global=0; static=0; extern=0; dir=0; type=0; pingpong=0; private_global=0; IO mode=ap_none:ce=0
Port [ a_read_452]:  wired=1; compound=0; hidden=0; nouse=0; global=0; static=0; extern=0; dir=0; type=0; pingpong=0; private_global=0; IO mode=ap_none:ce=0
Port [ a_read_453]:  wired=1; compound=0; hidden=0; nouse=0; global=0; static=0; extern=0; dir=0; type=0; pingpong=0; private_global=0; IO mode=ap_none:ce=0
Port [ a_read_454]:  wired=1; compound=0; hidden=0; nouse=0; global=0; static=0; extern=0; dir=0; type=0; pingpong=0; private_global=0; IO mode=ap_none:ce=0
Port [ p503x2_1]:  wired=0; compound=1; hidden=1; nouse=1; global=1; static=1; extern=0; dir=0; type=1; pingpong=0; private_global=0; MemPort=[1]; IO mode=ap_memory:ce=0
---------------- STG Properties END ------------------

---------------- Datapath Model BEGIN ----------------

<LifeTime>
<method=bitvector/>
a_read_434     (read       ) [ 00100000]
a_read_435     (read       ) [ 00100000]
a_read_436     (read       ) [ 00100000]
a_read_437     (read       ) [ 00100000]
a_read_438     (read       ) [ 00100000]
a_read_439     (read       ) [ 00100000]
a_read_440     (read       ) [ 00100000]
a_read14       (read       ) [ 00100000]
c_7_4_loc      (alloca     ) [ 00111111]
c_6_4_loc      (alloca     ) [ 00111111]
c_5_4_loc      (alloca     ) [ 00111111]
c_4_4_loc      (alloca     ) [ 00111111]
c_3_4_loc      (alloca     ) [ 00111111]
c_2_4_loc      (alloca     ) [ 00111111]
c_1_4_loc      (alloca     ) [ 00111111]
c_0_4_loc      (alloca     ) [ 00111111]
carry_loc      (alloca     ) [ 00111100]
c_7_2_loc      (alloca     ) [ 00111100]
c_6_2_loc      (alloca     ) [ 00111100]
c_5_2_loc      (alloca     ) [ 00111100]
c_4_2_loc      (alloca     ) [ 00111100]
c_3_2_loc      (alloca     ) [ 00111100]
c_2_2_loc      (alloca     ) [ 00111100]
c_1_2_loc      (alloca     ) [ 00111100]
c_0_2_loc      (alloca     ) [ 00111100]
c_7_0_loc      (alloca     ) [ 01110000]
c_6_0_loc      (alloca     ) [ 01110000]
c_5_0_loc      (alloca     ) [ 01110000]
c_4_0_loc      (alloca     ) [ 01110000]
c_3_0_loc      (alloca     ) [ 01110000]
c_2_0_loc      (alloca     ) [ 01110000]
c_1_0_loc      (alloca     ) [ 01110000]
c_0_0_loc      (alloca     ) [ 01110000]
call_ln0       (call       ) [ 00000000]
c_0_0_loc_load (load       ) [ 00001000]
c_1_0_loc_load (load       ) [ 00001000]
c_2_0_loc_load (load       ) [ 00001000]
c_3_0_loc_load (load       ) [ 00001000]
c_4_0_loc_load (load       ) [ 00001000]
c_5_0_loc_load (load       ) [ 00001000]
c_6_0_loc_load (load       ) [ 00001000]
c_7_0_loc_load (load       ) [ 00001000]
call_ln0       (call       ) [ 00000000]
c_0_2_loc_load (load       ) [ 00000010]
c_1_2_loc_load (load       ) [ 00000010]
c_2_2_loc_load (load       ) [ 00000010]
c_3_2_loc_load (load       ) [ 00000010]
c_4_2_loc_load (load       ) [ 00000010]
c_5_2_loc_load (load       ) [ 00000010]
c_6_2_loc_load (load       ) [ 00000010]
c_7_2_loc_load (load       ) [ 00000010]
carry_loc_load (load       ) [ 00000010]
call_ln0       (call       ) [ 00000000]
c_0_4_loc_load (load       ) [ 00000000]
c_1_4_loc_load (load       ) [ 00000000]
c_2_4_loc_load (load       ) [ 00000000]
c_3_4_loc_load (load       ) [ 00000000]
c_4_4_loc_load (load       ) [ 00000000]
c_5_4_loc_load (load       ) [ 00000000]
c_6_4_loc_load (load       ) [ 00000000]
c_7_4_loc_load (load       ) [ 00000000]
mrv            (insertvalue) [ 00000000]
mrv_1          (insertvalue) [ 00000000]
mrv_2          (insertvalue) [ 00000000]
mrv_3          (insertvalue) [ 00000000]
mrv_4          (insertvalue) [ 00000000]
mrv_5          (insertvalue) [ 00000000]
mrv_6          (insertvalue) [ 00000000]
mrv_7          (insertvalue) [ 00000000]
ret_ln50       (ret        ) [ 00000000]
</LifeTime>

<model>

<comp_list>
<comp id="0" class="1000" name="a_read">
<pin_list>
<pin id="1" dir="1" index="0" bw="1" slack="0"/>
</pin_list>
<bind>
<StgValue><ssdm name="a_read"/></StgValue>
</bind>
</comp>

<comp id="2" class="1000" name="a_read_448">
<pin_list>
<pin id="3" dir="1" index="0" bw="1" slack="0"/>
</pin_list>
<bind>
<StgValue><ssdm name="a_read_448"/></StgValue>
</bind>
</comp>

<comp id="4" class="1000" name="a_read_449">
<pin_list>
<pin id="5" dir="1" index="0" bw="1" slack="0"/>
</pin_list>
<bind>
<StgValue><ssdm name="a_read_449"/></StgValue>
</bind>
</comp>

<comp id="6" class="1000" name="a_read_450">
<pin_list>
<pin id="7" dir="1" index="0" bw="1" slack="0"/>
</pin_list>
<bind>
<StgValue><ssdm name="a_read_450"/></StgValue>
</bind>
</comp>

<comp id="8" class="1000" name="a_read_451">
<pin_list>
<pin id="9" dir="1" index="0" bw="1" slack="0"/>
</pin_list>
<bind>
<StgValue><ssdm name="a_read_451"/></StgValue>
</bind>
</comp>

<comp id="10" class="1000" name="a_read_452">
<pin_list>
<pin id="11" dir="1" index="0" bw="1" slack="0"/>
</pin_list>
<bind>
<StgValue><ssdm name="a_read_452"/></StgValue>
</bind>
</comp>

<comp id="12" class="1000" name="a_read_453">
<pin_list>
<pin id="13" dir="1" index="0" bw="1" slack="0"/>
</pin_list>
<bind>
<StgValue><ssdm name="a_read_453"/></StgValue>
</bind>
</comp>

<comp id="14" class="1000" name="a_read_454">
<pin_list>
<pin id="15" dir="1" index="0" bw="1" slack="0"/>
</pin_list>
<bind>
<StgValue><ssdm name="a_read_454"/></StgValue>
</bind>
</comp>

<comp id="16" class="1000" name="p503x2_1">
<pin_list>
<pin id="17" dir="1" index="0" bw="1" slack="0"/>
</pin_list>
<bind>
<StgValue><ssdm name="p503x2_1"/><MemPortTyVec>1 </MemPortTyVec>
</StgValue>
</bind>
</comp>

<comp id="18" class="1001" name="const_18">
<pin_list>
<pin id="19" dir="1" index="0" bw="1" slack="0"/>
</pin_list>
<bind>
<StgValue><ssdm name="_ssdm_op_Read.ap_auto.i64"/></StgValue>
</bind>
</comp>

<comp id="20" class="1001" name="const_20">
<pin_list>
<pin id="21" dir="1" index="0" bw="1" slack="0"/>
</pin_list>
<bind>
<StgValue><ssdm name=""/></StgValue>
</bind>
</comp>

<comp id="22" class="1001" name="const_22">
<pin_list>
<pin id="23" dir="1" index="0" bw="1" slack="0"/>
</pin_list>
<bind>
<StgValue><ssdm name="fpadd503.6_Pipeline_VITIS_LOOP_33_1"/></StgValue>
</bind>
</comp>

<comp id="24" class="1001" name="const_24">
<pin_list>
<pin id="25" dir="1" index="0" bw="1" slack="0"/>
</pin_list>
<bind>
<StgValue><ssdm name="fpadd503.6_Pipeline_VITIS_LOOP_39_2"/></StgValue>
</bind>
</comp>

<comp id="26" class="1001" name="const_26">
<pin_list>
<pin id="27" dir="1" index="0" bw="1" slack="0"/>
</pin_list>
<bind>
<StgValue><ssdm name="fpadd503.6_Pipeline_VITIS_LOOP_46_3"/></StgValue>
</bind>
</comp>

<comp id="28" class="1001" name="const_28">
<pin_list>
<pin id="29" dir="1" index="0" bw="1" slack="0"/>
</pin_list>
<bind>
<StgValue><ssdm name=""/></StgValue>
</bind>
</comp>

<comp id="30" class="1004" name="c_7_4_loc_fu_30">
<pin_list>
<pin id="31" dir="0" index="0" bw="1" slack="0"/>
<pin id="32" dir="1" index="1" bw="64" slack="4"/>
</pin_list>
<bind>
<opcode="alloca(26) " fcode="alloca"/>
<opset="c_7_4_loc/1 "/>
</bind>
</comp>

<comp id="34" class="1004" name="c_6_4_loc_fu_34">
<pin_list>
<pin id="35" dir="0" index="0" bw="1" slack="0"/>
<pin id="36" dir="1" index="1" bw="64" slack="4"/>
</pin_list>
<bind>
<opcode="alloca(26) " fcode="alloca"/>
<opset="c_6_4_loc/1 "/>
</bind>
</comp>

<comp id="38" class="1004" name="c_5_4_loc_fu_38">
<pin_list>
<pin id="39" dir="0" index="0" bw="1" slack="0"/>
<pin id="40" dir="1" index="1" bw="64" slack="4"/>
</pin_list>
<bind>
<opcode="alloca(26) " fcode="alloca"/>
<opset="c_5_4_loc/1 "/>
</bind>
</comp>

<comp id="42" class="1004" name="c_4_4_loc_fu_42">
<pin_list>
<pin id="43" dir="0" index="0" bw="1" slack="0"/>
<pin id="44" dir="1" index="1" bw="64" slack="4"/>
</pin_list>
<bind>
<opcode="alloca(26) " fcode="alloca"/>
<opset="c_4_4_loc/1 "/>
</bind>
</comp>

<comp id="46" class="1004" name="c_3_4_loc_fu_46">
<pin_list>
<pin id="47" dir="0" index="0" bw="1" slack="0"/>
<pin id="48" dir="1" index="1" bw="64" slack="4"/>
</pin_list>
<bind>
<opcode="alloca(26) " fcode="alloca"/>
<opset="c_3_4_loc/1 "/>
</bind>
</comp>

<comp id="50" class="1004" name="c_2_4_loc_fu_50">
<pin_list>
<pin id="51" dir="0" index="0" bw="1" slack="0"/>
<pin id="52" dir="1" index="1" bw="64" slack="4"/>
</pin_list>
<bind>
<opcode="alloca(26) " fcode="alloca"/>
<opset="c_2_4_loc/1 "/>
</bind>
</comp>

<comp id="54" class="1004" name="c_1_4_loc_fu_54">
<pin_list>
<pin id="55" dir="0" index="0" bw="1" slack="0"/>
<pin id="56" dir="1" index="1" bw="64" slack="4"/>
</pin_list>
<bind>
<opcode="alloca(26) " fcode="alloca"/>
<opset="c_1_4_loc/1 "/>
</bind>
</comp>

<comp id="58" class="1004" name="c_0_4_loc_fu_58">
<pin_list>
<pin id="59" dir="0" index="0" bw="1" slack="0"/>
<pin id="60" dir="1" index="1" bw="64" slack="4"/>
</pin_list>
<bind>
<opcode="alloca(26) " fcode="alloca"/>
<opset="c_0_4_loc/1 "/>
</bind>
</comp>

<comp id="62" class="1004" name="carry_loc_fu_62">
<pin_list>
<pin id="63" dir="0" index="0" bw="1" slack="0"/>
<pin id="64" dir="1" index="1" bw="1" slack="2"/>
</pin_list>
<bind>
<opcode="alloca(26) " fcode="alloca"/>
<opset="carry_loc/1 "/>
</bind>
</comp>

<comp id="66" class="1004" name="c_7_2_loc_fu_66">
<pin_list>
<pin id="67" dir="0" index="0" bw="1" slack="0"/>
<pin id="68" dir="1" index="1" bw="64" slack="2"/>
</pin_list>
<bind>
<opcode="alloca(26) " fcode="alloca"/>
<opset="c_7_2_loc/1 "/>
</bind>
</comp>

<comp id="70" class="1004" name="c_6_2_loc_fu_70">
<pin_list>
<pin id="71" dir="0" index="0" bw="1" slack="0"/>
<pin id="72" dir="1" index="1" bw="64" slack="2"/>
</pin_list>
<bind>
<opcode="alloca(26) " fcode="alloca"/>
<opset="c_6_2_loc/1 "/>
</bind>
</comp>

<comp id="74" class="1004" name="c_5_2_loc_fu_74">
<pin_list>
<pin id="75" dir="0" index="0" bw="1" slack="0"/>
<pin id="76" dir="1" index="1" bw="64" slack="2"/>
</pin_list>
<bind>
<opcode="alloca(26) " fcode="alloca"/>
<opset="c_5_2_loc/1 "/>
</bind>
</comp>

<comp id="78" class="1004" name="c_4_2_loc_fu_78">
<pin_list>
<pin id="79" dir="0" index="0" bw="1" slack="0"/>
<pin id="80" dir="1" index="1" bw="64" slack="2"/>
</pin_list>
<bind>
<opcode="alloca(26) " fcode="alloca"/>
<opset="c_4_2_loc/1 "/>
</bind>
</comp>

<comp id="82" class="1004" name="c_3_2_loc_fu_82">
<pin_list>
<pin id="83" dir="0" index="0" bw="1" slack="0"/>
<pin id="84" dir="1" index="1" bw="64" slack="2"/>
</pin_list>
<bind>
<opcode="alloca(26) " fcode="alloca"/>
<opset="c_3_2_loc/1 "/>
</bind>
</comp>

<comp id="86" class="1004" name="c_2_2_loc_fu_86">
<pin_list>
<pin id="87" dir="0" index="0" bw="1" slack="0"/>
<pin id="88" dir="1" index="1" bw="64" slack="2"/>
</pin_list>
<bind>
<opcode="alloca(26) " fcode="alloca"/>
<opset="c_2_2_loc/1 "/>
</bind>
</comp>

<comp id="90" class="1004" name="c_1_2_loc_fu_90">
<pin_list>
<pin id="91" dir="0" index="0" bw="1" slack="0"/>
<pin id="92" dir="1" index="1" bw="64" slack="2"/>
</pin_list>
<bind>
<opcode="alloca(26) " fcode="alloca"/>
<opset="c_1_2_loc/1 "/>
</bind>
</comp>

<comp id="94" class="1004" name="c_0_2_loc_fu_94">
<pin_list>
<pin id="95" dir="0" index="0" bw="1" slack="0"/>
<pin id="96" dir="1" index="1" bw="64" slack="2"/>
</pin_list>
<bind>
<opcode="alloca(26) " fcode="alloca"/>
<opset="c_0_2_loc/1 "/>
</bind>
</comp>

<comp id="98" class="1004" name="c_7_0_loc_fu_98">
<pin_list>
<pin id="99" dir="0" index="0" bw="1" slack="0"/>
<pin id="100" dir="1" index="1" bw="64" slack="0"/>
</pin_list>
<bind>
<opcode="alloca(26) " fcode="alloca"/>
<opset="c_7_0_loc/1 "/>
</bind>
</comp>

<comp id="102" class="1004" name="c_6_0_loc_fu_102">
<pin_list>
<pin id="103" dir="0" index="0" bw="1" slack="0"/>
<pin id="104" dir="1" index="1" bw="64" slack="0"/>
</pin_list>
<bind>
<opcode="alloca(26) " fcode="alloca"/>
<opset="c_6_0_loc/1 "/>
</bind>
</comp>

<comp id="106" class="1004" name="c_5_0_loc_fu_106">
<pin_list>
<pin id="107" dir="0" index="0" bw="1" slack="0"/>
<pin id="108" dir="1" index="1" bw="64" slack="0"/>
</pin_list>
<bind>
<opcode="alloca(26) " fcode="alloca"/>
<opset="c_5_0_loc/1 "/>
</bind>
</comp>

<comp id="110" class="1004" name="c_4_0_loc_fu_110">
<pin_list>
<pin id="111" dir="0" index="0" bw="1" slack="0"/>
<pin id="112" dir="1" index="1" bw="64" slack="0"/>
</pin_list>
<bind>
<opcode="alloca(26) " fcode="alloca"/>
<opset="c_4_0_loc/1 "/>
</bind>
</comp>

<comp id="114" class="1004" name="c_3_0_loc_fu_114">
<pin_list>
<pin id="115" dir="0" index="0" bw="1" slack="0"/>
<pin id="116" dir="1" index="1" bw="64" slack="0"/>
</pin_list>
<bind>
<opcode="alloca(26) " fcode="alloca"/>
<opset="c_3_0_loc/1 "/>
</bind>
</comp>

<comp id="118" class="1004" name="c_2_0_loc_fu_118">
<pin_list>
<pin id="119" dir="0" index="0" bw="1" slack="0"/>
<pin id="120" dir="1" index="1" bw="64" slack="0"/>
</pin_list>
<bind>
<opcode="alloca(26) " fcode="alloca"/>
<opset="c_2_0_loc/1 "/>
</bind>
</comp>

<comp id="122" class="1004" name="c_1_0_loc_fu_122">
<pin_list>
<pin id="123" dir="0" index="0" bw="1" slack="0"/>
<pin id="124" dir="1" index="1" bw="64" slack="0"/>
</pin_list>
<bind>
<opcode="alloca(26) " fcode="alloca"/>
<opset="c_1_0_loc/1 "/>
</bind>
</comp>

<comp id="126" class="1004" name="c_0_0_loc_fu_126">
<pin_list>
<pin id="127" dir="0" index="0" bw="1" slack="0"/>
<pin id="128" dir="1" index="1" bw="64" slack="0"/>
</pin_list>
<bind>
<opcode="alloca(26) " fcode="alloca"/>
<opset="c_0_0_loc/1 "/>
</bind>
</comp>

<comp id="130" class="1004" name="a_read_434_read_fu_130">
<pin_list>
<pin id="131" dir="0" index="0" bw="64" slack="0"/>
<pin id="132" dir="0" index="1" bw="64" slack="0"/>
<pin id="133" dir="1" index="2" bw="64" slack="0"/>
</pin_list>
<bind>
<opcode="read(1150) " fcode="read"/>
<opset="a_read_434/1 "/>
</bind>
</comp>

<comp id="136" class="1004" name="a_read_435_read_fu_136">
<pin_list>
<pin id="137" dir="0" index="0" bw="64" slack="0"/>
<pin id="138" dir="0" index="1" bw="64" slack="0"/>
<pin id="139" dir="1" index="2" bw="64" slack="0"/>
</pin_list>
<bind>
<opcode="read(1150) " fcode="read"/>
<opset="a_read_435/1 "/>
</bind>
</comp>

<comp id="142" class="1004" name="a_read_436_read_fu_142">
<pin_list>
<pin id="143" dir="0" index="0" bw="64" slack="0"/>
<pin id="144" dir="0" index="1" bw="64" slack="0"/>
<pin id="145" dir="1" index="2" bw="64" slack="0"/>
</pin_list>
<bind>
<opcode="read(1150) " fcode="read"/>
<opset="a_read_436/1 "/>
</bind>
</comp>

<comp id="148" class="1004" name="a_read_437_read_fu_148">
<pin_list>
<pin id="149" dir="0" index="0" bw="64" slack="0"/>
<pin id="150" dir="0" index="1" bw="64" slack="0"/>
<pin id="151" dir="1" index="2" bw="64" slack="0"/>
</pin_list>
<bind>
<opcode="read(1150) " fcode="read"/>
<opset="a_read_437/1 "/>
</bind>
</comp>

<comp id="154" class="1004" name="a_read_438_read_fu_154">
<pin_list>
<pin id="155" dir="0" index="0" bw="64" slack="0"/>
<pin id="156" dir="0" index="1" bw="64" slack="0"/>
<pin id="157" dir="1" index="2" bw="64" slack="0"/>
</pin_list>
<bind>
<opcode="read(1150) " fcode="read"/>
<opset="a_read_438/1 "/>
</bind>
</comp>

<comp id="160" class="1004" name="a_read_439_read_fu_160">
<pin_list>
<pin id="161" dir="0" index="0" bw="64" slack="0"/>
<pin id="162" dir="0" index="1" bw="64" slack="0"/>
<pin id="163" dir="1" index="2" bw="64" slack="0"/>
</pin_list>
<bind>
<opcode="read(1150) " fcode="read"/>
<opset="a_read_439/1 "/>
</bind>
</comp>

<comp id="166" class="1004" name="a_read_440_read_fu_166">
<pin_list>
<pin id="167" dir="0" index="0" bw="64" slack="0"/>
<pin id="168" dir="0" index="1" bw="64" slack="0"/>
<pin id="169" dir="1" index="2" bw="64" slack="0"/>
</pin_list>
<bind>
<opcode="read(1150) " fcode="read"/>
<opset="a_read_440/1 "/>
</bind>
</comp>

<comp id="172" class="1004" name="a_read14_read_fu_172">
<pin_list>
<pin id="173" dir="0" index="0" bw="64" slack="0"/>
<pin id="174" dir="0" index="1" bw="64" slack="0"/>
<pin id="175" dir="1" index="2" bw="64" slack="0"/>
</pin_list>
<bind>
<opcode="read(1150) " fcode="read"/>
<opset="a_read14/1 "/>
</bind>
</comp>

<comp id="178" class="1004" name="grp_fpadd503_6_Pipeline_VITIS_LOOP_33_1_fu_178">
<pin_list>
<pin id="179" dir="0" index="0" bw="0" slack="0"/>
<pin id="180" dir="0" index="1" bw="64" slack="0"/>
<pin id="181" dir="0" index="2" bw="64" slack="0"/>
<pin id="182" dir="0" index="3" bw="64" slack="0"/>
<pin id="183" dir="0" index="4" bw="64" slack="0"/>
<pin id="184" dir="0" index="5" bw="64" slack="0"/>
<pin id="185" dir="0" index="6" bw="64" slack="0"/>
<pin id="186" dir="0" index="7" bw="64" slack="0"/>
<pin id="187" dir="0" index="8" bw="64" slack="0"/>
<pin id="188" dir="0" index="9" bw="64" slack="0"/>
<pin id="189" dir="0" index="10" bw="64" slack="0"/>
<pin id="190" dir="0" index="11" bw="64" slack="0"/>
<pin id="191" dir="0" index="12" bw="64" slack="0"/>
<pin id="192" dir="0" index="13" bw="64" slack="0"/>
<pin id="193" dir="0" index="14" bw="64" slack="0"/>
<pin id="194" dir="0" index="15" bw="64" slack="0"/>
<pin id="195" dir="0" index="16" bw="64" slack="0"/>
<pin id="196" dir="1" index="17" bw="0" slack="2147483647"/>
</pin_list>
<bind>
<opcode="call(48) " fcode="call"/>
<opset="call_ln0/1 "/>
</bind>
</comp>

<comp id="206" class="1004" name="grp_fpadd503_6_Pipeline_VITIS_LOOP_39_2_fu_206">
<pin_list>
<pin id="207" dir="0" index="0" bw="0" slack="0"/>
<pin id="208" dir="0" index="1" bw="64" slack="0"/>
<pin id="209" dir="0" index="2" bw="64" slack="0"/>
<pin id="210" dir="0" index="3" bw="64" slack="0"/>
<pin id="211" dir="0" index="4" bw="64" slack="0"/>
<pin id="212" dir="0" index="5" bw="64" slack="0"/>
<pin id="213" dir="0" index="6" bw="64" slack="0"/>
<pin id="214" dir="0" index="7" bw="64" slack="0"/>
<pin id="215" dir="0" index="8" bw="64" slack="0"/>
<pin id="216" dir="0" index="9" bw="64" slack="2"/>
<pin id="217" dir="0" index="10" bw="64" slack="2"/>
<pin id="218" dir="0" index="11" bw="64" slack="2"/>
<pin id="219" dir="0" index="12" bw="64" slack="2"/>
<pin id="220" dir="0" index="13" bw="64" slack="2"/>
<pin id="221" dir="0" index="14" bw="64" slack="2"/>
<pin id="222" dir="0" index="15" bw="64" slack="2"/>
<pin id="223" dir="0" index="16" bw="64" slack="2"/>
<pin id="224" dir="0" index="17" bw="1" slack="2"/>
<pin id="225" dir="0" index="18" bw="64" slack="0"/>
<pin id="226" dir="1" index="19" bw="0" slack="2147483647"/>
</pin_list>
<bind>
<opcode="call(48) " fcode="call"/>
<opset="call_ln0/3 "/>
</bind>
</comp>

<comp id="229" class="1004" name="grp_fpadd503_6_Pipeline_VITIS_LOOP_46_3_fu_229">
<pin_list>
<pin id="230" dir="0" index="0" bw="0" slack="0"/>
<pin id="231" dir="0" index="1" bw="64" slack="0"/>
<pin id="232" dir="0" index="2" bw="64" slack="0"/>
<pin id="233" dir="0" index="3" bw="64" slack="0"/>
<pin id="234" dir="0" index="4" bw="64" slack="0"/>
<pin id="235" dir="0" index="5" bw="64" slack="0"/>
<pin id="236" dir="0" index="6" bw="64" slack="0"/>
<pin id="237" dir="0" index="7" bw="64" slack="0"/>
<pin id="238" dir="0" index="8" bw="64" slack="0"/>
<pin id="239" dir="0" index="9" bw="1" slack="0"/>
<pin id="240" dir="0" index="10" bw="64" slack="4"/>
<pin id="241" dir="0" index="11" bw="64" slack="4"/>
<pin id="242" dir="0" index="12" bw="64" slack="4"/>
<pin id="243" dir="0" index="13" bw="64" slack="4"/>
<pin id="244" dir="0" index="14" bw="64" slack="4"/>
<pin id="245" dir="0" index="15" bw="64" slack="4"/>
<pin id="246" dir="0" index="16" bw="64" slack="4"/>
<pin id="247" dir="0" index="17" bw="64" slack="4"/>
<pin id="248" dir="0" index="18" bw="64" slack="0"/>
<pin id="249" dir="1" index="19" bw="0" slack="2147483647"/>
</pin_list>
<bind>
<opcode="call(48) " fcode="call"/>
<opset="call_ln0/5 "/>
</bind>
</comp>

<comp id="252" class="1004" name="c_0_0_loc_load_load_fu_252">
<pin_list>
<pin id="253" dir="0" index="0" bw="64" slack="2"/>
<pin id="254" dir="1" index="1" bw="64" slack="0"/>
</pin_list>
<bind>
<opcode="load(27) " fcode="load"/>
<opset="c_0_0_loc_load/3 "/>
</bind>
</comp>

<comp id="256" class="1004" name="c_1_0_loc_load_load_fu_256">
<pin_list>
<pin id="257" dir="0" index="0" bw="64" slack="2"/>
<pin id="258" dir="1" index="1" bw="64" slack="0"/>
</pin_list>
<bind>
<opcode="load(27) " fcode="load"/>
<opset="c_1_0_loc_load/3 "/>
</bind>
</comp>

<comp id="260" class="1004" name="c_2_0_loc_load_load_fu_260">
<pin_list>
<pin id="261" dir="0" index="0" bw="64" slack="2"/>
<pin id="262" dir="1" index="1" bw="64" slack="0"/>
</pin_list>
<bind>
<opcode="load(27) " fcode="load"/>
<opset="c_2_0_loc_load/3 "/>
</bind>
</comp>

<comp id="264" class="1004" name="c_3_0_loc_load_load_fu_264">
<pin_list>
<pin id="265" dir="0" index="0" bw="64" slack="2"/>
<pin id="266" dir="1" index="1" bw="64" slack="0"/>
</pin_list>
<bind>
<opcode="load(27) " fcode="load"/>
<opset="c_3_0_loc_load/3 "/>
</bind>
</comp>

<comp id="268" class="1004" name="c_4_0_loc_load_load_fu_268">
<pin_list>
<pin id="269" dir="0" index="0" bw="64" slack="2"/>
<pin id="270" dir="1" index="1" bw="64" slack="0"/>
</pin_list>
<bind>
<opcode="load(27) " fcode="load"/>
<opset="c_4_0_loc_load/3 "/>
</bind>
</comp>

<comp id="272" class="1004" name="c_5_0_loc_load_load_fu_272">
<pin_list>
<pin id="273" dir="0" index="0" bw="64" slack="2"/>
<pin id="274" dir="1" index="1" bw="64" slack="0"/>
</pin_list>
<bind>
<opcode="load(27) " fcode="load"/>
<opset="c_5_0_loc_load/3 "/>
</bind>
</comp>

<comp id="276" class="1004" name="c_6_0_loc_load_load_fu_276">
<pin_list>
<pin id="277" dir="0" index="0" bw="64" slack="2"/>
<pin id="278" dir="1" index="1" bw="64" slack="0"/>
</pin_list>
<bind>
<opcode="load(27) " fcode="load"/>
<opset="c_6_0_loc_load/3 "/>
</bind>
</comp>

<comp id="280" class="1004" name="c_7_0_loc_load_load_fu_280">
<pin_list>
<pin id="281" dir="0" index="0" bw="64" slack="2"/>
<pin id="282" dir="1" index="1" bw="64" slack="0"/>
</pin_list>
<bind>
<opcode="load(27) " fcode="load"/>
<opset="c_7_0_loc_load/3 "/>
</bind>
</comp>

<comp id="284" class="1004" name="c_0_2_loc_load_load_fu_284">
<pin_list>
<pin id="285" dir="0" index="0" bw="64" slack="4"/>
<pin id="286" dir="1" index="1" bw="64" slack="0"/>
</pin_list>
<bind>
<opcode="load(27) " fcode="load"/>
<opset="c_0_2_loc_load/5 "/>
</bind>
</comp>

<comp id="288" class="1004" name="c_1_2_loc_load_load_fu_288">
<pin_list>
<pin id="289" dir="0" index="0" bw="64" slack="4"/>
<pin id="290" dir="1" index="1" bw="64" slack="0"/>
</pin_list>
<bind>
<opcode="load(27) " fcode="load"/>
<opset="c_1_2_loc_load/5 "/>
</bind>
</comp>

<comp id="292" class="1004" name="c_2_2_loc_load_load_fu_292">
<pin_list>
<pin id="293" dir="0" index="0" bw="64" slack="4"/>
<pin id="294" dir="1" index="1" bw="64" slack="0"/>
</pin_list>
<bind>
<opcode="load(27) " fcode="load"/>
<opset="c_2_2_loc_load/5 "/>
</bind>
</comp>

<comp id="296" class="1004" name="c_3_2_loc_load_load_fu_296">
<pin_list>
<pin id="297" dir="0" index="0" bw="64" slack="4"/>
<pin id="298" dir="1" index="1" bw="64" slack="0"/>
</pin_list>
<bind>
<opcode="load(27) " fcode="load"/>
<opset="c_3_2_loc_load/5 "/>
</bind>
</comp>

<comp id="300" class="1004" name="c_4_2_loc_load_load_fu_300">
<pin_list>
<pin id="301" dir="0" index="0" bw="64" slack="4"/>
<pin id="302" dir="1" index="1" bw="64" slack="0"/>
</pin_list>
<bind>
<opcode="load(27) " fcode="load"/>
<opset="c_4_2_loc_load/5 "/>
</bind>
</comp>

<comp id="304" class="1004" name="c_5_2_loc_load_load_fu_304">
<pin_list>
<pin id="305" dir="0" index="0" bw="64" slack="4"/>
<pin id="306" dir="1" index="1" bw="64" slack="0"/>
</pin_list>
<bind>
<opcode="load(27) " fcode="load"/>
<opset="c_5_2_loc_load/5 "/>
</bind>
</comp>

<comp id="308" class="1004" name="c_6_2_loc_load_load_fu_308">
<pin_list>
<pin id="309" dir="0" index="0" bw="64" slack="4"/>
<pin id="310" dir="1" index="1" bw="64" slack="0"/>
</pin_list>
<bind>
<opcode="load(27) " fcode="load"/>
<opset="c_6_2_loc_load/5 "/>
</bind>
</comp>

<comp id="312" class="1004" name="c_7_2_loc_load_load_fu_312">
<pin_list>
<pin id="313" dir="0" index="0" bw="64" slack="4"/>
<pin id="314" dir="1" index="1" bw="64" slack="0"/>
</pin_list>
<bind>
<opcode="load(27) " fcode="load"/>
<opset="c_7_2_loc_load/5 "/>
</bind>
</comp>

<comp id="316" class="1004" name="carry_loc_load_load_fu_316">
<pin_list>
<pin id="317" dir="0" index="0" bw="1" slack="4"/>
<pin id="318" dir="1" index="1" bw="1" slack="0"/>
</pin_list>
<bind>
<opcode="load(27) " fcode="load"/>
<opset="carry_loc_load/5 "/>
</bind>
</comp>

<comp id="320" class="1004" name="c_0_4_loc_load_load_fu_320">
<pin_list>
<pin id="321" dir="0" index="0" bw="64" slack="6"/>
<pin id="322" dir="1" index="1" bw="64" slack="0"/>
</pin_list>
<bind>
<opcode="load(27) " fcode="load"/>
<opset="c_0_4_loc_load/7 "/>
</bind>
</comp>

<comp id="323" class="1004" name="c_1_4_loc_load_load_fu_323">
<pin_list>
<pin id="324" dir="0" index="0" bw="64" slack="6"/>
<pin id="325" dir="1" index="1" bw="64" slack="0"/>
</pin_list>
<bind>
<opcode="load(27) " fcode="load"/>
<opset="c_1_4_loc_load/7 "/>
</bind>
</comp>

<comp id="326" class="1004" name="c_2_4_loc_load_load_fu_326">
<pin_list>
<pin id="327" dir="0" index="0" bw="64" slack="6"/>
<pin id="328" dir="1" index="1" bw="64" slack="0"/>
</pin_list>
<bind>
<opcode="load(27) " fcode="load"/>
<opset="c_2_4_loc_load/7 "/>
</bind>
</comp>

<comp id="329" class="1004" name="c_3_4_loc_load_load_fu_329">
<pin_list>
<pin id="330" dir="0" index="0" bw="64" slack="6"/>
<pin id="331" dir="1" index="1" bw="64" slack="0"/>
</pin_list>
<bind>
<opcode="load(27) " fcode="load"/>
<opset="c_3_4_loc_load/7 "/>
</bind>
</comp>

<comp id="332" class="1004" name="c_4_4_loc_load_load_fu_332">
<pin_list>
<pin id="333" dir="0" index="0" bw="64" slack="6"/>
<pin id="334" dir="1" index="1" bw="64" slack="0"/>
</pin_list>
<bind>
<opcode="load(27) " fcode="load"/>
<opset="c_4_4_loc_load/7 "/>
</bind>
</comp>

<comp id="335" class="1004" name="c_5_4_loc_load_load_fu_335">
<pin_list>
<pin id="336" dir="0" index="0" bw="64" slack="6"/>
<pin id="337" dir="1" index="1" bw="64" slack="0"/>
</pin_list>
<bind>
<opcode="load(27) " fcode="load"/>
<opset="c_5_4_loc_load/7 "/>
</bind>
</comp>

<comp id="338" class="1004" name="c_6_4_loc_load_load_fu_338">
<pin_list>
<pin id="339" dir="0" index="0" bw="64" slack="6"/>
<pin id="340" dir="1" index="1" bw="64" slack="0"/>
</pin_list>
<bind>
<opcode="load(27) " fcode="load"/>
<opset="c_6_4_loc_load/7 "/>
</bind>
</comp>

<comp id="341" class="1004" name="c_7_4_loc_load_load_fu_341">
<pin_list>
<pin id="342" dir="0" index="0" bw="64" slack="6"/>
<pin id="343" dir="1" index="1" bw="64" slack="0"/>
</pin_list>
<bind>
<opcode="load(27) " fcode="load"/>
<opset="c_7_4_loc_load/7 "/>
</bind>
</comp>

<comp id="344" class="1004" name="mrv_fu_344">
<pin_list>
<pin id="345" dir="0" index="0" bw="512" slack="0"/>
<pin id="346" dir="0" index="1" bw="64" slack="0"/>
<pin id="347" dir="1" index="2" bw="512" slack="0"/>
</pin_list>
<bind>
<opcode="insertvalue(57) " fcode="insertvalue"/>
<opset="mrv/7 "/>
</bind>
</comp>

<comp id="350" class="1004" name="mrv_1_fu_350">
<pin_list>
<pin id="351" dir="0" index="0" bw="512" slack="0"/>
<pin id="352" dir="0" index="1" bw="64" slack="0"/>
<pin id="353" dir="1" index="2" bw="512" slack="0"/>
</pin_list>
<bind>
<opcode="insertvalue(57) " fcode="insertvalue"/>
<opset="mrv_1/7 "/>
</bind>
</comp>

<comp id="356" class="1004" name="mrv_2_fu_356">
<pin_list>
<pin id="357" dir="0" index="0" bw="512" slack="0"/>
<pin id="358" dir="0" index="1" bw="64" slack="0"/>
<pin id="359" dir="1" index="2" bw="512" slack="0"/>
</pin_list>
<bind>
<opcode="insertvalue(57) " fcode="insertvalue"/>
<opset="mrv_2/7 "/>
</bind>
</comp>

<comp id="362" class="1004" name="mrv_3_fu_362">
<pin_list>
<pin id="363" dir="0" index="0" bw="512" slack="0"/>
<pin id="364" dir="0" index="1" bw="64" slack="0"/>
<pin id="365" dir="1" index="2" bw="512" slack="0"/>
</pin_list>
<bind>
<opcode="insertvalue(57) " fcode="insertvalue"/>
<opset="mrv_3/7 "/>
</bind>
</comp>

<comp id="368" class="1004" name="mrv_4_fu_368">
<pin_list>
<pin id="369" dir="0" index="0" bw="512" slack="0"/>
<pin id="370" dir="0" index="1" bw="64" slack="0"/>
<pin id="371" dir="1" index="2" bw="512" slack="0"/>
</pin_list>
<bind>
<opcode="insertvalue(57) " fcode="insertvalue"/>
<opset="mrv_4/7 "/>
</bind>
</comp>

<comp id="374" class="1004" name="mrv_5_fu_374">
<pin_list>
<pin id="375" dir="0" index="0" bw="512" slack="0"/>
<pin id="376" dir="0" index="1" bw="64" slack="0"/>
<pin id="377" dir="1" index="2" bw="512" slack="0"/>
</pin_list>
<bind>
<opcode="insertvalue(57) " fcode="insertvalue"/>
<opset="mrv_5/7 "/>
</bind>
</comp>

<comp id="380" class="1004" name="mrv_6_fu_380">
<pin_list>
<pin id="381" dir="0" index="0" bw="512" slack="0"/>
<pin id="382" dir="0" index="1" bw="64" slack="0"/>
<pin id="383" dir="1" index="2" bw="512" slack="0"/>
</pin_list>
<bind>
<opcode="insertvalue(57) " fcode="insertvalue"/>
<opset="mrv_6/7 "/>
</bind>
</comp>

<comp id="386" class="1004" name="mrv_7_fu_386">
<pin_list>
<pin id="387" dir="0" index="0" bw="512" slack="0"/>
<pin id="388" dir="0" index="1" bw="64" slack="0"/>
<pin id="389" dir="1" index="2" bw="512" slack="2147483647"/>
</pin_list>
<bind>
<opcode="insertvalue(57) " fcode="insertvalue"/>
<opset="mrv_7/7 "/>
</bind>
</comp>

<comp id="392" class="1005" name="a_read_434_reg_392">
<pin_list>
<pin id="393" dir="0" index="0" bw="64" slack="1"/>
<pin id="394" dir="1" index="1" bw="64" slack="1"/>
</pin_list>
<bind>
<opset="a_read_434 "/>
</bind>
</comp>

<comp id="397" class="1005" name="a_read_435_reg_397">
<pin_list>
<pin id="398" dir="0" index="0" bw="64" slack="1"/>
<pin id="399" dir="1" index="1" bw="64" slack="1"/>
</pin_list>
<bind>
<opset="a_read_435 "/>
</bind>
</comp>

<comp id="402" class="1005" name="a_read_436_reg_402">
<pin_list>
<pin id="403" dir="0" index="0" bw="64" slack="1"/>
<pin id="404" dir="1" index="1" bw="64" slack="1"/>
</pin_list>
<bind>
<opset="a_read_436 "/>
</bind>
</comp>

<comp id="407" class="1005" name="a_read_437_reg_407">
<pin_list>
<pin id="408" dir="0" index="0" bw="64" slack="1"/>
<pin id="409" dir="1" index="1" bw="64" slack="1"/>
</pin_list>
<bind>
<opset="a_read_437 "/>
</bind>
</comp>

<comp id="412" class="1005" name="a_read_438_reg_412">
<pin_list>
<pin id="413" dir="0" index="0" bw="64" slack="1"/>
<pin id="414" dir="1" index="1" bw="64" slack="1"/>
</pin_list>
<bind>
<opset="a_read_438 "/>
</bind>
</comp>

<comp id="417" class="1005" name="a_read_439_reg_417">
<pin_list>
<pin id="418" dir="0" index="0" bw="64" slack="1"/>
<pin id="419" dir="1" index="1" bw="64" slack="1"/>
</pin_list>
<bind>
<opset="a_read_439 "/>
</bind>
</comp>

<comp id="422" class="1005" name="a_read_440_reg_422">
<pin_list>
<pin id="423" dir="0" index="0" bw="64" slack="1"/>
<pin id="424" dir="1" index="1" bw="64" slack="1"/>
</pin_list>
<bind>
<opset="a_read_440 "/>
</bind>
</comp>

<comp id="427" class="1005" name="a_read14_reg_427">
<pin_list>
<pin id="428" dir="0" index="0" bw="64" slack="1"/>
<pin id="429" dir="1" index="1" bw="64" slack="1"/>
</pin_list>
<bind>
<opset="a_read14 "/>
</bind>
</comp>

<comp id="432" class="1005" name="c_7_4_loc_reg_432">
<pin_list>
<pin id="433" dir="0" index="0" bw="64" slack="4"/>
<pin id="434" dir="1" index="1" bw="64" slack="4"/>
</pin_list>
<bind>
<opset="c_7_4_loc "/>
</bind>
</comp>

<comp id="438" class="1005" name="c_6_4_loc_reg_438">
<pin_list>
<pin id="439" dir="0" index="0" bw="64" slack="4"/>
<pin id="440" dir="1" index="1" bw="64" slack="4"/>
</pin_list>
<bind>
<opset="c_6_4_loc "/>
</bind>
</comp>

<comp id="444" class="1005" name="c_5_4_loc_reg_444">
<pin_list>
<pin id="445" dir="0" index="0" bw="64" slack="4"/>
<pin id="446" dir="1" index="1" bw="64" slack="4"/>
</pin_list>
<bind>
<opset="c_5_4_loc "/>
</bind>
</comp>

<comp id="450" class="1005" name="c_4_4_loc_reg_450">
<pin_list>
<pin id="451" dir="0" index="0" bw="64" slack="4"/>
<pin id="452" dir="1" index="1" bw="64" slack="4"/>
</pin_list>
<bind>
<opset="c_4_4_loc "/>
</bind>
</comp>

<comp id="456" class="1005" name="c_3_4_loc_reg_456">
<pin_list>
<pin id="457" dir="0" index="0" bw="64" slack="4"/>
<pin id="458" dir="1" index="1" bw="64" slack="4"/>
</pin_list>
<bind>
<opset="c_3_4_loc "/>
</bind>
</comp>

<comp id="462" class="1005" name="c_2_4_loc_reg_462">
<pin_list>
<pin id="463" dir="0" index="0" bw="64" slack="4"/>
<pin id="464" dir="1" index="1" bw="64" slack="4"/>
</pin_list>
<bind>
<opset="c_2_4_loc "/>
</bind>
</comp>

<comp id="468" class="1005" name="c_1_4_loc_reg_468">
<pin_list>
<pin id="469" dir="0" index="0" bw="64" slack="4"/>
<pin id="470" dir="1" index="1" bw="64" slack="4"/>
</pin_list>
<bind>
<opset="c_1_4_loc "/>
</bind>
</comp>

<comp id="474" class="1005" name="c_0_4_loc_reg_474">
<pin_list>
<pin id="475" dir="0" index="0" bw="64" slack="4"/>
<pin id="476" dir="1" index="1" bw="64" slack="4"/>
</pin_list>
<bind>
<opset="c_0_4_loc "/>
</bind>
</comp>

<comp id="480" class="1005" name="carry_loc_reg_480">
<pin_list>
<pin id="481" dir="0" index="0" bw="1" slack="2"/>
<pin id="482" dir="1" index="1" bw="1" slack="2"/>
</pin_list>
<bind>
<opset="carry_loc "/>
</bind>
</comp>

<comp id="486" class="1005" name="c_7_2_loc_reg_486">
<pin_list>
<pin id="487" dir="0" index="0" bw="64" slack="2"/>
<pin id="488" dir="1" index="1" bw="64" slack="2"/>
</pin_list>
<bind>
<opset="c_7_2_loc "/>
</bind>
</comp>

<comp id="492" class="1005" name="c_6_2_loc_reg_492">
<pin_list>
<pin id="493" dir="0" index="0" bw="64" slack="2"/>
<pin id="494" dir="1" index="1" bw="64" slack="2"/>
</pin_list>
<bind>
<opset="c_6_2_loc "/>
</bind>
</comp>

<comp id="498" class="1005" name="c_5_2_loc_reg_498">
<pin_list>
<pin id="499" dir="0" index="0" bw="64" slack="2"/>
<pin id="500" dir="1" index="1" bw="64" slack="2"/>
</pin_list>
<bind>
<opset="c_5_2_loc "/>
</bind>
</comp>

<comp id="504" class="1005" name="c_4_2_loc_reg_504">
<pin_list>
<pin id="505" dir="0" index="0" bw="64" slack="2"/>
<pin id="506" dir="1" index="1" bw="64" slack="2"/>
</pin_list>
<bind>
<opset="c_4_2_loc "/>
</bind>
</comp>

<comp id="510" class="1005" name="c_3_2_loc_reg_510">
<pin_list>
<pin id="511" dir="0" index="0" bw="64" slack="2"/>
<pin id="512" dir="1" index="1" bw="64" slack="2"/>
</pin_list>
<bind>
<opset="c_3_2_loc "/>
</bind>
</comp>

<comp id="516" class="1005" name="c_2_2_loc_reg_516">
<pin_list>
<pin id="517" dir="0" index="0" bw="64" slack="2"/>
<pin id="518" dir="1" index="1" bw="64" slack="2"/>
</pin_list>
<bind>
<opset="c_2_2_loc "/>
</bind>
</comp>

<comp id="522" class="1005" name="c_1_2_loc_reg_522">
<pin_list>
<pin id="523" dir="0" index="0" bw="64" slack="2"/>
<pin id="524" dir="1" index="1" bw="64" slack="2"/>
</pin_list>
<bind>
<opset="c_1_2_loc "/>
</bind>
</comp>

<comp id="528" class="1005" name="c_0_2_loc_reg_528">
<pin_list>
<pin id="529" dir="0" index="0" bw="64" slack="2"/>
<pin id="530" dir="1" index="1" bw="64" slack="2"/>
</pin_list>
<bind>
<opset="c_0_2_loc "/>
</bind>
</comp>

<comp id="534" class="1005" name="c_7_0_loc_reg_534">
<pin_list>
<pin id="535" dir="0" index="0" bw="64" slack="0"/>
<pin id="536" dir="1" index="1" bw="64" slack="0"/>
</pin_list>
<bind>
<opset="c_7_0_loc "/>
</bind>
</comp>

<comp id="540" class="1005" name="c_6_0_loc_reg_540">
<pin_list>
<pin id="541" dir="0" index="0" bw="64" slack="0"/>
<pin id="542" dir="1" index="1" bw="64" slack="0"/>
</pin_list>
<bind>
<opset="c_6_0_loc "/>
</bind>
</comp>

<comp id="546" class="1005" name="c_5_0_loc_reg_546">
<pin_list>
<pin id="547" dir="0" index="0" bw="64" slack="0"/>
<pin id="548" dir="1" index="1" bw="64" slack="0"/>
</pin_list>
<bind>
<opset="c_5_0_loc "/>
</bind>
</comp>

<comp id="552" class="1005" name="c_4_0_loc_reg_552">
<pin_list>
<pin id="553" dir="0" index="0" bw="64" slack="0"/>
<pin id="554" dir="1" index="1" bw="64" slack="0"/>
</pin_list>
<bind>
<opset="c_4_0_loc "/>
</bind>
</comp>

<comp id="558" class="1005" name="c_3_0_loc_reg_558">
<pin_list>
<pin id="559" dir="0" index="0" bw="64" slack="0"/>
<pin id="560" dir="1" index="1" bw="64" slack="0"/>
</pin_list>
<bind>
<opset="c_3_0_loc "/>
</bind>
</comp>

<comp id="564" class="1005" name="c_2_0_loc_reg_564">
<pin_list>
<pin id="565" dir="0" index="0" bw="64" slack="0"/>
<pin id="566" dir="1" index="1" bw="64" slack="0"/>
</pin_list>
<bind>
<opset="c_2_0_loc "/>
</bind>
</comp>

<comp id="570" class="1005" name="c_1_0_loc_reg_570">
<pin_list>
<pin id="571" dir="0" index="0" bw="64" slack="0"/>
<pin id="572" dir="1" index="1" bw="64" slack="0"/>
</pin_list>
<bind>
<opset="c_1_0_loc "/>
</bind>
</comp>

<comp id="576" class="1005" name="c_0_0_loc_reg_576">
<pin_list>
<pin id="577" dir="0" index="0" bw="64" slack="0"/>
<pin id="578" dir="1" index="1" bw="64" slack="0"/>
</pin_list>
<bind>
<opset="c_0_0_loc "/>
</bind>
</comp>

</comp_list>

<net_list>
<net id="33"><net_src comp="20" pin="0"/><net_sink comp="30" pin=0"/></net>

<net id="37"><net_src comp="20" pin="0"/><net_sink comp="34" pin=0"/></net>

<net id="41"><net_src comp="20" pin="0"/><net_sink comp="38" pin=0"/></net>

<net id="45"><net_src comp="20" pin="0"/><net_sink comp="42" pin=0"/></net>

<net id="49"><net_src comp="20" pin="0"/><net_sink comp="46" pin=0"/></net>

<net id="53"><net_src comp="20" pin="0"/><net_sink comp="50" pin=0"/></net>

<net id="57"><net_src comp="20" pin="0"/><net_sink comp="54" pin=0"/></net>

<net id="61"><net_src comp="20" pin="0"/><net_sink comp="58" pin=0"/></net>

<net id="65"><net_src comp="20" pin="0"/><net_sink comp="62" pin=0"/></net>

<net id="69"><net_src comp="20" pin="0"/><net_sink comp="66" pin=0"/></net>

<net id="73"><net_src comp="20" pin="0"/><net_sink comp="70" pin=0"/></net>

<net id="77"><net_src comp="20" pin="0"/><net_sink comp="74" pin=0"/></net>

<net id="81"><net_src comp="20" pin="0"/><net_sink comp="78" pin=0"/></net>

<net id="85"><net_src comp="20" pin="0"/><net_sink comp="82" pin=0"/></net>

<net id="89"><net_src comp="20" pin="0"/><net_sink comp="86" pin=0"/></net>

<net id="93"><net_src comp="20" pin="0"/><net_sink comp="90" pin=0"/></net>

<net id="97"><net_src comp="20" pin="0"/><net_sink comp="94" pin=0"/></net>

<net id="101"><net_src comp="20" pin="0"/><net_sink comp="98" pin=0"/></net>

<net id="105"><net_src comp="20" pin="0"/><net_sink comp="102" pin=0"/></net>

<net id="109"><net_src comp="20" pin="0"/><net_sink comp="106" pin=0"/></net>

<net id="113"><net_src comp="20" pin="0"/><net_sink comp="110" pin=0"/></net>

<net id="117"><net_src comp="20" pin="0"/><net_sink comp="114" pin=0"/></net>

<net id="121"><net_src comp="20" pin="0"/><net_sink comp="118" pin=0"/></net>

<net id="125"><net_src comp="20" pin="0"/><net_sink comp="122" pin=0"/></net>

<net id="129"><net_src comp="20" pin="0"/><net_sink comp="126" pin=0"/></net>

<net id="134"><net_src comp="18" pin="0"/><net_sink comp="130" pin=0"/></net>

<net id="135"><net_src comp="14" pin="0"/><net_sink comp="130" pin=1"/></net>

<net id="140"><net_src comp="18" pin="0"/><net_sink comp="136" pin=0"/></net>

<net id="141"><net_src comp="12" pin="0"/><net_sink comp="136" pin=1"/></net>

<net id="146"><net_src comp="18" pin="0"/><net_sink comp="142" pin=0"/></net>

<net id="147"><net_src comp="10" pin="0"/><net_sink comp="142" pin=1"/></net>

<net id="152"><net_src comp="18" pin="0"/><net_sink comp="148" pin=0"/></net>

<net id="153"><net_src comp="8" pin="0"/><net_sink comp="148" pin=1"/></net>

<net id="158"><net_src comp="18" pin="0"/><net_sink comp="154" pin=0"/></net>

<net id="159"><net_src comp="6" pin="0"/><net_sink comp="154" pin=1"/></net>

<net id="164"><net_src comp="18" pin="0"/><net_sink comp="160" pin=0"/></net>

<net id="165"><net_src comp="4" pin="0"/><net_sink comp="160" pin=1"/></net>

<net id="170"><net_src comp="18" pin="0"/><net_sink comp="166" pin=0"/></net>

<net id="171"><net_src comp="2" pin="0"/><net_sink comp="166" pin=1"/></net>

<net id="176"><net_src comp="18" pin="0"/><net_sink comp="172" pin=0"/></net>

<net id="177"><net_src comp="0" pin="0"/><net_sink comp="172" pin=1"/></net>

<net id="197"><net_src comp="22" pin="0"/><net_sink comp="178" pin=0"/></net>

<net id="198"><net_src comp="172" pin="2"/><net_sink comp="178" pin=1"/></net>

<net id="199"><net_src comp="166" pin="2"/><net_sink comp="178" pin=2"/></net>

<net id="200"><net_src comp="160" pin="2"/><net_sink comp="178" pin=3"/></net>

<net id="201"><net_src comp="154" pin="2"/><net_sink comp="178" pin=4"/></net>

<net id="202"><net_src comp="148" pin="2"/><net_sink comp="178" pin=5"/></net>

<net id="203"><net_src comp="142" pin="2"/><net_sink comp="178" pin=6"/></net>

<net id="204"><net_src comp="136" pin="2"/><net_sink comp="178" pin=7"/></net>

<net id="205"><net_src comp="130" pin="2"/><net_sink comp="178" pin=8"/></net>

<net id="227"><net_src comp="24" pin="0"/><net_sink comp="206" pin=0"/></net>

<net id="228"><net_src comp="16" pin="0"/><net_sink comp="206" pin=18"/></net>

<net id="250"><net_src comp="26" pin="0"/><net_sink comp="229" pin=0"/></net>

<net id="251"><net_src comp="16" pin="0"/><net_sink comp="229" pin=18"/></net>

<net id="255"><net_src comp="252" pin="1"/><net_sink comp="206" pin=1"/></net>

<net id="259"><net_src comp="256" pin="1"/><net_sink comp="206" pin=2"/></net>

<net id="263"><net_src comp="260" pin="1"/><net_sink comp="206" pin=3"/></net>

<net id="267"><net_src comp="264" pin="1"/><net_sink comp="206" pin=4"/></net>

<net id="271"><net_src comp="268" pin="1"/><net_sink comp="206" pin=5"/></net>

<net id="275"><net_src comp="272" pin="1"/><net_sink comp="206" pin=6"/></net>

<net id="279"><net_src comp="276" pin="1"/><net_sink comp="206" pin=7"/></net>

<net id="283"><net_src comp="280" pin="1"/><net_sink comp="206" pin=8"/></net>

<net id="287"><net_src comp="284" pin="1"/><net_sink comp="229" pin=1"/></net>

<net id="291"><net_src comp="288" pin="1"/><net_sink comp="229" pin=2"/></net>

<net id="295"><net_src comp="292" pin="1"/><net_sink comp="229" pin=3"/></net>

<net id="299"><net_src comp="296" pin="1"/><net_sink comp="229" pin=4"/></net>

<net id="303"><net_src comp="300" pin="1"/><net_sink comp="229" pin=5"/></net>

<net id="307"><net_src comp="304" pin="1"/><net_sink comp="229" pin=6"/></net>

<net id="311"><net_src comp="308" pin="1"/><net_sink comp="229" pin=7"/></net>

<net id="315"><net_src comp="312" pin="1"/><net_sink comp="229" pin=8"/></net>

<net id="319"><net_src comp="316" pin="1"/><net_sink comp="229" pin=9"/></net>

<net id="348"><net_src comp="28" pin="0"/><net_sink comp="344" pin=0"/></net>

<net id="349"><net_src comp="320" pin="1"/><net_sink comp="344" pin=1"/></net>

<net id="354"><net_src comp="344" pin="2"/><net_sink comp="350" pin=0"/></net>

<net id="355"><net_src comp="323" pin="1"/><net_sink comp="350" pin=1"/></net>

<net id="360"><net_src comp="350" pin="2"/><net_sink comp="356" pin=0"/></net>

<net id="361"><net_src comp="326" pin="1"/><net_sink comp="356" pin=1"/></net>

<net id="366"><net_src comp="356" pin="2"/><net_sink comp="362" pin=0"/></net>

<net id="367"><net_src comp="329" pin="1"/><net_sink comp="362" pin=1"/></net>

<net id="372"><net_src comp="362" pin="2"/><net_sink comp="368" pin=0"/></net>

<net id="373"><net_src comp="332" pin="1"/><net_sink comp="368" pin=1"/></net>

<net id="378"><net_src comp="368" pin="2"/><net_sink comp="374" pin=0"/></net>

<net id="379"><net_src comp="335" pin="1"/><net_sink comp="374" pin=1"/></net>

<net id="384"><net_src comp="374" pin="2"/><net_sink comp="380" pin=0"/></net>

<net id="385"><net_src comp="338" pin="1"/><net_sink comp="380" pin=1"/></net>

<net id="390"><net_src comp="380" pin="2"/><net_sink comp="386" pin=0"/></net>

<net id="391"><net_src comp="341" pin="1"/><net_sink comp="386" pin=1"/></net>

<net id="395"><net_src comp="130" pin="2"/><net_sink comp="392" pin=0"/></net>

<net id="396"><net_src comp="392" pin="1"/><net_sink comp="178" pin=8"/></net>

<net id="400"><net_src comp="136" pin="2"/><net_sink comp="397" pin=0"/></net>

<net id="401"><net_src comp="397" pin="1"/><net_sink comp="178" pin=7"/></net>

<net id="405"><net_src comp="142" pin="2"/><net_sink comp="402" pin=0"/></net>

<net id="406"><net_src comp="402" pin="1"/><net_sink comp="178" pin=6"/></net>

<net id="410"><net_src comp="148" pin="2"/><net_sink comp="407" pin=0"/></net>

<net id="411"><net_src comp="407" pin="1"/><net_sink comp="178" pin=5"/></net>

<net id="415"><net_src comp="154" pin="2"/><net_sink comp="412" pin=0"/></net>

<net id="416"><net_src comp="412" pin="1"/><net_sink comp="178" pin=4"/></net>

<net id="420"><net_src comp="160" pin="2"/><net_sink comp="417" pin=0"/></net>

<net id="421"><net_src comp="417" pin="1"/><net_sink comp="178" pin=3"/></net>

<net id="425"><net_src comp="166" pin="2"/><net_sink comp="422" pin=0"/></net>

<net id="426"><net_src comp="422" pin="1"/><net_sink comp="178" pin=2"/></net>

<net id="430"><net_src comp="172" pin="2"/><net_sink comp="427" pin=0"/></net>

<net id="431"><net_src comp="427" pin="1"/><net_sink comp="178" pin=1"/></net>

<net id="435"><net_src comp="30" pin="1"/><net_sink comp="432" pin=0"/></net>

<net id="436"><net_src comp="432" pin="1"/><net_sink comp="229" pin=17"/></net>

<net id="437"><net_src comp="432" pin="1"/><net_sink comp="341" pin=0"/></net>

<net id="441"><net_src comp="34" pin="1"/><net_sink comp="438" pin=0"/></net>

<net id="442"><net_src comp="438" pin="1"/><net_sink comp="229" pin=16"/></net>

<net id="443"><net_src comp="438" pin="1"/><net_sink comp="338" pin=0"/></net>

<net id="447"><net_src comp="38" pin="1"/><net_sink comp="444" pin=0"/></net>

<net id="448"><net_src comp="444" pin="1"/><net_sink comp="229" pin=15"/></net>

<net id="449"><net_src comp="444" pin="1"/><net_sink comp="335" pin=0"/></net>

<net id="453"><net_src comp="42" pin="1"/><net_sink comp="450" pin=0"/></net>

<net id="454"><net_src comp="450" pin="1"/><net_sink comp="229" pin=14"/></net>

<net id="455"><net_src comp="450" pin="1"/><net_sink comp="332" pin=0"/></net>

<net id="459"><net_src comp="46" pin="1"/><net_sink comp="456" pin=0"/></net>

<net id="460"><net_src comp="456" pin="1"/><net_sink comp="229" pin=13"/></net>

<net id="461"><net_src comp="456" pin="1"/><net_sink comp="329" pin=0"/></net>

<net id="465"><net_src comp="50" pin="1"/><net_sink comp="462" pin=0"/></net>

<net id="466"><net_src comp="462" pin="1"/><net_sink comp="229" pin=12"/></net>

<net id="467"><net_src comp="462" pin="1"/><net_sink comp="326" pin=0"/></net>

<net id="471"><net_src comp="54" pin="1"/><net_sink comp="468" pin=0"/></net>

<net id="472"><net_src comp="468" pin="1"/><net_sink comp="229" pin=11"/></net>

<net id="473"><net_src comp="468" pin="1"/><net_sink comp="323" pin=0"/></net>

<net id="477"><net_src comp="58" pin="1"/><net_sink comp="474" pin=0"/></net>

<net id="478"><net_src comp="474" pin="1"/><net_sink comp="229" pin=10"/></net>

<net id="479"><net_src comp="474" pin="1"/><net_sink comp="320" pin=0"/></net>

<net id="483"><net_src comp="62" pin="1"/><net_sink comp="480" pin=0"/></net>

<net id="484"><net_src comp="480" pin="1"/><net_sink comp="206" pin=17"/></net>

<net id="485"><net_src comp="480" pin="1"/><net_sink comp="316" pin=0"/></net>

<net id="489"><net_src comp="66" pin="1"/><net_sink comp="486" pin=0"/></net>

<net id="490"><net_src comp="486" pin="1"/><net_sink comp="206" pin=16"/></net>

<net id="491"><net_src comp="486" pin="1"/><net_sink comp="312" pin=0"/></net>

<net id="495"><net_src comp="70" pin="1"/><net_sink comp="492" pin=0"/></net>

<net id="496"><net_src comp="492" pin="1"/><net_sink comp="206" pin=15"/></net>

<net id="497"><net_src comp="492" pin="1"/><net_sink comp="308" pin=0"/></net>

<net id="501"><net_src comp="74" pin="1"/><net_sink comp="498" pin=0"/></net>

<net id="502"><net_src comp="498" pin="1"/><net_sink comp="206" pin=14"/></net>

<net id="503"><net_src comp="498" pin="1"/><net_sink comp="304" pin=0"/></net>

<net id="507"><net_src comp="78" pin="1"/><net_sink comp="504" pin=0"/></net>

<net id="508"><net_src comp="504" pin="1"/><net_sink comp="206" pin=13"/></net>

<net id="509"><net_src comp="504" pin="1"/><net_sink comp="300" pin=0"/></net>

<net id="513"><net_src comp="82" pin="1"/><net_sink comp="510" pin=0"/></net>

<net id="514"><net_src comp="510" pin="1"/><net_sink comp="206" pin=12"/></net>

<net id="515"><net_src comp="510" pin="1"/><net_sink comp="296" pin=0"/></net>

<net id="519"><net_src comp="86" pin="1"/><net_sink comp="516" pin=0"/></net>

<net id="520"><net_src comp="516" pin="1"/><net_sink comp="206" pin=11"/></net>

<net id="521"><net_src comp="516" pin="1"/><net_sink comp="292" pin=0"/></net>

<net id="525"><net_src comp="90" pin="1"/><net_sink comp="522" pin=0"/></net>

<net id="526"><net_src comp="522" pin="1"/><net_sink comp="206" pin=10"/></net>

<net id="527"><net_src comp="522" pin="1"/><net_sink comp="288" pin=0"/></net>

<net id="531"><net_src comp="94" pin="1"/><net_sink comp="528" pin=0"/></net>

<net id="532"><net_src comp="528" pin="1"/><net_sink comp="206" pin=9"/></net>

<net id="533"><net_src comp="528" pin="1"/><net_sink comp="284" pin=0"/></net>

<net id="537"><net_src comp="98" pin="1"/><net_sink comp="534" pin=0"/></net>

<net id="538"><net_src comp="534" pin="1"/><net_sink comp="178" pin=16"/></net>

<net id="539"><net_src comp="534" pin="1"/><net_sink comp="280" pin=0"/></net>

<net id="543"><net_src comp="102" pin="1"/><net_sink comp="540" pin=0"/></net>

<net id="544"><net_src comp="540" pin="1"/><net_sink comp="178" pin=15"/></net>

<net id="545"><net_src comp="540" pin="1"/><net_sink comp="276" pin=0"/></net>

<net id="549"><net_src comp="106" pin="1"/><net_sink comp="546" pin=0"/></net>

<net id="550"><net_src comp="546" pin="1"/><net_sink comp="178" pin=14"/></net>

<net id="551"><net_src comp="546" pin="1"/><net_sink comp="272" pin=0"/></net>

<net id="555"><net_src comp="110" pin="1"/><net_sink comp="552" pin=0"/></net>

<net id="556"><net_src comp="552" pin="1"/><net_sink comp="178" pin=13"/></net>

<net id="557"><net_src comp="552" pin="1"/><net_sink comp="268" pin=0"/></net>

<net id="561"><net_src comp="114" pin="1"/><net_sink comp="558" pin=0"/></net>

<net id="562"><net_src comp="558" pin="1"/><net_sink comp="178" pin=12"/></net>

<net id="563"><net_src comp="558" pin="1"/><net_sink comp="264" pin=0"/></net>

<net id="567"><net_src comp="118" pin="1"/><net_sink comp="564" pin=0"/></net>

<net id="568"><net_src comp="564" pin="1"/><net_sink comp="178" pin=11"/></net>

<net id="569"><net_src comp="564" pin="1"/><net_sink comp="260" pin=0"/></net>

<net id="573"><net_src comp="122" pin="1"/><net_sink comp="570" pin=0"/></net>

<net id="574"><net_src comp="570" pin="1"/><net_sink comp="178" pin=10"/></net>

<net id="575"><net_src comp="570" pin="1"/><net_sink comp="256" pin=0"/></net>

<net id="579"><net_src comp="126" pin="1"/><net_sink comp="576" pin=0"/></net>

<net id="580"><net_src comp="576" pin="1"/><net_sink comp="178" pin=9"/></net>

<net id="581"><net_src comp="576" pin="1"/><net_sink comp="252" pin=0"/></net>

</net_list>

</model> 
---------------- Datapath Model END ------------------

* FSMD analyzer results:
  - Output states:
 - Input state : 
	Port: fpadd503.6 : a_read | {1 }
	Port: fpadd503.6 : a_read_448 | {1 }
	Port: fpadd503.6 : a_read_449 | {1 }
	Port: fpadd503.6 : a_read_450 | {1 }
	Port: fpadd503.6 : a_read_451 | {1 }
	Port: fpadd503.6 : a_read_452 | {1 }
	Port: fpadd503.6 : a_read_453 | {1 }
	Port: fpadd503.6 : a_read_454 | {1 }
	Port: fpadd503.6 : p503x2_1 | {3 4 5 6 }
  - Chain level:
	State 1
		call_ln0 : 1
	State 2
	State 3
		call_ln0 : 1
	State 4
	State 5
		call_ln0 : 1
	State 6
	State 7
		mrv : 1
		mrv_1 : 2
		mrv_2 : 3
		mrv_3 : 4
		mrv_4 : 5
		mrv_5 : 6
		mrv_6 : 7
		mrv_7 : 8
		ret_ln50 : 9


============================================================
+ Verbose Summary: Datapath Resource usage 
============================================================

* Functional unit list:
|----------|------------------------------------------------|---------|---------|---------|
| Operation|                 Functional Unit                |  Delay  |    FF   |   LUT   |
|----------|------------------------------------------------|---------|---------|---------|
|          | grp_fpadd503_6_Pipeline_VITIS_LOOP_33_1_fu_178 |    0    |   518   |   595   |
|   call   | grp_fpadd503_6_Pipeline_VITIS_LOOP_39_2_fu_206 |  0.387  |   525   |   615   |
|          | grp_fpadd503_6_Pipeline_VITIS_LOOP_46_3_fu_229 |  0.387  |   589   |   670   |
|----------|------------------------------------------------|---------|---------|---------|
|          |             a_read_434_read_fu_130             |    0    |    0    |    0    |
|          |             a_read_435_read_fu_136             |    0    |    0    |    0    |
|          |             a_read_436_read_fu_142             |    0    |    0    |    0    |
|   read   |             a_read_437_read_fu_148             |    0    |    0    |    0    |
|          |             a_read_438_read_fu_154             |    0    |    0    |    0    |
|          |             a_read_439_read_fu_160             |    0    |    0    |    0    |
|          |             a_read_440_read_fu_166             |    0    |    0    |    0    |
|          |              a_read14_read_fu_172              |    0    |    0    |    0    |
|----------|------------------------------------------------|---------|---------|---------|
|          |                   mrv_fu_344                   |    0    |    0    |    0    |
|          |                  mrv_1_fu_350                  |    0    |    0    |    0    |
|          |                  mrv_2_fu_356                  |    0    |    0    |    0    |
|insertvalue|                  mrv_3_fu_362                  |    0    |    0    |    0    |
|          |                  mrv_4_fu_368                  |    0    |    0    |    0    |
|          |                  mrv_5_fu_374                  |    0    |    0    |    0    |
|          |                  mrv_6_fu_380                  |    0    |    0    |    0    |
|          |                  mrv_7_fu_386                  |    0    |    0    |    0    |
|----------|------------------------------------------------|---------|---------|---------|
|   Total  |                                                |  0.774  |   1632  |   1880  |
|----------|------------------------------------------------|---------|---------|---------|

Memories:
N/A

* Register list:
+------------------+--------+
|                  |   FF   |
+------------------+--------+
| a_read14_reg_427 |   64   |
|a_read_434_reg_392|   64   |
|a_read_435_reg_397|   64   |
|a_read_436_reg_402|   64   |
|a_read_437_reg_407|   64   |
|a_read_438_reg_412|   64   |
|a_read_439_reg_417|   64   |
|a_read_440_reg_422|   64   |
| c_0_0_loc_reg_576|   64   |
| c_0_2_loc_reg_528|   64   |
| c_0_4_loc_reg_474|   64   |
| c_1_0_loc_reg_570|   64   |
| c_1_2_loc_reg_522|   64   |
| c_1_4_loc_reg_468|   64   |
| c_2_0_loc_reg_564|   64   |
| c_2_2_loc_reg_516|   64   |
| c_2_4_loc_reg_462|   64   |
| c_3_0_loc_reg_558|   64   |
| c_3_2_loc_reg_510|   64   |
| c_3_4_loc_reg_456|   64   |
| c_4_0_loc_reg_552|   64   |
| c_4_2_loc_reg_504|   64   |
| c_4_4_loc_reg_450|   64   |
| c_5_0_loc_reg_546|   64   |
| c_5_2_loc_reg_498|   64   |
| c_5_4_loc_reg_444|   64   |
| c_6_0_loc_reg_540|   64   |
| c_6_2_loc_reg_492|   64   |
| c_6_4_loc_reg_438|   64   |
| c_7_0_loc_reg_534|   64   |
| c_7_2_loc_reg_486|   64   |
| c_7_4_loc_reg_432|   64   |
| carry_loc_reg_480|    1   |
+------------------+--------+
|       Total      |  2049  |
+------------------+--------+

* Multiplexer (MUX) list: 
|------------------------------------------------|------|------|------|--------||---------||---------||---------|
|                      Comp                      |  Pin | Size |  BW  | S x BW ||  Delay  ||    FF   ||   LUT   |
|------------------------------------------------|------|------|------|--------||---------||---------||---------|
| grp_fpadd503_6_Pipeline_VITIS_LOOP_33_1_fu_178 |  p1  |   2  |  64  |   128  ||    0    ||    9    |
| grp_fpadd503_6_Pipeline_VITIS_LOOP_33_1_fu_178 |  p2  |   2  |  64  |   128  ||    0    ||    9    |
| grp_fpadd503_6_Pipeline_VITIS_LOOP_33_1_fu_178 |  p3  |   2  |  64  |   128  ||    0    ||    9    |
| grp_fpadd503_6_Pipeline_VITIS_LOOP_33_1_fu_178 |  p4  |   2  |  64  |   128  ||    0    ||    9    |
| grp_fpadd503_6_Pipeline_VITIS_LOOP_33_1_fu_178 |  p5  |   2  |  64  |   128  ||    0    ||    9    |
| grp_fpadd503_6_Pipeline_VITIS_LOOP_33_1_fu_178 |  p6  |   2  |  64  |   128  ||    0    ||    9    |
| grp_fpadd503_6_Pipeline_VITIS_LOOP_33_1_fu_178 |  p7  |   2  |  64  |   128  ||    0    ||    9    |
| grp_fpadd503_6_Pipeline_VITIS_LOOP_33_1_fu_178 |  p8  |   2  |  64  |   128  ||    0    ||    9    |
|------------------------------------------------|------|------|------|--------||---------||---------||---------|
|                      Total                     |      |      |      |  1024  ||  3.096  ||    0    ||    72   |
|------------------------------------------------|------|------|------|--------||---------||---------||---------|



* Summary:
+-----------+--------+--------+--------+
|           |  Delay |   FF   |   LUT  |
+-----------+--------+--------+--------+
|  Function |    0   |  1632  |  1880  |
|   Memory  |    -   |    -   |    -   |
|Multiplexer|    3   |    0   |   72   |
|  Register |    -   |  2049  |    -   |
+-----------+--------+--------+--------+
|   Total   |    3   |  3681  |  1952  |
+-----------+--------+--------+--------+
