

================================================================
== Vitis HLS Report for 'fpadd503_145_2_Pipeline_VITIS_LOOP_29_1'
================================================================
* Date:           Wed Jul 30 16:56:11 2025

* Version:        2024.2.2 (Build 6049644 on Mar  5 2025)
* Project:        sikep503_hls
* Solution:       solution1 (Vivado IP Flow Target)
* Product family: virtexuplus58g
* Target device:  xcvu29p-fsga2577-2L-e


================================================================
== Performance Estimates
================================================================
+ Timing: 
    * Summary: 
    +--------+----------+----------+------------+
    |  Clock |  Target  | Estimated| Uncertainty|
    +--------+----------+----------+------------+
    |ap_clk  |  10.00 ns|  3.722 ns|     2.70 ns|
    +--------+----------+----------+------------+

+ Latency: 
    * Summary: 
    +---------+---------+----------+----------+-----+-----+------------------------------------------------+
    |  Latency (cycles) |  Latency (absolute) |  Interval |                    Pipeline                    |
    |   min   |   max   |    min   |    max   | min | max |                      Type                      |
    +---------+---------+----------+----------+-----+-----+------------------------------------------------+
    |       10|       10|  0.100 us|  0.100 us|    9|    9|  loop auto-rewind stp (delay=0 clock cycles(s))|
    +---------+---------+----------+----------+-----+-----+------------------------------------------------+

    + Detail: 
        * Instance: 
        N/A

        * Loop: 
        +-------------------+---------+---------+----------+-----------+-----------+------+----------+
        |                   |  Latency (cycles) | Iteration|  Initiation Interval  | Trip |          |
        |     Loop Name     |   min   |   max   |  Latency |  achieved |   target  | Count| Pipelined|
        +-------------------+---------+---------+----------+-----------+-----------+------+----------+
        |- VITIS_LOOP_29_1  |        8|        8|         2|          1|          1|     8|       yes|
        +-------------------+---------+---------+----------+-----------+-----------+------+----------+

============================================================
+ Verbose Summary: Synthesis Manager
============================================================
InlineROM: 1
ExposeGlobal: 0
============================================================
+ Verbose Summary: CDFG Model
============================================================
IsTopModel: 0
ResetActiveHigh: 1
IsCombinational: 0
IsDatapathOnly: 0
HasWiredReturn: 1
HasMFsm: 2
HasVarLatency: 1
IsPipeline: 0
IsRtlPipelined: 0
IsInstanceOverlapped: 0
IsDontTouch: 0
HasImplIP: 0
IsGatedGlobalClock: 0

+ Individual pipeline summary: 
  * Pipeline-0: initiation interval (II) = 1, depth = 2


============================================================
+ Verbose Summary: Schedule
============================================================
* Number of FSM states : 2
* Pipeline : 1
  Pipeline-0 : II = 1, D = 2, States = { 1 2 }
* Dataflow Pipeline: 0

* FSM state transitions: 
1 --> 2 
2 --> 

* FSM state operations: 

State 1 <SV = 0> <Delay = 1.80>
ST_1 : Operation 5 [1/1] (0.00ns)   --->   "%i = alloca i32 1" [src/generic/fp_generic.cpp:24]   --->   Operation 5 'alloca' 'i' <Predicate = true> <Delay = 0.00>
ST_1 : Operation 6 [1/1] (0.00ns)   --->   "%zext_ln31_30_read = read i4 @_ssdm_op_Read.ap_auto.i4, i4 %zext_ln31_30"   --->   Operation 6 'read' 'zext_ln31_30_read' <Predicate = true> <Delay = 0.00>
ST_1 : Operation 7 [1/1] (0.38ns)   --->   "%store_ln24 = store i4 0, i4 %i" [src/generic/fp_generic.cpp:24]   --->   Operation 7 'store' 'store_ln24' <Predicate = true> <Delay = 0.38>
ST_1 : Operation 8 [1/1] (0.38ns)   --->   "%br_ln0 = br void %for.inc"   --->   Operation 8 'br' 'br_ln0' <Predicate = true> <Delay = 0.38>
ST_1 : Operation 9 [1/1] (0.00ns)   --->   "%carry = phi i1 0, void %newFuncRoot, i1 %tmp, void %for.inc.split" [src/generic/fp_generic.cpp:29]   --->   Operation 9 'phi' 'carry' <Predicate = true> <Delay = 0.00>
ST_1 : Operation 10 [1/1] (0.00ns)   --->   "%i_232 = load i4 %i" [src/generic/fp_generic.cpp:31]   --->   Operation 10 'load' 'i_232' <Predicate = true> <Delay = 0.00>
ST_1 : Operation 11 [1/1] (0.70ns)   --->   "%icmp_ln29 = icmp_eq  i4 %i_232, i4 8" [src/generic/fp_generic.cpp:29]   --->   Operation 11 'icmp' 'icmp_ln29' <Predicate = true> <Delay = 0.70> <CoreInst = "Cmp">   --->   Core 9 'Cmp' <Latency = 0> <II = 1> <Delay = 0.70> <FuncUnit> <Opcode : 'seteq' 'setne' 'setle' 'setge' 'setlt' 'setgt'> <InPorts = 2> <OutPorts = 1>
ST_1 : Operation 12 [1/1] (0.70ns)   --->   "%add_ln29 = add i4 %i_232, i4 1" [src/generic/fp_generic.cpp:29]   --->   Operation 12 'add' 'add_ln29' <Predicate = true> <Delay = 0.70> <CoreInst = "Adder">   --->   Core 1 'Adder' <Latency = 0> <II = 1> <Delay = 0.70> <FuncUnit> <Opcode : 'add' 'sub'> <InPorts = 2> <OutPorts = 1>
ST_1 : Operation 13 [1/1] (0.00ns)   --->   "%br_ln29 = br i1 %icmp_ln29, void %for.inc.split, void %for.inc29.preheader.exitStub" [src/generic/fp_generic.cpp:29]   --->   Operation 13 'br' 'br_ln29' <Predicate = true> <Delay = 0.00>
ST_1 : Operation 14 [1/1] (0.70ns)   --->   "%add_ln31 = add i4 %zext_ln31_30_read, i4 %i_232" [src/generic/fp_generic.cpp:31]   --->   Operation 14 'add' 'add_ln31' <Predicate = (!icmp_ln29)> <Delay = 0.70> <CoreInst = "Adder">   --->   Core 1 'Adder' <Latency = 0> <II = 1> <Delay = 0.70> <FuncUnit> <Opcode : 'add' 'sub'> <InPorts = 2> <OutPorts = 1>
ST_1 : Operation 15 [1/1] (0.00ns)   --->   "%zext_ln31_41 = zext i4 %add_ln31" [src/generic/fp_generic.cpp:31]   --->   Operation 15 'zext' 'zext_ln31_41' <Predicate = (!icmp_ln29)> <Delay = 0.00>
ST_1 : Operation 16 [1/1] (0.00ns)   --->   "%c_addr = getelementptr i64 %c, i64 0, i64 %zext_ln31_41" [src/generic/fp_generic.cpp:31]   --->   Operation 16 'getelementptr' 'c_addr' <Predicate = (!icmp_ln29)> <Delay = 0.00>
ST_1 : Operation 17 [2/2] (0.71ns)   --->   "%c_load = load i4 %c_addr" [src/generic/fp_generic.cpp:31]   --->   Operation 17 'load' 'c_load' <Predicate = (!icmp_ln29)> <Delay = 0.71> <CoreInst = "RAM">   --->   Core 82 'RAM' <Latency = 1> <II = 1> <Delay = 0.71> <Storage> <Opcode : 'load' 'store'> <Ports = 2> <Width = 64> <Depth = 16> <RAM>
ST_1 : Operation 18 [1/1] (0.38ns)   --->   "%store_ln24 = store i4 %add_ln29, i4 %i" [src/generic/fp_generic.cpp:24]   --->   Operation 18 'store' 'store_ln24' <Predicate = (!icmp_ln29)> <Delay = 0.38>
ST_1 : Operation 39 [1/1] (0.38ns)   --->   "%ret_ln0 = ret"   --->   Operation 39 'ret' 'ret_ln0' <Predicate = (icmp_ln29)> <Delay = 0.38>

State 2 <SV = 1> <Delay = 3.72>
ST_2 : Operation 19 [1/1] (0.00ns)   --->   "%specpipeline_ln24 = specpipeline void @_ssdm_op_SpecPipeline, i32 4294967295, i32 0, i32 0, i32 0, void @empty_73" [src/generic/fp_generic.cpp:24]   --->   Operation 19 'specpipeline' 'specpipeline_ln24' <Predicate = (!icmp_ln29)> <Delay = 0.00>
ST_2 : Operation 20 [1/1] (0.00ns)   --->   "%speclooptripcount_ln24 = speclooptripcount void @_ssdm_op_SpecLoopTripCount, i64 8, i64 8, i64 8" [src/generic/fp_generic.cpp:24]   --->   Operation 20 'speclooptripcount' 'speclooptripcount_ln24' <Predicate = (!icmp_ln29)> <Delay = 0.00>
ST_2 : Operation 21 [1/1] (0.00ns)   --->   "%specloopname_ln29 = specloopname void @_ssdm_op_SpecLoopName, void @empty_8" [src/generic/fp_generic.cpp:29]   --->   Operation 21 'specloopname' 'specloopname_ln29' <Predicate = (!icmp_ln29)> <Delay = 0.00>
ST_2 : Operation 22 [1/2] ( I:0.71ns O:0.71ns )   --->   "%c_load = load i4 %c_addr" [src/generic/fp_generic.cpp:31]   --->   Operation 22 'load' 'c_load' <Predicate = (!icmp_ln29)> <Delay = 0.71> <CoreInst = "RAM">   --->   Core 82 'RAM' <Latency = 1> <II = 1> <Delay = 0.71> <Storage> <Opcode : 'load' 'store'> <Ports = 2> <Width = 64> <Depth = 16> <RAM>
ST_2 : Operation 23 [1/1] (0.00ns)   --->   "%zext_ln31 = zext i1 %carry" [src/generic/fp_generic.cpp:31]   --->   Operation 23 'zext' 'zext_ln31' <Predicate = (!icmp_ln29)> <Delay = 0.00>
ST_2 : Operation 24 [1/1] (1.14ns)   --->   "%tempReg = add i64 %c_load, i64 %zext_ln31" [src/generic/fp_generic.cpp:31]   --->   Operation 24 'add' 'tempReg' <Predicate = (!icmp_ln29)> <Delay = 1.14> <CoreInst = "Adder">   --->   Core 1 'Adder' <Latency = 0> <II = 1> <Delay = 1.14> <FuncUnit> <Opcode : 'add' 'sub'> <InPorts = 2> <OutPorts = 1>
ST_2 : Operation 25 [1/1] (1.14ns)   --->   "%add_ln31_31 = add i64 %c_load, i64 %tempReg" [src/generic/fp_generic.cpp:31]   --->   Operation 25 'add' 'add_ln31_31' <Predicate = (!icmp_ln29)> <Delay = 1.14> <CoreInst = "Adder">   --->   Core 1 'Adder' <Latency = 0> <II = 1> <Delay = 1.14> <FuncUnit> <Opcode : 'add' 'sub'> <InPorts = 2> <OutPorts = 1>
ST_2 : Operation 26 [1/1] ( I:0.71ns O:0.71ns )   --->   "%store_ln31 = store i64 %add_ln31_31, i4 %c_addr" [src/generic/fp_generic.cpp:31]   --->   Operation 26 'store' 'store_ln31' <Predicate = (!icmp_ln29)> <Delay = 0.71> <CoreInst = "RAM">   --->   Core 82 'RAM' <Latency = 1> <II = 1> <Delay = 0.71> <Storage> <Opcode : 'load' 'store'> <Ports = 2> <Width = 64> <Depth = 16> <RAM>
ST_2 : Operation 27 [1/1] (0.00ns) (grouped into LUT with out node xor_ln31_48)   --->   "%xor_ln31 = xor i64 %add_ln31_31, i64 %tempReg" [src/generic/fp_generic.cpp:31]   --->   Operation 27 'xor' 'xor_ln31' <Predicate = (!icmp_ln29)> <Delay = 0.00> <CoreInst = "LogicGate">   --->   Core 74 'LogicGate' <Latency = 0> <II = 1> <Delay = 0.28> <FuncUnit> <Opcode : 'and' 'or' 'xor'> <InPorts = 2> <OutPorts = 1>
ST_2 : Operation 28 [1/1] (0.00ns) (grouped into LUT with out node xor_ln31_48)   --->   "%xor_ln31_46 = xor i64 %c_load, i64 %tempReg" [src/generic/fp_generic.cpp:31]   --->   Operation 28 'xor' 'xor_ln31_46' <Predicate = (!icmp_ln29)> <Delay = 0.00> <CoreInst = "LogicGate">   --->   Core 74 'LogicGate' <Latency = 0> <II = 1> <Delay = 0.28> <FuncUnit> <Opcode : 'and' 'or' 'xor'> <InPorts = 2> <OutPorts = 1>
ST_2 : Operation 29 [1/1] (0.00ns) (grouped into LUT with out node xor_ln31_48)   --->   "%or_ln31 = or i64 %xor_ln31, i64 %xor_ln31_46" [src/generic/fp_generic.cpp:31]   --->   Operation 29 'or' 'or_ln31' <Predicate = (!icmp_ln29)> <Delay = 0.00> <CoreInst = "LogicGate">   --->   Core 74 'LogicGate' <Latency = 0> <II = 1> <Delay = 0.28> <FuncUnit> <Opcode : 'and' 'or' 'xor'> <InPorts = 2> <OutPorts = 1>
ST_2 : Operation 30 [1/1] (0.00ns) (grouped into LUT with out node or_ln31_16)   --->   "%bit_sel = bitselect i1 @_ssdm_op_BitSelect.i1.i64.i64, i64 %tempReg, i64 63" [src/generic/fp_generic.cpp:31]   --->   Operation 30 'bitselect' 'bit_sel' <Predicate = (!icmp_ln29)> <Delay = 0.00>
ST_2 : Operation 31 [1/1] (0.00ns) (grouped into LUT with out node or_ln31_16)   --->   "%xor_ln31_51 = xor i1 %bit_sel, i1 1" [src/generic/fp_generic.cpp:31]   --->   Operation 31 'xor' 'xor_ln31_51' <Predicate = (!icmp_ln29)> <Delay = 0.00> <CoreInst = "LogicGate">   --->   Core 74 'LogicGate' <Latency = 0> <II = 1> <Delay = 0.12> <FuncUnit> <Opcode : 'and' 'or' 'xor'> <InPorts = 2> <OutPorts = 1>
ST_2 : Operation 32 [1/1] (0.00ns) (grouped into LUT with out node or_ln31_16)   --->   "%trunc_ln31 = trunc i64 %tempReg" [src/generic/fp_generic.cpp:31]   --->   Operation 32 'trunc' 'trunc_ln31' <Predicate = (!icmp_ln29)> <Delay = 0.00>
ST_2 : Operation 33 [1/1] (0.00ns) (grouped into LUT with out node or_ln31_16)   --->   "%xor_ln31_s = bitconcatenate i64 @_ssdm_op_BitConcatenate.i64.i1.i63, i1 %xor_ln31_51, i63 %trunc_ln31" [src/generic/fp_generic.cpp:31]   --->   Operation 33 'bitconcatenate' 'xor_ln31_s' <Predicate = (!icmp_ln29)> <Delay = 0.00>
ST_2 : Operation 34 [1/1] (0.00ns) (grouped into LUT with out node or_ln31_16)   --->   "%and_ln31 = and i64 %c_load, i64 %xor_ln31_s" [src/generic/fp_generic.cpp:31]   --->   Operation 34 'and' 'and_ln31' <Predicate = (!icmp_ln29)> <Delay = 0.00> <CoreInst = "LogicGate">   --->   Core 74 'LogicGate' <Latency = 0> <II = 1> <Delay = 0.28> <FuncUnit> <Opcode : 'and' 'or' 'xor'> <InPorts = 2> <OutPorts = 1>
ST_2 : Operation 35 [1/1] (0.28ns) (out node of the LUT)   --->   "%xor_ln31_48 = xor i64 %or_ln31, i64 %add_ln31_31" [src/generic/fp_generic.cpp:31]   --->   Operation 35 'xor' 'xor_ln31_48' <Predicate = (!icmp_ln29)> <Delay = 0.28> <CoreInst = "LogicGate">   --->   Core 74 'LogicGate' <Latency = 0> <II = 1> <Delay = 0.28> <FuncUnit> <Opcode : 'and' 'or' 'xor'> <InPorts = 2> <OutPorts = 1>
ST_2 : Operation 36 [1/1] (0.28ns) (out node of the LUT)   --->   "%or_ln31_16 = or i64 %xor_ln31_48, i64 %and_ln31" [src/generic/fp_generic.cpp:31]   --->   Operation 36 'or' 'or_ln31_16' <Predicate = (!icmp_ln29)> <Delay = 0.28> <CoreInst = "LogicGate">   --->   Core 74 'LogicGate' <Latency = 0> <II = 1> <Delay = 0.28> <FuncUnit> <Opcode : 'and' 'or' 'xor'> <InPorts = 2> <OutPorts = 1>
ST_2 : Operation 37 [1/1] (0.00ns)   --->   "%tmp = bitselect i1 @_ssdm_op_BitSelect.i1.i64.i32, i64 %or_ln31_16, i32 63" [src/generic/fp_generic.cpp:29]   --->   Operation 37 'bitselect' 'tmp' <Predicate = (!icmp_ln29)> <Delay = 0.00>
ST_2 : Operation 38 [1/1] (0.00ns)   --->   "%br_ln29 = br void %for.inc" [src/generic/fp_generic.cpp:29]   --->   Operation 38 'br' 'br_ln29' <Predicate = (!icmp_ln29)> <Delay = 0.00>


============================================================
+ Verbose Summary: Timing violations
============================================================
Target clock period: 10.000ns, clock uncertainty: 2.700ns.

 <State 1>: 1.809ns
The critical path consists of the following:
	'store' operation 0 bit ('store_ln24', src/generic/fp_generic.cpp:24) of constant 0 on local variable 'i', src/generic/fp_generic.cpp:24 [5]  (0.387 ns)
	'load' operation 4 bit ('i', src/generic/fp_generic.cpp:31) on local variable 'i', src/generic/fp_generic.cpp:24 [9]  (0.000 ns)
	'add' operation 4 bit ('add_ln31', src/generic/fp_generic.cpp:31) [14]  (0.708 ns)
	'getelementptr' operation 4 bit ('c_addr', src/generic/fp_generic.cpp:31) [16]  (0.000 ns)
	'load' operation 64 bit ('c_load', src/generic/fp_generic.cpp:31) on array 'c' [20]  (0.714 ns)

 <State 2>: 3.722ns
The critical path consists of the following:
	'load' operation 64 bit ('c_load', src/generic/fp_generic.cpp:31) on array 'c' [20]  (0.714 ns)
	'add' operation 64 bit ('tempReg', src/generic/fp_generic.cpp:31) [22]  (1.147 ns)
	'add' operation 64 bit ('x', src/generic/fp_generic.cpp:31) [23]  (1.147 ns)
	'store' operation 0 bit ('store_ln31', src/generic/fp_generic.cpp:31) of variable 'x', src/generic/fp_generic.cpp:31 on array 'c' [24]  (0.714 ns)


============================================================
+ Verbose Summary: Binding
============================================================
N/A
* FSMD analyzer results:
  - Output states:
 - Input state : 
  - Chain level:
	State 1
	State 2


============================================================
+ Verbose Summary: Datapath Resource usage 
============================================================
N/A
