

================================================================
== Vitis HLS Report for 'fpadd503_5_Pipeline_VITIS_LOOP_33_1'
================================================================
* Date:           Sat Oct 25 18:46:00 2025

* Version:        2024.2.2 (Build 6049644 on Mar  5 2025)
* Project:        sikep503_hls
* Solution:       solution1 (Vivado IP Flow Target)
* Product family: virtexuplus58g
* Target device:  xcvu29p-fsga2577-2L-e


================================================================
== Performance Estimates
================================================================
+ Timing: 
    * Summary: 
    +--------+----------+----------+------------+
    |  Clock |  Target  | Estimated| Uncertainty|
    +--------+----------+----------+------------+
    |ap_clk  |  10.00 ns|  3.722 ns|     2.70 ns|
    +--------+----------+----------+------------+

+ Latency: 
    * Summary: 
    +---------+---------+----------+----------+-----+-----+------------------------------------------------+
    |  Latency (cycles) |  Latency (absolute) |  Interval |                    Pipeline                    |
    |   min   |   max   |    min   |    max   | min | max |                      Type                      |
    +---------+---------+----------+----------+-----+-----+------------------------------------------------+
    |       18|       18|  0.180 us|  0.180 us|   17|   17|  loop auto-rewind stp (delay=0 clock cycles(s))|
    +---------+---------+----------+----------+-----+-----+------------------------------------------------+

    + Detail: 
        * Instance: 
        N/A

        * Loop: 
        +-------------------+---------+---------+----------+-----------+-----------+------+----------+
        |                   |  Latency (cycles) | Iteration|  Initiation Interval  | Trip |          |
        |     Loop Name     |   min   |   max   |  Latency |  achieved |   target  | Count| Pipelined|
        +-------------------+---------+---------+----------+-----------+-----------+------+----------+
        |- VITIS_LOOP_33_1  |       16|       16|         2|          2|          1|     8|       yes|
        +-------------------+---------+---------+----------+-----------+-----------+------+----------+



================================================================
== Utilization Estimates
================================================================
* Summary: 
+---------------------+---------+-------+---------+---------+------+
|         Name        | BRAM_18K|  DSP  |    FF   |   LUT   | URAM |
+---------------------+---------+-------+---------+---------+------+
|DSP                  |        -|      -|        -|        -|     -|
|Expression           |        -|      -|        0|      615|     -|
|FIFO                 |        -|      -|        -|        -|     -|
|Instance             |        -|      -|        -|        -|     -|
|Memory               |        -|      -|        -|        -|     -|
|Multiplexer          |        -|      -|        0|       78|     -|
|Register             |        -|      -|       17|        -|     -|
+---------------------+---------+-------+---------+---------+------+
|Total                |        0|      0|       17|      693|     0|
+---------------------+---------+-------+---------+---------+------+
|Available SLR        |     1344|   3072|   864000|   432000|   320|
+---------------------+---------+-------+---------+---------+------+
|Utilization SLR (%)  |        0|      0|       ~0|       ~0|     0|
+---------------------+---------+-------+---------+---------+------+
|Available            |     5376|  12288|  3456000|  1728000|  1280|
+---------------------+---------+-------+---------+---------+------+
|Utilization (%)      |        0|      0|       ~0|       ~0|     0|
+---------------------+---------+-------+---------+---------+------+

+ Detail: 
    * Instance: 
    N/A

    * DSP: 
    N/A

    * Memory: 
    N/A

    * FIFO: 
    N/A

    * Expression: 
    +-----------------------+----------+----+---+----+------------+------------+
    |     Variable Name     | Operation| DSP| FF| LUT| Bitwidth P0| Bitwidth P1|
    +-----------------------+----------+----+---+----+------------+------------+
    |add_ln33_fu_126_p2     |         +|   0|  0|  12|           4|           1|
    |add_ln35_fu_174_p2     |         +|   0|  0|  71|          64|          64|
    |tempReg_fu_161_p2      |         +|   0|  0|  71|          64|          64|
    |and_ln35_fu_226_p2     |       and|   0|  0|  64|          64|          64|
    |icmp_ln33_fu_120_p2    |      icmp|   0|  0|  12|           4|           5|
    |or_ln35_1_fu_238_p2    |        or|   0|  0|  64|          64|          64|
    |or_ln35_fu_194_p2      |        or|   0|  0|  64|          64|          64|
    |select_ln35_fu_167_p3  |    select|   0|  0|  63|           1|          64|
    |xor_ln35_1_fu_188_p2   |       xor|   0|  0|  64|          64|          64|
    |xor_ln35_3_fu_232_p2   |       xor|   0|  0|  64|          64|          64|
    |xor_ln35_4_fu_208_p2   |       xor|   0|  0|   2|           1|           2|
    |xor_ln35_fu_182_p2     |       xor|   0|  0|  64|          64|          64|
    +-----------------------+----------+----+---+----+------------+------------+
    |Total                  |          |   0|  0| 615|         522|         584|
    +-----------------------+----------+----+---+----+------------+------------+

    * Multiplexer: 
    +------------------------+----+-----------+-----+-----------+
    |          Name          | LUT| Input Size| Bits| Total Bits|
    +------------------------+----+-----------+-----+-----------+
    |ap_NS_fsm               |  14|          3|    1|          3|
    |ap_done_int             |   9|          2|    1|          2|
    |ap_sig_allocacmp_i_217  |   9|          2|    4|          8|
    |c_0_address0_local      |  14|          3|    2|          6|
    |c_1_address0_local      |  14|          3|    2|          6|
    |carry_reg_101           |   9|          2|    1|          2|
    |i_fu_58                 |   9|          2|    4|          8|
    +------------------------+----+-----------+-----+-----------+
    |Total                   |  78|         17|   15|         35|
    +------------------------+----+-----------+-----+-----------+

    * Register: 
    +--------------------+---+----+-----+-----------+
    |        Name        | FF| LUT| Bits| Const Bits|
    +--------------------+---+----+-----+-----------+
    |add_ln33_reg_266    |  4|   0|    4|          0|
    |ap_CS_fsm           |  2|   0|    2|          0|
    |ap_done_reg         |  1|   0|    1|          0|
    |c_0_addr_reg_281    |  2|   0|    2|          0|
    |c_1_addr_reg_286    |  2|   0|    2|          0|
    |carry_reg_101       |  1|   0|    1|          0|
    |i_fu_58             |  4|   0|    4|          0|
    |trunc_ln33_reg_271  |  1|   0|    1|          0|
    +--------------------+---+----+-----+-----------+
    |Total               | 17|   0|   17|          0|
    +--------------------+---+----+-----+-----------+



================================================================
== Interface
================================================================
* Summary: 
+--------------+-----+-----+------------+-------------------------------------+--------------+
|   RTL Ports  | Dir | Bits|  Protocol  |            Source Object            |    C Type    |
+--------------+-----+-----+------------+-------------------------------------+--------------+
|ap_clk        |   in|    1|  ap_ctrl_hs|  fpadd503.5_Pipeline_VITIS_LOOP_33_1|  return value|
|ap_rst        |   in|    1|  ap_ctrl_hs|  fpadd503.5_Pipeline_VITIS_LOOP_33_1|  return value|
|ap_start      |   in|    1|  ap_ctrl_hs|  fpadd503.5_Pipeline_VITIS_LOOP_33_1|  return value|
|ap_done       |  out|    1|  ap_ctrl_hs|  fpadd503.5_Pipeline_VITIS_LOOP_33_1|  return value|
|ap_idle       |  out|    1|  ap_ctrl_hs|  fpadd503.5_Pipeline_VITIS_LOOP_33_1|  return value|
|ap_ready      |  out|    1|  ap_ctrl_hs|  fpadd503.5_Pipeline_VITIS_LOOP_33_1|  return value|
|a_address0    |  out|    3|   ap_memory|                                    a|         array|
|a_ce0         |  out|    1|   ap_memory|                                    a|         array|
|a_q0          |   in|   64|   ap_memory|                                    a|         array|
|c_0_address0  |  out|    2|   ap_memory|                                  c_0|         array|
|c_0_ce0       |  out|    1|   ap_memory|                                  c_0|         array|
|c_0_we0       |  out|    1|   ap_memory|                                  c_0|         array|
|c_0_d0        |  out|   64|   ap_memory|                                  c_0|         array|
|c_0_q0        |   in|   64|   ap_memory|                                  c_0|         array|
|c_1_address0  |  out|    2|   ap_memory|                                  c_1|         array|
|c_1_ce0       |  out|    1|   ap_memory|                                  c_1|         array|
|c_1_we0       |  out|    1|   ap_memory|                                  c_1|         array|
|c_1_d0        |  out|   64|   ap_memory|                                  c_1|         array|
|c_1_q0        |   in|   64|   ap_memory|                                  c_1|         array|
+--------------+-----+-----+------------+-------------------------------------+--------------+

============================================================
+ Verbose Summary: Synthesis Manager
============================================================
InlineROM: 1
ExposeGlobal: 0
============================================================
+ Verbose Summary: CDFG Model
============================================================
IsTopModel: 0
ResetActiveHigh: 1
IsCombinational: 2
IsDatapathOnly: 2
HasWiredReturn: 1
HasMFsm: 2
HasVarLatency: 1
IsPipeline: 0
IsRtlPipelined: 0
IsInstanceOverlapped: 0
IsDontTouch: 0
HasImplIP: 0
IsGatedGlobalClock: 0

+ Individual pipeline summary: 
  * Pipeline-0: initiation interval (II) = 2, depth = 2


============================================================
+ Verbose Summary: Schedule
============================================================
* Number of FSM states : 2
* Pipeline : 1
  Pipeline-0 : II = 2, D = 2, States = { 1 2 }
* Dataflow Pipeline: 0

* FSM state transitions: 
1 --> 2 
2 --> 

* FSM state operations: 

State 1 <SV = 0> <Delay = 1.10>
ST_1 : Operation 5 [1/1] (0.00ns)   --->   "%i = alloca i32 1" [src/generic/fp_generic.cpp:28]   --->   Operation 5 'alloca' 'i' <Predicate = true> <Delay = 0.00>
ST_1 : Operation 6 [1/1] (0.00ns)   --->   "%specmemcore_ln0 = specmemcore void @_ssdm_op_SpecMemCore, i64 %a, i64 666, i64 207, i64 18446744073709551615"   --->   Operation 6 'specmemcore' 'specmemcore_ln0' <Predicate = true> <Delay = 0.00>
ST_1 : Operation 7 [1/1] (0.00ns)   --->   "%specmemcore_ln0 = specmemcore void @_ssdm_op_SpecMemCore, i64 %c_1, i64 666, i64 207, i64 18446744073709551615"   --->   Operation 7 'specmemcore' 'specmemcore_ln0' <Predicate = true> <Delay = 0.00>
ST_1 : Operation 8 [1/1] (0.00ns)   --->   "%specmemcore_ln0 = specmemcore void @_ssdm_op_SpecMemCore, i64 %c_0, i64 666, i64 207, i64 18446744073709551615"   --->   Operation 8 'specmemcore' 'specmemcore_ln0' <Predicate = true> <Delay = 0.00>
ST_1 : Operation 9 [1/1] (0.38ns)   --->   "%store_ln28 = store i4 0, i4 %i" [src/generic/fp_generic.cpp:28]   --->   Operation 9 'store' 'store_ln28' <Predicate = true> <Delay = 0.38>
ST_1 : Operation 10 [1/1] (0.38ns)   --->   "%br_ln0 = br void %for.inc"   --->   Operation 10 'br' 'br_ln0' <Predicate = true> <Delay = 0.38>
ST_1 : Operation 11 [1/1] (0.00ns)   --->   "%carry = phi i1 0, void %newFuncRoot, i1 %tmp, void %arrayidx57.exit" [src/generic/fp_generic.cpp:33]   --->   Operation 11 'phi' 'carry' <Predicate = true> <Delay = 0.00>
ST_1 : Operation 12 [1/1] (0.00ns)   --->   "%i_217 = load i4 %i" [src/generic/fp_generic.cpp:33]   --->   Operation 12 'load' 'i_217' <Predicate = true> <Delay = 0.00>
ST_1 : Operation 13 [1/1] (0.70ns)   --->   "%icmp_ln33 = icmp_eq  i4 %i_217, i4 8" [src/generic/fp_generic.cpp:33]   --->   Operation 13 'icmp' 'icmp_ln33' <Predicate = true> <Delay = 0.70> <CoreInst = "Cmp">   --->   Core 9 'Cmp' <Latency = 0> <II = 1> <Delay = 0.70> <FuncUnit> <Opcode : 'seteq' 'setne' 'setle' 'setge' 'setlt' 'setgt'> <InPorts = 2> <OutPorts = 1>
ST_1 : Operation 14 [1/1] (0.70ns)   --->   "%add_ln33 = add i4 %i_217, i4 1" [src/generic/fp_generic.cpp:33]   --->   Operation 14 'add' 'add_ln33' <Predicate = true> <Delay = 0.70> <CoreInst = "Adder">   --->   Core 1 'Adder' <Latency = 0> <II = 1> <Delay = 0.70> <FuncUnit> <Opcode : 'add' 'sub'> <InPorts = 2> <OutPorts = 1>
ST_1 : Operation 15 [1/1] (0.00ns)   --->   "%br_ln33 = br i1 %icmp_ln33, void %for.inc.split, void %for.inc29.preheader.exitStub" [src/generic/fp_generic.cpp:33]   --->   Operation 15 'br' 'br_ln33' <Predicate = true> <Delay = 0.00>
ST_1 : Operation 16 [1/1] (0.00ns)   --->   "%zext_ln33 = zext i4 %i_217" [src/generic/fp_generic.cpp:33]   --->   Operation 16 'zext' 'zext_ln33' <Predicate = (!icmp_ln33)> <Delay = 0.00>
ST_1 : Operation 17 [1/1] (0.00ns)   --->   "%trunc_ln33 = trunc i4 %i_217" [src/generic/fp_generic.cpp:33]   --->   Operation 17 'trunc' 'trunc_ln33' <Predicate = (!icmp_ln33)> <Delay = 0.00>
ST_1 : Operation 18 [1/1] (0.00ns)   --->   "%lshr_ln = partselect i2 @_ssdm_op_PartSelect.i2.i4.i32.i32, i4 %i_217, i32 1, i32 2" [src/generic/fp_generic.cpp:28]   --->   Operation 18 'partselect' 'lshr_ln' <Predicate = (!icmp_ln33)> <Delay = 0.00>
ST_1 : Operation 19 [1/1] (0.00ns)   --->   "%zext_ln28 = zext i2 %lshr_ln" [src/generic/fp_generic.cpp:28]   --->   Operation 19 'zext' 'zext_ln28' <Predicate = (!icmp_ln33)> <Delay = 0.00>
ST_1 : Operation 20 [1/1] (0.00ns)   --->   "%a_addr = getelementptr i64 %a, i64 0, i64 %zext_ln33" [src/generic/fp_generic.cpp:35]   --->   Operation 20 'getelementptr' 'a_addr' <Predicate = (!icmp_ln33)> <Delay = 0.00>
ST_1 : Operation 21 [2/2] (0.71ns)   --->   "%a_load = load i3 %a_addr" [src/generic/fp_generic.cpp:35]   --->   Operation 21 'load' 'a_load' <Predicate = (!icmp_ln33)> <Delay = 0.71> <CoreInst = "RAM_1P">   --->   Core 87 'RAM_1P' <Latency = 1> <II = 1> <Delay = 0.71> <Storage> <Opcode : 'load' 'store'> <Ports = 1> <Width = 64> <Depth = 8> <RAM>
ST_1 : Operation 22 [1/1] (0.00ns)   --->   "%c_0_addr = getelementptr i64 %c_0, i64 0, i64 %zext_ln28" [src/generic/fp_generic.cpp:35]   --->   Operation 22 'getelementptr' 'c_0_addr' <Predicate = (!icmp_ln33)> <Delay = 0.00>
ST_1 : Operation 23 [1/1] (0.00ns)   --->   "%c_1_addr = getelementptr i64 %c_1, i64 0, i64 %zext_ln28" [src/generic/fp_generic.cpp:35]   --->   Operation 23 'getelementptr' 'c_1_addr' <Predicate = (!icmp_ln33)> <Delay = 0.00>
ST_1 : Operation 24 [2/2] (0.71ns)   --->   "%c_0_load = load i2 %c_0_addr" [src/generic/fp_generic.cpp:35]   --->   Operation 24 'load' 'c_0_load' <Predicate = (!icmp_ln33)> <Delay = 0.71> <CoreInst = "RAM_1P">   --->   Core 87 'RAM_1P' <Latency = 1> <II = 1> <Delay = 0.71> <Storage> <Opcode : 'load' 'store'> <Ports = 1> <Width = 64> <Depth = 4> <RAM>
ST_1 : Operation 25 [2/2] (0.71ns)   --->   "%c_1_load = load i2 %c_1_addr" [src/generic/fp_generic.cpp:35]   --->   Operation 25 'load' 'c_1_load' <Predicate = (!icmp_ln33)> <Delay = 0.71> <CoreInst = "RAM_1P">   --->   Core 87 'RAM_1P' <Latency = 1> <II = 1> <Delay = 0.71> <Storage> <Opcode : 'load' 'store'> <Ports = 1> <Width = 64> <Depth = 4> <RAM>
ST_1 : Operation 54 [1/1] (0.38ns)   --->   "%ret_ln0 = ret"   --->   Operation 54 'ret' 'ret_ln0' <Predicate = (icmp_ln33)> <Delay = 0.38>

State 2 <SV = 1> <Delay = 3.72>
ST_2 : Operation 26 [1/1] (0.00ns)   --->   "%specpipeline_ln28 = specpipeline void @_ssdm_op_SpecPipeline, i32 4294967295, i32 0, i32 0, i32 0, void @empty_84" [src/generic/fp_generic.cpp:28]   --->   Operation 26 'specpipeline' 'specpipeline_ln28' <Predicate = true> <Delay = 0.00>
ST_2 : Operation 27 [1/1] (0.00ns)   --->   "%speclooptripcount_ln28 = speclooptripcount void @_ssdm_op_SpecLoopTripCount, i64 8, i64 8, i64 8" [src/generic/fp_generic.cpp:28]   --->   Operation 27 'speclooptripcount' 'speclooptripcount_ln28' <Predicate = true> <Delay = 0.00>
ST_2 : Operation 28 [1/1] (0.00ns)   --->   "%specloopname_ln33 = specloopname void @_ssdm_op_SpecLoopName, void @empty_59" [src/generic/fp_generic.cpp:33]   --->   Operation 28 'specloopname' 'specloopname_ln33' <Predicate = true> <Delay = 0.00>
ST_2 : Operation 29 [1/2] ( I:0.71ns O:0.71ns )   --->   "%a_load = load i3 %a_addr" [src/generic/fp_generic.cpp:35]   --->   Operation 29 'load' 'a_load' <Predicate = true> <Delay = 0.71> <CoreInst = "RAM_1P">   --->   Core 87 'RAM_1P' <Latency = 1> <II = 1> <Delay = 0.71> <Storage> <Opcode : 'load' 'store'> <Ports = 1> <Width = 64> <Depth = 8> <RAM>
ST_2 : Operation 30 [1/1] (0.00ns)   --->   "%zext_ln35 = zext i1 %carry" [src/generic/fp_generic.cpp:35]   --->   Operation 30 'zext' 'zext_ln35' <Predicate = true> <Delay = 0.00>
ST_2 : Operation 31 [1/1] (1.14ns)   --->   "%tempReg = add i64 %a_load, i64 %zext_ln35" [src/generic/fp_generic.cpp:35]   --->   Operation 31 'add' 'tempReg' <Predicate = true> <Delay = 1.14> <CoreInst = "Adder">   --->   Core 1 'Adder' <Latency = 0> <II = 1> <Delay = 1.14> <FuncUnit> <Opcode : 'add' 'sub'> <InPorts = 2> <OutPorts = 1>
ST_2 : Operation 32 [1/2] ( I:0.71ns O:0.71ns )   --->   "%c_0_load = load i2 %c_0_addr" [src/generic/fp_generic.cpp:35]   --->   Operation 32 'load' 'c_0_load' <Predicate = true> <Delay = 0.71> <CoreInst = "RAM_1P">   --->   Core 87 'RAM_1P' <Latency = 1> <II = 1> <Delay = 0.71> <Storage> <Opcode : 'load' 'store'> <Ports = 1> <Width = 64> <Depth = 4> <RAM>
ST_2 : Operation 33 [1/2] ( I:0.71ns O:0.71ns )   --->   "%c_1_load = load i2 %c_1_addr" [src/generic/fp_generic.cpp:35]   --->   Operation 33 'load' 'c_1_load' <Predicate = true> <Delay = 0.71> <CoreInst = "RAM_1P">   --->   Core 87 'RAM_1P' <Latency = 1> <II = 1> <Delay = 0.71> <Storage> <Opcode : 'load' 'store'> <Ports = 1> <Width = 64> <Depth = 4> <RAM>
ST_2 : Operation 34 [1/1] (0.41ns)   --->   "%select_ln35 = select i1 %trunc_ln33, i64 %c_1_load, i64 %c_0_load" [src/generic/fp_generic.cpp:35]   --->   Operation 34 'select' 'select_ln35' <Predicate = true> <Delay = 0.41> <CoreInst = "Sel">   --->   Core 73 'Sel' <Latency = 0> <II = 1> <Delay = 0.41> <FuncUnit> <Opcode : 'select'> <InPorts = 3> <OutPorts = 1>
ST_2 : Operation 35 [1/1] (1.14ns)   --->   "%add_ln35 = add i64 %select_ln35, i64 %tempReg" [src/generic/fp_generic.cpp:35]   --->   Operation 35 'add' 'add_ln35' <Predicate = true> <Delay = 1.14> <CoreInst = "Adder">   --->   Core 1 'Adder' <Latency = 0> <II = 1> <Delay = 1.14> <FuncUnit> <Opcode : 'add' 'sub'> <InPorts = 2> <OutPorts = 1>
ST_2 : Operation 36 [1/1] (0.00ns)   --->   "%br_ln35 = br i1 %trunc_ln33, void %arrayidx57.case.0, void %arrayidx57.case.1" [src/generic/fp_generic.cpp:35]   --->   Operation 36 'br' 'br_ln35' <Predicate = true> <Delay = 0.00>
ST_2 : Operation 37 [1/1] ( I:0.71ns O:0.71ns )   --->   "%store_ln35 = store i64 %add_ln35, i2 %c_0_addr" [src/generic/fp_generic.cpp:35]   --->   Operation 37 'store' 'store_ln35' <Predicate = (!trunc_ln33)> <Delay = 0.71> <CoreInst = "RAM_1P">   --->   Core 87 'RAM_1P' <Latency = 1> <II = 1> <Delay = 0.71> <Storage> <Opcode : 'load' 'store'> <Ports = 1> <Width = 64> <Depth = 4> <RAM>
ST_2 : Operation 38 [1/1] (0.00ns)   --->   "%br_ln35 = br void %arrayidx57.exit" [src/generic/fp_generic.cpp:35]   --->   Operation 38 'br' 'br_ln35' <Predicate = (!trunc_ln33)> <Delay = 0.00>
ST_2 : Operation 39 [1/1] ( I:0.71ns O:0.71ns )   --->   "%store_ln35 = store i64 %add_ln35, i2 %c_1_addr" [src/generic/fp_generic.cpp:35]   --->   Operation 39 'store' 'store_ln35' <Predicate = (trunc_ln33)> <Delay = 0.71> <CoreInst = "RAM_1P">   --->   Core 87 'RAM_1P' <Latency = 1> <II = 1> <Delay = 0.71> <Storage> <Opcode : 'load' 'store'> <Ports = 1> <Width = 64> <Depth = 4> <RAM>
ST_2 : Operation 40 [1/1] (0.00ns)   --->   "%br_ln35 = br void %arrayidx57.exit" [src/generic/fp_generic.cpp:35]   --->   Operation 40 'br' 'br_ln35' <Predicate = (trunc_ln33)> <Delay = 0.00>
ST_2 : Operation 41 [1/1] (0.00ns) (grouped into LUT with out node xor_ln35_3)   --->   "%xor_ln35 = xor i64 %add_ln35, i64 %tempReg" [src/generic/fp_generic.cpp:35]   --->   Operation 41 'xor' 'xor_ln35' <Predicate = true> <Delay = 0.00> <CoreInst = "LogicGate">   --->   Core 74 'LogicGate' <Latency = 0> <II = 1> <Delay = 0.28> <FuncUnit> <Opcode : 'and' 'or' 'xor'> <InPorts = 2> <OutPorts = 1>
ST_2 : Operation 42 [1/1] (0.00ns) (grouped into LUT with out node xor_ln35_3)   --->   "%xor_ln35_1 = xor i64 %select_ln35, i64 %tempReg" [src/generic/fp_generic.cpp:35]   --->   Operation 42 'xor' 'xor_ln35_1' <Predicate = true> <Delay = 0.00> <CoreInst = "LogicGate">   --->   Core 74 'LogicGate' <Latency = 0> <II = 1> <Delay = 0.28> <FuncUnit> <Opcode : 'and' 'or' 'xor'> <InPorts = 2> <OutPorts = 1>
ST_2 : Operation 43 [1/1] (0.00ns) (grouped into LUT with out node xor_ln35_3)   --->   "%or_ln35 = or i64 %xor_ln35, i64 %xor_ln35_1" [src/generic/fp_generic.cpp:35]   --->   Operation 43 'or' 'or_ln35' <Predicate = true> <Delay = 0.00> <CoreInst = "LogicGate">   --->   Core 74 'LogicGate' <Latency = 0> <II = 1> <Delay = 0.28> <FuncUnit> <Opcode : 'and' 'or' 'xor'> <InPorts = 2> <OutPorts = 1>
ST_2 : Operation 44 [1/1] (0.00ns) (grouped into LUT with out node or_ln35_1)   --->   "%bit_sel = bitselect i1 @_ssdm_op_BitSelect.i1.i64.i64, i64 %tempReg, i64 63" [src/generic/fp_generic.cpp:35]   --->   Operation 44 'bitselect' 'bit_sel' <Predicate = true> <Delay = 0.00>
ST_2 : Operation 45 [1/1] (0.00ns) (grouped into LUT with out node or_ln35_1)   --->   "%xor_ln35_4 = xor i1 %bit_sel, i1 1" [src/generic/fp_generic.cpp:35]   --->   Operation 45 'xor' 'xor_ln35_4' <Predicate = true> <Delay = 0.00> <CoreInst = "LogicGate">   --->   Core 74 'LogicGate' <Latency = 0> <II = 1> <Delay = 0.12> <FuncUnit> <Opcode : 'and' 'or' 'xor'> <InPorts = 2> <OutPorts = 1>
ST_2 : Operation 46 [1/1] (0.00ns) (grouped into LUT with out node or_ln35_1)   --->   "%trunc_ln35 = trunc i64 %tempReg" [src/generic/fp_generic.cpp:35]   --->   Operation 46 'trunc' 'trunc_ln35' <Predicate = true> <Delay = 0.00>
ST_2 : Operation 47 [1/1] (0.00ns) (grouped into LUT with out node or_ln35_1)   --->   "%xor_ln35_2 = bitconcatenate i64 @_ssdm_op_BitConcatenate.i64.i1.i63, i1 %xor_ln35_4, i63 %trunc_ln35" [src/generic/fp_generic.cpp:35]   --->   Operation 47 'bitconcatenate' 'xor_ln35_2' <Predicate = true> <Delay = 0.00>
ST_2 : Operation 48 [1/1] (0.00ns) (grouped into LUT with out node or_ln35_1)   --->   "%and_ln35 = and i64 %a_load, i64 %xor_ln35_2" [src/generic/fp_generic.cpp:35]   --->   Operation 48 'and' 'and_ln35' <Predicate = true> <Delay = 0.00> <CoreInst = "LogicGate">   --->   Core 74 'LogicGate' <Latency = 0> <II = 1> <Delay = 0.28> <FuncUnit> <Opcode : 'and' 'or' 'xor'> <InPorts = 2> <OutPorts = 1>
ST_2 : Operation 49 [1/1] (0.28ns) (out node of the LUT)   --->   "%xor_ln35_3 = xor i64 %or_ln35, i64 %add_ln35" [src/generic/fp_generic.cpp:35]   --->   Operation 49 'xor' 'xor_ln35_3' <Predicate = true> <Delay = 0.28> <CoreInst = "LogicGate">   --->   Core 74 'LogicGate' <Latency = 0> <II = 1> <Delay = 0.28> <FuncUnit> <Opcode : 'and' 'or' 'xor'> <InPorts = 2> <OutPorts = 1>
ST_2 : Operation 50 [1/1] (0.28ns) (out node of the LUT)   --->   "%or_ln35_1 = or i64 %xor_ln35_3, i64 %and_ln35" [src/generic/fp_generic.cpp:35]   --->   Operation 50 'or' 'or_ln35_1' <Predicate = true> <Delay = 0.28> <CoreInst = "LogicGate">   --->   Core 74 'LogicGate' <Latency = 0> <II = 1> <Delay = 0.28> <FuncUnit> <Opcode : 'and' 'or' 'xor'> <InPorts = 2> <OutPorts = 1>
ST_2 : Operation 51 [1/1] (0.00ns)   --->   "%tmp = bitselect i1 @_ssdm_op_BitSelect.i1.i64.i32, i64 %or_ln35_1, i32 63" [src/generic/fp_generic.cpp:33]   --->   Operation 51 'bitselect' 'tmp' <Predicate = true> <Delay = 0.00>
ST_2 : Operation 52 [1/1] (0.38ns)   --->   "%store_ln28 = store i4 %add_ln33, i4 %i" [src/generic/fp_generic.cpp:28]   --->   Operation 52 'store' 'store_ln28' <Predicate = true> <Delay = 0.38>
ST_2 : Operation 53 [1/1] (0.00ns)   --->   "%br_ln33 = br void %for.inc" [src/generic/fp_generic.cpp:33]   --->   Operation 53 'br' 'br_ln33' <Predicate = true> <Delay = 0.00>


============================================================
+ Verbose Summary: Binding
============================================================
STG Binding: 
---------------- STG Properties BEGIN ----------------
- Is combinational: 0
- Is one-state seq: 0
- Is datapath-only: 0
- Is pipelined: 0
- Is top level: 0
Port [ Return ] is wired: 1; IO mode=ap_ctrl_hs:ce=0
Port [ a]:  wired=1; compound=1; hidden=0; nouse=0; global=0; static=0; extern=0; dir=0; type=1; pingpong=0; private_global=0; MemPort=[1]; IO mode=ap_memory:ce=0
Port [ c_0]:  wired=1; compound=1; hidden=0; nouse=0; global=0; static=0; extern=0; dir=2; type=1; pingpong=0; private_global=0; MemPort=[2]; IO mode=ap_memory:ce=0
Port [ c_1]:  wired=1; compound=1; hidden=0; nouse=0; global=0; static=0; extern=0; dir=2; type=1; pingpong=0; private_global=0; MemPort=[2]; IO mode=ap_memory:ce=0
---------------- STG Properties END ------------------

---------------- Datapath Model BEGIN ----------------

<LifeTime>
<method=bitvector/>
i                      (alloca           ) [ 011]
specmemcore_ln0        (specmemcore      ) [ 000]
specmemcore_ln0        (specmemcore      ) [ 000]
specmemcore_ln0        (specmemcore      ) [ 000]
store_ln28             (store            ) [ 000]
br_ln0                 (br               ) [ 000]
carry                  (phi              ) [ 011]
i_217                  (load             ) [ 000]
icmp_ln33              (icmp             ) [ 010]
add_ln33               (add              ) [ 001]
br_ln33                (br               ) [ 000]
zext_ln33              (zext             ) [ 000]
trunc_ln33             (trunc            ) [ 001]
lshr_ln                (partselect       ) [ 000]
zext_ln28              (zext             ) [ 000]
a_addr                 (getelementptr    ) [ 001]
c_0_addr               (getelementptr    ) [ 001]
c_1_addr               (getelementptr    ) [ 001]
specpipeline_ln28      (specpipeline     ) [ 000]
speclooptripcount_ln28 (speclooptripcount) [ 000]
specloopname_ln33      (specloopname     ) [ 000]
a_load                 (load             ) [ 000]
zext_ln35              (zext             ) [ 000]
tempReg                (add              ) [ 000]
c_0_load               (load             ) [ 000]
c_1_load               (load             ) [ 000]
select_ln35            (select           ) [ 000]
add_ln35               (add              ) [ 000]
br_ln35                (br               ) [ 000]
store_ln35             (store            ) [ 000]
br_ln35                (br               ) [ 000]
store_ln35             (store            ) [ 000]
br_ln35                (br               ) [ 000]
xor_ln35               (xor              ) [ 000]
xor_ln35_1             (xor              ) [ 000]
or_ln35                (or               ) [ 000]
bit_sel                (bitselect        ) [ 000]
xor_ln35_4             (xor              ) [ 000]
trunc_ln35             (trunc            ) [ 000]
xor_ln35_2             (bitconcatenate   ) [ 000]
and_ln35               (and              ) [ 000]
xor_ln35_3             (xor              ) [ 000]
or_ln35_1              (or               ) [ 000]
tmp                    (bitselect        ) [ 011]
store_ln28             (store            ) [ 000]
br_ln33                (br               ) [ 011]
ret_ln0                (ret              ) [ 000]
</LifeTime>

<model>

<comp_list>
<comp id="0" class="1000" name="a">
<pin_list>
<pin id="1" dir="1" index="0" bw="1" slack="0"/>
</pin_list>
<bind>
<StgValue><ssdm name="a"/><MemPortTyVec>1 </MemPortTyVec>
</StgValue>
</bind>
</comp>

<comp id="2" class="1000" name="c_0">
<pin_list>
<pin id="3" dir="1" index="0" bw="1" slack="0"/>
</pin_list>
<bind>
<StgValue><ssdm name="c_0"/><MemPortTyVec>2 </MemPortTyVec>
</StgValue>
</bind>
</comp>

<comp id="4" class="1000" name="c_1">
<pin_list>
<pin id="5" dir="1" index="0" bw="1" slack="0"/>
</pin_list>
<bind>
<StgValue><ssdm name="c_1"/><MemPortTyVec>2 </MemPortTyVec>
</StgValue>
</bind>
</comp>

<comp id="6" class="1001" name="const_6">
<pin_list>
<pin id="7" dir="1" index="0" bw="1" slack="0"/>
</pin_list>
<bind>
<StgValue><ssdm name=""/></StgValue>
</bind>
</comp>

<comp id="8" class="1001" name="const_8">
<pin_list>
<pin id="9" dir="1" index="0" bw="1" slack="2147483647"/>
</pin_list>
<bind>
<StgValue><ssdm name="_ssdm_op_SpecMemCore"/></StgValue>
</bind>
</comp>

<comp id="10" class="1001" name="const_10">
<pin_list>
<pin id="11" dir="1" index="0" bw="1" slack="2147483647"/>
</pin_list>
<bind>
<StgValue><ssdm name=""/></StgValue>
</bind>
</comp>

<comp id="12" class="1001" name="const_12">
<pin_list>
<pin id="13" dir="1" index="0" bw="1" slack="2147483647"/>
</pin_list>
<bind>
<StgValue><ssdm name=""/></StgValue>
</bind>
</comp>

<comp id="14" class="1001" name="const_14">
<pin_list>
<pin id="15" dir="1" index="0" bw="1" slack="2147483647"/>
</pin_list>
<bind>
<StgValue><ssdm name=""/></StgValue>
</bind>
</comp>

<comp id="16" class="1001" name="const_16">
<pin_list>
<pin id="17" dir="1" index="0" bw="1" slack="0"/>
</pin_list>
<bind>
<StgValue><ssdm name=""/></StgValue>
</bind>
</comp>

<comp id="18" class="1001" name="const_18">
<pin_list>
<pin id="19" dir="1" index="0" bw="1" slack="0"/>
</pin_list>
<bind>
<StgValue><ssdm name=""/></StgValue>
</bind>
</comp>

<comp id="20" class="1001" name="const_20">
<pin_list>
<pin id="21" dir="1" index="0" bw="1" slack="0"/>
</pin_list>
<bind>
<StgValue><ssdm name=""/></StgValue>
</bind>
</comp>

<comp id="22" class="1001" name="const_22">
<pin_list>
<pin id="23" dir="1" index="0" bw="1" slack="0"/>
</pin_list>
<bind>
<StgValue><ssdm name=""/></StgValue>
</bind>
</comp>

<comp id="24" class="1001" name="const_24">
<pin_list>
<pin id="25" dir="1" index="0" bw="1" slack="0"/>
</pin_list>
<bind>
<StgValue><ssdm name="_ssdm_op_PartSelect.i2.i4.i32.i32"/></StgValue>
</bind>
</comp>

<comp id="26" class="1001" name="const_26">
<pin_list>
<pin id="27" dir="1" index="0" bw="1" slack="0"/>
</pin_list>
<bind>
<StgValue><ssdm name=""/></StgValue>
</bind>
</comp>

<comp id="28" class="1001" name="const_28">
<pin_list>
<pin id="29" dir="1" index="0" bw="1" slack="0"/>
</pin_list>
<bind>
<StgValue><ssdm name=""/></StgValue>
</bind>
</comp>

<comp id="30" class="1001" name="const_30">
<pin_list>
<pin id="31" dir="1" index="0" bw="1" slack="2147483647"/>
</pin_list>
<bind>
<StgValue><ssdm name="_ssdm_op_SpecPipeline"/></StgValue>
</bind>
</comp>

<comp id="32" class="1001" name="const_32">
<pin_list>
<pin id="33" dir="1" index="0" bw="1" slack="2147483647"/>
</pin_list>
<bind>
<StgValue><ssdm name=""/></StgValue>
</bind>
</comp>

<comp id="34" class="1001" name="const_34">
<pin_list>
<pin id="35" dir="1" index="0" bw="1" slack="2147483647"/>
</pin_list>
<bind>
<StgValue><ssdm name=""/></StgValue>
</bind>
</comp>

<comp id="36" class="1001" name="const_36">
<pin_list>
<pin id="37" dir="1" index="0" bw="1" slack="2147483647"/>
</pin_list>
<bind>
<StgValue><ssdm name="empty_84"/></StgValue>
</bind>
</comp>

<comp id="38" class="1001" name="const_38">
<pin_list>
<pin id="39" dir="1" index="0" bw="1" slack="2147483647"/>
</pin_list>
<bind>
<StgValue><ssdm name="_ssdm_op_SpecLoopTripCount"/></StgValue>
</bind>
</comp>

<comp id="40" class="1001" name="const_40">
<pin_list>
<pin id="41" dir="1" index="0" bw="1" slack="2147483647"/>
</pin_list>
<bind>
<StgValue><ssdm name=""/></StgValue>
</bind>
</comp>

<comp id="42" class="1001" name="const_42">
<pin_list>
<pin id="43" dir="1" index="0" bw="1" slack="2147483647"/>
</pin_list>
<bind>
<StgValue><ssdm name="_ssdm_op_SpecLoopName"/></StgValue>
</bind>
</comp>

<comp id="44" class="1001" name="const_44">
<pin_list>
<pin id="45" dir="1" index="0" bw="1" slack="2147483647"/>
</pin_list>
<bind>
<StgValue><ssdm name="empty_59"/></StgValue>
</bind>
</comp>

<comp id="46" class="1001" name="const_46">
<pin_list>
<pin id="47" dir="1" index="0" bw="1" slack="0"/>
</pin_list>
<bind>
<StgValue><ssdm name="_ssdm_op_BitSelect.i1.i64.i64"/></StgValue>
</bind>
</comp>

<comp id="48" class="1001" name="const_48">
<pin_list>
<pin id="49" dir="1" index="0" bw="1" slack="0"/>
</pin_list>
<bind>
<StgValue><ssdm name=""/></StgValue>
</bind>
</comp>

<comp id="50" class="1001" name="const_50">
<pin_list>
<pin id="51" dir="1" index="0" bw="1" slack="0"/>
</pin_list>
<bind>
<StgValue><ssdm name=""/></StgValue>
</bind>
</comp>

<comp id="52" class="1001" name="const_52">
<pin_list>
<pin id="53" dir="1" index="0" bw="1" slack="0"/>
</pin_list>
<bind>
<StgValue><ssdm name="_ssdm_op_BitConcatenate.i64.i1.i63"/></StgValue>
</bind>
</comp>

<comp id="54" class="1001" name="const_54">
<pin_list>
<pin id="55" dir="1" index="0" bw="1" slack="0"/>
</pin_list>
<bind>
<StgValue><ssdm name="_ssdm_op_BitSelect.i1.i64.i32"/></StgValue>
</bind>
</comp>

<comp id="56" class="1001" name="const_56">
<pin_list>
<pin id="57" dir="1" index="0" bw="1" slack="0"/>
</pin_list>
<bind>
<StgValue><ssdm name=""/></StgValue>
</bind>
</comp>

<comp id="58" class="1004" name="i_fu_58">
<pin_list>
<pin id="59" dir="0" index="0" bw="1" slack="0"/>
<pin id="60" dir="1" index="1" bw="4" slack="0"/>
</pin_list>
<bind>
<opcode="alloca(26) " fcode="alloca"/>
<opset="i/1 "/>
</bind>
</comp>

<comp id="62" class="1004" name="a_addr_gep_fu_62">
<pin_list>
<pin id="63" dir="0" index="0" bw="64" slack="0"/>
<pin id="64" dir="0" index="1" bw="1" slack="0"/>
<pin id="65" dir="0" index="2" bw="4" slack="0"/>
<pin id="66" dir="1" index="3" bw="3" slack="0"/>
</pin_list>
<bind>
<opcode="getelementptr(29) " fcode="getelementptr"/>
<opset="a_addr/1 "/>
</bind>
</comp>

<comp id="69" class="1004" name="grp_access_fu_69">
<pin_list>
<pin id="70" dir="0" index="0" bw="3" slack="0"/>
<pin id="71" dir="0" index="1" bw="64" slack="2147483647"/>
<pin id="72" dir="0" index="2" bw="0" slack="2147483647"/>
<pin id="73" dir="1" index="3" bw="64" slack="0"/>
</pin_list>
<bind>
<opcode="load(27) " fcode="load"/>
<opset="a_load/1 "/>
</bind>
</comp>

<comp id="75" class="1004" name="c_0_addr_gep_fu_75">
<pin_list>
<pin id="76" dir="0" index="0" bw="64" slack="0"/>
<pin id="77" dir="0" index="1" bw="1" slack="0"/>
<pin id="78" dir="0" index="2" bw="2" slack="0"/>
<pin id="79" dir="1" index="3" bw="2" slack="0"/>
</pin_list>
<bind>
<opcode="getelementptr(29) " fcode="getelementptr"/>
<opset="c_0_addr/1 "/>
</bind>
</comp>

<comp id="82" class="1004" name="c_1_addr_gep_fu_82">
<pin_list>
<pin id="83" dir="0" index="0" bw="64" slack="0"/>
<pin id="84" dir="0" index="1" bw="1" slack="0"/>
<pin id="85" dir="0" index="2" bw="2" slack="0"/>
<pin id="86" dir="1" index="3" bw="2" slack="0"/>
</pin_list>
<bind>
<opcode="getelementptr(29) " fcode="getelementptr"/>
<opset="c_1_addr/1 "/>
</bind>
</comp>

<comp id="89" class="1004" name="grp_access_fu_89">
<pin_list>
<pin id="90" dir="0" index="0" bw="2" slack="0"/>
<pin id="91" dir="0" index="1" bw="64" slack="0"/>
<pin id="92" dir="0" index="2" bw="0" slack="2147483647"/>
<pin id="93" dir="1" index="3" bw="64" slack="0"/>
</pin_list>
<bind>
<opcode="load(27) store(28) " fcode="store"/>
<opset="c_0_load/1 store_ln35/2 "/>
</bind>
</comp>

<comp id="95" class="1004" name="grp_access_fu_95">
<pin_list>
<pin id="96" dir="0" index="0" bw="2" slack="0"/>
<pin id="97" dir="0" index="1" bw="64" slack="0"/>
<pin id="98" dir="0" index="2" bw="0" slack="2147483647"/>
<pin id="99" dir="1" index="3" bw="64" slack="0"/>
</pin_list>
<bind>
<opcode="load(27) store(28) " fcode="store"/>
<opset="c_1_load/1 store_ln35/2 "/>
</bind>
</comp>

<comp id="101" class="1005" name="carry_reg_101">
<pin_list>
<pin id="102" dir="0" index="0" bw="1" slack="1"/>
<pin id="103" dir="1" index="1" bw="1" slack="1"/>
</pin_list>
<bind>
<opset="carry (phireg) "/>
</bind>
</comp>

<comp id="104" class="1004" name="carry_phi_fu_104">
<pin_list>
<pin id="105" dir="0" index="0" bw="1" slack="0"/>
<pin id="106" dir="0" index="1" bw="0" slack="2147483647"/>
<pin id="107" dir="0" index="2" bw="1" slack="1"/>
<pin id="108" dir="0" index="3" bw="0" slack="2147483647"/>
<pin id="109" dir="1" index="4" bw="1" slack="1"/>
</pin_list>
<bind>
<opcode="phi(47) " fcode="phi"/>
<opset="carry/1 "/>
</bind>
</comp>

<comp id="112" class="1004" name="store_ln28_store_fu_112">
<pin_list>
<pin id="113" dir="0" index="0" bw="1" slack="0"/>
<pin id="114" dir="0" index="1" bw="4" slack="0"/>
<pin id="115" dir="1" index="2" bw="0" slack="2147483647"/>
</pin_list>
<bind>
<opcode="store(28) " fcode="store"/>
<opset="store_ln28/1 "/>
</bind>
</comp>

<comp id="117" class="1004" name="i_217_load_fu_117">
<pin_list>
<pin id="118" dir="0" index="0" bw="4" slack="0"/>
<pin id="119" dir="1" index="1" bw="4" slack="0"/>
</pin_list>
<bind>
<opcode="load(27) " fcode="load"/>
<opset="i_217/1 "/>
</bind>
</comp>

<comp id="120" class="1004" name="icmp_ln33_fu_120">
<pin_list>
<pin id="121" dir="0" index="0" bw="4" slack="0"/>
<pin id="122" dir="0" index="1" bw="4" slack="0"/>
<pin id="123" dir="1" index="2" bw="1" slack="2147483647"/>
</pin_list>
<bind>
<opcode="icmp(45) " fcode="icmp"/>
<opset="icmp_ln33/1 "/>
</bind>
</comp>

<comp id="126" class="1004" name="add_ln33_fu_126">
<pin_list>
<pin id="127" dir="0" index="0" bw="4" slack="0"/>
<pin id="128" dir="0" index="1" bw="1" slack="0"/>
<pin id="129" dir="1" index="2" bw="4" slack="1"/>
</pin_list>
<bind>
<opcode="add(8) " fcode="add"/>
<opset="add_ln33/1 "/>
</bind>
</comp>

<comp id="132" class="1004" name="zext_ln33_fu_132">
<pin_list>
<pin id="133" dir="0" index="0" bw="4" slack="0"/>
<pin id="134" dir="1" index="1" bw="64" slack="0"/>
</pin_list>
<bind>
<opcode="zext(34) " fcode="zext"/>
<opset="zext_ln33/1 "/>
</bind>
</comp>

<comp id="137" class="1004" name="trunc_ln33_fu_137">
<pin_list>
<pin id="138" dir="0" index="0" bw="4" slack="0"/>
<pin id="139" dir="1" index="1" bw="1" slack="1"/>
</pin_list>
<bind>
<opcode="trunc(33) " fcode="trunc"/>
<opset="trunc_ln33/1 "/>
</bind>
</comp>

<comp id="141" class="1004" name="lshr_ln_fu_141">
<pin_list>
<pin id="142" dir="0" index="0" bw="2" slack="0"/>
<pin id="143" dir="0" index="1" bw="4" slack="0"/>
<pin id="144" dir="0" index="2" bw="1" slack="0"/>
<pin id="145" dir="0" index="3" bw="3" slack="0"/>
<pin id="146" dir="1" index="4" bw="2" slack="0"/>
</pin_list>
<bind>
<opcode="partselect(1002) " fcode="partselect"/>
<opset="lshr_ln/1 "/>
</bind>
</comp>

<comp id="151" class="1004" name="zext_ln28_fu_151">
<pin_list>
<pin id="152" dir="0" index="0" bw="2" slack="0"/>
<pin id="153" dir="1" index="1" bw="64" slack="0"/>
</pin_list>
<bind>
<opcode="zext(34) " fcode="zext"/>
<opset="zext_ln28/1 "/>
</bind>
</comp>

<comp id="157" class="1004" name="zext_ln35_fu_157">
<pin_list>
<pin id="158" dir="0" index="0" bw="1" slack="1"/>
<pin id="159" dir="1" index="1" bw="64" slack="0"/>
</pin_list>
<bind>
<opcode="zext(34) " fcode="zext"/>
<opset="zext_ln35/2 "/>
</bind>
</comp>

<comp id="161" class="1004" name="tempReg_fu_161">
<pin_list>
<pin id="162" dir="0" index="0" bw="64" slack="0"/>
<pin id="163" dir="0" index="1" bw="1" slack="0"/>
<pin id="164" dir="1" index="2" bw="64" slack="0"/>
</pin_list>
<bind>
<opcode="add(8) " fcode="add"/>
<opset="tempReg/2 "/>
</bind>
</comp>

<comp id="167" class="1004" name="select_ln35_fu_167">
<pin_list>
<pin id="168" dir="0" index="0" bw="1" slack="1"/>
<pin id="169" dir="0" index="1" bw="64" slack="0"/>
<pin id="170" dir="0" index="2" bw="64" slack="0"/>
<pin id="171" dir="1" index="3" bw="64" slack="0"/>
</pin_list>
<bind>
<opcode="select(49) " fcode="select"/>
<opset="select_ln35/2 "/>
</bind>
</comp>

<comp id="174" class="1004" name="add_ln35_fu_174">
<pin_list>
<pin id="175" dir="0" index="0" bw="64" slack="0"/>
<pin id="176" dir="0" index="1" bw="64" slack="0"/>
<pin id="177" dir="1" index="2" bw="64" slack="0"/>
</pin_list>
<bind>
<opcode="add(8) " fcode="add"/>
<opset="add_ln35/2 "/>
</bind>
</comp>

<comp id="182" class="1004" name="xor_ln35_fu_182">
<pin_list>
<pin id="183" dir="0" index="0" bw="64" slack="0"/>
<pin id="184" dir="0" index="1" bw="64" slack="0"/>
<pin id="185" dir="1" index="2" bw="64" slack="0"/>
</pin_list>
<bind>
<opcode="xor(25) " fcode="xor"/>
<opset="xor_ln35/2 "/>
</bind>
</comp>

<comp id="188" class="1004" name="xor_ln35_1_fu_188">
<pin_list>
<pin id="189" dir="0" index="0" bw="64" slack="0"/>
<pin id="190" dir="0" index="1" bw="64" slack="0"/>
<pin id="191" dir="1" index="2" bw="64" slack="0"/>
</pin_list>
<bind>
<opcode="xor(25) " fcode="xor"/>
<opset="xor_ln35_1/2 "/>
</bind>
</comp>

<comp id="194" class="1004" name="or_ln35_fu_194">
<pin_list>
<pin id="195" dir="0" index="0" bw="64" slack="0"/>
<pin id="196" dir="0" index="1" bw="64" slack="0"/>
<pin id="197" dir="1" index="2" bw="64" slack="0"/>
</pin_list>
<bind>
<opcode="or(24) " fcode="or"/>
<opset="or_ln35/2 "/>
</bind>
</comp>

<comp id="200" class="1004" name="bit_sel_fu_200">
<pin_list>
<pin id="201" dir="0" index="0" bw="1" slack="0"/>
<pin id="202" dir="0" index="1" bw="64" slack="0"/>
<pin id="203" dir="0" index="2" bw="7" slack="0"/>
<pin id="204" dir="1" index="3" bw="1" slack="0"/>
</pin_list>
<bind>
<opcode="bitselect(1000) " fcode="bitselect"/>
<opset="bit_sel/2 "/>
</bind>
</comp>

<comp id="208" class="1004" name="xor_ln35_4_fu_208">
<pin_list>
<pin id="209" dir="0" index="0" bw="1" slack="0"/>
<pin id="210" dir="0" index="1" bw="1" slack="0"/>
<pin id="211" dir="1" index="2" bw="1" slack="0"/>
</pin_list>
<bind>
<opcode="xor(25) " fcode="xor"/>
<opset="xor_ln35_4/2 "/>
</bind>
</comp>

<comp id="214" class="1004" name="trunc_ln35_fu_214">
<pin_list>
<pin id="215" dir="0" index="0" bw="64" slack="0"/>
<pin id="216" dir="1" index="1" bw="63" slack="0"/>
</pin_list>
<bind>
<opcode="trunc(33) " fcode="trunc"/>
<opset="trunc_ln35/2 "/>
</bind>
</comp>

<comp id="218" class="1004" name="xor_ln35_2_fu_218">
<pin_list>
<pin id="219" dir="0" index="0" bw="64" slack="0"/>
<pin id="220" dir="0" index="1" bw="1" slack="0"/>
<pin id="221" dir="0" index="2" bw="63" slack="0"/>
<pin id="222" dir="1" index="3" bw="64" slack="0"/>
</pin_list>
<bind>
<opcode="bitconcatenate(1004) " fcode="bitconcatenate"/>
<opset="xor_ln35_2/2 "/>
</bind>
</comp>

<comp id="226" class="1004" name="and_ln35_fu_226">
<pin_list>
<pin id="227" dir="0" index="0" bw="64" slack="0"/>
<pin id="228" dir="0" index="1" bw="64" slack="0"/>
<pin id="229" dir="1" index="2" bw="64" slack="0"/>
</pin_list>
<bind>
<opcode="and(23) " fcode="and"/>
<opset="and_ln35/2 "/>
</bind>
</comp>

<comp id="232" class="1004" name="xor_ln35_3_fu_232">
<pin_list>
<pin id="233" dir="0" index="0" bw="64" slack="0"/>
<pin id="234" dir="0" index="1" bw="64" slack="0"/>
<pin id="235" dir="1" index="2" bw="64" slack="0"/>
</pin_list>
<bind>
<opcode="xor(25) " fcode="xor"/>
<opset="xor_ln35_3/2 "/>
</bind>
</comp>

<comp id="238" class="1004" name="or_ln35_1_fu_238">
<pin_list>
<pin id="239" dir="0" index="0" bw="64" slack="0"/>
<pin id="240" dir="0" index="1" bw="64" slack="0"/>
<pin id="241" dir="1" index="2" bw="64" slack="0"/>
</pin_list>
<bind>
<opcode="or(24) " fcode="or"/>
<opset="or_ln35_1/2 "/>
</bind>
</comp>

<comp id="244" class="1004" name="tmp_fu_244">
<pin_list>
<pin id="245" dir="0" index="0" bw="1" slack="0"/>
<pin id="246" dir="0" index="1" bw="64" slack="0"/>
<pin id="247" dir="0" index="2" bw="7" slack="0"/>
<pin id="248" dir="1" index="3" bw="1" slack="1"/>
</pin_list>
<bind>
<opcode="bitselect(1000) " fcode="bitselect"/>
<opset="tmp/2 "/>
</bind>
</comp>

<comp id="252" class="1004" name="store_ln28_store_fu_252">
<pin_list>
<pin id="253" dir="0" index="0" bw="4" slack="1"/>
<pin id="254" dir="0" index="1" bw="4" slack="1"/>
<pin id="255" dir="1" index="2" bw="0" slack="2147483647"/>
</pin_list>
<bind>
<opcode="store(28) " fcode="store"/>
<opset="store_ln28/2 "/>
</bind>
</comp>

<comp id="256" class="1005" name="i_reg_256">
<pin_list>
<pin id="257" dir="0" index="0" bw="4" slack="0"/>
<pin id="258" dir="1" index="1" bw="4" slack="0"/>
</pin_list>
<bind>
<opset="i "/>
</bind>
</comp>

<comp id="266" class="1005" name="add_ln33_reg_266">
<pin_list>
<pin id="267" dir="0" index="0" bw="4" slack="1"/>
<pin id="268" dir="1" index="1" bw="4" slack="1"/>
</pin_list>
<bind>
<opset="add_ln33 "/>
</bind>
</comp>

<comp id="271" class="1005" name="trunc_ln33_reg_271">
<pin_list>
<pin id="272" dir="0" index="0" bw="1" slack="1"/>
<pin id="273" dir="1" index="1" bw="1" slack="1"/>
</pin_list>
<bind>
<opset="trunc_ln33 "/>
</bind>
</comp>

<comp id="276" class="1005" name="a_addr_reg_276">
<pin_list>
<pin id="277" dir="0" index="0" bw="3" slack="1"/>
<pin id="278" dir="1" index="1" bw="3" slack="1"/>
</pin_list>
<bind>
<opset="a_addr "/>
</bind>
</comp>

<comp id="281" class="1005" name="c_0_addr_reg_281">
<pin_list>
<pin id="282" dir="0" index="0" bw="2" slack="1"/>
<pin id="283" dir="1" index="1" bw="2" slack="1"/>
</pin_list>
<bind>
<opset="c_0_addr "/>
</bind>
</comp>

<comp id="286" class="1005" name="c_1_addr_reg_286">
<pin_list>
<pin id="287" dir="0" index="0" bw="2" slack="1"/>
<pin id="288" dir="1" index="1" bw="2" slack="1"/>
</pin_list>
<bind>
<opset="c_1_addr "/>
</bind>
</comp>

<comp id="291" class="1005" name="tmp_reg_291">
<pin_list>
<pin id="292" dir="0" index="0" bw="1" slack="1"/>
<pin id="293" dir="1" index="1" bw="1" slack="1"/>
</pin_list>
<bind>
<opset="tmp "/>
</bind>
</comp>

</comp_list>

<net_list>
<net id="61"><net_src comp="6" pin="0"/><net_sink comp="58" pin=0"/></net>

<net id="67"><net_src comp="0" pin="0"/><net_sink comp="62" pin=0"/></net>

<net id="68"><net_src comp="28" pin="0"/><net_sink comp="62" pin=1"/></net>

<net id="74"><net_src comp="62" pin="3"/><net_sink comp="69" pin=0"/></net>

<net id="80"><net_src comp="2" pin="0"/><net_sink comp="75" pin=0"/></net>

<net id="81"><net_src comp="28" pin="0"/><net_sink comp="75" pin=1"/></net>

<net id="87"><net_src comp="4" pin="0"/><net_sink comp="82" pin=0"/></net>

<net id="88"><net_src comp="28" pin="0"/><net_sink comp="82" pin=1"/></net>

<net id="94"><net_src comp="75" pin="3"/><net_sink comp="89" pin=0"/></net>

<net id="100"><net_src comp="82" pin="3"/><net_sink comp="95" pin=0"/></net>

<net id="110"><net_src comp="18" pin="0"/><net_sink comp="104" pin=0"/></net>

<net id="111"><net_src comp="104" pin="4"/><net_sink comp="101" pin=0"/></net>

<net id="116"><net_src comp="16" pin="0"/><net_sink comp="112" pin=0"/></net>

<net id="124"><net_src comp="117" pin="1"/><net_sink comp="120" pin=0"/></net>

<net id="125"><net_src comp="20" pin="0"/><net_sink comp="120" pin=1"/></net>

<net id="130"><net_src comp="117" pin="1"/><net_sink comp="126" pin=0"/></net>

<net id="131"><net_src comp="22" pin="0"/><net_sink comp="126" pin=1"/></net>

<net id="135"><net_src comp="117" pin="1"/><net_sink comp="132" pin=0"/></net>

<net id="136"><net_src comp="132" pin="1"/><net_sink comp="62" pin=2"/></net>

<net id="140"><net_src comp="117" pin="1"/><net_sink comp="137" pin=0"/></net>

<net id="147"><net_src comp="24" pin="0"/><net_sink comp="141" pin=0"/></net>

<net id="148"><net_src comp="117" pin="1"/><net_sink comp="141" pin=1"/></net>

<net id="149"><net_src comp="6" pin="0"/><net_sink comp="141" pin=2"/></net>

<net id="150"><net_src comp="26" pin="0"/><net_sink comp="141" pin=3"/></net>

<net id="154"><net_src comp="141" pin="4"/><net_sink comp="151" pin=0"/></net>

<net id="155"><net_src comp="151" pin="1"/><net_sink comp="75" pin=2"/></net>

<net id="156"><net_src comp="151" pin="1"/><net_sink comp="82" pin=2"/></net>

<net id="160"><net_src comp="101" pin="1"/><net_sink comp="157" pin=0"/></net>

<net id="165"><net_src comp="69" pin="3"/><net_sink comp="161" pin=0"/></net>

<net id="166"><net_src comp="157" pin="1"/><net_sink comp="161" pin=1"/></net>

<net id="172"><net_src comp="95" pin="3"/><net_sink comp="167" pin=1"/></net>

<net id="173"><net_src comp="89" pin="3"/><net_sink comp="167" pin=2"/></net>

<net id="178"><net_src comp="167" pin="3"/><net_sink comp="174" pin=0"/></net>

<net id="179"><net_src comp="161" pin="2"/><net_sink comp="174" pin=1"/></net>

<net id="180"><net_src comp="174" pin="2"/><net_sink comp="89" pin=1"/></net>

<net id="181"><net_src comp="174" pin="2"/><net_sink comp="95" pin=1"/></net>

<net id="186"><net_src comp="174" pin="2"/><net_sink comp="182" pin=0"/></net>

<net id="187"><net_src comp="161" pin="2"/><net_sink comp="182" pin=1"/></net>

<net id="192"><net_src comp="167" pin="3"/><net_sink comp="188" pin=0"/></net>

<net id="193"><net_src comp="161" pin="2"/><net_sink comp="188" pin=1"/></net>

<net id="198"><net_src comp="182" pin="2"/><net_sink comp="194" pin=0"/></net>

<net id="199"><net_src comp="188" pin="2"/><net_sink comp="194" pin=1"/></net>

<net id="205"><net_src comp="46" pin="0"/><net_sink comp="200" pin=0"/></net>

<net id="206"><net_src comp="161" pin="2"/><net_sink comp="200" pin=1"/></net>

<net id="207"><net_src comp="48" pin="0"/><net_sink comp="200" pin=2"/></net>

<net id="212"><net_src comp="200" pin="3"/><net_sink comp="208" pin=0"/></net>

<net id="213"><net_src comp="50" pin="0"/><net_sink comp="208" pin=1"/></net>

<net id="217"><net_src comp="161" pin="2"/><net_sink comp="214" pin=0"/></net>

<net id="223"><net_src comp="52" pin="0"/><net_sink comp="218" pin=0"/></net>

<net id="224"><net_src comp="208" pin="2"/><net_sink comp="218" pin=1"/></net>

<net id="225"><net_src comp="214" pin="1"/><net_sink comp="218" pin=2"/></net>

<net id="230"><net_src comp="69" pin="3"/><net_sink comp="226" pin=0"/></net>

<net id="231"><net_src comp="218" pin="3"/><net_sink comp="226" pin=1"/></net>

<net id="236"><net_src comp="194" pin="2"/><net_sink comp="232" pin=0"/></net>

<net id="237"><net_src comp="174" pin="2"/><net_sink comp="232" pin=1"/></net>

<net id="242"><net_src comp="232" pin="2"/><net_sink comp="238" pin=0"/></net>

<net id="243"><net_src comp="226" pin="2"/><net_sink comp="238" pin=1"/></net>

<net id="249"><net_src comp="54" pin="0"/><net_sink comp="244" pin=0"/></net>

<net id="250"><net_src comp="238" pin="2"/><net_sink comp="244" pin=1"/></net>

<net id="251"><net_src comp="56" pin="0"/><net_sink comp="244" pin=2"/></net>

<net id="259"><net_src comp="58" pin="1"/><net_sink comp="256" pin=0"/></net>

<net id="260"><net_src comp="256" pin="1"/><net_sink comp="112" pin=1"/></net>

<net id="261"><net_src comp="256" pin="1"/><net_sink comp="117" pin=0"/></net>

<net id="262"><net_src comp="256" pin="1"/><net_sink comp="252" pin=1"/></net>

<net id="269"><net_src comp="126" pin="2"/><net_sink comp="266" pin=0"/></net>

<net id="270"><net_src comp="266" pin="1"/><net_sink comp="252" pin=0"/></net>

<net id="274"><net_src comp="137" pin="1"/><net_sink comp="271" pin=0"/></net>

<net id="275"><net_src comp="271" pin="1"/><net_sink comp="167" pin=0"/></net>

<net id="279"><net_src comp="62" pin="3"/><net_sink comp="276" pin=0"/></net>

<net id="280"><net_src comp="276" pin="1"/><net_sink comp="69" pin=0"/></net>

<net id="284"><net_src comp="75" pin="3"/><net_sink comp="281" pin=0"/></net>

<net id="285"><net_src comp="281" pin="1"/><net_sink comp="89" pin=0"/></net>

<net id="289"><net_src comp="82" pin="3"/><net_sink comp="286" pin=0"/></net>

<net id="290"><net_src comp="286" pin="1"/><net_sink comp="95" pin=0"/></net>

<net id="294"><net_src comp="244" pin="3"/><net_sink comp="291" pin=0"/></net>

<net id="295"><net_src comp="291" pin="1"/><net_sink comp="104" pin=2"/></net>

</net_list>

</model> 
---------------- Datapath Model END ------------------

* FSMD analyzer results:
  - Output states:
	Port: a | {}
	Port: c_0 | {2 }
	Port: c_1 | {2 }
 - Input state : 
	Port: fpadd503.5_Pipeline_VITIS_LOOP_33_1 : a | {1 2 }
	Port: fpadd503.5_Pipeline_VITIS_LOOP_33_1 : c_0 | {1 2 }
	Port: fpadd503.5_Pipeline_VITIS_LOOP_33_1 : c_1 | {1 2 }
  - Chain level:
	State 1
		store_ln28 : 1
		carry : 1
		i_217 : 1
		icmp_ln33 : 2
		add_ln33 : 2
		br_ln33 : 3
		zext_ln33 : 2
		trunc_ln33 : 2
		lshr_ln : 2
		zext_ln28 : 3
		a_addr : 3
		a_load : 4
		c_0_addr : 4
		c_1_addr : 4
		c_0_load : 5
		c_1_load : 5
	State 2
		tempReg : 1
		select_ln35 : 1
		add_ln35 : 2
		store_ln35 : 3
		store_ln35 : 3
		xor_ln35 : 3
		xor_ln35_1 : 2
		or_ln35 : 3
		bit_sel : 2
		xor_ln35_4 : 3
		trunc_ln35 : 2
		xor_ln35_2 : 3
		and_ln35 : 4
		xor_ln35_3 : 3
		or_ln35_1 : 3
		tmp : 3


============================================================
+ Verbose Summary: Datapath Resource usage 
============================================================

* Functional unit list:
|----------|--------------------|---------|---------|
| Operation|   Functional Unit  |    FF   |   LUT   |
|----------|--------------------|---------|---------|
|          |   xor_ln35_fu_182  |    0    |    64   |
|    xor   |  xor_ln35_1_fu_188 |    0    |    64   |
|          |  xor_ln35_4_fu_208 |    0    |    2    |
|          |  xor_ln35_3_fu_232 |    0    |    64   |
|----------|--------------------|---------|---------|
|          |   add_ln33_fu_126  |    0    |    12   |
|    add   |   tempReg_fu_161   |    0    |    71   |
|          |   add_ln35_fu_174  |    0    |    71   |
|----------|--------------------|---------|---------|
|    or    |   or_ln35_fu_194   |    0    |    64   |
|          |  or_ln35_1_fu_238  |    0    |    64   |
|----------|--------------------|---------|---------|
|    and   |   and_ln35_fu_226  |    0    |    64   |
|----------|--------------------|---------|---------|
|  select  | select_ln35_fu_167 |    0    |    63   |
|----------|--------------------|---------|---------|
|   icmp   |  icmp_ln33_fu_120  |    0    |    12   |
|----------|--------------------|---------|---------|
|          |  zext_ln33_fu_132  |    0    |    0    |
|   zext   |  zext_ln28_fu_151  |    0    |    0    |
|          |  zext_ln35_fu_157  |    0    |    0    |
|----------|--------------------|---------|---------|
|   trunc  |  trunc_ln33_fu_137 |    0    |    0    |
|          |  trunc_ln35_fu_214 |    0    |    0    |
|----------|--------------------|---------|---------|
|partselect|   lshr_ln_fu_141   |    0    |    0    |
|----------|--------------------|---------|---------|
| bitselect|   bit_sel_fu_200   |    0    |    0    |
|          |     tmp_fu_244     |    0    |    0    |
|----------|--------------------|---------|---------|
|bitconcatenate|  xor_ln35_2_fu_218 |    0    |    0    |
|----------|--------------------|---------|---------|
|   Total  |                    |    0    |   615   |
|----------|--------------------|---------|---------|

Memories:
N/A

* Register list:
+------------------+--------+
|                  |   FF   |
+------------------+--------+
|  a_addr_reg_276  |    3   |
| add_ln33_reg_266 |    4   |
| c_0_addr_reg_281 |    2   |
| c_1_addr_reg_286 |    2   |
|   carry_reg_101  |    1   |
|     i_reg_256    |    4   |
|    tmp_reg_291   |    1   |
|trunc_ln33_reg_271|    1   |
+------------------+--------+
|       Total      |   18   |
+------------------+--------+

* Multiplexer (MUX) list: 
|------------------|------|------|------|--------||---------||---------||---------|
|       Comp       |  Pin | Size |  BW  | S x BW ||  Delay  ||    FF   ||   LUT   |
|------------------|------|------|------|--------||---------||---------||---------|
| grp_access_fu_69 |  p0  |   2  |   3  |    6   ||    0    ||    9    |
| grp_access_fu_89 |  p0  |   2  |   2  |    4   ||    0    ||    9    |
| grp_access_fu_95 |  p0  |   2  |   2  |    4   ||    0    ||    9    |
|------------------|------|------|------|--------||---------||---------||---------|
|       Total      |      |      |      |   14   ||  1.161  ||    0    ||    27   |
|------------------|------|------|------|--------||---------||---------||---------|



* Summary:
+-----------+--------+--------+--------+
|           |  Delay |   FF   |   LUT  |
+-----------+--------+--------+--------+
|  Function |    -   |    0   |   615  |
|   Memory  |    -   |    -   |    -   |
|Multiplexer|    1   |    0   |   27   |
|  Register |    -   |   18   |    -   |
+-----------+--------+--------+--------+
|   Total   |    1   |   18   |   642  |
+-----------+--------+--------+--------+
