

================================================================
== Vitis HLS Report for 'fpadd503_246_2_Pipeline_VITIS_LOOP_46_3'
================================================================
* Date:           Mon Oct 20 16:14:37 2025

* Version:        2024.2.2 (Build 6049644 on Mar  5 2025)
* Project:        sikep503_hls
* Solution:       solution1 (Vivado IP Flow Target)
* Product family: virtexuplus58g
* Target device:  xcvu29p-fsga2577-2L-e


================================================================
== Performance Estimates
================================================================
+ Timing: 
    * Summary: 
    +--------+----------+----------+------------+
    |  Clock |  Target  | Estimated| Uncertainty|
    +--------+----------+----------+------------+
    |ap_clk  |  10.00 ns|  3.722 ns|     2.70 ns|
    +--------+----------+----------+------------+

+ Latency: 
    * Summary: 
    +---------+---------+----------+----------+-----+-----+------------------------------------------------+
    |  Latency (cycles) |  Latency (absolute) |  Interval |                    Pipeline                    |
    |   min   |   max   |    min   |    max   | min | max |                      Type                      |
    +---------+---------+----------+----------+-----+-----+------------------------------------------------+
    |       18|       18|  0.180 us|  0.180 us|   17|   17|  loop auto-rewind stp (delay=0 clock cycles(s))|
    +---------+---------+----------+----------+-----+-----+------------------------------------------------+

    + Detail: 
        * Instance: 
        N/A

        * Loop: 
        +-------------------+---------+---------+----------+-----------+-----------+------+----------+
        |                   |  Latency (cycles) | Iteration|  Initiation Interval  | Trip |          |
        |     Loop Name     |   min   |   max   |  Latency |  achieved |   target  | Count| Pipelined|
        +-------------------+---------+---------+----------+-----------+-----------+------+----------+
        |- VITIS_LOOP_46_3  |       16|       16|         2|          2|          1|     8|       yes|
        +-------------------+---------+---------+----------+-----------+-----------+------+----------+

============================================================
+ Verbose Summary: Synthesis Manager
============================================================
InlineROM: 1
ExposeGlobal: 0
============================================================
+ Verbose Summary: CDFG Model
============================================================
IsTopModel: 0
ResetActiveHigh: 1
IsCombinational: 0
IsDatapathOnly: 0
HasWiredReturn: 1
HasMFsm: 2
HasVarLatency: 1
IsPipeline: 0
IsRtlPipelined: 0
IsInstanceOverlapped: 0
IsDontTouch: 0
HasImplIP: 0
IsGatedGlobalClock: 0

+ Individual pipeline summary: 
  * Pipeline-0: initiation interval (II) = 2, depth = 2


============================================================
+ Verbose Summary: Schedule
============================================================
* Number of FSM states : 2
* Pipeline : 1
  Pipeline-0 : II = 2, D = 2, States = { 1 2 }
* Dataflow Pipeline: 0

* FSM state transitions: 
1 --> 2 
2 --> 

* FSM state operations: 

State 1 <SV = 0> <Delay = 1.48>
ST_1 : Operation 5 [1/1] (0.00ns)   --->   "%i_136 = alloca i32 1" [src/generic/fp_generic.cpp:28]   --->   Operation 5 'alloca' 'i_136' <Predicate = true> <Delay = 0.00>
ST_1 : Operation 6 [1/1] (0.00ns)   --->   "%sext_ln30_read = read i1 @_ssdm_op_Read.ap_auto.i1, i1 %sext_ln30"   --->   Operation 6 'read' 'sext_ln30_read' <Predicate = true> <Delay = 0.00>
ST_1 : Operation 7 [1/1] (0.27ns)   --->   "%sext_ln30_cast = select i1 %sext_ln30_read, i64 18446744073709551615, i64 0"   --->   Operation 7 'select' 'sext_ln30_cast' <Predicate = true> <Delay = 0.27> <CoreInst = "Sel">   --->   Core 73 'Sel' <Latency = 0> <II = 1> <Delay = 0.27> <FuncUnit> <Opcode : 'select'> <InPorts = 3> <OutPorts = 1>
ST_1 : Operation 8 [1/1] (0.00ns)   --->   "%specmemcore_ln0 = specmemcore void @_ssdm_op_SpecMemCore, i64 %c, i64 666, i64 207, i64 18446744073709551615"   --->   Operation 8 'specmemcore' 'specmemcore_ln0' <Predicate = true> <Delay = 0.00>
ST_1 : Operation 9 [1/1] (0.38ns)   --->   "%store_ln28 = store i4 0, i4 %i_136" [src/generic/fp_generic.cpp:28]   --->   Operation 9 'store' 'store_ln28' <Predicate = true> <Delay = 0.38>
ST_1 : Operation 10 [1/1] (0.38ns)   --->   "%br_ln0 = br void %for.inc54"   --->   Operation 10 'br' 'br_ln0' <Predicate = true> <Delay = 0.38>
ST_1 : Operation 11 [1/1] (0.00ns)   --->   "%carry = phi i1 0, void %newFuncRoot, i1 %tmp, void %for.inc54.split" [src/generic/fp_generic.cpp:46]   --->   Operation 11 'phi' 'carry' <Predicate = true> <Delay = 0.00>
ST_1 : Operation 12 [1/1] (0.00ns)   --->   "%i = load i4 %i_136" [src/generic/fp_generic.cpp:46]   --->   Operation 12 'load' 'i' <Predicate = true> <Delay = 0.00>
ST_1 : Operation 13 [1/1] (0.70ns)   --->   "%icmp_ln46 = icmp_eq  i4 %i, i4 8" [src/generic/fp_generic.cpp:46]   --->   Operation 13 'icmp' 'icmp_ln46' <Predicate = true> <Delay = 0.70> <CoreInst = "Cmp">   --->   Core 9 'Cmp' <Latency = 0> <II = 1> <Delay = 0.70> <FuncUnit> <Opcode : 'seteq' 'setne' 'setle' 'setge' 'setlt' 'setgt'> <InPorts = 2> <OutPorts = 1>
ST_1 : Operation 14 [1/1] (0.70ns)   --->   "%add_ln46 = add i4 %i, i4 1" [src/generic/fp_generic.cpp:46]   --->   Operation 14 'add' 'add_ln46' <Predicate = true> <Delay = 0.70> <CoreInst = "Adder">   --->   Core 1 'Adder' <Latency = 0> <II = 1> <Delay = 0.70> <FuncUnit> <Opcode : 'add' 'sub'> <InPorts = 2> <OutPorts = 1>
ST_1 : Operation 15 [1/1] (0.00ns)   --->   "%br_ln46 = br i1 %icmp_ln46, void %for.inc54.split, void %for.end56.exitStub" [src/generic/fp_generic.cpp:46]   --->   Operation 15 'br' 'br_ln46' <Predicate = true> <Delay = 0.00>
ST_1 : Operation 16 [1/1] (0.00ns)   --->   "%zext_ln46 = zext i4 %i" [src/generic/fp_generic.cpp:46]   --->   Operation 16 'zext' 'zext_ln46' <Predicate = (!icmp_ln46)> <Delay = 0.00>
ST_1 : Operation 17 [1/1] (0.00ns)   --->   "%c_addr = getelementptr i64 %c, i64 0, i64 %zext_ln46" [src/generic/fp_generic.cpp:48]   --->   Operation 17 'getelementptr' 'c_addr' <Predicate = (!icmp_ln46)> <Delay = 0.00>
ST_1 : Operation 18 [2/2] (0.71ns)   --->   "%c_load = load i3 %c_addr" [src/generic/fp_generic.cpp:48]   --->   Operation 18 'load' 'c_load' <Predicate = (!icmp_ln46)> <Delay = 0.71> <CoreInst = "RAM_1P">   --->   Core 87 'RAM_1P' <Latency = 1> <II = 1> <Delay = 0.71> <Storage> <Opcode : 'load' 'store'> <Ports = 1> <Width = 64> <Depth = 8> <RAM>
ST_1 : Operation 19 [1/1] (0.00ns)   --->   "%p503x2_1_addr = getelementptr i64 %p503x2_1, i64 0, i64 %zext_ln46" [src/generic/fp_generic.cpp:48]   --->   Operation 19 'getelementptr' 'p503x2_1_addr' <Predicate = (!icmp_ln46)> <Delay = 0.00>
ST_1 : Operation 20 [2/2] (0.71ns)   --->   "%p503x2_1_load = load i3 %p503x2_1_addr" [src/generic/fp_generic.cpp:48]   --->   Operation 20 'load' 'p503x2_1_load' <Predicate = (!icmp_ln46)> <Delay = 0.71> <CoreInst = "ROM">   --->   Core 100 'ROM' <Latency = 1> <II = 1> <Delay = 0.71> <Storage> <Opcode : 'load'> <Ports = 0> <Width = 64> <Depth = 8> <ROM>
ST_1 : Operation 21 [1/1] (0.38ns)   --->   "%store_ln28 = store i4 %add_ln46, i4 %i_136" [src/generic/fp_generic.cpp:28]   --->   Operation 21 'store' 'store_ln28' <Predicate = (!icmp_ln46)> <Delay = 0.38>
ST_1 : Operation 44 [1/1] (0.38ns)   --->   "%ret_ln0 = ret"   --->   Operation 44 'ret' 'ret_ln0' <Predicate = (icmp_ln46)> <Delay = 0.38>

State 2 <SV = 1> <Delay = 3.72>
ST_2 : Operation 22 [1/1] (0.00ns)   --->   "%specpipeline_ln28 = specpipeline void @_ssdm_op_SpecPipeline, i32 4294967295, i32 0, i32 0, i32 0, void @empty_102" [src/generic/fp_generic.cpp:28]   --->   Operation 22 'specpipeline' 'specpipeline_ln28' <Predicate = true> <Delay = 0.00>
ST_2 : Operation 23 [1/1] (0.00ns)   --->   "%speclooptripcount_ln28 = speclooptripcount void @_ssdm_op_SpecLoopTripCount, i64 8, i64 8, i64 8" [src/generic/fp_generic.cpp:28]   --->   Operation 23 'speclooptripcount' 'speclooptripcount_ln28' <Predicate = true> <Delay = 0.00>
ST_2 : Operation 24 [1/1] (0.00ns)   --->   "%specloopname_ln46 = specloopname void @_ssdm_op_SpecLoopName, void @empty_36" [src/generic/fp_generic.cpp:46]   --->   Operation 24 'specloopname' 'specloopname_ln46' <Predicate = true> <Delay = 0.00>
ST_2 : Operation 25 [1/2] ( I:0.71ns O:0.71ns )   --->   "%c_load = load i3 %c_addr" [src/generic/fp_generic.cpp:48]   --->   Operation 25 'load' 'c_load' <Predicate = true> <Delay = 0.71> <CoreInst = "RAM_1P">   --->   Core 87 'RAM_1P' <Latency = 1> <II = 1> <Delay = 0.71> <Storage> <Opcode : 'load' 'store'> <Ports = 1> <Width = 64> <Depth = 8> <RAM>
ST_2 : Operation 26 [1/1] (0.00ns)   --->   "%zext_ln48 = zext i1 %carry" [src/generic/fp_generic.cpp:48]   --->   Operation 26 'zext' 'zext_ln48' <Predicate = true> <Delay = 0.00>
ST_2 : Operation 27 [1/1] (1.14ns)   --->   "%tempReg = add i64 %c_load, i64 %zext_ln48" [src/generic/fp_generic.cpp:48]   --->   Operation 27 'add' 'tempReg' <Predicate = true> <Delay = 1.14> <CoreInst = "Adder">   --->   Core 1 'Adder' <Latency = 0> <II = 1> <Delay = 1.14> <FuncUnit> <Opcode : 'add' 'sub'> <InPorts = 2> <OutPorts = 1>
ST_2 : Operation 28 [1/2] ( I:0.71ns O:0.71ns )   --->   "%p503x2_1_load = load i3 %p503x2_1_addr" [src/generic/fp_generic.cpp:48]   --->   Operation 28 'load' 'p503x2_1_load' <Predicate = true> <Delay = 0.71> <CoreInst = "ROM">   --->   Core 100 'ROM' <Latency = 1> <II = 1> <Delay = 0.71> <Storage> <Opcode : 'load'> <Ports = 0> <Width = 64> <Depth = 8> <ROM>
ST_2 : Operation 29 [1/1] (0.28ns)   --->   "%and_ln48 = and i64 %p503x2_1_load, i64 %sext_ln30_cast" [src/generic/fp_generic.cpp:48]   --->   Operation 29 'and' 'and_ln48' <Predicate = true> <Delay = 0.28> <CoreInst = "LogicGate">   --->   Core 74 'LogicGate' <Latency = 0> <II = 1> <Delay = 0.28> <FuncUnit> <Opcode : 'and' 'or' 'xor'> <InPorts = 2> <OutPorts = 1>
ST_2 : Operation 30 [1/1] (1.14ns)   --->   "%add_ln48 = add i64 %and_ln48, i64 %tempReg" [src/generic/fp_generic.cpp:48]   --->   Operation 30 'add' 'add_ln48' <Predicate = true> <Delay = 1.14> <CoreInst = "Adder">   --->   Core 1 'Adder' <Latency = 0> <II = 1> <Delay = 1.14> <FuncUnit> <Opcode : 'add' 'sub'> <InPorts = 2> <OutPorts = 1>
ST_2 : Operation 31 [1/1] ( I:0.71ns O:0.71ns )   --->   "%store_ln48 = store i64 %add_ln48, i3 %c_addr" [src/generic/fp_generic.cpp:48]   --->   Operation 31 'store' 'store_ln48' <Predicate = true> <Delay = 0.71> <CoreInst = "RAM_1P">   --->   Core 87 'RAM_1P' <Latency = 1> <II = 1> <Delay = 0.71> <Storage> <Opcode : 'load' 'store'> <Ports = 1> <Width = 64> <Depth = 8> <RAM>
ST_2 : Operation 32 [1/1] (0.00ns) (grouped into LUT with out node xor_ln48_39)   --->   "%xor_ln48 = xor i64 %add_ln48, i64 %tempReg" [src/generic/fp_generic.cpp:48]   --->   Operation 32 'xor' 'xor_ln48' <Predicate = true> <Delay = 0.00> <CoreInst = "LogicGate">   --->   Core 74 'LogicGate' <Latency = 0> <II = 1> <Delay = 0.28> <FuncUnit> <Opcode : 'and' 'or' 'xor'> <InPorts = 2> <OutPorts = 1>
ST_2 : Operation 33 [1/1] (0.00ns) (grouped into LUT with out node xor_ln48_39)   --->   "%xor_ln48_37 = xor i64 %and_ln48, i64 %tempReg" [src/generic/fp_generic.cpp:48]   --->   Operation 33 'xor' 'xor_ln48_37' <Predicate = true> <Delay = 0.00> <CoreInst = "LogicGate">   --->   Core 74 'LogicGate' <Latency = 0> <II = 1> <Delay = 0.28> <FuncUnit> <Opcode : 'and' 'or' 'xor'> <InPorts = 2> <OutPorts = 1>
ST_2 : Operation 34 [1/1] (0.00ns) (grouped into LUT with out node xor_ln48_39)   --->   "%or_ln48 = or i64 %xor_ln48, i64 %xor_ln48_37" [src/generic/fp_generic.cpp:48]   --->   Operation 34 'or' 'or_ln48' <Predicate = true> <Delay = 0.00> <CoreInst = "LogicGate">   --->   Core 74 'LogicGate' <Latency = 0> <II = 1> <Delay = 0.28> <FuncUnit> <Opcode : 'and' 'or' 'xor'> <InPorts = 2> <OutPorts = 1>
ST_2 : Operation 35 [1/1] (0.00ns) (grouped into LUT with out node or_ln48_13)   --->   "%bit_sel1 = bitselect i1 @_ssdm_op_BitSelect.i1.i64.i64, i64 %tempReg, i64 63" [src/generic/fp_generic.cpp:48]   --->   Operation 35 'bitselect' 'bit_sel1' <Predicate = true> <Delay = 0.00>
ST_2 : Operation 36 [1/1] (0.00ns) (grouped into LUT with out node or_ln48_13)   --->   "%xor_ln48_42 = xor i1 %bit_sel1, i1 1" [src/generic/fp_generic.cpp:48]   --->   Operation 36 'xor' 'xor_ln48_42' <Predicate = true> <Delay = 0.00> <CoreInst = "LogicGate">   --->   Core 74 'LogicGate' <Latency = 0> <II = 1> <Delay = 0.12> <FuncUnit> <Opcode : 'and' 'or' 'xor'> <InPorts = 2> <OutPorts = 1>
ST_2 : Operation 37 [1/1] (0.00ns) (grouped into LUT with out node or_ln48_13)   --->   "%trunc_ln48 = trunc i64 %tempReg" [src/generic/fp_generic.cpp:48]   --->   Operation 37 'trunc' 'trunc_ln48' <Predicate = true> <Delay = 0.00>
ST_2 : Operation 38 [1/1] (0.00ns) (grouped into LUT with out node or_ln48_13)   --->   "%xor_ln48_s = bitconcatenate i64 @_ssdm_op_BitConcatenate.i64.i1.i63, i1 %xor_ln48_42, i63 %trunc_ln48" [src/generic/fp_generic.cpp:48]   --->   Operation 38 'bitconcatenate' 'xor_ln48_s' <Predicate = true> <Delay = 0.00>
ST_2 : Operation 39 [1/1] (0.00ns) (grouped into LUT with out node or_ln48_13)   --->   "%and_ln48_13 = and i64 %c_load, i64 %xor_ln48_s" [src/generic/fp_generic.cpp:48]   --->   Operation 39 'and' 'and_ln48_13' <Predicate = true> <Delay = 0.00> <CoreInst = "LogicGate">   --->   Core 74 'LogicGate' <Latency = 0> <II = 1> <Delay = 0.28> <FuncUnit> <Opcode : 'and' 'or' 'xor'> <InPorts = 2> <OutPorts = 1>
ST_2 : Operation 40 [1/1] (0.28ns) (out node of the LUT)   --->   "%xor_ln48_39 = xor i64 %or_ln48, i64 %add_ln48" [src/generic/fp_generic.cpp:48]   --->   Operation 40 'xor' 'xor_ln48_39' <Predicate = true> <Delay = 0.28> <CoreInst = "LogicGate">   --->   Core 74 'LogicGate' <Latency = 0> <II = 1> <Delay = 0.28> <FuncUnit> <Opcode : 'and' 'or' 'xor'> <InPorts = 2> <OutPorts = 1>
ST_2 : Operation 41 [1/1] (0.28ns) (out node of the LUT)   --->   "%or_ln48_13 = or i64 %xor_ln48_39, i64 %and_ln48_13" [src/generic/fp_generic.cpp:48]   --->   Operation 41 'or' 'or_ln48_13' <Predicate = true> <Delay = 0.28> <CoreInst = "LogicGate">   --->   Core 74 'LogicGate' <Latency = 0> <II = 1> <Delay = 0.28> <FuncUnit> <Opcode : 'and' 'or' 'xor'> <InPorts = 2> <OutPorts = 1>
ST_2 : Operation 42 [1/1] (0.00ns)   --->   "%tmp = bitselect i1 @_ssdm_op_BitSelect.i1.i64.i32, i64 %or_ln48_13, i32 63" [src/generic/fp_generic.cpp:46]   --->   Operation 42 'bitselect' 'tmp' <Predicate = true> <Delay = 0.00>
ST_2 : Operation 43 [1/1] (0.00ns)   --->   "%br_ln46 = br void %for.inc54" [src/generic/fp_generic.cpp:46]   --->   Operation 43 'br' 'br_ln46' <Predicate = true> <Delay = 0.00>


============================================================
+ Verbose Summary: Timing violations
============================================================
Target clock period: 10.000ns, clock uncertainty: 2.700ns.

 <State 1>: 1.482ns
The critical path consists of the following:
	'store' operation 0 bit ('store_ln28', src/generic/fp_generic.cpp:28) of constant 0 on local variable 'i', src/generic/fp_generic.cpp:28 [8]  (0.387 ns)
	'load' operation 4 bit ('i', src/generic/fp_generic.cpp:46) on local variable 'i', src/generic/fp_generic.cpp:28 [12]  (0.000 ns)
	'icmp' operation 1 bit ('icmp_ln46', src/generic/fp_generic.cpp:46) [13]  (0.708 ns)
	'store' operation 0 bit ('store_ln28', src/generic/fp_generic.cpp:28) of variable 'add_ln46', src/generic/fp_generic.cpp:46 on local variable 'i', src/generic/fp_generic.cpp:28 [41]  (0.387 ns)

 <State 2>: 3.722ns
The critical path consists of the following:
	'load' operation 64 bit ('c_load', src/generic/fp_generic.cpp:48) on array 'c' [22]  (0.714 ns)
	'add' operation 64 bit ('tempReg', src/generic/fp_generic.cpp:48) [24]  (1.147 ns)
	'add' operation 64 bit ('x', src/generic/fp_generic.cpp:48) [28]  (1.147 ns)
	'store' operation 0 bit ('store_ln48', src/generic/fp_generic.cpp:48) of variable 'x', src/generic/fp_generic.cpp:48 on array 'c' [29]  (0.714 ns)


============================================================
+ Verbose Summary: Binding
============================================================
N/A
* FSMD analyzer results:
  - Output states:
 - Input state : 
  - Chain level:
	State 1
	State 2


============================================================
+ Verbose Summary: Datapath Resource usage 
============================================================
N/A
