

================================================================
== Vitis HLS Report for 'fpadd503_148106_Pipeline_VITIS_LOOP_33_1'
================================================================
* Date:           Wed Sep  3 15:19:00 2025

* Version:        2024.2.2 (Build 6049644 on Mar  5 2025)
* Project:        sikep503_hls
* Solution:       solution1 (Vivado IP Flow Target)
* Product family: virtexuplus58g
* Target device:  xcvu29p-fsga2577-2L-e


================================================================
== Performance Estimates
================================================================
+ Timing: 
    * Summary: 
    +--------+----------+----------+------------+
    |  Clock |  Target  | Estimated| Uncertainty|
    +--------+----------+----------+------------+
    |ap_clk  |  10.00 ns|  3.722 ns|     2.70 ns|
    +--------+----------+----------+------------+

+ Latency: 
    * Summary: 
    +---------+---------+----------+----------+-----+-----+------------------------------------------------+
    |  Latency (cycles) |  Latency (absolute) |  Interval |                    Pipeline                    |
    |   min   |   max   |    min   |    max   | min | max |                      Type                      |
    +---------+---------+----------+----------+-----+-----+------------------------------------------------+
    |       10|       10|  0.100 us|  0.100 us|    9|    9|  loop auto-rewind stp (delay=0 clock cycles(s))|
    +---------+---------+----------+----------+-----+-----+------------------------------------------------+

    + Detail: 
        * Instance: 
        N/A

        * Loop: 
        +-------------------+---------+---------+----------+-----------+-----------+------+----------+
        |                   |  Latency (cycles) | Iteration|  Initiation Interval  | Trip |          |
        |     Loop Name     |   min   |   max   |  Latency |  achieved |   target  | Count| Pipelined|
        +-------------------+---------+---------+----------+-----------+-----------+------+----------+
        |- VITIS_LOOP_33_1  |        8|        8|         2|          1|          1|     8|       yes|
        +-------------------+---------+---------+----------+-----------+-----------+------+----------+



================================================================
== Utilization Estimates
================================================================
* Summary: 
+---------------------+---------+-------+---------+---------+------+
|         Name        | BRAM_18K|  DSP  |    FF   |   LUT   | URAM |
+---------------------+---------+-------+---------+---------+------+
|DSP                  |        -|      -|        -|        -|     -|
|Expression           |        -|      -|        0|      592|     -|
|FIFO                 |        -|      -|        -|        -|     -|
|Instance             |        -|      -|        -|        -|     -|
|Memory               |        -|      -|        -|        -|     -|
|Multiplexer          |        -|      -|        0|       45|     -|
|Register             |        -|      -|       13|        -|     -|
+---------------------+---------+-------+---------+---------+------+
|Total                |        0|      0|       13|      637|     0|
+---------------------+---------+-------+---------+---------+------+
|Available SLR        |     1344|   3072|   864000|   432000|   320|
+---------------------+---------+-------+---------+---------+------+
|Utilization SLR (%)  |        0|      0|       ~0|       ~0|     0|
+---------------------+---------+-------+---------+---------+------+
|Available            |     5376|  12288|  3456000|  1728000|  1280|
+---------------------+---------+-------+---------+---------+------+
|Utilization (%)      |        0|      0|       ~0|       ~0|     0|
+---------------------+---------+-------+---------+---------+------+

+ Detail: 
    * Instance: 
    N/A

    * DSP: 
    N/A

    * Memory: 
    N/A

    * FIFO: 
    N/A

    * Expression: 
    +-----------------------+----------+----+---+----+------------+------------+
    |     Variable Name     | Operation| DSP| FF| LUT| Bitwidth P0| Bitwidth P1|
    +-----------------------+----------+----+---+----+------------+------------+
    |add_ln33_fu_140_p2     |         +|   0|  0|  12|           4|           1|
    |add_ln35_15_fu_157_p2  |         +|   0|  0|  12|           4|           4|
    |add_ln35_16_fu_168_p2  |         +|   0|  0|  12|           4|           4|
    |add_ln35_18_fu_193_p2  |         +|   0|  0|  71|          64|          64|
    |add_ln35_fu_146_p2     |         +|   0|  0|  12|           4|           4|
    |tempReg_fu_187_p2      |         +|   0|  0|  71|          64|          64|
    |and_ln35_fu_244_p2     |       and|   0|  0|  64|          64|          64|
    |ap_condition_252       |       and|   0|  0|   2|           1|           1|
    |icmp_ln33_fu_134_p2    |      icmp|   0|  0|  12|           4|           5|
    |or_ln35_14_fu_256_p2   |        or|   0|  0|  64|          64|          64|
    |or_ln35_fu_212_p2      |        or|   0|  0|  64|          64|          64|
    |ap_enable_pp0          |       xor|   0|  0|   2|           1|           2|
    |xor_ln35_41_fu_206_p2  |       xor|   0|  0|  64|          64|          64|
    |xor_ln35_42_fu_226_p2  |       xor|   0|  0|   2|           1|           2|
    |xor_ln35_43_fu_250_p2  |       xor|   0|  0|  64|          64|          64|
    |xor_ln35_fu_200_p2     |       xor|   0|  0|  64|          64|          64|
    +-----------------------+----------+----+---+----+------------+------------+
    |Total                  |          |   0|  0| 592|         535|         535|
    +-----------------------+----------+----+---+----+------------+------------+

    * Multiplexer: 
    +-------------------------+----+-----------+-----+-----------+
    |           Name          | LUT| Input Size| Bits| Total Bits|
    +-------------------------+----+-----------+-----+-----------+
    |ap_done_int              |   9|          2|    1|          2|
    |ap_enable_reg_pp0_iter1  |   9|          2|    1|          2|
    |ap_sig_allocacmp_i_231   |   9|          2|    4|          8|
    |carry_reg_115            |   9|          2|    1|          2|
    |i_fu_54                  |   9|          2|    4|          8|
    +-------------------------+----+-----------+-----+-----------+
    |Total                    |  45|         10|   11|         22|
    +-------------------------+----+-----------+-----+-----------+

    * Register: 
    +-------------------------+---+----+-----+-----------+
    |           Name          | FF| LUT| Bits| Const Bits|
    +-------------------------+---+----+-----+-----------+
    |add_ln35_16_reg_291      |  4|   0|    4|          0|
    |ap_CS_fsm                |  1|   0|    1|          0|
    |ap_done_reg              |  1|   0|    1|          0|
    |ap_enable_reg_pp0_iter1  |  1|   0|    1|          0|
    |carry_reg_115            |  1|   0|    1|          0|
    |i_fu_54                  |  4|   0|    4|          0|
    |icmp_ln33_reg_277        |  1|   0|    1|          0|
    +-------------------------+---+----+-----+-----------+
    |Total                    | 13|   0|   13|          0|
    +-------------------------+---+----+-----+-----------+



================================================================
== Interface
================================================================
* Summary: 
+--------------+-----+-----+------------+------------------------------------------+--------------+
|   RTL Ports  | Dir | Bits|  Protocol  |               Source Object              |    C Type    |
+--------------+-----+-----+------------+------------------------------------------+--------------+
|ap_clk        |   in|    1|  ap_ctrl_hs|  fpadd503.148106_Pipeline_VITIS_LOOP_33_1|  return value|
|ap_rst        |   in|    1|  ap_ctrl_hs|  fpadd503.148106_Pipeline_VITIS_LOOP_33_1|  return value|
|ap_start      |   in|    1|  ap_ctrl_hs|  fpadd503.148106_Pipeline_VITIS_LOOP_33_1|  return value|
|ap_done       |  out|    1|  ap_ctrl_hs|  fpadd503.148106_Pipeline_VITIS_LOOP_33_1|  return value|
|ap_idle       |  out|    1|  ap_ctrl_hs|  fpadd503.148106_Pipeline_VITIS_LOOP_33_1|  return value|
|ap_ready      |  out|    1|  ap_ctrl_hs|  fpadd503.148106_Pipeline_VITIS_LOOP_33_1|  return value|
|zext_ln35_21  |   in|    4|     ap_none|                              zext_ln35_21|        scalar|
|a_address0    |  out|    4|   ap_memory|                                         a|         array|
|a_ce0         |  out|    1|   ap_memory|                                         a|         array|
|a_q0          |   in|   64|   ap_memory|                                         a|         array|
|zext_ln35_20  |   in|    4|     ap_none|                              zext_ln35_20|        scalar|
|b_address0    |  out|    4|   ap_memory|                                         b|         array|
|b_ce0         |  out|    1|   ap_memory|                                         b|         array|
|b_q0          |   in|   64|   ap_memory|                                         b|         array|
|zext_ln35_19  |   in|    4|     ap_none|                              zext_ln35_19|        scalar|
|c_address0    |  out|    4|   ap_memory|                                         c|         array|
|c_ce0         |  out|    1|   ap_memory|                                         c|         array|
|c_we0         |  out|    1|   ap_memory|                                         c|         array|
|c_d0          |  out|   64|   ap_memory|                                         c|         array|
+--------------+-----+-----+------------+------------------------------------------+--------------+

============================================================
+ Verbose Summary: Synthesis Manager
============================================================
InlineROM: 1
ExposeGlobal: 0
============================================================
+ Verbose Summary: CDFG Model
============================================================
IsTopModel: 0
ResetActiveHigh: 1
IsCombinational: 2
IsDatapathOnly: 2
HasWiredReturn: 1
HasMFsm: 2
HasVarLatency: 1
IsPipeline: 0
IsRtlPipelined: 0
IsInstanceOverlapped: 0
IsDontTouch: 0
HasImplIP: 0
IsGatedGlobalClock: 0

+ Individual pipeline summary: 
  * Pipeline-0: initiation interval (II) = 1, depth = 2


============================================================
+ Verbose Summary: Schedule
============================================================
* Number of FSM states : 2
* Pipeline : 1
  Pipeline-0 : II = 1, D = 2, States = { 1 2 }
* Dataflow Pipeline: 0

* FSM state transitions: 
1 --> 2 
2 --> 

* FSM state operations: 

State 1 <SV = 0> <Delay = 1.80>
ST_1 : Operation 5 [1/1] (0.00ns)   --->   "%i = alloca i32 1" [src/generic/fp_generic.cpp:28]   --->   Operation 5 'alloca' 'i' <Predicate = true> <Delay = 0.00>
ST_1 : Operation 6 [1/1] (0.00ns)   --->   "%zext_ln35_19_read = read i4 @_ssdm_op_Read.ap_auto.i4, i4 %zext_ln35_19"   --->   Operation 6 'read' 'zext_ln35_19_read' <Predicate = true> <Delay = 0.00>
ST_1 : Operation 7 [1/1] (0.00ns)   --->   "%zext_ln35_20_read = read i4 @_ssdm_op_Read.ap_auto.i4, i4 %zext_ln35_20"   --->   Operation 7 'read' 'zext_ln35_20_read' <Predicate = true> <Delay = 0.00>
ST_1 : Operation 8 [1/1] (0.00ns)   --->   "%zext_ln35_21_read = read i4 @_ssdm_op_Read.ap_auto.i4, i4 %zext_ln35_21"   --->   Operation 8 'read' 'zext_ln35_21_read' <Predicate = true> <Delay = 0.00>
ST_1 : Operation 9 [1/1] (0.38ns)   --->   "%store_ln28 = store i4 0, i4 %i" [src/generic/fp_generic.cpp:28]   --->   Operation 9 'store' 'store_ln28' <Predicate = true> <Delay = 0.38>
ST_1 : Operation 10 [1/1] (0.38ns)   --->   "%br_ln0 = br void %for.inc"   --->   Operation 10 'br' 'br_ln0' <Predicate = true> <Delay = 0.38>
ST_1 : Operation 11 [1/1] (0.00ns)   --->   "%carry = phi i1 0, void %newFuncRoot, i1 %tmp, void %for.inc.split" [src/generic/fp_generic.cpp:33]   --->   Operation 11 'phi' 'carry' <Predicate = true> <Delay = 0.00>
ST_1 : Operation 12 [1/1] (0.00ns)   --->   "%i_231 = load i4 %i" [src/generic/fp_generic.cpp:35]   --->   Operation 12 'load' 'i_231' <Predicate = true> <Delay = 0.00>
ST_1 : Operation 13 [1/1] (0.70ns)   --->   "%icmp_ln33 = icmp_eq  i4 %i_231, i4 8" [src/generic/fp_generic.cpp:33]   --->   Operation 13 'icmp' 'icmp_ln33' <Predicate = true> <Delay = 0.70> <CoreInst = "Cmp">   --->   Core 9 'Cmp' <Latency = 0> <II = 1> <Delay = 0.70> <FuncUnit> <Opcode : 'seteq' 'setne' 'setle' 'setge' 'setlt' 'setgt'> <InPorts = 2> <OutPorts = 1>
ST_1 : Operation 14 [1/1] (0.70ns)   --->   "%add_ln33 = add i4 %i_231, i4 1" [src/generic/fp_generic.cpp:33]   --->   Operation 14 'add' 'add_ln33' <Predicate = true> <Delay = 0.70> <CoreInst = "Adder">   --->   Core 1 'Adder' <Latency = 0> <II = 1> <Delay = 0.70> <FuncUnit> <Opcode : 'add' 'sub'> <InPorts = 2> <OutPorts = 1>
ST_1 : Operation 15 [1/1] (0.00ns)   --->   "%br_ln33 = br i1 %icmp_ln33, void %for.inc.split, void %for.inc29.preheader.exitStub" [src/generic/fp_generic.cpp:33]   --->   Operation 15 'br' 'br_ln33' <Predicate = true> <Delay = 0.00>
ST_1 : Operation 16 [1/1] (0.70ns)   --->   "%add_ln35 = add i4 %zext_ln35_21_read, i4 %i_231" [src/generic/fp_generic.cpp:35]   --->   Operation 16 'add' 'add_ln35' <Predicate = (!icmp_ln33)> <Delay = 0.70> <CoreInst = "Adder">   --->   Core 1 'Adder' <Latency = 0> <II = 1> <Delay = 0.70> <FuncUnit> <Opcode : 'add' 'sub'> <InPorts = 2> <OutPorts = 1>
ST_1 : Operation 17 [1/1] (0.00ns)   --->   "%zext_ln35_22 = zext i4 %add_ln35" [src/generic/fp_generic.cpp:35]   --->   Operation 17 'zext' 'zext_ln35_22' <Predicate = (!icmp_ln33)> <Delay = 0.00>
ST_1 : Operation 18 [1/1] (0.00ns)   --->   "%a_addr = getelementptr i64 %a, i64 0, i64 %zext_ln35_22" [src/generic/fp_generic.cpp:35]   --->   Operation 18 'getelementptr' 'a_addr' <Predicate = (!icmp_ln33)> <Delay = 0.00>
ST_1 : Operation 19 [1/1] (0.70ns)   --->   "%add_ln35_15 = add i4 %zext_ln35_20_read, i4 %i_231" [src/generic/fp_generic.cpp:35]   --->   Operation 19 'add' 'add_ln35_15' <Predicate = (!icmp_ln33)> <Delay = 0.70> <CoreInst = "Adder">   --->   Core 1 'Adder' <Latency = 0> <II = 1> <Delay = 0.70> <FuncUnit> <Opcode : 'add' 'sub'> <InPorts = 2> <OutPorts = 1>
ST_1 : Operation 20 [1/1] (0.00ns)   --->   "%zext_ln35_23 = zext i4 %add_ln35_15" [src/generic/fp_generic.cpp:35]   --->   Operation 20 'zext' 'zext_ln35_23' <Predicate = (!icmp_ln33)> <Delay = 0.00>
ST_1 : Operation 21 [1/1] (0.00ns)   --->   "%b_addr = getelementptr i64 %b, i64 0, i64 %zext_ln35_23" [src/generic/fp_generic.cpp:35]   --->   Operation 21 'getelementptr' 'b_addr' <Predicate = (!icmp_ln33)> <Delay = 0.00>
ST_1 : Operation 22 [1/1] (0.70ns)   --->   "%add_ln35_16 = add i4 %zext_ln35_19_read, i4 %i_231" [src/generic/fp_generic.cpp:35]   --->   Operation 22 'add' 'add_ln35_16' <Predicate = (!icmp_ln33)> <Delay = 0.70> <CoreInst = "Adder">   --->   Core 1 'Adder' <Latency = 0> <II = 1> <Delay = 0.70> <FuncUnit> <Opcode : 'add' 'sub'> <InPorts = 2> <OutPorts = 1>
ST_1 : Operation 23 [2/2] (0.71ns)   --->   "%a_load = load i4 %a_addr" [src/generic/fp_generic.cpp:35]   --->   Operation 23 'load' 'a_load' <Predicate = (!icmp_ln33)> <Delay = 0.71> <CoreInst = "RAM">   --->   Core 82 'RAM' <Latency = 1> <II = 1> <Delay = 0.71> <Storage> <Opcode : 'load' 'store'> <Ports = 2> <Width = 64> <Depth = 16> <RAM>
ST_1 : Operation 24 [2/2] (0.71ns)   --->   "%b_load = load i4 %b_addr" [src/generic/fp_generic.cpp:35]   --->   Operation 24 'load' 'b_load' <Predicate = (!icmp_ln33)> <Delay = 0.71> <CoreInst = "RAM">   --->   Core 82 'RAM' <Latency = 1> <II = 1> <Delay = 0.71> <Storage> <Opcode : 'load' 'store'> <Ports = 2> <Width = 64> <Depth = 16> <RAM>
ST_1 : Operation 25 [1/1] (0.38ns)   --->   "%store_ln28 = store i4 %add_ln33, i4 %i" [src/generic/fp_generic.cpp:28]   --->   Operation 25 'store' 'store_ln28' <Predicate = (!icmp_ln33)> <Delay = 0.38>
ST_1 : Operation 49 [1/1] (0.38ns)   --->   "%ret_ln0 = ret"   --->   Operation 49 'ret' 'ret_ln0' <Predicate = (icmp_ln33)> <Delay = 0.38>

State 2 <SV = 1> <Delay = 3.72>
ST_2 : Operation 26 [1/1] (0.00ns)   --->   "%zext_ln35_24 = zext i4 %add_ln35_16" [src/generic/fp_generic.cpp:35]   --->   Operation 26 'zext' 'zext_ln35_24' <Predicate = (!icmp_ln33)> <Delay = 0.00>
ST_2 : Operation 27 [1/1] (0.00ns)   --->   "%c_addr = getelementptr i64 %c, i64 0, i64 %zext_ln35_24" [src/generic/fp_generic.cpp:35]   --->   Operation 27 'getelementptr' 'c_addr' <Predicate = (!icmp_ln33)> <Delay = 0.00>
ST_2 : Operation 28 [1/1] (0.00ns)   --->   "%specpipeline_ln28 = specpipeline void @_ssdm_op_SpecPipeline, i32 4294967295, i32 0, i32 0, i32 0, void @empty_82" [src/generic/fp_generic.cpp:28]   --->   Operation 28 'specpipeline' 'specpipeline_ln28' <Predicate = (!icmp_ln33)> <Delay = 0.00>
ST_2 : Operation 29 [1/1] (0.00ns)   --->   "%speclooptripcount_ln28 = speclooptripcount void @_ssdm_op_SpecLoopTripCount, i64 8, i64 8, i64 8" [src/generic/fp_generic.cpp:28]   --->   Operation 29 'speclooptripcount' 'speclooptripcount_ln28' <Predicate = (!icmp_ln33)> <Delay = 0.00>
ST_2 : Operation 30 [1/1] (0.00ns)   --->   "%specloopname_ln33 = specloopname void @_ssdm_op_SpecLoopName, void @empty_89" [src/generic/fp_generic.cpp:33]   --->   Operation 30 'specloopname' 'specloopname_ln33' <Predicate = (!icmp_ln33)> <Delay = 0.00>
ST_2 : Operation 31 [1/2] ( I:0.71ns O:0.71ns )   --->   "%a_load = load i4 %a_addr" [src/generic/fp_generic.cpp:35]   --->   Operation 31 'load' 'a_load' <Predicate = (!icmp_ln33)> <Delay = 0.71> <CoreInst = "RAM">   --->   Core 82 'RAM' <Latency = 1> <II = 1> <Delay = 0.71> <Storage> <Opcode : 'load' 'store'> <Ports = 2> <Width = 64> <Depth = 16> <RAM>
ST_2 : Operation 32 [1/1] (0.00ns)   --->   "%zext_ln35 = zext i1 %carry" [src/generic/fp_generic.cpp:35]   --->   Operation 32 'zext' 'zext_ln35' <Predicate = (!icmp_ln33)> <Delay = 0.00>
ST_2 : Operation 33 [1/1] (1.14ns)   --->   "%tempReg = add i64 %a_load, i64 %zext_ln35" [src/generic/fp_generic.cpp:35]   --->   Operation 33 'add' 'tempReg' <Predicate = (!icmp_ln33)> <Delay = 1.14> <CoreInst = "Adder">   --->   Core 1 'Adder' <Latency = 0> <II = 1> <Delay = 1.14> <FuncUnit> <Opcode : 'add' 'sub'> <InPorts = 2> <OutPorts = 1>
ST_2 : Operation 34 [1/2] ( I:0.71ns O:0.71ns )   --->   "%b_load = load i4 %b_addr" [src/generic/fp_generic.cpp:35]   --->   Operation 34 'load' 'b_load' <Predicate = (!icmp_ln33)> <Delay = 0.71> <CoreInst = "RAM">   --->   Core 82 'RAM' <Latency = 1> <II = 1> <Delay = 0.71> <Storage> <Opcode : 'load' 'store'> <Ports = 2> <Width = 64> <Depth = 16> <RAM>
ST_2 : Operation 35 [1/1] (1.14ns)   --->   "%add_ln35_18 = add i64 %b_load, i64 %tempReg" [src/generic/fp_generic.cpp:35]   --->   Operation 35 'add' 'add_ln35_18' <Predicate = (!icmp_ln33)> <Delay = 1.14> <CoreInst = "Adder">   --->   Core 1 'Adder' <Latency = 0> <II = 1> <Delay = 1.14> <FuncUnit> <Opcode : 'add' 'sub'> <InPorts = 2> <OutPorts = 1>
ST_2 : Operation 36 [1/1] ( I:0.71ns O:0.71ns )   --->   "%store_ln35 = store i64 %add_ln35_18, i4 %c_addr" [src/generic/fp_generic.cpp:35]   --->   Operation 36 'store' 'store_ln35' <Predicate = (!icmp_ln33)> <Delay = 0.71> <CoreInst = "RAM">   --->   Core 82 'RAM' <Latency = 1> <II = 1> <Delay = 0.71> <Storage> <Opcode : 'load' 'store'> <Ports = 2> <Width = 64> <Depth = 16> <RAM>
ST_2 : Operation 37 [1/1] (0.00ns) (grouped into LUT with out node xor_ln35_43)   --->   "%xor_ln35 = xor i64 %add_ln35_18, i64 %tempReg" [src/generic/fp_generic.cpp:35]   --->   Operation 37 'xor' 'xor_ln35' <Predicate = (!icmp_ln33)> <Delay = 0.00> <CoreInst = "LogicGate">   --->   Core 74 'LogicGate' <Latency = 0> <II = 1> <Delay = 0.28> <FuncUnit> <Opcode : 'and' 'or' 'xor'> <InPorts = 2> <OutPorts = 1>
ST_2 : Operation 38 [1/1] (0.00ns) (grouped into LUT with out node xor_ln35_43)   --->   "%xor_ln35_41 = xor i64 %b_load, i64 %tempReg" [src/generic/fp_generic.cpp:35]   --->   Operation 38 'xor' 'xor_ln35_41' <Predicate = (!icmp_ln33)> <Delay = 0.00> <CoreInst = "LogicGate">   --->   Core 74 'LogicGate' <Latency = 0> <II = 1> <Delay = 0.28> <FuncUnit> <Opcode : 'and' 'or' 'xor'> <InPorts = 2> <OutPorts = 1>
ST_2 : Operation 39 [1/1] (0.00ns) (grouped into LUT with out node xor_ln35_43)   --->   "%or_ln35 = or i64 %xor_ln35, i64 %xor_ln35_41" [src/generic/fp_generic.cpp:35]   --->   Operation 39 'or' 'or_ln35' <Predicate = (!icmp_ln33)> <Delay = 0.00> <CoreInst = "LogicGate">   --->   Core 74 'LogicGate' <Latency = 0> <II = 1> <Delay = 0.28> <FuncUnit> <Opcode : 'and' 'or' 'xor'> <InPorts = 2> <OutPorts = 1>
ST_2 : Operation 40 [1/1] (0.00ns) (grouped into LUT with out node or_ln35_14)   --->   "%bit_sel = bitselect i1 @_ssdm_op_BitSelect.i1.i64.i64, i64 %tempReg, i64 63" [src/generic/fp_generic.cpp:35]   --->   Operation 40 'bitselect' 'bit_sel' <Predicate = (!icmp_ln33)> <Delay = 0.00>
ST_2 : Operation 41 [1/1] (0.00ns) (grouped into LUT with out node or_ln35_14)   --->   "%xor_ln35_42 = xor i1 %bit_sel, i1 1" [src/generic/fp_generic.cpp:35]   --->   Operation 41 'xor' 'xor_ln35_42' <Predicate = (!icmp_ln33)> <Delay = 0.00> <CoreInst = "LogicGate">   --->   Core 74 'LogicGate' <Latency = 0> <II = 1> <Delay = 0.12> <FuncUnit> <Opcode : 'and' 'or' 'xor'> <InPorts = 2> <OutPorts = 1>
ST_2 : Operation 42 [1/1] (0.00ns) (grouped into LUT with out node or_ln35_14)   --->   "%trunc_ln35 = trunc i64 %tempReg" [src/generic/fp_generic.cpp:35]   --->   Operation 42 'trunc' 'trunc_ln35' <Predicate = (!icmp_ln33)> <Delay = 0.00>
ST_2 : Operation 43 [1/1] (0.00ns) (grouped into LUT with out node or_ln35_14)   --->   "%xor_ln35_s = bitconcatenate i64 @_ssdm_op_BitConcatenate.i64.i1.i63, i1 %xor_ln35_42, i63 %trunc_ln35" [src/generic/fp_generic.cpp:35]   --->   Operation 43 'bitconcatenate' 'xor_ln35_s' <Predicate = (!icmp_ln33)> <Delay = 0.00>
ST_2 : Operation 44 [1/1] (0.00ns) (grouped into LUT with out node or_ln35_14)   --->   "%and_ln35 = and i64 %a_load, i64 %xor_ln35_s" [src/generic/fp_generic.cpp:35]   --->   Operation 44 'and' 'and_ln35' <Predicate = (!icmp_ln33)> <Delay = 0.00> <CoreInst = "LogicGate">   --->   Core 74 'LogicGate' <Latency = 0> <II = 1> <Delay = 0.28> <FuncUnit> <Opcode : 'and' 'or' 'xor'> <InPorts = 2> <OutPorts = 1>
ST_2 : Operation 45 [1/1] (0.28ns) (out node of the LUT)   --->   "%xor_ln35_43 = xor i64 %or_ln35, i64 %add_ln35_18" [src/generic/fp_generic.cpp:35]   --->   Operation 45 'xor' 'xor_ln35_43' <Predicate = (!icmp_ln33)> <Delay = 0.28> <CoreInst = "LogicGate">   --->   Core 74 'LogicGate' <Latency = 0> <II = 1> <Delay = 0.28> <FuncUnit> <Opcode : 'and' 'or' 'xor'> <InPorts = 2> <OutPorts = 1>
ST_2 : Operation 46 [1/1] (0.28ns) (out node of the LUT)   --->   "%or_ln35_14 = or i64 %xor_ln35_43, i64 %and_ln35" [src/generic/fp_generic.cpp:35]   --->   Operation 46 'or' 'or_ln35_14' <Predicate = (!icmp_ln33)> <Delay = 0.28> <CoreInst = "LogicGate">   --->   Core 74 'LogicGate' <Latency = 0> <II = 1> <Delay = 0.28> <FuncUnit> <Opcode : 'and' 'or' 'xor'> <InPorts = 2> <OutPorts = 1>
ST_2 : Operation 47 [1/1] (0.00ns)   --->   "%tmp = bitselect i1 @_ssdm_op_BitSelect.i1.i64.i32, i64 %or_ln35_14, i32 63" [src/generic/fp_generic.cpp:33]   --->   Operation 47 'bitselect' 'tmp' <Predicate = (!icmp_ln33)> <Delay = 0.00>
ST_2 : Operation 48 [1/1] (0.00ns)   --->   "%br_ln33 = br void %for.inc" [src/generic/fp_generic.cpp:33]   --->   Operation 48 'br' 'br_ln33' <Predicate = (!icmp_ln33)> <Delay = 0.00>


============================================================
+ Verbose Summary: Binding
============================================================
STG Binding: 
---------------- STG Properties BEGIN ----------------
- Is combinational: 0
- Is one-state seq: 0
- Is datapath-only: 0
- Is pipelined: 0
- Is top level: 0
Port [ Return ] is wired: 1; IO mode=ap_ctrl_hs:ce=0
Port [ zext_ln35_21]:  wired=1; compound=0; hidden=0; nouse=0; global=0; static=0; extern=0; dir=0; type=0; pingpong=0; private_global=0; IO mode=ap_none:ce=0
Port [ a]:  wired=1; compound=1; hidden=0; nouse=0; global=0; static=0; extern=0; dir=0; type=1; pingpong=0; private_global=0; MemPort=[13]; IO mode=ap_memory:ce=0
Port [ zext_ln35_20]:  wired=1; compound=0; hidden=0; nouse=0; global=0; static=0; extern=0; dir=0; type=0; pingpong=0; private_global=0; IO mode=ap_none:ce=0
Port [ b]:  wired=1; compound=1; hidden=0; nouse=0; global=0; static=0; extern=0; dir=0; type=1; pingpong=0; private_global=0; MemPort=[13]; IO mode=ap_memory:ce=0
Port [ zext_ln35_19]:  wired=1; compound=0; hidden=0; nouse=0; global=0; static=0; extern=0; dir=0; type=0; pingpong=0; private_global=0; IO mode=ap_none:ce=0
Port [ c]:  wired=1; compound=1; hidden=0; nouse=0; global=0; static=0; extern=0; dir=1; type=1; pingpong=0; private_global=0; MemPort=[03]; IO mode=ap_memory:ce=0
---------------- STG Properties END ------------------

---------------- Datapath Model BEGIN ----------------

<LifeTime>
<method=bitvector/>
i                      (alloca           ) [ 010]
zext_ln35_19_read      (read             ) [ 000]
zext_ln35_20_read      (read             ) [ 000]
zext_ln35_21_read      (read             ) [ 000]
store_ln28             (store            ) [ 000]
br_ln0                 (br               ) [ 000]
carry                  (phi              ) [ 011]
i_231                  (load             ) [ 000]
icmp_ln33              (icmp             ) [ 011]
add_ln33               (add              ) [ 000]
br_ln33                (br               ) [ 000]
add_ln35               (add              ) [ 000]
zext_ln35_22           (zext             ) [ 000]
a_addr                 (getelementptr    ) [ 011]
add_ln35_15            (add              ) [ 000]
zext_ln35_23           (zext             ) [ 000]
b_addr                 (getelementptr    ) [ 011]
add_ln35_16            (add              ) [ 011]
store_ln28             (store            ) [ 000]
zext_ln35_24           (zext             ) [ 000]
c_addr                 (getelementptr    ) [ 000]
specpipeline_ln28      (specpipeline     ) [ 000]
speclooptripcount_ln28 (speclooptripcount) [ 000]
specloopname_ln33      (specloopname     ) [ 000]
a_load                 (load             ) [ 000]
zext_ln35              (zext             ) [ 000]
tempReg                (add              ) [ 000]
b_load                 (load             ) [ 000]
add_ln35_18            (add              ) [ 000]
store_ln35             (store            ) [ 000]
xor_ln35               (xor              ) [ 000]
xor_ln35_41            (xor              ) [ 000]
or_ln35                (or               ) [ 000]
bit_sel                (bitselect        ) [ 000]
xor_ln35_42            (xor              ) [ 000]
trunc_ln35             (trunc            ) [ 000]
xor_ln35_s             (bitconcatenate   ) [ 000]
and_ln35               (and              ) [ 000]
xor_ln35_43            (xor              ) [ 000]
or_ln35_14             (or               ) [ 000]
tmp                    (bitselect        ) [ 011]
br_ln33                (br               ) [ 011]
ret_ln0                (ret              ) [ 000]
</LifeTime>

<model>

<comp_list>
<comp id="0" class="1000" name="zext_ln35_21">
<pin_list>
<pin id="1" dir="1" index="0" bw="1" slack="0"/>
</pin_list>
<bind>
<StgValue><ssdm name="zext_ln35_21"/></StgValue>
</bind>
</comp>

<comp id="2" class="1000" name="a">
<pin_list>
<pin id="3" dir="1" index="0" bw="1" slack="0"/>
</pin_list>
<bind>
<StgValue><ssdm name="a"/><MemPortTyVec>1 3 </MemPortTyVec>
</StgValue>
</bind>
</comp>

<comp id="4" class="1000" name="zext_ln35_20">
<pin_list>
<pin id="5" dir="1" index="0" bw="1" slack="0"/>
</pin_list>
<bind>
<StgValue><ssdm name="zext_ln35_20"/></StgValue>
</bind>
</comp>

<comp id="6" class="1000" name="b">
<pin_list>
<pin id="7" dir="1" index="0" bw="1" slack="0"/>
</pin_list>
<bind>
<StgValue><ssdm name="b"/><MemPortTyVec>1 3 </MemPortTyVec>
</StgValue>
</bind>
</comp>

<comp id="8" class="1000" name="zext_ln35_19">
<pin_list>
<pin id="9" dir="1" index="0" bw="1" slack="0"/>
</pin_list>
<bind>
<StgValue><ssdm name="zext_ln35_19"/></StgValue>
</bind>
</comp>

<comp id="10" class="1000" name="c">
<pin_list>
<pin id="11" dir="1" index="0" bw="1" slack="0"/>
</pin_list>
<bind>
<StgValue><ssdm name="c"/><MemPortTyVec>0 3 </MemPortTyVec>
</StgValue>
</bind>
</comp>

<comp id="12" class="1001" name="const_12">
<pin_list>
<pin id="13" dir="1" index="0" bw="1" slack="0"/>
</pin_list>
<bind>
<StgValue><ssdm name=""/></StgValue>
</bind>
</comp>

<comp id="14" class="1001" name="const_14">
<pin_list>
<pin id="15" dir="1" index="0" bw="1" slack="0"/>
</pin_list>
<bind>
<StgValue><ssdm name="_ssdm_op_Read.ap_auto.i4"/></StgValue>
</bind>
</comp>

<comp id="16" class="1001" name="const_16">
<pin_list>
<pin id="17" dir="1" index="0" bw="1" slack="0"/>
</pin_list>
<bind>
<StgValue><ssdm name=""/></StgValue>
</bind>
</comp>

<comp id="18" class="1001" name="const_18">
<pin_list>
<pin id="19" dir="1" index="0" bw="1" slack="0"/>
</pin_list>
<bind>
<StgValue><ssdm name=""/></StgValue>
</bind>
</comp>

<comp id="20" class="1001" name="const_20">
<pin_list>
<pin id="21" dir="1" index="0" bw="1" slack="0"/>
</pin_list>
<bind>
<StgValue><ssdm name=""/></StgValue>
</bind>
</comp>

<comp id="22" class="1001" name="const_22">
<pin_list>
<pin id="23" dir="1" index="0" bw="1" slack="0"/>
</pin_list>
<bind>
<StgValue><ssdm name=""/></StgValue>
</bind>
</comp>

<comp id="24" class="1001" name="const_24">
<pin_list>
<pin id="25" dir="1" index="0" bw="1" slack="0"/>
</pin_list>
<bind>
<StgValue><ssdm name=""/></StgValue>
</bind>
</comp>

<comp id="26" class="1001" name="const_26">
<pin_list>
<pin id="27" dir="1" index="0" bw="1" slack="2147483647"/>
</pin_list>
<bind>
<StgValue><ssdm name="_ssdm_op_SpecPipeline"/></StgValue>
</bind>
</comp>

<comp id="28" class="1001" name="const_28">
<pin_list>
<pin id="29" dir="1" index="0" bw="1" slack="2147483647"/>
</pin_list>
<bind>
<StgValue><ssdm name=""/></StgValue>
</bind>
</comp>

<comp id="30" class="1001" name="const_30">
<pin_list>
<pin id="31" dir="1" index="0" bw="1" slack="2147483647"/>
</pin_list>
<bind>
<StgValue><ssdm name=""/></StgValue>
</bind>
</comp>

<comp id="32" class="1001" name="const_32">
<pin_list>
<pin id="33" dir="1" index="0" bw="1" slack="2147483647"/>
</pin_list>
<bind>
<StgValue><ssdm name="empty_82"/></StgValue>
</bind>
</comp>

<comp id="34" class="1001" name="const_34">
<pin_list>
<pin id="35" dir="1" index="0" bw="1" slack="2147483647"/>
</pin_list>
<bind>
<StgValue><ssdm name="_ssdm_op_SpecLoopTripCount"/></StgValue>
</bind>
</comp>

<comp id="36" class="1001" name="const_36">
<pin_list>
<pin id="37" dir="1" index="0" bw="1" slack="2147483647"/>
</pin_list>
<bind>
<StgValue><ssdm name=""/></StgValue>
</bind>
</comp>

<comp id="38" class="1001" name="const_38">
<pin_list>
<pin id="39" dir="1" index="0" bw="1" slack="2147483647"/>
</pin_list>
<bind>
<StgValue><ssdm name="_ssdm_op_SpecLoopName"/></StgValue>
</bind>
</comp>

<comp id="40" class="1001" name="const_40">
<pin_list>
<pin id="41" dir="1" index="0" bw="1" slack="2147483647"/>
</pin_list>
<bind>
<StgValue><ssdm name="empty_89"/></StgValue>
</bind>
</comp>

<comp id="42" class="1001" name="const_42">
<pin_list>
<pin id="43" dir="1" index="0" bw="1" slack="0"/>
</pin_list>
<bind>
<StgValue><ssdm name="_ssdm_op_BitSelect.i1.i64.i64"/></StgValue>
</bind>
</comp>

<comp id="44" class="1001" name="const_44">
<pin_list>
<pin id="45" dir="1" index="0" bw="1" slack="0"/>
</pin_list>
<bind>
<StgValue><ssdm name=""/></StgValue>
</bind>
</comp>

<comp id="46" class="1001" name="const_46">
<pin_list>
<pin id="47" dir="1" index="0" bw="1" slack="0"/>
</pin_list>
<bind>
<StgValue><ssdm name=""/></StgValue>
</bind>
</comp>

<comp id="48" class="1001" name="const_48">
<pin_list>
<pin id="49" dir="1" index="0" bw="1" slack="0"/>
</pin_list>
<bind>
<StgValue><ssdm name="_ssdm_op_BitConcatenate.i64.i1.i63"/></StgValue>
</bind>
</comp>

<comp id="50" class="1001" name="const_50">
<pin_list>
<pin id="51" dir="1" index="0" bw="1" slack="0"/>
</pin_list>
<bind>
<StgValue><ssdm name="_ssdm_op_BitSelect.i1.i64.i32"/></StgValue>
</bind>
</comp>

<comp id="52" class="1001" name="const_52">
<pin_list>
<pin id="53" dir="1" index="0" bw="1" slack="0"/>
</pin_list>
<bind>
<StgValue><ssdm name=""/></StgValue>
</bind>
</comp>

<comp id="54" class="1004" name="i_fu_54">
<pin_list>
<pin id="55" dir="0" index="0" bw="1" slack="0"/>
<pin id="56" dir="1" index="1" bw="4" slack="0"/>
</pin_list>
<bind>
<opcode="alloca(26) " fcode="alloca"/>
<opset="i/1 "/>
</bind>
</comp>

<comp id="58" class="1004" name="zext_ln35_19_read_read_fu_58">
<pin_list>
<pin id="59" dir="0" index="0" bw="4" slack="0"/>
<pin id="60" dir="0" index="1" bw="4" slack="0"/>
<pin id="61" dir="1" index="2" bw="4" slack="0"/>
</pin_list>
<bind>
<opcode="read(1150) " fcode="read"/>
<opset="zext_ln35_19_read/1 "/>
</bind>
</comp>

<comp id="64" class="1004" name="zext_ln35_20_read_read_fu_64">
<pin_list>
<pin id="65" dir="0" index="0" bw="4" slack="0"/>
<pin id="66" dir="0" index="1" bw="4" slack="0"/>
<pin id="67" dir="1" index="2" bw="4" slack="0"/>
</pin_list>
<bind>
<opcode="read(1150) " fcode="read"/>
<opset="zext_ln35_20_read/1 "/>
</bind>
</comp>

<comp id="70" class="1004" name="zext_ln35_21_read_read_fu_70">
<pin_list>
<pin id="71" dir="0" index="0" bw="4" slack="0"/>
<pin id="72" dir="0" index="1" bw="4" slack="0"/>
<pin id="73" dir="1" index="2" bw="4" slack="0"/>
</pin_list>
<bind>
<opcode="read(1150) " fcode="read"/>
<opset="zext_ln35_21_read/1 "/>
</bind>
</comp>

<comp id="76" class="1004" name="a_addr_gep_fu_76">
<pin_list>
<pin id="77" dir="0" index="0" bw="64" slack="0"/>
<pin id="78" dir="0" index="1" bw="1" slack="0"/>
<pin id="79" dir="0" index="2" bw="4" slack="0"/>
<pin id="80" dir="1" index="3" bw="4" slack="0"/>
</pin_list>
<bind>
<opcode="getelementptr(29) " fcode="getelementptr"/>
<opset="a_addr/1 "/>
</bind>
</comp>

<comp id="83" class="1004" name="b_addr_gep_fu_83">
<pin_list>
<pin id="84" dir="0" index="0" bw="64" slack="0"/>
<pin id="85" dir="0" index="1" bw="1" slack="0"/>
<pin id="86" dir="0" index="2" bw="4" slack="0"/>
<pin id="87" dir="1" index="3" bw="4" slack="0"/>
</pin_list>
<bind>
<opcode="getelementptr(29) " fcode="getelementptr"/>
<opset="b_addr/1 "/>
</bind>
</comp>

<comp id="90" class="1004" name="grp_access_fu_90">
<pin_list>
<pin id="91" dir="0" index="0" bw="4" slack="0"/>
<pin id="92" dir="0" index="1" bw="64" slack="2147483647"/>
<pin id="93" dir="0" index="2" bw="0" slack="2147483647"/>
<pin id="94" dir="1" index="3" bw="64" slack="0"/>
</pin_list>
<bind>
<opcode="load(27) " fcode="load"/>
<opset="a_load/1 "/>
</bind>
</comp>

<comp id="96" class="1004" name="grp_access_fu_96">
<pin_list>
<pin id="97" dir="0" index="0" bw="4" slack="0"/>
<pin id="98" dir="0" index="1" bw="64" slack="2147483647"/>
<pin id="99" dir="0" index="2" bw="0" slack="2147483647"/>
<pin id="100" dir="1" index="3" bw="64" slack="0"/>
</pin_list>
<bind>
<opcode="load(27) " fcode="load"/>
<opset="b_load/1 "/>
</bind>
</comp>

<comp id="102" class="1004" name="c_addr_gep_fu_102">
<pin_list>
<pin id="103" dir="0" index="0" bw="64" slack="0"/>
<pin id="104" dir="0" index="1" bw="1" slack="0"/>
<pin id="105" dir="0" index="2" bw="4" slack="0"/>
<pin id="106" dir="1" index="3" bw="4" slack="0"/>
</pin_list>
<bind>
<opcode="getelementptr(29) " fcode="getelementptr"/>
<opset="c_addr/2 "/>
</bind>
</comp>

<comp id="109" class="1004" name="store_ln35_access_fu_109">
<pin_list>
<pin id="110" dir="0" index="0" bw="4" slack="0"/>
<pin id="111" dir="0" index="1" bw="64" slack="0"/>
<pin id="112" dir="0" index="2" bw="0" slack="2147483647"/>
<pin id="113" dir="1" index="3" bw="64" slack="2147483647"/>
</pin_list>
<bind>
<opcode="store(28) " fcode="store"/>
<opset="store_ln35/2 "/>
</bind>
</comp>

<comp id="115" class="1005" name="carry_reg_115">
<pin_list>
<pin id="116" dir="0" index="0" bw="1" slack="1"/>
<pin id="117" dir="1" index="1" bw="1" slack="1"/>
</pin_list>
<bind>
<opset="carry (phireg) "/>
</bind>
</comp>

<comp id="118" class="1004" name="carry_phi_fu_118">
<pin_list>
<pin id="119" dir="0" index="0" bw="1" slack="0"/>
<pin id="120" dir="0" index="1" bw="0" slack="2147483647"/>
<pin id="121" dir="0" index="2" bw="1" slack="1"/>
<pin id="122" dir="0" index="3" bw="0" slack="2147483647"/>
<pin id="123" dir="1" index="4" bw="1" slack="1"/>
</pin_list>
<bind>
<opcode="phi(47) " fcode="phi"/>
<opset="carry/1 "/>
</bind>
</comp>

<comp id="126" class="1004" name="store_ln28_store_fu_126">
<pin_list>
<pin id="127" dir="0" index="0" bw="1" slack="0"/>
<pin id="128" dir="0" index="1" bw="4" slack="0"/>
<pin id="129" dir="1" index="2" bw="0" slack="2147483647"/>
</pin_list>
<bind>
<opcode="store(28) " fcode="store"/>
<opset="store_ln28/1 "/>
</bind>
</comp>

<comp id="131" class="1004" name="i_231_load_fu_131">
<pin_list>
<pin id="132" dir="0" index="0" bw="4" slack="0"/>
<pin id="133" dir="1" index="1" bw="4" slack="0"/>
</pin_list>
<bind>
<opcode="load(27) " fcode="load"/>
<opset="i_231/1 "/>
</bind>
</comp>

<comp id="134" class="1004" name="icmp_ln33_fu_134">
<pin_list>
<pin id="135" dir="0" index="0" bw="4" slack="0"/>
<pin id="136" dir="0" index="1" bw="4" slack="0"/>
<pin id="137" dir="1" index="2" bw="1" slack="1"/>
</pin_list>
<bind>
<opcode="icmp(45) " fcode="icmp"/>
<opset="icmp_ln33/1 "/>
</bind>
</comp>

<comp id="140" class="1004" name="add_ln33_fu_140">
<pin_list>
<pin id="141" dir="0" index="0" bw="4" slack="0"/>
<pin id="142" dir="0" index="1" bw="1" slack="0"/>
<pin id="143" dir="1" index="2" bw="4" slack="0"/>
</pin_list>
<bind>
<opcode="add(8) " fcode="add"/>
<opset="add_ln33/1 "/>
</bind>
</comp>

<comp id="146" class="1004" name="add_ln35_fu_146">
<pin_list>
<pin id="147" dir="0" index="0" bw="4" slack="0"/>
<pin id="148" dir="0" index="1" bw="4" slack="0"/>
<pin id="149" dir="1" index="2" bw="4" slack="0"/>
</pin_list>
<bind>
<opcode="add(8) " fcode="add"/>
<opset="add_ln35/1 "/>
</bind>
</comp>

<comp id="152" class="1004" name="zext_ln35_22_fu_152">
<pin_list>
<pin id="153" dir="0" index="0" bw="4" slack="0"/>
<pin id="154" dir="1" index="1" bw="64" slack="0"/>
</pin_list>
<bind>
<opcode="zext(34) " fcode="zext"/>
<opset="zext_ln35_22/1 "/>
</bind>
</comp>

<comp id="157" class="1004" name="add_ln35_15_fu_157">
<pin_list>
<pin id="158" dir="0" index="0" bw="4" slack="0"/>
<pin id="159" dir="0" index="1" bw="4" slack="0"/>
<pin id="160" dir="1" index="2" bw="4" slack="0"/>
</pin_list>
<bind>
<opcode="add(8) " fcode="add"/>
<opset="add_ln35_15/1 "/>
</bind>
</comp>

<comp id="163" class="1004" name="zext_ln35_23_fu_163">
<pin_list>
<pin id="164" dir="0" index="0" bw="4" slack="0"/>
<pin id="165" dir="1" index="1" bw="64" slack="0"/>
</pin_list>
<bind>
<opcode="zext(34) " fcode="zext"/>
<opset="zext_ln35_23/1 "/>
</bind>
</comp>

<comp id="168" class="1004" name="add_ln35_16_fu_168">
<pin_list>
<pin id="169" dir="0" index="0" bw="4" slack="0"/>
<pin id="170" dir="0" index="1" bw="4" slack="0"/>
<pin id="171" dir="1" index="2" bw="4" slack="1"/>
</pin_list>
<bind>
<opcode="add(8) " fcode="add"/>
<opset="add_ln35_16/1 "/>
</bind>
</comp>

<comp id="174" class="1004" name="store_ln28_store_fu_174">
<pin_list>
<pin id="175" dir="0" index="0" bw="4" slack="0"/>
<pin id="176" dir="0" index="1" bw="4" slack="0"/>
<pin id="177" dir="1" index="2" bw="0" slack="2147483647"/>
</pin_list>
<bind>
<opcode="store(28) " fcode="store"/>
<opset="store_ln28/1 "/>
</bind>
</comp>

<comp id="179" class="1004" name="zext_ln35_24_fu_179">
<pin_list>
<pin id="180" dir="0" index="0" bw="4" slack="1"/>
<pin id="181" dir="1" index="1" bw="64" slack="0"/>
</pin_list>
<bind>
<opcode="zext(34) " fcode="zext"/>
<opset="zext_ln35_24/2 "/>
</bind>
</comp>

<comp id="183" class="1004" name="zext_ln35_fu_183">
<pin_list>
<pin id="184" dir="0" index="0" bw="1" slack="1"/>
<pin id="185" dir="1" index="1" bw="64" slack="0"/>
</pin_list>
<bind>
<opcode="zext(34) " fcode="zext"/>
<opset="zext_ln35/2 "/>
</bind>
</comp>

<comp id="187" class="1004" name="tempReg_fu_187">
<pin_list>
<pin id="188" dir="0" index="0" bw="64" slack="0"/>
<pin id="189" dir="0" index="1" bw="1" slack="0"/>
<pin id="190" dir="1" index="2" bw="64" slack="0"/>
</pin_list>
<bind>
<opcode="add(8) " fcode="add"/>
<opset="tempReg/2 "/>
</bind>
</comp>

<comp id="193" class="1004" name="add_ln35_18_fu_193">
<pin_list>
<pin id="194" dir="0" index="0" bw="64" slack="0"/>
<pin id="195" dir="0" index="1" bw="64" slack="0"/>
<pin id="196" dir="1" index="2" bw="64" slack="0"/>
</pin_list>
<bind>
<opcode="add(8) " fcode="add"/>
<opset="add_ln35_18/2 "/>
</bind>
</comp>

<comp id="200" class="1004" name="xor_ln35_fu_200">
<pin_list>
<pin id="201" dir="0" index="0" bw="64" slack="0"/>
<pin id="202" dir="0" index="1" bw="64" slack="0"/>
<pin id="203" dir="1" index="2" bw="64" slack="0"/>
</pin_list>
<bind>
<opcode="xor(25) " fcode="xor"/>
<opset="xor_ln35/2 "/>
</bind>
</comp>

<comp id="206" class="1004" name="xor_ln35_41_fu_206">
<pin_list>
<pin id="207" dir="0" index="0" bw="64" slack="0"/>
<pin id="208" dir="0" index="1" bw="64" slack="0"/>
<pin id="209" dir="1" index="2" bw="64" slack="0"/>
</pin_list>
<bind>
<opcode="xor(25) " fcode="xor"/>
<opset="xor_ln35_41/2 "/>
</bind>
</comp>

<comp id="212" class="1004" name="or_ln35_fu_212">
<pin_list>
<pin id="213" dir="0" index="0" bw="64" slack="0"/>
<pin id="214" dir="0" index="1" bw="64" slack="0"/>
<pin id="215" dir="1" index="2" bw="64" slack="0"/>
</pin_list>
<bind>
<opcode="or(24) " fcode="or"/>
<opset="or_ln35/2 "/>
</bind>
</comp>

<comp id="218" class="1004" name="bit_sel_fu_218">
<pin_list>
<pin id="219" dir="0" index="0" bw="1" slack="0"/>
<pin id="220" dir="0" index="1" bw="64" slack="0"/>
<pin id="221" dir="0" index="2" bw="7" slack="0"/>
<pin id="222" dir="1" index="3" bw="1" slack="0"/>
</pin_list>
<bind>
<opcode="bitselect(1000) " fcode="bitselect"/>
<opset="bit_sel/2 "/>
</bind>
</comp>

<comp id="226" class="1004" name="xor_ln35_42_fu_226">
<pin_list>
<pin id="227" dir="0" index="0" bw="1" slack="0"/>
<pin id="228" dir="0" index="1" bw="1" slack="0"/>
<pin id="229" dir="1" index="2" bw="1" slack="0"/>
</pin_list>
<bind>
<opcode="xor(25) " fcode="xor"/>
<opset="xor_ln35_42/2 "/>
</bind>
</comp>

<comp id="232" class="1004" name="trunc_ln35_fu_232">
<pin_list>
<pin id="233" dir="0" index="0" bw="64" slack="0"/>
<pin id="234" dir="1" index="1" bw="63" slack="0"/>
</pin_list>
<bind>
<opcode="trunc(33) " fcode="trunc"/>
<opset="trunc_ln35/2 "/>
</bind>
</comp>

<comp id="236" class="1004" name="xor_ln35_s_fu_236">
<pin_list>
<pin id="237" dir="0" index="0" bw="64" slack="0"/>
<pin id="238" dir="0" index="1" bw="1" slack="0"/>
<pin id="239" dir="0" index="2" bw="63" slack="0"/>
<pin id="240" dir="1" index="3" bw="64" slack="0"/>
</pin_list>
<bind>
<opcode="bitconcatenate(1004) " fcode="bitconcatenate"/>
<opset="xor_ln35_s/2 "/>
</bind>
</comp>

<comp id="244" class="1004" name="and_ln35_fu_244">
<pin_list>
<pin id="245" dir="0" index="0" bw="64" slack="0"/>
<pin id="246" dir="0" index="1" bw="64" slack="0"/>
<pin id="247" dir="1" index="2" bw="64" slack="0"/>
</pin_list>
<bind>
<opcode="and(23) " fcode="and"/>
<opset="and_ln35/2 "/>
</bind>
</comp>

<comp id="250" class="1004" name="xor_ln35_43_fu_250">
<pin_list>
<pin id="251" dir="0" index="0" bw="64" slack="0"/>
<pin id="252" dir="0" index="1" bw="64" slack="0"/>
<pin id="253" dir="1" index="2" bw="64" slack="0"/>
</pin_list>
<bind>
<opcode="xor(25) " fcode="xor"/>
<opset="xor_ln35_43/2 "/>
</bind>
</comp>

<comp id="256" class="1004" name="or_ln35_14_fu_256">
<pin_list>
<pin id="257" dir="0" index="0" bw="64" slack="0"/>
<pin id="258" dir="0" index="1" bw="64" slack="0"/>
<pin id="259" dir="1" index="2" bw="64" slack="0"/>
</pin_list>
<bind>
<opcode="or(24) " fcode="or"/>
<opset="or_ln35_14/2 "/>
</bind>
</comp>

<comp id="262" class="1004" name="tmp_fu_262">
<pin_list>
<pin id="263" dir="0" index="0" bw="1" slack="0"/>
<pin id="264" dir="0" index="1" bw="64" slack="0"/>
<pin id="265" dir="0" index="2" bw="7" slack="0"/>
<pin id="266" dir="1" index="3" bw="1" slack="1"/>
</pin_list>
<bind>
<opcode="bitselect(1000) " fcode="bitselect"/>
<opset="tmp/2 "/>
</bind>
</comp>

<comp id="270" class="1005" name="i_reg_270">
<pin_list>
<pin id="271" dir="0" index="0" bw="4" slack="0"/>
<pin id="272" dir="1" index="1" bw="4" slack="0"/>
</pin_list>
<bind>
<opset="i "/>
</bind>
</comp>

<comp id="277" class="1005" name="icmp_ln33_reg_277">
<pin_list>
<pin id="278" dir="0" index="0" bw="1" slack="1"/>
<pin id="279" dir="1" index="1" bw="1" slack="2147483647"/>
</pin_list>
<bind>
<opset="icmp_ln33 "/>
</bind>
</comp>

<comp id="281" class="1005" name="a_addr_reg_281">
<pin_list>
<pin id="282" dir="0" index="0" bw="4" slack="1"/>
<pin id="283" dir="1" index="1" bw="4" slack="1"/>
</pin_list>
<bind>
<opset="a_addr "/>
</bind>
</comp>

<comp id="286" class="1005" name="b_addr_reg_286">
<pin_list>
<pin id="287" dir="0" index="0" bw="4" slack="1"/>
<pin id="288" dir="1" index="1" bw="4" slack="1"/>
</pin_list>
<bind>
<opset="b_addr "/>
</bind>
</comp>

<comp id="291" class="1005" name="add_ln35_16_reg_291">
<pin_list>
<pin id="292" dir="0" index="0" bw="4" slack="1"/>
<pin id="293" dir="1" index="1" bw="4" slack="1"/>
</pin_list>
<bind>
<opset="add_ln35_16 "/>
</bind>
</comp>

<comp id="296" class="1005" name="tmp_reg_296">
<pin_list>
<pin id="297" dir="0" index="0" bw="1" slack="1"/>
<pin id="298" dir="1" index="1" bw="1" slack="1"/>
</pin_list>
<bind>
<opset="tmp "/>
</bind>
</comp>

</comp_list>

<net_list>
<net id="57"><net_src comp="12" pin="0"/><net_sink comp="54" pin=0"/></net>

<net id="62"><net_src comp="14" pin="0"/><net_sink comp="58" pin=0"/></net>

<net id="63"><net_src comp="8" pin="0"/><net_sink comp="58" pin=1"/></net>

<net id="68"><net_src comp="14" pin="0"/><net_sink comp="64" pin=0"/></net>

<net id="69"><net_src comp="4" pin="0"/><net_sink comp="64" pin=1"/></net>

<net id="74"><net_src comp="14" pin="0"/><net_sink comp="70" pin=0"/></net>

<net id="75"><net_src comp="0" pin="0"/><net_sink comp="70" pin=1"/></net>

<net id="81"><net_src comp="2" pin="0"/><net_sink comp="76" pin=0"/></net>

<net id="82"><net_src comp="24" pin="0"/><net_sink comp="76" pin=1"/></net>

<net id="88"><net_src comp="6" pin="0"/><net_sink comp="83" pin=0"/></net>

<net id="89"><net_src comp="24" pin="0"/><net_sink comp="83" pin=1"/></net>

<net id="95"><net_src comp="76" pin="3"/><net_sink comp="90" pin=0"/></net>

<net id="101"><net_src comp="83" pin="3"/><net_sink comp="96" pin=0"/></net>

<net id="107"><net_src comp="10" pin="0"/><net_sink comp="102" pin=0"/></net>

<net id="108"><net_src comp="24" pin="0"/><net_sink comp="102" pin=1"/></net>

<net id="114"><net_src comp="102" pin="3"/><net_sink comp="109" pin=0"/></net>

<net id="124"><net_src comp="18" pin="0"/><net_sink comp="118" pin=0"/></net>

<net id="125"><net_src comp="118" pin="4"/><net_sink comp="115" pin=0"/></net>

<net id="130"><net_src comp="16" pin="0"/><net_sink comp="126" pin=0"/></net>

<net id="138"><net_src comp="131" pin="1"/><net_sink comp="134" pin=0"/></net>

<net id="139"><net_src comp="20" pin="0"/><net_sink comp="134" pin=1"/></net>

<net id="144"><net_src comp="131" pin="1"/><net_sink comp="140" pin=0"/></net>

<net id="145"><net_src comp="22" pin="0"/><net_sink comp="140" pin=1"/></net>

<net id="150"><net_src comp="70" pin="2"/><net_sink comp="146" pin=0"/></net>

<net id="151"><net_src comp="131" pin="1"/><net_sink comp="146" pin=1"/></net>

<net id="155"><net_src comp="146" pin="2"/><net_sink comp="152" pin=0"/></net>

<net id="156"><net_src comp="152" pin="1"/><net_sink comp="76" pin=2"/></net>

<net id="161"><net_src comp="64" pin="2"/><net_sink comp="157" pin=0"/></net>

<net id="162"><net_src comp="131" pin="1"/><net_sink comp="157" pin=1"/></net>

<net id="166"><net_src comp="157" pin="2"/><net_sink comp="163" pin=0"/></net>

<net id="167"><net_src comp="163" pin="1"/><net_sink comp="83" pin=2"/></net>

<net id="172"><net_src comp="58" pin="2"/><net_sink comp="168" pin=0"/></net>

<net id="173"><net_src comp="131" pin="1"/><net_sink comp="168" pin=1"/></net>

<net id="178"><net_src comp="140" pin="2"/><net_sink comp="174" pin=0"/></net>

<net id="182"><net_src comp="179" pin="1"/><net_sink comp="102" pin=2"/></net>

<net id="186"><net_src comp="115" pin="1"/><net_sink comp="183" pin=0"/></net>

<net id="191"><net_src comp="90" pin="3"/><net_sink comp="187" pin=0"/></net>

<net id="192"><net_src comp="183" pin="1"/><net_sink comp="187" pin=1"/></net>

<net id="197"><net_src comp="96" pin="3"/><net_sink comp="193" pin=0"/></net>

<net id="198"><net_src comp="187" pin="2"/><net_sink comp="193" pin=1"/></net>

<net id="199"><net_src comp="193" pin="2"/><net_sink comp="109" pin=1"/></net>

<net id="204"><net_src comp="193" pin="2"/><net_sink comp="200" pin=0"/></net>

<net id="205"><net_src comp="187" pin="2"/><net_sink comp="200" pin=1"/></net>

<net id="210"><net_src comp="96" pin="3"/><net_sink comp="206" pin=0"/></net>

<net id="211"><net_src comp="187" pin="2"/><net_sink comp="206" pin=1"/></net>

<net id="216"><net_src comp="200" pin="2"/><net_sink comp="212" pin=0"/></net>

<net id="217"><net_src comp="206" pin="2"/><net_sink comp="212" pin=1"/></net>

<net id="223"><net_src comp="42" pin="0"/><net_sink comp="218" pin=0"/></net>

<net id="224"><net_src comp="187" pin="2"/><net_sink comp="218" pin=1"/></net>

<net id="225"><net_src comp="44" pin="0"/><net_sink comp="218" pin=2"/></net>

<net id="230"><net_src comp="218" pin="3"/><net_sink comp="226" pin=0"/></net>

<net id="231"><net_src comp="46" pin="0"/><net_sink comp="226" pin=1"/></net>

<net id="235"><net_src comp="187" pin="2"/><net_sink comp="232" pin=0"/></net>

<net id="241"><net_src comp="48" pin="0"/><net_sink comp="236" pin=0"/></net>

<net id="242"><net_src comp="226" pin="2"/><net_sink comp="236" pin=1"/></net>

<net id="243"><net_src comp="232" pin="1"/><net_sink comp="236" pin=2"/></net>

<net id="248"><net_src comp="90" pin="3"/><net_sink comp="244" pin=0"/></net>

<net id="249"><net_src comp="236" pin="3"/><net_sink comp="244" pin=1"/></net>

<net id="254"><net_src comp="212" pin="2"/><net_sink comp="250" pin=0"/></net>

<net id="255"><net_src comp="193" pin="2"/><net_sink comp="250" pin=1"/></net>

<net id="260"><net_src comp="250" pin="2"/><net_sink comp="256" pin=0"/></net>

<net id="261"><net_src comp="244" pin="2"/><net_sink comp="256" pin=1"/></net>

<net id="267"><net_src comp="50" pin="0"/><net_sink comp="262" pin=0"/></net>

<net id="268"><net_src comp="256" pin="2"/><net_sink comp="262" pin=1"/></net>

<net id="269"><net_src comp="52" pin="0"/><net_sink comp="262" pin=2"/></net>

<net id="273"><net_src comp="54" pin="1"/><net_sink comp="270" pin=0"/></net>

<net id="274"><net_src comp="270" pin="1"/><net_sink comp="126" pin=1"/></net>

<net id="275"><net_src comp="270" pin="1"/><net_sink comp="131" pin=0"/></net>

<net id="276"><net_src comp="270" pin="1"/><net_sink comp="174" pin=1"/></net>

<net id="280"><net_src comp="134" pin="2"/><net_sink comp="277" pin=0"/></net>

<net id="284"><net_src comp="76" pin="3"/><net_sink comp="281" pin=0"/></net>

<net id="285"><net_src comp="281" pin="1"/><net_sink comp="90" pin=0"/></net>

<net id="289"><net_src comp="83" pin="3"/><net_sink comp="286" pin=0"/></net>

<net id="290"><net_src comp="286" pin="1"/><net_sink comp="96" pin=0"/></net>

<net id="294"><net_src comp="168" pin="2"/><net_sink comp="291" pin=0"/></net>

<net id="295"><net_src comp="291" pin="1"/><net_sink comp="179" pin=0"/></net>

<net id="299"><net_src comp="262" pin="3"/><net_sink comp="296" pin=0"/></net>

<net id="300"><net_src comp="296" pin="1"/><net_sink comp="118" pin=2"/></net>

</net_list>

</model> 
---------------- Datapath Model END ------------------

* FSMD analyzer results:
  - Output states:
	Port: a | {}
	Port: b | {}
	Port: c | {2 }
 - Input state : 
	Port: fpadd503.148106_Pipeline_VITIS_LOOP_33_1 : zext_ln35_21 | {1 }
	Port: fpadd503.148106_Pipeline_VITIS_LOOP_33_1 : a | {1 2 }
	Port: fpadd503.148106_Pipeline_VITIS_LOOP_33_1 : zext_ln35_20 | {1 }
	Port: fpadd503.148106_Pipeline_VITIS_LOOP_33_1 : b | {1 2 }
	Port: fpadd503.148106_Pipeline_VITIS_LOOP_33_1 : zext_ln35_19 | {1 }
	Port: fpadd503.148106_Pipeline_VITIS_LOOP_33_1 : c | {}
  - Chain level:
	State 1
		store_ln28 : 1
		carry : 1
		i_231 : 1
		icmp_ln33 : 2
		add_ln33 : 2
		br_ln33 : 3
		add_ln35 : 2
		zext_ln35_22 : 3
		a_addr : 4
		add_ln35_15 : 2
		zext_ln35_23 : 3
		b_addr : 4
		add_ln35_16 : 2
		a_load : 5
		b_load : 5
		store_ln28 : 3
	State 2
		c_addr : 1
		tempReg : 1
		add_ln35_18 : 2
		store_ln35 : 3
		xor_ln35 : 3
		xor_ln35_41 : 2
		or_ln35 : 3
		bit_sel : 2
		xor_ln35_42 : 3
		trunc_ln35 : 2
		xor_ln35_s : 3
		and_ln35 : 4
		xor_ln35_43 : 3
		or_ln35_14 : 4
		tmp : 4


============================================================
+ Verbose Summary: Datapath Resource usage 
============================================================

* Functional unit list:
|----------|------------------------------|---------|---------|
| Operation|        Functional Unit       |    FF   |   LUT   |
|----------|------------------------------|---------|---------|
|          |        xor_ln35_fu_200       |    0    |    64   |
|    xor   |      xor_ln35_41_fu_206      |    0    |    64   |
|          |      xor_ln35_42_fu_226      |    0    |    2    |
|          |      xor_ln35_43_fu_250      |    0    |    64   |
|----------|------------------------------|---------|---------|
|          |        add_ln33_fu_140       |    0    |    12   |
|          |        add_ln35_fu_146       |    0    |    12   |
|    add   |      add_ln35_15_fu_157      |    0    |    12   |
|          |      add_ln35_16_fu_168      |    0    |    12   |
|          |        tempReg_fu_187        |    0    |    71   |
|          |      add_ln35_18_fu_193      |    0    |    71   |
|----------|------------------------------|---------|---------|
|    or    |        or_ln35_fu_212        |    0    |    64   |
|          |       or_ln35_14_fu_256      |    0    |    64   |
|----------|------------------------------|---------|---------|
|    and   |        and_ln35_fu_244       |    0    |    64   |
|----------|------------------------------|---------|---------|
|   icmp   |       icmp_ln33_fu_134       |    0    |    12   |
|----------|------------------------------|---------|---------|
|          | zext_ln35_19_read_read_fu_58 |    0    |    0    |
|   read   | zext_ln35_20_read_read_fu_64 |    0    |    0    |
|          | zext_ln35_21_read_read_fu_70 |    0    |    0    |
|----------|------------------------------|---------|---------|
|          |      zext_ln35_22_fu_152     |    0    |    0    |
|   zext   |      zext_ln35_23_fu_163     |    0    |    0    |
|          |      zext_ln35_24_fu_179     |    0    |    0    |
|          |       zext_ln35_fu_183       |    0    |    0    |
|----------|------------------------------|---------|---------|
| bitselect|        bit_sel_fu_218        |    0    |    0    |
|          |          tmp_fu_262          |    0    |    0    |
|----------|------------------------------|---------|---------|
|   trunc  |       trunc_ln35_fu_232      |    0    |    0    |
|----------|------------------------------|---------|---------|
|bitconcatenate|       xor_ln35_s_fu_236      |    0    |    0    |
|----------|------------------------------|---------|---------|
|   Total  |                              |    0    |   588   |
|----------|------------------------------|---------|---------|

Memories:
N/A

* Register list:
+-------------------+--------+
|                   |   FF   |
+-------------------+--------+
|   a_addr_reg_281  |    4   |
|add_ln35_16_reg_291|    4   |
|   b_addr_reg_286  |    4   |
|   carry_reg_115   |    1   |
|     i_reg_270     |    4   |
| icmp_ln33_reg_277 |    1   |
|    tmp_reg_296    |    1   |
+-------------------+--------+
|       Total       |   19   |
+-------------------+--------+

* Multiplexer (MUX) list: 
|------------------|------|------|------|--------||---------||---------||---------|
|       Comp       |  Pin | Size |  BW  | S x BW ||  Delay  ||    FF   ||   LUT   |
|------------------|------|------|------|--------||---------||---------||---------|
| grp_access_fu_90 |  p0  |   2  |   4  |    8   ||    0    ||    9    |
| grp_access_fu_96 |  p0  |   2  |   4  |    8   ||    0    ||    9    |
|------------------|------|------|------|--------||---------||---------||---------|
|       Total      |      |      |      |   16   ||  0.774  ||    0    ||    18   |
|------------------|------|------|------|--------||---------||---------||---------|



* Summary:
+-----------+--------+--------+--------+
|           |  Delay |   FF   |   LUT  |
+-----------+--------+--------+--------+
|  Function |    -   |    0   |   588  |
|   Memory  |    -   |    -   |    -   |
|Multiplexer|    0   |    0   |   18   |
|  Register |    -   |   19   |    -   |
+-----------+--------+--------+--------+
|   Total   |    0   |   19   |   606  |
+-----------+--------+--------+--------+
