

================================================================
== Vitis HLS Report for 'fpadd503_71_Pipeline_VITIS_LOOP_33_1'
================================================================
* Date:           Wed Sep  3 14:29:41 2025

* Version:        2024.2.2 (Build 6049644 on Mar  5 2025)
* Project:        sikep503_hls
* Solution:       solution1 (Vivado IP Flow Target)
* Product family: virtexuplus58g
* Target device:  xcvu29p-fsga2577-2L-e


================================================================
== Performance Estimates
================================================================
+ Timing: 
    * Summary: 
    +--------+----------+----------+------------+
    |  Clock |  Target  | Estimated| Uncertainty|
    +--------+----------+----------+------------+
    |ap_clk  |  10.00 ns|  4.208 ns|     2.70 ns|
    +--------+----------+----------+------------+

+ Latency: 
    * Summary: 
    +---------+---------+----------+----------+-----+-----+------------------------------------------------+
    |  Latency (cycles) |  Latency (absolute) |  Interval |                    Pipeline                    |
    |   min   |   max   |    min   |    max   | min | max |                      Type                      |
    +---------+---------+----------+----------+-----+-----+------------------------------------------------+
    |       10|       10|  0.100 us|  0.100 us|    9|    9|  loop auto-rewind stp (delay=0 clock cycles(s))|
    +---------+---------+----------+----------+-----+-----+------------------------------------------------+

    + Detail: 
        * Instance: 
        N/A

        * Loop: 
        +-------------------+---------+---------+----------+-----------+-----------+------+----------+
        |                   |  Latency (cycles) | Iteration|  Initiation Interval  | Trip |          |
        |     Loop Name     |   min   |   max   |  Latency |  achieved |   target  | Count| Pipelined|
        +-------------------+---------+---------+----------+-----------+-----------+------+----------+
        |- VITIS_LOOP_33_1  |        8|        8|         2|          1|          1|     8|       yes|
        +-------------------+---------+---------+----------+-----------+-----------+------+----------+



================================================================
== Utilization Estimates
================================================================
* Summary: 
+---------------------+---------+-------+---------+---------+------+
|         Name        | BRAM_18K|  DSP  |    FF   |   LUT   | URAM |
+---------------------+---------+-------+---------+---------+------+
|DSP                  |        -|      -|        -|        -|     -|
|Expression           |        -|      -|        0|      556|     -|
|FIFO                 |        -|      -|        -|        -|     -|
|Instance             |        -|      -|        -|        -|     -|
|Memory               |        -|      -|        -|        -|     -|
|Multiplexer          |        -|      -|        0|       45|     -|
|Register             |        -|      -|       12|        -|     -|
+---------------------+---------+-------+---------+---------+------+
|Total                |        0|      0|       12|      601|     0|
+---------------------+---------+-------+---------+---------+------+
|Available SLR        |     1344|   3072|   864000|   432000|   320|
+---------------------+---------+-------+---------+---------+------+
|Utilization SLR (%)  |        0|      0|       ~0|       ~0|     0|
+---------------------+---------+-------+---------+---------+------+
|Available            |     5376|  12288|  3456000|  1728000|  1280|
+---------------------+---------+-------+---------+---------+------+
|Utilization (%)      |        0|      0|       ~0|       ~0|     0|
+---------------------+---------+-------+---------+---------+------+

+ Detail: 
    * Instance: 
    N/A

    * DSP: 
    N/A

    * Memory: 
    N/A

    * FIFO: 
    N/A

    * Expression: 
    +-----------------------+----------+----+---+----+------------+------------+
    |     Variable Name     | Operation| DSP| FF| LUT| Bitwidth P0| Bitwidth P1|
    +-----------------------+----------+----+---+----+------------+------------+
    |add_ln33_fu_261_p2     |         +|   0|  0|  12|           4|           1|
    |add_ln35_fu_312_p2     |         +|   0|  0|  71|          64|          64|
    |tempReg_fu_306_p2      |         +|   0|  0|  71|          64|          64|
    |and_ln35_fu_370_p2     |       and|   0|  0|  64|          64|          64|
    |ap_condition_383       |       and|   0|  0|   2|           1|           1|
    |icmp_ln33_fu_255_p2    |      icmp|   0|  0|  12|           4|           5|
    |or_ln35_11_fu_382_p2   |        or|   0|  0|  64|          64|          64|
    |or_ln35_fu_338_p2      |        or|   0|  0|  64|          64|          64|
    |ap_enable_pp0          |       xor|   0|  0|   2|           1|           2|
    |xor_ln35_32_fu_332_p2  |       xor|   0|  0|  64|          64|          64|
    |xor_ln35_33_fu_352_p2  |       xor|   0|  0|   2|           1|           2|
    |xor_ln35_34_fu_376_p2  |       xor|   0|  0|  64|          64|          64|
    |xor_ln35_fu_326_p2     |       xor|   0|  0|  64|          64|          64|
    +-----------------------+----------+----+---+----+------------+------------+
    |Total                  |          |   0|  0| 556|         523|         523|
    +-----------------------+----------+----+---+----+------------+------------+

    * Multiplexer: 
    +-------------------------+----+-----------+-----+-----------+
    |           Name          | LUT| Input Size| Bits| Total Bits|
    +-------------------------+----+-----------+-----+-----------+
    |ap_done_int              |   9|          2|    1|          2|
    |ap_enable_reg_pp0_iter1  |   9|          2|    1|          2|
    |ap_sig_allocacmp_i_243   |   9|          2|    4|          8|
    |carry_reg_236            |   9|          2|    1|          2|
    |i_fu_82                  |   9|          2|    4|          8|
    +-------------------------+----+-----------+-----+-----------+
    |Total                    |  45|         10|   11|         22|
    +-------------------------+----+-----------+-----+-----------+

    * Register: 
    +-------------------------+---+----+-----+-----------+
    |           Name          | FF| LUT| Bits| Const Bits|
    +-------------------------+---+----+-----+-----------+
    |ap_CS_fsm                |  1|   0|    1|          0|
    |ap_done_reg              |  1|   0|    1|          0|
    |ap_enable_reg_pp0_iter1  |  1|   0|    1|          0|
    |carry_reg_236            |  1|   0|    1|          0|
    |i_fu_82                  |  4|   0|    4|          0|
    |icmp_ln33_reg_403        |  1|   0|    1|          0|
    |trunc_ln33_reg_417       |  3|   0|    3|          0|
    +-------------------------+---+----+-----+-----------+
    |Total                    | 12|   0|   12|          0|
    +-------------------------+---+----+-----+-----------+



================================================================
== Interface
================================================================
* Summary: 
+---------------+-----+-----+------------+--------------------------------------+--------------+
|   RTL Ports   | Dir | Bits|  Protocol  |             Source Object            |    C Type    |
+---------------+-----+-----+------------+--------------------------------------+--------------+
|ap_clk         |   in|    1|  ap_ctrl_hs|  fpadd503.71_Pipeline_VITIS_LOOP_33_1|  return value|
|ap_rst         |   in|    1|  ap_ctrl_hs|  fpadd503.71_Pipeline_VITIS_LOOP_33_1|  return value|
|ap_start       |   in|    1|  ap_ctrl_hs|  fpadd503.71_Pipeline_VITIS_LOOP_33_1|  return value|
|ap_done        |  out|    1|  ap_ctrl_hs|  fpadd503.71_Pipeline_VITIS_LOOP_33_1|  return value|
|ap_idle        |  out|    1|  ap_ctrl_hs|  fpadd503.71_Pipeline_VITIS_LOOP_33_1|  return value|
|ap_ready       |  out|    1|  ap_ctrl_hs|  fpadd503.71_Pipeline_VITIS_LOOP_33_1|  return value|
|t1_0_address0  |  out|    1|   ap_memory|                                  t1_0|         array|
|t1_0_ce0       |  out|    1|   ap_memory|                                  t1_0|         array|
|t1_0_we0       |  out|    1|   ap_memory|                                  t1_0|         array|
|t1_0_d0        |  out|   64|   ap_memory|                                  t1_0|         array|
|t1_1_address0  |  out|    1|   ap_memory|                                  t1_1|         array|
|t1_1_ce0       |  out|    1|   ap_memory|                                  t1_1|         array|
|t1_1_we0       |  out|    1|   ap_memory|                                  t1_1|         array|
|t1_1_d0        |  out|   64|   ap_memory|                                  t1_1|         array|
|t1_2_address0  |  out|    1|   ap_memory|                                  t1_2|         array|
|t1_2_ce0       |  out|    1|   ap_memory|                                  t1_2|         array|
|t1_2_we0       |  out|    1|   ap_memory|                                  t1_2|         array|
|t1_2_d0        |  out|   64|   ap_memory|                                  t1_2|         array|
|t1_3_address0  |  out|    1|   ap_memory|                                  t1_3|         array|
|t1_3_ce0       |  out|    1|   ap_memory|                                  t1_3|         array|
|t1_3_we0       |  out|    1|   ap_memory|                                  t1_3|         array|
|t1_3_d0        |  out|   64|   ap_memory|                                  t1_3|         array|
|t1_4_address0  |  out|    1|   ap_memory|                                  t1_4|         array|
|t1_4_ce0       |  out|    1|   ap_memory|                                  t1_4|         array|
|t1_4_we0       |  out|    1|   ap_memory|                                  t1_4|         array|
|t1_4_d0        |  out|   64|   ap_memory|                                  t1_4|         array|
|t1_5_address0  |  out|    1|   ap_memory|                                  t1_5|         array|
|t1_5_ce0       |  out|    1|   ap_memory|                                  t1_5|         array|
|t1_5_we0       |  out|    1|   ap_memory|                                  t1_5|         array|
|t1_5_d0        |  out|   64|   ap_memory|                                  t1_5|         array|
|t1_6_address0  |  out|    1|   ap_memory|                                  t1_6|         array|
|t1_6_ce0       |  out|    1|   ap_memory|                                  t1_6|         array|
|t1_6_we0       |  out|    1|   ap_memory|                                  t1_6|         array|
|t1_6_d0        |  out|   64|   ap_memory|                                  t1_6|         array|
|t1_7_address0  |  out|    1|   ap_memory|                                  t1_7|         array|
|t1_7_ce0       |  out|    1|   ap_memory|                                  t1_7|         array|
|t1_7_we0       |  out|    1|   ap_memory|                                  t1_7|         array|
|t1_7_d0        |  out|   64|   ap_memory|                                  t1_7|         array|
|a_offset       |   in|    3|     ap_none|                              a_offset|        scalar|
|a_address0     |  out|    7|   ap_memory|                                     a|         array|
|a_ce0          |  out|    1|   ap_memory|                                     a|         array|
|a_q0           |   in|   64|   ap_memory|                                     a|         array|
|b_offset       |   in|    3|     ap_none|                              b_offset|        scalar|
|b_address0     |  out|    7|   ap_memory|                                     b|         array|
|b_ce0          |  out|    1|   ap_memory|                                     b|         array|
|b_q0           |   in|   64|   ap_memory|                                     b|         array|
+---------------+-----+-----+------------+--------------------------------------+--------------+

============================================================
+ Verbose Summary: Synthesis Manager
============================================================
InlineROM: 1
ExposeGlobal: 0
============================================================
+ Verbose Summary: CDFG Model
============================================================
IsTopModel: 0
ResetActiveHigh: 1
IsCombinational: 2
IsDatapathOnly: 2
HasWiredReturn: 1
HasMFsm: 2
HasVarLatency: 1
IsPipeline: 0
IsRtlPipelined: 0
IsInstanceOverlapped: 0
IsDontTouch: 0
HasImplIP: 0
IsGatedGlobalClock: 0

+ Individual pipeline summary: 
  * Pipeline-0: initiation interval (II) = 1, depth = 2


============================================================
+ Verbose Summary: Schedule
============================================================
* Number of FSM states : 2
* Pipeline : 1
  Pipeline-0 : II = 1, D = 2, States = { 1 2 }
* Dataflow Pipeline: 0

* FSM state transitions: 
1 --> 2 
2 --> 

* FSM state operations: 

State 1 <SV = 0> <Delay = 1.58>
ST_1 : Operation 5 [1/1] (0.00ns)   --->   "%i = alloca i32 1" [src/generic/fp_generic.cpp:28]   --->   Operation 5 'alloca' 'i' <Predicate = true> <Delay = 0.00>
ST_1 : Operation 6 [1/1] (0.00ns)   --->   "%b_offset_read = read i3 @_ssdm_op_Read.ap_auto.i3, i3 %b_offset"   --->   Operation 6 'read' 'b_offset_read' <Predicate = true> <Delay = 0.00>
ST_1 : Operation 7 [1/1] (0.00ns)   --->   "%a_offset_read = read i3 @_ssdm_op_Read.ap_auto.i3, i3 %a_offset"   --->   Operation 7 'read' 'a_offset_read' <Predicate = true> <Delay = 0.00>
ST_1 : Operation 8 [1/1] (0.38ns)   --->   "%store_ln28 = store i4 0, i4 %i" [src/generic/fp_generic.cpp:28]   --->   Operation 8 'store' 'store_ln28' <Predicate = true> <Delay = 0.38>
ST_1 : Operation 9 [1/1] (0.38ns)   --->   "%br_ln0 = br void %for.inc"   --->   Operation 9 'br' 'br_ln0' <Predicate = true> <Delay = 0.38>
ST_1 : Operation 10 [1/1] (0.00ns)   --->   "%carry = phi i1 0, void %newFuncRoot, i1 %tmp, void %arrayidx57.exit" [src/generic/fp_generic.cpp:33]   --->   Operation 10 'phi' 'carry' <Predicate = true> <Delay = 0.00>
ST_1 : Operation 11 [1/1] (0.00ns)   --->   "%i_243 = load i4 %i" [src/generic/fp_generic.cpp:33]   --->   Operation 11 'load' 'i_243' <Predicate = true> <Delay = 0.00>
ST_1 : Operation 12 [1/1] (0.70ns)   --->   "%icmp_ln33 = icmp_eq  i4 %i_243, i4 8" [src/generic/fp_generic.cpp:33]   --->   Operation 12 'icmp' 'icmp_ln33' <Predicate = true> <Delay = 0.70> <CoreInst = "Cmp">   --->   Core 9 'Cmp' <Latency = 0> <II = 1> <Delay = 0.70> <FuncUnit> <Opcode : 'seteq' 'setne' 'setle' 'setge' 'setlt' 'setgt'> <InPorts = 2> <OutPorts = 1>
ST_1 : Operation 13 [1/1] (0.70ns)   --->   "%add_ln33 = add i4 %i_243, i4 1" [src/generic/fp_generic.cpp:33]   --->   Operation 13 'add' 'add_ln33' <Predicate = true> <Delay = 0.70> <CoreInst = "Adder">   --->   Core 1 'Adder' <Latency = 0> <II = 1> <Delay = 0.70> <FuncUnit> <Opcode : 'add' 'sub'> <InPorts = 2> <OutPorts = 1>
ST_1 : Operation 14 [1/1] (0.00ns)   --->   "%br_ln33 = br i1 %icmp_ln33, void %for.inc.split, void %for.inc29.preheader.exitStub" [src/generic/fp_generic.cpp:33]   --->   Operation 14 'br' 'br_ln33' <Predicate = true> <Delay = 0.00>
ST_1 : Operation 15 [1/1] (0.00ns)   --->   "%tmp_s = bitconcatenate i7 @_ssdm_op_BitConcatenate.i7.i3.i4, i3 %a_offset_read, i4 %i_243" [src/generic/fp_generic.cpp:35]   --->   Operation 15 'bitconcatenate' 'tmp_s' <Predicate = (!icmp_ln33)> <Delay = 0.00>
ST_1 : Operation 16 [1/1] (0.00ns)   --->   "%zext_ln35_5 = zext i7 %tmp_s" [src/generic/fp_generic.cpp:35]   --->   Operation 16 'zext' 'zext_ln35_5' <Predicate = (!icmp_ln33)> <Delay = 0.00>
ST_1 : Operation 17 [1/1] (0.00ns)   --->   "%a_addr = getelementptr i64 %a, i64 0, i64 %zext_ln35_5" [src/generic/fp_generic.cpp:35]   --->   Operation 17 'getelementptr' 'a_addr' <Predicate = (!icmp_ln33)> <Delay = 0.00>
ST_1 : Operation 18 [1/1] (0.00ns)   --->   "%tmp_705 = bitconcatenate i7 @_ssdm_op_BitConcatenate.i7.i3.i4, i3 %b_offset_read, i4 %i_243" [src/generic/fp_generic.cpp:35]   --->   Operation 18 'bitconcatenate' 'tmp_705' <Predicate = (!icmp_ln33)> <Delay = 0.00>
ST_1 : Operation 19 [1/1] (0.00ns)   --->   "%zext_ln35_6 = zext i7 %tmp_705" [src/generic/fp_generic.cpp:35]   --->   Operation 19 'zext' 'zext_ln35_6' <Predicate = (!icmp_ln33)> <Delay = 0.00>
ST_1 : Operation 20 [1/1] (0.00ns)   --->   "%b_addr = getelementptr i64 %b, i64 0, i64 %zext_ln35_6" [src/generic/fp_generic.cpp:35]   --->   Operation 20 'getelementptr' 'b_addr' <Predicate = (!icmp_ln33)> <Delay = 0.00>
ST_1 : Operation 21 [1/1] (0.00ns)   --->   "%trunc_ln33 = trunc i4 %i_243" [src/generic/fp_generic.cpp:33]   --->   Operation 21 'trunc' 'trunc_ln33' <Predicate = (!icmp_ln33)> <Delay = 0.00>
ST_1 : Operation 22 [2/2] (1.20ns)   --->   "%a_load = load i7 %a_addr" [src/generic/fp_generic.cpp:35]   --->   Operation 22 'load' 'a_load' <Predicate = (!icmp_ln33)> <Delay = 1.20> <CoreInst = "RAM">   --->   Core 82 'RAM' <Latency = 1> <II = 1> <Delay = 1.20> <Storage> <Opcode : 'load' 'store'> <Ports = 2> <Width = 64> <Depth = 112> <RAM>
ST_1 : Operation 23 [2/2] (1.20ns)   --->   "%b_load = load i7 %b_addr" [src/generic/fp_generic.cpp:35]   --->   Operation 23 'load' 'b_load' <Predicate = (!icmp_ln33)> <Delay = 1.20> <CoreInst = "RAM">   --->   Core 82 'RAM' <Latency = 1> <II = 1> <Delay = 1.20> <Storage> <Opcode : 'load' 'store'> <Ports = 2> <Width = 64> <Depth = 112> <RAM>
ST_1 : Operation 24 [1/1] (0.57ns)   --->   "%switch_ln35 = switch i3 %trunc_ln33, void %arrayidx57.case.7, i3 0, void %arrayidx57.case.0, i3 1, void %arrayidx57.case.1, i3 2, void %arrayidx57.case.2, i3 3, void %arrayidx57.case.3, i3 4, void %arrayidx57.case.4, i3 5, void %arrayidx57.case.5, i3 6, void %arrayidx57.case.6" [src/generic/fp_generic.cpp:35]   --->   Operation 24 'switch' 'switch_ln35' <Predicate = (!icmp_ln33)> <Delay = 0.57>
ST_1 : Operation 25 [1/1] (0.38ns)   --->   "%store_ln28 = store i4 %add_ln33, i4 %i" [src/generic/fp_generic.cpp:28]   --->   Operation 25 'store' 'store_ln28' <Predicate = (!icmp_ln33)> <Delay = 0.38>
ST_1 : Operation 70 [1/1] (0.38ns)   --->   "%ret_ln0 = ret"   --->   Operation 70 'ret' 'ret_ln0' <Predicate = (icmp_ln33)> <Delay = 0.38>

State 2 <SV = 1> <Delay = 4.20>
ST_2 : Operation 26 [1/1] (0.00ns)   --->   "%t1_0_addr = getelementptr i64 %t1_0, i64 0, i64 0"   --->   Operation 26 'getelementptr' 't1_0_addr' <Predicate = (!icmp_ln33)> <Delay = 0.00>
ST_2 : Operation 27 [1/1] (0.00ns)   --->   "%t1_1_addr = getelementptr i64 %t1_1, i64 0, i64 0"   --->   Operation 27 'getelementptr' 't1_1_addr' <Predicate = (!icmp_ln33)> <Delay = 0.00>
ST_2 : Operation 28 [1/1] (0.00ns)   --->   "%t1_2_addr = getelementptr i64 %t1_2, i64 0, i64 0"   --->   Operation 28 'getelementptr' 't1_2_addr' <Predicate = (!icmp_ln33)> <Delay = 0.00>
ST_2 : Operation 29 [1/1] (0.00ns)   --->   "%t1_3_addr = getelementptr i64 %t1_3, i64 0, i64 0"   --->   Operation 29 'getelementptr' 't1_3_addr' <Predicate = (!icmp_ln33)> <Delay = 0.00>
ST_2 : Operation 30 [1/1] (0.00ns)   --->   "%t1_4_addr = getelementptr i64 %t1_4, i64 0, i64 0"   --->   Operation 30 'getelementptr' 't1_4_addr' <Predicate = (!icmp_ln33)> <Delay = 0.00>
ST_2 : Operation 31 [1/1] (0.00ns)   --->   "%t1_5_addr = getelementptr i64 %t1_5, i64 0, i64 0"   --->   Operation 31 'getelementptr' 't1_5_addr' <Predicate = (!icmp_ln33)> <Delay = 0.00>
ST_2 : Operation 32 [1/1] (0.00ns)   --->   "%t1_6_addr = getelementptr i64 %t1_6, i64 0, i64 0"   --->   Operation 32 'getelementptr' 't1_6_addr' <Predicate = (!icmp_ln33)> <Delay = 0.00>
ST_2 : Operation 33 [1/1] (0.00ns)   --->   "%t1_7_addr = getelementptr i64 %t1_7, i64 0, i64 0"   --->   Operation 33 'getelementptr' 't1_7_addr' <Predicate = (!icmp_ln33)> <Delay = 0.00>
ST_2 : Operation 34 [1/1] (0.00ns)   --->   "%specpipeline_ln28 = specpipeline void @_ssdm_op_SpecPipeline, i32 4294967295, i32 0, i32 0, i32 0, void @empty_15" [src/generic/fp_generic.cpp:28]   --->   Operation 34 'specpipeline' 'specpipeline_ln28' <Predicate = (!icmp_ln33)> <Delay = 0.00>
ST_2 : Operation 35 [1/1] (0.00ns)   --->   "%speclooptripcount_ln28 = speclooptripcount void @_ssdm_op_SpecLoopTripCount, i64 8, i64 8, i64 8" [src/generic/fp_generic.cpp:28]   --->   Operation 35 'speclooptripcount' 'speclooptripcount_ln28' <Predicate = (!icmp_ln33)> <Delay = 0.00>
ST_2 : Operation 36 [1/1] (0.00ns)   --->   "%specloopname_ln33 = specloopname void @_ssdm_op_SpecLoopName, void @empty_50" [src/generic/fp_generic.cpp:33]   --->   Operation 36 'specloopname' 'specloopname_ln33' <Predicate = (!icmp_ln33)> <Delay = 0.00>
ST_2 : Operation 37 [1/2] ( I:1.20ns O:1.20ns )   --->   "%a_load = load i7 %a_addr" [src/generic/fp_generic.cpp:35]   --->   Operation 37 'load' 'a_load' <Predicate = (!icmp_ln33)> <Delay = 1.20> <CoreInst = "RAM">   --->   Core 82 'RAM' <Latency = 1> <II = 1> <Delay = 1.20> <Storage> <Opcode : 'load' 'store'> <Ports = 2> <Width = 64> <Depth = 112> <RAM>
ST_2 : Operation 38 [1/1] (0.00ns)   --->   "%zext_ln35 = zext i1 %carry" [src/generic/fp_generic.cpp:35]   --->   Operation 38 'zext' 'zext_ln35' <Predicate = (!icmp_ln33)> <Delay = 0.00>
ST_2 : Operation 39 [1/1] (1.14ns)   --->   "%tempReg = add i64 %a_load, i64 %zext_ln35" [src/generic/fp_generic.cpp:35]   --->   Operation 39 'add' 'tempReg' <Predicate = (!icmp_ln33)> <Delay = 1.14> <CoreInst = "Adder">   --->   Core 1 'Adder' <Latency = 0> <II = 1> <Delay = 1.14> <FuncUnit> <Opcode : 'add' 'sub'> <InPorts = 2> <OutPorts = 1>
ST_2 : Operation 40 [1/2] ( I:1.20ns O:1.20ns )   --->   "%b_load = load i7 %b_addr" [src/generic/fp_generic.cpp:35]   --->   Operation 40 'load' 'b_load' <Predicate = (!icmp_ln33)> <Delay = 1.20> <CoreInst = "RAM">   --->   Core 82 'RAM' <Latency = 1> <II = 1> <Delay = 1.20> <Storage> <Opcode : 'load' 'store'> <Ports = 2> <Width = 64> <Depth = 112> <RAM>
ST_2 : Operation 41 [1/1] (1.14ns)   --->   "%add_ln35 = add i64 %b_load, i64 %tempReg" [src/generic/fp_generic.cpp:35]   --->   Operation 41 'add' 'add_ln35' <Predicate = (!icmp_ln33)> <Delay = 1.14> <CoreInst = "Adder">   --->   Core 1 'Adder' <Latency = 0> <II = 1> <Delay = 1.14> <FuncUnit> <Opcode : 'add' 'sub'> <InPorts = 2> <OutPorts = 1>
ST_2 : Operation 42 [1/1] ( I:0.71ns O:0.71ns )   --->   "%store_ln35 = store i64 %add_ln35, i1 %t1_6_addr" [src/generic/fp_generic.cpp:35]   --->   Operation 42 'store' 'store_ln35' <Predicate = (trunc_ln33 == 6)> <Delay = 0.71> <CoreInst = "RAM">   --->   Core 82 'RAM' <Latency = 1> <II = 1> <Delay = 0.71> <Storage> <Opcode : 'load' 'store'> <Ports = 2> <Width = 64> <Depth = 2> <RAM>
ST_2 : Operation 43 [1/1] (0.00ns)   --->   "%br_ln35 = br void %arrayidx57.exit" [src/generic/fp_generic.cpp:35]   --->   Operation 43 'br' 'br_ln35' <Predicate = (trunc_ln33 == 6)> <Delay = 0.00>
ST_2 : Operation 44 [1/1] ( I:0.71ns O:0.71ns )   --->   "%store_ln35 = store i64 %add_ln35, i1 %t1_5_addr" [src/generic/fp_generic.cpp:35]   --->   Operation 44 'store' 'store_ln35' <Predicate = (trunc_ln33 == 5)> <Delay = 0.71> <CoreInst = "RAM">   --->   Core 82 'RAM' <Latency = 1> <II = 1> <Delay = 0.71> <Storage> <Opcode : 'load' 'store'> <Ports = 2> <Width = 64> <Depth = 2> <RAM>
ST_2 : Operation 45 [1/1] (0.00ns)   --->   "%br_ln35 = br void %arrayidx57.exit" [src/generic/fp_generic.cpp:35]   --->   Operation 45 'br' 'br_ln35' <Predicate = (trunc_ln33 == 5)> <Delay = 0.00>
ST_2 : Operation 46 [1/1] ( I:0.71ns O:0.71ns )   --->   "%store_ln35 = store i64 %add_ln35, i1 %t1_4_addr" [src/generic/fp_generic.cpp:35]   --->   Operation 46 'store' 'store_ln35' <Predicate = (trunc_ln33 == 4)> <Delay = 0.71> <CoreInst = "RAM">   --->   Core 82 'RAM' <Latency = 1> <II = 1> <Delay = 0.71> <Storage> <Opcode : 'load' 'store'> <Ports = 2> <Width = 64> <Depth = 2> <RAM>
ST_2 : Operation 47 [1/1] (0.00ns)   --->   "%br_ln35 = br void %arrayidx57.exit" [src/generic/fp_generic.cpp:35]   --->   Operation 47 'br' 'br_ln35' <Predicate = (trunc_ln33 == 4)> <Delay = 0.00>
ST_2 : Operation 48 [1/1] ( I:0.71ns O:0.71ns )   --->   "%store_ln35 = store i64 %add_ln35, i1 %t1_3_addr" [src/generic/fp_generic.cpp:35]   --->   Operation 48 'store' 'store_ln35' <Predicate = (trunc_ln33 == 3)> <Delay = 0.71> <CoreInst = "RAM">   --->   Core 82 'RAM' <Latency = 1> <II = 1> <Delay = 0.71> <Storage> <Opcode : 'load' 'store'> <Ports = 2> <Width = 64> <Depth = 2> <RAM>
ST_2 : Operation 49 [1/1] (0.00ns)   --->   "%br_ln35 = br void %arrayidx57.exit" [src/generic/fp_generic.cpp:35]   --->   Operation 49 'br' 'br_ln35' <Predicate = (trunc_ln33 == 3)> <Delay = 0.00>
ST_2 : Operation 50 [1/1] ( I:0.71ns O:0.71ns )   --->   "%store_ln35 = store i64 %add_ln35, i1 %t1_2_addr" [src/generic/fp_generic.cpp:35]   --->   Operation 50 'store' 'store_ln35' <Predicate = (trunc_ln33 == 2)> <Delay = 0.71> <CoreInst = "RAM">   --->   Core 82 'RAM' <Latency = 1> <II = 1> <Delay = 0.71> <Storage> <Opcode : 'load' 'store'> <Ports = 2> <Width = 64> <Depth = 2> <RAM>
ST_2 : Operation 51 [1/1] (0.00ns)   --->   "%br_ln35 = br void %arrayidx57.exit" [src/generic/fp_generic.cpp:35]   --->   Operation 51 'br' 'br_ln35' <Predicate = (trunc_ln33 == 2)> <Delay = 0.00>
ST_2 : Operation 52 [1/1] ( I:0.71ns O:0.71ns )   --->   "%store_ln35 = store i64 %add_ln35, i1 %t1_1_addr" [src/generic/fp_generic.cpp:35]   --->   Operation 52 'store' 'store_ln35' <Predicate = (trunc_ln33 == 1)> <Delay = 0.71> <CoreInst = "RAM">   --->   Core 82 'RAM' <Latency = 1> <II = 1> <Delay = 0.71> <Storage> <Opcode : 'load' 'store'> <Ports = 2> <Width = 64> <Depth = 2> <RAM>
ST_2 : Operation 53 [1/1] (0.00ns)   --->   "%br_ln35 = br void %arrayidx57.exit" [src/generic/fp_generic.cpp:35]   --->   Operation 53 'br' 'br_ln35' <Predicate = (trunc_ln33 == 1)> <Delay = 0.00>
ST_2 : Operation 54 [1/1] ( I:0.71ns O:0.71ns )   --->   "%store_ln35 = store i64 %add_ln35, i1 %t1_0_addr" [src/generic/fp_generic.cpp:35]   --->   Operation 54 'store' 'store_ln35' <Predicate = (trunc_ln33 == 0)> <Delay = 0.71> <CoreInst = "RAM">   --->   Core 82 'RAM' <Latency = 1> <II = 1> <Delay = 0.71> <Storage> <Opcode : 'load' 'store'> <Ports = 2> <Width = 64> <Depth = 2> <RAM>
ST_2 : Operation 55 [1/1] (0.00ns)   --->   "%br_ln35 = br void %arrayidx57.exit" [src/generic/fp_generic.cpp:35]   --->   Operation 55 'br' 'br_ln35' <Predicate = (trunc_ln33 == 0)> <Delay = 0.00>
ST_2 : Operation 56 [1/1] ( I:0.71ns O:0.71ns )   --->   "%store_ln35 = store i64 %add_ln35, i1 %t1_7_addr" [src/generic/fp_generic.cpp:35]   --->   Operation 56 'store' 'store_ln35' <Predicate = (trunc_ln33 == 7)> <Delay = 0.71> <CoreInst = "RAM">   --->   Core 82 'RAM' <Latency = 1> <II = 1> <Delay = 0.71> <Storage> <Opcode : 'load' 'store'> <Ports = 2> <Width = 64> <Depth = 2> <RAM>
ST_2 : Operation 57 [1/1] (0.00ns)   --->   "%br_ln35 = br void %arrayidx57.exit" [src/generic/fp_generic.cpp:35]   --->   Operation 57 'br' 'br_ln35' <Predicate = (trunc_ln33 == 7)> <Delay = 0.00>
ST_2 : Operation 58 [1/1] (0.00ns) (grouped into LUT with out node xor_ln35_34)   --->   "%xor_ln35 = xor i64 %add_ln35, i64 %tempReg" [src/generic/fp_generic.cpp:35]   --->   Operation 58 'xor' 'xor_ln35' <Predicate = (!icmp_ln33)> <Delay = 0.00> <CoreInst = "LogicGate">   --->   Core 74 'LogicGate' <Latency = 0> <II = 1> <Delay = 0.28> <FuncUnit> <Opcode : 'and' 'or' 'xor'> <InPorts = 2> <OutPorts = 1>
ST_2 : Operation 59 [1/1] (0.00ns) (grouped into LUT with out node xor_ln35_34)   --->   "%xor_ln35_32 = xor i64 %b_load, i64 %tempReg" [src/generic/fp_generic.cpp:35]   --->   Operation 59 'xor' 'xor_ln35_32' <Predicate = (!icmp_ln33)> <Delay = 0.00> <CoreInst = "LogicGate">   --->   Core 74 'LogicGate' <Latency = 0> <II = 1> <Delay = 0.28> <FuncUnit> <Opcode : 'and' 'or' 'xor'> <InPorts = 2> <OutPorts = 1>
ST_2 : Operation 60 [1/1] (0.00ns) (grouped into LUT with out node xor_ln35_34)   --->   "%or_ln35 = or i64 %xor_ln35, i64 %xor_ln35_32" [src/generic/fp_generic.cpp:35]   --->   Operation 60 'or' 'or_ln35' <Predicate = (!icmp_ln33)> <Delay = 0.00> <CoreInst = "LogicGate">   --->   Core 74 'LogicGate' <Latency = 0> <II = 1> <Delay = 0.28> <FuncUnit> <Opcode : 'and' 'or' 'xor'> <InPorts = 2> <OutPorts = 1>
ST_2 : Operation 61 [1/1] (0.00ns) (grouped into LUT with out node or_ln35_11)   --->   "%bit_sel = bitselect i1 @_ssdm_op_BitSelect.i1.i64.i64, i64 %tempReg, i64 63" [src/generic/fp_generic.cpp:35]   --->   Operation 61 'bitselect' 'bit_sel' <Predicate = (!icmp_ln33)> <Delay = 0.00>
ST_2 : Operation 62 [1/1] (0.00ns) (grouped into LUT with out node or_ln35_11)   --->   "%xor_ln35_33 = xor i1 %bit_sel, i1 1" [src/generic/fp_generic.cpp:35]   --->   Operation 62 'xor' 'xor_ln35_33' <Predicate = (!icmp_ln33)> <Delay = 0.00> <CoreInst = "LogicGate">   --->   Core 74 'LogicGate' <Latency = 0> <II = 1> <Delay = 0.12> <FuncUnit> <Opcode : 'and' 'or' 'xor'> <InPorts = 2> <OutPorts = 1>
ST_2 : Operation 63 [1/1] (0.00ns) (grouped into LUT with out node or_ln35_11)   --->   "%trunc_ln35 = trunc i64 %tempReg" [src/generic/fp_generic.cpp:35]   --->   Operation 63 'trunc' 'trunc_ln35' <Predicate = (!icmp_ln33)> <Delay = 0.00>
ST_2 : Operation 64 [1/1] (0.00ns) (grouped into LUT with out node or_ln35_11)   --->   "%xor_ln35_s = bitconcatenate i64 @_ssdm_op_BitConcatenate.i64.i1.i63, i1 %xor_ln35_33, i63 %trunc_ln35" [src/generic/fp_generic.cpp:35]   --->   Operation 64 'bitconcatenate' 'xor_ln35_s' <Predicate = (!icmp_ln33)> <Delay = 0.00>
ST_2 : Operation 65 [1/1] (0.00ns) (grouped into LUT with out node or_ln35_11)   --->   "%and_ln35 = and i64 %a_load, i64 %xor_ln35_s" [src/generic/fp_generic.cpp:35]   --->   Operation 65 'and' 'and_ln35' <Predicate = (!icmp_ln33)> <Delay = 0.00> <CoreInst = "LogicGate">   --->   Core 74 'LogicGate' <Latency = 0> <II = 1> <Delay = 0.28> <FuncUnit> <Opcode : 'and' 'or' 'xor'> <InPorts = 2> <OutPorts = 1>
ST_2 : Operation 66 [1/1] (0.28ns) (out node of the LUT)   --->   "%xor_ln35_34 = xor i64 %or_ln35, i64 %add_ln35" [src/generic/fp_generic.cpp:35]   --->   Operation 66 'xor' 'xor_ln35_34' <Predicate = (!icmp_ln33)> <Delay = 0.28> <CoreInst = "LogicGate">   --->   Core 74 'LogicGate' <Latency = 0> <II = 1> <Delay = 0.28> <FuncUnit> <Opcode : 'and' 'or' 'xor'> <InPorts = 2> <OutPorts = 1>
ST_2 : Operation 67 [1/1] (0.28ns) (out node of the LUT)   --->   "%or_ln35_11 = or i64 %xor_ln35_34, i64 %and_ln35" [src/generic/fp_generic.cpp:35]   --->   Operation 67 'or' 'or_ln35_11' <Predicate = (!icmp_ln33)> <Delay = 0.28> <CoreInst = "LogicGate">   --->   Core 74 'LogicGate' <Latency = 0> <II = 1> <Delay = 0.28> <FuncUnit> <Opcode : 'and' 'or' 'xor'> <InPorts = 2> <OutPorts = 1>
ST_2 : Operation 68 [1/1] (0.00ns)   --->   "%tmp = bitselect i1 @_ssdm_op_BitSelect.i1.i64.i32, i64 %or_ln35_11, i32 63" [src/generic/fp_generic.cpp:33]   --->   Operation 68 'bitselect' 'tmp' <Predicate = (!icmp_ln33)> <Delay = 0.00>
ST_2 : Operation 69 [1/1] (0.00ns)   --->   "%br_ln33 = br void %for.inc" [src/generic/fp_generic.cpp:33]   --->   Operation 69 'br' 'br_ln33' <Predicate = (!icmp_ln33)> <Delay = 0.00>


============================================================
+ Verbose Summary: Binding
============================================================
STG Binding: 
---------------- STG Properties BEGIN ----------------
- Is combinational: 0
- Is one-state seq: 0
- Is datapath-only: 0
- Is pipelined: 0
- Is top level: 0
Port [ Return ] is wired: 1; IO mode=ap_ctrl_hs:ce=0
Port [ t1_0]:  wired=1; compound=1; hidden=0; nouse=0; global=0; static=0; extern=0; dir=1; type=1; pingpong=0; private_global=0; MemPort=[03]; IO mode=ap_memory:ce=0
Port [ t1_1]:  wired=1; compound=1; hidden=0; nouse=0; global=0; static=0; extern=0; dir=1; type=1; pingpong=0; private_global=0; MemPort=[03]; IO mode=ap_memory:ce=0
Port [ t1_2]:  wired=1; compound=1; hidden=0; nouse=0; global=0; static=0; extern=0; dir=1; type=1; pingpong=0; private_global=0; MemPort=[03]; IO mode=ap_memory:ce=0
Port [ t1_3]:  wired=1; compound=1; hidden=0; nouse=0; global=0; static=0; extern=0; dir=1; type=1; pingpong=0; private_global=0; MemPort=[03]; IO mode=ap_memory:ce=0
Port [ t1_4]:  wired=1; compound=1; hidden=0; nouse=0; global=0; static=0; extern=0; dir=1; type=1; pingpong=0; private_global=0; MemPort=[03]; IO mode=ap_memory:ce=0
Port [ t1_5]:  wired=1; compound=1; hidden=0; nouse=0; global=0; static=0; extern=0; dir=1; type=1; pingpong=0; private_global=0; MemPort=[03]; IO mode=ap_memory:ce=0
Port [ t1_6]:  wired=1; compound=1; hidden=0; nouse=0; global=0; static=0; extern=0; dir=1; type=1; pingpong=0; private_global=0; MemPort=[03]; IO mode=ap_memory:ce=0
Port [ t1_7]:  wired=1; compound=1; hidden=0; nouse=0; global=0; static=0; extern=0; dir=1; type=1; pingpong=0; private_global=0; MemPort=[03]; IO mode=ap_memory:ce=0
Port [ a_offset]:  wired=1; compound=0; hidden=0; nouse=0; global=0; static=0; extern=0; dir=0; type=0; pingpong=0; private_global=0; IO mode=ap_none:ce=0
Port [ a]:  wired=1; compound=1; hidden=0; nouse=0; global=0; static=0; extern=0; dir=0; type=1; pingpong=0; private_global=0; MemPort=[13]; IO mode=ap_memory:ce=0
Port [ b_offset]:  wired=1; compound=0; hidden=0; nouse=0; global=0; static=0; extern=0; dir=0; type=0; pingpong=0; private_global=0; IO mode=ap_none:ce=0
Port [ b]:  wired=1; compound=1; hidden=0; nouse=0; global=0; static=0; extern=0; dir=0; type=1; pingpong=0; private_global=0; MemPort=[13]; IO mode=ap_memory:ce=0
---------------- STG Properties END ------------------

---------------- Datapath Model BEGIN ----------------

<LifeTime>
<method=bitvector/>
i                      (alloca           ) [ 010]
b_offset_read          (read             ) [ 000]
a_offset_read          (read             ) [ 000]
store_ln28             (store            ) [ 000]
br_ln0                 (br               ) [ 000]
carry                  (phi              ) [ 011]
i_243                  (load             ) [ 000]
icmp_ln33              (icmp             ) [ 011]
add_ln33               (add              ) [ 000]
br_ln33                (br               ) [ 000]
tmp_s                  (bitconcatenate   ) [ 000]
zext_ln35_5            (zext             ) [ 000]
a_addr                 (getelementptr    ) [ 011]
tmp_705                (bitconcatenate   ) [ 000]
zext_ln35_6            (zext             ) [ 000]
b_addr                 (getelementptr    ) [ 011]
trunc_ln33             (trunc            ) [ 011]
switch_ln35            (switch           ) [ 000]
store_ln28             (store            ) [ 000]
t1_0_addr              (getelementptr    ) [ 000]
t1_1_addr              (getelementptr    ) [ 000]
t1_2_addr              (getelementptr    ) [ 000]
t1_3_addr              (getelementptr    ) [ 000]
t1_4_addr              (getelementptr    ) [ 000]
t1_5_addr              (getelementptr    ) [ 000]
t1_6_addr              (getelementptr    ) [ 000]
t1_7_addr              (getelementptr    ) [ 000]
specpipeline_ln28      (specpipeline     ) [ 000]
speclooptripcount_ln28 (speclooptripcount) [ 000]
specloopname_ln33      (specloopname     ) [ 000]
a_load                 (load             ) [ 000]
zext_ln35              (zext             ) [ 000]
tempReg                (add              ) [ 000]
b_load                 (load             ) [ 000]
add_ln35               (add              ) [ 000]
store_ln35             (store            ) [ 000]
br_ln35                (br               ) [ 000]
store_ln35             (store            ) [ 000]
br_ln35                (br               ) [ 000]
store_ln35             (store            ) [ 000]
br_ln35                (br               ) [ 000]
store_ln35             (store            ) [ 000]
br_ln35                (br               ) [ 000]
store_ln35             (store            ) [ 000]
br_ln35                (br               ) [ 000]
store_ln35             (store            ) [ 000]
br_ln35                (br               ) [ 000]
store_ln35             (store            ) [ 000]
br_ln35                (br               ) [ 000]
store_ln35             (store            ) [ 000]
br_ln35                (br               ) [ 000]
xor_ln35               (xor              ) [ 000]
xor_ln35_32            (xor              ) [ 000]
or_ln35                (or               ) [ 000]
bit_sel                (bitselect        ) [ 000]
xor_ln35_33            (xor              ) [ 000]
trunc_ln35             (trunc            ) [ 000]
xor_ln35_s             (bitconcatenate   ) [ 000]
and_ln35               (and              ) [ 000]
xor_ln35_34            (xor              ) [ 000]
or_ln35_11             (or               ) [ 000]
tmp                    (bitselect        ) [ 011]
br_ln33                (br               ) [ 011]
ret_ln0                (ret              ) [ 000]
</LifeTime>

<model>

<comp_list>
<comp id="0" class="1000" name="t1_0">
<pin_list>
<pin id="1" dir="1" index="0" bw="1" slack="0"/>
</pin_list>
<bind>
<StgValue><ssdm name="t1_0"/><MemPortTyVec>0 3 </MemPortTyVec>
</StgValue>
</bind>
</comp>

<comp id="2" class="1000" name="t1_1">
<pin_list>
<pin id="3" dir="1" index="0" bw="1" slack="0"/>
</pin_list>
<bind>
<StgValue><ssdm name="t1_1"/><MemPortTyVec>0 3 </MemPortTyVec>
</StgValue>
</bind>
</comp>

<comp id="4" class="1000" name="t1_2">
<pin_list>
<pin id="5" dir="1" index="0" bw="1" slack="0"/>
</pin_list>
<bind>
<StgValue><ssdm name="t1_2"/><MemPortTyVec>0 3 </MemPortTyVec>
</StgValue>
</bind>
</comp>

<comp id="6" class="1000" name="t1_3">
<pin_list>
<pin id="7" dir="1" index="0" bw="1" slack="0"/>
</pin_list>
<bind>
<StgValue><ssdm name="t1_3"/><MemPortTyVec>0 3 </MemPortTyVec>
</StgValue>
</bind>
</comp>

<comp id="8" class="1000" name="t1_4">
<pin_list>
<pin id="9" dir="1" index="0" bw="1" slack="0"/>
</pin_list>
<bind>
<StgValue><ssdm name="t1_4"/><MemPortTyVec>0 3 </MemPortTyVec>
</StgValue>
</bind>
</comp>

<comp id="10" class="1000" name="t1_5">
<pin_list>
<pin id="11" dir="1" index="0" bw="1" slack="0"/>
</pin_list>
<bind>
<StgValue><ssdm name="t1_5"/><MemPortTyVec>0 3 </MemPortTyVec>
</StgValue>
</bind>
</comp>

<comp id="12" class="1000" name="t1_6">
<pin_list>
<pin id="13" dir="1" index="0" bw="1" slack="0"/>
</pin_list>
<bind>
<StgValue><ssdm name="t1_6"/><MemPortTyVec>0 3 </MemPortTyVec>
</StgValue>
</bind>
</comp>

<comp id="14" class="1000" name="t1_7">
<pin_list>
<pin id="15" dir="1" index="0" bw="1" slack="0"/>
</pin_list>
<bind>
<StgValue><ssdm name="t1_7"/><MemPortTyVec>0 3 </MemPortTyVec>
</StgValue>
</bind>
</comp>

<comp id="16" class="1000" name="a_offset">
<pin_list>
<pin id="17" dir="1" index="0" bw="1" slack="0"/>
</pin_list>
<bind>
<StgValue><ssdm name="a_offset"/></StgValue>
</bind>
</comp>

<comp id="18" class="1000" name="a">
<pin_list>
<pin id="19" dir="1" index="0" bw="1" slack="0"/>
</pin_list>
<bind>
<StgValue><ssdm name="a"/><MemPortTyVec>1 3 </MemPortTyVec>
</StgValue>
</bind>
</comp>

<comp id="20" class="1000" name="b_offset">
<pin_list>
<pin id="21" dir="1" index="0" bw="1" slack="0"/>
</pin_list>
<bind>
<StgValue><ssdm name="b_offset"/></StgValue>
</bind>
</comp>

<comp id="22" class="1000" name="b">
<pin_list>
<pin id="23" dir="1" index="0" bw="1" slack="0"/>
</pin_list>
<bind>
<StgValue><ssdm name="b"/><MemPortTyVec>1 3 </MemPortTyVec>
</StgValue>
</bind>
</comp>

<comp id="24" class="1001" name="const_24">
<pin_list>
<pin id="25" dir="1" index="0" bw="1" slack="0"/>
</pin_list>
<bind>
<StgValue><ssdm name=""/></StgValue>
</bind>
</comp>

<comp id="26" class="1001" name="const_26">
<pin_list>
<pin id="27" dir="1" index="0" bw="1" slack="0"/>
</pin_list>
<bind>
<StgValue><ssdm name="_ssdm_op_Read.ap_auto.i3"/></StgValue>
</bind>
</comp>

<comp id="28" class="1001" name="const_28">
<pin_list>
<pin id="29" dir="1" index="0" bw="1" slack="0"/>
</pin_list>
<bind>
<StgValue><ssdm name=""/></StgValue>
</bind>
</comp>

<comp id="30" class="1001" name="const_30">
<pin_list>
<pin id="31" dir="1" index="0" bw="1" slack="0"/>
</pin_list>
<bind>
<StgValue><ssdm name=""/></StgValue>
</bind>
</comp>

<comp id="32" class="1001" name="const_32">
<pin_list>
<pin id="33" dir="1" index="0" bw="1" slack="0"/>
</pin_list>
<bind>
<StgValue><ssdm name=""/></StgValue>
</bind>
</comp>

<comp id="34" class="1001" name="const_34">
<pin_list>
<pin id="35" dir="1" index="0" bw="1" slack="0"/>
</pin_list>
<bind>
<StgValue><ssdm name=""/></StgValue>
</bind>
</comp>

<comp id="36" class="1001" name="const_36">
<pin_list>
<pin id="37" dir="1" index="0" bw="1" slack="0"/>
</pin_list>
<bind>
<StgValue><ssdm name="_ssdm_op_BitConcatenate.i7.i3.i4"/></StgValue>
</bind>
</comp>

<comp id="38" class="1001" name="const_38">
<pin_list>
<pin id="39" dir="1" index="0" bw="1" slack="0"/>
</pin_list>
<bind>
<StgValue><ssdm name=""/></StgValue>
</bind>
</comp>

<comp id="40" class="1001" name="const_40">
<pin_list>
<pin id="41" dir="1" index="0" bw="1" slack="2147483647"/>
</pin_list>
<bind>
<StgValue><ssdm name=""/></StgValue>
</bind>
</comp>

<comp id="42" class="1001" name="const_42">
<pin_list>
<pin id="43" dir="1" index="0" bw="1" slack="2147483647"/>
</pin_list>
<bind>
<StgValue><ssdm name=""/></StgValue>
</bind>
</comp>

<comp id="44" class="1001" name="const_44">
<pin_list>
<pin id="45" dir="1" index="0" bw="1" slack="2147483647"/>
</pin_list>
<bind>
<StgValue><ssdm name=""/></StgValue>
</bind>
</comp>

<comp id="46" class="1001" name="const_46">
<pin_list>
<pin id="47" dir="1" index="0" bw="1" slack="2147483647"/>
</pin_list>
<bind>
<StgValue><ssdm name=""/></StgValue>
</bind>
</comp>

<comp id="48" class="1001" name="const_48">
<pin_list>
<pin id="49" dir="1" index="0" bw="1" slack="2147483647"/>
</pin_list>
<bind>
<StgValue><ssdm name=""/></StgValue>
</bind>
</comp>

<comp id="50" class="1001" name="const_50">
<pin_list>
<pin id="51" dir="1" index="0" bw="1" slack="2147483647"/>
</pin_list>
<bind>
<StgValue><ssdm name=""/></StgValue>
</bind>
</comp>

<comp id="52" class="1001" name="const_52">
<pin_list>
<pin id="53" dir="1" index="0" bw="1" slack="2147483647"/>
</pin_list>
<bind>
<StgValue><ssdm name=""/></StgValue>
</bind>
</comp>

<comp id="54" class="1001" name="const_54">
<pin_list>
<pin id="55" dir="1" index="0" bw="1" slack="2147483647"/>
</pin_list>
<bind>
<StgValue><ssdm name="_ssdm_op_SpecPipeline"/></StgValue>
</bind>
</comp>

<comp id="56" class="1001" name="const_56">
<pin_list>
<pin id="57" dir="1" index="0" bw="1" slack="2147483647"/>
</pin_list>
<bind>
<StgValue><ssdm name=""/></StgValue>
</bind>
</comp>

<comp id="58" class="1001" name="const_58">
<pin_list>
<pin id="59" dir="1" index="0" bw="1" slack="2147483647"/>
</pin_list>
<bind>
<StgValue><ssdm name=""/></StgValue>
</bind>
</comp>

<comp id="60" class="1001" name="const_60">
<pin_list>
<pin id="61" dir="1" index="0" bw="1" slack="2147483647"/>
</pin_list>
<bind>
<StgValue><ssdm name="empty_15"/></StgValue>
</bind>
</comp>

<comp id="62" class="1001" name="const_62">
<pin_list>
<pin id="63" dir="1" index="0" bw="1" slack="2147483647"/>
</pin_list>
<bind>
<StgValue><ssdm name="_ssdm_op_SpecLoopTripCount"/></StgValue>
</bind>
</comp>

<comp id="64" class="1001" name="const_64">
<pin_list>
<pin id="65" dir="1" index="0" bw="1" slack="2147483647"/>
</pin_list>
<bind>
<StgValue><ssdm name=""/></StgValue>
</bind>
</comp>

<comp id="66" class="1001" name="const_66">
<pin_list>
<pin id="67" dir="1" index="0" bw="1" slack="2147483647"/>
</pin_list>
<bind>
<StgValue><ssdm name="_ssdm_op_SpecLoopName"/></StgValue>
</bind>
</comp>

<comp id="68" class="1001" name="const_68">
<pin_list>
<pin id="69" dir="1" index="0" bw="1" slack="2147483647"/>
</pin_list>
<bind>
<StgValue><ssdm name="empty_50"/></StgValue>
</bind>
</comp>

<comp id="70" class="1001" name="const_70">
<pin_list>
<pin id="71" dir="1" index="0" bw="1" slack="0"/>
</pin_list>
<bind>
<StgValue><ssdm name="_ssdm_op_BitSelect.i1.i64.i64"/></StgValue>
</bind>
</comp>

<comp id="72" class="1001" name="const_72">
<pin_list>
<pin id="73" dir="1" index="0" bw="1" slack="0"/>
</pin_list>
<bind>
<StgValue><ssdm name=""/></StgValue>
</bind>
</comp>

<comp id="74" class="1001" name="const_74">
<pin_list>
<pin id="75" dir="1" index="0" bw="1" slack="0"/>
</pin_list>
<bind>
<StgValue><ssdm name=""/></StgValue>
</bind>
</comp>

<comp id="76" class="1001" name="const_76">
<pin_list>
<pin id="77" dir="1" index="0" bw="1" slack="0"/>
</pin_list>
<bind>
<StgValue><ssdm name="_ssdm_op_BitConcatenate.i64.i1.i63"/></StgValue>
</bind>
</comp>

<comp id="78" class="1001" name="const_78">
<pin_list>
<pin id="79" dir="1" index="0" bw="1" slack="0"/>
</pin_list>
<bind>
<StgValue><ssdm name="_ssdm_op_BitSelect.i1.i64.i32"/></StgValue>
</bind>
</comp>

<comp id="80" class="1001" name="const_80">
<pin_list>
<pin id="81" dir="1" index="0" bw="1" slack="0"/>
</pin_list>
<bind>
<StgValue><ssdm name=""/></StgValue>
</bind>
</comp>

<comp id="82" class="1004" name="i_fu_82">
<pin_list>
<pin id="83" dir="0" index="0" bw="1" slack="0"/>
<pin id="84" dir="1" index="1" bw="4" slack="0"/>
</pin_list>
<bind>
<opcode="alloca(26) " fcode="alloca"/>
<opset="i/1 "/>
</bind>
</comp>

<comp id="86" class="1004" name="b_offset_read_read_fu_86">
<pin_list>
<pin id="87" dir="0" index="0" bw="3" slack="0"/>
<pin id="88" dir="0" index="1" bw="3" slack="0"/>
<pin id="89" dir="1" index="2" bw="3" slack="0"/>
</pin_list>
<bind>
<opcode="read(1150) " fcode="read"/>
<opset="b_offset_read/1 "/>
</bind>
</comp>

<comp id="92" class="1004" name="a_offset_read_read_fu_92">
<pin_list>
<pin id="93" dir="0" index="0" bw="3" slack="0"/>
<pin id="94" dir="0" index="1" bw="3" slack="0"/>
<pin id="95" dir="1" index="2" bw="3" slack="0"/>
</pin_list>
<bind>
<opcode="read(1150) " fcode="read"/>
<opset="a_offset_read/1 "/>
</bind>
</comp>

<comp id="98" class="1004" name="a_addr_gep_fu_98">
<pin_list>
<pin id="99" dir="0" index="0" bw="64" slack="0"/>
<pin id="100" dir="0" index="1" bw="1" slack="0"/>
<pin id="101" dir="0" index="2" bw="7" slack="0"/>
<pin id="102" dir="1" index="3" bw="7" slack="0"/>
</pin_list>
<bind>
<opcode="getelementptr(29) " fcode="getelementptr"/>
<opset="a_addr/1 "/>
</bind>
</comp>

<comp id="105" class="1004" name="b_addr_gep_fu_105">
<pin_list>
<pin id="106" dir="0" index="0" bw="64" slack="0"/>
<pin id="107" dir="0" index="1" bw="1" slack="0"/>
<pin id="108" dir="0" index="2" bw="7" slack="0"/>
<pin id="109" dir="1" index="3" bw="7" slack="0"/>
</pin_list>
<bind>
<opcode="getelementptr(29) " fcode="getelementptr"/>
<opset="b_addr/1 "/>
</bind>
</comp>

<comp id="112" class="1004" name="grp_access_fu_112">
<pin_list>
<pin id="113" dir="0" index="0" bw="7" slack="0"/>
<pin id="114" dir="0" index="1" bw="64" slack="2147483647"/>
<pin id="115" dir="0" index="2" bw="0" slack="2147483647"/>
<pin id="116" dir="1" index="3" bw="64" slack="0"/>
</pin_list>
<bind>
<opcode="load(27) " fcode="load"/>
<opset="a_load/1 "/>
</bind>
</comp>

<comp id="118" class="1004" name="grp_access_fu_118">
<pin_list>
<pin id="119" dir="0" index="0" bw="7" slack="0"/>
<pin id="120" dir="0" index="1" bw="64" slack="2147483647"/>
<pin id="121" dir="0" index="2" bw="0" slack="2147483647"/>
<pin id="122" dir="1" index="3" bw="64" slack="0"/>
</pin_list>
<bind>
<opcode="load(27) " fcode="load"/>
<opset="b_load/1 "/>
</bind>
</comp>

<comp id="124" class="1004" name="t1_0_addr_gep_fu_124">
<pin_list>
<pin id="125" dir="0" index="0" bw="64" slack="0"/>
<pin id="126" dir="0" index="1" bw="1" slack="0"/>
<pin id="127" dir="0" index="2" bw="1" slack="0"/>
<pin id="128" dir="1" index="3" bw="1" slack="0"/>
</pin_list>
<bind>
<opcode="getelementptr(29) " fcode="getelementptr"/>
<opset="t1_0_addr/2 "/>
</bind>
</comp>

<comp id="132" class="1004" name="t1_1_addr_gep_fu_132">
<pin_list>
<pin id="133" dir="0" index="0" bw="64" slack="0"/>
<pin id="134" dir="0" index="1" bw="1" slack="0"/>
<pin id="135" dir="0" index="2" bw="1" slack="0"/>
<pin id="136" dir="1" index="3" bw="1" slack="0"/>
</pin_list>
<bind>
<opcode="getelementptr(29) " fcode="getelementptr"/>
<opset="t1_1_addr/2 "/>
</bind>
</comp>

<comp id="140" class="1004" name="t1_2_addr_gep_fu_140">
<pin_list>
<pin id="141" dir="0" index="0" bw="64" slack="0"/>
<pin id="142" dir="0" index="1" bw="1" slack="0"/>
<pin id="143" dir="0" index="2" bw="1" slack="0"/>
<pin id="144" dir="1" index="3" bw="1" slack="0"/>
</pin_list>
<bind>
<opcode="getelementptr(29) " fcode="getelementptr"/>
<opset="t1_2_addr/2 "/>
</bind>
</comp>

<comp id="148" class="1004" name="t1_3_addr_gep_fu_148">
<pin_list>
<pin id="149" dir="0" index="0" bw="64" slack="0"/>
<pin id="150" dir="0" index="1" bw="1" slack="0"/>
<pin id="151" dir="0" index="2" bw="1" slack="0"/>
<pin id="152" dir="1" index="3" bw="1" slack="0"/>
</pin_list>
<bind>
<opcode="getelementptr(29) " fcode="getelementptr"/>
<opset="t1_3_addr/2 "/>
</bind>
</comp>

<comp id="156" class="1004" name="t1_4_addr_gep_fu_156">
<pin_list>
<pin id="157" dir="0" index="0" bw="64" slack="0"/>
<pin id="158" dir="0" index="1" bw="1" slack="0"/>
<pin id="159" dir="0" index="2" bw="1" slack="0"/>
<pin id="160" dir="1" index="3" bw="1" slack="0"/>
</pin_list>
<bind>
<opcode="getelementptr(29) " fcode="getelementptr"/>
<opset="t1_4_addr/2 "/>
</bind>
</comp>

<comp id="164" class="1004" name="t1_5_addr_gep_fu_164">
<pin_list>
<pin id="165" dir="0" index="0" bw="64" slack="0"/>
<pin id="166" dir="0" index="1" bw="1" slack="0"/>
<pin id="167" dir="0" index="2" bw="1" slack="0"/>
<pin id="168" dir="1" index="3" bw="1" slack="0"/>
</pin_list>
<bind>
<opcode="getelementptr(29) " fcode="getelementptr"/>
<opset="t1_5_addr/2 "/>
</bind>
</comp>

<comp id="172" class="1004" name="t1_6_addr_gep_fu_172">
<pin_list>
<pin id="173" dir="0" index="0" bw="64" slack="0"/>
<pin id="174" dir="0" index="1" bw="1" slack="0"/>
<pin id="175" dir="0" index="2" bw="1" slack="0"/>
<pin id="176" dir="1" index="3" bw="1" slack="0"/>
</pin_list>
<bind>
<opcode="getelementptr(29) " fcode="getelementptr"/>
<opset="t1_6_addr/2 "/>
</bind>
</comp>

<comp id="180" class="1004" name="t1_7_addr_gep_fu_180">
<pin_list>
<pin id="181" dir="0" index="0" bw="64" slack="0"/>
<pin id="182" dir="0" index="1" bw="1" slack="0"/>
<pin id="183" dir="0" index="2" bw="1" slack="0"/>
<pin id="184" dir="1" index="3" bw="1" slack="0"/>
</pin_list>
<bind>
<opcode="getelementptr(29) " fcode="getelementptr"/>
<opset="t1_7_addr/2 "/>
</bind>
</comp>

<comp id="188" class="1004" name="store_ln35_access_fu_188">
<pin_list>
<pin id="189" dir="0" index="0" bw="1" slack="0"/>
<pin id="190" dir="0" index="1" bw="64" slack="0"/>
<pin id="191" dir="0" index="2" bw="0" slack="2147483647"/>
<pin id="192" dir="1" index="3" bw="64" slack="2147483647"/>
</pin_list>
<bind>
<opcode="store(28) " fcode="store"/>
<opset="store_ln35/2 "/>
</bind>
</comp>

<comp id="194" class="1004" name="store_ln35_access_fu_194">
<pin_list>
<pin id="195" dir="0" index="0" bw="1" slack="0"/>
<pin id="196" dir="0" index="1" bw="64" slack="0"/>
<pin id="197" dir="0" index="2" bw="0" slack="2147483647"/>
<pin id="198" dir="1" index="3" bw="64" slack="2147483647"/>
</pin_list>
<bind>
<opcode="store(28) " fcode="store"/>
<opset="store_ln35/2 "/>
</bind>
</comp>

<comp id="200" class="1004" name="store_ln35_access_fu_200">
<pin_list>
<pin id="201" dir="0" index="0" bw="1" slack="0"/>
<pin id="202" dir="0" index="1" bw="64" slack="0"/>
<pin id="203" dir="0" index="2" bw="0" slack="2147483647"/>
<pin id="204" dir="1" index="3" bw="64" slack="2147483647"/>
</pin_list>
<bind>
<opcode="store(28) " fcode="store"/>
<opset="store_ln35/2 "/>
</bind>
</comp>

<comp id="206" class="1004" name="store_ln35_access_fu_206">
<pin_list>
<pin id="207" dir="0" index="0" bw="1" slack="0"/>
<pin id="208" dir="0" index="1" bw="64" slack="0"/>
<pin id="209" dir="0" index="2" bw="0" slack="2147483647"/>
<pin id="210" dir="1" index="3" bw="64" slack="2147483647"/>
</pin_list>
<bind>
<opcode="store(28) " fcode="store"/>
<opset="store_ln35/2 "/>
</bind>
</comp>

<comp id="212" class="1004" name="store_ln35_access_fu_212">
<pin_list>
<pin id="213" dir="0" index="0" bw="1" slack="0"/>
<pin id="214" dir="0" index="1" bw="64" slack="0"/>
<pin id="215" dir="0" index="2" bw="0" slack="2147483647"/>
<pin id="216" dir="1" index="3" bw="64" slack="2147483647"/>
</pin_list>
<bind>
<opcode="store(28) " fcode="store"/>
<opset="store_ln35/2 "/>
</bind>
</comp>

<comp id="218" class="1004" name="store_ln35_access_fu_218">
<pin_list>
<pin id="219" dir="0" index="0" bw="1" slack="0"/>
<pin id="220" dir="0" index="1" bw="64" slack="0"/>
<pin id="221" dir="0" index="2" bw="0" slack="2147483647"/>
<pin id="222" dir="1" index="3" bw="64" slack="2147483647"/>
</pin_list>
<bind>
<opcode="store(28) " fcode="store"/>
<opset="store_ln35/2 "/>
</bind>
</comp>

<comp id="224" class="1004" name="store_ln35_access_fu_224">
<pin_list>
<pin id="225" dir="0" index="0" bw="1" slack="0"/>
<pin id="226" dir="0" index="1" bw="64" slack="0"/>
<pin id="227" dir="0" index="2" bw="0" slack="2147483647"/>
<pin id="228" dir="1" index="3" bw="64" slack="2147483647"/>
</pin_list>
<bind>
<opcode="store(28) " fcode="store"/>
<opset="store_ln35/2 "/>
</bind>
</comp>

<comp id="230" class="1004" name="store_ln35_access_fu_230">
<pin_list>
<pin id="231" dir="0" index="0" bw="1" slack="0"/>
<pin id="232" dir="0" index="1" bw="64" slack="0"/>
<pin id="233" dir="0" index="2" bw="0" slack="2147483647"/>
<pin id="234" dir="1" index="3" bw="64" slack="2147483647"/>
</pin_list>
<bind>
<opcode="store(28) " fcode="store"/>
<opset="store_ln35/2 "/>
</bind>
</comp>

<comp id="236" class="1005" name="carry_reg_236">
<pin_list>
<pin id="237" dir="0" index="0" bw="1" slack="1"/>
<pin id="238" dir="1" index="1" bw="1" slack="1"/>
</pin_list>
<bind>
<opset="carry (phireg) "/>
</bind>
</comp>

<comp id="239" class="1004" name="carry_phi_fu_239">
<pin_list>
<pin id="240" dir="0" index="0" bw="1" slack="0"/>
<pin id="241" dir="0" index="1" bw="0" slack="2147483647"/>
<pin id="242" dir="0" index="2" bw="1" slack="1"/>
<pin id="243" dir="0" index="3" bw="0" slack="2147483647"/>
<pin id="244" dir="1" index="4" bw="1" slack="1"/>
</pin_list>
<bind>
<opcode="phi(47) " fcode="phi"/>
<opset="carry/1 "/>
</bind>
</comp>

<comp id="247" class="1004" name="store_ln28_store_fu_247">
<pin_list>
<pin id="248" dir="0" index="0" bw="1" slack="0"/>
<pin id="249" dir="0" index="1" bw="4" slack="0"/>
<pin id="250" dir="1" index="2" bw="0" slack="2147483647"/>
</pin_list>
<bind>
<opcode="store(28) " fcode="store"/>
<opset="store_ln28/1 "/>
</bind>
</comp>

<comp id="252" class="1004" name="i_243_load_fu_252">
<pin_list>
<pin id="253" dir="0" index="0" bw="4" slack="0"/>
<pin id="254" dir="1" index="1" bw="4" slack="0"/>
</pin_list>
<bind>
<opcode="load(27) " fcode="load"/>
<opset="i_243/1 "/>
</bind>
</comp>

<comp id="255" class="1004" name="icmp_ln33_fu_255">
<pin_list>
<pin id="256" dir="0" index="0" bw="4" slack="0"/>
<pin id="257" dir="0" index="1" bw="4" slack="0"/>
<pin id="258" dir="1" index="2" bw="1" slack="1"/>
</pin_list>
<bind>
<opcode="icmp(45) " fcode="icmp"/>
<opset="icmp_ln33/1 "/>
</bind>
</comp>

<comp id="261" class="1004" name="add_ln33_fu_261">
<pin_list>
<pin id="262" dir="0" index="0" bw="4" slack="0"/>
<pin id="263" dir="0" index="1" bw="1" slack="0"/>
<pin id="264" dir="1" index="2" bw="4" slack="0"/>
</pin_list>
<bind>
<opcode="add(8) " fcode="add"/>
<opset="add_ln33/1 "/>
</bind>
</comp>

<comp id="267" class="1004" name="tmp_s_fu_267">
<pin_list>
<pin id="268" dir="0" index="0" bw="7" slack="0"/>
<pin id="269" dir="0" index="1" bw="3" slack="0"/>
<pin id="270" dir="0" index="2" bw="4" slack="0"/>
<pin id="271" dir="1" index="3" bw="7" slack="0"/>
</pin_list>
<bind>
<opcode="bitconcatenate(1004) " fcode="bitconcatenate"/>
<opset="tmp_s/1 "/>
</bind>
</comp>

<comp id="275" class="1004" name="zext_ln35_5_fu_275">
<pin_list>
<pin id="276" dir="0" index="0" bw="7" slack="0"/>
<pin id="277" dir="1" index="1" bw="64" slack="0"/>
</pin_list>
<bind>
<opcode="zext(34) " fcode="zext"/>
<opset="zext_ln35_5/1 "/>
</bind>
</comp>

<comp id="280" class="1004" name="tmp_705_fu_280">
<pin_list>
<pin id="281" dir="0" index="0" bw="7" slack="0"/>
<pin id="282" dir="0" index="1" bw="3" slack="0"/>
<pin id="283" dir="0" index="2" bw="4" slack="0"/>
<pin id="284" dir="1" index="3" bw="7" slack="0"/>
</pin_list>
<bind>
<opcode="bitconcatenate(1004) " fcode="bitconcatenate"/>
<opset="tmp_705/1 "/>
</bind>
</comp>

<comp id="288" class="1004" name="zext_ln35_6_fu_288">
<pin_list>
<pin id="289" dir="0" index="0" bw="7" slack="0"/>
<pin id="290" dir="1" index="1" bw="64" slack="0"/>
</pin_list>
<bind>
<opcode="zext(34) " fcode="zext"/>
<opset="zext_ln35_6/1 "/>
</bind>
</comp>

<comp id="293" class="1004" name="trunc_ln33_fu_293">
<pin_list>
<pin id="294" dir="0" index="0" bw="4" slack="0"/>
<pin id="295" dir="1" index="1" bw="3" slack="1"/>
</pin_list>
<bind>
<opcode="trunc(33) " fcode="trunc"/>
<opset="trunc_ln33/1 "/>
</bind>
</comp>

<comp id="297" class="1004" name="store_ln28_store_fu_297">
<pin_list>
<pin id="298" dir="0" index="0" bw="4" slack="0"/>
<pin id="299" dir="0" index="1" bw="4" slack="0"/>
<pin id="300" dir="1" index="2" bw="0" slack="2147483647"/>
</pin_list>
<bind>
<opcode="store(28) " fcode="store"/>
<opset="store_ln28/1 "/>
</bind>
</comp>

<comp id="302" class="1004" name="zext_ln35_fu_302">
<pin_list>
<pin id="303" dir="0" index="0" bw="1" slack="1"/>
<pin id="304" dir="1" index="1" bw="64" slack="0"/>
</pin_list>
<bind>
<opcode="zext(34) " fcode="zext"/>
<opset="zext_ln35/2 "/>
</bind>
</comp>

<comp id="306" class="1004" name="tempReg_fu_306">
<pin_list>
<pin id="307" dir="0" index="0" bw="64" slack="0"/>
<pin id="308" dir="0" index="1" bw="1" slack="0"/>
<pin id="309" dir="1" index="2" bw="64" slack="0"/>
</pin_list>
<bind>
<opcode="add(8) " fcode="add"/>
<opset="tempReg/2 "/>
</bind>
</comp>

<comp id="312" class="1004" name="add_ln35_fu_312">
<pin_list>
<pin id="313" dir="0" index="0" bw="64" slack="0"/>
<pin id="314" dir="0" index="1" bw="64" slack="0"/>
<pin id="315" dir="1" index="2" bw="64" slack="0"/>
</pin_list>
<bind>
<opcode="add(8) " fcode="add"/>
<opset="add_ln35/2 "/>
</bind>
</comp>

<comp id="326" class="1004" name="xor_ln35_fu_326">
<pin_list>
<pin id="327" dir="0" index="0" bw="64" slack="0"/>
<pin id="328" dir="0" index="1" bw="64" slack="0"/>
<pin id="329" dir="1" index="2" bw="64" slack="0"/>
</pin_list>
<bind>
<opcode="xor(25) " fcode="xor"/>
<opset="xor_ln35/2 "/>
</bind>
</comp>

<comp id="332" class="1004" name="xor_ln35_32_fu_332">
<pin_list>
<pin id="333" dir="0" index="0" bw="64" slack="0"/>
<pin id="334" dir="0" index="1" bw="64" slack="0"/>
<pin id="335" dir="1" index="2" bw="64" slack="0"/>
</pin_list>
<bind>
<opcode="xor(25) " fcode="xor"/>
<opset="xor_ln35_32/2 "/>
</bind>
</comp>

<comp id="338" class="1004" name="or_ln35_fu_338">
<pin_list>
<pin id="339" dir="0" index="0" bw="64" slack="0"/>
<pin id="340" dir="0" index="1" bw="64" slack="0"/>
<pin id="341" dir="1" index="2" bw="64" slack="0"/>
</pin_list>
<bind>
<opcode="or(24) " fcode="or"/>
<opset="or_ln35/2 "/>
</bind>
</comp>

<comp id="344" class="1004" name="bit_sel_fu_344">
<pin_list>
<pin id="345" dir="0" index="0" bw="1" slack="0"/>
<pin id="346" dir="0" index="1" bw="64" slack="0"/>
<pin id="347" dir="0" index="2" bw="7" slack="0"/>
<pin id="348" dir="1" index="3" bw="1" slack="0"/>
</pin_list>
<bind>
<opcode="bitselect(1000) " fcode="bitselect"/>
<opset="bit_sel/2 "/>
</bind>
</comp>

<comp id="352" class="1004" name="xor_ln35_33_fu_352">
<pin_list>
<pin id="353" dir="0" index="0" bw="1" slack="0"/>
<pin id="354" dir="0" index="1" bw="1" slack="0"/>
<pin id="355" dir="1" index="2" bw="1" slack="0"/>
</pin_list>
<bind>
<opcode="xor(25) " fcode="xor"/>
<opset="xor_ln35_33/2 "/>
</bind>
</comp>

<comp id="358" class="1004" name="trunc_ln35_fu_358">
<pin_list>
<pin id="359" dir="0" index="0" bw="64" slack="0"/>
<pin id="360" dir="1" index="1" bw="63" slack="0"/>
</pin_list>
<bind>
<opcode="trunc(33) " fcode="trunc"/>
<opset="trunc_ln35/2 "/>
</bind>
</comp>

<comp id="362" class="1004" name="xor_ln35_s_fu_362">
<pin_list>
<pin id="363" dir="0" index="0" bw="64" slack="0"/>
<pin id="364" dir="0" index="1" bw="1" slack="0"/>
<pin id="365" dir="0" index="2" bw="63" slack="0"/>
<pin id="366" dir="1" index="3" bw="64" slack="0"/>
</pin_list>
<bind>
<opcode="bitconcatenate(1004) " fcode="bitconcatenate"/>
<opset="xor_ln35_s/2 "/>
</bind>
</comp>

<comp id="370" class="1004" name="and_ln35_fu_370">
<pin_list>
<pin id="371" dir="0" index="0" bw="64" slack="0"/>
<pin id="372" dir="0" index="1" bw="64" slack="0"/>
<pin id="373" dir="1" index="2" bw="64" slack="0"/>
</pin_list>
<bind>
<opcode="and(23) " fcode="and"/>
<opset="and_ln35/2 "/>
</bind>
</comp>

<comp id="376" class="1004" name="xor_ln35_34_fu_376">
<pin_list>
<pin id="377" dir="0" index="0" bw="64" slack="0"/>
<pin id="378" dir="0" index="1" bw="64" slack="0"/>
<pin id="379" dir="1" index="2" bw="64" slack="0"/>
</pin_list>
<bind>
<opcode="xor(25) " fcode="xor"/>
<opset="xor_ln35_34/2 "/>
</bind>
</comp>

<comp id="382" class="1004" name="or_ln35_11_fu_382">
<pin_list>
<pin id="383" dir="0" index="0" bw="64" slack="0"/>
<pin id="384" dir="0" index="1" bw="64" slack="0"/>
<pin id="385" dir="1" index="2" bw="64" slack="0"/>
</pin_list>
<bind>
<opcode="or(24) " fcode="or"/>
<opset="or_ln35_11/2 "/>
</bind>
</comp>

<comp id="388" class="1004" name="tmp_fu_388">
<pin_list>
<pin id="389" dir="0" index="0" bw="1" slack="0"/>
<pin id="390" dir="0" index="1" bw="64" slack="0"/>
<pin id="391" dir="0" index="2" bw="7" slack="0"/>
<pin id="392" dir="1" index="3" bw="1" slack="1"/>
</pin_list>
<bind>
<opcode="bitselect(1000) " fcode="bitselect"/>
<opset="tmp/2 "/>
</bind>
</comp>

<comp id="396" class="1005" name="i_reg_396">
<pin_list>
<pin id="397" dir="0" index="0" bw="4" slack="0"/>
<pin id="398" dir="1" index="1" bw="4" slack="0"/>
</pin_list>
<bind>
<opset="i "/>
</bind>
</comp>

<comp id="403" class="1005" name="icmp_ln33_reg_403">
<pin_list>
<pin id="404" dir="0" index="0" bw="1" slack="1"/>
<pin id="405" dir="1" index="1" bw="1" slack="2147483647"/>
</pin_list>
<bind>
<opset="icmp_ln33 "/>
</bind>
</comp>

<comp id="407" class="1005" name="a_addr_reg_407">
<pin_list>
<pin id="408" dir="0" index="0" bw="7" slack="1"/>
<pin id="409" dir="1" index="1" bw="7" slack="1"/>
</pin_list>
<bind>
<opset="a_addr "/>
</bind>
</comp>

<comp id="412" class="1005" name="b_addr_reg_412">
<pin_list>
<pin id="413" dir="0" index="0" bw="7" slack="1"/>
<pin id="414" dir="1" index="1" bw="7" slack="1"/>
</pin_list>
<bind>
<opset="b_addr "/>
</bind>
</comp>

<comp id="417" class="1005" name="trunc_ln33_reg_417">
<pin_list>
<pin id="418" dir="0" index="0" bw="3" slack="1"/>
<pin id="419" dir="1" index="1" bw="3" slack="2147483647"/>
</pin_list>
<bind>
<opset="trunc_ln33 "/>
</bind>
</comp>

<comp id="421" class="1005" name="tmp_reg_421">
<pin_list>
<pin id="422" dir="0" index="0" bw="1" slack="1"/>
<pin id="423" dir="1" index="1" bw="1" slack="1"/>
</pin_list>
<bind>
<opset="tmp "/>
</bind>
</comp>

</comp_list>

<net_list>
<net id="85"><net_src comp="24" pin="0"/><net_sink comp="82" pin=0"/></net>

<net id="90"><net_src comp="26" pin="0"/><net_sink comp="86" pin=0"/></net>

<net id="91"><net_src comp="20" pin="0"/><net_sink comp="86" pin=1"/></net>

<net id="96"><net_src comp="26" pin="0"/><net_sink comp="92" pin=0"/></net>

<net id="97"><net_src comp="16" pin="0"/><net_sink comp="92" pin=1"/></net>

<net id="103"><net_src comp="18" pin="0"/><net_sink comp="98" pin=0"/></net>

<net id="104"><net_src comp="38" pin="0"/><net_sink comp="98" pin=1"/></net>

<net id="110"><net_src comp="22" pin="0"/><net_sink comp="105" pin=0"/></net>

<net id="111"><net_src comp="38" pin="0"/><net_sink comp="105" pin=1"/></net>

<net id="117"><net_src comp="98" pin="3"/><net_sink comp="112" pin=0"/></net>

<net id="123"><net_src comp="105" pin="3"/><net_sink comp="118" pin=0"/></net>

<net id="129"><net_src comp="0" pin="0"/><net_sink comp="124" pin=0"/></net>

<net id="130"><net_src comp="38" pin="0"/><net_sink comp="124" pin=1"/></net>

<net id="131"><net_src comp="38" pin="0"/><net_sink comp="124" pin=2"/></net>

<net id="137"><net_src comp="2" pin="0"/><net_sink comp="132" pin=0"/></net>

<net id="138"><net_src comp="38" pin="0"/><net_sink comp="132" pin=1"/></net>

<net id="139"><net_src comp="38" pin="0"/><net_sink comp="132" pin=2"/></net>

<net id="145"><net_src comp="4" pin="0"/><net_sink comp="140" pin=0"/></net>

<net id="146"><net_src comp="38" pin="0"/><net_sink comp="140" pin=1"/></net>

<net id="147"><net_src comp="38" pin="0"/><net_sink comp="140" pin=2"/></net>

<net id="153"><net_src comp="6" pin="0"/><net_sink comp="148" pin=0"/></net>

<net id="154"><net_src comp="38" pin="0"/><net_sink comp="148" pin=1"/></net>

<net id="155"><net_src comp="38" pin="0"/><net_sink comp="148" pin=2"/></net>

<net id="161"><net_src comp="8" pin="0"/><net_sink comp="156" pin=0"/></net>

<net id="162"><net_src comp="38" pin="0"/><net_sink comp="156" pin=1"/></net>

<net id="163"><net_src comp="38" pin="0"/><net_sink comp="156" pin=2"/></net>

<net id="169"><net_src comp="10" pin="0"/><net_sink comp="164" pin=0"/></net>

<net id="170"><net_src comp="38" pin="0"/><net_sink comp="164" pin=1"/></net>

<net id="171"><net_src comp="38" pin="0"/><net_sink comp="164" pin=2"/></net>

<net id="177"><net_src comp="12" pin="0"/><net_sink comp="172" pin=0"/></net>

<net id="178"><net_src comp="38" pin="0"/><net_sink comp="172" pin=1"/></net>

<net id="179"><net_src comp="38" pin="0"/><net_sink comp="172" pin=2"/></net>

<net id="185"><net_src comp="14" pin="0"/><net_sink comp="180" pin=0"/></net>

<net id="186"><net_src comp="38" pin="0"/><net_sink comp="180" pin=1"/></net>

<net id="187"><net_src comp="38" pin="0"/><net_sink comp="180" pin=2"/></net>

<net id="193"><net_src comp="172" pin="3"/><net_sink comp="188" pin=0"/></net>

<net id="199"><net_src comp="164" pin="3"/><net_sink comp="194" pin=0"/></net>

<net id="205"><net_src comp="156" pin="3"/><net_sink comp="200" pin=0"/></net>

<net id="211"><net_src comp="148" pin="3"/><net_sink comp="206" pin=0"/></net>

<net id="217"><net_src comp="140" pin="3"/><net_sink comp="212" pin=0"/></net>

<net id="223"><net_src comp="132" pin="3"/><net_sink comp="218" pin=0"/></net>

<net id="229"><net_src comp="124" pin="3"/><net_sink comp="224" pin=0"/></net>

<net id="235"><net_src comp="180" pin="3"/><net_sink comp="230" pin=0"/></net>

<net id="245"><net_src comp="30" pin="0"/><net_sink comp="239" pin=0"/></net>

<net id="246"><net_src comp="239" pin="4"/><net_sink comp="236" pin=0"/></net>

<net id="251"><net_src comp="28" pin="0"/><net_sink comp="247" pin=0"/></net>

<net id="259"><net_src comp="252" pin="1"/><net_sink comp="255" pin=0"/></net>

<net id="260"><net_src comp="32" pin="0"/><net_sink comp="255" pin=1"/></net>

<net id="265"><net_src comp="252" pin="1"/><net_sink comp="261" pin=0"/></net>

<net id="266"><net_src comp="34" pin="0"/><net_sink comp="261" pin=1"/></net>

<net id="272"><net_src comp="36" pin="0"/><net_sink comp="267" pin=0"/></net>

<net id="273"><net_src comp="92" pin="2"/><net_sink comp="267" pin=1"/></net>

<net id="274"><net_src comp="252" pin="1"/><net_sink comp="267" pin=2"/></net>

<net id="278"><net_src comp="267" pin="3"/><net_sink comp="275" pin=0"/></net>

<net id="279"><net_src comp="275" pin="1"/><net_sink comp="98" pin=2"/></net>

<net id="285"><net_src comp="36" pin="0"/><net_sink comp="280" pin=0"/></net>

<net id="286"><net_src comp="86" pin="2"/><net_sink comp="280" pin=1"/></net>

<net id="287"><net_src comp="252" pin="1"/><net_sink comp="280" pin=2"/></net>

<net id="291"><net_src comp="280" pin="3"/><net_sink comp="288" pin=0"/></net>

<net id="292"><net_src comp="288" pin="1"/><net_sink comp="105" pin=2"/></net>

<net id="296"><net_src comp="252" pin="1"/><net_sink comp="293" pin=0"/></net>

<net id="301"><net_src comp="261" pin="2"/><net_sink comp="297" pin=0"/></net>

<net id="305"><net_src comp="236" pin="1"/><net_sink comp="302" pin=0"/></net>

<net id="310"><net_src comp="112" pin="3"/><net_sink comp="306" pin=0"/></net>

<net id="311"><net_src comp="302" pin="1"/><net_sink comp="306" pin=1"/></net>

<net id="316"><net_src comp="118" pin="3"/><net_sink comp="312" pin=0"/></net>

<net id="317"><net_src comp="306" pin="2"/><net_sink comp="312" pin=1"/></net>

<net id="318"><net_src comp="312" pin="2"/><net_sink comp="188" pin=1"/></net>

<net id="319"><net_src comp="312" pin="2"/><net_sink comp="194" pin=1"/></net>

<net id="320"><net_src comp="312" pin="2"/><net_sink comp="200" pin=1"/></net>

<net id="321"><net_src comp="312" pin="2"/><net_sink comp="206" pin=1"/></net>

<net id="322"><net_src comp="312" pin="2"/><net_sink comp="212" pin=1"/></net>

<net id="323"><net_src comp="312" pin="2"/><net_sink comp="218" pin=1"/></net>

<net id="324"><net_src comp="312" pin="2"/><net_sink comp="224" pin=1"/></net>

<net id="325"><net_src comp="312" pin="2"/><net_sink comp="230" pin=1"/></net>

<net id="330"><net_src comp="312" pin="2"/><net_sink comp="326" pin=0"/></net>

<net id="331"><net_src comp="306" pin="2"/><net_sink comp="326" pin=1"/></net>

<net id="336"><net_src comp="118" pin="3"/><net_sink comp="332" pin=0"/></net>

<net id="337"><net_src comp="306" pin="2"/><net_sink comp="332" pin=1"/></net>

<net id="342"><net_src comp="326" pin="2"/><net_sink comp="338" pin=0"/></net>

<net id="343"><net_src comp="332" pin="2"/><net_sink comp="338" pin=1"/></net>

<net id="349"><net_src comp="70" pin="0"/><net_sink comp="344" pin=0"/></net>

<net id="350"><net_src comp="306" pin="2"/><net_sink comp="344" pin=1"/></net>

<net id="351"><net_src comp="72" pin="0"/><net_sink comp="344" pin=2"/></net>

<net id="356"><net_src comp="344" pin="3"/><net_sink comp="352" pin=0"/></net>

<net id="357"><net_src comp="74" pin="0"/><net_sink comp="352" pin=1"/></net>

<net id="361"><net_src comp="306" pin="2"/><net_sink comp="358" pin=0"/></net>

<net id="367"><net_src comp="76" pin="0"/><net_sink comp="362" pin=0"/></net>

<net id="368"><net_src comp="352" pin="2"/><net_sink comp="362" pin=1"/></net>

<net id="369"><net_src comp="358" pin="1"/><net_sink comp="362" pin=2"/></net>

<net id="374"><net_src comp="112" pin="3"/><net_sink comp="370" pin=0"/></net>

<net id="375"><net_src comp="362" pin="3"/><net_sink comp="370" pin=1"/></net>

<net id="380"><net_src comp="338" pin="2"/><net_sink comp="376" pin=0"/></net>

<net id="381"><net_src comp="312" pin="2"/><net_sink comp="376" pin=1"/></net>

<net id="386"><net_src comp="376" pin="2"/><net_sink comp="382" pin=0"/></net>

<net id="387"><net_src comp="370" pin="2"/><net_sink comp="382" pin=1"/></net>

<net id="393"><net_src comp="78" pin="0"/><net_sink comp="388" pin=0"/></net>

<net id="394"><net_src comp="382" pin="2"/><net_sink comp="388" pin=1"/></net>

<net id="395"><net_src comp="80" pin="0"/><net_sink comp="388" pin=2"/></net>

<net id="399"><net_src comp="82" pin="1"/><net_sink comp="396" pin=0"/></net>

<net id="400"><net_src comp="396" pin="1"/><net_sink comp="247" pin=1"/></net>

<net id="401"><net_src comp="396" pin="1"/><net_sink comp="252" pin=0"/></net>

<net id="402"><net_src comp="396" pin="1"/><net_sink comp="297" pin=1"/></net>

<net id="406"><net_src comp="255" pin="2"/><net_sink comp="403" pin=0"/></net>

<net id="410"><net_src comp="98" pin="3"/><net_sink comp="407" pin=0"/></net>

<net id="411"><net_src comp="407" pin="1"/><net_sink comp="112" pin=0"/></net>

<net id="415"><net_src comp="105" pin="3"/><net_sink comp="412" pin=0"/></net>

<net id="416"><net_src comp="412" pin="1"/><net_sink comp="118" pin=0"/></net>

<net id="420"><net_src comp="293" pin="1"/><net_sink comp="417" pin=0"/></net>

<net id="424"><net_src comp="388" pin="3"/><net_sink comp="421" pin=0"/></net>

<net id="425"><net_src comp="421" pin="1"/><net_sink comp="239" pin=2"/></net>

</net_list>

</model> 
---------------- Datapath Model END ------------------

* FSMD analyzer results:
  - Output states:
	Port: t1_0 | {2 }
	Port: t1_1 | {2 }
	Port: t1_2 | {2 }
	Port: t1_3 | {2 }
	Port: t1_4 | {2 }
	Port: t1_5 | {2 }
	Port: t1_6 | {2 }
	Port: t1_7 | {2 }
	Port: a | {}
	Port: b | {}
 - Input state : 
	Port: fpadd503.71_Pipeline_VITIS_LOOP_33_1 : t1_0 | {}
	Port: fpadd503.71_Pipeline_VITIS_LOOP_33_1 : t1_1 | {}
	Port: fpadd503.71_Pipeline_VITIS_LOOP_33_1 : t1_2 | {}
	Port: fpadd503.71_Pipeline_VITIS_LOOP_33_1 : t1_3 | {}
	Port: fpadd503.71_Pipeline_VITIS_LOOP_33_1 : t1_4 | {}
	Port: fpadd503.71_Pipeline_VITIS_LOOP_33_1 : t1_5 | {}
	Port: fpadd503.71_Pipeline_VITIS_LOOP_33_1 : t1_6 | {}
	Port: fpadd503.71_Pipeline_VITIS_LOOP_33_1 : t1_7 | {}
	Port: fpadd503.71_Pipeline_VITIS_LOOP_33_1 : a_offset | {1 }
	Port: fpadd503.71_Pipeline_VITIS_LOOP_33_1 : a | {1 2 }
	Port: fpadd503.71_Pipeline_VITIS_LOOP_33_1 : b_offset | {1 }
	Port: fpadd503.71_Pipeline_VITIS_LOOP_33_1 : b | {1 2 }
  - Chain level:
	State 1
		store_ln28 : 1
		carry : 1
		i_243 : 1
		icmp_ln33 : 2
		add_ln33 : 2
		br_ln33 : 3
		tmp_s : 2
		zext_ln35_5 : 3
		a_addr : 4
		tmp_705 : 2
		zext_ln35_6 : 3
		b_addr : 4
		trunc_ln33 : 2
		a_load : 5
		b_load : 5
		switch_ln35 : 3
		store_ln28 : 3
	State 2
		tempReg : 1
		add_ln35 : 2
		store_ln35 : 3
		store_ln35 : 3
		store_ln35 : 3
		store_ln35 : 3
		store_ln35 : 3
		store_ln35 : 3
		store_ln35 : 3
		store_ln35 : 3
		xor_ln35 : 3
		xor_ln35_32 : 2
		or_ln35 : 3
		bit_sel : 2
		xor_ln35_33 : 3
		trunc_ln35 : 2
		xor_ln35_s : 3
		and_ln35 : 4
		xor_ln35_34 : 3
		or_ln35_11 : 4
		tmp : 4


============================================================
+ Verbose Summary: Datapath Resource usage 
============================================================

* Functional unit list:
|----------|--------------------------|---------|---------|
| Operation|      Functional Unit     |    FF   |   LUT   |
|----------|--------------------------|---------|---------|
|          |      xor_ln35_fu_326     |    0    |    64   |
|    xor   |    xor_ln35_32_fu_332    |    0    |    64   |
|          |    xor_ln35_33_fu_352    |    0    |    2    |
|          |    xor_ln35_34_fu_376    |    0    |    64   |
|----------|--------------------------|---------|---------|
|          |      add_ln33_fu_261     |    0    |    12   |
|    add   |      tempReg_fu_306      |    0    |    71   |
|          |      add_ln35_fu_312     |    0    |    71   |
|----------|--------------------------|---------|---------|
|    or    |      or_ln35_fu_338      |    0    |    64   |
|          |     or_ln35_11_fu_382    |    0    |    64   |
|----------|--------------------------|---------|---------|
|    and   |      and_ln35_fu_370     |    0    |    64   |
|----------|--------------------------|---------|---------|
|   icmp   |     icmp_ln33_fu_255     |    0    |    12   |
|----------|--------------------------|---------|---------|
|   read   | b_offset_read_read_fu_86 |    0    |    0    |
|          | a_offset_read_read_fu_92 |    0    |    0    |
|----------|--------------------------|---------|---------|
|          |       tmp_s_fu_267       |    0    |    0    |
|bitconcatenate|      tmp_705_fu_280      |    0    |    0    |
|          |     xor_ln35_s_fu_362    |    0    |    0    |
|----------|--------------------------|---------|---------|
|          |    zext_ln35_5_fu_275    |    0    |    0    |
|   zext   |    zext_ln35_6_fu_288    |    0    |    0    |
|          |     zext_ln35_fu_302     |    0    |    0    |
|----------|--------------------------|---------|---------|
|   trunc  |     trunc_ln33_fu_293    |    0    |    0    |
|          |     trunc_ln35_fu_358    |    0    |    0    |
|----------|--------------------------|---------|---------|
| bitselect|      bit_sel_fu_344      |    0    |    0    |
|          |        tmp_fu_388        |    0    |    0    |
|----------|--------------------------|---------|---------|
|   Total  |                          |    0    |   552   |
|----------|--------------------------|---------|---------|

Memories:
N/A

* Register list:
+------------------+--------+
|                  |   FF   |
+------------------+--------+
|  a_addr_reg_407  |    7   |
|  b_addr_reg_412  |    7   |
|   carry_reg_236  |    1   |
|     i_reg_396    |    4   |
| icmp_ln33_reg_403|    1   |
|    tmp_reg_421   |    1   |
|trunc_ln33_reg_417|    3   |
+------------------+--------+
|       Total      |   24   |
+------------------+--------+

* Multiplexer (MUX) list: 
|-------------------|------|------|------|--------||---------||---------||---------|
|        Comp       |  Pin | Size |  BW  | S x BW ||  Delay  ||    FF   ||   LUT   |
|-------------------|------|------|------|--------||---------||---------||---------|
| grp_access_fu_112 |  p0  |   2  |   7  |   14   ||    0    ||    9    |
| grp_access_fu_118 |  p0  |   2  |   7  |   14   ||    0    ||    9    |
|-------------------|------|------|------|--------||---------||---------||---------|
|       Total       |      |      |      |   28   ||  0.774  ||    0    ||    18   |
|-------------------|------|------|------|--------||---------||---------||---------|



* Summary:
+-----------+--------+--------+--------+
|           |  Delay |   FF   |   LUT  |
+-----------+--------+--------+--------+
|  Function |    -   |    0   |   552  |
|   Memory  |    -   |    -   |    -   |
|Multiplexer|    0   |    0   |   18   |
|  Register |    -   |   24   |    -   |
+-----------+--------+--------+--------+
|   Total   |    0   |   24   |   570  |
+-----------+--------+--------+--------+
