

================================================================
== Vitis HLS Report for 'fpadd503_246_4_Pipeline_VITIS_LOOP_33_1'
================================================================
* Date:           Wed Oct  8 20:37:25 2025

* Version:        2024.2.2 (Build 6049644 on Mar  5 2025)
* Project:        sikep503_hls
* Solution:       solution1 (Vivado IP Flow Target)
* Product family: virtexuplus58g
* Target device:  xcvu29p-fsga2577-2L-e


================================================================
== Performance Estimates
================================================================
+ Timing: 
    * Summary: 
    +--------+----------+----------+------------+
    |  Clock |  Target  | Estimated| Uncertainty|
    +--------+----------+----------+------------+
    |ap_clk  |  10.00 ns|  3.722 ns|     2.70 ns|
    +--------+----------+----------+------------+

+ Latency: 
    * Summary: 
    +---------+---------+----------+----------+-----+-----+------------------------------------------------+
    |  Latency (cycles) |  Latency (absolute) |  Interval |                    Pipeline                    |
    |   min   |   max   |    min   |    max   | min | max |                      Type                      |
    +---------+---------+----------+----------+-----+-----+------------------------------------------------+
    |       10|       10|  0.100 us|  0.100 us|    9|    9|  loop auto-rewind stp (delay=0 clock cycles(s))|
    +---------+---------+----------+----------+-----+-----+------------------------------------------------+

    + Detail: 
        * Instance: 
        N/A

        * Loop: 
        +-------------------+---------+---------+----------+-----------+-----------+------+----------+
        |                   |  Latency (cycles) | Iteration|  Initiation Interval  | Trip |          |
        |     Loop Name     |   min   |   max   |  Latency |  achieved |   target  | Count| Pipelined|
        +-------------------+---------+---------+----------+-----------+-----------+------+----------+
        |- VITIS_LOOP_33_1  |        8|        8|         2|          1|          1|     8|       yes|
        +-------------------+---------+---------+----------+-----------+-----------+------+----------+



================================================================
== Utilization Estimates
================================================================
* Summary: 
+---------------------+---------+-------+---------+---------+------+
|         Name        | BRAM_18K|  DSP  |    FF   |   LUT   | URAM |
+---------------------+---------+-------+---------+---------+------+
|DSP                  |        -|      -|        -|        -|     -|
|Expression           |        -|      -|        0|      556|     -|
|FIFO                 |        -|      -|        -|        -|     -|
|Instance             |        -|      -|        -|        -|     -|
|Memory               |        -|      -|        -|        -|     -|
|Multiplexer          |        -|      -|        0|       45|     -|
|Register             |        -|      -|       13|        -|     -|
+---------------------+---------+-------+---------+---------+------+
|Total                |        0|      0|       13|      601|     0|
+---------------------+---------+-------+---------+---------+------+
|Available SLR        |     1344|   3072|   864000|   432000|   320|
+---------------------+---------+-------+---------+---------+------+
|Utilization SLR (%)  |        0|      0|       ~0|       ~0|     0|
+---------------------+---------+-------+---------+---------+------+
|Available            |     5376|  12288|  3456000|  1728000|  1280|
+---------------------+---------+-------+---------+---------+------+
|Utilization (%)      |        0|      0|       ~0|       ~0|     0|
+---------------------+---------+-------+---------+---------+------+

+ Detail: 
    * Instance: 
    N/A

    * DSP: 
    N/A

    * Memory: 
    N/A

    * FIFO: 
    N/A

    * Expression: 
    +-----------------------+----------+----+---+----+------------+------------+
    |     Variable Name     | Operation| DSP| FF| LUT| Bitwidth P0| Bitwidth P1|
    +-----------------------+----------+----+---+----+------------+------------+
    |add_ln33_fu_107_p2     |         +|   0|  0|  12|           4|           1|
    |add_ln35_fu_133_p2     |         +|   0|  0|  71|          64|          64|
    |tempReg_fu_127_p2      |         +|   0|  0|  71|          64|          64|
    |and_ln35_fu_184_p2     |       and|   0|  0|  64|          64|          64|
    |ap_condition_212       |       and|   0|  0|   2|           1|           1|
    |icmp_ln33_fu_101_p2    |      icmp|   0|  0|  12|           4|           5|
    |or_ln35_13_fu_196_p2   |        or|   0|  0|  64|          64|          64|
    |or_ln35_fu_152_p2      |        or|   0|  0|  64|          64|          64|
    |ap_enable_pp0          |       xor|   0|  0|   2|           1|           2|
    |xor_ln35_37_fu_146_p2  |       xor|   0|  0|  64|          64|          64|
    |xor_ln35_39_fu_190_p2  |       xor|   0|  0|  64|          64|          64|
    |xor_ln35_40_fu_166_p2  |       xor|   0|  0|   2|           1|           2|
    |xor_ln35_fu_140_p2     |       xor|   0|  0|  64|          64|          64|
    +-----------------------+----------+----+---+----+------------+------------+
    |Total                  |          |   0|  0| 556|         523|         523|
    +-----------------------+----------+----+---+----+------------+------------+

    * Multiplexer: 
    +-------------------------+----+-----------+-----+-----------+
    |           Name          | LUT| Input Size| Bits| Total Bits|
    +-------------------------+----+-----------+-----+-----------+
    |ap_done_int              |   9|          2|    1|          2|
    |ap_enable_reg_pp0_iter1  |   9|          2|    1|          2|
    |ap_sig_allocacmp_i_214   |   9|          2|    4|          8|
    |carry_reg_82             |   9|          2|    1|          2|
    |i_fu_52                  |   9|          2|    4|          8|
    +-------------------------+----+-----------+-----+-----------+
    |Total                    |  45|         10|   11|         22|
    +-------------------------+----+-----------+-----+-----------+

    * Register: 
    +-------------------------+---+----+-----+-----------+
    |           Name          | FF| LUT| Bits| Const Bits|
    +-------------------------+---+----+-----+-----------+
    |ap_CS_fsm                |  1|   0|    1|          0|
    |ap_done_reg              |  1|   0|    1|          0|
    |ap_enable_reg_pp0_iter1  |  1|   0|    1|          0|
    |carry_reg_82             |  1|   0|    1|          0|
    |i_fu_52                  |  4|   0|    4|          0|
    |icmp_ln33_reg_217        |  1|   0|    1|          0|
    |zext_ln33_reg_221        |  4|   0|   64|         60|
    +-------------------------+---+----+-----+-----------+
    |Total                    | 13|   0|   73|         60|
    +-------------------------+---+----+-----+-----------+



================================================================
== Interface
================================================================
* Summary: 
+------------+-----+-----+------------+-----------------------------------------+--------------+
|  RTL Ports | Dir | Bits|  Protocol  |              Source Object              |    C Type    |
+------------+-----+-----+------------+-----------------------------------------+--------------+
|ap_clk      |   in|    1|  ap_ctrl_hs|  fpadd503.246.4_Pipeline_VITIS_LOOP_33_1|  return value|
|ap_rst      |   in|    1|  ap_ctrl_hs|  fpadd503.246.4_Pipeline_VITIS_LOOP_33_1|  return value|
|ap_start    |   in|    1|  ap_ctrl_hs|  fpadd503.246.4_Pipeline_VITIS_LOOP_33_1|  return value|
|ap_done     |  out|    1|  ap_ctrl_hs|  fpadd503.246.4_Pipeline_VITIS_LOOP_33_1|  return value|
|ap_idle     |  out|    1|  ap_ctrl_hs|  fpadd503.246.4_Pipeline_VITIS_LOOP_33_1|  return value|
|ap_ready    |  out|    1|  ap_ctrl_hs|  fpadd503.246.4_Pipeline_VITIS_LOOP_33_1|  return value|
|b_address0  |  out|    3|   ap_memory|                                        b|         array|
|b_ce0       |  out|    1|   ap_memory|                                        b|         array|
|b_q0        |   in|   64|   ap_memory|                                        b|         array|
|c_address0  |  out|    3|   ap_memory|                                        c|         array|
|c_ce0       |  out|    1|   ap_memory|                                        c|         array|
|c_we0       |  out|    1|   ap_memory|                                        c|         array|
|c_d0        |  out|   64|   ap_memory|                                        c|         array|
+------------+-----+-----+------------+-----------------------------------------+--------------+

============================================================
+ Verbose Summary: Synthesis Manager
============================================================
InlineROM: 1
ExposeGlobal: 0
============================================================
+ Verbose Summary: CDFG Model
============================================================
IsTopModel: 0
ResetActiveHigh: 1
IsCombinational: 2
IsDatapathOnly: 2
HasWiredReturn: 1
HasMFsm: 2
HasVarLatency: 1
IsPipeline: 0
IsRtlPipelined: 0
IsInstanceOverlapped: 0
IsDontTouch: 0
HasImplIP: 0
IsGatedGlobalClock: 0

+ Individual pipeline summary: 
  * Pipeline-0: initiation interval (II) = 1, depth = 2


============================================================
+ Verbose Summary: Schedule
============================================================
* Number of FSM states : 2
* Pipeline : 1
  Pipeline-0 : II = 1, D = 2, States = { 1 2 }
* Dataflow Pipeline: 0

* FSM state transitions: 
1 --> 2 
2 --> 

* FSM state operations: 

State 1 <SV = 0> <Delay = 1.48>
ST_1 : Operation 5 [1/1] (0.00ns)   --->   "%i = alloca i32 1" [src/generic/fp_generic.cpp:28]   --->   Operation 5 'alloca' 'i' <Predicate = true> <Delay = 0.00>
ST_1 : Operation 6 [1/1] (0.00ns)   --->   "%specmemcore_ln0 = specmemcore void @_ssdm_op_SpecMemCore, i64 %b, i64 666, i64 207, i64 18446744073709551615"   --->   Operation 6 'specmemcore' 'specmemcore_ln0' <Predicate = true> <Delay = 0.00>
ST_1 : Operation 7 [1/1] (0.00ns)   --->   "%specmemcore_ln0 = specmemcore void @_ssdm_op_SpecMemCore, i64 %c, i64 666, i64 207, i64 18446744073709551615"   --->   Operation 7 'specmemcore' 'specmemcore_ln0' <Predicate = true> <Delay = 0.00>
ST_1 : Operation 8 [1/1] (0.38ns)   --->   "%store_ln28 = store i4 0, i4 %i" [src/generic/fp_generic.cpp:28]   --->   Operation 8 'store' 'store_ln28' <Predicate = true> <Delay = 0.38>
ST_1 : Operation 9 [1/1] (0.38ns)   --->   "%br_ln0 = br void %for.inc"   --->   Operation 9 'br' 'br_ln0' <Predicate = true> <Delay = 0.38>
ST_1 : Operation 10 [1/1] (0.00ns)   --->   "%carry = phi i1 0, void %newFuncRoot, i1 %tmp, void %for.inc.split" [src/generic/fp_generic.cpp:33]   --->   Operation 10 'phi' 'carry' <Predicate = true> <Delay = 0.00>
ST_1 : Operation 11 [1/1] (0.00ns)   --->   "%i_214 = load i4 %i" [src/generic/fp_generic.cpp:33]   --->   Operation 11 'load' 'i_214' <Predicate = true> <Delay = 0.00>
ST_1 : Operation 12 [1/1] (0.70ns)   --->   "%icmp_ln33 = icmp_eq  i4 %i_214, i4 8" [src/generic/fp_generic.cpp:33]   --->   Operation 12 'icmp' 'icmp_ln33' <Predicate = true> <Delay = 0.70> <CoreInst = "Cmp">   --->   Core 9 'Cmp' <Latency = 0> <II = 1> <Delay = 0.70> <FuncUnit> <Opcode : 'seteq' 'setne' 'setle' 'setge' 'setlt' 'setgt'> <InPorts = 2> <OutPorts = 1>
ST_1 : Operation 13 [1/1] (0.70ns)   --->   "%add_ln33 = add i4 %i_214, i4 1" [src/generic/fp_generic.cpp:33]   --->   Operation 13 'add' 'add_ln33' <Predicate = true> <Delay = 0.70> <CoreInst = "Adder">   --->   Core 1 'Adder' <Latency = 0> <II = 1> <Delay = 0.70> <FuncUnit> <Opcode : 'add' 'sub'> <InPorts = 2> <OutPorts = 1>
ST_1 : Operation 14 [1/1] (0.00ns)   --->   "%br_ln33 = br i1 %icmp_ln33, void %for.inc.split, void %for.inc29.preheader.exitStub" [src/generic/fp_generic.cpp:33]   --->   Operation 14 'br' 'br_ln33' <Predicate = true> <Delay = 0.00>
ST_1 : Operation 15 [1/1] (0.00ns)   --->   "%zext_ln33 = zext i4 %i_214" [src/generic/fp_generic.cpp:33]   --->   Operation 15 'zext' 'zext_ln33' <Predicate = (!icmp_ln33)> <Delay = 0.00>
ST_1 : Operation 16 [1/1] (0.00ns)   --->   "%b_addr = getelementptr i64 %b, i64 0, i64 %zext_ln33" [src/generic/fp_generic.cpp:35]   --->   Operation 16 'getelementptr' 'b_addr' <Predicate = (!icmp_ln33)> <Delay = 0.00>
ST_1 : Operation 17 [2/2] (0.71ns)   --->   "%b_load = load i3 %b_addr" [src/generic/fp_generic.cpp:35]   --->   Operation 17 'load' 'b_load' <Predicate = (!icmp_ln33)> <Delay = 0.71> <CoreInst = "RAM_1P">   --->   Core 87 'RAM_1P' <Latency = 1> <II = 1> <Delay = 0.71> <Storage> <Opcode : 'load' 'store'> <Ports = 1> <Width = 64> <Depth = 8> <RAM>
ST_1 : Operation 18 [1/1] (0.38ns)   --->   "%store_ln28 = store i4 %add_ln33, i4 %i" [src/generic/fp_generic.cpp:28]   --->   Operation 18 'store' 'store_ln28' <Predicate = (!icmp_ln33)> <Delay = 0.38>
ST_1 : Operation 40 [1/1] (0.38ns)   --->   "%ret_ln0 = ret"   --->   Operation 40 'ret' 'ret_ln0' <Predicate = (icmp_ln33)> <Delay = 0.38>

State 2 <SV = 1> <Delay = 3.72>
ST_2 : Operation 19 [1/1] (0.00ns)   --->   "%specpipeline_ln28 = specpipeline void @_ssdm_op_SpecPipeline, i32 4294967295, i32 0, i32 0, i32 0, void @empty_73" [src/generic/fp_generic.cpp:28]   --->   Operation 19 'specpipeline' 'specpipeline_ln28' <Predicate = (!icmp_ln33)> <Delay = 0.00>
ST_2 : Operation 20 [1/1] (0.00ns)   --->   "%speclooptripcount_ln28 = speclooptripcount void @_ssdm_op_SpecLoopTripCount, i64 8, i64 8, i64 8" [src/generic/fp_generic.cpp:28]   --->   Operation 20 'speclooptripcount' 'speclooptripcount_ln28' <Predicate = (!icmp_ln33)> <Delay = 0.00>
ST_2 : Operation 21 [1/1] (0.00ns)   --->   "%specloopname_ln33 = specloopname void @_ssdm_op_SpecLoopName, void @empty_19" [src/generic/fp_generic.cpp:33]   --->   Operation 21 'specloopname' 'specloopname_ln33' <Predicate = (!icmp_ln33)> <Delay = 0.00>
ST_2 : Operation 22 [1/2] ( I:0.71ns O:0.71ns )   --->   "%b_load = load i3 %b_addr" [src/generic/fp_generic.cpp:35]   --->   Operation 22 'load' 'b_load' <Predicate = (!icmp_ln33)> <Delay = 0.71> <CoreInst = "RAM_1P">   --->   Core 87 'RAM_1P' <Latency = 1> <II = 1> <Delay = 0.71> <Storage> <Opcode : 'load' 'store'> <Ports = 1> <Width = 64> <Depth = 8> <RAM>
ST_2 : Operation 23 [1/1] (0.00ns)   --->   "%zext_ln35 = zext i1 %carry" [src/generic/fp_generic.cpp:35]   --->   Operation 23 'zext' 'zext_ln35' <Predicate = (!icmp_ln33)> <Delay = 0.00>
ST_2 : Operation 24 [1/1] (1.14ns)   --->   "%tempReg = add i64 %b_load, i64 %zext_ln35" [src/generic/fp_generic.cpp:35]   --->   Operation 24 'add' 'tempReg' <Predicate = (!icmp_ln33)> <Delay = 1.14> <CoreInst = "Adder">   --->   Core 1 'Adder' <Latency = 0> <II = 1> <Delay = 1.14> <FuncUnit> <Opcode : 'add' 'sub'> <InPorts = 2> <OutPorts = 1>
ST_2 : Operation 25 [1/1] (1.14ns)   --->   "%add_ln35 = add i64 %b_load, i64 %tempReg" [src/generic/fp_generic.cpp:35]   --->   Operation 25 'add' 'add_ln35' <Predicate = (!icmp_ln33)> <Delay = 1.14> <CoreInst = "Adder">   --->   Core 1 'Adder' <Latency = 0> <II = 1> <Delay = 1.14> <FuncUnit> <Opcode : 'add' 'sub'> <InPorts = 2> <OutPorts = 1>
ST_2 : Operation 26 [1/1] (0.00ns)   --->   "%c_addr = getelementptr i64 %c, i64 0, i64 %zext_ln33" [src/generic/fp_generic.cpp:35]   --->   Operation 26 'getelementptr' 'c_addr' <Predicate = (!icmp_ln33)> <Delay = 0.00>
ST_2 : Operation 27 [1/1] ( I:0.71ns O:0.71ns )   --->   "%store_ln35 = store i64 %add_ln35, i3 %c_addr" [src/generic/fp_generic.cpp:35]   --->   Operation 27 'store' 'store_ln35' <Predicate = (!icmp_ln33)> <Delay = 0.71> <CoreInst = "RAM_1P">   --->   Core 87 'RAM_1P' <Latency = 1> <II = 1> <Delay = 0.71> <Storage> <Opcode : 'load' 'store'> <Ports = 1> <Width = 64> <Depth = 8> <RAM>
ST_2 : Operation 28 [1/1] (0.00ns) (grouped into LUT with out node xor_ln35_39)   --->   "%xor_ln35 = xor i64 %add_ln35, i64 %tempReg" [src/generic/fp_generic.cpp:35]   --->   Operation 28 'xor' 'xor_ln35' <Predicate = (!icmp_ln33)> <Delay = 0.00> <CoreInst = "LogicGate">   --->   Core 74 'LogicGate' <Latency = 0> <II = 1> <Delay = 0.28> <FuncUnit> <Opcode : 'and' 'or' 'xor'> <InPorts = 2> <OutPorts = 1>
ST_2 : Operation 29 [1/1] (0.00ns) (grouped into LUT with out node xor_ln35_39)   --->   "%xor_ln35_37 = xor i64 %b_load, i64 %tempReg" [src/generic/fp_generic.cpp:35]   --->   Operation 29 'xor' 'xor_ln35_37' <Predicate = (!icmp_ln33)> <Delay = 0.00> <CoreInst = "LogicGate">   --->   Core 74 'LogicGate' <Latency = 0> <II = 1> <Delay = 0.28> <FuncUnit> <Opcode : 'and' 'or' 'xor'> <InPorts = 2> <OutPorts = 1>
ST_2 : Operation 30 [1/1] (0.00ns) (grouped into LUT with out node xor_ln35_39)   --->   "%or_ln35 = or i64 %xor_ln35, i64 %xor_ln35_37" [src/generic/fp_generic.cpp:35]   --->   Operation 30 'or' 'or_ln35' <Predicate = (!icmp_ln33)> <Delay = 0.00> <CoreInst = "LogicGate">   --->   Core 74 'LogicGate' <Latency = 0> <II = 1> <Delay = 0.28> <FuncUnit> <Opcode : 'and' 'or' 'xor'> <InPorts = 2> <OutPorts = 1>
ST_2 : Operation 31 [1/1] (0.00ns) (grouped into LUT with out node or_ln35_13)   --->   "%bit_sel = bitselect i1 @_ssdm_op_BitSelect.i1.i64.i64, i64 %tempReg, i64 63" [src/generic/fp_generic.cpp:35]   --->   Operation 31 'bitselect' 'bit_sel' <Predicate = (!icmp_ln33)> <Delay = 0.00>
ST_2 : Operation 32 [1/1] (0.00ns) (grouped into LUT with out node or_ln35_13)   --->   "%xor_ln35_40 = xor i1 %bit_sel, i1 1" [src/generic/fp_generic.cpp:35]   --->   Operation 32 'xor' 'xor_ln35_40' <Predicate = (!icmp_ln33)> <Delay = 0.00> <CoreInst = "LogicGate">   --->   Core 74 'LogicGate' <Latency = 0> <II = 1> <Delay = 0.12> <FuncUnit> <Opcode : 'and' 'or' 'xor'> <InPorts = 2> <OutPorts = 1>
ST_2 : Operation 33 [1/1] (0.00ns) (grouped into LUT with out node or_ln35_13)   --->   "%trunc_ln35 = trunc i64 %tempReg" [src/generic/fp_generic.cpp:35]   --->   Operation 33 'trunc' 'trunc_ln35' <Predicate = (!icmp_ln33)> <Delay = 0.00>
ST_2 : Operation 34 [1/1] (0.00ns) (grouped into LUT with out node or_ln35_13)   --->   "%xor_ln35_s = bitconcatenate i64 @_ssdm_op_BitConcatenate.i64.i1.i63, i1 %xor_ln35_40, i63 %trunc_ln35" [src/generic/fp_generic.cpp:35]   --->   Operation 34 'bitconcatenate' 'xor_ln35_s' <Predicate = (!icmp_ln33)> <Delay = 0.00>
ST_2 : Operation 35 [1/1] (0.00ns) (grouped into LUT with out node or_ln35_13)   --->   "%and_ln35 = and i64 %b_load, i64 %xor_ln35_s" [src/generic/fp_generic.cpp:35]   --->   Operation 35 'and' 'and_ln35' <Predicate = (!icmp_ln33)> <Delay = 0.00> <CoreInst = "LogicGate">   --->   Core 74 'LogicGate' <Latency = 0> <II = 1> <Delay = 0.28> <FuncUnit> <Opcode : 'and' 'or' 'xor'> <InPorts = 2> <OutPorts = 1>
ST_2 : Operation 36 [1/1] (0.28ns) (out node of the LUT)   --->   "%xor_ln35_39 = xor i64 %or_ln35, i64 %add_ln35" [src/generic/fp_generic.cpp:35]   --->   Operation 36 'xor' 'xor_ln35_39' <Predicate = (!icmp_ln33)> <Delay = 0.28> <CoreInst = "LogicGate">   --->   Core 74 'LogicGate' <Latency = 0> <II = 1> <Delay = 0.28> <FuncUnit> <Opcode : 'and' 'or' 'xor'> <InPorts = 2> <OutPorts = 1>
ST_2 : Operation 37 [1/1] (0.28ns) (out node of the LUT)   --->   "%or_ln35_13 = or i64 %xor_ln35_39, i64 %and_ln35" [src/generic/fp_generic.cpp:35]   --->   Operation 37 'or' 'or_ln35_13' <Predicate = (!icmp_ln33)> <Delay = 0.28> <CoreInst = "LogicGate">   --->   Core 74 'LogicGate' <Latency = 0> <II = 1> <Delay = 0.28> <FuncUnit> <Opcode : 'and' 'or' 'xor'> <InPorts = 2> <OutPorts = 1>
ST_2 : Operation 38 [1/1] (0.00ns)   --->   "%tmp = bitselect i1 @_ssdm_op_BitSelect.i1.i64.i32, i64 %or_ln35_13, i32 63" [src/generic/fp_generic.cpp:33]   --->   Operation 38 'bitselect' 'tmp' <Predicate = (!icmp_ln33)> <Delay = 0.00>
ST_2 : Operation 39 [1/1] (0.00ns)   --->   "%br_ln33 = br void %for.inc" [src/generic/fp_generic.cpp:33]   --->   Operation 39 'br' 'br_ln33' <Predicate = (!icmp_ln33)> <Delay = 0.00>


============================================================
+ Verbose Summary: Binding
============================================================
STG Binding: 
---------------- STG Properties BEGIN ----------------
- Is combinational: 0
- Is one-state seq: 0
- Is datapath-only: 0
- Is pipelined: 0
- Is top level: 0
Port [ Return ] is wired: 1; IO mode=ap_ctrl_hs:ce=0
Port [ b]:  wired=1; compound=1; hidden=0; nouse=0; global=0; static=0; extern=0; dir=0; type=1; pingpong=0; private_global=0; MemPort=[1]; IO mode=ap_memory:ce=0
Port [ c]:  wired=1; compound=1; hidden=0; nouse=0; global=0; static=0; extern=0; dir=1; type=1; pingpong=0; private_global=0; MemPort=[0]; IO mode=ap_memory:ce=0
---------------- STG Properties END ------------------

---------------- Datapath Model BEGIN ----------------

<LifeTime>
<method=bitvector/>
i                      (alloca           ) [ 010]
specmemcore_ln0        (specmemcore      ) [ 000]
specmemcore_ln0        (specmemcore      ) [ 000]
store_ln28             (store            ) [ 000]
br_ln0                 (br               ) [ 000]
carry                  (phi              ) [ 011]
i_214                  (load             ) [ 000]
icmp_ln33              (icmp             ) [ 011]
add_ln33               (add              ) [ 000]
br_ln33                (br               ) [ 000]
zext_ln33              (zext             ) [ 011]
b_addr                 (getelementptr    ) [ 011]
store_ln28             (store            ) [ 000]
specpipeline_ln28      (specpipeline     ) [ 000]
speclooptripcount_ln28 (speclooptripcount) [ 000]
specloopname_ln33      (specloopname     ) [ 000]
b_load                 (load             ) [ 000]
zext_ln35              (zext             ) [ 000]
tempReg                (add              ) [ 000]
add_ln35               (add              ) [ 000]
c_addr                 (getelementptr    ) [ 000]
store_ln35             (store            ) [ 000]
xor_ln35               (xor              ) [ 000]
xor_ln35_37            (xor              ) [ 000]
or_ln35                (or               ) [ 000]
bit_sel                (bitselect        ) [ 000]
xor_ln35_40            (xor              ) [ 000]
trunc_ln35             (trunc            ) [ 000]
xor_ln35_s             (bitconcatenate   ) [ 000]
and_ln35               (and              ) [ 000]
xor_ln35_39            (xor              ) [ 000]
or_ln35_13             (or               ) [ 000]
tmp                    (bitselect        ) [ 011]
br_ln33                (br               ) [ 011]
ret_ln0                (ret              ) [ 000]
</LifeTime>

<model>

<comp_list>
<comp id="0" class="1000" name="b">
<pin_list>
<pin id="1" dir="1" index="0" bw="1" slack="0"/>
</pin_list>
<bind>
<StgValue><ssdm name="b"/><MemPortTyVec>1 </MemPortTyVec>
</StgValue>
</bind>
</comp>

<comp id="2" class="1000" name="c">
<pin_list>
<pin id="3" dir="1" index="0" bw="1" slack="0"/>
</pin_list>
<bind>
<StgValue><ssdm name="c"/><MemPortTyVec>0 </MemPortTyVec>
</StgValue>
</bind>
</comp>

<comp id="4" class="1001" name="const_4">
<pin_list>
<pin id="5" dir="1" index="0" bw="1" slack="0"/>
</pin_list>
<bind>
<StgValue><ssdm name=""/></StgValue>
</bind>
</comp>

<comp id="6" class="1001" name="const_6">
<pin_list>
<pin id="7" dir="1" index="0" bw="1" slack="2147483647"/>
</pin_list>
<bind>
<StgValue><ssdm name="_ssdm_op_SpecMemCore"/></StgValue>
</bind>
</comp>

<comp id="8" class="1001" name="const_8">
<pin_list>
<pin id="9" dir="1" index="0" bw="1" slack="2147483647"/>
</pin_list>
<bind>
<StgValue><ssdm name=""/></StgValue>
</bind>
</comp>

<comp id="10" class="1001" name="const_10">
<pin_list>
<pin id="11" dir="1" index="0" bw="1" slack="2147483647"/>
</pin_list>
<bind>
<StgValue><ssdm name=""/></StgValue>
</bind>
</comp>

<comp id="12" class="1001" name="const_12">
<pin_list>
<pin id="13" dir="1" index="0" bw="1" slack="2147483647"/>
</pin_list>
<bind>
<StgValue><ssdm name=""/></StgValue>
</bind>
</comp>

<comp id="14" class="1001" name="const_14">
<pin_list>
<pin id="15" dir="1" index="0" bw="1" slack="0"/>
</pin_list>
<bind>
<StgValue><ssdm name=""/></StgValue>
</bind>
</comp>

<comp id="16" class="1001" name="const_16">
<pin_list>
<pin id="17" dir="1" index="0" bw="1" slack="0"/>
</pin_list>
<bind>
<StgValue><ssdm name=""/></StgValue>
</bind>
</comp>

<comp id="18" class="1001" name="const_18">
<pin_list>
<pin id="19" dir="1" index="0" bw="1" slack="0"/>
</pin_list>
<bind>
<StgValue><ssdm name=""/></StgValue>
</bind>
</comp>

<comp id="20" class="1001" name="const_20">
<pin_list>
<pin id="21" dir="1" index="0" bw="1" slack="0"/>
</pin_list>
<bind>
<StgValue><ssdm name=""/></StgValue>
</bind>
</comp>

<comp id="22" class="1001" name="const_22">
<pin_list>
<pin id="23" dir="1" index="0" bw="1" slack="0"/>
</pin_list>
<bind>
<StgValue><ssdm name=""/></StgValue>
</bind>
</comp>

<comp id="24" class="1001" name="const_24">
<pin_list>
<pin id="25" dir="1" index="0" bw="1" slack="2147483647"/>
</pin_list>
<bind>
<StgValue><ssdm name="_ssdm_op_SpecPipeline"/></StgValue>
</bind>
</comp>

<comp id="26" class="1001" name="const_26">
<pin_list>
<pin id="27" dir="1" index="0" bw="1" slack="2147483647"/>
</pin_list>
<bind>
<StgValue><ssdm name=""/></StgValue>
</bind>
</comp>

<comp id="28" class="1001" name="const_28">
<pin_list>
<pin id="29" dir="1" index="0" bw="1" slack="2147483647"/>
</pin_list>
<bind>
<StgValue><ssdm name=""/></StgValue>
</bind>
</comp>

<comp id="30" class="1001" name="const_30">
<pin_list>
<pin id="31" dir="1" index="0" bw="1" slack="2147483647"/>
</pin_list>
<bind>
<StgValue><ssdm name="empty_73"/></StgValue>
</bind>
</comp>

<comp id="32" class="1001" name="const_32">
<pin_list>
<pin id="33" dir="1" index="0" bw="1" slack="2147483647"/>
</pin_list>
<bind>
<StgValue><ssdm name="_ssdm_op_SpecLoopTripCount"/></StgValue>
</bind>
</comp>

<comp id="34" class="1001" name="const_34">
<pin_list>
<pin id="35" dir="1" index="0" bw="1" slack="2147483647"/>
</pin_list>
<bind>
<StgValue><ssdm name=""/></StgValue>
</bind>
</comp>

<comp id="36" class="1001" name="const_36">
<pin_list>
<pin id="37" dir="1" index="0" bw="1" slack="2147483647"/>
</pin_list>
<bind>
<StgValue><ssdm name="_ssdm_op_SpecLoopName"/></StgValue>
</bind>
</comp>

<comp id="38" class="1001" name="const_38">
<pin_list>
<pin id="39" dir="1" index="0" bw="1" slack="2147483647"/>
</pin_list>
<bind>
<StgValue><ssdm name="empty_19"/></StgValue>
</bind>
</comp>

<comp id="40" class="1001" name="const_40">
<pin_list>
<pin id="41" dir="1" index="0" bw="1" slack="0"/>
</pin_list>
<bind>
<StgValue><ssdm name="_ssdm_op_BitSelect.i1.i64.i64"/></StgValue>
</bind>
</comp>

<comp id="42" class="1001" name="const_42">
<pin_list>
<pin id="43" dir="1" index="0" bw="1" slack="0"/>
</pin_list>
<bind>
<StgValue><ssdm name=""/></StgValue>
</bind>
</comp>

<comp id="44" class="1001" name="const_44">
<pin_list>
<pin id="45" dir="1" index="0" bw="1" slack="0"/>
</pin_list>
<bind>
<StgValue><ssdm name=""/></StgValue>
</bind>
</comp>

<comp id="46" class="1001" name="const_46">
<pin_list>
<pin id="47" dir="1" index="0" bw="1" slack="0"/>
</pin_list>
<bind>
<StgValue><ssdm name="_ssdm_op_BitConcatenate.i64.i1.i63"/></StgValue>
</bind>
</comp>

<comp id="48" class="1001" name="const_48">
<pin_list>
<pin id="49" dir="1" index="0" bw="1" slack="0"/>
</pin_list>
<bind>
<StgValue><ssdm name="_ssdm_op_BitSelect.i1.i64.i32"/></StgValue>
</bind>
</comp>

<comp id="50" class="1001" name="const_50">
<pin_list>
<pin id="51" dir="1" index="0" bw="1" slack="0"/>
</pin_list>
<bind>
<StgValue><ssdm name=""/></StgValue>
</bind>
</comp>

<comp id="52" class="1004" name="i_fu_52">
<pin_list>
<pin id="53" dir="0" index="0" bw="1" slack="0"/>
<pin id="54" dir="1" index="1" bw="4" slack="0"/>
</pin_list>
<bind>
<opcode="alloca(26) " fcode="alloca"/>
<opset="i/1 "/>
</bind>
</comp>

<comp id="56" class="1004" name="b_addr_gep_fu_56">
<pin_list>
<pin id="57" dir="0" index="0" bw="64" slack="0"/>
<pin id="58" dir="0" index="1" bw="1" slack="0"/>
<pin id="59" dir="0" index="2" bw="4" slack="0"/>
<pin id="60" dir="1" index="3" bw="3" slack="0"/>
</pin_list>
<bind>
<opcode="getelementptr(29) " fcode="getelementptr"/>
<opset="b_addr/1 "/>
</bind>
</comp>

<comp id="63" class="1004" name="grp_access_fu_63">
<pin_list>
<pin id="64" dir="0" index="0" bw="3" slack="0"/>
<pin id="65" dir="0" index="1" bw="64" slack="2147483647"/>
<pin id="66" dir="0" index="2" bw="0" slack="2147483647"/>
<pin id="67" dir="1" index="3" bw="64" slack="0"/>
</pin_list>
<bind>
<opcode="load(27) " fcode="load"/>
<opset="b_load/1 "/>
</bind>
</comp>

<comp id="69" class="1004" name="c_addr_gep_fu_69">
<pin_list>
<pin id="70" dir="0" index="0" bw="64" slack="0"/>
<pin id="71" dir="0" index="1" bw="1" slack="0"/>
<pin id="72" dir="0" index="2" bw="4" slack="1"/>
<pin id="73" dir="1" index="3" bw="3" slack="0"/>
</pin_list>
<bind>
<opcode="getelementptr(29) " fcode="getelementptr"/>
<opset="c_addr/2 "/>
</bind>
</comp>

<comp id="76" class="1004" name="store_ln35_access_fu_76">
<pin_list>
<pin id="77" dir="0" index="0" bw="3" slack="0"/>
<pin id="78" dir="0" index="1" bw="64" slack="0"/>
<pin id="79" dir="0" index="2" bw="0" slack="2147483647"/>
<pin id="80" dir="1" index="3" bw="64" slack="2147483647"/>
</pin_list>
<bind>
<opcode="store(28) " fcode="store"/>
<opset="store_ln35/2 "/>
</bind>
</comp>

<comp id="82" class="1005" name="carry_reg_82">
<pin_list>
<pin id="83" dir="0" index="0" bw="1" slack="1"/>
<pin id="84" dir="1" index="1" bw="1" slack="1"/>
</pin_list>
<bind>
<opset="carry (phireg) "/>
</bind>
</comp>

<comp id="85" class="1004" name="carry_phi_fu_85">
<pin_list>
<pin id="86" dir="0" index="0" bw="1" slack="0"/>
<pin id="87" dir="0" index="1" bw="0" slack="2147483647"/>
<pin id="88" dir="0" index="2" bw="1" slack="1"/>
<pin id="89" dir="0" index="3" bw="0" slack="2147483647"/>
<pin id="90" dir="1" index="4" bw="1" slack="1"/>
</pin_list>
<bind>
<opcode="phi(47) " fcode="phi"/>
<opset="carry/1 "/>
</bind>
</comp>

<comp id="93" class="1004" name="store_ln28_store_fu_93">
<pin_list>
<pin id="94" dir="0" index="0" bw="1" slack="0"/>
<pin id="95" dir="0" index="1" bw="4" slack="0"/>
<pin id="96" dir="1" index="2" bw="0" slack="2147483647"/>
</pin_list>
<bind>
<opcode="store(28) " fcode="store"/>
<opset="store_ln28/1 "/>
</bind>
</comp>

<comp id="98" class="1004" name="i_214_load_fu_98">
<pin_list>
<pin id="99" dir="0" index="0" bw="4" slack="0"/>
<pin id="100" dir="1" index="1" bw="4" slack="0"/>
</pin_list>
<bind>
<opcode="load(27) " fcode="load"/>
<opset="i_214/1 "/>
</bind>
</comp>

<comp id="101" class="1004" name="icmp_ln33_fu_101">
<pin_list>
<pin id="102" dir="0" index="0" bw="4" slack="0"/>
<pin id="103" dir="0" index="1" bw="4" slack="0"/>
<pin id="104" dir="1" index="2" bw="1" slack="1"/>
</pin_list>
<bind>
<opcode="icmp(45) " fcode="icmp"/>
<opset="icmp_ln33/1 "/>
</bind>
</comp>

<comp id="107" class="1004" name="add_ln33_fu_107">
<pin_list>
<pin id="108" dir="0" index="0" bw="4" slack="0"/>
<pin id="109" dir="0" index="1" bw="1" slack="0"/>
<pin id="110" dir="1" index="2" bw="4" slack="0"/>
</pin_list>
<bind>
<opcode="add(8) " fcode="add"/>
<opset="add_ln33/1 "/>
</bind>
</comp>

<comp id="113" class="1004" name="zext_ln33_fu_113">
<pin_list>
<pin id="114" dir="0" index="0" bw="4" slack="0"/>
<pin id="115" dir="1" index="1" bw="64" slack="0"/>
</pin_list>
<bind>
<opcode="zext(34) " fcode="zext"/>
<opset="zext_ln33/1 "/>
</bind>
</comp>

<comp id="118" class="1004" name="store_ln28_store_fu_118">
<pin_list>
<pin id="119" dir="0" index="0" bw="4" slack="0"/>
<pin id="120" dir="0" index="1" bw="4" slack="0"/>
<pin id="121" dir="1" index="2" bw="0" slack="2147483647"/>
</pin_list>
<bind>
<opcode="store(28) " fcode="store"/>
<opset="store_ln28/1 "/>
</bind>
</comp>

<comp id="123" class="1004" name="zext_ln35_fu_123">
<pin_list>
<pin id="124" dir="0" index="0" bw="1" slack="1"/>
<pin id="125" dir="1" index="1" bw="64" slack="0"/>
</pin_list>
<bind>
<opcode="zext(34) " fcode="zext"/>
<opset="zext_ln35/2 "/>
</bind>
</comp>

<comp id="127" class="1004" name="tempReg_fu_127">
<pin_list>
<pin id="128" dir="0" index="0" bw="64" slack="0"/>
<pin id="129" dir="0" index="1" bw="1" slack="0"/>
<pin id="130" dir="1" index="2" bw="64" slack="0"/>
</pin_list>
<bind>
<opcode="add(8) " fcode="add"/>
<opset="tempReg/2 "/>
</bind>
</comp>

<comp id="133" class="1004" name="add_ln35_fu_133">
<pin_list>
<pin id="134" dir="0" index="0" bw="64" slack="0"/>
<pin id="135" dir="0" index="1" bw="64" slack="0"/>
<pin id="136" dir="1" index="2" bw="64" slack="0"/>
</pin_list>
<bind>
<opcode="add(8) " fcode="add"/>
<opset="add_ln35/2 "/>
</bind>
</comp>

<comp id="140" class="1004" name="xor_ln35_fu_140">
<pin_list>
<pin id="141" dir="0" index="0" bw="64" slack="0"/>
<pin id="142" dir="0" index="1" bw="64" slack="0"/>
<pin id="143" dir="1" index="2" bw="64" slack="0"/>
</pin_list>
<bind>
<opcode="xor(25) " fcode="xor"/>
<opset="xor_ln35/2 "/>
</bind>
</comp>

<comp id="146" class="1004" name="xor_ln35_37_fu_146">
<pin_list>
<pin id="147" dir="0" index="0" bw="64" slack="0"/>
<pin id="148" dir="0" index="1" bw="64" slack="0"/>
<pin id="149" dir="1" index="2" bw="64" slack="0"/>
</pin_list>
<bind>
<opcode="xor(25) " fcode="xor"/>
<opset="xor_ln35_37/2 "/>
</bind>
</comp>

<comp id="152" class="1004" name="or_ln35_fu_152">
<pin_list>
<pin id="153" dir="0" index="0" bw="64" slack="0"/>
<pin id="154" dir="0" index="1" bw="64" slack="0"/>
<pin id="155" dir="1" index="2" bw="64" slack="0"/>
</pin_list>
<bind>
<opcode="or(24) " fcode="or"/>
<opset="or_ln35/2 "/>
</bind>
</comp>

<comp id="158" class="1004" name="bit_sel_fu_158">
<pin_list>
<pin id="159" dir="0" index="0" bw="1" slack="0"/>
<pin id="160" dir="0" index="1" bw="64" slack="0"/>
<pin id="161" dir="0" index="2" bw="7" slack="0"/>
<pin id="162" dir="1" index="3" bw="1" slack="0"/>
</pin_list>
<bind>
<opcode="bitselect(1000) " fcode="bitselect"/>
<opset="bit_sel/2 "/>
</bind>
</comp>

<comp id="166" class="1004" name="xor_ln35_40_fu_166">
<pin_list>
<pin id="167" dir="0" index="0" bw="1" slack="0"/>
<pin id="168" dir="0" index="1" bw="1" slack="0"/>
<pin id="169" dir="1" index="2" bw="1" slack="0"/>
</pin_list>
<bind>
<opcode="xor(25) " fcode="xor"/>
<opset="xor_ln35_40/2 "/>
</bind>
</comp>

<comp id="172" class="1004" name="trunc_ln35_fu_172">
<pin_list>
<pin id="173" dir="0" index="0" bw="64" slack="0"/>
<pin id="174" dir="1" index="1" bw="63" slack="0"/>
</pin_list>
<bind>
<opcode="trunc(33) " fcode="trunc"/>
<opset="trunc_ln35/2 "/>
</bind>
</comp>

<comp id="176" class="1004" name="xor_ln35_s_fu_176">
<pin_list>
<pin id="177" dir="0" index="0" bw="64" slack="0"/>
<pin id="178" dir="0" index="1" bw="1" slack="0"/>
<pin id="179" dir="0" index="2" bw="63" slack="0"/>
<pin id="180" dir="1" index="3" bw="64" slack="0"/>
</pin_list>
<bind>
<opcode="bitconcatenate(1004) " fcode="bitconcatenate"/>
<opset="xor_ln35_s/2 "/>
</bind>
</comp>

<comp id="184" class="1004" name="and_ln35_fu_184">
<pin_list>
<pin id="185" dir="0" index="0" bw="64" slack="0"/>
<pin id="186" dir="0" index="1" bw="64" slack="0"/>
<pin id="187" dir="1" index="2" bw="64" slack="0"/>
</pin_list>
<bind>
<opcode="and(23) " fcode="and"/>
<opset="and_ln35/2 "/>
</bind>
</comp>

<comp id="190" class="1004" name="xor_ln35_39_fu_190">
<pin_list>
<pin id="191" dir="0" index="0" bw="64" slack="0"/>
<pin id="192" dir="0" index="1" bw="64" slack="0"/>
<pin id="193" dir="1" index="2" bw="64" slack="0"/>
</pin_list>
<bind>
<opcode="xor(25) " fcode="xor"/>
<opset="xor_ln35_39/2 "/>
</bind>
</comp>

<comp id="196" class="1004" name="or_ln35_13_fu_196">
<pin_list>
<pin id="197" dir="0" index="0" bw="64" slack="0"/>
<pin id="198" dir="0" index="1" bw="64" slack="0"/>
<pin id="199" dir="1" index="2" bw="64" slack="0"/>
</pin_list>
<bind>
<opcode="or(24) " fcode="or"/>
<opset="or_ln35_13/2 "/>
</bind>
</comp>

<comp id="202" class="1004" name="tmp_fu_202">
<pin_list>
<pin id="203" dir="0" index="0" bw="1" slack="0"/>
<pin id="204" dir="0" index="1" bw="64" slack="0"/>
<pin id="205" dir="0" index="2" bw="7" slack="0"/>
<pin id="206" dir="1" index="3" bw="1" slack="1"/>
</pin_list>
<bind>
<opcode="bitselect(1000) " fcode="bitselect"/>
<opset="tmp/2 "/>
</bind>
</comp>

<comp id="210" class="1005" name="i_reg_210">
<pin_list>
<pin id="211" dir="0" index="0" bw="4" slack="0"/>
<pin id="212" dir="1" index="1" bw="4" slack="0"/>
</pin_list>
<bind>
<opset="i "/>
</bind>
</comp>

<comp id="217" class="1005" name="icmp_ln33_reg_217">
<pin_list>
<pin id="218" dir="0" index="0" bw="1" slack="1"/>
<pin id="219" dir="1" index="1" bw="1" slack="2147483647"/>
</pin_list>
<bind>
<opset="icmp_ln33 "/>
</bind>
</comp>

<comp id="221" class="1005" name="zext_ln33_reg_221">
<pin_list>
<pin id="222" dir="0" index="0" bw="64" slack="1"/>
<pin id="223" dir="1" index="1" bw="64" slack="1"/>
</pin_list>
<bind>
<opset="zext_ln33 "/>
</bind>
</comp>

<comp id="226" class="1005" name="b_addr_reg_226">
<pin_list>
<pin id="227" dir="0" index="0" bw="3" slack="1"/>
<pin id="228" dir="1" index="1" bw="3" slack="1"/>
</pin_list>
<bind>
<opset="b_addr "/>
</bind>
</comp>

<comp id="231" class="1005" name="tmp_reg_231">
<pin_list>
<pin id="232" dir="0" index="0" bw="1" slack="1"/>
<pin id="233" dir="1" index="1" bw="1" slack="1"/>
</pin_list>
<bind>
<opset="tmp "/>
</bind>
</comp>

</comp_list>

<net_list>
<net id="55"><net_src comp="4" pin="0"/><net_sink comp="52" pin=0"/></net>

<net id="61"><net_src comp="0" pin="0"/><net_sink comp="56" pin=0"/></net>

<net id="62"><net_src comp="22" pin="0"/><net_sink comp="56" pin=1"/></net>

<net id="68"><net_src comp="56" pin="3"/><net_sink comp="63" pin=0"/></net>

<net id="74"><net_src comp="2" pin="0"/><net_sink comp="69" pin=0"/></net>

<net id="75"><net_src comp="22" pin="0"/><net_sink comp="69" pin=1"/></net>

<net id="81"><net_src comp="69" pin="3"/><net_sink comp="76" pin=0"/></net>

<net id="91"><net_src comp="16" pin="0"/><net_sink comp="85" pin=0"/></net>

<net id="92"><net_src comp="85" pin="4"/><net_sink comp="82" pin=0"/></net>

<net id="97"><net_src comp="14" pin="0"/><net_sink comp="93" pin=0"/></net>

<net id="105"><net_src comp="98" pin="1"/><net_sink comp="101" pin=0"/></net>

<net id="106"><net_src comp="18" pin="0"/><net_sink comp="101" pin=1"/></net>

<net id="111"><net_src comp="98" pin="1"/><net_sink comp="107" pin=0"/></net>

<net id="112"><net_src comp="20" pin="0"/><net_sink comp="107" pin=1"/></net>

<net id="116"><net_src comp="98" pin="1"/><net_sink comp="113" pin=0"/></net>

<net id="117"><net_src comp="113" pin="1"/><net_sink comp="56" pin=2"/></net>

<net id="122"><net_src comp="107" pin="2"/><net_sink comp="118" pin=0"/></net>

<net id="126"><net_src comp="82" pin="1"/><net_sink comp="123" pin=0"/></net>

<net id="131"><net_src comp="63" pin="3"/><net_sink comp="127" pin=0"/></net>

<net id="132"><net_src comp="123" pin="1"/><net_sink comp="127" pin=1"/></net>

<net id="137"><net_src comp="63" pin="3"/><net_sink comp="133" pin=0"/></net>

<net id="138"><net_src comp="127" pin="2"/><net_sink comp="133" pin=1"/></net>

<net id="139"><net_src comp="133" pin="2"/><net_sink comp="76" pin=1"/></net>

<net id="144"><net_src comp="133" pin="2"/><net_sink comp="140" pin=0"/></net>

<net id="145"><net_src comp="127" pin="2"/><net_sink comp="140" pin=1"/></net>

<net id="150"><net_src comp="63" pin="3"/><net_sink comp="146" pin=0"/></net>

<net id="151"><net_src comp="127" pin="2"/><net_sink comp="146" pin=1"/></net>

<net id="156"><net_src comp="140" pin="2"/><net_sink comp="152" pin=0"/></net>

<net id="157"><net_src comp="146" pin="2"/><net_sink comp="152" pin=1"/></net>

<net id="163"><net_src comp="40" pin="0"/><net_sink comp="158" pin=0"/></net>

<net id="164"><net_src comp="127" pin="2"/><net_sink comp="158" pin=1"/></net>

<net id="165"><net_src comp="42" pin="0"/><net_sink comp="158" pin=2"/></net>

<net id="170"><net_src comp="158" pin="3"/><net_sink comp="166" pin=0"/></net>

<net id="171"><net_src comp="44" pin="0"/><net_sink comp="166" pin=1"/></net>

<net id="175"><net_src comp="127" pin="2"/><net_sink comp="172" pin=0"/></net>

<net id="181"><net_src comp="46" pin="0"/><net_sink comp="176" pin=0"/></net>

<net id="182"><net_src comp="166" pin="2"/><net_sink comp="176" pin=1"/></net>

<net id="183"><net_src comp="172" pin="1"/><net_sink comp="176" pin=2"/></net>

<net id="188"><net_src comp="63" pin="3"/><net_sink comp="184" pin=0"/></net>

<net id="189"><net_src comp="176" pin="3"/><net_sink comp="184" pin=1"/></net>

<net id="194"><net_src comp="152" pin="2"/><net_sink comp="190" pin=0"/></net>

<net id="195"><net_src comp="133" pin="2"/><net_sink comp="190" pin=1"/></net>

<net id="200"><net_src comp="190" pin="2"/><net_sink comp="196" pin=0"/></net>

<net id="201"><net_src comp="184" pin="2"/><net_sink comp="196" pin=1"/></net>

<net id="207"><net_src comp="48" pin="0"/><net_sink comp="202" pin=0"/></net>

<net id="208"><net_src comp="196" pin="2"/><net_sink comp="202" pin=1"/></net>

<net id="209"><net_src comp="50" pin="0"/><net_sink comp="202" pin=2"/></net>

<net id="213"><net_src comp="52" pin="1"/><net_sink comp="210" pin=0"/></net>

<net id="214"><net_src comp="210" pin="1"/><net_sink comp="93" pin=1"/></net>

<net id="215"><net_src comp="210" pin="1"/><net_sink comp="98" pin=0"/></net>

<net id="216"><net_src comp="210" pin="1"/><net_sink comp="118" pin=1"/></net>

<net id="220"><net_src comp="101" pin="2"/><net_sink comp="217" pin=0"/></net>

<net id="224"><net_src comp="113" pin="1"/><net_sink comp="221" pin=0"/></net>

<net id="225"><net_src comp="221" pin="1"/><net_sink comp="69" pin=2"/></net>

<net id="229"><net_src comp="56" pin="3"/><net_sink comp="226" pin=0"/></net>

<net id="230"><net_src comp="226" pin="1"/><net_sink comp="63" pin=0"/></net>

<net id="234"><net_src comp="202" pin="3"/><net_sink comp="231" pin=0"/></net>

<net id="235"><net_src comp="231" pin="1"/><net_sink comp="85" pin=2"/></net>

</net_list>

</model> 
---------------- Datapath Model END ------------------

* FSMD analyzer results:
  - Output states:
	Port: b | {}
	Port: c | {2 }
 - Input state : 
	Port: fpadd503.246.4_Pipeline_VITIS_LOOP_33_1 : b | {1 2 }
	Port: fpadd503.246.4_Pipeline_VITIS_LOOP_33_1 : c | {}
  - Chain level:
	State 1
		store_ln28 : 1
		carry : 1
		i_214 : 1
		icmp_ln33 : 2
		add_ln33 : 2
		br_ln33 : 3
		zext_ln33 : 2
		b_addr : 3
		b_load : 4
		store_ln28 : 3
	State 2
		tempReg : 1
		add_ln35 : 2
		store_ln35 : 3
		xor_ln35 : 3
		xor_ln35_37 : 2
		or_ln35 : 3
		bit_sel : 2
		xor_ln35_40 : 3
		trunc_ln35 : 2
		xor_ln35_s : 3
		and_ln35 : 4
		xor_ln35_39 : 3
		or_ln35_13 : 4
		tmp : 4


============================================================
+ Verbose Summary: Datapath Resource usage 
============================================================

* Functional unit list:
|----------|--------------------|---------|---------|
| Operation|   Functional Unit  |    FF   |   LUT   |
|----------|--------------------|---------|---------|
|          |   xor_ln35_fu_140  |    0    |    64   |
|    xor   | xor_ln35_37_fu_146 |    0    |    64   |
|          | xor_ln35_40_fu_166 |    0    |    2    |
|          | xor_ln35_39_fu_190 |    0    |    64   |
|----------|--------------------|---------|---------|
|          |   add_ln33_fu_107  |    0    |    12   |
|    add   |   tempReg_fu_127   |    0    |    71   |
|          |   add_ln35_fu_133  |    0    |    71   |
|----------|--------------------|---------|---------|
|    or    |   or_ln35_fu_152   |    0    |    64   |
|          |  or_ln35_13_fu_196 |    0    |    64   |
|----------|--------------------|---------|---------|
|    and   |   and_ln35_fu_184  |    0    |    64   |
|----------|--------------------|---------|---------|
|   icmp   |  icmp_ln33_fu_101  |    0    |    12   |
|----------|--------------------|---------|---------|
|   zext   |  zext_ln33_fu_113  |    0    |    0    |
|          |  zext_ln35_fu_123  |    0    |    0    |
|----------|--------------------|---------|---------|
| bitselect|   bit_sel_fu_158   |    0    |    0    |
|          |     tmp_fu_202     |    0    |    0    |
|----------|--------------------|---------|---------|
|   trunc  |  trunc_ln35_fu_172 |    0    |    0    |
|----------|--------------------|---------|---------|
|bitconcatenate|  xor_ln35_s_fu_176 |    0    |    0    |
|----------|--------------------|---------|---------|
|   Total  |                    |    0    |   552   |
|----------|--------------------|---------|---------|

Memories:
N/A

* Register list:
+-----------------+--------+
|                 |   FF   |
+-----------------+--------+
|  b_addr_reg_226 |    3   |
|   carry_reg_82  |    1   |
|    i_reg_210    |    4   |
|icmp_ln33_reg_217|    1   |
|   tmp_reg_231   |    1   |
|zext_ln33_reg_221|   64   |
+-----------------+--------+
|      Total      |   74   |
+-----------------+--------+

* Multiplexer (MUX) list: 
|------------------|------|------|------|--------||---------||---------||---------|
|       Comp       |  Pin | Size |  BW  | S x BW ||  Delay  ||    FF   ||   LUT   |
|------------------|------|------|------|--------||---------||---------||---------|
| grp_access_fu_63 |  p0  |   2  |   3  |    6   ||    0    ||    9    |
|------------------|------|------|------|--------||---------||---------||---------|
|       Total      |      |      |      |    6   ||  0.387  ||    0    ||    9    |
|------------------|------|------|------|--------||---------||---------||---------|



* Summary:
+-----------+--------+--------+--------+
|           |  Delay |   FF   |   LUT  |
+-----------+--------+--------+--------+
|  Function |    -   |    0   |   552  |
|   Memory  |    -   |    -   |    -   |
|Multiplexer|    0   |    0   |    9   |
|  Register |    -   |   74   |    -   |
+-----------+--------+--------+--------+
|   Total   |    0   |   74   |   561  |
+-----------+--------+--------+--------+
