

================================================================
== Vitis HLS Report for 'fpadd503_6_Pipeline_VITIS_LOOP_23_1'
================================================================
* Date:           Wed Jul  2 14:03:43 2025

* Version:        2024.2.2 (Build 6049644 on Mar  5 2025)
* Project:        sikep503_hls
* Solution:       solution1 (Vivado IP Flow Target)
* Product family: zynq
* Target device:  xc7z045-ffg900-2


================================================================
== Performance Estimates
================================================================
+ Timing: 
    * Summary: 
    +--------+----------+----------+------------+
    |  Clock |  Target  | Estimated| Uncertainty|
    +--------+----------+----------+------------+
    |ap_clk  |  10.00 ns|  7.073 ns|     2.70 ns|
    +--------+----------+----------+------------+

+ Latency: 
    * Summary: 
    +---------+---------+----------+----------+-----+-----+------------------------------------------------+
    |  Latency (cycles) |  Latency (absolute) |  Interval |                    Pipeline                    |
    |   min   |   max   |    min   |    max   | min | max |                      Type                      |
    +---------+---------+----------+----------+-----+-----+------------------------------------------------+
    |       12|       12|  0.120 us|  0.120 us|    9|    9|  loop auto-rewind stp (delay=0 clock cycles(s))|
    +---------+---------+----------+----------+-----+-----+------------------------------------------------+

    + Detail: 
        * Instance: 
        N/A

        * Loop: 
        +-------------------+---------+---------+----------+-----------+-----------+------+----------+
        |                   |  Latency (cycles) | Iteration|  Initiation Interval  | Trip |          |
        |     Loop Name     |   min   |   max   |  Latency |  achieved |   target  | Count| Pipelined|
        +-------------------+---------+---------+----------+-----------+-----------+------+----------+
        |- VITIS_LOOP_23_1  |       10|       10|         4|          1|          1|     8|       yes|
        +-------------------+---------+---------+----------+-----------+-----------+------+----------+

============================================================
+ Verbose Summary: Synthesis Manager
============================================================
InlineROM: 1
ExposeGlobal: 0
============================================================
+ Verbose Summary: CDFG Model
============================================================
IsTopModel: 0
ResetActiveHigh: 1
IsCombinational: 0
IsDatapathOnly: 0
HasWiredReturn: 1
HasMFsm: 2
HasVarLatency: 1
IsPipeline: 0
IsRtlPipelined: 0
IsInstanceOverlapped: 0
IsDontTouch: 0
HasImplIP: 0
IsGatedGlobalClock: 0

+ Individual pipeline summary: 
  * Pipeline-0: initiation interval (II) = 1, depth = 4


============================================================
+ Verbose Summary: Schedule
============================================================
* Number of FSM states : 4
* Pipeline : 1
  Pipeline-0 : II = 1, D = 4, States = { 1 2 3 4 }
* Dataflow Pipeline: 0

* FSM state transitions: 
1 --> 2 
2 --> 3 
3 --> 4 
4 --> 

* FSM state operations: 

State 1 <SV = 0> <Delay = 4.06>
ST_1 : Operation 7 [1/1] (0.00ns)   --->   "%i = alloca i32 1" [src/generic/fp_generic.c:20]   --->   Operation 7 'alloca' 'i' <Predicate = true> <Delay = 0.00>
ST_1 : Operation 8 [1/1] (0.00ns)   --->   "%specbramwithbyteenable_ln0 = specbramwithbyteenable void @_ssdm_op_SpecBRAMWithByteEnable, i64 %coeff"   --->   Operation 8 'specbramwithbyteenable' 'specbramwithbyteenable_ln0' <Predicate = true> <Delay = 0.00>
ST_1 : Operation 9 [1/1] (1.29ns)   --->   "%store_ln20 = store i4 0, i4 %i" [src/generic/fp_generic.c:20]   --->   Operation 9 'store' 'store_ln20' <Predicate = true> <Delay = 1.29>
ST_1 : Operation 10 [1/1] (1.29ns)   --->   "%br_ln0 = br void %for.inc"   --->   Operation 10 'br' 'br_ln0' <Predicate = true> <Delay = 1.29>
ST_1 : Operation 11 [1/1] (0.00ns)   --->   "%i_216 = load i4 %i" [src/generic/fp_generic.c:24]   --->   Operation 11 'load' 'i_216' <Predicate = true> <Delay = 0.00>
ST_1 : Operation 12 [1/1] (0.99ns)   --->   "%icmp_ln23 = icmp_eq  i4 %i_216, i4 8" [src/generic/fp_generic.c:23]   --->   Operation 12 'icmp' 'icmp_ln23' <Predicate = true> <Delay = 0.99> <CoreInst = "Cmp">   --->   Core 9 'Cmp' <Latency = 0> <II = 1> <Delay = 0.99> <FuncUnit> <Opcode : 'seteq' 'setne' 'setle' 'setge' 'setlt' 'setgt'> <InPorts = 2> <OutPorts = 1>
ST_1 : Operation 13 [1/1] (0.99ns)   --->   "%add_ln23 = add i4 %i_216, i4 1" [src/generic/fp_generic.c:23]   --->   Operation 13 'add' 'add_ln23' <Predicate = true> <Delay = 0.99> <CoreInst = "Adder">   --->   Core 1 'Adder' <Latency = 0> <II = 1> <Delay = 0.99> <FuncUnit> <Opcode : 'add' 'sub'> <InPorts = 2> <OutPorts = 1>
ST_1 : Operation 14 [1/1] (0.00ns)   --->   "%br_ln23 = br i1 %icmp_ln23, void %for.inc.split, void %for.inc29.preheader.exitStub" [src/generic/fp_generic.c:23]   --->   Operation 14 'br' 'br_ln23' <Predicate = true> <Delay = 0.00>
ST_1 : Operation 15 [1/1] (0.00ns)   --->   "%trunc_ln24 = trunc i4 %i_216" [src/generic/fp_generic.c:24]   --->   Operation 15 'trunc' 'trunc_ln24' <Predicate = (!icmp_ln23)> <Delay = 0.00>
ST_1 : Operation 16 [1/1] (0.00ns)   --->   "%zext_ln24_6 = bitconcatenate i4 @_ssdm_op_BitConcatenate.i4.i1.i3, i1 1, i3 %trunc_ln24" [src/generic/fp_generic.c:24]   --->   Operation 16 'bitconcatenate' 'zext_ln24_6' <Predicate = (!icmp_ln23)> <Delay = 0.00>
ST_1 : Operation 17 [1/1] (0.00ns)   --->   "%zext_ln24_10 = zext i4 %zext_ln24_6" [src/generic/fp_generic.c:24]   --->   Operation 17 'zext' 'zext_ln24_10' <Predicate = (!icmp_ln23)> <Delay = 0.00>
ST_1 : Operation 18 [1/1] (0.00ns)   --->   "%R_X_addr = getelementptr i64 %R_X, i64 0, i64 %zext_ln24_10" [src/generic/fp_generic.c:24]   --->   Operation 18 'getelementptr' 'R_X_addr' <Predicate = (!icmp_ln23)> <Delay = 0.00>
ST_1 : Operation 19 [2/2] (2.77ns)   --->   "%R_X_load = load i4 %R_X_addr" [src/generic/fp_generic.c:24]   --->   Operation 19 'load' 'R_X_load' <Predicate = (!icmp_ln23)> <Delay = 2.77> <CoreInst = "RAM">   --->   Core 81 'RAM' <Latency = 1> <II = 1> <Delay = 2.77> <Storage> <Opcode : 'load' 'store'> <Ports = 2> <Width = 64> <Depth = 16> <RAM>
ST_1 : Operation 20 [1/1] (1.29ns)   --->   "%store_ln20 = store i4 %add_ln23, i4 %i" [src/generic/fp_generic.c:20]   --->   Operation 20 'store' 'store_ln20' <Predicate = (!icmp_ln23)> <Delay = 1.29>

State 2 <SV = 1> <Delay = 2.77>
ST_2 : Operation 21 [1/2] ( I:2.77ns O:2.77ns )   --->   "%R_X_load = load i4 %R_X_addr" [src/generic/fp_generic.c:24]   --->   Operation 21 'load' 'R_X_load' <Predicate = (!icmp_ln23)> <Delay = 2.77> <CoreInst = "RAM">   --->   Core 81 'RAM' <Latency = 1> <II = 1> <Delay = 2.77> <Storage> <Opcode : 'load' 'store'> <Ports = 2> <Width = 64> <Depth = 16> <RAM>
ST_2 : Operation 22 [1/1] (0.00ns)   --->   "%R_Z_addr = getelementptr i64 %R_Z, i64 0, i64 %zext_ln24_10" [src/generic/fp_generic.c:24]   --->   Operation 22 'getelementptr' 'R_Z_addr' <Predicate = (!icmp_ln23)> <Delay = 0.00>
ST_2 : Operation 23 [2/2] (2.77ns)   --->   "%R_Z_load = load i4 %R_Z_addr" [src/generic/fp_generic.c:24]   --->   Operation 23 'load' 'R_Z_load' <Predicate = (!icmp_ln23)> <Delay = 2.77> <CoreInst = "RAM">   --->   Core 81 'RAM' <Latency = 1> <II = 1> <Delay = 2.77> <Storage> <Opcode : 'load' 'store'> <Ports = 2> <Width = 64> <Depth = 16> <RAM>

State 3 <SV = 2> <Delay = 7.07>
ST_3 : Operation 24 [1/1] (0.00ns)   --->   "%carry = phi i1 0, void %newFuncRoot, i1 %tmp, void %for.inc.split" [src/generic/fp_generic.c:23]   --->   Operation 24 'phi' 'carry' <Predicate = true> <Delay = 0.00>
ST_3 : Operation 25 [1/1] (0.00ns)   --->   "%zext_ln24_7 = zext i1 %carry" [src/generic/fp_generic.c:24]   --->   Operation 25 'zext' 'zext_ln24_7' <Predicate = (!icmp_ln23)> <Delay = 0.00>
ST_3 : Operation 26 [1/1] (2.69ns)   --->   "%tempReg = add i64 %R_X_load, i64 %zext_ln24_7" [src/generic/fp_generic.c:24]   --->   Operation 26 'add' 'tempReg' <Predicate = (!icmp_ln23)> <Delay = 2.69> <CoreInst = "Adder">   --->   Core 1 'Adder' <Latency = 0> <II = 1> <Delay = 2.69> <FuncUnit> <Opcode : 'add' 'sub'> <InPorts = 2> <OutPorts = 1>
ST_3 : Operation 27 [1/2] ( I:2.77ns O:2.77ns )   --->   "%R_Z_load = load i4 %R_Z_addr" [src/generic/fp_generic.c:24]   --->   Operation 27 'load' 'R_Z_load' <Predicate = (!icmp_ln23)> <Delay = 2.77> <CoreInst = "RAM">   --->   Core 81 'RAM' <Latency = 1> <II = 1> <Delay = 2.77> <Storage> <Opcode : 'load' 'store'> <Ports = 2> <Width = 64> <Depth = 16> <RAM>
ST_3 : Operation 28 [1/1] (2.69ns)   --->   "%add_ln24 = add i64 %R_Z_load, i64 %tempReg" [src/generic/fp_generic.c:24]   --->   Operation 28 'add' 'add_ln24' <Predicate = (!icmp_ln23)> <Delay = 2.69> <CoreInst = "Adder">   --->   Core 1 'Adder' <Latency = 0> <II = 1> <Delay = 2.69> <FuncUnit> <Opcode : 'add' 'sub'> <InPorts = 2> <OutPorts = 1>
ST_3 : Operation 29 [1/1] (0.00ns) (grouped into LUT with out node xor_ln24_15)   --->   "%xor_ln24 = xor i64 %add_ln24, i64 %tempReg" [src/generic/fp_generic.c:24]   --->   Operation 29 'xor' 'xor_ln24' <Predicate = (!icmp_ln23)> <Delay = 0.00> <CoreInst = "LogicGate">   --->   Core 74 'LogicGate' <Latency = 0> <II = 1> <Delay = 0.80> <FuncUnit> <Opcode : 'and' 'or' 'xor'> <InPorts = 2> <OutPorts = 1>
ST_3 : Operation 30 [1/1] (0.00ns) (grouped into LUT with out node xor_ln24_15)   --->   "%xor_ln24_13 = xor i64 %R_Z_load, i64 %tempReg" [src/generic/fp_generic.c:24]   --->   Operation 30 'xor' 'xor_ln24_13' <Predicate = (!icmp_ln23)> <Delay = 0.00> <CoreInst = "LogicGate">   --->   Core 74 'LogicGate' <Latency = 0> <II = 1> <Delay = 0.80> <FuncUnit> <Opcode : 'and' 'or' 'xor'> <InPorts = 2> <OutPorts = 1>
ST_3 : Operation 31 [1/1] (0.00ns) (grouped into LUT with out node xor_ln24_15)   --->   "%or_ln24 = or i64 %xor_ln24, i64 %xor_ln24_13" [src/generic/fp_generic.c:24]   --->   Operation 31 'or' 'or_ln24' <Predicate = (!icmp_ln23)> <Delay = 0.00> <CoreInst = "LogicGate">   --->   Core 74 'LogicGate' <Latency = 0> <II = 1> <Delay = 0.80> <FuncUnit> <Opcode : 'and' 'or' 'xor'> <InPorts = 2> <OutPorts = 1>
ST_3 : Operation 32 [1/1] (0.00ns) (grouped into LUT with out node or_ln24_5)   --->   "%bit_sel = bitselect i1 @_ssdm_op_BitSelect.i1.i64.i64, i64 %tempReg, i64 63" [src/generic/fp_generic.c:24]   --->   Operation 32 'bitselect' 'bit_sel' <Predicate = (!icmp_ln23)> <Delay = 0.00>
ST_3 : Operation 33 [1/1] (0.00ns) (grouped into LUT with out node or_ln24_5)   --->   "%xor_ln24_14 = xor i1 %bit_sel, i1 1" [src/generic/fp_generic.c:24]   --->   Operation 33 'xor' 'xor_ln24_14' <Predicate = (!icmp_ln23)> <Delay = 0.00> <CoreInst = "LogicGate">   --->   Core 74 'LogicGate' <Latency = 0> <II = 1> <Delay = 0.80> <FuncUnit> <Opcode : 'and' 'or' 'xor'> <InPorts = 2> <OutPorts = 1>
ST_3 : Operation 34 [1/1] (0.00ns) (grouped into LUT with out node or_ln24_5)   --->   "%trunc_ln24_3 = trunc i64 %tempReg" [src/generic/fp_generic.c:24]   --->   Operation 34 'trunc' 'trunc_ln24_3' <Predicate = (!icmp_ln23)> <Delay = 0.00>
ST_3 : Operation 35 [1/1] (0.00ns) (grouped into LUT with out node or_ln24_5)   --->   "%xor_ln24_s = bitconcatenate i64 @_ssdm_op_BitConcatenate.i64.i1.i63, i1 %xor_ln24_14, i63 %trunc_ln24_3" [src/generic/fp_generic.c:24]   --->   Operation 35 'bitconcatenate' 'xor_ln24_s' <Predicate = (!icmp_ln23)> <Delay = 0.00>
ST_3 : Operation 36 [1/1] (0.00ns) (grouped into LUT with out node or_ln24_5)   --->   "%and_ln24 = and i64 %R_X_load, i64 %xor_ln24_s" [src/generic/fp_generic.c:24]   --->   Operation 36 'and' 'and_ln24' <Predicate = (!icmp_ln23)> <Delay = 0.00> <CoreInst = "LogicGate">   --->   Core 74 'LogicGate' <Latency = 0> <II = 1> <Delay = 0.80> <FuncUnit> <Opcode : 'and' 'or' 'xor'> <InPorts = 2> <OutPorts = 1>
ST_3 : Operation 37 [1/1] (0.80ns) (out node of the LUT)   --->   "%xor_ln24_15 = xor i64 %or_ln24, i64 %add_ln24" [src/generic/fp_generic.c:24]   --->   Operation 37 'xor' 'xor_ln24_15' <Predicate = (!icmp_ln23)> <Delay = 0.80> <CoreInst = "LogicGate">   --->   Core 74 'LogicGate' <Latency = 0> <II = 1> <Delay = 0.80> <FuncUnit> <Opcode : 'and' 'or' 'xor'> <InPorts = 2> <OutPorts = 1>
ST_3 : Operation 38 [1/1] (0.80ns) (out node of the LUT)   --->   "%or_ln24_5 = or i64 %xor_ln24_15, i64 %and_ln24" [src/generic/fp_generic.c:24]   --->   Operation 38 'or' 'or_ln24_5' <Predicate = (!icmp_ln23)> <Delay = 0.80> <CoreInst = "LogicGate">   --->   Core 74 'LogicGate' <Latency = 0> <II = 1> <Delay = 0.80> <FuncUnit> <Opcode : 'and' 'or' 'xor'> <InPorts = 2> <OutPorts = 1>
ST_3 : Operation 39 [1/1] (0.00ns)   --->   "%tmp = bitselect i1 @_ssdm_op_BitSelect.i1.i64.i32, i64 %or_ln24_5, i32 63" [src/generic/fp_generic.c:23]   --->   Operation 39 'bitselect' 'tmp' <Predicate = (!icmp_ln23)> <Delay = 0.00>
ST_3 : Operation 48 [1/1] (1.29ns)   --->   "%ret_ln0 = ret"   --->   Operation 48 'ret' 'ret_ln0' <Predicate = (icmp_ln23)> <Delay = 1.29>

State 4 <SV = 3> <Delay = 2.77>
ST_4 : Operation 40 [1/1] (0.00ns)   --->   "%specpipeline_ln20 = specpipeline void @_ssdm_op_SpecPipeline, i32 4294967295, i32 0, i32 0, i32 0, void @empty_56" [src/generic/fp_generic.c:20]   --->   Operation 40 'specpipeline' 'specpipeline_ln20' <Predicate = (!icmp_ln23)> <Delay = 0.00>
ST_4 : Operation 41 [1/1] (0.00ns)   --->   "%speclooptripcount_ln20 = speclooptripcount void @_ssdm_op_SpecLoopTripCount, i64 8, i64 8, i64 8" [src/generic/fp_generic.c:20]   --->   Operation 41 'speclooptripcount' 'speclooptripcount_ln20' <Predicate = (!icmp_ln23)> <Delay = 0.00>
ST_4 : Operation 42 [1/1] (0.00ns)   --->   "%specloopname_ln23 = specloopname void @_ssdm_op_SpecLoopName, void @empty_28" [src/generic/fp_generic.c:23]   --->   Operation 42 'specloopname' 'specloopname_ln23' <Predicate = (!icmp_ln23)> <Delay = 0.00>
ST_4 : Operation 43 [1/1] (0.00ns)   --->   "%zext_ln = bitconcatenate i6 @_ssdm_op_BitConcatenate.i6.i3.i3, i3 5, i3 %trunc_ln24" [src/generic/fp_generic.c:24]   --->   Operation 43 'bitconcatenate' 'zext_ln' <Predicate = (!icmp_ln23)> <Delay = 0.00>
ST_4 : Operation 44 [1/1] (0.00ns)   --->   "%zext_ln24 = zext i6 %zext_ln" [src/generic/fp_generic.c:24]   --->   Operation 44 'zext' 'zext_ln24' <Predicate = (!icmp_ln23)> <Delay = 0.00>
ST_4 : Operation 45 [1/1] (0.00ns)   --->   "%coeff_addr = getelementptr i64 %coeff, i64 0, i64 %zext_ln24" [src/generic/fp_generic.c:24]   --->   Operation 45 'getelementptr' 'coeff_addr' <Predicate = (!icmp_ln23)> <Delay = 0.00>
ST_4 : Operation 46 [1/1] ( I:2.77ns O:2.77ns )   --->   "%store_ln24 = store void @_ssdm_op_Write.bram.i64, i6 %coeff_addr, i64 %add_ln24, i8 255" [src/generic/fp_generic.c:24]   --->   Operation 46 'store' 'store_ln24' <Predicate = (!icmp_ln23)> <Delay = 2.77> <CoreInst = "RAM">   --->   Core 81 'RAM' <Latency = 1> <II = 1> <Delay = 2.77> <Storage> <Opcode : 'load' 'store'> <Ports = 2> <Width = 64> <Depth = 48> <RAM>
ST_4 : Operation 47 [1/1] (0.00ns)   --->   "%br_ln23 = br void %for.inc" [src/generic/fp_generic.c:23]   --->   Operation 47 'br' 'br_ln23' <Predicate = (!icmp_ln23)> <Delay = 0.00>


============================================================
+ Verbose Summary: Binding
============================================================
STG Binding: 
---------------- STG Properties BEGIN ----------------
- Is combinational: 0
- Is one-state seq: 0
- Is datapath-only: 0
- Is pipelined: 0
- Is top level: 0
Port [ Return ] is wired: 1; IO mode=ap_ctrl_hs:ce=0
Port [ R_X]:  wired=1; compound=1; hidden=0; nouse=0; global=0; static=0; extern=0; dir=0; type=1; pingpong=0; private_global=0; MemPort=[13]; IO mode=ap_memory:ce=0
Port [ R_Z]:  wired=1; compound=1; hidden=0; nouse=0; global=0; static=0; extern=0; dir=0; type=1; pingpong=0; private_global=0; MemPort=[13]; IO mode=ap_memory:ce=0
Port [ coeff]:  wired=1; compound=1; hidden=0; nouse=0; global=0; static=0; extern=0; dir=1; type=1; pingpong=0; private_global=0; MemPort=[03]; IO mode=ap_memory:ce=0
---------------- STG Properties END ------------------

---------------- Datapath Model BEGIN ----------------

<LifeTime>
<method=bitvector/>
i                          (alloca                ) [ 01000]
specbramwithbyteenable_ln0 (specbramwithbyteenable) [ 00000]
store_ln20                 (store                 ) [ 00000]
br_ln0                     (br                    ) [ 01111]
i_216                      (load                  ) [ 00000]
icmp_ln23                  (icmp                  ) [ 01111]
add_ln23                   (add                   ) [ 00000]
br_ln23                    (br                    ) [ 00000]
trunc_ln24                 (trunc                 ) [ 01111]
zext_ln24_6                (bitconcatenate        ) [ 00000]
zext_ln24_10               (zext                  ) [ 01100]
R_X_addr                   (getelementptr         ) [ 01100]
store_ln20                 (store                 ) [ 00000]
R_X_load                   (load                  ) [ 01010]
R_Z_addr                   (getelementptr         ) [ 01010]
carry                      (phi                   ) [ 01110]
zext_ln24_7                (zext                  ) [ 00000]
tempReg                    (add                   ) [ 00000]
R_Z_load                   (load                  ) [ 00000]
add_ln24                   (add                   ) [ 01001]
xor_ln24                   (xor                   ) [ 00000]
xor_ln24_13                (xor                   ) [ 00000]
or_ln24                    (or                    ) [ 00000]
bit_sel                    (bitselect             ) [ 00000]
xor_ln24_14                (xor                   ) [ 00000]
trunc_ln24_3               (trunc                 ) [ 00000]
xor_ln24_s                 (bitconcatenate        ) [ 00000]
and_ln24                   (and                   ) [ 00000]
xor_ln24_15                (xor                   ) [ 00000]
or_ln24_5                  (or                    ) [ 00000]
tmp                        (bitselect             ) [ 01011]
specpipeline_ln20          (specpipeline          ) [ 00000]
speclooptripcount_ln20     (speclooptripcount     ) [ 00000]
specloopname_ln23          (specloopname          ) [ 00000]
zext_ln                    (bitconcatenate        ) [ 00000]
zext_ln24                  (zext                  ) [ 00000]
coeff_addr                 (getelementptr         ) [ 00000]
store_ln24                 (store                 ) [ 00000]
br_ln23                    (br                    ) [ 01011]
ret_ln0                    (ret                   ) [ 00000]
</LifeTime>

<model>

<comp_list>
<comp id="0" class="1000" name="R_X">
<pin_list>
<pin id="1" dir="1" index="0" bw="1" slack="0"/>
</pin_list>
<bind>
<StgValue><ssdm name="R_X"/><MemPortTyVec>1 3 </MemPortTyVec>
</StgValue>
</bind>
</comp>

<comp id="2" class="1000" name="R_Z">
<pin_list>
<pin id="3" dir="1" index="0" bw="1" slack="0"/>
</pin_list>
<bind>
<StgValue><ssdm name="R_Z"/><MemPortTyVec>1 3 </MemPortTyVec>
</StgValue>
</bind>
</comp>

<comp id="4" class="1000" name="coeff">
<pin_list>
<pin id="5" dir="1" index="0" bw="1" slack="0"/>
</pin_list>
<bind>
<StgValue><ssdm name="coeff"/><MemPortTyVec>0 3 </MemPortTyVec>
</StgValue>
</bind>
</comp>

<comp id="6" class="1001" name="const_6">
<pin_list>
<pin id="7" dir="1" index="0" bw="1" slack="0"/>
</pin_list>
<bind>
<StgValue><ssdm name=""/></StgValue>
</bind>
</comp>

<comp id="8" class="1001" name="const_8">
<pin_list>
<pin id="9" dir="1" index="0" bw="1" slack="2147483647"/>
</pin_list>
<bind>
<StgValue><ssdm name="_ssdm_op_SpecBRAMWithByteEnable"/></StgValue>
</bind>
</comp>

<comp id="10" class="1001" name="const_10">
<pin_list>
<pin id="11" dir="1" index="0" bw="1" slack="0"/>
</pin_list>
<bind>
<StgValue><ssdm name=""/></StgValue>
</bind>
</comp>

<comp id="12" class="1001" name="const_12">
<pin_list>
<pin id="13" dir="1" index="0" bw="1" slack="0"/>
</pin_list>
<bind>
<StgValue><ssdm name=""/></StgValue>
</bind>
</comp>

<comp id="14" class="1001" name="const_14">
<pin_list>
<pin id="15" dir="1" index="0" bw="1" slack="0"/>
</pin_list>
<bind>
<StgValue><ssdm name=""/></StgValue>
</bind>
</comp>

<comp id="16" class="1001" name="const_16">
<pin_list>
<pin id="17" dir="1" index="0" bw="1" slack="0"/>
</pin_list>
<bind>
<StgValue><ssdm name="_ssdm_op_BitConcatenate.i4.i1.i3"/></StgValue>
</bind>
</comp>

<comp id="18" class="1001" name="const_18">
<pin_list>
<pin id="19" dir="1" index="0" bw="1" slack="0"/>
</pin_list>
<bind>
<StgValue><ssdm name=""/></StgValue>
</bind>
</comp>

<comp id="20" class="1001" name="const_20">
<pin_list>
<pin id="21" dir="1" index="0" bw="1" slack="0"/>
</pin_list>
<bind>
<StgValue><ssdm name=""/></StgValue>
</bind>
</comp>

<comp id="22" class="1001" name="const_22">
<pin_list>
<pin id="23" dir="1" index="0" bw="1" slack="2"/>
</pin_list>
<bind>
<StgValue><ssdm name=""/></StgValue>
</bind>
</comp>

<comp id="24" class="1001" name="const_24">
<pin_list>
<pin id="25" dir="1" index="0" bw="1" slack="0"/>
</pin_list>
<bind>
<StgValue><ssdm name="_ssdm_op_BitSelect.i1.i64.i64"/></StgValue>
</bind>
</comp>

<comp id="26" class="1001" name="const_26">
<pin_list>
<pin id="27" dir="1" index="0" bw="1" slack="0"/>
</pin_list>
<bind>
<StgValue><ssdm name=""/></StgValue>
</bind>
</comp>

<comp id="28" class="1001" name="const_28">
<pin_list>
<pin id="29" dir="1" index="0" bw="1" slack="0"/>
</pin_list>
<bind>
<StgValue><ssdm name="_ssdm_op_BitConcatenate.i64.i1.i63"/></StgValue>
</bind>
</comp>

<comp id="30" class="1001" name="const_30">
<pin_list>
<pin id="31" dir="1" index="0" bw="1" slack="0"/>
</pin_list>
<bind>
<StgValue><ssdm name="_ssdm_op_BitSelect.i1.i64.i32"/></StgValue>
</bind>
</comp>

<comp id="32" class="1001" name="const_32">
<pin_list>
<pin id="33" dir="1" index="0" bw="1" slack="0"/>
</pin_list>
<bind>
<StgValue><ssdm name=""/></StgValue>
</bind>
</comp>

<comp id="34" class="1001" name="const_34">
<pin_list>
<pin id="35" dir="1" index="0" bw="1" slack="2147483647"/>
</pin_list>
<bind>
<StgValue><ssdm name="_ssdm_op_SpecPipeline"/></StgValue>
</bind>
</comp>

<comp id="36" class="1001" name="const_36">
<pin_list>
<pin id="37" dir="1" index="0" bw="1" slack="2147483647"/>
</pin_list>
<bind>
<StgValue><ssdm name=""/></StgValue>
</bind>
</comp>

<comp id="38" class="1001" name="const_38">
<pin_list>
<pin id="39" dir="1" index="0" bw="1" slack="2147483647"/>
</pin_list>
<bind>
<StgValue><ssdm name=""/></StgValue>
</bind>
</comp>

<comp id="40" class="1001" name="const_40">
<pin_list>
<pin id="41" dir="1" index="0" bw="1" slack="2147483647"/>
</pin_list>
<bind>
<StgValue><ssdm name="empty_56"/></StgValue>
</bind>
</comp>

<comp id="42" class="1001" name="const_42">
<pin_list>
<pin id="43" dir="1" index="0" bw="1" slack="2147483647"/>
</pin_list>
<bind>
<StgValue><ssdm name="_ssdm_op_SpecLoopTripCount"/></StgValue>
</bind>
</comp>

<comp id="44" class="1001" name="const_44">
<pin_list>
<pin id="45" dir="1" index="0" bw="1" slack="2147483647"/>
</pin_list>
<bind>
<StgValue><ssdm name=""/></StgValue>
</bind>
</comp>

<comp id="46" class="1001" name="const_46">
<pin_list>
<pin id="47" dir="1" index="0" bw="1" slack="2147483647"/>
</pin_list>
<bind>
<StgValue><ssdm name="_ssdm_op_SpecLoopName"/></StgValue>
</bind>
</comp>

<comp id="48" class="1001" name="const_48">
<pin_list>
<pin id="49" dir="1" index="0" bw="1" slack="2147483647"/>
</pin_list>
<bind>
<StgValue><ssdm name="empty_28"/></StgValue>
</bind>
</comp>

<comp id="50" class="1001" name="const_50">
<pin_list>
<pin id="51" dir="1" index="0" bw="1" slack="0"/>
</pin_list>
<bind>
<StgValue><ssdm name="_ssdm_op_BitConcatenate.i6.i3.i3"/></StgValue>
</bind>
</comp>

<comp id="52" class="1001" name="const_52">
<pin_list>
<pin id="53" dir="1" index="0" bw="1" slack="0"/>
</pin_list>
<bind>
<StgValue><ssdm name=""/></StgValue>
</bind>
</comp>

<comp id="54" class="1001" name="const_54">
<pin_list>
<pin id="55" dir="1" index="0" bw="1" slack="2147483647"/>
</pin_list>
<bind>
<StgValue><ssdm name="_ssdm_op_Write.bram.i64"/></StgValue>
</bind>
</comp>

<comp id="56" class="1001" name="const_56">
<pin_list>
<pin id="57" dir="1" index="0" bw="1" slack="2147483647"/>
</pin_list>
<bind>
<StgValue><ssdm name=""/></StgValue>
</bind>
</comp>

<comp id="58" class="1004" name="i_fu_58">
<pin_list>
<pin id="59" dir="0" index="0" bw="1" slack="0"/>
<pin id="60" dir="1" index="1" bw="4" slack="0"/>
</pin_list>
<bind>
<opcode="alloca(26) " fcode="alloca"/>
<opset="i/1 "/>
</bind>
</comp>

<comp id="62" class="1004" name="R_X_addr_gep_fu_62">
<pin_list>
<pin id="63" dir="0" index="0" bw="64" slack="0"/>
<pin id="64" dir="0" index="1" bw="1" slack="0"/>
<pin id="65" dir="0" index="2" bw="4" slack="0"/>
<pin id="66" dir="1" index="3" bw="4" slack="0"/>
</pin_list>
<bind>
<opcode="getelementptr(29) " fcode="getelementptr"/>
<opset="R_X_addr/1 "/>
</bind>
</comp>

<comp id="69" class="1004" name="grp_access_fu_69">
<pin_list>
<pin id="70" dir="0" index="0" bw="4" slack="0"/>
<pin id="71" dir="0" index="1" bw="64" slack="2147483647"/>
<pin id="72" dir="0" index="2" bw="0" slack="2147483647"/>
<pin id="73" dir="1" index="3" bw="64" slack="1"/>
</pin_list>
<bind>
<opcode="load(27) " fcode="load"/>
<opset="R_X_load/1 "/>
</bind>
</comp>

<comp id="75" class="1004" name="R_Z_addr_gep_fu_75">
<pin_list>
<pin id="76" dir="0" index="0" bw="64" slack="0"/>
<pin id="77" dir="0" index="1" bw="1" slack="0"/>
<pin id="78" dir="0" index="2" bw="4" slack="1"/>
<pin id="79" dir="1" index="3" bw="4" slack="0"/>
</pin_list>
<bind>
<opcode="getelementptr(29) " fcode="getelementptr"/>
<opset="R_Z_addr/2 "/>
</bind>
</comp>

<comp id="82" class="1004" name="grp_access_fu_82">
<pin_list>
<pin id="83" dir="0" index="0" bw="4" slack="0"/>
<pin id="84" dir="0" index="1" bw="64" slack="2147483647"/>
<pin id="85" dir="0" index="2" bw="0" slack="2147483647"/>
<pin id="86" dir="1" index="3" bw="64" slack="0"/>
</pin_list>
<bind>
<opcode="load(27) " fcode="load"/>
<opset="R_Z_load/2 "/>
</bind>
</comp>

<comp id="88" class="1004" name="coeff_addr_gep_fu_88">
<pin_list>
<pin id="89" dir="0" index="0" bw="64" slack="0"/>
<pin id="90" dir="0" index="1" bw="1" slack="0"/>
<pin id="91" dir="0" index="2" bw="6" slack="0"/>
<pin id="92" dir="1" index="3" bw="6" slack="2147483647"/>
</pin_list>
<bind>
<opcode="getelementptr(29) " fcode="getelementptr"/>
<opset="coeff_addr/4 "/>
</bind>
</comp>

<comp id="95" class="1004" name="store_ln24_access_fu_95">
<pin_list>
<pin id="96" dir="0" index="0" bw="6" slack="2147483647"/>
<pin id="97" dir="0" index="1" bw="64" slack="1"/>
<pin id="98" dir="0" index="2" bw="8" slack="2147483647"/>
<pin id="99" dir="1" index="3" bw="64" slack="2147483647"/>
</pin_list>
<bind>
<opcode="store(28) " fcode="store"/>
<opset="store_ln24/4 "/>
</bind>
</comp>

<comp id="100" class="1005" name="carry_reg_100">
<pin_list>
<pin id="101" dir="0" index="0" bw="1" slack="2"/>
<pin id="102" dir="1" index="1" bw="1" slack="2"/>
</pin_list>
<bind>
<opset="carry (phireg) "/>
</bind>
</comp>

<comp id="104" class="1004" name="carry_phi_fu_104">
<pin_list>
<pin id="105" dir="0" index="0" bw="1" slack="2"/>
<pin id="106" dir="0" index="1" bw="0" slack="2147483647"/>
<pin id="107" dir="0" index="2" bw="1" slack="0"/>
<pin id="108" dir="0" index="3" bw="0" slack="2147483647"/>
<pin id="109" dir="1" index="4" bw="1" slack="0"/>
</pin_list>
<bind>
<opcode="phi(47) " fcode="phi"/>
<opset="carry/3 "/>
</bind>
</comp>

<comp id="111" class="1004" name="store_ln20_store_fu_111">
<pin_list>
<pin id="112" dir="0" index="0" bw="1" slack="0"/>
<pin id="113" dir="0" index="1" bw="4" slack="0"/>
<pin id="114" dir="1" index="2" bw="0" slack="2147483647"/>
</pin_list>
<bind>
<opcode="store(28) " fcode="store"/>
<opset="store_ln20/1 "/>
</bind>
</comp>

<comp id="116" class="1004" name="i_216_load_fu_116">
<pin_list>
<pin id="117" dir="0" index="0" bw="4" slack="0"/>
<pin id="118" dir="1" index="1" bw="4" slack="0"/>
</pin_list>
<bind>
<opcode="load(27) " fcode="load"/>
<opset="i_216/1 "/>
</bind>
</comp>

<comp id="119" class="1004" name="icmp_ln23_fu_119">
<pin_list>
<pin id="120" dir="0" index="0" bw="4" slack="0"/>
<pin id="121" dir="0" index="1" bw="4" slack="0"/>
<pin id="122" dir="1" index="2" bw="1" slack="1"/>
</pin_list>
<bind>
<opcode="icmp(45) " fcode="icmp"/>
<opset="icmp_ln23/1 "/>
</bind>
</comp>

<comp id="125" class="1004" name="add_ln23_fu_125">
<pin_list>
<pin id="126" dir="0" index="0" bw="4" slack="0"/>
<pin id="127" dir="0" index="1" bw="1" slack="0"/>
<pin id="128" dir="1" index="2" bw="4" slack="0"/>
</pin_list>
<bind>
<opcode="add(8) " fcode="add"/>
<opset="add_ln23/1 "/>
</bind>
</comp>

<comp id="131" class="1004" name="trunc_ln24_fu_131">
<pin_list>
<pin id="132" dir="0" index="0" bw="4" slack="0"/>
<pin id="133" dir="1" index="1" bw="3" slack="0"/>
</pin_list>
<bind>
<opcode="trunc(33) " fcode="trunc"/>
<opset="trunc_ln24/1 "/>
</bind>
</comp>

<comp id="135" class="1004" name="zext_ln24_6_fu_135">
<pin_list>
<pin id="136" dir="0" index="0" bw="4" slack="0"/>
<pin id="137" dir="0" index="1" bw="1" slack="0"/>
<pin id="138" dir="0" index="2" bw="3" slack="0"/>
<pin id="139" dir="1" index="3" bw="4" slack="0"/>
</pin_list>
<bind>
<opcode="bitconcatenate(1004) " fcode="bitconcatenate"/>
<opset="zext_ln24_6/1 "/>
</bind>
</comp>

<comp id="143" class="1004" name="zext_ln24_10_fu_143">
<pin_list>
<pin id="144" dir="0" index="0" bw="4" slack="0"/>
<pin id="145" dir="1" index="1" bw="64" slack="0"/>
</pin_list>
<bind>
<opcode="zext(34) " fcode="zext"/>
<opset="zext_ln24_10/1 "/>
</bind>
</comp>

<comp id="148" class="1004" name="store_ln20_store_fu_148">
<pin_list>
<pin id="149" dir="0" index="0" bw="4" slack="0"/>
<pin id="150" dir="0" index="1" bw="4" slack="0"/>
<pin id="151" dir="1" index="2" bw="0" slack="2147483647"/>
</pin_list>
<bind>
<opcode="store(28) " fcode="store"/>
<opset="store_ln20/1 "/>
</bind>
</comp>

<comp id="153" class="1004" name="zext_ln24_7_fu_153">
<pin_list>
<pin id="154" dir="0" index="0" bw="1" slack="0"/>
<pin id="155" dir="1" index="1" bw="64" slack="0"/>
</pin_list>
<bind>
<opcode="zext(34) " fcode="zext"/>
<opset="zext_ln24_7/3 "/>
</bind>
</comp>

<comp id="157" class="1004" name="tempReg_fu_157">
<pin_list>
<pin id="158" dir="0" index="0" bw="64" slack="1"/>
<pin id="159" dir="0" index="1" bw="1" slack="0"/>
<pin id="160" dir="1" index="2" bw="64" slack="0"/>
</pin_list>
<bind>
<opcode="add(8) " fcode="add"/>
<opset="tempReg/3 "/>
</bind>
</comp>

<comp id="162" class="1004" name="add_ln24_fu_162">
<pin_list>
<pin id="163" dir="0" index="0" bw="64" slack="0"/>
<pin id="164" dir="0" index="1" bw="64" slack="0"/>
<pin id="165" dir="1" index="2" bw="64" slack="0"/>
</pin_list>
<bind>
<opcode="add(8) " fcode="add"/>
<opset="add_ln24/3 "/>
</bind>
</comp>

<comp id="168" class="1004" name="xor_ln24_fu_168">
<pin_list>
<pin id="169" dir="0" index="0" bw="64" slack="0"/>
<pin id="170" dir="0" index="1" bw="64" slack="0"/>
<pin id="171" dir="1" index="2" bw="64" slack="0"/>
</pin_list>
<bind>
<opcode="xor(25) " fcode="xor"/>
<opset="xor_ln24/3 "/>
</bind>
</comp>

<comp id="174" class="1004" name="xor_ln24_13_fu_174">
<pin_list>
<pin id="175" dir="0" index="0" bw="64" slack="0"/>
<pin id="176" dir="0" index="1" bw="64" slack="0"/>
<pin id="177" dir="1" index="2" bw="64" slack="0"/>
</pin_list>
<bind>
<opcode="xor(25) " fcode="xor"/>
<opset="xor_ln24_13/3 "/>
</bind>
</comp>

<comp id="180" class="1004" name="or_ln24_fu_180">
<pin_list>
<pin id="181" dir="0" index="0" bw="64" slack="0"/>
<pin id="182" dir="0" index="1" bw="64" slack="0"/>
<pin id="183" dir="1" index="2" bw="64" slack="0"/>
</pin_list>
<bind>
<opcode="or(24) " fcode="or"/>
<opset="or_ln24/3 "/>
</bind>
</comp>

<comp id="186" class="1004" name="bit_sel_fu_186">
<pin_list>
<pin id="187" dir="0" index="0" bw="1" slack="0"/>
<pin id="188" dir="0" index="1" bw="64" slack="0"/>
<pin id="189" dir="0" index="2" bw="7" slack="0"/>
<pin id="190" dir="1" index="3" bw="1" slack="0"/>
</pin_list>
<bind>
<opcode="bitselect(1000) " fcode="bitselect"/>
<opset="bit_sel/3 "/>
</bind>
</comp>

<comp id="194" class="1004" name="xor_ln24_14_fu_194">
<pin_list>
<pin id="195" dir="0" index="0" bw="1" slack="0"/>
<pin id="196" dir="0" index="1" bw="1" slack="0"/>
<pin id="197" dir="1" index="2" bw="1" slack="0"/>
</pin_list>
<bind>
<opcode="xor(25) " fcode="xor"/>
<opset="xor_ln24_14/3 "/>
</bind>
</comp>

<comp id="200" class="1004" name="trunc_ln24_3_fu_200">
<pin_list>
<pin id="201" dir="0" index="0" bw="64" slack="0"/>
<pin id="202" dir="1" index="1" bw="63" slack="0"/>
</pin_list>
<bind>
<opcode="trunc(33) " fcode="trunc"/>
<opset="trunc_ln24_3/3 "/>
</bind>
</comp>

<comp id="204" class="1004" name="xor_ln24_s_fu_204">
<pin_list>
<pin id="205" dir="0" index="0" bw="64" slack="0"/>
<pin id="206" dir="0" index="1" bw="1" slack="0"/>
<pin id="207" dir="0" index="2" bw="63" slack="0"/>
<pin id="208" dir="1" index="3" bw="64" slack="0"/>
</pin_list>
<bind>
<opcode="bitconcatenate(1004) " fcode="bitconcatenate"/>
<opset="xor_ln24_s/3 "/>
</bind>
</comp>

<comp id="212" class="1004" name="and_ln24_fu_212">
<pin_list>
<pin id="213" dir="0" index="0" bw="64" slack="1"/>
<pin id="214" dir="0" index="1" bw="64" slack="0"/>
<pin id="215" dir="1" index="2" bw="64" slack="0"/>
</pin_list>
<bind>
<opcode="and(23) " fcode="and"/>
<opset="and_ln24/3 "/>
</bind>
</comp>

<comp id="217" class="1004" name="xor_ln24_15_fu_217">
<pin_list>
<pin id="218" dir="0" index="0" bw="64" slack="0"/>
<pin id="219" dir="0" index="1" bw="64" slack="0"/>
<pin id="220" dir="1" index="2" bw="64" slack="0"/>
</pin_list>
<bind>
<opcode="xor(25) " fcode="xor"/>
<opset="xor_ln24_15/3 "/>
</bind>
</comp>

<comp id="223" class="1004" name="or_ln24_5_fu_223">
<pin_list>
<pin id="224" dir="0" index="0" bw="64" slack="0"/>
<pin id="225" dir="0" index="1" bw="64" slack="0"/>
<pin id="226" dir="1" index="2" bw="64" slack="0"/>
</pin_list>
<bind>
<opcode="or(24) " fcode="or"/>
<opset="or_ln24_5/3 "/>
</bind>
</comp>

<comp id="229" class="1004" name="tmp_fu_229">
<pin_list>
<pin id="230" dir="0" index="0" bw="1" slack="0"/>
<pin id="231" dir="0" index="1" bw="64" slack="0"/>
<pin id="232" dir="0" index="2" bw="7" slack="0"/>
<pin id="233" dir="1" index="3" bw="1" slack="0"/>
</pin_list>
<bind>
<opcode="bitselect(1000) " fcode="bitselect"/>
<opset="tmp/3 "/>
</bind>
</comp>

<comp id="237" class="1004" name="zext_ln_fu_237">
<pin_list>
<pin id="238" dir="0" index="0" bw="6" slack="0"/>
<pin id="239" dir="0" index="1" bw="3" slack="0"/>
<pin id="240" dir="0" index="2" bw="3" slack="3"/>
<pin id="241" dir="1" index="3" bw="6" slack="0"/>
</pin_list>
<bind>
<opcode="bitconcatenate(1004) " fcode="bitconcatenate"/>
<opset="zext_ln/4 "/>
</bind>
</comp>

<comp id="244" class="1004" name="zext_ln24_fu_244">
<pin_list>
<pin id="245" dir="0" index="0" bw="6" slack="0"/>
<pin id="246" dir="1" index="1" bw="64" slack="0"/>
</pin_list>
<bind>
<opcode="zext(34) " fcode="zext"/>
<opset="zext_ln24/4 "/>
</bind>
</comp>

<comp id="249" class="1005" name="i_reg_249">
<pin_list>
<pin id="250" dir="0" index="0" bw="4" slack="0"/>
<pin id="251" dir="1" index="1" bw="4" slack="0"/>
</pin_list>
<bind>
<opset="i "/>
</bind>
</comp>

<comp id="256" class="1005" name="icmp_ln23_reg_256">
<pin_list>
<pin id="257" dir="0" index="0" bw="1" slack="1"/>
<pin id="258" dir="1" index="1" bw="1" slack="2147483647"/>
</pin_list>
<bind>
<opset="icmp_ln23 "/>
</bind>
</comp>

<comp id="260" class="1005" name="trunc_ln24_reg_260">
<pin_list>
<pin id="261" dir="0" index="0" bw="3" slack="3"/>
<pin id="262" dir="1" index="1" bw="3" slack="3"/>
</pin_list>
<bind>
<opset="trunc_ln24 "/>
</bind>
</comp>

<comp id="265" class="1005" name="zext_ln24_10_reg_265">
<pin_list>
<pin id="266" dir="0" index="0" bw="64" slack="1"/>
<pin id="267" dir="1" index="1" bw="64" slack="1"/>
</pin_list>
<bind>
<opset="zext_ln24_10 "/>
</bind>
</comp>

<comp id="270" class="1005" name="R_X_addr_reg_270">
<pin_list>
<pin id="271" dir="0" index="0" bw="4" slack="1"/>
<pin id="272" dir="1" index="1" bw="4" slack="1"/>
</pin_list>
<bind>
<opset="R_X_addr "/>
</bind>
</comp>

<comp id="275" class="1005" name="R_X_load_reg_275">
<pin_list>
<pin id="276" dir="0" index="0" bw="64" slack="1"/>
<pin id="277" dir="1" index="1" bw="64" slack="1"/>
</pin_list>
<bind>
<opset="R_X_load "/>
</bind>
</comp>

<comp id="281" class="1005" name="R_Z_addr_reg_281">
<pin_list>
<pin id="282" dir="0" index="0" bw="4" slack="1"/>
<pin id="283" dir="1" index="1" bw="4" slack="1"/>
</pin_list>
<bind>
<opset="R_Z_addr "/>
</bind>
</comp>

<comp id="286" class="1005" name="add_ln24_reg_286">
<pin_list>
<pin id="287" dir="0" index="0" bw="64" slack="1"/>
<pin id="288" dir="1" index="1" bw="64" slack="1"/>
</pin_list>
<bind>
<opset="add_ln24 "/>
</bind>
</comp>

<comp id="291" class="1005" name="tmp_reg_291">
<pin_list>
<pin id="292" dir="0" index="0" bw="1" slack="0"/>
<pin id="293" dir="1" index="1" bw="1" slack="0"/>
</pin_list>
<bind>
<opset="tmp "/>
</bind>
</comp>

</comp_list>

<net_list>
<net id="61"><net_src comp="6" pin="0"/><net_sink comp="58" pin=0"/></net>

<net id="67"><net_src comp="0" pin="0"/><net_sink comp="62" pin=0"/></net>

<net id="68"><net_src comp="20" pin="0"/><net_sink comp="62" pin=1"/></net>

<net id="74"><net_src comp="62" pin="3"/><net_sink comp="69" pin=0"/></net>

<net id="80"><net_src comp="2" pin="0"/><net_sink comp="75" pin=0"/></net>

<net id="81"><net_src comp="20" pin="0"/><net_sink comp="75" pin=1"/></net>

<net id="87"><net_src comp="75" pin="3"/><net_sink comp="82" pin=0"/></net>

<net id="93"><net_src comp="4" pin="0"/><net_sink comp="88" pin=0"/></net>

<net id="94"><net_src comp="20" pin="0"/><net_sink comp="88" pin=1"/></net>

<net id="103"><net_src comp="22" pin="0"/><net_sink comp="100" pin=0"/></net>

<net id="110"><net_src comp="100" pin="1"/><net_sink comp="104" pin=0"/></net>

<net id="115"><net_src comp="10" pin="0"/><net_sink comp="111" pin=0"/></net>

<net id="123"><net_src comp="116" pin="1"/><net_sink comp="119" pin=0"/></net>

<net id="124"><net_src comp="12" pin="0"/><net_sink comp="119" pin=1"/></net>

<net id="129"><net_src comp="116" pin="1"/><net_sink comp="125" pin=0"/></net>

<net id="130"><net_src comp="14" pin="0"/><net_sink comp="125" pin=1"/></net>

<net id="134"><net_src comp="116" pin="1"/><net_sink comp="131" pin=0"/></net>

<net id="140"><net_src comp="16" pin="0"/><net_sink comp="135" pin=0"/></net>

<net id="141"><net_src comp="18" pin="0"/><net_sink comp="135" pin=1"/></net>

<net id="142"><net_src comp="131" pin="1"/><net_sink comp="135" pin=2"/></net>

<net id="146"><net_src comp="135" pin="3"/><net_sink comp="143" pin=0"/></net>

<net id="147"><net_src comp="143" pin="1"/><net_sink comp="62" pin=2"/></net>

<net id="152"><net_src comp="125" pin="2"/><net_sink comp="148" pin=0"/></net>

<net id="156"><net_src comp="104" pin="4"/><net_sink comp="153" pin=0"/></net>

<net id="161"><net_src comp="153" pin="1"/><net_sink comp="157" pin=1"/></net>

<net id="166"><net_src comp="82" pin="3"/><net_sink comp="162" pin=0"/></net>

<net id="167"><net_src comp="157" pin="2"/><net_sink comp="162" pin=1"/></net>

<net id="172"><net_src comp="162" pin="2"/><net_sink comp="168" pin=0"/></net>

<net id="173"><net_src comp="157" pin="2"/><net_sink comp="168" pin=1"/></net>

<net id="178"><net_src comp="82" pin="3"/><net_sink comp="174" pin=0"/></net>

<net id="179"><net_src comp="157" pin="2"/><net_sink comp="174" pin=1"/></net>

<net id="184"><net_src comp="168" pin="2"/><net_sink comp="180" pin=0"/></net>

<net id="185"><net_src comp="174" pin="2"/><net_sink comp="180" pin=1"/></net>

<net id="191"><net_src comp="24" pin="0"/><net_sink comp="186" pin=0"/></net>

<net id="192"><net_src comp="157" pin="2"/><net_sink comp="186" pin=1"/></net>

<net id="193"><net_src comp="26" pin="0"/><net_sink comp="186" pin=2"/></net>

<net id="198"><net_src comp="186" pin="3"/><net_sink comp="194" pin=0"/></net>

<net id="199"><net_src comp="18" pin="0"/><net_sink comp="194" pin=1"/></net>

<net id="203"><net_src comp="157" pin="2"/><net_sink comp="200" pin=0"/></net>

<net id="209"><net_src comp="28" pin="0"/><net_sink comp="204" pin=0"/></net>

<net id="210"><net_src comp="194" pin="2"/><net_sink comp="204" pin=1"/></net>

<net id="211"><net_src comp="200" pin="1"/><net_sink comp="204" pin=2"/></net>

<net id="216"><net_src comp="204" pin="3"/><net_sink comp="212" pin=1"/></net>

<net id="221"><net_src comp="180" pin="2"/><net_sink comp="217" pin=0"/></net>

<net id="222"><net_src comp="162" pin="2"/><net_sink comp="217" pin=1"/></net>

<net id="227"><net_src comp="217" pin="2"/><net_sink comp="223" pin=0"/></net>

<net id="228"><net_src comp="212" pin="2"/><net_sink comp="223" pin=1"/></net>

<net id="234"><net_src comp="30" pin="0"/><net_sink comp="229" pin=0"/></net>

<net id="235"><net_src comp="223" pin="2"/><net_sink comp="229" pin=1"/></net>

<net id="236"><net_src comp="32" pin="0"/><net_sink comp="229" pin=2"/></net>

<net id="242"><net_src comp="50" pin="0"/><net_sink comp="237" pin=0"/></net>

<net id="243"><net_src comp="52" pin="0"/><net_sink comp="237" pin=1"/></net>

<net id="247"><net_src comp="237" pin="3"/><net_sink comp="244" pin=0"/></net>

<net id="248"><net_src comp="244" pin="1"/><net_sink comp="88" pin=2"/></net>

<net id="252"><net_src comp="58" pin="1"/><net_sink comp="249" pin=0"/></net>

<net id="253"><net_src comp="249" pin="1"/><net_sink comp="111" pin=1"/></net>

<net id="254"><net_src comp="249" pin="1"/><net_sink comp="116" pin=0"/></net>

<net id="255"><net_src comp="249" pin="1"/><net_sink comp="148" pin=1"/></net>

<net id="259"><net_src comp="119" pin="2"/><net_sink comp="256" pin=0"/></net>

<net id="263"><net_src comp="131" pin="1"/><net_sink comp="260" pin=0"/></net>

<net id="264"><net_src comp="260" pin="1"/><net_sink comp="237" pin=2"/></net>

<net id="268"><net_src comp="143" pin="1"/><net_sink comp="265" pin=0"/></net>

<net id="269"><net_src comp="265" pin="1"/><net_sink comp="75" pin=2"/></net>

<net id="273"><net_src comp="62" pin="3"/><net_sink comp="270" pin=0"/></net>

<net id="274"><net_src comp="270" pin="1"/><net_sink comp="69" pin=0"/></net>

<net id="278"><net_src comp="69" pin="3"/><net_sink comp="275" pin=0"/></net>

<net id="279"><net_src comp="275" pin="1"/><net_sink comp="157" pin=0"/></net>

<net id="280"><net_src comp="275" pin="1"/><net_sink comp="212" pin=0"/></net>

<net id="284"><net_src comp="75" pin="3"/><net_sink comp="281" pin=0"/></net>

<net id="285"><net_src comp="281" pin="1"/><net_sink comp="82" pin=0"/></net>

<net id="289"><net_src comp="162" pin="2"/><net_sink comp="286" pin=0"/></net>

<net id="290"><net_src comp="286" pin="1"/><net_sink comp="95" pin=1"/></net>

<net id="294"><net_src comp="229" pin="3"/><net_sink comp="291" pin=0"/></net>

<net id="295"><net_src comp="291" pin="1"/><net_sink comp="104" pin=2"/></net>

</net_list>

</model> 
---------------- Datapath Model END ------------------

* FSMD analyzer results:
  - Output states:
	Port: coeff | {4 }
 - Input state : 
	Port: fpadd503.6_Pipeline_VITIS_LOOP_23_1 : R_X | {1 2 }
	Port: fpadd503.6_Pipeline_VITIS_LOOP_23_1 : R_Z | {2 3 }
  - Chain level:
	State 1
		store_ln20 : 1
		i_216 : 1
		icmp_ln23 : 2
		add_ln23 : 2
		br_ln23 : 3
		trunc_ln24 : 2
		zext_ln24_6 : 3
		zext_ln24_10 : 4
		R_X_addr : 5
		R_X_load : 6
		store_ln20 : 3
	State 2
		R_Z_load : 1
	State 3
		zext_ln24_7 : 1
		tempReg : 2
		add_ln24 : 3
		xor_ln24 : 4
		xor_ln24_13 : 3
		or_ln24 : 4
		bit_sel : 3
		xor_ln24_14 : 4
		trunc_ln24_3 : 3
		xor_ln24_s : 4
		and_ln24 : 5
		xor_ln24_15 : 4
		or_ln24_5 : 5
		tmp : 5
	State 4
		zext_ln24 : 1
		coeff_addr : 2
		store_ln24 : 3


============================================================
+ Verbose Summary: Datapath Resource usage 
============================================================

* Functional unit list:
|----------|---------------------|---------|---------|
| Operation|   Functional Unit   |    FF   |   LUT   |
|----------|---------------------|---------|---------|
|          |   xor_ln24_fu_168   |    0    |    64   |
|    xor   |  xor_ln24_13_fu_174 |    0    |    64   |
|          |  xor_ln24_14_fu_194 |    0    |    1    |
|          |  xor_ln24_15_fu_217 |    0    |    64   |
|----------|---------------------|---------|---------|
|          |   add_ln23_fu_125   |    0    |    6    |
|    add   |    tempReg_fu_157   |    0    |    64   |
|          |   add_ln24_fu_162   |    0    |    64   |
|----------|---------------------|---------|---------|
|    or    |    or_ln24_fu_180   |    0    |    64   |
|          |   or_ln24_5_fu_223  |    0    |    64   |
|----------|---------------------|---------|---------|
|    and   |   and_ln24_fu_212   |    0    |    64   |
|----------|---------------------|---------|---------|
|   icmp   |   icmp_ln23_fu_119  |    0    |    6    |
|----------|---------------------|---------|---------|
|   trunc  |  trunc_ln24_fu_131  |    0    |    0    |
|          | trunc_ln24_3_fu_200 |    0    |    0    |
|----------|---------------------|---------|---------|
|          |  zext_ln24_6_fu_135 |    0    |    0    |
|bitconcatenate|  xor_ln24_s_fu_204  |    0    |    0    |
|          |    zext_ln_fu_237   |    0    |    0    |
|----------|---------------------|---------|---------|
|          | zext_ln24_10_fu_143 |    0    |    0    |
|   zext   |  zext_ln24_7_fu_153 |    0    |    0    |
|          |   zext_ln24_fu_244  |    0    |    0    |
|----------|---------------------|---------|---------|
| bitselect|    bit_sel_fu_186   |    0    |    0    |
|          |      tmp_fu_229     |    0    |    0    |
|----------|---------------------|---------|---------|
|   Total  |                     |    0    |   525   |
|----------|---------------------|---------|---------|

Memories:
N/A

* Register list:
+--------------------+--------+
|                    |   FF   |
+--------------------+--------+
|  R_X_addr_reg_270  |    4   |
|  R_X_load_reg_275  |   64   |
|  R_Z_addr_reg_281  |    4   |
|  add_ln24_reg_286  |   64   |
|    carry_reg_100   |    1   |
|      i_reg_249     |    4   |
|  icmp_ln23_reg_256 |    1   |
|     tmp_reg_291    |    1   |
| trunc_ln24_reg_260 |    3   |
|zext_ln24_10_reg_265|   64   |
+--------------------+--------+
|        Total       |   210  |
+--------------------+--------+

* Multiplexer (MUX) list: 
|------------------|------|------|------|--------||---------||---------||---------|
|       Comp       |  Pin | Size |  BW  | S x BW ||  Delay  ||    FF   ||   LUT   |
|------------------|------|------|------|--------||---------||---------||---------|
| grp_access_fu_69 |  p0  |   2  |   4  |    8   ||    0    ||    9    |
| grp_access_fu_82 |  p0  |   2  |   4  |    8   ||    0    ||    9    |
|------------------|------|------|------|--------||---------||---------||---------|
|       Total      |      |      |      |   16   ||  2.596  ||    0    ||    18   |
|------------------|------|------|------|--------||---------||---------||---------|



* Summary:
+-----------+--------+--------+--------+
|           |  Delay |   FF   |   LUT  |
+-----------+--------+--------+--------+
|  Function |    -   |    0   |   525  |
|   Memory  |    -   |    -   |    -   |
|Multiplexer|    2   |    0   |   18   |
|  Register |    -   |   210  |    -   |
+-----------+--------+--------+--------+
|   Total   |    2   |   210  |   543  |
+-----------+--------+--------+--------+
