

================================================================
== Vitis HLS Report for 'fpsub503_144_Pipeline_VITIS_LOOP_47_1'
================================================================
* Date:           Wed Jul  2 14:04:01 2025

* Version:        2024.2.2 (Build 6049644 on Mar  5 2025)
* Project:        sikep503_hls
* Solution:       solution1 (Vivado IP Flow Target)
* Product family: zynq
* Target device:  xc7z045-ffg900-2


================================================================
== Performance Estimates
================================================================
+ Timing: 
    * Summary: 
    +--------+----------+----------+------------+
    |  Clock |  Target  | Estimated| Uncertainty|
    +--------+----------+----------+------------+
    |ap_clk  |  10.00 ns|  6.267 ns|     2.70 ns|
    +--------+----------+----------+------------+

+ Latency: 
    * Summary: 
    +---------+---------+----------+----------+-----+-----+------------------------------------------------+
    |  Latency (cycles) |  Latency (absolute) |  Interval |                    Pipeline                    |
    |   min   |   max   |    min   |    max   | min | max |                      Type                      |
    +---------+---------+----------+----------+-----+-----+------------------------------------------------+
    |       11|       11|  0.110 us|  0.110 us|    9|    9|  loop auto-rewind stp (delay=0 clock cycles(s))|
    +---------+---------+----------+----------+-----+-----+------------------------------------------------+

    + Detail: 
        * Instance: 
        N/A

        * Loop: 
        +-------------------+---------+---------+----------+-----------+-----------+------+----------+
        |                   |  Latency (cycles) | Iteration|  Initiation Interval  | Trip |          |
        |     Loop Name     |   min   |   max   |  Latency |  achieved |   target  | Count| Pipelined|
        +-------------------+---------+---------+----------+-----------+-----------+------+----------+
        |- VITIS_LOOP_47_1  |        9|        9|         3|          1|          1|     8|       yes|
        +-------------------+---------+---------+----------+-----------+-----------+------+----------+

============================================================
+ Verbose Summary: Synthesis Manager
============================================================
InlineROM: 1
ExposeGlobal: 0
============================================================
+ Verbose Summary: CDFG Model
============================================================
IsTopModel: 0
ResetActiveHigh: 1
IsCombinational: 0
IsDatapathOnly: 0
HasWiredReturn: 1
HasMFsm: 2
HasVarLatency: 1
IsPipeline: 0
IsRtlPipelined: 0
IsInstanceOverlapped: 0
IsDontTouch: 0
HasImplIP: 0
IsGatedGlobalClock: 0

+ Individual pipeline summary: 
  * Pipeline-0: initiation interval (II) = 1, depth = 3


============================================================
+ Verbose Summary: Schedule
============================================================
* Number of FSM states : 3
* Pipeline : 1
  Pipeline-0 : II = 1, D = 3, States = { 1 2 3 }
* Dataflow Pipeline: 0

* FSM state transitions: 
1 --> 2 
2 --> 3 
3 --> 

* FSM state operations: 

State 1 <SV = 0> <Delay = 5.38>
ST_1 : Operation 6 [1/1] (0.00ns)   --->   "%i = alloca i32 1" [src/generic/fp_generic.c:44]   --->   Operation 6 'alloca' 'i' <Predicate = true> <Delay = 0.00>
ST_1 : Operation 7 [1/1] (0.00ns)   --->   "%specmemcore_ln0 = specmemcore void @_ssdm_op_SpecMemCore, i64 %a, i64 666, i64 18, i64 18446744073709551615"   --->   Operation 7 'specmemcore' 'specmemcore_ln0' <Predicate = true> <Delay = 0.00>
ST_1 : Operation 8 [1/1] (0.00ns)   --->   "%specmemcore_ln0 = specmemcore void @_ssdm_op_SpecMemCore, i64 %b, i64 666, i64 18, i64 18446744073709551615"   --->   Operation 8 'specmemcore' 'specmemcore_ln0' <Predicate = true> <Delay = 0.00>
ST_1 : Operation 9 [1/1] (0.00ns)   --->   "%zext_ln48_25_read = read i4 @_ssdm_op_Read.ap_auto.i4, i4 %zext_ln48_25"   --->   Operation 9 'read' 'zext_ln48_25_read' <Predicate = true> <Delay = 0.00>
ST_1 : Operation 10 [1/1] (0.00ns)   --->   "%zext_ln48_26_read = read i7 @_ssdm_op_Read.ap_auto.i7, i7 %zext_ln48_26"   --->   Operation 10 'read' 'zext_ln48_26_read' <Predicate = true> <Delay = 0.00>
ST_1 : Operation 11 [1/1] (0.00ns)   --->   "%zext_ln48_27_read = read i7 @_ssdm_op_Read.ap_auto.i7, i7 %zext_ln48_27"   --->   Operation 11 'read' 'zext_ln48_27_read' <Predicate = true> <Delay = 0.00>
ST_1 : Operation 12 [1/1] (1.29ns)   --->   "%store_ln44 = store i4 0, i4 %i" [src/generic/fp_generic.c:44]   --->   Operation 12 'store' 'store_ln44' <Predicate = true> <Delay = 1.29>
ST_1 : Operation 13 [1/1] (1.29ns)   --->   "%br_ln0 = br void %for.inc"   --->   Operation 13 'br' 'br_ln0' <Predicate = true> <Delay = 1.29>
ST_1 : Operation 14 [1/1] (0.00ns)   --->   "%i_108 = load i4 %i" [src/generic/fp_generic.c:48]   --->   Operation 14 'load' 'i_108' <Predicate = true> <Delay = 0.00>
ST_1 : Operation 15 [1/1] (0.99ns)   --->   "%icmp_ln47 = icmp_eq  i4 %i_108, i4 8" [src/generic/fp_generic.c:47]   --->   Operation 15 'icmp' 'icmp_ln47' <Predicate = true> <Delay = 0.99> <CoreInst = "Cmp">   --->   Core 9 'Cmp' <Latency = 0> <II = 1> <Delay = 0.99> <FuncUnit> <Opcode : 'seteq' 'setne' 'setle' 'setge' 'setlt' 'setgt'> <InPorts = 2> <OutPorts = 1>
ST_1 : Operation 16 [1/1] (0.99ns)   --->   "%add_ln47 = add i4 %i_108, i4 1" [src/generic/fp_generic.c:47]   --->   Operation 16 'add' 'add_ln47' <Predicate = true> <Delay = 0.99> <CoreInst = "Adder">   --->   Core 1 'Adder' <Latency = 0> <II = 1> <Delay = 0.99> <FuncUnit> <Opcode : 'add' 'sub'> <InPorts = 2> <OutPorts = 1>
ST_1 : Operation 17 [1/1] (0.00ns)   --->   "%zext_ln48_16 = zext i4 %i_108" [src/generic/fp_generic.c:48]   --->   Operation 17 'zext' 'zext_ln48_16' <Predicate = (!icmp_ln47)> <Delay = 0.00>
ST_1 : Operation 18 [1/1] (1.31ns)   --->   "%add_ln48 = add i7 %zext_ln48_27_read, i7 %zext_ln48_16" [src/generic/fp_generic.c:48]   --->   Operation 18 'add' 'add_ln48' <Predicate = (!icmp_ln47)> <Delay = 1.31> <CoreInst = "Adder">   --->   Core 1 'Adder' <Latency = 0> <II = 1> <Delay = 1.31> <FuncUnit> <Opcode : 'add' 'sub'> <InPorts = 2> <OutPorts = 1>
ST_1 : Operation 19 [1/1] (0.00ns)   --->   "%zext_ln48_17 = zext i7 %add_ln48" [src/generic/fp_generic.c:48]   --->   Operation 19 'zext' 'zext_ln48_17' <Predicate = (!icmp_ln47)> <Delay = 0.00>
ST_1 : Operation 20 [1/1] (0.00ns)   --->   "%a_addr = getelementptr i64 %a, i64 0, i64 %zext_ln48_17" [src/generic/fp_generic.c:48]   --->   Operation 20 'getelementptr' 'a_addr' <Predicate = (!icmp_ln47)> <Delay = 0.00>
ST_1 : Operation 21 [1/1] (1.31ns)   --->   "%add_ln48_5 = add i7 %zext_ln48_26_read, i7 %zext_ln48_16" [src/generic/fp_generic.c:48]   --->   Operation 21 'add' 'add_ln48_5' <Predicate = (!icmp_ln47)> <Delay = 1.31> <CoreInst = "Adder">   --->   Core 1 'Adder' <Latency = 0> <II = 1> <Delay = 1.31> <FuncUnit> <Opcode : 'add' 'sub'> <InPorts = 2> <OutPorts = 1>
ST_1 : Operation 22 [1/1] (0.00ns)   --->   "%zext_ln48_18 = zext i7 %add_ln48_5" [src/generic/fp_generic.c:48]   --->   Operation 22 'zext' 'zext_ln48_18' <Predicate = (!icmp_ln47)> <Delay = 0.00>
ST_1 : Operation 23 [1/1] (0.00ns)   --->   "%b_addr = getelementptr i64 %b, i64 0, i64 %zext_ln48_18" [src/generic/fp_generic.c:48]   --->   Operation 23 'getelementptr' 'b_addr' <Predicate = (!icmp_ln47)> <Delay = 0.00>
ST_1 : Operation 24 [1/1] (0.99ns)   --->   "%add_ln48_6 = add i4 %zext_ln48_25_read, i4 %i_108" [src/generic/fp_generic.c:48]   --->   Operation 24 'add' 'add_ln48_6' <Predicate = (!icmp_ln47)> <Delay = 0.99> <CoreInst = "Adder">   --->   Core 1 'Adder' <Latency = 0> <II = 1> <Delay = 0.99> <FuncUnit> <Opcode : 'add' 'sub'> <InPorts = 2> <OutPorts = 1>
ST_1 : Operation 25 [2/2] (2.77ns)   --->   "%a_load = load i7 %a_addr" [src/generic/fp_generic.c:48]   --->   Operation 25 'load' 'a_load' <Predicate = (!icmp_ln47)> <Delay = 2.77> <CoreInst = "RAM_1P_BRAM">   --->   Core 87 'RAM_1P_BRAM' <Latency = 1> <II = 1> <Delay = 2.77> <Storage> <Opcode : 'load' 'store'> <Ports = 1> <Width = 64> <Depth = 112> <RAM>
ST_1 : Operation 26 [2/2] (2.77ns)   --->   "%b_load = load i7 %b_addr" [src/generic/fp_generic.c:48]   --->   Operation 26 'load' 'b_load' <Predicate = (!icmp_ln47)> <Delay = 2.77> <CoreInst = "RAM_1P_BRAM">   --->   Core 87 'RAM_1P_BRAM' <Latency = 1> <II = 1> <Delay = 2.77> <Storage> <Opcode : 'load' 'store'> <Ports = 1> <Width = 64> <Depth = 112> <RAM>
ST_1 : Operation 27 [1/1] (1.29ns)   --->   "%store_ln44 = store i4 %add_ln47, i4 %i" [src/generic/fp_generic.c:44]   --->   Operation 27 'store' 'store_ln44' <Predicate = (!icmp_ln47)> <Delay = 1.29>

State 2 <SV = 1> <Delay = 6.26>
ST_2 : Operation 28 [1/1] (0.00ns)   --->   "%borrow = phi i1 0, void %newFuncRoot, i1 %borrowReg, void %for.inc.split"   --->   Operation 28 'phi' 'borrow' <Predicate = true> <Delay = 0.00>
ST_2 : Operation 29 [1/1] (0.00ns)   --->   "%br_ln47 = br i1 %icmp_ln47, void %for.inc.split, void %for.end.exitStub" [src/generic/fp_generic.c:47]   --->   Operation 29 'br' 'br_ln47' <Predicate = true> <Delay = 0.00>
ST_2 : Operation 30 [1/2] ( I:2.77ns O:2.77ns )   --->   "%a_load = load i7 %a_addr" [src/generic/fp_generic.c:48]   --->   Operation 30 'load' 'a_load' <Predicate = (!icmp_ln47)> <Delay = 2.77> <CoreInst = "RAM_1P_BRAM">   --->   Core 87 'RAM_1P_BRAM' <Latency = 1> <II = 1> <Delay = 2.77> <Storage> <Opcode : 'load' 'store'> <Ports = 1> <Width = 64> <Depth = 112> <RAM>
ST_2 : Operation 31 [1/2] ( I:2.77ns O:2.77ns )   --->   "%b_load = load i7 %b_addr" [src/generic/fp_generic.c:48]   --->   Operation 31 'load' 'b_load' <Predicate = (!icmp_ln47)> <Delay = 2.77> <CoreInst = "RAM_1P_BRAM">   --->   Core 87 'RAM_1P_BRAM' <Latency = 1> <II = 1> <Delay = 2.77> <Storage> <Opcode : 'load' 'store'> <Ports = 1> <Width = 64> <Depth = 112> <RAM>
ST_2 : Operation 32 [1/1] (2.69ns)   --->   "%tempReg = sub i64 %a_load, i64 %b_load" [src/generic/fp_generic.c:48]   --->   Operation 32 'sub' 'tempReg' <Predicate = (!icmp_ln47)> <Delay = 2.69> <CoreInst = "Adder">   --->   Core 1 'Adder' <Latency = 0> <II = 1> <Delay = 2.69> <FuncUnit> <Opcode : 'add' 'sub'> <InPorts = 2> <OutPorts = 1>
ST_2 : Operation 33 [1/1] (0.00ns) (grouped into LUT with out node tmp)   --->   "%xor_ln105 = xor i64 %b_load, i64 %a_load" [src/config.h:105->src/generic/fp_generic.c:48]   --->   Operation 33 'xor' 'xor_ln105' <Predicate = (!icmp_ln47)> <Delay = 0.00> <CoreInst = "LogicGate">   --->   Core 74 'LogicGate' <Latency = 0> <II = 1> <Delay = 0.80> <FuncUnit> <Opcode : 'and' 'or' 'xor'> <InPorts = 2> <OutPorts = 1>
ST_2 : Operation 34 [1/1] (0.00ns) (grouped into LUT with out node tmp)   --->   "%xor_ln105_82 = xor i64 %b_load, i64 %tempReg" [src/config.h:105->src/generic/fp_generic.c:48]   --->   Operation 34 'xor' 'xor_ln105_82' <Predicate = (!icmp_ln47)> <Delay = 0.00> <CoreInst = "LogicGate">   --->   Core 74 'LogicGate' <Latency = 0> <II = 1> <Delay = 0.80> <FuncUnit> <Opcode : 'and' 'or' 'xor'> <InPorts = 2> <OutPorts = 1>
ST_2 : Operation 35 [1/1] (0.00ns) (grouped into LUT with out node tmp)   --->   "%or_ln105 = or i64 %xor_ln105_82, i64 %xor_ln105" [src/config.h:105->src/generic/fp_generic.c:48]   --->   Operation 35 'or' 'or_ln105' <Predicate = (!icmp_ln47)> <Delay = 0.00> <CoreInst = "LogicGate">   --->   Core 74 'LogicGate' <Latency = 0> <II = 1> <Delay = 0.80> <FuncUnit> <Opcode : 'and' 'or' 'xor'> <InPorts = 2> <OutPorts = 1>
ST_2 : Operation 36 [1/1] (0.00ns) (grouped into LUT with out node tmp)   --->   "%xor_ln105_83 = xor i64 %a_load, i64 %or_ln105" [src/config.h:105->src/generic/fp_generic.c:48]   --->   Operation 36 'xor' 'xor_ln105_83' <Predicate = (!icmp_ln47)> <Delay = 0.00> <CoreInst = "LogicGate">   --->   Core 74 'LogicGate' <Latency = 0> <II = 1> <Delay = 0.80> <FuncUnit> <Opcode : 'and' 'or' 'xor'> <InPorts = 2> <OutPorts = 1>
ST_2 : Operation 37 [1/1] (0.80ns) (out node of the LUT)   --->   "%tmp = bitselect i1 @_ssdm_op_BitSelect.i1.i64.i32, i64 %xor_ln105_83, i32 63" [src/config.h:98->src/generic/fp_generic.c:48]   --->   Operation 37 'bitselect' 'tmp' <Predicate = (!icmp_ln47)> <Delay = 0.80>
ST_2 : Operation 53 [1/1] (0.00ns)   --->   "%write_ln48 = write void @_ssdm_op_Write.ap_auto.i1P0A, i1 %borrow_out, i1 %borrow" [src/generic/fp_generic.c:48]   --->   Operation 53 'write' 'write_ln48' <Predicate = (icmp_ln47)> <Delay = 0.00>
ST_2 : Operation 54 [1/1] (1.29ns)   --->   "%ret_ln0 = ret"   --->   Operation 54 'ret' 'ret_ln0' <Predicate = (icmp_ln47)> <Delay = 1.29>

State 3 <SV = 2> <Delay = 5.46>
ST_3 : Operation 38 [1/1] (0.00ns)   --->   "%zext_ln48_19 = zext i4 %add_ln48_6" [src/generic/fp_generic.c:48]   --->   Operation 38 'zext' 'zext_ln48_19' <Predicate = (!icmp_ln47)> <Delay = 0.00>
ST_3 : Operation 39 [1/1] (0.00ns)   --->   "%c_addr11 = getelementptr i64 %c, i64 0, i64 %zext_ln48_19" [src/generic/fp_generic.c:48]   --->   Operation 39 'getelementptr' 'c_addr11' <Predicate = (!icmp_ln47)> <Delay = 0.00>
ST_3 : Operation 40 [1/1] (0.00ns)   --->   "%specpipeline_ln44 = specpipeline void @_ssdm_op_SpecPipeline, i32 4294967295, i32 0, i32 0, i32 0, void @empty_56" [src/generic/fp_generic.c:44]   --->   Operation 40 'specpipeline' 'specpipeline_ln44' <Predicate = (!icmp_ln47)> <Delay = 0.00>
ST_3 : Operation 41 [1/1] (0.00ns)   --->   "%speclooptripcount_ln44 = speclooptripcount void @_ssdm_op_SpecLoopTripCount, i64 8, i64 8, i64 8" [src/generic/fp_generic.c:44]   --->   Operation 41 'speclooptripcount' 'speclooptripcount_ln44' <Predicate = (!icmp_ln47)> <Delay = 0.00>
ST_3 : Operation 42 [1/1] (0.00ns)   --->   "%specloopname_ln47 = specloopname void @_ssdm_op_SpecLoopName, void @empty_31" [src/generic/fp_generic.c:47]   --->   Operation 42 'specloopname' 'specloopname_ln47' <Predicate = (!icmp_ln47)> <Delay = 0.00>
ST_3 : Operation 43 [1/1] (2.69ns)   --->   "%sub_ln95 = sub i64 0, i64 %tempReg" [src/config.h:95->src/config.h:100->src/generic/fp_generic.c:48]   --->   Operation 43 'sub' 'sub_ln95' <Predicate = (!icmp_ln47)> <Delay = 2.69> <CoreInst = "Adder">   --->   Core 1 'Adder' <Latency = 0> <II = 1> <Delay = 2.69> <FuncUnit> <Opcode : 'add' 'sub'> <InPorts = 2> <OutPorts = 1>
ST_3 : Operation 44 [1/1] (0.00ns) (grouped into LUT with out node borrowReg)   --->   "%or_ln95 = or i64 %tempReg, i64 %sub_ln95" [src/config.h:95->src/config.h:100->src/generic/fp_generic.c:48]   --->   Operation 44 'or' 'or_ln95' <Predicate = (!icmp_ln47)> <Delay = 0.00> <CoreInst = "LogicGate">   --->   Core 74 'LogicGate' <Latency = 0> <II = 1> <Delay = 0.80> <FuncUnit> <Opcode : 'and' 'or' 'xor'> <InPorts = 2> <OutPorts = 1>
ST_3 : Operation 45 [1/1] (0.00ns) (grouped into LUT with out node borrowReg)   --->   "%tmp_168 = bitselect i1 @_ssdm_op_BitSelect.i1.i64.i32, i64 %or_ln95, i32 63" [src/generic/fp_generic.c:48]   --->   Operation 45 'bitselect' 'tmp_168' <Predicate = (!icmp_ln47)> <Delay = 0.00>
ST_3 : Operation 46 [1/1] (0.00ns) (grouped into LUT with out node borrowReg)   --->   "%xor_ln48 = xor i1 %tmp_168, i1 1" [src/generic/fp_generic.c:48]   --->   Operation 46 'xor' 'xor_ln48' <Predicate = (!icmp_ln47)> <Delay = 0.00> <CoreInst = "LogicGate">   --->   Core 74 'LogicGate' <Latency = 0> <II = 1> <Delay = 0.80> <FuncUnit> <Opcode : 'and' 'or' 'xor'> <InPorts = 2> <OutPorts = 1>
ST_3 : Operation 47 [1/1] (0.00ns) (grouped into LUT with out node borrowReg)   --->   "%and_ln48 = and i1 %borrow, i1 %xor_ln48" [src/generic/fp_generic.c:48]   --->   Operation 47 'and' 'and_ln48' <Predicate = (!icmp_ln47)> <Delay = 0.00> <CoreInst = "LogicGate">   --->   Core 74 'LogicGate' <Latency = 0> <II = 1> <Delay = 0.80> <FuncUnit> <Opcode : 'and' 'or' 'xor'> <InPorts = 2> <OutPorts = 1>
ST_3 : Operation 48 [1/1] (0.80ns) (out node of the LUT)   --->   "%borrowReg = or i1 %and_ln48, i1 %tmp" [src/generic/fp_generic.c:48]   --->   Operation 48 'or' 'borrowReg' <Predicate = (!icmp_ln47)> <Delay = 0.80> <CoreInst = "LogicGate">   --->   Core 74 'LogicGate' <Latency = 0> <II = 1> <Delay = 0.80> <FuncUnit> <Opcode : 'and' 'or' 'xor'> <InPorts = 2> <OutPorts = 1>
ST_3 : Operation 49 [1/1] (0.00ns)   --->   "%zext_ln48 = zext i1 %borrow" [src/generic/fp_generic.c:48]   --->   Operation 49 'zext' 'zext_ln48' <Predicate = (!icmp_ln47)> <Delay = 0.00>
ST_3 : Operation 50 [1/1] (2.69ns)   --->   "%sub_ln48 = sub i64 %tempReg, i64 %zext_ln48" [src/generic/fp_generic.c:48]   --->   Operation 50 'sub' 'sub_ln48' <Predicate = (!icmp_ln47)> <Delay = 2.69> <CoreInst = "Adder">   --->   Core 1 'Adder' <Latency = 0> <II = 1> <Delay = 2.69> <FuncUnit> <Opcode : 'add' 'sub'> <InPorts = 2> <OutPorts = 1>
ST_3 : Operation 51 [1/1] ( I:2.77ns O:2.77ns )   --->   "%store_ln48 = store i64 %sub_ln48, i4 %c_addr11" [src/generic/fp_generic.c:48]   --->   Operation 51 'store' 'store_ln48' <Predicate = (!icmp_ln47)> <Delay = 2.77> <CoreInst = "RAM">   --->   Core 81 'RAM' <Latency = 1> <II = 1> <Delay = 2.77> <Storage> <Opcode : 'load' 'store'> <Ports = 2> <Width = 64> <Depth = 16> <RAM>
ST_3 : Operation 52 [1/1] (0.00ns)   --->   "%br_ln47 = br void %for.inc" [src/generic/fp_generic.c:47]   --->   Operation 52 'br' 'br_ln47' <Predicate = (!icmp_ln47)> <Delay = 0.00>


============================================================
+ Verbose Summary: Timing violations
============================================================
Target clock period: 10.000ns, clock uncertainty: 2.700ns.

 <State 1>: 5.385ns
The critical path consists of the following:
	'store' operation 0 bit ('store_ln44', src/generic/fp_generic.c:44) of constant 0 on local variable 'i', src/generic/fp_generic.c:44 [14]  (1.298 ns)
	'load' operation 4 bit ('i', src/generic/fp_generic.c:48) on local variable 'i', src/generic/fp_generic.c:44 [18]  (0.000 ns)
	'add' operation 7 bit ('add_ln48', src/generic/fp_generic.c:48) [24]  (1.316 ns)
	'getelementptr' operation 7 bit ('a_addr', src/generic/fp_generic.c:48) [26]  (0.000 ns)
	'load' operation 64 bit ('x', src/generic/fp_generic.c:48) on array 'a' [36]  (2.771 ns)

 <State 2>: 6.267ns
The critical path consists of the following:
	'load' operation 64 bit ('x', src/generic/fp_generic.c:48) on array 'a' [36]  (2.771 ns)
	'sub' operation 64 bit ('tempReg', src/generic/fp_generic.c:48) [38]  (2.690 ns)
	'xor' operation 64 bit ('xor_ln105_82', src/config.h:105->src/generic/fp_generic.c:48) [40]  (0.000 ns)
	'or' operation 64 bit ('or_ln105', src/config.h:105->src/generic/fp_generic.c:48) [41]  (0.000 ns)
	'xor' operation 64 bit ('xor_ln105_83', src/config.h:105->src/generic/fp_generic.c:48) [42]  (0.000 ns)
	blocking operation 0.806 ns on control path)

 <State 3>: 5.461ns
The critical path consists of the following:
	'sub' operation 64 bit ('sub_ln48', src/generic/fp_generic.c:48) [51]  (2.690 ns)
	'store' operation 0 bit ('store_ln48', src/generic/fp_generic.c:48) of variable 'sub_ln48', src/generic/fp_generic.c:48 on array 'c' [52]  (2.771 ns)


============================================================
+ Verbose Summary: Binding
============================================================
N/A
* FSMD analyzer results:
  - Output states:
 - Input state : 
  - Chain level:
	State 1
	State 2
	State 3


============================================================
+ Verbose Summary: Datapath Resource usage 
============================================================
N/A
