

================================================================
== Vitis HLS Report for 'fpsub503_15'
================================================================
* Date:           Wed Oct  8 20:24:37 2025

* Version:        2024.2.2 (Build 6049644 on Mar  5 2025)
* Project:        sikep503_hls
* Solution:       solution1 (Vivado IP Flow Target)
* Product family: virtexuplus58g
* Target device:  xcvu29p-fsga2577-2L-e


================================================================
== Performance Estimates
================================================================
+ Timing: 
    * Summary: 
    +--------+----------+----------+------------+
    |  Clock |  Target  | Estimated| Uncertainty|
    +--------+----------+----------+------------+
    |ap_clk  |  10.00 ns|  3.722 ns|     2.70 ns|
    +--------+----------+----------+------------+

+ Latency: 
    * Summary: 
    +---------+---------+----------+----------+-----+-----+---------+
    |  Latency (cycles) |  Latency (absolute) |  Interval | Pipeline|
    |   min   |   max   |    min   |    max   | min | max |   Type  |
    +---------+---------+----------+----------+-----+-----+---------+
    |       31|       31|  0.310 us|  0.310 us|   31|   31|       no|
    +---------+---------+----------+----------+-----+-----+---------+

    + Detail: 
        * Instance: 
        N/A

        * Loop: 
        N/A

============================================================
+ Verbose Summary: Synthesis Manager
============================================================
InlineROM: 1
ExposeGlobal: 0
============================================================
+ Verbose Summary: CDFG Model
============================================================
IsTopModel: 0
ResetActiveHigh: 1
IsCombinational: 0
IsDatapathOnly: 0
HasWiredReturn: 1
HasMFsm: 0
HasVarLatency: 1
IsPipeline: 0
IsRtlPipelined: 0
IsInstanceOverlapped: 0
IsDontTouch: 0
HasImplIP: 0
IsGatedGlobalClock: 0


============================================================
+ Verbose Summary: Schedule
============================================================
* Number of FSM states : 4
* Pipeline : 0
* Dataflow Pipeline: 0

* FSM state transitions: 
1 --> 2 
2 --> 3 
3 --> 4 
4 --> 

* FSM state operations: 

State 1 <SV = 0> <Delay = 0.00>
ST_1 : Operation 5 [1/1] (0.00ns)   --->   "%borrow_loc = alloca i64 1"   --->   Operation 5 'alloca' 'borrow_loc' <Predicate = true> <Delay = 0.00>
ST_1 : Operation 6 [2/2] (0.00ns)   --->   "%call_ln0 = call void @fpsub503.15_Pipeline_VITIS_LOOP_61_1, i64 %R_X, i64 %R_Z, i64 %c, i1 %borrow_loc"   --->   Operation 6 'call' 'call_ln0' <Predicate = true> <Delay = 0.00> <CoreType = "Generic">   --->   Generic Core

State 2 <SV = 1> <Delay = 1.48>
ST_2 : Operation 7 [1/2] (1.48ns)   --->   "%call_ln0 = call void @fpsub503.15_Pipeline_VITIS_LOOP_61_1, i64 %R_X, i64 %R_Z, i64 %c, i1 %borrow_loc"   --->   Operation 7 'call' 'call_ln0' <Predicate = true> <Delay = 1.48> <CoreType = "Generic">   --->   Generic Core

State 3 <SV = 2> <Delay = 0.27>
ST_3 : Operation 8 [1/1] (0.00ns)   --->   "%borrow_loc_load = load i1 %borrow_loc"   --->   Operation 8 'load' 'borrow_loc_load' <Predicate = true> <Delay = 0.00>
ST_3 : Operation 9 [2/2] (0.27ns)   --->   "%call_ln0 = call void @fpsub503.15_Pipeline_VITIS_LOOP_68_2, i64 %c, i1 %borrow_loc_load, i64 %p503x2_1"   --->   Operation 9 'call' 'call_ln0' <Predicate = true> <Delay = 0.27> <CoreType = "Generic">   --->   Generic Core

State 4 <SV = 3> <Delay = 1.48>
ST_4 : Operation 10 [1/1] (0.00ns)   --->   "%specmemcore_ln0 = specmemcore void @_ssdm_op_SpecMemCore, i64 %c, i64 666, i64 17, i64 18446744073709551615"   --->   Operation 10 'specmemcore' 'specmemcore_ln0' <Predicate = true> <Delay = 0.00>
ST_4 : Operation 11 [1/1] (0.00ns)   --->   "%specmemcore_ln0 = specmemcore void @_ssdm_op_SpecMemCore, i64 %R_X, i64 666, i64 17, i64 18446744073709551615"   --->   Operation 11 'specmemcore' 'specmemcore_ln0' <Predicate = true> <Delay = 0.00>
ST_4 : Operation 12 [1/1] (0.00ns)   --->   "%specmemcore_ln0 = specmemcore void @_ssdm_op_SpecMemCore, i64 %R_Z, i64 666, i64 207, i64 18446744073709551615"   --->   Operation 12 'specmemcore' 'specmemcore_ln0' <Predicate = true> <Delay = 0.00>
ST_4 : Operation 13 [1/2] (1.48ns)   --->   "%call_ln0 = call void @fpsub503.15_Pipeline_VITIS_LOOP_68_2, i64 %c, i1 %borrow_loc_load, i64 %p503x2_1"   --->   Operation 13 'call' 'call_ln0' <Predicate = true> <Delay = 1.48> <CoreType = "Generic">   --->   Generic Core
ST_4 : Operation 14 [1/1] (0.00ns)   --->   "%ret_ln72 = ret" [src/generic/fp_generic.cpp:72]   --->   Operation 14 'ret' 'ret_ln72' <Predicate = true> <Delay = 0.00>


============================================================
+ Verbose Summary: Timing violations
============================================================
Target clock period: 10.000ns, clock uncertainty: 2.700ns.

 <State 1>: 0.000ns
The critical path consists of the following:

 <State 2>: 1.482ns
The critical path consists of the following:
	'call' operation 0 bit ('call_ln0') to 'fpsub503.15_Pipeline_VITIS_LOOP_61_1' [9]  (1.482 ns)

 <State 3>: 0.278ns
The critical path consists of the following:
	'load' operation 1 bit ('borrow_loc_load') on local variable 'borrow_loc' [10]  (0.000 ns)
	'call' operation 0 bit ('call_ln0') to 'fpsub503.15_Pipeline_VITIS_LOOP_68_2' [11]  (0.278 ns)

 <State 4>: 1.482ns
The critical path consists of the following:
	'call' operation 0 bit ('call_ln0') to 'fpsub503.15_Pipeline_VITIS_LOOP_68_2' [11]  (1.482 ns)


============================================================
+ Verbose Summary: Binding
============================================================
N/A
* FSMD analyzer results:
  - Output states:
 - Input state : 
  - Chain level:
	State 1
	State 2
	State 3
	State 4


============================================================
+ Verbose Summary: Datapath Resource usage 
============================================================
N/A
