

================================================================
== Vitis HLS Report for 'fpsub503_75_Pipeline_VITIS_LOOP_61_1'
================================================================
* Date:           Wed Sep  3 14:21:32 2025

* Version:        2024.2.2 (Build 6049644 on Mar  5 2025)
* Project:        sikep503_hls
* Solution:       solution1 (Vivado IP Flow Target)
* Product family: virtexuplus58g
* Target device:  xcvu29p-fsga2577-2L-e


================================================================
== Performance Estimates
================================================================
+ Timing: 
    * Summary: 
    +--------+----------+----------+------------+
    |  Clock |  Target  | Estimated| Uncertainty|
    +--------+----------+----------+------------+
    |ap_clk  |  10.00 ns|  4.208 ns|     2.70 ns|
    +--------+----------+----------+------------+

+ Latency: 
    * Summary: 
    +---------+---------+----------+----------+-----+-----+------------------------------------------------+
    |  Latency (cycles) |  Latency (absolute) |  Interval |                    Pipeline                    |
    |   min   |   max   |    min   |    max   | min | max |                      Type                      |
    +---------+---------+----------+----------+-----+-----+------------------------------------------------+
    |       10|       10|  0.100 us|  0.100 us|    9|    9|  loop auto-rewind stp (delay=0 clock cycles(s))|
    +---------+---------+----------+----------+-----+-----+------------------------------------------------+

    + Detail: 
        * Instance: 
        N/A

        * Loop: 
        +-------------------+---------+---------+----------+-----------+-----------+------+----------+
        |                   |  Latency (cycles) | Iteration|  Initiation Interval  | Trip |          |
        |     Loop Name     |   min   |   max   |  Latency |  achieved |   target  | Count| Pipelined|
        +-------------------+---------+---------+----------+-----------+-----------+------+----------+
        |- VITIS_LOOP_61_1  |        8|        8|         2|          1|          1|     8|       yes|
        +-------------------+---------+---------+----------+-----------+-----------+------+----------+

============================================================
+ Verbose Summary: Synthesis Manager
============================================================
InlineROM: 1
ExposeGlobal: 0
============================================================
+ Verbose Summary: CDFG Model
============================================================
IsTopModel: 0
ResetActiveHigh: 1
IsCombinational: 0
IsDatapathOnly: 0
HasWiredReturn: 1
HasMFsm: 2
HasVarLatency: 1
IsPipeline: 0
IsRtlPipelined: 0
IsInstanceOverlapped: 0
IsDontTouch: 0
HasImplIP: 0
IsGatedGlobalClock: 0

+ Individual pipeline summary: 
  * Pipeline-0: initiation interval (II) = 1, depth = 2


============================================================
+ Verbose Summary: Schedule
============================================================
* Number of FSM states : 2
* Pipeline : 1
  Pipeline-0 : II = 1, D = 2, States = { 1 2 }
* Dataflow Pipeline: 0

* FSM state transitions: 
1 --> 2 
2 --> 

* FSM state operations: 

State 1 <SV = 0> <Delay = 1.58>
ST_1 : Operation 5 [1/1] (0.00ns)   --->   "%i = alloca i32 1" [src/generic/fp_generic.cpp:56]   --->   Operation 5 'alloca' 'i' <Predicate = true> <Delay = 0.00>
ST_1 : Operation 6 [1/1] (0.00ns)   --->   "%b_offset_read = read i3 @_ssdm_op_Read.ap_auto.i3, i3 %b_offset"   --->   Operation 6 'read' 'b_offset_read' <Predicate = true> <Delay = 0.00>
ST_1 : Operation 7 [1/1] (0.00ns)   --->   "%a_offset_read = read i3 @_ssdm_op_Read.ap_auto.i3, i3 %a_offset"   --->   Operation 7 'read' 'a_offset_read' <Predicate = true> <Delay = 0.00>
ST_1 : Operation 8 [1/1] (0.38ns)   --->   "%store_ln56 = store i4 0, i4 %i" [src/generic/fp_generic.cpp:56]   --->   Operation 8 'store' 'store_ln56' <Predicate = true> <Delay = 0.38>
ST_1 : Operation 9 [1/1] (0.38ns)   --->   "%br_ln0 = br void %for.inc"   --->   Operation 9 'br' 'br_ln0' <Predicate = true> <Delay = 0.38>
ST_1 : Operation 10 [1/1] (0.00ns)   --->   "%borrow = phi i1 0, void %newFuncRoot, i1 %borrow_15, void %arrayidx107.exit"   --->   Operation 10 'phi' 'borrow' <Predicate = true> <Delay = 0.00>
ST_1 : Operation 11 [1/1] (0.00ns)   --->   "%i_68 = load i4 %i" [src/generic/fp_generic.cpp:61]   --->   Operation 11 'load' 'i_68' <Predicate = true> <Delay = 0.00>
ST_1 : Operation 12 [1/1] (0.70ns)   --->   "%icmp_ln61 = icmp_eq  i4 %i_68, i4 8" [src/generic/fp_generic.cpp:61]   --->   Operation 12 'icmp' 'icmp_ln61' <Predicate = true> <Delay = 0.70> <CoreInst = "Cmp">   --->   Core 9 'Cmp' <Latency = 0> <II = 1> <Delay = 0.70> <FuncUnit> <Opcode : 'seteq' 'setne' 'setle' 'setge' 'setlt' 'setgt'> <InPorts = 2> <OutPorts = 1>
ST_1 : Operation 13 [1/1] (0.70ns)   --->   "%add_ln61 = add i4 %i_68, i4 1" [src/generic/fp_generic.cpp:61]   --->   Operation 13 'add' 'add_ln61' <Predicate = true> <Delay = 0.70> <CoreInst = "Adder">   --->   Core 1 'Adder' <Latency = 0> <II = 1> <Delay = 0.70> <FuncUnit> <Opcode : 'add' 'sub'> <InPorts = 2> <OutPorts = 1>
ST_1 : Operation 14 [1/1] (0.00ns)   --->   "%br_ln61 = br i1 %icmp_ln61, void %for.inc.split, void %for.end.exitStub" [src/generic/fp_generic.cpp:61]   --->   Operation 14 'br' 'br_ln61' <Predicate = true> <Delay = 0.00>
ST_1 : Operation 15 [1/1] (0.00ns)   --->   "%tmp_s = bitconcatenate i7 @_ssdm_op_BitConcatenate.i7.i3.i4, i3 %a_offset_read, i4 %i_68" [src/generic/fp_generic.cpp:63]   --->   Operation 15 'bitconcatenate' 'tmp_s' <Predicate = (!icmp_ln61)> <Delay = 0.00>
ST_1 : Operation 16 [1/1] (0.00ns)   --->   "%zext_ln63_5 = zext i7 %tmp_s" [src/generic/fp_generic.cpp:63]   --->   Operation 16 'zext' 'zext_ln63_5' <Predicate = (!icmp_ln61)> <Delay = 0.00>
ST_1 : Operation 17 [1/1] (0.00ns)   --->   "%a_addr = getelementptr i64 %a, i64 0, i64 %zext_ln63_5" [src/generic/fp_generic.cpp:63]   --->   Operation 17 'getelementptr' 'a_addr' <Predicate = (!icmp_ln61)> <Delay = 0.00>
ST_1 : Operation 18 [1/1] (0.00ns)   --->   "%tmp_702 = bitconcatenate i7 @_ssdm_op_BitConcatenate.i7.i3.i4, i3 %b_offset_read, i4 %i_68" [src/generic/fp_generic.cpp:63]   --->   Operation 18 'bitconcatenate' 'tmp_702' <Predicate = (!icmp_ln61)> <Delay = 0.00>
ST_1 : Operation 19 [1/1] (0.00ns)   --->   "%zext_ln63_6 = zext i7 %tmp_702" [src/generic/fp_generic.cpp:63]   --->   Operation 19 'zext' 'zext_ln63_6' <Predicate = (!icmp_ln61)> <Delay = 0.00>
ST_1 : Operation 20 [1/1] (0.00ns)   --->   "%b_addr = getelementptr i64 %b, i64 0, i64 %zext_ln63_6" [src/generic/fp_generic.cpp:63]   --->   Operation 20 'getelementptr' 'b_addr' <Predicate = (!icmp_ln61)> <Delay = 0.00>
ST_1 : Operation 21 [1/1] (0.00ns)   --->   "%trunc_ln61 = trunc i4 %i_68" [src/generic/fp_generic.cpp:61]   --->   Operation 21 'trunc' 'trunc_ln61' <Predicate = (!icmp_ln61)> <Delay = 0.00>
ST_1 : Operation 22 [2/2] (1.20ns)   --->   "%a_load = load i7 %a_addr" [src/generic/fp_generic.cpp:63]   --->   Operation 22 'load' 'a_load' <Predicate = (!icmp_ln61)> <Delay = 1.20> <CoreInst = "RAM">   --->   Core 82 'RAM' <Latency = 1> <II = 1> <Delay = 1.20> <Storage> <Opcode : 'load' 'store'> <Ports = 2> <Width = 64> <Depth = 112> <RAM>
ST_1 : Operation 23 [2/2] (1.20ns)   --->   "%b_load = load i7 %b_addr" [src/generic/fp_generic.cpp:63]   --->   Operation 23 'load' 'b_load' <Predicate = (!icmp_ln61)> <Delay = 1.20> <CoreInst = "RAM">   --->   Core 82 'RAM' <Latency = 1> <II = 1> <Delay = 1.20> <Storage> <Opcode : 'load' 'store'> <Ports = 2> <Width = 64> <Depth = 112> <RAM>
ST_1 : Operation 24 [1/1] (0.57ns)   --->   "%switch_ln63 = switch i3 %trunc_ln61, void %arrayidx107.case.7, i3 0, void %arrayidx107.case.0, i3 1, void %arrayidx107.case.1, i3 2, void %arrayidx107.case.2, i3 3, void %arrayidx107.case.3, i3 4, void %arrayidx107.case.4, i3 5, void %arrayidx107.case.5, i3 6, void %arrayidx107.case.6" [src/generic/fp_generic.cpp:63]   --->   Operation 24 'switch' 'switch_ln63' <Predicate = (!icmp_ln61)> <Delay = 0.57>
ST_1 : Operation 25 [1/1] (0.38ns)   --->   "%store_ln56 = store i4 %add_ln61, i4 %i" [src/generic/fp_generic.cpp:56]   --->   Operation 25 'store' 'store_ln56' <Predicate = (!icmp_ln61)> <Delay = 0.38>
ST_1 : Operation 26 [1/1] (0.00ns)   --->   "%br_ln61 = br void %for.inc" [src/generic/fp_generic.cpp:61]   --->   Operation 26 'br' 'br_ln61' <Predicate = (!icmp_ln61)> <Delay = 0.00>
ST_1 : Operation 70 [1/1] (0.00ns)   --->   "%write_ln63 = write void @_ssdm_op_Write.ap_auto.i1P0A, i1 %borrow_out, i1 %borrow" [src/generic/fp_generic.cpp:63]   --->   Operation 70 'write' 'write_ln63' <Predicate = (icmp_ln61)> <Delay = 0.00>
ST_1 : Operation 71 [1/1] (0.38ns)   --->   "%ret_ln0 = ret"   --->   Operation 71 'ret' 'ret_ln0' <Predicate = (icmp_ln61)> <Delay = 0.38>

State 2 <SV = 1> <Delay = 4.20>
ST_2 : Operation 27 [1/1] (0.00ns)   --->   "%t1_i_0_addr = getelementptr i64 %t1_i_0, i64 0, i64 0"   --->   Operation 27 'getelementptr' 't1_i_0_addr' <Predicate = (!icmp_ln61)> <Delay = 0.00>
ST_2 : Operation 28 [1/1] (0.00ns)   --->   "%t1_i_1_addr = getelementptr i64 %t1_i_1, i64 0, i64 0"   --->   Operation 28 'getelementptr' 't1_i_1_addr' <Predicate = (!icmp_ln61)> <Delay = 0.00>
ST_2 : Operation 29 [1/1] (0.00ns)   --->   "%t1_i_2_addr = getelementptr i64 %t1_i_2, i64 0, i64 0"   --->   Operation 29 'getelementptr' 't1_i_2_addr' <Predicate = (!icmp_ln61)> <Delay = 0.00>
ST_2 : Operation 30 [1/1] (0.00ns)   --->   "%t1_i_3_addr = getelementptr i64 %t1_i_3, i64 0, i64 0"   --->   Operation 30 'getelementptr' 't1_i_3_addr' <Predicate = (!icmp_ln61)> <Delay = 0.00>
ST_2 : Operation 31 [1/1] (0.00ns)   --->   "%t1_i_4_addr = getelementptr i64 %t1_i_4, i64 0, i64 0"   --->   Operation 31 'getelementptr' 't1_i_4_addr' <Predicate = (!icmp_ln61)> <Delay = 0.00>
ST_2 : Operation 32 [1/1] (0.00ns)   --->   "%t1_i_5_addr = getelementptr i64 %t1_i_5, i64 0, i64 0"   --->   Operation 32 'getelementptr' 't1_i_5_addr' <Predicate = (!icmp_ln61)> <Delay = 0.00>
ST_2 : Operation 33 [1/1] (0.00ns)   --->   "%t1_i_6_addr = getelementptr i64 %t1_i_6, i64 0, i64 0"   --->   Operation 33 'getelementptr' 't1_i_6_addr' <Predicate = (!icmp_ln61)> <Delay = 0.00>
ST_2 : Operation 34 [1/1] (0.00ns)   --->   "%t1_i_7_addr = getelementptr i64 %t1_i_7, i64 0, i64 0"   --->   Operation 34 'getelementptr' 't1_i_7_addr' <Predicate = (!icmp_ln61)> <Delay = 0.00>
ST_2 : Operation 35 [1/1] (0.00ns)   --->   "%specpipeline_ln56 = specpipeline void @_ssdm_op_SpecPipeline, i32 4294967295, i32 0, i32 0, i32 0, void @empty_15" [src/generic/fp_generic.cpp:56]   --->   Operation 35 'specpipeline' 'specpipeline_ln56' <Predicate = (!icmp_ln61)> <Delay = 0.00>
ST_2 : Operation 36 [1/1] (0.00ns)   --->   "%speclooptripcount_ln56 = speclooptripcount void @_ssdm_op_SpecLoopTripCount, i64 8, i64 8, i64 8" [src/generic/fp_generic.cpp:56]   --->   Operation 36 'speclooptripcount' 'speclooptripcount_ln56' <Predicate = (!icmp_ln61)> <Delay = 0.00>
ST_2 : Operation 37 [1/1] (0.00ns)   --->   "%specloopname_ln61 = specloopname void @_ssdm_op_SpecLoopName, void @empty_52" [src/generic/fp_generic.cpp:61]   --->   Operation 37 'specloopname' 'specloopname_ln61' <Predicate = (!icmp_ln61)> <Delay = 0.00>
ST_2 : Operation 38 [1/2] ( I:1.20ns O:1.20ns )   --->   "%a_load = load i7 %a_addr" [src/generic/fp_generic.cpp:63]   --->   Operation 38 'load' 'a_load' <Predicate = (!icmp_ln61)> <Delay = 1.20> <CoreInst = "RAM">   --->   Core 82 'RAM' <Latency = 1> <II = 1> <Delay = 1.20> <Storage> <Opcode : 'load' 'store'> <Ports = 2> <Width = 64> <Depth = 112> <RAM>
ST_2 : Operation 39 [1/2] ( I:1.20ns O:1.20ns )   --->   "%b_load = load i7 %b_addr" [src/generic/fp_generic.cpp:63]   --->   Operation 39 'load' 'b_load' <Predicate = (!icmp_ln61)> <Delay = 1.20> <CoreInst = "RAM">   --->   Core 82 'RAM' <Latency = 1> <II = 1> <Delay = 1.20> <Storage> <Opcode : 'load' 'store'> <Ports = 2> <Width = 64> <Depth = 112> <RAM>
ST_2 : Operation 40 [1/1] (1.14ns)   --->   "%tempReg = sub i64 %a_load, i64 %b_load" [src/generic/fp_generic.cpp:63]   --->   Operation 40 'sub' 'tempReg' <Predicate = (!icmp_ln61)> <Delay = 1.14> <CoreInst = "Adder">   --->   Core 1 'Adder' <Latency = 0> <II = 1> <Delay = 1.14> <FuncUnit> <Opcode : 'add' 'sub'> <InPorts = 2> <OutPorts = 1>
ST_2 : Operation 41 [1/1] (0.00ns) (grouped into LUT with out node tmp)   --->   "%xor_ln105 = xor i64 %b_load, i64 %a_load" [src/config.h:105->src/generic/fp_generic.cpp:63]   --->   Operation 41 'xor' 'xor_ln105' <Predicate = (!icmp_ln61)> <Delay = 0.00> <CoreInst = "LogicGate">   --->   Core 74 'LogicGate' <Latency = 0> <II = 1> <Delay = 0.28> <FuncUnit> <Opcode : 'and' 'or' 'xor'> <InPorts = 2> <OutPorts = 1>
ST_2 : Operation 42 [1/1] (0.00ns) (grouped into LUT with out node tmp)   --->   "%xor_ln105_23 = xor i64 %b_load, i64 %tempReg" [src/config.h:105->src/generic/fp_generic.cpp:63]   --->   Operation 42 'xor' 'xor_ln105_23' <Predicate = (!icmp_ln61)> <Delay = 0.00> <CoreInst = "LogicGate">   --->   Core 74 'LogicGate' <Latency = 0> <II = 1> <Delay = 0.28> <FuncUnit> <Opcode : 'and' 'or' 'xor'> <InPorts = 2> <OutPorts = 1>
ST_2 : Operation 43 [1/1] (0.00ns) (grouped into LUT with out node tmp)   --->   "%or_ln105 = or i64 %xor_ln105_23, i64 %xor_ln105" [src/config.h:105->src/generic/fp_generic.cpp:63]   --->   Operation 43 'or' 'or_ln105' <Predicate = (!icmp_ln61)> <Delay = 0.00> <CoreInst = "LogicGate">   --->   Core 74 'LogicGate' <Latency = 0> <II = 1> <Delay = 0.28> <FuncUnit> <Opcode : 'and' 'or' 'xor'> <InPorts = 2> <OutPorts = 1>
ST_2 : Operation 44 [1/1] (0.00ns) (grouped into LUT with out node tmp)   --->   "%xor_ln105_24 = xor i64 %a_load, i64 %or_ln105" [src/config.h:105->src/generic/fp_generic.cpp:63]   --->   Operation 44 'xor' 'xor_ln105_24' <Predicate = (!icmp_ln61)> <Delay = 0.00> <CoreInst = "LogicGate">   --->   Core 74 'LogicGate' <Latency = 0> <II = 1> <Delay = 0.28> <FuncUnit> <Opcode : 'and' 'or' 'xor'> <InPorts = 2> <OutPorts = 1>
ST_2 : Operation 45 [1/1] (0.28ns) (out node of the LUT)   --->   "%tmp = bitselect i1 @_ssdm_op_BitSelect.i1.i64.i32, i64 %xor_ln105_24, i32 63" [src/config.h:98->src/generic/fp_generic.cpp:63]   --->   Operation 45 'bitselect' 'tmp' <Predicate = (!icmp_ln61)> <Delay = 0.28>
ST_2 : Operation 46 [1/1] (1.14ns)   --->   "%sub_ln95 = sub i64 0, i64 %tempReg" [src/config.h:95->src/config.h:100->src/generic/fp_generic.cpp:63]   --->   Operation 46 'sub' 'sub_ln95' <Predicate = (!icmp_ln61)> <Delay = 1.14> <CoreInst = "Adder">   --->   Core 1 'Adder' <Latency = 0> <II = 1> <Delay = 1.14> <FuncUnit> <Opcode : 'add' 'sub'> <InPorts = 2> <OutPorts = 1>
ST_2 : Operation 47 [1/1] (0.00ns) (grouped into LUT with out node borrow_15)   --->   "%or_ln95 = or i64 %tempReg, i64 %sub_ln95" [src/config.h:95->src/config.h:100->src/generic/fp_generic.cpp:63]   --->   Operation 47 'or' 'or_ln95' <Predicate = (!icmp_ln61)> <Delay = 0.00> <CoreInst = "LogicGate">   --->   Core 74 'LogicGate' <Latency = 0> <II = 1> <Delay = 0.28> <FuncUnit> <Opcode : 'and' 'or' 'xor'> <InPorts = 2> <OutPorts = 1>
ST_2 : Operation 48 [1/1] (0.00ns) (grouped into LUT with out node borrow_15)   --->   "%tmp_724 = bitselect i1 @_ssdm_op_BitSelect.i1.i64.i32, i64 %or_ln95, i32 63" [src/generic/fp_generic.cpp:63]   --->   Operation 48 'bitselect' 'tmp_724' <Predicate = (!icmp_ln61)> <Delay = 0.00>
ST_2 : Operation 49 [1/1] (0.00ns) (grouped into LUT with out node borrow_15)   --->   "%xor_ln63 = xor i1 %tmp_724, i1 1" [src/generic/fp_generic.cpp:63]   --->   Operation 49 'xor' 'xor_ln63' <Predicate = (!icmp_ln61)> <Delay = 0.00> <CoreInst = "LogicGate">   --->   Core 74 'LogicGate' <Latency = 0> <II = 1> <Delay = 0.12> <FuncUnit> <Opcode : 'and' 'or' 'xor'> <InPorts = 2> <OutPorts = 1>
ST_2 : Operation 50 [1/1] (0.00ns) (grouped into LUT with out node borrow_15)   --->   "%and_ln63 = and i1 %borrow, i1 %xor_ln63" [src/generic/fp_generic.cpp:63]   --->   Operation 50 'and' 'and_ln63' <Predicate = (!icmp_ln61)> <Delay = 0.00> <CoreInst = "LogicGate">   --->   Core 74 'LogicGate' <Latency = 0> <II = 1> <Delay = 0.12> <FuncUnit> <Opcode : 'and' 'or' 'xor'> <InPorts = 2> <OutPorts = 1>
ST_2 : Operation 51 [1/1] (0.28ns) (out node of the LUT)   --->   "%borrow_15 = or i1 %and_ln63, i1 %tmp" [src/generic/fp_generic.cpp:63]   --->   Operation 51 'or' 'borrow_15' <Predicate = (!icmp_ln61)> <Delay = 0.28> <CoreInst = "LogicGate">   --->   Core 74 'LogicGate' <Latency = 0> <II = 1> <Delay = 0.12> <FuncUnit> <Opcode : 'and' 'or' 'xor'> <InPorts = 2> <OutPorts = 1>
ST_2 : Operation 52 [1/1] (0.00ns)   --->   "%zext_ln63 = zext i1 %borrow" [src/generic/fp_generic.cpp:63]   --->   Operation 52 'zext' 'zext_ln63' <Predicate = (!icmp_ln61)> <Delay = 0.00>
ST_2 : Operation 53 [1/1] (1.14ns)   --->   "%sub_ln63 = sub i64 %tempReg, i64 %zext_ln63" [src/generic/fp_generic.cpp:63]   --->   Operation 53 'sub' 'sub_ln63' <Predicate = (!icmp_ln61)> <Delay = 1.14> <CoreInst = "Adder">   --->   Core 1 'Adder' <Latency = 0> <II = 1> <Delay = 1.14> <FuncUnit> <Opcode : 'add' 'sub'> <InPorts = 2> <OutPorts = 1>
ST_2 : Operation 54 [1/1] ( I:0.71ns O:0.71ns )   --->   "%store_ln63 = store i64 %sub_ln63, i1 %t1_i_6_addr" [src/generic/fp_generic.cpp:63]   --->   Operation 54 'store' 'store_ln63' <Predicate = (trunc_ln61 == 6)> <Delay = 0.71> <CoreInst = "RAM">   --->   Core 82 'RAM' <Latency = 1> <II = 1> <Delay = 0.71> <Storage> <Opcode : 'load' 'store'> <Ports = 2> <Width = 64> <Depth = 2> <RAM>
ST_2 : Operation 55 [1/1] (0.00ns)   --->   "%br_ln63 = br void %arrayidx107.exit" [src/generic/fp_generic.cpp:63]   --->   Operation 55 'br' 'br_ln63' <Predicate = (trunc_ln61 == 6)> <Delay = 0.00>
ST_2 : Operation 56 [1/1] ( I:0.71ns O:0.71ns )   --->   "%store_ln63 = store i64 %sub_ln63, i1 %t1_i_5_addr" [src/generic/fp_generic.cpp:63]   --->   Operation 56 'store' 'store_ln63' <Predicate = (trunc_ln61 == 5)> <Delay = 0.71> <CoreInst = "RAM">   --->   Core 82 'RAM' <Latency = 1> <II = 1> <Delay = 0.71> <Storage> <Opcode : 'load' 'store'> <Ports = 2> <Width = 64> <Depth = 2> <RAM>
ST_2 : Operation 57 [1/1] (0.00ns)   --->   "%br_ln63 = br void %arrayidx107.exit" [src/generic/fp_generic.cpp:63]   --->   Operation 57 'br' 'br_ln63' <Predicate = (trunc_ln61 == 5)> <Delay = 0.00>
ST_2 : Operation 58 [1/1] ( I:0.71ns O:0.71ns )   --->   "%store_ln63 = store i64 %sub_ln63, i1 %t1_i_4_addr" [src/generic/fp_generic.cpp:63]   --->   Operation 58 'store' 'store_ln63' <Predicate = (trunc_ln61 == 4)> <Delay = 0.71> <CoreInst = "RAM">   --->   Core 82 'RAM' <Latency = 1> <II = 1> <Delay = 0.71> <Storage> <Opcode : 'load' 'store'> <Ports = 2> <Width = 64> <Depth = 2> <RAM>
ST_2 : Operation 59 [1/1] (0.00ns)   --->   "%br_ln63 = br void %arrayidx107.exit" [src/generic/fp_generic.cpp:63]   --->   Operation 59 'br' 'br_ln63' <Predicate = (trunc_ln61 == 4)> <Delay = 0.00>
ST_2 : Operation 60 [1/1] ( I:0.71ns O:0.71ns )   --->   "%store_ln63 = store i64 %sub_ln63, i1 %t1_i_3_addr" [src/generic/fp_generic.cpp:63]   --->   Operation 60 'store' 'store_ln63' <Predicate = (trunc_ln61 == 3)> <Delay = 0.71> <CoreInst = "RAM">   --->   Core 82 'RAM' <Latency = 1> <II = 1> <Delay = 0.71> <Storage> <Opcode : 'load' 'store'> <Ports = 2> <Width = 64> <Depth = 2> <RAM>
ST_2 : Operation 61 [1/1] (0.00ns)   --->   "%br_ln63 = br void %arrayidx107.exit" [src/generic/fp_generic.cpp:63]   --->   Operation 61 'br' 'br_ln63' <Predicate = (trunc_ln61 == 3)> <Delay = 0.00>
ST_2 : Operation 62 [1/1] ( I:0.71ns O:0.71ns )   --->   "%store_ln63 = store i64 %sub_ln63, i1 %t1_i_2_addr" [src/generic/fp_generic.cpp:63]   --->   Operation 62 'store' 'store_ln63' <Predicate = (trunc_ln61 == 2)> <Delay = 0.71> <CoreInst = "RAM">   --->   Core 82 'RAM' <Latency = 1> <II = 1> <Delay = 0.71> <Storage> <Opcode : 'load' 'store'> <Ports = 2> <Width = 64> <Depth = 2> <RAM>
ST_2 : Operation 63 [1/1] (0.00ns)   --->   "%br_ln63 = br void %arrayidx107.exit" [src/generic/fp_generic.cpp:63]   --->   Operation 63 'br' 'br_ln63' <Predicate = (trunc_ln61 == 2)> <Delay = 0.00>
ST_2 : Operation 64 [1/1] ( I:0.71ns O:0.71ns )   --->   "%store_ln63 = store i64 %sub_ln63, i1 %t1_i_1_addr" [src/generic/fp_generic.cpp:63]   --->   Operation 64 'store' 'store_ln63' <Predicate = (trunc_ln61 == 1)> <Delay = 0.71> <CoreInst = "RAM">   --->   Core 82 'RAM' <Latency = 1> <II = 1> <Delay = 0.71> <Storage> <Opcode : 'load' 'store'> <Ports = 2> <Width = 64> <Depth = 2> <RAM>
ST_2 : Operation 65 [1/1] (0.00ns)   --->   "%br_ln63 = br void %arrayidx107.exit" [src/generic/fp_generic.cpp:63]   --->   Operation 65 'br' 'br_ln63' <Predicate = (trunc_ln61 == 1)> <Delay = 0.00>
ST_2 : Operation 66 [1/1] ( I:0.71ns O:0.71ns )   --->   "%store_ln63 = store i64 %sub_ln63, i1 %t1_i_0_addr" [src/generic/fp_generic.cpp:63]   --->   Operation 66 'store' 'store_ln63' <Predicate = (trunc_ln61 == 0)> <Delay = 0.71> <CoreInst = "RAM">   --->   Core 82 'RAM' <Latency = 1> <II = 1> <Delay = 0.71> <Storage> <Opcode : 'load' 'store'> <Ports = 2> <Width = 64> <Depth = 2> <RAM>
ST_2 : Operation 67 [1/1] (0.00ns)   --->   "%br_ln63 = br void %arrayidx107.exit" [src/generic/fp_generic.cpp:63]   --->   Operation 67 'br' 'br_ln63' <Predicate = (trunc_ln61 == 0)> <Delay = 0.00>
ST_2 : Operation 68 [1/1] ( I:0.71ns O:0.71ns )   --->   "%store_ln63 = store i64 %sub_ln63, i1 %t1_i_7_addr" [src/generic/fp_generic.cpp:63]   --->   Operation 68 'store' 'store_ln63' <Predicate = (trunc_ln61 == 7)> <Delay = 0.71> <CoreInst = "RAM">   --->   Core 82 'RAM' <Latency = 1> <II = 1> <Delay = 0.71> <Storage> <Opcode : 'load' 'store'> <Ports = 2> <Width = 64> <Depth = 2> <RAM>
ST_2 : Operation 69 [1/1] (0.00ns)   --->   "%br_ln63 = br void %arrayidx107.exit" [src/generic/fp_generic.cpp:63]   --->   Operation 69 'br' 'br_ln63' <Predicate = (trunc_ln61 == 7)> <Delay = 0.00>


============================================================
+ Verbose Summary: Timing violations
============================================================
Target clock period: 10.000ns, clock uncertainty: 2.700ns.

 <State 1>: 1.587ns
The critical path consists of the following:
	'store' operation 0 bit ('store_ln56', src/generic/fp_generic.cpp:56) of constant 0 on local variable 'i', src/generic/fp_generic.cpp:56 [17]  (0.387 ns)
	'load' operation 4 bit ('i', src/generic/fp_generic.cpp:61) on local variable 'i', src/generic/fp_generic.cpp:56 [21]  (0.000 ns)
	'getelementptr' operation 7 bit ('a_addr', src/generic/fp_generic.cpp:63) [36]  (0.000 ns)
	'load' operation 64 bit ('x', src/generic/fp_generic.cpp:63) on array 'a' [44]  (1.200 ns)

 <State 2>: 4.208ns
The critical path consists of the following:
	'load' operation 64 bit ('x', src/generic/fp_generic.cpp:63) on array 'a' [44]  (1.200 ns)
	'sub' operation 64 bit ('tempReg', src/generic/fp_generic.cpp:63) [46]  (1.147 ns)
	'sub' operation 64 bit ('sub_ln63', src/generic/fp_generic.cpp:63) [59]  (1.147 ns)
	'store' operation 0 bit ('store_ln63', src/generic/fp_generic.cpp:63) of variable 'sub_ln63', src/generic/fp_generic.cpp:63 on array 't1_i_2' [74]  (0.714 ns)


============================================================
+ Verbose Summary: Binding
============================================================
N/A
* FSMD analyzer results:
  - Output states:
 - Input state : 
  - Chain level:
	State 1
	State 2


============================================================
+ Verbose Summary: Datapath Resource usage 
============================================================
N/A
