

================================================================
== Vitis HLS Report for 'fpsub503_1_Pipeline_VITIS_LOOP_57_1'
================================================================
* Date:           Wed Jul 30 17:27:28 2025

* Version:        2024.2.2 (Build 6049644 on Mar  5 2025)
* Project:        sikep503_hls
* Solution:       solution1 (Vivado IP Flow Target)
* Product family: virtexuplus58g
* Target device:  xcvu29p-fsga2577-2L-e


================================================================
== Performance Estimates
================================================================
+ Timing: 
    * Summary: 
    +--------+----------+----------+------------+
    |  Clock |  Target  | Estimated| Uncertainty|
    +--------+----------+----------+------------+
    |ap_clk  |  10.00 ns|  3.722 ns|     2.70 ns|
    +--------+----------+----------+------------+

+ Latency: 
    * Summary: 
    +---------+---------+----------+----------+-----+-----+------------------------------------------------+
    |  Latency (cycles) |  Latency (absolute) |  Interval |                    Pipeline                    |
    |   min   |   max   |    min   |    max   | min | max |                      Type                      |
    +---------+---------+----------+----------+-----+-----+------------------------------------------------+
    |       10|       10|  0.100 us|  0.100 us|    9|    9|  loop auto-rewind stp (delay=0 clock cycles(s))|
    +---------+---------+----------+----------+-----+-----+------------------------------------------------+

    + Detail: 
        * Instance: 
        N/A

        * Loop: 
        +-------------------+---------+---------+----------+-----------+-----------+------+----------+
        |                   |  Latency (cycles) | Iteration|  Initiation Interval  | Trip |          |
        |     Loop Name     |   min   |   max   |  Latency |  achieved |   target  | Count| Pipelined|
        +-------------------+---------+---------+----------+-----------+-----------+------+----------+
        |- VITIS_LOOP_57_1  |        8|        8|         2|          1|          1|     8|       yes|
        +-------------------+---------+---------+----------+-----------+-----------+------+----------+

============================================================
+ Verbose Summary: Synthesis Manager
============================================================
InlineROM: 1
ExposeGlobal: 0
============================================================
+ Verbose Summary: CDFG Model
============================================================
IsTopModel: 0
ResetActiveHigh: 1
IsCombinational: 0
IsDatapathOnly: 0
HasWiredReturn: 1
HasMFsm: 2
HasVarLatency: 1
IsPipeline: 0
IsRtlPipelined: 0
IsInstanceOverlapped: 0
IsDontTouch: 0
HasImplIP: 0
IsGatedGlobalClock: 0

+ Individual pipeline summary: 
  * Pipeline-0: initiation interval (II) = 1, depth = 2


============================================================
+ Verbose Summary: Schedule
============================================================
* Number of FSM states : 2
* Pipeline : 1
  Pipeline-0 : II = 1, D = 2, States = { 1 2 }
* Dataflow Pipeline: 0

* FSM state transitions: 
1 --> 2 
2 --> 

* FSM state operations: 

State 1 <SV = 0> <Delay = 1.48>
ST_1 : Operation 5 [1/1] (0.00ns)   --->   "%i = alloca i32 1" [src/generic/fp_generic.cpp:52]   --->   Operation 5 'alloca' 'i' <Predicate = true> <Delay = 0.00>
ST_1 : Operation 6 [1/1] (0.00ns)   --->   "%zext_ln59_26_read = read i4 @_ssdm_op_Read.ap_auto.i4, i4 %zext_ln59_26"   --->   Operation 6 'read' 'zext_ln59_26_read' <Predicate = true> <Delay = 0.00>
ST_1 : Operation 7 [1/1] (0.38ns)   --->   "%store_ln52 = store i4 0, i4 %i" [src/generic/fp_generic.cpp:52]   --->   Operation 7 'store' 'store_ln52' <Predicate = true> <Delay = 0.38>
ST_1 : Operation 8 [1/1] (0.38ns)   --->   "%br_ln0 = br void %for.inc"   --->   Operation 8 'br' 'br_ln0' <Predicate = true> <Delay = 0.38>
ST_1 : Operation 9 [1/1] (0.00ns)   --->   "%borrow = phi i1 0, void %newFuncRoot, i1 %borrowReg, void %for.inc.split"   --->   Operation 9 'phi' 'borrow' <Predicate = true> <Delay = 0.00>
ST_1 : Operation 10 [1/1] (0.00ns)   --->   "%i_43 = load i4 %i" [src/generic/fp_generic.cpp:59]   --->   Operation 10 'load' 'i_43' <Predicate = true> <Delay = 0.00>
ST_1 : Operation 11 [1/1] (0.70ns)   --->   "%icmp_ln57 = icmp_eq  i4 %i_43, i4 8" [src/generic/fp_generic.cpp:57]   --->   Operation 11 'icmp' 'icmp_ln57' <Predicate = true> <Delay = 0.70> <CoreInst = "Cmp">   --->   Core 9 'Cmp' <Latency = 0> <II = 1> <Delay = 0.70> <FuncUnit> <Opcode : 'seteq' 'setne' 'setle' 'setge' 'setlt' 'setgt'> <InPorts = 2> <OutPorts = 1>
ST_1 : Operation 12 [1/1] (0.70ns)   --->   "%add_ln57 = add i4 %i_43, i4 1" [src/generic/fp_generic.cpp:57]   --->   Operation 12 'add' 'add_ln57' <Predicate = true> <Delay = 0.70> <CoreInst = "Adder">   --->   Core 1 'Adder' <Latency = 0> <II = 1> <Delay = 0.70> <FuncUnit> <Opcode : 'add' 'sub'> <InPorts = 2> <OutPorts = 1>
ST_1 : Operation 13 [1/1] (0.00ns)   --->   "%br_ln57 = br i1 %icmp_ln57, void %for.inc.split, void %for.end.exitStub" [src/generic/fp_generic.cpp:57]   --->   Operation 13 'br' 'br_ln57' <Predicate = true> <Delay = 0.00>
ST_1 : Operation 14 [1/1] (0.00ns)   --->   "%zext_ln57 = zext i4 %i_43" [src/generic/fp_generic.cpp:57]   --->   Operation 14 'zext' 'zext_ln57' <Predicate = (!icmp_ln57)> <Delay = 0.00>
ST_1 : Operation 15 [1/1] (0.00ns)   --->   "%a_addr = getelementptr i64 %a, i64 0, i64 %zext_ln57" [src/generic/fp_generic.cpp:59]   --->   Operation 15 'getelementptr' 'a_addr' <Predicate = (!icmp_ln57)> <Delay = 0.00>
ST_1 : Operation 16 [1/1] (0.00ns)   --->   "%b_addr = getelementptr i64 %b, i64 0, i64 %zext_ln57" [src/generic/fp_generic.cpp:59]   --->   Operation 16 'getelementptr' 'b_addr' <Predicate = (!icmp_ln57)> <Delay = 0.00>
ST_1 : Operation 17 [1/1] (0.70ns)   --->   "%add_ln59 = add i4 %zext_ln59_26_read, i4 %i_43" [src/generic/fp_generic.cpp:59]   --->   Operation 17 'add' 'add_ln59' <Predicate = (!icmp_ln57)> <Delay = 0.70> <CoreInst = "Adder">   --->   Core 1 'Adder' <Latency = 0> <II = 1> <Delay = 0.70> <FuncUnit> <Opcode : 'add' 'sub'> <InPorts = 2> <OutPorts = 1>
ST_1 : Operation 18 [2/2] (0.71ns)   --->   "%a_load = load i3 %a_addr" [src/generic/fp_generic.cpp:59]   --->   Operation 18 'load' 'a_load' <Predicate = (!icmp_ln57)> <Delay = 0.71> <CoreInst = "RAM">   --->   Core 82 'RAM' <Latency = 1> <II = 1> <Delay = 0.71> <Storage> <Opcode : 'load' 'store'> <Ports = 2> <Width = 64> <Depth = 8> <RAM>
ST_1 : Operation 19 [2/2] (0.71ns)   --->   "%b_load = load i3 %b_addr" [src/generic/fp_generic.cpp:59]   --->   Operation 19 'load' 'b_load' <Predicate = (!icmp_ln57)> <Delay = 0.71> <CoreInst = "RAM">   --->   Core 82 'RAM' <Latency = 1> <II = 1> <Delay = 0.71> <Storage> <Opcode : 'load' 'store'> <Ports = 2> <Width = 64> <Depth = 8> <RAM>
ST_1 : Operation 20 [1/1] (0.38ns)   --->   "%store_ln52 = store i4 %add_ln57, i4 %i" [src/generic/fp_generic.cpp:52]   --->   Operation 20 'store' 'store_ln52' <Predicate = (!icmp_ln57)> <Delay = 0.38>
ST_1 : Operation 44 [1/1] (0.00ns)   --->   "%write_ln59 = write void @_ssdm_op_Write.ap_auto.i1P0A, i1 %borrow_out, i1 %borrow" [src/generic/fp_generic.cpp:59]   --->   Operation 44 'write' 'write_ln59' <Predicate = (icmp_ln57)> <Delay = 0.00>
ST_1 : Operation 45 [1/1] (0.38ns)   --->   "%ret_ln0 = ret"   --->   Operation 45 'ret' 'ret_ln0' <Predicate = (icmp_ln57)> <Delay = 0.38>

State 2 <SV = 1> <Delay = 3.72>
ST_2 : Operation 21 [1/1] (0.00ns)   --->   "%zext_ln59_35 = zext i4 %add_ln59" [src/generic/fp_generic.cpp:59]   --->   Operation 21 'zext' 'zext_ln59_35' <Predicate = (!icmp_ln57)> <Delay = 0.00>
ST_2 : Operation 22 [1/1] (0.00ns)   --->   "%c_addr = getelementptr i64 %c, i64 0, i64 %zext_ln59_35" [src/generic/fp_generic.cpp:59]   --->   Operation 22 'getelementptr' 'c_addr' <Predicate = (!icmp_ln57)> <Delay = 0.00>
ST_2 : Operation 23 [1/1] (0.00ns)   --->   "%specpipeline_ln52 = specpipeline void @_ssdm_op_SpecPipeline, i32 4294967295, i32 0, i32 0, i32 0, void @empty_3" [src/generic/fp_generic.cpp:52]   --->   Operation 23 'specpipeline' 'specpipeline_ln52' <Predicate = (!icmp_ln57)> <Delay = 0.00>
ST_2 : Operation 24 [1/1] (0.00ns)   --->   "%speclooptripcount_ln52 = speclooptripcount void @_ssdm_op_SpecLoopTripCount, i64 8, i64 8, i64 8" [src/generic/fp_generic.cpp:52]   --->   Operation 24 'speclooptripcount' 'speclooptripcount_ln52' <Predicate = (!icmp_ln57)> <Delay = 0.00>
ST_2 : Operation 25 [1/1] (0.00ns)   --->   "%specloopname_ln57 = specloopname void @_ssdm_op_SpecLoopName, void @empty_20" [src/generic/fp_generic.cpp:57]   --->   Operation 25 'specloopname' 'specloopname_ln57' <Predicate = (!icmp_ln57)> <Delay = 0.00>
ST_2 : Operation 26 [1/2] ( I:0.71ns O:0.71ns )   --->   "%a_load = load i3 %a_addr" [src/generic/fp_generic.cpp:59]   --->   Operation 26 'load' 'a_load' <Predicate = (!icmp_ln57)> <Delay = 0.71> <CoreInst = "RAM">   --->   Core 82 'RAM' <Latency = 1> <II = 1> <Delay = 0.71> <Storage> <Opcode : 'load' 'store'> <Ports = 2> <Width = 64> <Depth = 8> <RAM>
ST_2 : Operation 27 [1/2] ( I:0.71ns O:0.71ns )   --->   "%b_load = load i3 %b_addr" [src/generic/fp_generic.cpp:59]   --->   Operation 27 'load' 'b_load' <Predicate = (!icmp_ln57)> <Delay = 0.71> <CoreInst = "RAM">   --->   Core 82 'RAM' <Latency = 1> <II = 1> <Delay = 0.71> <Storage> <Opcode : 'load' 'store'> <Ports = 2> <Width = 64> <Depth = 8> <RAM>
ST_2 : Operation 28 [1/1] (1.14ns)   --->   "%tempReg = sub i64 %a_load, i64 %b_load" [src/generic/fp_generic.cpp:59]   --->   Operation 28 'sub' 'tempReg' <Predicate = (!icmp_ln57)> <Delay = 1.14> <CoreInst = "Adder">   --->   Core 1 'Adder' <Latency = 0> <II = 1> <Delay = 1.14> <FuncUnit> <Opcode : 'add' 'sub'> <InPorts = 2> <OutPorts = 1>
ST_2 : Operation 29 [1/1] (0.00ns) (grouped into LUT with out node tmp)   --->   "%xor_ln105 = xor i64 %b_load, i64 %a_load" [src/config.h:105->src/generic/fp_generic.cpp:59]   --->   Operation 29 'xor' 'xor_ln105' <Predicate = (!icmp_ln57)> <Delay = 0.00> <CoreInst = "LogicGate">   --->   Core 74 'LogicGate' <Latency = 0> <II = 1> <Delay = 0.28> <FuncUnit> <Opcode : 'and' 'or' 'xor'> <InPorts = 2> <OutPorts = 1>
ST_2 : Operation 30 [1/1] (0.00ns) (grouped into LUT with out node tmp)   --->   "%xor_ln105_17 = xor i64 %b_load, i64 %tempReg" [src/config.h:105->src/generic/fp_generic.cpp:59]   --->   Operation 30 'xor' 'xor_ln105_17' <Predicate = (!icmp_ln57)> <Delay = 0.00> <CoreInst = "LogicGate">   --->   Core 74 'LogicGate' <Latency = 0> <II = 1> <Delay = 0.28> <FuncUnit> <Opcode : 'and' 'or' 'xor'> <InPorts = 2> <OutPorts = 1>
ST_2 : Operation 31 [1/1] (0.00ns) (grouped into LUT with out node tmp)   --->   "%or_ln105 = or i64 %xor_ln105_17, i64 %xor_ln105" [src/config.h:105->src/generic/fp_generic.cpp:59]   --->   Operation 31 'or' 'or_ln105' <Predicate = (!icmp_ln57)> <Delay = 0.00> <CoreInst = "LogicGate">   --->   Core 74 'LogicGate' <Latency = 0> <II = 1> <Delay = 0.28> <FuncUnit> <Opcode : 'and' 'or' 'xor'> <InPorts = 2> <OutPorts = 1>
ST_2 : Operation 32 [1/1] (0.00ns) (grouped into LUT with out node tmp)   --->   "%xor_ln105_18 = xor i64 %a_load, i64 %or_ln105" [src/config.h:105->src/generic/fp_generic.cpp:59]   --->   Operation 32 'xor' 'xor_ln105_18' <Predicate = (!icmp_ln57)> <Delay = 0.00> <CoreInst = "LogicGate">   --->   Core 74 'LogicGate' <Latency = 0> <II = 1> <Delay = 0.28> <FuncUnit> <Opcode : 'and' 'or' 'xor'> <InPorts = 2> <OutPorts = 1>
ST_2 : Operation 33 [1/1] (0.28ns) (out node of the LUT)   --->   "%tmp = bitselect i1 @_ssdm_op_BitSelect.i1.i64.i32, i64 %xor_ln105_18, i32 63" [src/config.h:98->src/generic/fp_generic.cpp:59]   --->   Operation 33 'bitselect' 'tmp' <Predicate = (!icmp_ln57)> <Delay = 0.28>
ST_2 : Operation 34 [1/1] (1.14ns)   --->   "%sub_ln95 = sub i64 0, i64 %tempReg" [src/config.h:95->src/config.h:100->src/generic/fp_generic.cpp:59]   --->   Operation 34 'sub' 'sub_ln95' <Predicate = (!icmp_ln57)> <Delay = 1.14> <CoreInst = "Adder">   --->   Core 1 'Adder' <Latency = 0> <II = 1> <Delay = 1.14> <FuncUnit> <Opcode : 'add' 'sub'> <InPorts = 2> <OutPorts = 1>
ST_2 : Operation 35 [1/1] (0.00ns) (grouped into LUT with out node borrowReg)   --->   "%or_ln95 = or i64 %tempReg, i64 %sub_ln95" [src/config.h:95->src/config.h:100->src/generic/fp_generic.cpp:59]   --->   Operation 35 'or' 'or_ln95' <Predicate = (!icmp_ln57)> <Delay = 0.00> <CoreInst = "LogicGate">   --->   Core 74 'LogicGate' <Latency = 0> <II = 1> <Delay = 0.28> <FuncUnit> <Opcode : 'and' 'or' 'xor'> <InPorts = 2> <OutPorts = 1>
ST_2 : Operation 36 [1/1] (0.00ns) (grouped into LUT with out node borrowReg)   --->   "%tmp_110 = bitselect i1 @_ssdm_op_BitSelect.i1.i64.i32, i64 %or_ln95, i32 63" [src/generic/fp_generic.cpp:59]   --->   Operation 36 'bitselect' 'tmp_110' <Predicate = (!icmp_ln57)> <Delay = 0.00>
ST_2 : Operation 37 [1/1] (0.00ns) (grouped into LUT with out node borrowReg)   --->   "%xor_ln59 = xor i1 %tmp_110, i1 1" [src/generic/fp_generic.cpp:59]   --->   Operation 37 'xor' 'xor_ln59' <Predicate = (!icmp_ln57)> <Delay = 0.00> <CoreInst = "LogicGate">   --->   Core 74 'LogicGate' <Latency = 0> <II = 1> <Delay = 0.12> <FuncUnit> <Opcode : 'and' 'or' 'xor'> <InPorts = 2> <OutPorts = 1>
ST_2 : Operation 38 [1/1] (0.00ns) (grouped into LUT with out node borrowReg)   --->   "%and_ln59 = and i1 %borrow, i1 %xor_ln59" [src/generic/fp_generic.cpp:59]   --->   Operation 38 'and' 'and_ln59' <Predicate = (!icmp_ln57)> <Delay = 0.00> <CoreInst = "LogicGate">   --->   Core 74 'LogicGate' <Latency = 0> <II = 1> <Delay = 0.12> <FuncUnit> <Opcode : 'and' 'or' 'xor'> <InPorts = 2> <OutPorts = 1>
ST_2 : Operation 39 [1/1] (0.28ns) (out node of the LUT)   --->   "%borrowReg = or i1 %and_ln59, i1 %tmp" [src/generic/fp_generic.cpp:59]   --->   Operation 39 'or' 'borrowReg' <Predicate = (!icmp_ln57)> <Delay = 0.28> <CoreInst = "LogicGate">   --->   Core 74 'LogicGate' <Latency = 0> <II = 1> <Delay = 0.12> <FuncUnit> <Opcode : 'and' 'or' 'xor'> <InPorts = 2> <OutPorts = 1>
ST_2 : Operation 40 [1/1] (0.00ns)   --->   "%zext_ln59 = zext i1 %borrow" [src/generic/fp_generic.cpp:59]   --->   Operation 40 'zext' 'zext_ln59' <Predicate = (!icmp_ln57)> <Delay = 0.00>
ST_2 : Operation 41 [1/1] (1.14ns)   --->   "%sub_ln59 = sub i64 %tempReg, i64 %zext_ln59" [src/generic/fp_generic.cpp:59]   --->   Operation 41 'sub' 'sub_ln59' <Predicate = (!icmp_ln57)> <Delay = 1.14> <CoreInst = "Adder">   --->   Core 1 'Adder' <Latency = 0> <II = 1> <Delay = 1.14> <FuncUnit> <Opcode : 'add' 'sub'> <InPorts = 2> <OutPorts = 1>
ST_2 : Operation 42 [1/1] ( I:0.71ns O:0.71ns )   --->   "%store_ln59 = store i64 %sub_ln59, i4 %c_addr" [src/generic/fp_generic.cpp:59]   --->   Operation 42 'store' 'store_ln59' <Predicate = (!icmp_ln57)> <Delay = 0.71> <CoreInst = "RAM">   --->   Core 82 'RAM' <Latency = 1> <II = 1> <Delay = 0.71> <Storage> <Opcode : 'load' 'store'> <Ports = 2> <Width = 64> <Depth = 16> <RAM>
ST_2 : Operation 43 [1/1] (0.00ns)   --->   "%br_ln57 = br void %for.inc" [src/generic/fp_generic.cpp:57]   --->   Operation 43 'br' 'br_ln57' <Predicate = (!icmp_ln57)> <Delay = 0.00>


============================================================
+ Verbose Summary: Binding
============================================================
STG Binding: 
---------------- STG Properties BEGIN ----------------
- Is combinational: 0
- Is one-state seq: 0
- Is datapath-only: 0
- Is pipelined: 0
- Is top level: 0
Port [ Return ] is wired: 1; IO mode=ap_ctrl_hs:ce=0
Port [ a]:  wired=1; compound=1; hidden=0; nouse=0; global=0; static=0; extern=0; dir=0; type=1; pingpong=0; private_global=0; MemPort=[13]; IO mode=ap_memory:ce=0
Port [ b]:  wired=1; compound=1; hidden=0; nouse=0; global=0; static=0; extern=0; dir=0; type=1; pingpong=0; private_global=0; MemPort=[13]; IO mode=ap_memory:ce=0
Port [ zext_ln59_26]:  wired=1; compound=0; hidden=0; nouse=0; global=0; static=0; extern=0; dir=0; type=0; pingpong=0; private_global=0; IO mode=ap_none:ce=0
Port [ c]:  wired=1; compound=1; hidden=0; nouse=0; global=0; static=0; extern=0; dir=1; type=1; pingpong=0; private_global=0; MemPort=[03]; IO mode=ap_memory:ce=0
Port [ borrow_out]:  wired=1; compound=0; hidden=0; nouse=0; global=0; static=0; extern=0; dir=1; type=0; pingpong=0; private_global=0; IO mode=ap_vld:ce=0
---------------- STG Properties END ------------------

---------------- Datapath Model BEGIN ----------------

<LifeTime>
<method=bitvector/>
i                      (alloca           ) [ 010]
zext_ln59_26_read      (read             ) [ 000]
store_ln52             (store            ) [ 000]
br_ln0                 (br               ) [ 000]
borrow                 (phi              ) [ 011]
i_43                   (load             ) [ 000]
icmp_ln57              (icmp             ) [ 011]
add_ln57               (add              ) [ 000]
br_ln57                (br               ) [ 000]
zext_ln57              (zext             ) [ 000]
a_addr                 (getelementptr    ) [ 011]
b_addr                 (getelementptr    ) [ 011]
add_ln59               (add              ) [ 011]
store_ln52             (store            ) [ 000]
zext_ln59_35           (zext             ) [ 000]
c_addr                 (getelementptr    ) [ 000]
specpipeline_ln52      (specpipeline     ) [ 000]
speclooptripcount_ln52 (speclooptripcount) [ 000]
specloopname_ln57      (specloopname     ) [ 000]
a_load                 (load             ) [ 000]
b_load                 (load             ) [ 000]
tempReg                (sub              ) [ 000]
xor_ln105              (xor              ) [ 000]
xor_ln105_17           (xor              ) [ 000]
or_ln105               (or               ) [ 000]
xor_ln105_18           (xor              ) [ 000]
tmp                    (bitselect        ) [ 000]
sub_ln95               (sub              ) [ 000]
or_ln95                (or               ) [ 000]
tmp_110                (bitselect        ) [ 000]
xor_ln59               (xor              ) [ 000]
and_ln59               (and              ) [ 000]
borrowReg              (or               ) [ 011]
zext_ln59              (zext             ) [ 000]
sub_ln59               (sub              ) [ 000]
store_ln59             (store            ) [ 000]
br_ln57                (br               ) [ 011]
write_ln59             (write            ) [ 000]
ret_ln0                (ret              ) [ 000]
</LifeTime>

<model>

<comp_list>
<comp id="0" class="1000" name="a">
<pin_list>
<pin id="1" dir="1" index="0" bw="1" slack="0"/>
</pin_list>
<bind>
<StgValue><ssdm name="a"/><MemPortTyVec>1 3 </MemPortTyVec>
</StgValue>
</bind>
</comp>

<comp id="2" class="1000" name="b">
<pin_list>
<pin id="3" dir="1" index="0" bw="1" slack="0"/>
</pin_list>
<bind>
<StgValue><ssdm name="b"/><MemPortTyVec>1 3 </MemPortTyVec>
</StgValue>
</bind>
</comp>

<comp id="4" class="1000" name="zext_ln59_26">
<pin_list>
<pin id="5" dir="1" index="0" bw="1" slack="0"/>
</pin_list>
<bind>
<StgValue><ssdm name="zext_ln59_26"/></StgValue>
</bind>
</comp>

<comp id="6" class="1000" name="c">
<pin_list>
<pin id="7" dir="1" index="0" bw="1" slack="0"/>
</pin_list>
<bind>
<StgValue><ssdm name="c"/><MemPortTyVec>0 3 </MemPortTyVec>
</StgValue>
</bind>
</comp>

<comp id="8" class="1000" name="borrow_out">
<pin_list>
<pin id="9" dir="1" index="0" bw="1" slack="0"/>
</pin_list>
<bind>
<StgValue><ssdm name="borrow_out"/></StgValue>
</bind>
</comp>

<comp id="10" class="1001" name="const_10">
<pin_list>
<pin id="11" dir="1" index="0" bw="1" slack="0"/>
</pin_list>
<bind>
<StgValue><ssdm name=""/></StgValue>
</bind>
</comp>

<comp id="12" class="1001" name="const_12">
<pin_list>
<pin id="13" dir="1" index="0" bw="1" slack="0"/>
</pin_list>
<bind>
<StgValue><ssdm name="_ssdm_op_Read.ap_auto.i4"/></StgValue>
</bind>
</comp>

<comp id="14" class="1001" name="const_14">
<pin_list>
<pin id="15" dir="1" index="0" bw="1" slack="0"/>
</pin_list>
<bind>
<StgValue><ssdm name=""/></StgValue>
</bind>
</comp>

<comp id="16" class="1001" name="const_16">
<pin_list>
<pin id="17" dir="1" index="0" bw="1" slack="0"/>
</pin_list>
<bind>
<StgValue><ssdm name=""/></StgValue>
</bind>
</comp>

<comp id="18" class="1001" name="const_18">
<pin_list>
<pin id="19" dir="1" index="0" bw="1" slack="0"/>
</pin_list>
<bind>
<StgValue><ssdm name=""/></StgValue>
</bind>
</comp>

<comp id="20" class="1001" name="const_20">
<pin_list>
<pin id="21" dir="1" index="0" bw="1" slack="0"/>
</pin_list>
<bind>
<StgValue><ssdm name=""/></StgValue>
</bind>
</comp>

<comp id="22" class="1001" name="const_22">
<pin_list>
<pin id="23" dir="1" index="0" bw="1" slack="0"/>
</pin_list>
<bind>
<StgValue><ssdm name=""/></StgValue>
</bind>
</comp>

<comp id="24" class="1001" name="const_24">
<pin_list>
<pin id="25" dir="1" index="0" bw="1" slack="2147483647"/>
</pin_list>
<bind>
<StgValue><ssdm name="_ssdm_op_SpecPipeline"/></StgValue>
</bind>
</comp>

<comp id="26" class="1001" name="const_26">
<pin_list>
<pin id="27" dir="1" index="0" bw="1" slack="2147483647"/>
</pin_list>
<bind>
<StgValue><ssdm name=""/></StgValue>
</bind>
</comp>

<comp id="28" class="1001" name="const_28">
<pin_list>
<pin id="29" dir="1" index="0" bw="1" slack="2147483647"/>
</pin_list>
<bind>
<StgValue><ssdm name=""/></StgValue>
</bind>
</comp>

<comp id="30" class="1001" name="const_30">
<pin_list>
<pin id="31" dir="1" index="0" bw="1" slack="2147483647"/>
</pin_list>
<bind>
<StgValue><ssdm name="empty_3"/></StgValue>
</bind>
</comp>

<comp id="32" class="1001" name="const_32">
<pin_list>
<pin id="33" dir="1" index="0" bw="1" slack="2147483647"/>
</pin_list>
<bind>
<StgValue><ssdm name="_ssdm_op_SpecLoopTripCount"/></StgValue>
</bind>
</comp>

<comp id="34" class="1001" name="const_34">
<pin_list>
<pin id="35" dir="1" index="0" bw="1" slack="2147483647"/>
</pin_list>
<bind>
<StgValue><ssdm name=""/></StgValue>
</bind>
</comp>

<comp id="36" class="1001" name="const_36">
<pin_list>
<pin id="37" dir="1" index="0" bw="1" slack="2147483647"/>
</pin_list>
<bind>
<StgValue><ssdm name="_ssdm_op_SpecLoopName"/></StgValue>
</bind>
</comp>

<comp id="38" class="1001" name="const_38">
<pin_list>
<pin id="39" dir="1" index="0" bw="1" slack="2147483647"/>
</pin_list>
<bind>
<StgValue><ssdm name="empty_20"/></StgValue>
</bind>
</comp>

<comp id="40" class="1001" name="const_40">
<pin_list>
<pin id="41" dir="1" index="0" bw="1" slack="0"/>
</pin_list>
<bind>
<StgValue><ssdm name="_ssdm_op_BitSelect.i1.i64.i32"/></StgValue>
</bind>
</comp>

<comp id="42" class="1001" name="const_42">
<pin_list>
<pin id="43" dir="1" index="0" bw="1" slack="0"/>
</pin_list>
<bind>
<StgValue><ssdm name=""/></StgValue>
</bind>
</comp>

<comp id="44" class="1001" name="const_44">
<pin_list>
<pin id="45" dir="1" index="0" bw="1" slack="0"/>
</pin_list>
<bind>
<StgValue><ssdm name=""/></StgValue>
</bind>
</comp>

<comp id="46" class="1001" name="const_46">
<pin_list>
<pin id="47" dir="1" index="0" bw="1" slack="0"/>
</pin_list>
<bind>
<StgValue><ssdm name="_ssdm_op_Write.ap_auto.i1P0A"/></StgValue>
</bind>
</comp>

<comp id="48" class="1004" name="i_fu_48">
<pin_list>
<pin id="49" dir="0" index="0" bw="1" slack="0"/>
<pin id="50" dir="1" index="1" bw="4" slack="0"/>
</pin_list>
<bind>
<opcode="alloca(26) " fcode="alloca"/>
<opset="i/1 "/>
</bind>
</comp>

<comp id="52" class="1004" name="zext_ln59_26_read_read_fu_52">
<pin_list>
<pin id="53" dir="0" index="0" bw="4" slack="0"/>
<pin id="54" dir="0" index="1" bw="4" slack="0"/>
<pin id="55" dir="1" index="2" bw="4" slack="0"/>
</pin_list>
<bind>
<opcode="read(1150) " fcode="read"/>
<opset="zext_ln59_26_read/1 "/>
</bind>
</comp>

<comp id="58" class="1004" name="write_ln59_write_fu_58">
<pin_list>
<pin id="59" dir="0" index="0" bw="0" slack="0"/>
<pin id="60" dir="0" index="1" bw="1" slack="0"/>
<pin id="61" dir="0" index="2" bw="1" slack="0"/>
<pin id="62" dir="1" index="3" bw="0" slack="2147483647"/>
</pin_list>
<bind>
<opcode="write(1151) " fcode="write"/>
<opset="write_ln59/1 "/>
</bind>
</comp>

<comp id="65" class="1004" name="a_addr_gep_fu_65">
<pin_list>
<pin id="66" dir="0" index="0" bw="64" slack="0"/>
<pin id="67" dir="0" index="1" bw="1" slack="0"/>
<pin id="68" dir="0" index="2" bw="4" slack="0"/>
<pin id="69" dir="1" index="3" bw="3" slack="0"/>
</pin_list>
<bind>
<opcode="getelementptr(29) " fcode="getelementptr"/>
<opset="a_addr/1 "/>
</bind>
</comp>

<comp id="72" class="1004" name="b_addr_gep_fu_72">
<pin_list>
<pin id="73" dir="0" index="0" bw="64" slack="0"/>
<pin id="74" dir="0" index="1" bw="1" slack="0"/>
<pin id="75" dir="0" index="2" bw="4" slack="0"/>
<pin id="76" dir="1" index="3" bw="3" slack="0"/>
</pin_list>
<bind>
<opcode="getelementptr(29) " fcode="getelementptr"/>
<opset="b_addr/1 "/>
</bind>
</comp>

<comp id="79" class="1004" name="grp_access_fu_79">
<pin_list>
<pin id="80" dir="0" index="0" bw="3" slack="0"/>
<pin id="81" dir="0" index="1" bw="64" slack="2147483647"/>
<pin id="82" dir="0" index="2" bw="0" slack="2147483647"/>
<pin id="83" dir="1" index="3" bw="64" slack="0"/>
</pin_list>
<bind>
<opcode="load(27) " fcode="load"/>
<opset="a_load/1 "/>
</bind>
</comp>

<comp id="85" class="1004" name="grp_access_fu_85">
<pin_list>
<pin id="86" dir="0" index="0" bw="3" slack="0"/>
<pin id="87" dir="0" index="1" bw="64" slack="2147483647"/>
<pin id="88" dir="0" index="2" bw="0" slack="2147483647"/>
<pin id="89" dir="1" index="3" bw="64" slack="0"/>
</pin_list>
<bind>
<opcode="load(27) " fcode="load"/>
<opset="b_load/1 "/>
</bind>
</comp>

<comp id="91" class="1004" name="c_addr_gep_fu_91">
<pin_list>
<pin id="92" dir="0" index="0" bw="64" slack="0"/>
<pin id="93" dir="0" index="1" bw="1" slack="0"/>
<pin id="94" dir="0" index="2" bw="4" slack="0"/>
<pin id="95" dir="1" index="3" bw="4" slack="0"/>
</pin_list>
<bind>
<opcode="getelementptr(29) " fcode="getelementptr"/>
<opset="c_addr/2 "/>
</bind>
</comp>

<comp id="98" class="1004" name="store_ln59_access_fu_98">
<pin_list>
<pin id="99" dir="0" index="0" bw="4" slack="0"/>
<pin id="100" dir="0" index="1" bw="64" slack="0"/>
<pin id="101" dir="0" index="2" bw="0" slack="2147483647"/>
<pin id="102" dir="1" index="3" bw="64" slack="2147483647"/>
</pin_list>
<bind>
<opcode="store(28) " fcode="store"/>
<opset="store_ln59/2 "/>
</bind>
</comp>

<comp id="104" class="1005" name="borrow_reg_104">
<pin_list>
<pin id="105" dir="0" index="0" bw="1" slack="1"/>
<pin id="106" dir="1" index="1" bw="1" slack="1"/>
</pin_list>
<bind>
<opset="borrow (phireg) "/>
</bind>
</comp>

<comp id="107" class="1004" name="borrow_phi_fu_107">
<pin_list>
<pin id="108" dir="0" index="0" bw="1" slack="0"/>
<pin id="109" dir="0" index="1" bw="0" slack="2147483647"/>
<pin id="110" dir="0" index="2" bw="1" slack="1"/>
<pin id="111" dir="0" index="3" bw="0" slack="2147483647"/>
<pin id="112" dir="1" index="4" bw="1" slack="0"/>
</pin_list>
<bind>
<opcode="phi(47) " fcode="phi"/>
<opset="borrow/1 "/>
</bind>
</comp>

<comp id="116" class="1004" name="store_ln52_store_fu_116">
<pin_list>
<pin id="117" dir="0" index="0" bw="1" slack="0"/>
<pin id="118" dir="0" index="1" bw="4" slack="0"/>
<pin id="119" dir="1" index="2" bw="0" slack="2147483647"/>
</pin_list>
<bind>
<opcode="store(28) " fcode="store"/>
<opset="store_ln52/1 "/>
</bind>
</comp>

<comp id="121" class="1004" name="i_43_load_fu_121">
<pin_list>
<pin id="122" dir="0" index="0" bw="4" slack="0"/>
<pin id="123" dir="1" index="1" bw="4" slack="0"/>
</pin_list>
<bind>
<opcode="load(27) " fcode="load"/>
<opset="i_43/1 "/>
</bind>
</comp>

<comp id="124" class="1004" name="icmp_ln57_fu_124">
<pin_list>
<pin id="125" dir="0" index="0" bw="4" slack="0"/>
<pin id="126" dir="0" index="1" bw="4" slack="0"/>
<pin id="127" dir="1" index="2" bw="1" slack="1"/>
</pin_list>
<bind>
<opcode="icmp(45) " fcode="icmp"/>
<opset="icmp_ln57/1 "/>
</bind>
</comp>

<comp id="130" class="1004" name="add_ln57_fu_130">
<pin_list>
<pin id="131" dir="0" index="0" bw="4" slack="0"/>
<pin id="132" dir="0" index="1" bw="1" slack="0"/>
<pin id="133" dir="1" index="2" bw="4" slack="0"/>
</pin_list>
<bind>
<opcode="add(8) " fcode="add"/>
<opset="add_ln57/1 "/>
</bind>
</comp>

<comp id="136" class="1004" name="zext_ln57_fu_136">
<pin_list>
<pin id="137" dir="0" index="0" bw="4" slack="0"/>
<pin id="138" dir="1" index="1" bw="64" slack="0"/>
</pin_list>
<bind>
<opcode="zext(34) " fcode="zext"/>
<opset="zext_ln57/1 "/>
</bind>
</comp>

<comp id="142" class="1004" name="add_ln59_fu_142">
<pin_list>
<pin id="143" dir="0" index="0" bw="4" slack="0"/>
<pin id="144" dir="0" index="1" bw="4" slack="0"/>
<pin id="145" dir="1" index="2" bw="4" slack="1"/>
</pin_list>
<bind>
<opcode="add(8) " fcode="add"/>
<opset="add_ln59/1 "/>
</bind>
</comp>

<comp id="148" class="1004" name="store_ln52_store_fu_148">
<pin_list>
<pin id="149" dir="0" index="0" bw="4" slack="0"/>
<pin id="150" dir="0" index="1" bw="4" slack="0"/>
<pin id="151" dir="1" index="2" bw="0" slack="2147483647"/>
</pin_list>
<bind>
<opcode="store(28) " fcode="store"/>
<opset="store_ln52/1 "/>
</bind>
</comp>

<comp id="153" class="1004" name="zext_ln59_35_fu_153">
<pin_list>
<pin id="154" dir="0" index="0" bw="4" slack="1"/>
<pin id="155" dir="1" index="1" bw="64" slack="0"/>
</pin_list>
<bind>
<opcode="zext(34) " fcode="zext"/>
<opset="zext_ln59_35/2 "/>
</bind>
</comp>

<comp id="157" class="1004" name="tempReg_fu_157">
<pin_list>
<pin id="158" dir="0" index="0" bw="64" slack="0"/>
<pin id="159" dir="0" index="1" bw="64" slack="0"/>
<pin id="160" dir="1" index="2" bw="64" slack="0"/>
</pin_list>
<bind>
<opcode="sub(10) " fcode="sub"/>
<opset="tempReg/2 "/>
</bind>
</comp>

<comp id="163" class="1004" name="xor_ln105_fu_163">
<pin_list>
<pin id="164" dir="0" index="0" bw="64" slack="0"/>
<pin id="165" dir="0" index="1" bw="64" slack="0"/>
<pin id="166" dir="1" index="2" bw="64" slack="0"/>
</pin_list>
<bind>
<opcode="xor(25) " fcode="xor"/>
<opset="xor_ln105/2 "/>
</bind>
</comp>

<comp id="169" class="1004" name="xor_ln105_17_fu_169">
<pin_list>
<pin id="170" dir="0" index="0" bw="64" slack="0"/>
<pin id="171" dir="0" index="1" bw="64" slack="0"/>
<pin id="172" dir="1" index="2" bw="64" slack="0"/>
</pin_list>
<bind>
<opcode="xor(25) " fcode="xor"/>
<opset="xor_ln105_17/2 "/>
</bind>
</comp>

<comp id="175" class="1004" name="or_ln105_fu_175">
<pin_list>
<pin id="176" dir="0" index="0" bw="64" slack="0"/>
<pin id="177" dir="0" index="1" bw="64" slack="0"/>
<pin id="178" dir="1" index="2" bw="64" slack="0"/>
</pin_list>
<bind>
<opcode="or(24) " fcode="or"/>
<opset="or_ln105/2 "/>
</bind>
</comp>

<comp id="181" class="1004" name="xor_ln105_18_fu_181">
<pin_list>
<pin id="182" dir="0" index="0" bw="64" slack="0"/>
<pin id="183" dir="0" index="1" bw="64" slack="0"/>
<pin id="184" dir="1" index="2" bw="64" slack="0"/>
</pin_list>
<bind>
<opcode="xor(25) " fcode="xor"/>
<opset="xor_ln105_18/2 "/>
</bind>
</comp>

<comp id="187" class="1004" name="tmp_fu_187">
<pin_list>
<pin id="188" dir="0" index="0" bw="1" slack="0"/>
<pin id="189" dir="0" index="1" bw="64" slack="0"/>
<pin id="190" dir="0" index="2" bw="7" slack="0"/>
<pin id="191" dir="1" index="3" bw="1" slack="0"/>
</pin_list>
<bind>
<opcode="bitselect(1000) " fcode="bitselect"/>
<opset="tmp/2 "/>
</bind>
</comp>

<comp id="195" class="1004" name="sub_ln95_fu_195">
<pin_list>
<pin id="196" dir="0" index="0" bw="1" slack="0"/>
<pin id="197" dir="0" index="1" bw="64" slack="0"/>
<pin id="198" dir="1" index="2" bw="64" slack="0"/>
</pin_list>
<bind>
<opcode="sub(10) " fcode="sub"/>
<opset="sub_ln95/2 "/>
</bind>
</comp>

<comp id="201" class="1004" name="or_ln95_fu_201">
<pin_list>
<pin id="202" dir="0" index="0" bw="64" slack="0"/>
<pin id="203" dir="0" index="1" bw="64" slack="0"/>
<pin id="204" dir="1" index="2" bw="64" slack="0"/>
</pin_list>
<bind>
<opcode="or(24) " fcode="or"/>
<opset="or_ln95/2 "/>
</bind>
</comp>

<comp id="207" class="1004" name="tmp_110_fu_207">
<pin_list>
<pin id="208" dir="0" index="0" bw="1" slack="0"/>
<pin id="209" dir="0" index="1" bw="64" slack="0"/>
<pin id="210" dir="0" index="2" bw="7" slack="0"/>
<pin id="211" dir="1" index="3" bw="1" slack="0"/>
</pin_list>
<bind>
<opcode="bitselect(1000) " fcode="bitselect"/>
<opset="tmp_110/2 "/>
</bind>
</comp>

<comp id="215" class="1004" name="xor_ln59_fu_215">
<pin_list>
<pin id="216" dir="0" index="0" bw="1" slack="0"/>
<pin id="217" dir="0" index="1" bw="1" slack="0"/>
<pin id="218" dir="1" index="2" bw="1" slack="0"/>
</pin_list>
<bind>
<opcode="xor(25) " fcode="xor"/>
<opset="xor_ln59/2 "/>
</bind>
</comp>

<comp id="221" class="1004" name="and_ln59_fu_221">
<pin_list>
<pin id="222" dir="0" index="0" bw="1" slack="1"/>
<pin id="223" dir="0" index="1" bw="1" slack="0"/>
<pin id="224" dir="1" index="2" bw="1" slack="0"/>
</pin_list>
<bind>
<opcode="and(23) " fcode="and"/>
<opset="and_ln59/2 "/>
</bind>
</comp>

<comp id="227" class="1004" name="borrowReg_fu_227">
<pin_list>
<pin id="228" dir="0" index="0" bw="1" slack="0"/>
<pin id="229" dir="0" index="1" bw="1" slack="0"/>
<pin id="230" dir="1" index="2" bw="1" slack="1"/>
</pin_list>
<bind>
<opcode="or(24) " fcode="or"/>
<opset="borrowReg/2 "/>
</bind>
</comp>

<comp id="233" class="1004" name="zext_ln59_fu_233">
<pin_list>
<pin id="234" dir="0" index="0" bw="1" slack="1"/>
<pin id="235" dir="1" index="1" bw="64" slack="0"/>
</pin_list>
<bind>
<opcode="zext(34) " fcode="zext"/>
<opset="zext_ln59/2 "/>
</bind>
</comp>

<comp id="237" class="1004" name="sub_ln59_fu_237">
<pin_list>
<pin id="238" dir="0" index="0" bw="64" slack="0"/>
<pin id="239" dir="0" index="1" bw="1" slack="0"/>
<pin id="240" dir="1" index="2" bw="64" slack="0"/>
</pin_list>
<bind>
<opcode="sub(10) " fcode="sub"/>
<opset="sub_ln59/2 "/>
</bind>
</comp>

<comp id="244" class="1005" name="i_reg_244">
<pin_list>
<pin id="245" dir="0" index="0" bw="4" slack="0"/>
<pin id="246" dir="1" index="1" bw="4" slack="0"/>
</pin_list>
<bind>
<opset="i "/>
</bind>
</comp>

<comp id="251" class="1005" name="icmp_ln57_reg_251">
<pin_list>
<pin id="252" dir="0" index="0" bw="1" slack="1"/>
<pin id="253" dir="1" index="1" bw="1" slack="2147483647"/>
</pin_list>
<bind>
<opset="icmp_ln57 "/>
</bind>
</comp>

<comp id="255" class="1005" name="a_addr_reg_255">
<pin_list>
<pin id="256" dir="0" index="0" bw="3" slack="1"/>
<pin id="257" dir="1" index="1" bw="3" slack="1"/>
</pin_list>
<bind>
<opset="a_addr "/>
</bind>
</comp>

<comp id="260" class="1005" name="b_addr_reg_260">
<pin_list>
<pin id="261" dir="0" index="0" bw="3" slack="1"/>
<pin id="262" dir="1" index="1" bw="3" slack="1"/>
</pin_list>
<bind>
<opset="b_addr "/>
</bind>
</comp>

<comp id="265" class="1005" name="add_ln59_reg_265">
<pin_list>
<pin id="266" dir="0" index="0" bw="4" slack="1"/>
<pin id="267" dir="1" index="1" bw="4" slack="1"/>
</pin_list>
<bind>
<opset="add_ln59 "/>
</bind>
</comp>

<comp id="270" class="1005" name="borrowReg_reg_270">
<pin_list>
<pin id="271" dir="0" index="0" bw="1" slack="1"/>
<pin id="272" dir="1" index="1" bw="1" slack="1"/>
</pin_list>
<bind>
<opset="borrowReg "/>
</bind>
</comp>

</comp_list>

<net_list>
<net id="51"><net_src comp="10" pin="0"/><net_sink comp="48" pin=0"/></net>

<net id="56"><net_src comp="12" pin="0"/><net_sink comp="52" pin=0"/></net>

<net id="57"><net_src comp="4" pin="0"/><net_sink comp="52" pin=1"/></net>

<net id="63"><net_src comp="46" pin="0"/><net_sink comp="58" pin=0"/></net>

<net id="64"><net_src comp="8" pin="0"/><net_sink comp="58" pin=1"/></net>

<net id="70"><net_src comp="0" pin="0"/><net_sink comp="65" pin=0"/></net>

<net id="71"><net_src comp="22" pin="0"/><net_sink comp="65" pin=1"/></net>

<net id="77"><net_src comp="2" pin="0"/><net_sink comp="72" pin=0"/></net>

<net id="78"><net_src comp="22" pin="0"/><net_sink comp="72" pin=1"/></net>

<net id="84"><net_src comp="65" pin="3"/><net_sink comp="79" pin=0"/></net>

<net id="90"><net_src comp="72" pin="3"/><net_sink comp="85" pin=0"/></net>

<net id="96"><net_src comp="6" pin="0"/><net_sink comp="91" pin=0"/></net>

<net id="97"><net_src comp="22" pin="0"/><net_sink comp="91" pin=1"/></net>

<net id="103"><net_src comp="91" pin="3"/><net_sink comp="98" pin=0"/></net>

<net id="113"><net_src comp="16" pin="0"/><net_sink comp="107" pin=0"/></net>

<net id="114"><net_src comp="107" pin="4"/><net_sink comp="104" pin=0"/></net>

<net id="115"><net_src comp="107" pin="4"/><net_sink comp="58" pin=2"/></net>

<net id="120"><net_src comp="14" pin="0"/><net_sink comp="116" pin=0"/></net>

<net id="128"><net_src comp="121" pin="1"/><net_sink comp="124" pin=0"/></net>

<net id="129"><net_src comp="18" pin="0"/><net_sink comp="124" pin=1"/></net>

<net id="134"><net_src comp="121" pin="1"/><net_sink comp="130" pin=0"/></net>

<net id="135"><net_src comp="20" pin="0"/><net_sink comp="130" pin=1"/></net>

<net id="139"><net_src comp="121" pin="1"/><net_sink comp="136" pin=0"/></net>

<net id="140"><net_src comp="136" pin="1"/><net_sink comp="65" pin=2"/></net>

<net id="141"><net_src comp="136" pin="1"/><net_sink comp="72" pin=2"/></net>

<net id="146"><net_src comp="52" pin="2"/><net_sink comp="142" pin=0"/></net>

<net id="147"><net_src comp="121" pin="1"/><net_sink comp="142" pin=1"/></net>

<net id="152"><net_src comp="130" pin="2"/><net_sink comp="148" pin=0"/></net>

<net id="156"><net_src comp="153" pin="1"/><net_sink comp="91" pin=2"/></net>

<net id="161"><net_src comp="79" pin="3"/><net_sink comp="157" pin=0"/></net>

<net id="162"><net_src comp="85" pin="3"/><net_sink comp="157" pin=1"/></net>

<net id="167"><net_src comp="85" pin="3"/><net_sink comp="163" pin=0"/></net>

<net id="168"><net_src comp="79" pin="3"/><net_sink comp="163" pin=1"/></net>

<net id="173"><net_src comp="85" pin="3"/><net_sink comp="169" pin=0"/></net>

<net id="174"><net_src comp="157" pin="2"/><net_sink comp="169" pin=1"/></net>

<net id="179"><net_src comp="169" pin="2"/><net_sink comp="175" pin=0"/></net>

<net id="180"><net_src comp="163" pin="2"/><net_sink comp="175" pin=1"/></net>

<net id="185"><net_src comp="79" pin="3"/><net_sink comp="181" pin=0"/></net>

<net id="186"><net_src comp="175" pin="2"/><net_sink comp="181" pin=1"/></net>

<net id="192"><net_src comp="40" pin="0"/><net_sink comp="187" pin=0"/></net>

<net id="193"><net_src comp="181" pin="2"/><net_sink comp="187" pin=1"/></net>

<net id="194"><net_src comp="42" pin="0"/><net_sink comp="187" pin=2"/></net>

<net id="199"><net_src comp="22" pin="0"/><net_sink comp="195" pin=0"/></net>

<net id="200"><net_src comp="157" pin="2"/><net_sink comp="195" pin=1"/></net>

<net id="205"><net_src comp="157" pin="2"/><net_sink comp="201" pin=0"/></net>

<net id="206"><net_src comp="195" pin="2"/><net_sink comp="201" pin=1"/></net>

<net id="212"><net_src comp="40" pin="0"/><net_sink comp="207" pin=0"/></net>

<net id="213"><net_src comp="201" pin="2"/><net_sink comp="207" pin=1"/></net>

<net id="214"><net_src comp="42" pin="0"/><net_sink comp="207" pin=2"/></net>

<net id="219"><net_src comp="207" pin="3"/><net_sink comp="215" pin=0"/></net>

<net id="220"><net_src comp="44" pin="0"/><net_sink comp="215" pin=1"/></net>

<net id="225"><net_src comp="104" pin="1"/><net_sink comp="221" pin=0"/></net>

<net id="226"><net_src comp="215" pin="2"/><net_sink comp="221" pin=1"/></net>

<net id="231"><net_src comp="221" pin="2"/><net_sink comp="227" pin=0"/></net>

<net id="232"><net_src comp="187" pin="3"/><net_sink comp="227" pin=1"/></net>

<net id="236"><net_src comp="104" pin="1"/><net_sink comp="233" pin=0"/></net>

<net id="241"><net_src comp="157" pin="2"/><net_sink comp="237" pin=0"/></net>

<net id="242"><net_src comp="233" pin="1"/><net_sink comp="237" pin=1"/></net>

<net id="243"><net_src comp="237" pin="2"/><net_sink comp="98" pin=1"/></net>

<net id="247"><net_src comp="48" pin="1"/><net_sink comp="244" pin=0"/></net>

<net id="248"><net_src comp="244" pin="1"/><net_sink comp="116" pin=1"/></net>

<net id="249"><net_src comp="244" pin="1"/><net_sink comp="121" pin=0"/></net>

<net id="250"><net_src comp="244" pin="1"/><net_sink comp="148" pin=1"/></net>

<net id="254"><net_src comp="124" pin="2"/><net_sink comp="251" pin=0"/></net>

<net id="258"><net_src comp="65" pin="3"/><net_sink comp="255" pin=0"/></net>

<net id="259"><net_src comp="255" pin="1"/><net_sink comp="79" pin=0"/></net>

<net id="263"><net_src comp="72" pin="3"/><net_sink comp="260" pin=0"/></net>

<net id="264"><net_src comp="260" pin="1"/><net_sink comp="85" pin=0"/></net>

<net id="268"><net_src comp="142" pin="2"/><net_sink comp="265" pin=0"/></net>

<net id="269"><net_src comp="265" pin="1"/><net_sink comp="153" pin=0"/></net>

<net id="273"><net_src comp="227" pin="2"/><net_sink comp="270" pin=0"/></net>

<net id="274"><net_src comp="270" pin="1"/><net_sink comp="107" pin=2"/></net>

</net_list>

</model> 
---------------- Datapath Model END ------------------

* FSMD analyzer results:
  - Output states:
	Port: c | {2 }
	Port: borrow_out | {1 }
 - Input state : 
	Port: fpsub503.1_Pipeline_VITIS_LOOP_57_1 : a | {1 2 }
	Port: fpsub503.1_Pipeline_VITIS_LOOP_57_1 : b | {1 2 }
	Port: fpsub503.1_Pipeline_VITIS_LOOP_57_1 : zext_ln59_26 | {1 }
  - Chain level:
	State 1
		store_ln52 : 1
		borrow : 1
		i_43 : 1
		icmp_ln57 : 2
		add_ln57 : 2
		br_ln57 : 3
		zext_ln57 : 2
		a_addr : 3
		b_addr : 3
		add_ln59 : 2
		a_load : 4
		b_load : 4
		store_ln52 : 3
		write_ln59 : 2
	State 2
		c_addr : 1
		tempReg : 1
		xor_ln105 : 1
		xor_ln105_17 : 2
		or_ln105 : 2
		xor_ln105_18 : 2
		tmp : 2
		sub_ln95 : 2
		or_ln95 : 3
		tmp_110 : 3
		xor_ln59 : 4
		and_ln59 : 4
		borrowReg : 4
		sub_ln59 : 2
		store_ln59 : 3


============================================================
+ Verbose Summary: Datapath Resource usage 
============================================================

* Functional unit list:
|----------|------------------------------|---------|---------|
| Operation|        Functional Unit       |    FF   |   LUT   |
|----------|------------------------------|---------|---------|
|          |        tempReg_fu_157        |    0    |    71   |
|    sub   |        sub_ln95_fu_195       |    0    |    71   |
|          |        sub_ln59_fu_237       |    0    |    71   |
|----------|------------------------------|---------|---------|
|          |       xor_ln105_fu_163       |    0    |    64   |
|    xor   |      xor_ln105_17_fu_169     |    0    |    64   |
|          |      xor_ln105_18_fu_181     |    0    |    64   |
|          |        xor_ln59_fu_215       |    0    |    2    |
|----------|------------------------------|---------|---------|
|          |        or_ln105_fu_175       |    0    |    64   |
|    or    |        or_ln95_fu_201        |    0    |    64   |
|          |       borrowReg_fu_227       |    0    |    2    |
|----------|------------------------------|---------|---------|
|    add   |        add_ln57_fu_130       |    0    |    12   |
|          |        add_ln59_fu_142       |    0    |    12   |
|----------|------------------------------|---------|---------|
|   icmp   |       icmp_ln57_fu_124       |    0    |    12   |
|----------|------------------------------|---------|---------|
|    and   |        and_ln59_fu_221       |    0    |    2    |
|----------|------------------------------|---------|---------|
|   read   | zext_ln59_26_read_read_fu_52 |    0    |    0    |
|----------|------------------------------|---------|---------|
|   write  |    write_ln59_write_fu_58    |    0    |    0    |
|----------|------------------------------|---------|---------|
|          |       zext_ln57_fu_136       |    0    |    0    |
|   zext   |      zext_ln59_35_fu_153     |    0    |    0    |
|          |       zext_ln59_fu_233       |    0    |    0    |
|----------|------------------------------|---------|---------|
| bitselect|          tmp_fu_187          |    0    |    0    |
|          |        tmp_110_fu_207        |    0    |    0    |
|----------|------------------------------|---------|---------|
|   Total  |                              |    0    |   575   |
|----------|------------------------------|---------|---------|

Memories:
N/A

* Register list:
+-----------------+--------+
|                 |   FF   |
+-----------------+--------+
|  a_addr_reg_255 |    3   |
| add_ln59_reg_265|    4   |
|  b_addr_reg_260 |    3   |
|borrowReg_reg_270|    1   |
|  borrow_reg_104 |    1   |
|    i_reg_244    |    4   |
|icmp_ln57_reg_251|    1   |
+-----------------+--------+
|      Total      |   17   |
+-----------------+--------+

* Multiplexer (MUX) list: 
|------------------|------|------|------|--------||---------||---------||---------|
|       Comp       |  Pin | Size |  BW  | S x BW ||  Delay  ||    FF   ||   LUT   |
|------------------|------|------|------|--------||---------||---------||---------|
| grp_access_fu_79 |  p0  |   2  |   3  |    6   ||    0    ||    9    |
| grp_access_fu_85 |  p0  |   2  |   3  |    6   ||    0    ||    9    |
|------------------|------|------|------|--------||---------||---------||---------|
|       Total      |      |      |      |   12   ||  0.774  ||    0    ||    18   |
|------------------|------|------|------|--------||---------||---------||---------|



* Summary:
+-----------+--------+--------+--------+
|           |  Delay |   FF   |   LUT  |
+-----------+--------+--------+--------+
|  Function |    -   |    0   |   575  |
|   Memory  |    -   |    -   |    -   |
|Multiplexer|    0   |    0   |   18   |
|  Register |    -   |   17   |    -   |
+-----------+--------+--------+--------+
|   Total   |    0   |   17   |   593  |
+-----------+--------+--------+--------+
