

================================================================
== Vitis HLS Report for 'keccak_absorb_clone_Pipeline_VITIS_LOOP_402_3'
================================================================
* Date:           Tue Jun  3 12:59:30 2025

* Version:        2024.2.2 (Build 6049644 on Mar  5 2025)
* Project:        sikep503_hls
* Solution:       solution1 (Vivado IP Flow Target)
* Product family: zynq
* Target device:  xc7z020-clg484-1


================================================================
== Performance Estimates
================================================================
+ Timing: 
    * Summary: 
    +--------+----------+----------+------------+
    |  Clock |  Target  | Estimated| Uncertainty|
    +--------+----------+----------+------------+
    |ap_clk  |  10.00 ns|  6.757 ns|     2.70 ns|
    +--------+----------+----------+------------+

+ Latency: 
    * Summary: 
    +---------+---------+----------+----------+-----+-----+------------------------------------------------+
    |  Latency (cycles) |  Latency (absolute) |  Interval |                    Pipeline                    |
    |   min   |   max   |    min   |    max   | min | max |                      Type                      |
    +---------+---------+----------+----------+-----+-----+------------------------------------------------+
    |      138|      138|  1.380 us|  1.380 us|  137|  137|  loop auto-rewind stp (delay=0 clock cycles(s))|
    +---------+---------+----------+----------+-----+-----+------------------------------------------------+

    + Detail: 
        * Instance: 
        N/A

        * Loop: 
        +--------------------+---------+---------+----------+-----------+-----------+------+----------+
        |                    |  Latency (cycles) | Iteration|  Initiation Interval  | Trip |          |
        |      Loop Name     |   min   |   max   |  Latency |  achieved |   target  | Count| Pipelined|
        +--------------------+---------+---------+----------+-----------+-----------+------+----------+
        |- VITIS_LOOP_402_3  |      136|      136|         1|          1|          1|   136|       yes|
        +--------------------+---------+---------+----------+-----------+-----------+------+----------+

============================================================
+ Verbose Summary: Synthesis Manager
============================================================
InlineROM: 1
ExposeGlobal: 0
============================================================
+ Verbose Summary: CDFG Model
============================================================
IsTopModel: 0
ResetActiveHigh: 1
IsCombinational: 0
IsDatapathOnly: 0
HasWiredReturn: 1
HasMFsm: 2
HasVarLatency: 1
IsPipeline: 0
IsRtlPipelined: 0
IsInstanceOverlapped: 0
IsDontTouch: 0
HasImplIP: 0
IsGatedGlobalClock: 0

+ Individual pipeline summary: 
  * Pipeline-0: initiation interval (II) = 1, depth = 1


============================================================
+ Verbose Summary: Schedule
============================================================
* Number of FSM states : 1
* Pipeline : 1
  Pipeline-0 : II = 1, D = 1, States = { 1 }
* Dataflow Pipeline: 0

* FSM state transitions: 
1 --> 

* FSM state operations: 

State 1 <SV = 0> <Delay = 6.75>
ST_1 : Operation 4 [1/1] (0.00ns)   --->   "%i_15 = alloca i32 1" [src/sha3/fips202.c:388]   --->   Operation 4 'alloca' 'i_15' <Predicate = true> <Delay = 0.00>
ST_1 : Operation 5 [1/1] (1.58ns)   --->   "%store_ln388 = store i8 0, i8 %i_15" [src/sha3/fips202.c:388]   --->   Operation 5 'store' 'store_ln388' <Predicate = true> <Delay = 1.58>
ST_1 : Operation 6 [1/1] (0.00ns)   --->   "%br_ln0 = br void %for.inc10"   --->   Operation 6 'br' 'br_ln0' <Predicate = true> <Delay = 0.00>
ST_1 : Operation 7 [1/1] (0.00ns)   --->   "%i = load i8 %i_15" [src/sha3/fips202.c:402]   --->   Operation 7 'load' 'i' <Predicate = true> <Delay = 0.00>
ST_1 : Operation 8 [1/1] (1.91ns)   --->   "%icmp_ln402 = icmp_eq  i8 %i, i8 136" [src/sha3/fips202.c:402]   --->   Operation 8 'icmp' 'icmp_ln402' <Predicate = true> <Delay = 1.91> <CoreInst = "Cmp">   --->   Core 9 'Cmp' <Latency = 0> <II = 1> <Delay = 1.91> <FuncUnit> <Opcode : 'seteq' 'setne' 'setle' 'setge' 'setlt' 'setgt'> <InPorts = 2> <OutPorts = 1>
ST_1 : Operation 9 [1/1] (1.91ns)   --->   "%i_96 = add i8 %i, i8 1" [src/sha3/fips202.c:402]   --->   Operation 9 'add' 'i_96' <Predicate = true> <Delay = 1.91> <CoreInst = "Adder">   --->   Core 1 'Adder' <Latency = 0> <II = 1> <Delay = 1.91> <FuncUnit> <Opcode : 'add' 'sub'> <InPorts = 2> <OutPorts = 1>
ST_1 : Operation 10 [1/1] (0.00ns)   --->   "%br_ln402 = br i1 %icmp_ln402, void %for.inc10.split, void %for.inc18.split.preheader.exitStub" [src/sha3/fips202.c:402]   --->   Operation 10 'br' 'br_ln402' <Predicate = true> <Delay = 0.00>
ST_1 : Operation 11 [1/1] (0.00ns)   --->   "%zext_ln402 = zext i8 %i" [src/sha3/fips202.c:402]   --->   Operation 11 'zext' 'zext_ln402' <Predicate = (!icmp_ln402)> <Delay = 0.00>
ST_1 : Operation 12 [1/1] (0.00ns)   --->   "%specpipeline_ln388 = specpipeline void @_ssdm_op_SpecPipeline, i32 4294967295, i32 0, i32 0, i32 0, void @empty_70" [src/sha3/fips202.c:388]   --->   Operation 12 'specpipeline' 'specpipeline_ln388' <Predicate = (!icmp_ln402)> <Delay = 0.00>
ST_1 : Operation 13 [1/1] (0.00ns)   --->   "%speclooptripcount_ln388 = speclooptripcount void @_ssdm_op_SpecLoopTripCount, i64 136, i64 136, i64 136" [src/sha3/fips202.c:388]   --->   Operation 13 'speclooptripcount' 'speclooptripcount_ln388' <Predicate = (!icmp_ln402)> <Delay = 0.00>
ST_1 : Operation 14 [1/1] (0.00ns)   --->   "%specloopname_ln402 = specloopname void @_ssdm_op_SpecLoopName, void @empty_89" [src/sha3/fips202.c:402]   --->   Operation 14 'specloopname' 'specloopname_ln402' <Predicate = (!icmp_ln402)> <Delay = 0.00>
ST_1 : Operation 15 [1/1] (0.00ns)   --->   "%t_addr = getelementptr i8 %t, i64 0, i64 %zext_ln402" [src/sha3/fips202.c:405]   --->   Operation 15 'getelementptr' 't_addr' <Predicate = (!icmp_ln402)> <Delay = 0.00>
ST_1 : Operation 16 [1/1] ( I:3.25ns O:3.25ns )   --->   "%store_ln405 = store i8 0, i8 %t_addr" [src/sha3/fips202.c:405]   --->   Operation 16 'store' 'store_ln405' <Predicate = (!icmp_ln402)> <Delay = 3.25> <CoreInst = "RAM">   --->   Core 81 'RAM' <Latency = 1> <II = 1> <Delay = 3.25> <Storage> <Opcode : 'load' 'store'> <Ports = 2> <Width = 8> <Depth = 200> <RAM>
ST_1 : Operation 17 [1/1] (1.58ns)   --->   "%store_ln388 = store i8 %i_96, i8 %i_15" [src/sha3/fips202.c:388]   --->   Operation 17 'store' 'store_ln388' <Predicate = (!icmp_ln402)> <Delay = 1.58>
ST_1 : Operation 18 [1/1] (0.00ns)   --->   "%br_ln402 = br void %for.inc10" [src/sha3/fips202.c:402]   --->   Operation 18 'br' 'br_ln402' <Predicate = (!icmp_ln402)> <Delay = 0.00>
ST_1 : Operation 19 [1/1] (1.58ns)   --->   "%ret_ln0 = ret"   --->   Operation 19 'ret' 'ret_ln0' <Predicate = (icmp_ln402)> <Delay = 1.58>


============================================================
+ Verbose Summary: Timing violations
============================================================
Target clock period: 10.000ns, clock uncertainty: 2.700ns.

 <State 1>: 6.757ns
The critical path consists of the following:
	'store' operation 0 bit ('store_ln388', src/sha3/fips202.c:388) of constant 0 on local variable 'i', src/sha3/fips202.c:388 [3]  (1.588 ns)
	'load' operation 8 bit ('i', src/sha3/fips202.c:402) on local variable 'i', src/sha3/fips202.c:388 [6]  (0.000 ns)
	'icmp' operation 1 bit ('icmp_ln402', src/sha3/fips202.c:402) [7]  (1.915 ns)
	'store' operation 0 bit ('store_ln405', src/sha3/fips202.c:405) of constant 0 on array 't' [16]  (3.254 ns)


============================================================
+ Verbose Summary: Binding
============================================================
N/A
* FSMD analyzer results:
  - Output states:
 - Input state : 
  - Chain level:
	State 1


============================================================
+ Verbose Summary: Datapath Resource usage 
============================================================
N/A
