

================================================================
== Vitis HLS Report for 'LADDER3PT_32_Pipeline_VITIS_LOOP_21_1'
================================================================
* Date:           Tue Sep 23 15:22:30 2025

* Version:        2024.2.2 (Build 6049644 on Mar  5 2025)
* Project:        sikep503_hls
* Solution:       solution1 (Vivado IP Flow Target)
* Product family: virtexuplus58g
* Target device:  xcvu29p-fsga2577-2L-e


================================================================
== Performance Estimates
================================================================
+ Timing: 
    * Summary: 
    +--------+----------+----------+------------+
    |  Clock |  Target  | Estimated| Uncertainty|
    +--------+----------+----------+------------+
    |ap_clk  |  10.00 ns|  1.809 ns|     2.70 ns|
    +--------+----------+----------+------------+

+ Latency: 
    * Summary: 
    +---------+---------+----------+----------+-----+-----+------------------------------------------------+
    |  Latency (cycles) |  Latency (absolute) |  Interval |                    Pipeline                    |
    |   min   |   max   |    min   |    max   | min | max |                      Type                      |
    +---------+---------+----------+----------+-----+-----+------------------------------------------------+
    |       10|       10|  0.100 us|  0.100 us|    9|    9|  loop auto-rewind stp (delay=0 clock cycles(s))|
    +---------+---------+----------+----------+-----+-----+------------------------------------------------+

    + Detail: 
        * Instance: 
        N/A

        * Loop: 
        +-------------------+---------+---------+----------+-----------+-----------+------+----------+
        |                   |  Latency (cycles) | Iteration|  Initiation Interval  | Trip |          |
        |     Loop Name     |   min   |   max   |  Latency |  achieved |   target  | Count| Pipelined|
        +-------------------+---------+---------+----------+-----------+-----------+------+----------+
        |- VITIS_LOOP_21_1  |        8|        8|         1|          1|          1|     8|       yes|
        +-------------------+---------+---------+----------+-----------+-----------+------+----------+

============================================================
+ Verbose Summary: Synthesis Manager
============================================================
InlineROM: 1
ExposeGlobal: 0
============================================================
+ Verbose Summary: CDFG Model
============================================================
IsTopModel: 0
ResetActiveHigh: 1
IsCombinational: 0
IsDatapathOnly: 0
HasWiredReturn: 1
HasMFsm: 2
HasVarLatency: 1
IsPipeline: 0
IsRtlPipelined: 0
IsInstanceOverlapped: 0
IsDontTouch: 0
HasImplIP: 0
IsGatedGlobalClock: 0

+ Individual pipeline summary: 
  * Pipeline-0: initiation interval (II) = 1, depth = 1


============================================================
+ Verbose Summary: Schedule
============================================================
* Number of FSM states : 1
* Pipeline : 1
  Pipeline-0 : II = 1, D = 1, States = { 1 }
* Dataflow Pipeline: 0

* FSM state transitions: 
1 --> 

* FSM state operations: 

State 1 <SV = 0> <Delay = 1.80>
ST_1 : Operation 4 [1/1] (0.00ns)   --->   "%i_268 = alloca i32 1" [src/fpx.cpp:19->src/ec_isogeny.cpp:316]   --->   Operation 4 'alloca' 'i_268' <Predicate = true> <Delay = 0.00>
ST_1 : Operation 5 [1/1] (0.00ns)   --->   "%specmemcore_ln0 = specmemcore void @_ssdm_op_SpecMemCore, i64 %R_Z, i64 666, i64 17, i64 18446744073709551615"   --->   Operation 5 'specmemcore' 'specmemcore_ln0' <Predicate = true> <Delay = 0.00>
ST_1 : Operation 6 [1/1] (0.38ns)   --->   "%store_ln19 = store i4 0, i4 %i_268" [src/fpx.cpp:19->src/ec_isogeny.cpp:316]   --->   Operation 6 'store' 'store_ln19' <Predicate = true> <Delay = 0.38>
ST_1 : Operation 7 [1/1] (0.00ns)   --->   "%br_ln0 = br void %for.inc.i139"   --->   Operation 7 'br' 'br_ln0' <Predicate = true> <Delay = 0.00>
ST_1 : Operation 8 [1/1] (0.00ns)   --->   "%i = load i4 %i_268" [src/fpx.cpp:22->src/ec_isogeny.cpp:316]   --->   Operation 8 'load' 'i' <Predicate = true> <Delay = 0.00>
ST_1 : Operation 9 [1/1] (0.70ns)   --->   "%icmp_ln21 = icmp_eq  i4 %i, i4 8" [src/fpx.cpp:21->src/ec_isogeny.cpp:316]   --->   Operation 9 'icmp' 'icmp_ln21' <Predicate = true> <Delay = 0.70> <CoreInst = "Cmp">   --->   Core 9 'Cmp' <Latency = 0> <II = 1> <Delay = 0.70> <FuncUnit> <Opcode : 'seteq' 'setne' 'setle' 'setge' 'setlt' 'setgt'> <InPorts = 2> <OutPorts = 1>
ST_1 : Operation 10 [1/1] (0.70ns)   --->   "%add_ln21 = add i4 %i, i4 1" [src/fpx.cpp:21->src/ec_isogeny.cpp:316]   --->   Operation 10 'add' 'add_ln21' <Predicate = true> <Delay = 0.70> <CoreInst = "Adder">   --->   Core 1 'Adder' <Latency = 0> <II = 1> <Delay = 0.70> <FuncUnit> <Opcode : 'add' 'sub'> <InPorts = 2> <OutPorts = 1>
ST_1 : Operation 11 [1/1] (0.00ns)   --->   "%br_ln21 = br i1 %icmp_ln21, void %for.inc.i139.split, void %for.inc.preheader.exitStub" [src/fpx.cpp:21->src/ec_isogeny.cpp:316]   --->   Operation 11 'br' 'br_ln21' <Predicate = true> <Delay = 0.00>
ST_1 : Operation 12 [1/1] (0.00ns)   --->   "%specpipeline_ln19 = specpipeline void @_ssdm_op_SpecPipeline, i32 4294967295, i32 0, i32 0, i32 0, void @empty_70" [src/fpx.cpp:19->src/ec_isogeny.cpp:316]   --->   Operation 12 'specpipeline' 'specpipeline_ln19' <Predicate = (!icmp_ln21)> <Delay = 0.00>
ST_1 : Operation 13 [1/1] (0.00ns)   --->   "%speclooptripcount_ln19 = speclooptripcount void @_ssdm_op_SpecLoopTripCount, i64 8, i64 8, i64 8" [src/fpx.cpp:19->src/ec_isogeny.cpp:316]   --->   Operation 13 'speclooptripcount' 'speclooptripcount_ln19' <Predicate = (!icmp_ln21)> <Delay = 0.00>
ST_1 : Operation 14 [1/1] (0.00ns)   --->   "%specloopname_ln21 = specloopname void @_ssdm_op_SpecLoopName, void @empty_26" [src/fpx.cpp:21->src/ec_isogeny.cpp:316]   --->   Operation 14 'specloopname' 'specloopname_ln21' <Predicate = (!icmp_ln21)> <Delay = 0.00>
ST_1 : Operation 15 [1/1] (0.00ns)   --->   "%trunc_ln22 = trunc i4 %i" [src/fpx.cpp:22->src/ec_isogeny.cpp:316]   --->   Operation 15 'trunc' 'trunc_ln22' <Predicate = (!icmp_ln21)> <Delay = 0.00>
ST_1 : Operation 16 [1/1] (0.00ns)   --->   "%zext_ln = bitconcatenate i4 @_ssdm_op_BitConcatenate.i4.i1.i3, i1 1, i3 %trunc_ln22" [src/fpx.cpp:22->src/ec_isogeny.cpp:316]   --->   Operation 16 'bitconcatenate' 'zext_ln' <Predicate = (!icmp_ln21)> <Delay = 0.00>
ST_1 : Operation 17 [1/1] (0.00ns)   --->   "%zext_ln22 = zext i4 %zext_ln" [src/fpx.cpp:22->src/ec_isogeny.cpp:316]   --->   Operation 17 'zext' 'zext_ln22' <Predicate = (!icmp_ln21)> <Delay = 0.00>
ST_1 : Operation 18 [1/1] (0.00ns)   --->   "%R_Z_addr = getelementptr i64 %R_Z, i64 0, i64 %zext_ln22" [src/fpx.cpp:22->src/ec_isogeny.cpp:316]   --->   Operation 18 'getelementptr' 'R_Z_addr' <Predicate = (!icmp_ln21)> <Delay = 0.00>
ST_1 : Operation 19 [1/1] ( I:0.71ns O:0.71ns )   --->   "%store_ln22 = store i64 0, i4 %R_Z_addr" [src/fpx.cpp:22->src/ec_isogeny.cpp:316]   --->   Operation 19 'store' 'store_ln22' <Predicate = (!icmp_ln21)> <Delay = 0.71> <CoreInst = "RAM_1P">   --->   Core 87 'RAM_1P' <Latency = 1> <II = 1> <Delay = 0.71> <Storage> <Opcode : 'load' 'store'> <Ports = 1> <Width = 64> <Depth = 16> <RAM>
ST_1 : Operation 20 [1/1] (0.38ns)   --->   "%store_ln19 = store i4 %add_ln21, i4 %i_268" [src/fpx.cpp:19->src/ec_isogeny.cpp:316]   --->   Operation 20 'store' 'store_ln19' <Predicate = (!icmp_ln21)> <Delay = 0.38>
ST_1 : Operation 21 [1/1] (0.00ns)   --->   "%br_ln21 = br void %for.inc.i139" [src/fpx.cpp:21->src/ec_isogeny.cpp:316]   --->   Operation 21 'br' 'br_ln21' <Predicate = (!icmp_ln21)> <Delay = 0.00>
ST_1 : Operation 22 [1/1] (0.38ns)   --->   "%ret_ln0 = ret"   --->   Operation 22 'ret' 'ret_ln0' <Predicate = (icmp_ln21)> <Delay = 0.38>


============================================================
+ Verbose Summary: Timing violations
============================================================
Target clock period: 10.000ns, clock uncertainty: 2.700ns.

 <State 1>: 1.809ns
The critical path consists of the following:
	'store' operation 0 bit ('store_ln19', src/fpx.cpp:19->src/ec_isogeny.cpp:316) of constant 0 on local variable 'i', src/fpx.cpp:19->src/ec_isogeny.cpp:316 [4]  (0.387 ns)
	'load' operation 4 bit ('i', src/fpx.cpp:22->src/ec_isogeny.cpp:316) on local variable 'i', src/fpx.cpp:19->src/ec_isogeny.cpp:316 [7]  (0.000 ns)
	'icmp' operation 1 bit ('icmp_ln21', src/fpx.cpp:21->src/ec_isogeny.cpp:316) [8]  (0.708 ns)
	'store' operation 0 bit ('store_ln22', src/fpx.cpp:22->src/ec_isogeny.cpp:316) of constant 0 on array 'R_Z' [19]  (0.714 ns)


============================================================
+ Verbose Summary: Binding
============================================================
N/A
* FSMD analyzer results:
  - Output states:
 - Input state : 
  - Chain level:
	State 1


============================================================
+ Verbose Summary: Datapath Resource usage 
============================================================
N/A
