

================================================================
== Vitis HLS Report for 'LADDER3PT_1_Pipeline_VITIS_LOOP_269_1'
================================================================
* Date:           Wed Jul  2 14:06:25 2025

* Version:        2024.2.2 (Build 6049644 on Mar  5 2025)
* Project:        sikep503_hls
* Solution:       solution1 (Vivado IP Flow Target)
* Product family: zynq
* Target device:  xc7z045-ffg900-2


================================================================
== Performance Estimates
================================================================
+ Timing: 
    * Summary: 
    +--------+----------+----------+------------+
    |  Clock |  Target  | Estimated| Uncertainty|
    +--------+----------+----------+------------+
    |ap_clk  |  10.00 ns|  7.154 ns|     2.70 ns|
    +--------+----------+----------+------------+

+ Latency: 
    * Summary: 
    +---------+---------+----------+----------+-----+-----+------------------------------------------------+
    |  Latency (cycles) |  Latency (absolute) |  Interval |                    Pipeline                    |
    |   min   |   max   |    min   |    max   | min | max |                      Type                      |
    +---------+---------+----------+----------+-----+-----+------------------------------------------------+
    |       18|       18|  0.180 us|  0.180 us|   17|   17|  loop auto-rewind stp (delay=0 clock cycles(s))|
    +---------+---------+----------+----------+-----+-----+------------------------------------------------+

    + Detail: 
        * Instance: 
        N/A

        * Loop: 
        +--------------------+---------+---------+----------+-----------+-----------+------+----------+
        |                    |  Latency (cycles) | Iteration|  Initiation Interval  | Trip |          |
        |      Loop Name     |   min   |   max   |  Latency |  achieved |   target  | Count| Pipelined|
        +--------------------+---------+---------+----------+-----------+-----------+------+----------+
        |- VITIS_LOOP_269_1  |       16|       16|         2|          2|          1|     8|       yes|
        +--------------------+---------+---------+----------+-----------+-----------+------+----------+

============================================================
+ Verbose Summary: Synthesis Manager
============================================================
InlineROM: 1
ExposeGlobal: 0
============================================================
+ Verbose Summary: CDFG Model
============================================================
IsTopModel: 0
ResetActiveHigh: 1
IsCombinational: 0
IsDatapathOnly: 0
HasWiredReturn: 1
HasMFsm: 2
HasVarLatency: 1
IsPipeline: 0
IsRtlPipelined: 0
IsInstanceOverlapped: 0
IsDontTouch: 0
HasImplIP: 0
IsGatedGlobalClock: 0

+ Individual pipeline summary: 
  * Pipeline-0: initiation interval (II) = 2, depth = 2


============================================================
+ Verbose Summary: Schedule
============================================================
* Number of FSM states : 2
* Pipeline : 1
  Pipeline-0 : II = 2, D = 2, States = { 1 2 }
* Dataflow Pipeline: 0

* FSM state transitions: 
1 --> 2 
2 --> 

* FSM state operations: 

State 1 <SV = 0> <Delay = 4.06>
ST_1 : Operation 5 [1/1] (0.00ns)   --->   "%i_280 = alloca i32 1" [src/ec_isogeny.c:267->src/ec_isogeny.c:327]   --->   Operation 5 'alloca' 'i_280' <Predicate = true> <Delay = 0.00>
ST_1 : Operation 6 [1/1] (0.00ns)   --->   "%sext_ln290_read = read i1 @_ssdm_op_Read.ap_auto.i1, i1 %sext_ln290"   --->   Operation 6 'read' 'sext_ln290_read' <Predicate = true> <Delay = 0.00>
ST_1 : Operation 7 [1/1] (0.81ns)   --->   "%sext_ln290_cast = select i1 %sext_ln290_read, i64 18446744073709551615, i64 0"   --->   Operation 7 'select' 'sext_ln290_cast' <Predicate = true> <Delay = 0.81> <CoreInst = "Sel">   --->   Core 73 'Sel' <Latency = 0> <II = 1> <Delay = 0.81> <FuncUnit> <Opcode : 'select'> <InPorts = 3> <OutPorts = 1>
ST_1 : Operation 8 [1/1] (1.29ns)   --->   "%store_ln267 = store i4 0, i4 %i_280" [src/ec_isogeny.c:267->src/ec_isogeny.c:327]   --->   Operation 8 'store' 'store_ln267' <Predicate = true> <Delay = 1.29>
ST_1 : Operation 9 [1/1] (0.00ns)   --->   "%br_ln0 = br void %for.inc.i143"   --->   Operation 9 'br' 'br_ln0' <Predicate = true> <Delay = 0.00>
ST_1 : Operation 10 [1/1] (0.00ns)   --->   "%i = load i4 %i_280" [src/ec_isogeny.c:277->src/ec_isogeny.c:327]   --->   Operation 10 'load' 'i' <Predicate = true> <Delay = 0.00>
ST_1 : Operation 11 [1/1] (0.99ns)   --->   "%icmp_ln269 = icmp_eq  i4 %i, i4 8" [src/ec_isogeny.c:269->src/ec_isogeny.c:327]   --->   Operation 11 'icmp' 'icmp_ln269' <Predicate = true> <Delay = 0.99> <CoreInst = "Cmp">   --->   Core 9 'Cmp' <Latency = 0> <II = 1> <Delay = 0.99> <FuncUnit> <Opcode : 'seteq' 'setne' 'setle' 'setge' 'setlt' 'setgt'> <InPorts = 2> <OutPorts = 1>
ST_1 : Operation 12 [1/1] (0.99ns)   --->   "%add_ln269 = add i4 %i, i4 1" [src/ec_isogeny.c:269->src/ec_isogeny.c:327]   --->   Operation 12 'add' 'add_ln269' <Predicate = true> <Delay = 0.99> <CoreInst = "Adder">   --->   Core 1 'Adder' <Latency = 0> <II = 1> <Delay = 0.99> <FuncUnit> <Opcode : 'add' 'sub'> <InPorts = 2> <OutPorts = 1>
ST_1 : Operation 13 [1/1] (0.00ns)   --->   "%br_ln269 = br i1 %icmp_ln269, void %for.inc.i143.split, void %swap_points.25.exit.exitStub" [src/ec_isogeny.c:269->src/ec_isogeny.c:327]   --->   Operation 13 'br' 'br_ln269' <Predicate = true> <Delay = 0.00>
ST_1 : Operation 14 [1/1] (0.00ns)   --->   "%zext_ln269 = zext i4 %i" [src/ec_isogeny.c:269->src/ec_isogeny.c:327]   --->   Operation 14 'zext' 'zext_ln269' <Predicate = (!icmp_ln269)> <Delay = 0.00>
ST_1 : Operation 15 [1/1] (0.00ns)   --->   "%R2_X_addr = getelementptr i64 %R2_X, i64 0, i64 %zext_ln269" [src/ec_isogeny.c:271->src/ec_isogeny.c:327]   --->   Operation 15 'getelementptr' 'R2_X_addr' <Predicate = (!icmp_ln269)> <Delay = 0.00>
ST_1 : Operation 16 [1/1] (0.00ns)   --->   "%R2_X_4_addr = getelementptr i64 %R2_X_4, i64 0, i64 %zext_ln269" [src/ec_isogeny.c:277->src/ec_isogeny.c:327]   --->   Operation 16 'getelementptr' 'R2_X_4_addr' <Predicate = (!icmp_ln269)> <Delay = 0.00>
ST_1 : Operation 17 [1/1] (0.00ns)   --->   "%R2_Z_addr = getelementptr i64 %R2_Z, i64 0, i64 %zext_ln269" [src/ec_isogeny.c:274->src/ec_isogeny.c:327]   --->   Operation 17 'getelementptr' 'R2_Z_addr' <Predicate = (!icmp_ln269)> <Delay = 0.00>
ST_1 : Operation 18 [1/1] (0.00ns)   --->   "%R2_Z_4_addr = getelementptr i64 %R2_Z_4, i64 0, i64 %zext_ln269" [src/ec_isogeny.c:280->src/ec_isogeny.c:327]   --->   Operation 18 'getelementptr' 'R2_Z_4_addr' <Predicate = (!icmp_ln269)> <Delay = 0.00>
ST_1 : Operation 19 [1/1] (0.00ns)   --->   "%R_X_addr = getelementptr i64 %R_X, i64 0, i64 %zext_ln269" [src/ec_isogeny.c:271->src/ec_isogeny.c:327]   --->   Operation 19 'getelementptr' 'R_X_addr' <Predicate = (!icmp_ln269)> <Delay = 0.00>
ST_1 : Operation 20 [2/2] (2.77ns)   --->   "%R_X_load = load i4 %R_X_addr" [src/ec_isogeny.c:271->src/ec_isogeny.c:327]   --->   Operation 20 'load' 'R_X_load' <Predicate = (!icmp_ln269)> <Delay = 2.77> <CoreInst = "RAM">   --->   Core 81 'RAM' <Latency = 1> <II = 1> <Delay = 2.77> <Storage> <Opcode : 'load' 'store'> <Ports = 2> <Width = 64> <Depth = 16> <RAM>
ST_1 : Operation 21 [2/2] (1.75ns)   --->   "%R2_X_load = load i3 %R2_X_addr" [src/ec_isogeny.c:271->src/ec_isogeny.c:327]   --->   Operation 21 'load' 'R2_X_load' <Predicate = (!icmp_ln269)> <Delay = 1.75> <CoreInst = "RAM">   --->   Core 81 'RAM' <Latency = 1> <II = 1> <Delay = 1.75> <Storage> <Opcode : 'load' 'store'> <Ports = 2> <Width = 64> <Depth = 8> <RAM>
ST_1 : Operation 22 [1/1] (0.00ns)   --->   "%R_Z_addr = getelementptr i64 %R_Z, i64 0, i64 %zext_ln269" [src/ec_isogeny.c:274->src/ec_isogeny.c:327]   --->   Operation 22 'getelementptr' 'R_Z_addr' <Predicate = (!icmp_ln269)> <Delay = 0.00>
ST_1 : Operation 23 [2/2] (2.77ns)   --->   "%R_Z_load = load i4 %R_Z_addr" [src/ec_isogeny.c:274->src/ec_isogeny.c:327]   --->   Operation 23 'load' 'R_Z_load' <Predicate = (!icmp_ln269)> <Delay = 2.77> <CoreInst = "RAM">   --->   Core 81 'RAM' <Latency = 1> <II = 1> <Delay = 2.77> <Storage> <Opcode : 'load' 'store'> <Ports = 2> <Width = 64> <Depth = 16> <RAM>
ST_1 : Operation 24 [1/1] (0.00ns)   --->   "%trunc_ln277 = trunc i4 %i" [src/ec_isogeny.c:277->src/ec_isogeny.c:327]   --->   Operation 24 'trunc' 'trunc_ln277' <Predicate = (!icmp_ln269)> <Delay = 0.00>
ST_1 : Operation 25 [1/1] (0.00ns)   --->   "%zext_ln = bitconcatenate i4 @_ssdm_op_BitConcatenate.i4.i1.i3, i1 1, i3 %trunc_ln277" [src/ec_isogeny.c:277->src/ec_isogeny.c:327]   --->   Operation 25 'bitconcatenate' 'zext_ln' <Predicate = (!icmp_ln269)> <Delay = 0.00>
ST_1 : Operation 26 [1/1] (0.00ns)   --->   "%zext_ln277 = zext i4 %zext_ln" [src/ec_isogeny.c:277->src/ec_isogeny.c:327]   --->   Operation 26 'zext' 'zext_ln277' <Predicate = (!icmp_ln269)> <Delay = 0.00>
ST_1 : Operation 27 [1/1] (0.00ns)   --->   "%R_X_addr_5 = getelementptr i64 %R_X, i64 0, i64 %zext_ln277" [src/ec_isogeny.c:277->src/ec_isogeny.c:327]   --->   Operation 27 'getelementptr' 'R_X_addr_5' <Predicate = (!icmp_ln269)> <Delay = 0.00>
ST_1 : Operation 28 [2/2] (2.77ns)   --->   "%R_X_load_4 = load i4 %R_X_addr_5" [src/ec_isogeny.c:277->src/ec_isogeny.c:327]   --->   Operation 28 'load' 'R_X_load_4' <Predicate = (!icmp_ln269)> <Delay = 2.77> <CoreInst = "RAM">   --->   Core 81 'RAM' <Latency = 1> <II = 1> <Delay = 2.77> <Storage> <Opcode : 'load' 'store'> <Ports = 2> <Width = 64> <Depth = 16> <RAM>
ST_1 : Operation 29 [1/1] (0.00ns)   --->   "%R_Z_addr_10 = getelementptr i64 %R_Z, i64 0, i64 %zext_ln277" [src/ec_isogeny.c:280->src/ec_isogeny.c:327]   --->   Operation 29 'getelementptr' 'R_Z_addr_10' <Predicate = (!icmp_ln269)> <Delay = 0.00>
ST_1 : Operation 30 [2/2] (2.77ns)   --->   "%R_Z_load_6 = load i4 %R_Z_addr_10" [src/ec_isogeny.c:280->src/ec_isogeny.c:327]   --->   Operation 30 'load' 'R_Z_load_6' <Predicate = (!icmp_ln269)> <Delay = 2.77> <CoreInst = "RAM">   --->   Core 81 'RAM' <Latency = 1> <II = 1> <Delay = 2.77> <Storage> <Opcode : 'load' 'store'> <Ports = 2> <Width = 64> <Depth = 16> <RAM>
ST_1 : Operation 31 [2/2] (1.75ns)   --->   "%R2_X_4_load = load i3 %R2_X_4_addr" [src/ec_isogeny.c:277->src/ec_isogeny.c:327]   --->   Operation 31 'load' 'R2_X_4_load' <Predicate = (!icmp_ln269)> <Delay = 1.75> <CoreInst = "RAM">   --->   Core 81 'RAM' <Latency = 1> <II = 1> <Delay = 1.75> <Storage> <Opcode : 'load' 'store'> <Ports = 2> <Width = 64> <Depth = 8> <RAM>
ST_1 : Operation 32 [2/2] (1.75ns)   --->   "%R2_Z_load = load i3 %R2_Z_addr" [src/ec_isogeny.c:274->src/ec_isogeny.c:327]   --->   Operation 32 'load' 'R2_Z_load' <Predicate = (!icmp_ln269)> <Delay = 1.75> <CoreInst = "RAM">   --->   Core 81 'RAM' <Latency = 1> <II = 1> <Delay = 1.75> <Storage> <Opcode : 'load' 'store'> <Ports = 2> <Width = 64> <Depth = 8> <RAM>
ST_1 : Operation 33 [2/2] (1.75ns)   --->   "%R2_Z_4_load = load i3 %R2_Z_4_addr" [src/ec_isogeny.c:280->src/ec_isogeny.c:327]   --->   Operation 33 'load' 'R2_Z_4_load' <Predicate = (!icmp_ln269)> <Delay = 1.75> <CoreInst = "RAM">   --->   Core 81 'RAM' <Latency = 1> <II = 1> <Delay = 1.75> <Storage> <Opcode : 'load' 'store'> <Ports = 2> <Width = 64> <Depth = 8> <RAM>
ST_1 : Operation 34 [1/1] (1.29ns)   --->   "%store_ln267 = store i4 %add_ln269, i4 %i_280" [src/ec_isogeny.c:267->src/ec_isogeny.c:327]   --->   Operation 34 'store' 'store_ln267' <Predicate = (!icmp_ln269)> <Delay = 1.29>
ST_1 : Operation 71 [1/1] (1.29ns)   --->   "%ret_ln0 = ret"   --->   Operation 71 'ret' 'ret_ln0' <Predicate = (icmp_ln269)> <Delay = 1.29>

State 2 <SV = 1> <Delay = 7.15>
ST_2 : Operation 35 [1/1] (0.00ns)   --->   "%specpipeline_ln267 = specpipeline void @_ssdm_op_SpecPipeline, i32 4294967295, i32 0, i32 0, i32 0, void @empty_56" [src/ec_isogeny.c:267->src/ec_isogeny.c:327]   --->   Operation 35 'specpipeline' 'specpipeline_ln267' <Predicate = true> <Delay = 0.00>
ST_2 : Operation 36 [1/1] (0.00ns)   --->   "%speclooptripcount_ln267 = speclooptripcount void @_ssdm_op_SpecLoopTripCount, i64 8, i64 8, i64 8" [src/ec_isogeny.c:267->src/ec_isogeny.c:327]   --->   Operation 36 'speclooptripcount' 'speclooptripcount_ln267' <Predicate = true> <Delay = 0.00>
ST_2 : Operation 37 [1/1] (0.00ns)   --->   "%specloopname_ln269 = specloopname void @_ssdm_op_SpecLoopName, void @empty_9" [src/ec_isogeny.c:269->src/ec_isogeny.c:327]   --->   Operation 37 'specloopname' 'specloopname_ln269' <Predicate = true> <Delay = 0.00>
ST_2 : Operation 38 [1/2] ( I:2.77ns O:2.77ns )   --->   "%R_X_load = load i4 %R_X_addr" [src/ec_isogeny.c:271->src/ec_isogeny.c:327]   --->   Operation 38 'load' 'R_X_load' <Predicate = true> <Delay = 2.77> <CoreInst = "RAM">   --->   Core 81 'RAM' <Latency = 1> <II = 1> <Delay = 2.77> <Storage> <Opcode : 'load' 'store'> <Ports = 2> <Width = 64> <Depth = 16> <RAM>
ST_2 : Operation 39 [1/2] ( I:1.75ns O:1.75ns )   --->   "%R2_X_load = load i3 %R2_X_addr" [src/ec_isogeny.c:271->src/ec_isogeny.c:327]   --->   Operation 39 'load' 'R2_X_load' <Predicate = true> <Delay = 1.75> <CoreInst = "RAM">   --->   Core 81 'RAM' <Latency = 1> <II = 1> <Delay = 1.75> <Storage> <Opcode : 'load' 'store'> <Ports = 2> <Width = 64> <Depth = 8> <RAM>
ST_2 : Operation 40 [1/1] (0.00ns) (grouped into LUT with out node temp)   --->   "%xor_ln271 = xor i64 %R2_X_load, i64 %R_X_load" [src/ec_isogeny.c:271->src/ec_isogeny.c:327]   --->   Operation 40 'xor' 'xor_ln271' <Predicate = true> <Delay = 0.00> <CoreInst = "LogicGate">   --->   Core 74 'LogicGate' <Latency = 0> <II = 1> <Delay = 0.80> <FuncUnit> <Opcode : 'and' 'or' 'xor'> <InPorts = 2> <OutPorts = 1>
ST_2 : Operation 41 [1/1] (0.80ns) (out node of the LUT)   --->   "%temp = and i64 %xor_ln271, i64 %sext_ln290_cast" [src/ec_isogeny.c:271->src/ec_isogeny.c:327]   --->   Operation 41 'and' 'temp' <Predicate = true> <Delay = 0.80> <CoreInst = "LogicGate">   --->   Core 74 'LogicGate' <Latency = 0> <II = 1> <Delay = 0.80> <FuncUnit> <Opcode : 'and' 'or' 'xor'> <InPorts = 2> <OutPorts = 1>
ST_2 : Operation 42 [1/1] (0.80ns)   --->   "%xor_ln272 = xor i64 %R_X_load, i64 %temp" [src/ec_isogeny.c:272->src/ec_isogeny.c:327]   --->   Operation 42 'xor' 'xor_ln272' <Predicate = true> <Delay = 0.80> <CoreInst = "LogicGate">   --->   Core 74 'LogicGate' <Latency = 0> <II = 1> <Delay = 0.80> <FuncUnit> <Opcode : 'and' 'or' 'xor'> <InPorts = 2> <OutPorts = 1>
ST_2 : Operation 43 [1/1] ( I:2.77ns O:2.77ns )   --->   "%store_ln272 = store i64 %xor_ln272, i4 %R_X_addr" [src/ec_isogeny.c:272->src/ec_isogeny.c:327]   --->   Operation 43 'store' 'store_ln272' <Predicate = true> <Delay = 2.77> <CoreInst = "RAM">   --->   Core 81 'RAM' <Latency = 1> <II = 1> <Delay = 2.77> <Storage> <Opcode : 'load' 'store'> <Ports = 2> <Width = 64> <Depth = 16> <RAM>
ST_2 : Operation 44 [1/1] (0.80ns)   --->   "%xor_ln273 = xor i64 %R2_X_load, i64 %temp" [src/ec_isogeny.c:273->src/ec_isogeny.c:327]   --->   Operation 44 'xor' 'xor_ln273' <Predicate = true> <Delay = 0.80> <CoreInst = "LogicGate">   --->   Core 74 'LogicGate' <Latency = 0> <II = 1> <Delay = 0.80> <FuncUnit> <Opcode : 'and' 'or' 'xor'> <InPorts = 2> <OutPorts = 1>
ST_2 : Operation 45 [1/2] ( I:2.77ns O:2.77ns )   --->   "%R_Z_load = load i4 %R_Z_addr" [src/ec_isogeny.c:274->src/ec_isogeny.c:327]   --->   Operation 45 'load' 'R_Z_load' <Predicate = true> <Delay = 2.77> <CoreInst = "RAM">   --->   Core 81 'RAM' <Latency = 1> <II = 1> <Delay = 2.77> <Storage> <Opcode : 'load' 'store'> <Ports = 2> <Width = 64> <Depth = 16> <RAM>
ST_2 : Operation 46 [1/2] ( I:2.77ns O:2.77ns )   --->   "%R_X_load_4 = load i4 %R_X_addr_5" [src/ec_isogeny.c:277->src/ec_isogeny.c:327]   --->   Operation 46 'load' 'R_X_load_4' <Predicate = true> <Delay = 2.77> <CoreInst = "RAM">   --->   Core 81 'RAM' <Latency = 1> <II = 1> <Delay = 2.77> <Storage> <Opcode : 'load' 'store'> <Ports = 2> <Width = 64> <Depth = 16> <RAM>
ST_2 : Operation 47 [1/2] ( I:2.77ns O:2.77ns )   --->   "%R_Z_load_6 = load i4 %R_Z_addr_10" [src/ec_isogeny.c:280->src/ec_isogeny.c:327]   --->   Operation 47 'load' 'R_Z_load_6' <Predicate = true> <Delay = 2.77> <CoreInst = "RAM">   --->   Core 81 'RAM' <Latency = 1> <II = 1> <Delay = 2.77> <Storage> <Opcode : 'load' 'store'> <Ports = 2> <Width = 64> <Depth = 16> <RAM>
ST_2 : Operation 48 [1/2] ( I:1.75ns O:1.75ns )   --->   "%R2_X_4_load = load i3 %R2_X_4_addr" [src/ec_isogeny.c:277->src/ec_isogeny.c:327]   --->   Operation 48 'load' 'R2_X_4_load' <Predicate = true> <Delay = 1.75> <CoreInst = "RAM">   --->   Core 81 'RAM' <Latency = 1> <II = 1> <Delay = 1.75> <Storage> <Opcode : 'load' 'store'> <Ports = 2> <Width = 64> <Depth = 8> <RAM>
ST_2 : Operation 49 [1/1] (0.00ns) (grouped into LUT with out node temp_106)   --->   "%xor_ln277 = xor i64 %R2_X_4_load, i64 %R_X_load_4" [src/ec_isogeny.c:277->src/ec_isogeny.c:327]   --->   Operation 49 'xor' 'xor_ln277' <Predicate = true> <Delay = 0.00> <CoreInst = "LogicGate">   --->   Core 74 'LogicGate' <Latency = 0> <II = 1> <Delay = 0.80> <FuncUnit> <Opcode : 'and' 'or' 'xor'> <InPorts = 2> <OutPorts = 1>
ST_2 : Operation 50 [1/1] (0.80ns) (out node of the LUT)   --->   "%temp_106 = and i64 %xor_ln277, i64 %sext_ln290_cast" [src/ec_isogeny.c:277->src/ec_isogeny.c:327]   --->   Operation 50 'and' 'temp_106' <Predicate = true> <Delay = 0.80> <CoreInst = "LogicGate">   --->   Core 74 'LogicGate' <Latency = 0> <II = 1> <Delay = 0.80> <FuncUnit> <Opcode : 'and' 'or' 'xor'> <InPorts = 2> <OutPorts = 1>
ST_2 : Operation 51 [1/1] (0.80ns)   --->   "%xor_ln278 = xor i64 %R_X_load_4, i64 %temp_106" [src/ec_isogeny.c:278->src/ec_isogeny.c:327]   --->   Operation 51 'xor' 'xor_ln278' <Predicate = true> <Delay = 0.80> <CoreInst = "LogicGate">   --->   Core 74 'LogicGate' <Latency = 0> <II = 1> <Delay = 0.80> <FuncUnit> <Opcode : 'and' 'or' 'xor'> <InPorts = 2> <OutPorts = 1>
ST_2 : Operation 52 [1/1] ( I:2.77ns O:2.77ns )   --->   "%store_ln278 = store i64 %xor_ln278, i4 %R_X_addr_5" [src/ec_isogeny.c:278->src/ec_isogeny.c:327]   --->   Operation 52 'store' 'store_ln278' <Predicate = true> <Delay = 2.77> <CoreInst = "RAM">   --->   Core 81 'RAM' <Latency = 1> <II = 1> <Delay = 2.77> <Storage> <Opcode : 'load' 'store'> <Ports = 2> <Width = 64> <Depth = 16> <RAM>
ST_2 : Operation 53 [1/1] (0.80ns)   --->   "%xor_ln279 = xor i64 %R2_X_4_load, i64 %temp_106" [src/ec_isogeny.c:279->src/ec_isogeny.c:327]   --->   Operation 53 'xor' 'xor_ln279' <Predicate = true> <Delay = 0.80> <CoreInst = "LogicGate">   --->   Core 74 'LogicGate' <Latency = 0> <II = 1> <Delay = 0.80> <FuncUnit> <Opcode : 'and' 'or' 'xor'> <InPorts = 2> <OutPorts = 1>
ST_2 : Operation 54 [1/1] ( I:1.75ns O:1.75ns )   --->   "%store_ln273 = store i64 %xor_ln273, i3 %R2_X_addr" [src/ec_isogeny.c:273->src/ec_isogeny.c:327]   --->   Operation 54 'store' 'store_ln273' <Predicate = true> <Delay = 1.75> <CoreInst = "RAM">   --->   Core 81 'RAM' <Latency = 1> <II = 1> <Delay = 1.75> <Storage> <Opcode : 'load' 'store'> <Ports = 2> <Width = 64> <Depth = 8> <RAM>
ST_2 : Operation 55 [1/1] ( I:1.75ns O:1.75ns )   --->   "%store_ln279 = store i64 %xor_ln279, i3 %R2_X_4_addr" [src/ec_isogeny.c:279->src/ec_isogeny.c:327]   --->   Operation 55 'store' 'store_ln279' <Predicate = true> <Delay = 1.75> <CoreInst = "RAM">   --->   Core 81 'RAM' <Latency = 1> <II = 1> <Delay = 1.75> <Storage> <Opcode : 'load' 'store'> <Ports = 2> <Width = 64> <Depth = 8> <RAM>
ST_2 : Operation 56 [1/2] ( I:1.75ns O:1.75ns )   --->   "%R2_Z_load = load i3 %R2_Z_addr" [src/ec_isogeny.c:274->src/ec_isogeny.c:327]   --->   Operation 56 'load' 'R2_Z_load' <Predicate = true> <Delay = 1.75> <CoreInst = "RAM">   --->   Core 81 'RAM' <Latency = 1> <II = 1> <Delay = 1.75> <Storage> <Opcode : 'load' 'store'> <Ports = 2> <Width = 64> <Depth = 8> <RAM>
ST_2 : Operation 57 [1/1] (0.00ns) (grouped into LUT with out node temp_105)   --->   "%xor_ln274 = xor i64 %R2_Z_load, i64 %R_Z_load" [src/ec_isogeny.c:274->src/ec_isogeny.c:327]   --->   Operation 57 'xor' 'xor_ln274' <Predicate = true> <Delay = 0.00> <CoreInst = "LogicGate">   --->   Core 74 'LogicGate' <Latency = 0> <II = 1> <Delay = 0.80> <FuncUnit> <Opcode : 'and' 'or' 'xor'> <InPorts = 2> <OutPorts = 1>
ST_2 : Operation 58 [1/1] (0.80ns) (out node of the LUT)   --->   "%temp_105 = and i64 %xor_ln274, i64 %sext_ln290_cast" [src/ec_isogeny.c:274->src/ec_isogeny.c:327]   --->   Operation 58 'and' 'temp_105' <Predicate = true> <Delay = 0.80> <CoreInst = "LogicGate">   --->   Core 74 'LogicGate' <Latency = 0> <II = 1> <Delay = 0.80> <FuncUnit> <Opcode : 'and' 'or' 'xor'> <InPorts = 2> <OutPorts = 1>
ST_2 : Operation 59 [1/1] (0.80ns)   --->   "%xor_ln275 = xor i64 %R_Z_load, i64 %temp_105" [src/ec_isogeny.c:275->src/ec_isogeny.c:327]   --->   Operation 59 'xor' 'xor_ln275' <Predicate = true> <Delay = 0.80> <CoreInst = "LogicGate">   --->   Core 74 'LogicGate' <Latency = 0> <II = 1> <Delay = 0.80> <FuncUnit> <Opcode : 'and' 'or' 'xor'> <InPorts = 2> <OutPorts = 1>
ST_2 : Operation 60 [1/1] ( I:2.77ns O:2.77ns )   --->   "%store_ln275 = store i64 %xor_ln275, i4 %R_Z_addr" [src/ec_isogeny.c:275->src/ec_isogeny.c:327]   --->   Operation 60 'store' 'store_ln275' <Predicate = true> <Delay = 2.77> <CoreInst = "RAM">   --->   Core 81 'RAM' <Latency = 1> <II = 1> <Delay = 2.77> <Storage> <Opcode : 'load' 'store'> <Ports = 2> <Width = 64> <Depth = 16> <RAM>
ST_2 : Operation 61 [1/1] (0.80ns)   --->   "%xor_ln276 = xor i64 %R2_Z_load, i64 %temp_105" [src/ec_isogeny.c:276->src/ec_isogeny.c:327]   --->   Operation 61 'xor' 'xor_ln276' <Predicate = true> <Delay = 0.80> <CoreInst = "LogicGate">   --->   Core 74 'LogicGate' <Latency = 0> <II = 1> <Delay = 0.80> <FuncUnit> <Opcode : 'and' 'or' 'xor'> <InPorts = 2> <OutPorts = 1>
ST_2 : Operation 62 [1/2] ( I:1.75ns O:1.75ns )   --->   "%R2_Z_4_load = load i3 %R2_Z_4_addr" [src/ec_isogeny.c:280->src/ec_isogeny.c:327]   --->   Operation 62 'load' 'R2_Z_4_load' <Predicate = true> <Delay = 1.75> <CoreInst = "RAM">   --->   Core 81 'RAM' <Latency = 1> <II = 1> <Delay = 1.75> <Storage> <Opcode : 'load' 'store'> <Ports = 2> <Width = 64> <Depth = 8> <RAM>
ST_2 : Operation 63 [1/1] (0.00ns) (grouped into LUT with out node temp_107)   --->   "%xor_ln280 = xor i64 %R2_Z_4_load, i64 %R_Z_load_6" [src/ec_isogeny.c:280->src/ec_isogeny.c:327]   --->   Operation 63 'xor' 'xor_ln280' <Predicate = true> <Delay = 0.00> <CoreInst = "LogicGate">   --->   Core 74 'LogicGate' <Latency = 0> <II = 1> <Delay = 0.80> <FuncUnit> <Opcode : 'and' 'or' 'xor'> <InPorts = 2> <OutPorts = 1>
ST_2 : Operation 64 [1/1] (0.80ns) (out node of the LUT)   --->   "%temp_107 = and i64 %xor_ln280, i64 %sext_ln290_cast" [src/ec_isogeny.c:280->src/ec_isogeny.c:327]   --->   Operation 64 'and' 'temp_107' <Predicate = true> <Delay = 0.80> <CoreInst = "LogicGate">   --->   Core 74 'LogicGate' <Latency = 0> <II = 1> <Delay = 0.80> <FuncUnit> <Opcode : 'and' 'or' 'xor'> <InPorts = 2> <OutPorts = 1>
ST_2 : Operation 65 [1/1] (0.80ns)   --->   "%xor_ln281 = xor i64 %R_Z_load_6, i64 %temp_107" [src/ec_isogeny.c:281->src/ec_isogeny.c:327]   --->   Operation 65 'xor' 'xor_ln281' <Predicate = true> <Delay = 0.80> <CoreInst = "LogicGate">   --->   Core 74 'LogicGate' <Latency = 0> <II = 1> <Delay = 0.80> <FuncUnit> <Opcode : 'and' 'or' 'xor'> <InPorts = 2> <OutPorts = 1>
ST_2 : Operation 66 [1/1] ( I:2.77ns O:2.77ns )   --->   "%store_ln281 = store i64 %xor_ln281, i4 %R_Z_addr_10" [src/ec_isogeny.c:281->src/ec_isogeny.c:327]   --->   Operation 66 'store' 'store_ln281' <Predicate = true> <Delay = 2.77> <CoreInst = "RAM">   --->   Core 81 'RAM' <Latency = 1> <II = 1> <Delay = 2.77> <Storage> <Opcode : 'load' 'store'> <Ports = 2> <Width = 64> <Depth = 16> <RAM>
ST_2 : Operation 67 [1/1] (0.80ns)   --->   "%xor_ln282 = xor i64 %R2_Z_4_load, i64 %temp_107" [src/ec_isogeny.c:282->src/ec_isogeny.c:327]   --->   Operation 67 'xor' 'xor_ln282' <Predicate = true> <Delay = 0.80> <CoreInst = "LogicGate">   --->   Core 74 'LogicGate' <Latency = 0> <II = 1> <Delay = 0.80> <FuncUnit> <Opcode : 'and' 'or' 'xor'> <InPorts = 2> <OutPorts = 1>
ST_2 : Operation 68 [1/1] ( I:1.75ns O:1.75ns )   --->   "%store_ln276 = store i64 %xor_ln276, i3 %R2_Z_addr" [src/ec_isogeny.c:276->src/ec_isogeny.c:327]   --->   Operation 68 'store' 'store_ln276' <Predicate = true> <Delay = 1.75> <CoreInst = "RAM">   --->   Core 81 'RAM' <Latency = 1> <II = 1> <Delay = 1.75> <Storage> <Opcode : 'load' 'store'> <Ports = 2> <Width = 64> <Depth = 8> <RAM>
ST_2 : Operation 69 [1/1] ( I:1.75ns O:1.75ns )   --->   "%store_ln282 = store i64 %xor_ln282, i3 %R2_Z_4_addr" [src/ec_isogeny.c:282->src/ec_isogeny.c:327]   --->   Operation 69 'store' 'store_ln282' <Predicate = true> <Delay = 1.75> <CoreInst = "RAM">   --->   Core 81 'RAM' <Latency = 1> <II = 1> <Delay = 1.75> <Storage> <Opcode : 'load' 'store'> <Ports = 2> <Width = 64> <Depth = 8> <RAM>
ST_2 : Operation 70 [1/1] (0.00ns)   --->   "%br_ln269 = br void %for.inc.i143" [src/ec_isogeny.c:269->src/ec_isogeny.c:327]   --->   Operation 70 'br' 'br_ln269' <Predicate = true> <Delay = 0.00>


============================================================
+ Verbose Summary: Timing violations
============================================================
Target clock period: 10.000ns, clock uncertainty: 2.700ns.

 <State 1>: 4.069ns
The critical path consists of the following:
	'store' operation 0 bit ('store_ln267', src/ec_isogeny.c:267->src/ec_isogeny.c:327) of constant 0 on local variable 'i', src/ec_isogeny.c:267->src/ec_isogeny.c:327 [11]  (1.298 ns)
	'load' operation 4 bit ('i', src/ec_isogeny.c:277->src/ec_isogeny.c:327) on local variable 'i', src/ec_isogeny.c:267->src/ec_isogeny.c:327 [14]  (0.000 ns)
	'getelementptr' operation 4 bit ('R_X_addr', src/ec_isogeny.c:271->src/ec_isogeny.c:327) [27]  (0.000 ns)
	'load' operation 64 bit ('R_X_load', src/ec_isogeny.c:271->src/ec_isogeny.c:327) on array 'R_X' [28]  (2.771 ns)

 <State 2>: 7.154ns
The critical path consists of the following:
	'load' operation 64 bit ('R_X_load', src/ec_isogeny.c:271->src/ec_isogeny.c:327) on array 'R_X' [28]  (2.771 ns)
	'xor' operation 64 bit ('xor_ln271', src/ec_isogeny.c:271->src/ec_isogeny.c:327) [30]  (0.000 ns)
	'and' operation 64 bit ('temp', src/ec_isogeny.c:271->src/ec_isogeny.c:327) [31]  (0.806 ns)
	'xor' operation 64 bit ('xor_ln272', src/ec_isogeny.c:272->src/ec_isogeny.c:327) [32]  (0.806 ns)
	'store' operation 0 bit ('store_ln272', src/ec_isogeny.c:272->src/ec_isogeny.c:327) of variable 'xor_ln272', src/ec_isogeny.c:272->src/ec_isogeny.c:327 on array 'R_X' [33]  (2.771 ns)


============================================================
+ Verbose Summary: Binding
============================================================
N/A
* FSMD analyzer results:
  - Output states:
 - Input state : 
  - Chain level:
	State 1
	State 2


============================================================
+ Verbose Summary: Datapath Resource usage 
============================================================
N/A
