

================================================================
== Vitis HLS Report for 'mp_mul_1_1'
================================================================
* Date:           Wed Sep  3 14:23:27 2025

* Version:        2024.2.2 (Build 6049644 on Mar  5 2025)
* Project:        sikep503_hls
* Solution:       solution1 (Vivado IP Flow Target)
* Product family: virtexuplus58g
* Target device:  xcvu29p-fsga2577-2L-e


================================================================
== Performance Estimates
================================================================
+ Timing: 
    * Summary: 
    +--------+----------+----------+------------+
    |  Clock |  Target  | Estimated| Uncertainty|
    +--------+----------+----------+------------+
    |ap_clk  |  10.00 ns|  7.162 ns|     2.70 ns|
    +--------+----------+----------+------------+

+ Latency: 
    * Summary: 
    +---------+---------+-----------+-----------+-----+-----+---------+
    |  Latency (cycles) |   Latency (absolute)  |  Interval | Pipeline|
    |   min   |   max   |    min    |    max    | min | max |   Type  |
    +---------+---------+-----------+-----------+-----+-----+---------+
    |        3|        3|  30.000 ns|  30.000 ns|    2|    2|      yes|
    +---------+---------+-----------+-----------+-----+-----+---------+

    + Detail: 
        * Instance: 
        +-------------------+---------+---------+---------+-----------+-----------+-----+-----+---------+
        |                   |         |  Latency (cycles) |   Latency (absolute)  |  Interval | Pipeline|
        |      Instance     |  Module |   min   |   max   |    min    |    max    | min | max |   Type  |
        +-------------------+---------+---------+---------+-----------+-----------+-----+-----+---------+
        |grp_mul_1_1_fu_76  |mul_1_1  |        3|        3|  30.000 ns|  30.000 ns|    2|    2|      yes|
        +-------------------+---------+---------+---------+-----------+-----------+-----+-----+---------+

        * Loop: 
        N/A

============================================================
+ Verbose Summary: Synthesis Manager
============================================================
InlineROM: 1
ExposeGlobal: 0
============================================================
+ Verbose Summary: CDFG Model
============================================================
IsTopModel: 0
ResetActiveHigh: 1
IsCombinational: 0
IsDatapathOnly: 0
HasWiredReturn: 1
HasMFsm: 2
HasVarLatency: 0
IsPipeline: 1
IsRtlPipelined: 1
IsInstanceOverlapped: 0
IsDontTouch: 0
HasImplIP: 0
IsGatedGlobalClock: 0

+ Individual pipeline summary: 
  * Pipeline-0: initiation interval (II) = 2, depth = 4


============================================================
+ Verbose Summary: Schedule
============================================================
* Number of FSM states : 4
* Pipeline : 1
  Pipeline-0 : II = 2, D = 4, States = { 1 2 3 4 }
* Dataflow Pipeline: 0

* FSM state transitions: 
1 --> 2 
2 --> 3 
3 --> 4 
4 --> 

* FSM state operations: 

State 1 <SV = 0> <Delay = 7.16>
ST_1 : Operation 5 [1/1] (0.00ns)   --->   "%p_read_9 = read i64 @_ssdm_op_Read.ap_auto.i64, i64 %p_read7" [src/generic/fp_generic.cpp:267]   --->   Operation 5 'read' 'p_read_9' <Predicate = true> <Delay = 0.00>
ST_1 : Operation 6 [1/1] (0.00ns)   --->   "%p_read_10 = read i64 @_ssdm_op_Read.ap_auto.i64, i64 %p_read6" [src/generic/fp_generic.cpp:267]   --->   Operation 6 'read' 'p_read_10' <Predicate = true> <Delay = 0.00>
ST_1 : Operation 7 [1/1] (0.00ns)   --->   "%p_read_11 = read i64 @_ssdm_op_Read.ap_auto.i64, i64 %p_read5" [src/generic/fp_generic.cpp:267]   --->   Operation 7 'read' 'p_read_11' <Predicate = true> <Delay = 0.00>
ST_1 : Operation 8 [1/1] (0.00ns)   --->   "%p_read_12 = read i64 @_ssdm_op_Read.ap_auto.i64, i64 %p_read4" [src/generic/fp_generic.cpp:267]   --->   Operation 8 'read' 'p_read_12' <Predicate = true> <Delay = 0.00>
ST_1 : Operation 9 [1/1] (0.00ns)   --->   "%p_read311 = read i64 @_ssdm_op_Read.ap_auto.i64, i64 %p_read3" [src/generic/fp_generic.cpp:267]   --->   Operation 9 'read' 'p_read311' <Predicate = true> <Delay = 0.00>
ST_1 : Operation 10 [1/1] (0.00ns)   --->   "%p_read210 = read i64 @_ssdm_op_Read.ap_auto.i64, i64 %p_read2" [src/generic/fp_generic.cpp:267]   --->   Operation 10 'read' 'p_read210' <Predicate = true> <Delay = 0.00>
ST_1 : Operation 11 [1/1] (0.00ns)   --->   "%p_read19 = read i64 @_ssdm_op_Read.ap_auto.i64, i64 %p_read1" [src/generic/fp_generic.cpp:267]   --->   Operation 11 'read' 'p_read19' <Predicate = true> <Delay = 0.00>
ST_1 : Operation 12 [1/1] (0.00ns)   --->   "%p_read_13 = read i64 @_ssdm_op_Read.ap_auto.i64, i64 %p_read" [src/generic/fp_generic.cpp:267]   --->   Operation 12 'read' 'p_read_13' <Predicate = true> <Delay = 0.00>
ST_1 : Operation 13 [4/4] (7.16ns)   --->   "%call_ret = call i1024 @mul.1.1, i64 %p_read_13, i64 %p_read19, i64 %p_read210, i64 %p_read311, i64 %p_read_12, i64 %p_read_11, i64 %p_read_10, i64 %p_read_9" [src/generic/fp_generic.cpp:283]   --->   Operation 13 'call' 'call_ret' <Predicate = true> <Delay = 7.16> <CoreType = "Generic">   --->   Generic Core

State 2 <SV = 1> <Delay = 7.16>
ST_2 : Operation 14 [3/4] (7.16ns)   --->   "%call_ret = call i1024 @mul.1.1, i64 %p_read_13, i64 %p_read19, i64 %p_read210, i64 %p_read311, i64 %p_read_12, i64 %p_read_11, i64 %p_read_10, i64 %p_read_9" [src/generic/fp_generic.cpp:283]   --->   Operation 14 'call' 'call_ret' <Predicate = true> <Delay = 7.16> <CoreType = "Generic">   --->   Generic Core

State 3 <SV = 2> <Delay = 7.16>
ST_3 : Operation 15 [2/4] (7.16ns)   --->   "%call_ret = call i1024 @mul.1.1, i64 %p_read_13, i64 %p_read19, i64 %p_read210, i64 %p_read311, i64 %p_read_12, i64 %p_read_11, i64 %p_read_10, i64 %p_read_9" [src/generic/fp_generic.cpp:283]   --->   Operation 15 'call' 'call_ret' <Predicate = true> <Delay = 7.16> <CoreType = "Generic">   --->   Generic Core

State 4 <SV = 3> <Delay = 4.34>
ST_4 : Operation 16 [1/1] (0.00ns)   --->   "%specpipeline_ln267 = specpipeline void @_ssdm_op_SpecPipeline, i32 2, i32 0, i32 0, i32 0, void @empty_15" [src/generic/fp_generic.cpp:267]   --->   Operation 16 'specpipeline' 'specpipeline_ln267' <Predicate = true> <Delay = 0.00>
ST_4 : Operation 17 [1/4] (4.34ns)   --->   "%call_ret = call i1024 @mul.1.1, i64 %p_read_13, i64 %p_read19, i64 %p_read210, i64 %p_read311, i64 %p_read_12, i64 %p_read_11, i64 %p_read_10, i64 %p_read_9" [src/generic/fp_generic.cpp:283]   --->   Operation 17 'call' 'call_ret' <Predicate = true> <Delay = 4.34> <CoreType = "Generic">   --->   Generic Core
ST_4 : Operation 18 [1/1] (0.00ns)   --->   "%ret_ln284 = ret i1024 %call_ret" [src/generic/fp_generic.cpp:284]   --->   Operation 18 'ret' 'ret_ln284' <Predicate = true> <Delay = 0.00>


============================================================
+ Verbose Summary: Binding
============================================================
STG Binding: 
---------------- STG Properties BEGIN ----------------
- Is combinational: 0
- Is one-state seq: 0
- Is datapath-only: 0
- Is pipelined: 1
- Is top level: 0
Port [ Return ] is wired: 1; IO mode=ap_ctrl_hs:ce=0
Port [ p_read]:  wired=1; compound=0; hidden=0; nouse=0; global=0; static=0; extern=0; dir=0; type=0; pingpong=0; private_global=0; IO mode=ap_none:ce=0
Port [ p_read1]:  wired=1; compound=0; hidden=0; nouse=0; global=0; static=0; extern=0; dir=0; type=0; pingpong=0; private_global=0; IO mode=ap_none:ce=0
Port [ p_read2]:  wired=1; compound=0; hidden=0; nouse=0; global=0; static=0; extern=0; dir=0; type=0; pingpong=0; private_global=0; IO mode=ap_none:ce=0
Port [ p_read3]:  wired=1; compound=0; hidden=0; nouse=0; global=0; static=0; extern=0; dir=0; type=0; pingpong=0; private_global=0; IO mode=ap_none:ce=0
Port [ p_read4]:  wired=1; compound=0; hidden=0; nouse=0; global=0; static=0; extern=0; dir=0; type=0; pingpong=0; private_global=0; IO mode=ap_none:ce=0
Port [ p_read5]:  wired=1; compound=0; hidden=0; nouse=0; global=0; static=0; extern=0; dir=0; type=0; pingpong=0; private_global=0; IO mode=ap_none:ce=0
Port [ p_read6]:  wired=1; compound=0; hidden=0; nouse=0; global=0; static=0; extern=0; dir=0; type=0; pingpong=0; private_global=0; IO mode=ap_none:ce=0
Port [ p_read7]:  wired=1; compound=0; hidden=0; nouse=0; global=0; static=0; extern=0; dir=0; type=0; pingpong=0; private_global=0; IO mode=ap_none:ce=0
---------------- STG Properties END ------------------

---------------- Datapath Model BEGIN ----------------

<LifeTime>
<method=bitvector/>
p_read_9           (read        ) [ 00000]
p_read_10          (read        ) [ 00000]
p_read_11          (read        ) [ 00000]
p_read_12          (read        ) [ 00000]
p_read311          (read        ) [ 00000]
p_read210          (read        ) [ 00000]
p_read19           (read        ) [ 00000]
p_read_13          (read        ) [ 00000]
specpipeline_ln267 (specpipeline) [ 00000]
call_ret           (call        ) [ 00000]
ret_ln284          (ret         ) [ 00000]
</LifeTime>

<model>

<comp_list>
<comp id="0" class="1000" name="p_read">
<pin_list>
<pin id="1" dir="1" index="0" bw="1" slack="0"/>
</pin_list>
<bind>
<StgValue><ssdm name="p_read"/></StgValue>
</bind>
</comp>

<comp id="2" class="1000" name="p_read1">
<pin_list>
<pin id="3" dir="1" index="0" bw="1" slack="0"/>
</pin_list>
<bind>
<StgValue><ssdm name="p_read1"/></StgValue>
</bind>
</comp>

<comp id="4" class="1000" name="p_read2">
<pin_list>
<pin id="5" dir="1" index="0" bw="1" slack="0"/>
</pin_list>
<bind>
<StgValue><ssdm name="p_read2"/></StgValue>
</bind>
</comp>

<comp id="6" class="1000" name="p_read3">
<pin_list>
<pin id="7" dir="1" index="0" bw="1" slack="0"/>
</pin_list>
<bind>
<StgValue><ssdm name="p_read3"/></StgValue>
</bind>
</comp>

<comp id="8" class="1000" name="p_read4">
<pin_list>
<pin id="9" dir="1" index="0" bw="1" slack="0"/>
</pin_list>
<bind>
<StgValue><ssdm name="p_read4"/></StgValue>
</bind>
</comp>

<comp id="10" class="1000" name="p_read5">
<pin_list>
<pin id="11" dir="1" index="0" bw="1" slack="0"/>
</pin_list>
<bind>
<StgValue><ssdm name="p_read5"/></StgValue>
</bind>
</comp>

<comp id="12" class="1000" name="p_read6">
<pin_list>
<pin id="13" dir="1" index="0" bw="1" slack="0"/>
</pin_list>
<bind>
<StgValue><ssdm name="p_read6"/></StgValue>
</bind>
</comp>

<comp id="14" class="1000" name="p_read7">
<pin_list>
<pin id="15" dir="1" index="0" bw="1" slack="0"/>
</pin_list>
<bind>
<StgValue><ssdm name="p_read7"/></StgValue>
</bind>
</comp>

<comp id="16" class="1001" name="const_16">
<pin_list>
<pin id="17" dir="1" index="0" bw="1" slack="0"/>
</pin_list>
<bind>
<StgValue><ssdm name="_ssdm_op_Read.ap_auto.i64"/></StgValue>
</bind>
</comp>

<comp id="18" class="1001" name="const_18">
<pin_list>
<pin id="19" dir="1" index="0" bw="1" slack="0"/>
</pin_list>
<bind>
<StgValue><ssdm name="mul.1.1"/></StgValue>
</bind>
</comp>

<comp id="20" class="1001" name="const_20">
<pin_list>
<pin id="21" dir="1" index="0" bw="1" slack="2147483647"/>
</pin_list>
<bind>
<StgValue><ssdm name="_ssdm_op_SpecPipeline"/></StgValue>
</bind>
</comp>

<comp id="22" class="1001" name="const_22">
<pin_list>
<pin id="23" dir="1" index="0" bw="1" slack="2147483647"/>
</pin_list>
<bind>
<StgValue><ssdm name=""/></StgValue>
</bind>
</comp>

<comp id="24" class="1001" name="const_24">
<pin_list>
<pin id="25" dir="1" index="0" bw="1" slack="2147483647"/>
</pin_list>
<bind>
<StgValue><ssdm name=""/></StgValue>
</bind>
</comp>

<comp id="26" class="1001" name="const_26">
<pin_list>
<pin id="27" dir="1" index="0" bw="1" slack="2147483647"/>
</pin_list>
<bind>
<StgValue><ssdm name="empty_15"/></StgValue>
</bind>
</comp>

<comp id="28" class="1004" name="p_read_9_read_fu_28">
<pin_list>
<pin id="29" dir="0" index="0" bw="64" slack="0"/>
<pin id="30" dir="0" index="1" bw="64" slack="0"/>
<pin id="31" dir="1" index="2" bw="64" slack="0"/>
</pin_list>
<bind>
<opcode="read(1150) " fcode="read"/>
<opset="p_read_9/1 "/>
</bind>
</comp>

<comp id="34" class="1004" name="p_read_10_read_fu_34">
<pin_list>
<pin id="35" dir="0" index="0" bw="64" slack="0"/>
<pin id="36" dir="0" index="1" bw="64" slack="0"/>
<pin id="37" dir="1" index="2" bw="64" slack="0"/>
</pin_list>
<bind>
<opcode="read(1150) " fcode="read"/>
<opset="p_read_10/1 "/>
</bind>
</comp>

<comp id="40" class="1004" name="p_read_11_read_fu_40">
<pin_list>
<pin id="41" dir="0" index="0" bw="64" slack="0"/>
<pin id="42" dir="0" index="1" bw="64" slack="0"/>
<pin id="43" dir="1" index="2" bw="64" slack="0"/>
</pin_list>
<bind>
<opcode="read(1150) " fcode="read"/>
<opset="p_read_11/1 "/>
</bind>
</comp>

<comp id="46" class="1004" name="p_read_12_read_fu_46">
<pin_list>
<pin id="47" dir="0" index="0" bw="64" slack="0"/>
<pin id="48" dir="0" index="1" bw="64" slack="0"/>
<pin id="49" dir="1" index="2" bw="64" slack="0"/>
</pin_list>
<bind>
<opcode="read(1150) " fcode="read"/>
<opset="p_read_12/1 "/>
</bind>
</comp>

<comp id="52" class="1004" name="p_read311_read_fu_52">
<pin_list>
<pin id="53" dir="0" index="0" bw="64" slack="0"/>
<pin id="54" dir="0" index="1" bw="64" slack="0"/>
<pin id="55" dir="1" index="2" bw="64" slack="0"/>
</pin_list>
<bind>
<opcode="read(1150) " fcode="read"/>
<opset="p_read311/1 "/>
</bind>
</comp>

<comp id="58" class="1004" name="p_read210_read_fu_58">
<pin_list>
<pin id="59" dir="0" index="0" bw="64" slack="0"/>
<pin id="60" dir="0" index="1" bw="64" slack="0"/>
<pin id="61" dir="1" index="2" bw="64" slack="0"/>
</pin_list>
<bind>
<opcode="read(1150) " fcode="read"/>
<opset="p_read210/1 "/>
</bind>
</comp>

<comp id="64" class="1004" name="p_read19_read_fu_64">
<pin_list>
<pin id="65" dir="0" index="0" bw="64" slack="0"/>
<pin id="66" dir="0" index="1" bw="64" slack="0"/>
<pin id="67" dir="1" index="2" bw="64" slack="0"/>
</pin_list>
<bind>
<opcode="read(1150) " fcode="read"/>
<opset="p_read19/1 "/>
</bind>
</comp>

<comp id="70" class="1004" name="p_read_13_read_fu_70">
<pin_list>
<pin id="71" dir="0" index="0" bw="64" slack="0"/>
<pin id="72" dir="0" index="1" bw="64" slack="0"/>
<pin id="73" dir="1" index="2" bw="64" slack="0"/>
</pin_list>
<bind>
<opcode="read(1150) " fcode="read"/>
<opset="p_read_13/1 "/>
</bind>
</comp>

<comp id="76" class="1004" name="grp_mul_1_1_fu_76">
<pin_list>
<pin id="77" dir="0" index="0" bw="1024" slack="0"/>
<pin id="78" dir="0" index="1" bw="64" slack="0"/>
<pin id="79" dir="0" index="2" bw="64" slack="0"/>
<pin id="80" dir="0" index="3" bw="64" slack="0"/>
<pin id="81" dir="0" index="4" bw="64" slack="0"/>
<pin id="82" dir="0" index="5" bw="64" slack="0"/>
<pin id="83" dir="0" index="6" bw="64" slack="0"/>
<pin id="84" dir="0" index="7" bw="64" slack="0"/>
<pin id="85" dir="0" index="8" bw="64" slack="0"/>
<pin id="86" dir="1" index="9" bw="1024" slack="2147483647"/>
</pin_list>
<bind>
<opcode="call(48) " fcode="call"/>
<opset="call_ret/1 "/>
</bind>
</comp>

</comp_list>

<net_list>
<net id="32"><net_src comp="16" pin="0"/><net_sink comp="28" pin=0"/></net>

<net id="33"><net_src comp="14" pin="0"/><net_sink comp="28" pin=1"/></net>

<net id="38"><net_src comp="16" pin="0"/><net_sink comp="34" pin=0"/></net>

<net id="39"><net_src comp="12" pin="0"/><net_sink comp="34" pin=1"/></net>

<net id="44"><net_src comp="16" pin="0"/><net_sink comp="40" pin=0"/></net>

<net id="45"><net_src comp="10" pin="0"/><net_sink comp="40" pin=1"/></net>

<net id="50"><net_src comp="16" pin="0"/><net_sink comp="46" pin=0"/></net>

<net id="51"><net_src comp="8" pin="0"/><net_sink comp="46" pin=1"/></net>

<net id="56"><net_src comp="16" pin="0"/><net_sink comp="52" pin=0"/></net>

<net id="57"><net_src comp="6" pin="0"/><net_sink comp="52" pin=1"/></net>

<net id="62"><net_src comp="16" pin="0"/><net_sink comp="58" pin=0"/></net>

<net id="63"><net_src comp="4" pin="0"/><net_sink comp="58" pin=1"/></net>

<net id="68"><net_src comp="16" pin="0"/><net_sink comp="64" pin=0"/></net>

<net id="69"><net_src comp="2" pin="0"/><net_sink comp="64" pin=1"/></net>

<net id="74"><net_src comp="16" pin="0"/><net_sink comp="70" pin=0"/></net>

<net id="75"><net_src comp="0" pin="0"/><net_sink comp="70" pin=1"/></net>

<net id="87"><net_src comp="18" pin="0"/><net_sink comp="76" pin=0"/></net>

<net id="88"><net_src comp="70" pin="2"/><net_sink comp="76" pin=1"/></net>

<net id="89"><net_src comp="64" pin="2"/><net_sink comp="76" pin=2"/></net>

<net id="90"><net_src comp="58" pin="2"/><net_sink comp="76" pin=3"/></net>

<net id="91"><net_src comp="52" pin="2"/><net_sink comp="76" pin=4"/></net>

<net id="92"><net_src comp="46" pin="2"/><net_sink comp="76" pin=5"/></net>

<net id="93"><net_src comp="40" pin="2"/><net_sink comp="76" pin=6"/></net>

<net id="94"><net_src comp="34" pin="2"/><net_sink comp="76" pin=7"/></net>

<net id="95"><net_src comp="28" pin="2"/><net_sink comp="76" pin=8"/></net>

</net_list>

</model> 
---------------- Datapath Model END ------------------

* FSMD analyzer results:
  - Output states:
 - Input state : 
	Port: mp_mul.1.1 : p_read | {1 }
	Port: mp_mul.1.1 : p_read1 | {1 }
	Port: mp_mul.1.1 : p_read2 | {1 }
	Port: mp_mul.1.1 : p_read3 | {1 }
	Port: mp_mul.1.1 : p_read4 | {1 }
	Port: mp_mul.1.1 : p_read5 | {1 }
	Port: mp_mul.1.1 : p_read6 | {1 }
	Port: mp_mul.1.1 : p_read7 | {1 }
  - Chain level:
	State 1
	State 2
	State 3
	State 4
		ret_ln284 : 1


============================================================
+ Verbose Summary: Datapath Resource usage 
============================================================

* Functional unit list:
|----------|----------------------|---------|---------|---------|---------|
| Operation|    Functional Unit   |   DSP   |  Delay  |    FF   |   LUT   |
|----------|----------------------|---------|---------|---------|---------|
|   call   |   grp_mul_1_1_fu_76  |   312   |  5.418  |   5217  |  11963  |
|----------|----------------------|---------|---------|---------|---------|
|          |  p_read_9_read_fu_28 |    0    |    0    |    0    |    0    |
|          | p_read_10_read_fu_34 |    0    |    0    |    0    |    0    |
|          | p_read_11_read_fu_40 |    0    |    0    |    0    |    0    |
|   read   | p_read_12_read_fu_46 |    0    |    0    |    0    |    0    |
|          | p_read311_read_fu_52 |    0    |    0    |    0    |    0    |
|          | p_read210_read_fu_58 |    0    |    0    |    0    |    0    |
|          |  p_read19_read_fu_64 |    0    |    0    |    0    |    0    |
|          | p_read_13_read_fu_70 |    0    |    0    |    0    |    0    |
|----------|----------------------|---------|---------|---------|---------|
|   Total  |                      |   312   |  5.418  |   5217  |  11963  |
|----------|----------------------|---------|---------|---------|---------|

Memories:
N/A

* Register list:
N/A

* Multiplexer (MUX) list: 
|--------|------|------|------|--------|
|  Comp  |  Pin | Size |  BW  | S x BW |
|--------|------|------|------|--------|
|  Total |      |      |      |    0   |
|--------|------|------|------|--------|



* Summary:
+-----------+--------+--------+--------+--------+
|           |   DSP  |  Delay |   FF   |   LUT  |
+-----------+--------+--------+--------+--------+
|  Function |   312  |    5   |  5217  |  11963 |
|   Memory  |    -   |    -   |    -   |    -   |
|Multiplexer|    -   |    -   |    -   |    -   |
|  Register |    -   |    -   |    -   |    -   |
+-----------+--------+--------+--------+--------+
|   Total   |   312  |    5   |  5217  |  11963 |
+-----------+--------+--------+--------+--------+
