

================================================================
== Vitis HLS Report for 'mp_mul_138'
================================================================
* Date:           Tue Jun  3 12:24:04 2025

* Version:        2024.2.2 (Build 6049644 on Mar  5 2025)
* Project:        sikep503_hls
* Solution:       solution1 (Vivado IP Flow Target)
* Product family: zynq
* Target device:  xc7z020-clg484-1


================================================================
== Performance Estimates
================================================================
+ Timing: 
    * Summary: 
    +--------+----------+----------+------------+
    |  Clock |  Target  | Estimated| Uncertainty|
    +--------+----------+----------+------------+
    |ap_clk  |  10.00 ns|  7.040 ns|     2.70 ns|
    +--------+----------+----------+------------+

+ Latency: 
    * Summary: 
    +---------+---------+----------+----------+-----+-----+---------+
    |  Latency (cycles) |  Latency (absolute) |  Interval | Pipeline|
    |   min   |   max   |    min   |    max   | min | max |   Type  |
    +---------+---------+----------+----------+-----+-----+---------+
    |      227|      325|  2.270 us|  3.250 us|  227|  325|       no|
    +---------+---------+----------+----------+-----+-----+---------+

    + Detail: 
        * Instance: 
        +-------------------------------------------------+--------------------------------------+---------+---------+----------+----------+-----+-----+------------------------------------------------+
        |                                                 |                                      |  Latency (cycles) |  Latency (absolute) |  Interval |                    Pipeline                    |
        |                     Instance                    |                Module                |   min   |   max   |    min   |    max   | min | max |                      Type                      |
        +-------------------------------------------------+--------------------------------------+---------+---------+----------+----------+-----+-----+------------------------------------------------+
        |grp_mp_mul_138_Pipeline_VITIS_LOOP_145_2_fu_146  |mp_mul_138_Pipeline_VITIS_LOOP_145_2  |       11|       18|  0.110 us|  0.180 us|    2|    9|  loop auto-rewind stp (delay=0 clock cycles(s))|
        |grp_mp_mul_138_Pipeline_VITIS_LOOP_159_4_fu_163  |mp_mul_138_Pipeline_VITIS_LOOP_159_4  |       11|       17|  0.110 us|  0.170 us|    2|    8|  loop auto-rewind stp (delay=0 clock cycles(s))|
        +-------------------------------------------------+--------------------------------------+---------+---------+----------+----------+-----+-----+------------------------------------------------+

        * Loop: 
        +--------------------+---------+---------+----------+-----------+-----------+------+----------+
        |                    |  Latency (cycles) | Iteration|  Initiation Interval  | Trip |          |
        |      Loop Name     |   min   |   max   |  Latency |  achieved |   target  | Count| Pipelined|
        +--------------------+---------+---------+----------+-----------+-----------+------+----------+
        |- VITIS_LOOP_143_1  |      120|      176|   15 ~ 22|          -|          -|     8|        no|
        |- VITIS_LOOP_157_3  |      105|      147|   15 ~ 21|          -|          -|     7|        no|
        +--------------------+---------+---------+----------+-----------+-----------+------+----------+



================================================================
== Utilization Estimates
================================================================
* Summary: 
+-----------------+---------+-----+--------+-------+-----+
|       Name      | BRAM_18K| DSP |   FF   |  LUT  | URAM|
+-----------------+---------+-----+--------+-------+-----+
|DSP              |        -|    -|       -|      -|    -|
|Expression       |        -|    -|       0|     78|    -|
|FIFO             |        -|    -|       -|      -|    -|
|Instance         |        -|   16|    3034|   3053|    -|
|Memory           |        -|    -|       -|      -|    -|
|Multiplexer      |        -|    -|       0|    389|    -|
|Register         |        -|    -|     318|      -|    -|
+-----------------+---------+-----+--------+-------+-----+
|Total            |        0|   16|    3352|   3520|    0|
+-----------------+---------+-----+--------+-------+-----+
|Available        |      280|  220|  106400|  53200|    0|
+-----------------+---------+-----+--------+-------+-----+
|Utilization (%)  |        0|    7|       3|      6|    0|
+-----------------+---------+-----+--------+-------+-----+

+ Detail: 
    * Instance: 
    +-------------------------------------------------+--------------------------------------+---------+----+------+------+-----+
    |                     Instance                    |                Module                | BRAM_18K| DSP|  FF  |  LUT | URAM|
    +-------------------------------------------------+--------------------------------------+---------+----+------+------+-----+
    |grp_mp_mul_138_Pipeline_VITIS_LOOP_145_2_fu_146  |mp_mul_138_Pipeline_VITIS_LOOP_145_2  |        0|   0|  1187|  1430|    0|
    |grp_mp_mul_138_Pipeline_VITIS_LOOP_159_4_fu_163  |mp_mul_138_Pipeline_VITIS_LOOP_159_4  |        0|   0|  1187|  1423|    0|
    |mul_32ns_32ns_64_2_1_U1881                       |mul_32ns_32ns_64_2_1                  |        0|   4|   165|    50|    0|
    |mul_32ns_32ns_64_2_1_U1882                       |mul_32ns_32ns_64_2_1                  |        0|   4|   165|    50|    0|
    |mul_32ns_32ns_64_2_1_U1883                       |mul_32ns_32ns_64_2_1                  |        0|   4|   165|    50|    0|
    |mul_32ns_32ns_64_2_1_U1884                       |mul_32ns_32ns_64_2_1                  |        0|   4|   165|    50|    0|
    +-------------------------------------------------+--------------------------------------+---------+----+------+------+-----+
    |Total                                            |                                      |        0|  16|  3034|  3053|    0|
    +-------------------------------------------------+--------------------------------------+---------+----+------+------+-----+

    * DSP: 
    N/A

    * Memory: 
    N/A

    * FIFO: 
    N/A

    * Expression: 
    +------------------------+----------+----+---+----+------------+------------+
    |      Variable Name     | Operation| DSP| FF| LUT| Bitwidth P0| Bitwidth P1|
    +------------------------+----------+----+---+----+------------+------------+
    |add_ln143_13_fu_280_p2  |         +|   0|  0|  13|           4|           1|
    |add_ln143_fu_241_p2     |         +|   0|  0|  13|           4|           1|
    |add_ln157_13_fu_331_p2  |         +|   0|  0|  13|           4|           1|
    |add_ln157_fu_308_p2     |         +|   0|  0|  13|           4|           1|
    |icmp_ln143_fu_235_p2    |      icmp|   0|  0|  13|           4|           5|
    |icmp_ln157_fu_302_p2    |      icmp|   0|  0|  13|           4|           2|
    +------------------------+----------+----+---+----+------------+------------+
    |Total                   |          |   0|  0|  78|          24|          11|
    +------------------------+----------+----+---+----+------------+------------+

    * Multiplexer: 
    +--------------------+----+-----------+-----+-----------+
    |        Name        | LUT| Input Size| Bits| Total Bits|
    +--------------------+----+-----------+-----+-----------+
    |a_address0          |  14|          3|    7|         21|
    |a_ce0               |  14|          3|    1|          3|
    |ap_NS_fsm           |  53|         10|    1|         10|
    |b_address0          |  14|          3|    4|         12|
    |b_ce0               |  14|          3|    1|          3|
    |c_address0_local    |  20|          4|    4|         16|
    |c_d0_local          |  20|          4|   64|        256|
    |grp_fu_499_ce       |  14|          3|    1|          3|
    |grp_fu_499_p0       |  14|          3|   32|         96|
    |grp_fu_499_p1       |  14|          3|   32|         96|
    |grp_fu_503_ce       |  14|          3|    1|          3|
    |grp_fu_503_p0       |  14|          3|   32|         96|
    |grp_fu_503_p1       |  14|          3|   32|         96|
    |grp_fu_507_ce       |  14|          3|    1|          3|
    |grp_fu_507_p0       |  14|          3|   32|         96|
    |grp_fu_507_p1       |  14|          3|   32|         96|
    |grp_fu_511_ce       |  14|          3|    1|          3|
    |grp_fu_511_p0       |  14|          3|   32|         96|
    |grp_fu_511_p1       |  14|          3|   32|         96|
    |i_27_fu_94          |   9|          2|    4|          8|
    |i_fu_58             |   9|          2|    4|          8|
    |indvars_iv31_fu_54  |   9|          2|    4|          8|
    |indvars_iv_fu_90    |   9|          2|    4|          8|
    |u_016_fu_62         |   9|          2|    4|          8|
    |u_29_fu_82          |   9|          2|    4|          8|
    |v_017_fu_66         |   9|          2|   64|        128|
    |v_fu_86             |   9|          2|   64|        128|
    +--------------------+----+-----------+-----+-----------+
    |Total               | 389|         82|  494|       1405|
    +--------------------+----+-----------+-----+-----------+

    * Register: 
    +--------------------------------------------------------------+----+----+-----+-----------+
    |                             Name                             | FF | LUT| Bits| Const Bits|
    +--------------------------------------------------------------+----+----+-----+-----------+
    |ap_CS_fsm                                                     |   9|   0|    9|          0|
    |grp_mp_mul_138_Pipeline_VITIS_LOOP_145_2_fu_146_ap_start_reg  |   1|   0|    1|          0|
    |grp_mp_mul_138_Pipeline_VITIS_LOOP_159_4_fu_163_ap_start_reg  |   1|   0|    1|          0|
    |i_27_fu_94                                                    |   4|   0|    4|          0|
    |i_84_reg_420                                                  |   4|   0|    4|          0|
    |i_85_reg_477                                                  |   4|   0|    4|          0|
    |i_fu_58                                                       |   4|   0|    4|          0|
    |indvars_iv31_fu_54                                            |   4|   0|    4|          0|
    |indvars_iv31_load_reg_467                                     |   4|   0|    4|          0|
    |indvars_iv_fu_90                                              |   4|   0|    4|          0|
    |tmp_455_reg_414                                               |   4|   0|    7|          3|
    |tmp_s_reg_408                                                 |   1|   0|    4|          3|
    |trunc_ln143_reg_472                                           |   3|   0|    3|          0|
    |trunc_ln157_reg_494                                           |   3|   0|    3|          0|
    |u_016_fu_62                                                   |   4|   0|    4|          0|
    |u_29_fu_82                                                    |   4|   0|    4|          0|
    |u_reg_426                                                     |   4|   0|    4|          0|
    |v_017_fu_66                                                   |  64|   0|   64|          0|
    |v_201_reg_431                                                 |  64|   0|   64|          0|
    |v_fu_86                                                       |  64|   0|   64|          0|
    |v_load_reg_486                                                |  64|   0|   64|          0|
    +--------------------------------------------------------------+----+----+-----+-----------+
    |Total                                                         | 318|   0|  324|          6|
    +--------------------------------------------------------------+----+----+-----+-----------+



================================================================
== Interface
================================================================
* Summary: 
+------------+-----+-----+------------+--------------+--------------+
|  RTL Ports | Dir | Bits|  Protocol  | Source Object|    C Type    |
+------------+-----+-----+------------+--------------+--------------+
|ap_clk      |   in|    1|  ap_ctrl_hs|    mp_mul.138|  return value|
|ap_rst      |   in|    1|  ap_ctrl_hs|    mp_mul.138|  return value|
|ap_start    |   in|    1|  ap_ctrl_hs|    mp_mul.138|  return value|
|ap_done     |  out|    1|  ap_ctrl_hs|    mp_mul.138|  return value|
|ap_idle     |  out|    1|  ap_ctrl_hs|    mp_mul.138|  return value|
|ap_ready    |  out|    1|  ap_ctrl_hs|    mp_mul.138|  return value|
|a_address0  |  out|    7|   ap_memory|             a|         array|
|a_ce0       |  out|    1|   ap_memory|             a|         array|
|a_q0        |   in|   64|   ap_memory|             a|         array|
|a_offset    |   in|   32|     ap_none|      a_offset|        scalar|
|a_offset2   |   in|    1|     ap_none|     a_offset2|        scalar|
|b_address0  |  out|    4|   ap_memory|             b|         array|
|b_ce0       |  out|    1|   ap_memory|             b|         array|
|b_q0        |   in|   64|   ap_memory|             b|         array|
|b_offset    |   in|    1|     ap_none|      b_offset|        scalar|
|c_address0  |  out|    4|   ap_memory|             c|         array|
|c_ce0       |  out|    1|   ap_memory|             c|         array|
|c_we0       |  out|    1|   ap_memory|             c|         array|
|c_d0        |  out|   64|   ap_memory|             c|         array|
+------------+-----+-----+------------+--------------+--------------+

============================================================
+ Verbose Summary: Synthesis Manager
============================================================
InlineROM: 1
ExposeGlobal: 0
============================================================
+ Verbose Summary: CDFG Model
============================================================
IsTopModel: 0
ResetActiveHigh: 1
IsCombinational: 2
IsDatapathOnly: 2
HasWiredReturn: 1
HasMFsm: 0
HasVarLatency: 1
IsPipeline: 0
IsRtlPipelined: 0
IsInstanceOverlapped: 0
IsDontTouch: 0
HasImplIP: 0
IsGatedGlobalClock: 0


============================================================
+ Verbose Summary: Schedule
============================================================
* Number of FSM states : 9
* Pipeline : 0
* Dataflow Pipeline: 0

* FSM state transitions: 
1 --> 2 
2 --> 3 6 
3 --> 4 
4 --> 5 
5 --> 2 
6 --> 7 
7 --> 8 
8 --> 9 
9 --> 6 

* FSM state operations: 

State 1 <SV = 0> <Delay = 1.58>
ST_1 : Operation 10 [1/1] (0.00ns)   --->   "%indvars_iv31 = alloca i32 1"   --->   Operation 10 'alloca' 'indvars_iv31' <Predicate = true> <Delay = 0.00>
ST_1 : Operation 11 [1/1] (0.00ns)   --->   "%i = alloca i32 1" [src/generic/fp_generic.c:139]   --->   Operation 11 'alloca' 'i' <Predicate = true> <Delay = 0.00>
ST_1 : Operation 12 [1/1] (0.00ns)   --->   "%u_016 = alloca i32 1" [src/generic/fp_generic.c:140]   --->   Operation 12 'alloca' 'u_016' <Predicate = true> <Delay = 0.00>
ST_1 : Operation 13 [1/1] (0.00ns)   --->   "%v_017 = alloca i32 1" [src/generic/fp_generic.c:140]   --->   Operation 13 'alloca' 'v_017' <Predicate = true> <Delay = 0.00>
ST_1 : Operation 14 [1/1] (0.00ns)   --->   "%b_offset_read = read i1 @_ssdm_op_Read.ap_auto.i1, i1 %b_offset"   --->   Operation 14 'read' 'b_offset_read' <Predicate = true> <Delay = 0.00>
ST_1 : Operation 15 [1/1] (0.00ns)   --->   "%a_offset2_read = read i1 @_ssdm_op_Read.ap_auto.i1, i1 %a_offset2"   --->   Operation 15 'read' 'a_offset2_read' <Predicate = true> <Delay = 0.00>
ST_1 : Operation 16 [1/1] (0.00ns)   --->   "%a_offset_read = read i32 @_ssdm_op_Read.ap_auto.i32, i32 %a_offset"   --->   Operation 16 'read' 'a_offset_read' <Predicate = true> <Delay = 0.00>
ST_1 : Operation 17 [1/1] (0.00ns)   --->   "%empty = trunc i32 %a_offset_read"   --->   Operation 17 'trunc' 'empty' <Predicate = true> <Delay = 0.00>
ST_1 : Operation 18 [1/1] (0.00ns)   --->   "%t_33_loc = alloca i64 1"   --->   Operation 18 'alloca' 't_33_loc' <Predicate = true> <Delay = 0.00>
ST_1 : Operation 19 [1/1] (0.00ns)   --->   "%v_35_loc = alloca i64 1"   --->   Operation 19 'alloca' 'v_35_loc' <Predicate = true> <Delay = 0.00>
ST_1 : Operation 20 [1/1] (0.00ns)   --->   "%v_114_loc = alloca i64 1"   --->   Operation 20 'alloca' 'v_114_loc' <Predicate = true> <Delay = 0.00>
ST_1 : Operation 21 [1/1] (0.00ns)   --->   "%tmp_s = bitconcatenate i4 @_ssdm_op_BitConcatenate.i4.i1.i3, i1 %b_offset_read, i3 0" [src/generic/fp_generic.c:146]   --->   Operation 21 'bitconcatenate' 'tmp_s' <Predicate = true> <Delay = 0.00>
ST_1 : Operation 22 [1/1] (0.00ns)   --->   "%tmp_455 = bitconcatenate i7 @_ssdm_op_BitConcatenate.i7.i3.i1.i3, i3 %empty, i1 %a_offset2_read, i3 0" [src/generic/fp_generic.c:146]   --->   Operation 22 'bitconcatenate' 'tmp_455' <Predicate = true> <Delay = 0.00>
ST_1 : Operation 23 [1/1] (0.00ns)   --->   "%store_ln140 = store i64 0, i64 %v_017" [src/generic/fp_generic.c:140]   --->   Operation 23 'store' 'store_ln140' <Predicate = true> <Delay = 0.00>
ST_1 : Operation 24 [1/1] (0.00ns)   --->   "%store_ln140 = store i4 0, i4 %u_016" [src/generic/fp_generic.c:140]   --->   Operation 24 'store' 'store_ln140' <Predicate = true> <Delay = 0.00>
ST_1 : Operation 25 [1/1] (1.58ns)   --->   "%store_ln139 = store i4 0, i4 %i" [src/generic/fp_generic.c:139]   --->   Operation 25 'store' 'store_ln139' <Predicate = true> <Delay = 1.58>
ST_1 : Operation 26 [1/1] (1.58ns)   --->   "%store_ln0 = store i4 1, i4 %indvars_iv31"   --->   Operation 26 'store' 'store_ln0' <Predicate = true> <Delay = 1.58>
ST_1 : Operation 27 [1/1] (0.00ns)   --->   "%br_ln143 = br void %VITIS_LOOP_145_2" [src/generic/fp_generic.c:143]   --->   Operation 27 'br' 'br_ln143' <Predicate = true> <Delay = 0.00>

State 2 <SV = 1> <Delay = 3.32>
ST_2 : Operation 28 [1/1] (0.00ns)   --->   "%i_84 = load i4 %i" [src/generic/fp_generic.c:143]   --->   Operation 28 'load' 'i_84' <Predicate = true> <Delay = 0.00>
ST_2 : Operation 29 [1/1] (0.00ns)   --->   "%u = load i4 %u_016"   --->   Operation 29 'load' 'u' <Predicate = true> <Delay = 0.00>
ST_2 : Operation 30 [1/1] (0.00ns)   --->   "%v_201 = load i64 %v_017"   --->   Operation 30 'load' 'v_201' <Predicate = true> <Delay = 0.00>
ST_2 : Operation 31 [1/1] (1.73ns)   --->   "%icmp_ln143 = icmp_eq  i4 %i_84, i4 8" [src/generic/fp_generic.c:143]   --->   Operation 31 'icmp' 'icmp_ln143' <Predicate = true> <Delay = 1.73> <CoreInst = "Cmp">   --->   Core 9 'Cmp' <Latency = 0> <II = 1> <Delay = 1.78> <FuncUnit> <Opcode : 'seteq' 'setne' 'setle' 'setge' 'setlt' 'setgt'> <InPorts = 2> <OutPorts = 1>
ST_2 : Operation 32 [1/1] (1.73ns)   --->   "%add_ln143 = add i4 %i_84, i4 1" [src/generic/fp_generic.c:143]   --->   Operation 32 'add' 'add_ln143' <Predicate = true> <Delay = 1.73> <CoreInst = "Adder">   --->   Core 1 'Adder' <Latency = 0> <II = 1> <Delay = 1.73> <FuncUnit> <Opcode : 'add' 'sub'> <InPorts = 2> <OutPorts = 1>
ST_2 : Operation 33 [1/1] (0.00ns)   --->   "%br_ln143 = br i1 %icmp_ln143, void %VITIS_LOOP_145_2.split, void %VITIS_LOOP_159_4.preheader" [src/generic/fp_generic.c:143]   --->   Operation 33 'br' 'br_ln143' <Predicate = true> <Delay = 0.00>
ST_2 : Operation 34 [1/1] (1.58ns)   --->   "%store_ln139 = store i4 %add_ln143, i4 %i" [src/generic/fp_generic.c:139]   --->   Operation 34 'store' 'store_ln139' <Predicate = (!icmp_ln143)> <Delay = 1.58>
ST_2 : Operation 35 [1/1] (0.00ns)   --->   "%u_29 = alloca i32 1" [src/generic/fp_generic.c:140]   --->   Operation 35 'alloca' 'u_29' <Predicate = (icmp_ln143)> <Delay = 0.00>
ST_2 : Operation 36 [1/1] (0.00ns)   --->   "%v = alloca i32 1" [src/generic/fp_generic.c:140]   --->   Operation 36 'alloca' 'v' <Predicate = (icmp_ln143)> <Delay = 0.00>
ST_2 : Operation 37 [1/1] (0.00ns)   --->   "%indvars_iv = alloca i32 1"   --->   Operation 37 'alloca' 'indvars_iv' <Predicate = (icmp_ln143)> <Delay = 0.00>
ST_2 : Operation 38 [1/1] (0.00ns)   --->   "%i_27 = alloca i32 1" [src/generic/fp_generic.c:139]   --->   Operation 38 'alloca' 'i_27' <Predicate = (icmp_ln143)> <Delay = 0.00>
ST_2 : Operation 39 [1/1] (1.58ns)   --->   "%store_ln139 = store i4 8, i4 %i_27" [src/generic/fp_generic.c:139]   --->   Operation 39 'store' 'store_ln139' <Predicate = (icmp_ln143)> <Delay = 1.58>
ST_2 : Operation 40 [1/1] (1.58ns)   --->   "%store_ln0 = store i4 1, i4 %indvars_iv"   --->   Operation 40 'store' 'store_ln0' <Predicate = (icmp_ln143)> <Delay = 1.58>
ST_2 : Operation 41 [1/1] (0.00ns)   --->   "%store_ln140 = store i64 %v_201, i64 %v" [src/generic/fp_generic.c:140]   --->   Operation 41 'store' 'store_ln140' <Predicate = (icmp_ln143)> <Delay = 0.00>
ST_2 : Operation 42 [1/1] (1.58ns)   --->   "%store_ln140 = store i4 %u, i4 %u_29" [src/generic/fp_generic.c:140]   --->   Operation 42 'store' 'store_ln140' <Predicate = (icmp_ln143)> <Delay = 1.58>
ST_2 : Operation 43 [1/1] (0.00ns)   --->   "%br_ln157 = br void %VITIS_LOOP_159_4" [src/generic/fp_generic.c:157]   --->   Operation 43 'br' 'br_ln157' <Predicate = (icmp_ln143)> <Delay = 0.00>

State 3 <SV = 2> <Delay = 3.32>
ST_3 : Operation 44 [1/1] (0.00ns)   --->   "%indvars_iv31_load = load i4 %indvars_iv31" [src/generic/fp_generic.c:143]   --->   Operation 44 'load' 'indvars_iv31_load' <Predicate = true> <Delay = 0.00>
ST_3 : Operation 45 [1/1] (0.00ns)   --->   "%trunc_ln143 = trunc i4 %i_84" [src/generic/fp_generic.c:143]   --->   Operation 45 'trunc' 'trunc_ln143' <Predicate = true> <Delay = 0.00>
ST_3 : Operation 46 [2/2] (3.32ns)   --->   "%call_ln143 = call void @mp_mul.138_Pipeline_VITIS_LOOP_145_2, i64 %v_201, i4 %u, i4 %indvars_iv31_load, i7 %tmp_455, i64 %a, i3 %trunc_ln143, i4 %tmp_s, i64 %b, i64 %v_114_loc, i64 %v_017, i4 %u_016" [src/generic/fp_generic.c:143]   --->   Operation 46 'call' 'call_ln143' <Predicate = true> <Delay = 3.32> <CoreType = "Generic">   --->   Generic Core
ST_3 : Operation 47 [1/1] (1.73ns)   --->   "%add_ln143_13 = add i4 %indvars_iv31_load, i4 1" [src/generic/fp_generic.c:143]   --->   Operation 47 'add' 'add_ln143_13' <Predicate = true> <Delay = 1.73> <CoreInst = "Adder">   --->   Core 1 'Adder' <Latency = 0> <II = 1> <Delay = 1.73> <FuncUnit> <Opcode : 'add' 'sub'> <InPorts = 2> <OutPorts = 1>
ST_3 : Operation 48 [1/1] (1.58ns)   --->   "%store_ln143 = store i4 %add_ln143_13, i4 %indvars_iv31" [src/generic/fp_generic.c:143]   --->   Operation 48 'store' 'store_ln143' <Predicate = true> <Delay = 1.58>

State 4 <SV = 3> <Delay = 0.00>
ST_4 : Operation 49 [1/2] (0.00ns)   --->   "%call_ln143 = call void @mp_mul.138_Pipeline_VITIS_LOOP_145_2, i64 %v_201, i4 %u, i4 %indvars_iv31_load, i7 %tmp_455, i64 %a, i3 %trunc_ln143, i4 %tmp_s, i64 %b, i64 %v_114_loc, i64 %v_017, i4 %u_016" [src/generic/fp_generic.c:143]   --->   Operation 49 'call' 'call_ln143' <Predicate = true> <Delay = 0.00> <CoreType = "Generic">   --->   Generic Core

State 5 <SV = 4> <Delay = 3.25>
ST_5 : Operation 50 [1/1] (0.00ns)   --->   "%zext_ln143 = zext i4 %i_84" [src/generic/fp_generic.c:143]   --->   Operation 50 'zext' 'zext_ln143' <Predicate = true> <Delay = 0.00>
ST_5 : Operation 51 [1/1] (0.00ns)   --->   "%speclooptripcount_ln140 = speclooptripcount void @_ssdm_op_SpecLoopTripCount, i64 8, i64 8, i64 8" [src/generic/fp_generic.c:140]   --->   Operation 51 'speclooptripcount' 'speclooptripcount_ln140' <Predicate = true> <Delay = 0.00>
ST_5 : Operation 52 [1/1] (0.00ns)   --->   "%specloopname_ln143 = specloopname void @_ssdm_op_SpecLoopName, void @empty_27" [src/generic/fp_generic.c:143]   --->   Operation 52 'specloopname' 'specloopname_ln143' <Predicate = true> <Delay = 0.00>
ST_5 : Operation 53 [1/1] (0.00ns)   --->   "%v_114_loc_load = load i64 %v_114_loc"   --->   Operation 53 'load' 'v_114_loc_load' <Predicate = true> <Delay = 0.00>
ST_5 : Operation 54 [1/1] (0.00ns)   --->   "%c_addr_25 = getelementptr i64 %c, i64 0, i64 %zext_ln143" [src/generic/fp_generic.c:151]   --->   Operation 54 'getelementptr' 'c_addr_25' <Predicate = true> <Delay = 0.00>
ST_5 : Operation 55 [1/1] ( I:3.25ns O:3.25ns )   --->   "%store_ln151 = store i64 %v_114_loc_load, i4 %c_addr_25" [src/generic/fp_generic.c:151]   --->   Operation 55 'store' 'store_ln151' <Predicate = true> <Delay = 3.25> <CoreInst = "RAM">   --->   Core 81 'RAM' <Latency = 1> <II = 1> <Delay = 3.25> <Storage> <Opcode : 'load' 'store'> <Ports = 2> <Width = 64> <Depth = 16> <RAM>
ST_5 : Operation 56 [1/1] (0.00ns)   --->   "%br_ln143 = br void %VITIS_LOOP_145_2" [src/generic/fp_generic.c:143]   --->   Operation 56 'br' 'br_ln143' <Predicate = true> <Delay = 0.00>

State 6 <SV = 2> <Delay = 4.98>
ST_6 : Operation 57 [1/1] (0.00ns)   --->   "%i_85 = load i4 %i_27" [src/generic/fp_generic.c:157]   --->   Operation 57 'load' 'i_85' <Predicate = true> <Delay = 0.00>
ST_6 : Operation 58 [1/1] (1.73ns)   --->   "%icmp_ln157 = icmp_eq  i4 %i_85, i4 15" [src/generic/fp_generic.c:157]   --->   Operation 58 'icmp' 'icmp_ln157' <Predicate = true> <Delay = 1.73> <CoreInst = "Cmp">   --->   Core 9 'Cmp' <Latency = 0> <II = 1> <Delay = 1.73> <FuncUnit> <Opcode : 'seteq' 'setne' 'setle' 'setge' 'setlt' 'setgt'> <InPorts = 2> <OutPorts = 1>
ST_6 : Operation 59 [1/1] (0.00ns)   --->   "%br_ln157 = br i1 %icmp_ln157, void %VITIS_LOOP_159_4.split, void %for.end65" [src/generic/fp_generic.c:157]   --->   Operation 59 'br' 'br_ln157' <Predicate = true> <Delay = 0.00>
ST_6 : Operation 60 [1/1] (0.00ns)   --->   "%v_load = load i64 %v"   --->   Operation 60 'load' 'v_load' <Predicate = (!icmp_ln157)> <Delay = 0.00>
ST_6 : Operation 61 [1/1] (1.73ns)   --->   "%add_ln157 = add i4 %i_85, i4 1" [src/generic/fp_generic.c:157]   --->   Operation 61 'add' 'add_ln157' <Predicate = (!icmp_ln157)> <Delay = 1.73> <CoreInst = "Adder">   --->   Core 1 'Adder' <Latency = 0> <II = 1> <Delay = 1.73> <FuncUnit> <Opcode : 'add' 'sub'> <InPorts = 2> <OutPorts = 1>
ST_6 : Operation 62 [1/1] (1.58ns)   --->   "%store_ln139 = store i4 %add_ln157, i4 %i_27" [src/generic/fp_generic.c:139]   --->   Operation 62 'store' 'store_ln139' <Predicate = (!icmp_ln157)> <Delay = 1.58>
ST_6 : Operation 63 [1/1] (0.00ns)   --->   "%v_load51 = load i64 %v" [src/generic/fp_generic.c:170]   --->   Operation 63 'load' 'v_load51' <Predicate = (icmp_ln157)> <Delay = 0.00>
ST_6 : Operation 64 [1/1] (0.00ns)   --->   "%c_addr = getelementptr i64 %c, i64 0, i64 15" [src/generic/fp_generic.c:170]   --->   Operation 64 'getelementptr' 'c_addr' <Predicate = (icmp_ln157)> <Delay = 0.00>
ST_6 : Operation 65 [1/1] ( I:3.25ns O:3.25ns )   --->   "%store_ln170 = store i64 %v_load51, i4 %c_addr" [src/generic/fp_generic.c:170]   --->   Operation 65 'store' 'store_ln170' <Predicate = (icmp_ln157)> <Delay = 3.25> <CoreInst = "RAM">   --->   Core 81 'RAM' <Latency = 1> <II = 1> <Delay = 3.25> <Storage> <Opcode : 'load' 'store'> <Ports = 2> <Width = 64> <Depth = 16> <RAM>
ST_6 : Operation 66 [1/1] (0.00ns)   --->   "%ret_ln171 = ret" [src/generic/fp_generic.c:171]   --->   Operation 66 'ret' 'ret_ln171' <Predicate = (icmp_ln157)> <Delay = 0.00>

State 7 <SV = 3> <Delay = 4.91>
ST_7 : Operation 67 [1/1] (0.00ns)   --->   "%u_29_load = load i4 %u_29"   --->   Operation 67 'load' 'u_29_load' <Predicate = true> <Delay = 0.00>
ST_7 : Operation 68 [1/1] (0.00ns)   --->   "%indvars_iv_load = load i4 %indvars_iv" [src/generic/fp_generic.c:157]   --->   Operation 68 'load' 'indvars_iv_load' <Predicate = true> <Delay = 0.00>
ST_7 : Operation 69 [1/1] (0.00ns)   --->   "%trunc_ln157 = trunc i4 %indvars_iv_load" [src/generic/fp_generic.c:157]   --->   Operation 69 'trunc' 'trunc_ln157' <Predicate = true> <Delay = 0.00>
ST_7 : Operation 70 [2/2] (4.91ns)   --->   "%call_ln157 = call void @mp_mul.138_Pipeline_VITIS_LOOP_159_4, i3 %trunc_ln157, i64 %v_load, i4 %u_29_load, i7 %tmp_455, i64 %a, i4 %i_85, i4 %tmp_s, i64 %b, i64 %v_35_loc, i64 %v, i3 %t_33_loc" [src/generic/fp_generic.c:157]   --->   Operation 70 'call' 'call_ln157' <Predicate = true> <Delay = 4.91> <CoreType = "Generic">   --->   Generic Core
ST_7 : Operation 71 [1/1] (1.73ns)   --->   "%add_ln157_13 = add i4 %indvars_iv_load, i4 1" [src/generic/fp_generic.c:157]   --->   Operation 71 'add' 'add_ln157_13' <Predicate = true> <Delay = 1.73> <CoreInst = "Adder">   --->   Core 1 'Adder' <Latency = 0> <II = 1> <Delay = 1.73> <FuncUnit> <Opcode : 'add' 'sub'> <InPorts = 2> <OutPorts = 1>
ST_7 : Operation 72 [1/1] (1.58ns)   --->   "%store_ln157 = store i4 %add_ln157_13, i4 %indvars_iv" [src/generic/fp_generic.c:157]   --->   Operation 72 'store' 'store_ln157' <Predicate = true> <Delay = 1.58>

State 8 <SV = 4> <Delay = 0.00>
ST_8 : Operation 73 [1/2] (0.00ns)   --->   "%call_ln157 = call void @mp_mul.138_Pipeline_VITIS_LOOP_159_4, i3 %trunc_ln157, i64 %v_load, i4 %u_29_load, i7 %tmp_455, i64 %a, i4 %i_85, i4 %tmp_s, i64 %b, i64 %v_35_loc, i64 %v, i3 %t_33_loc" [src/generic/fp_generic.c:157]   --->   Operation 73 'call' 'call_ln157' <Predicate = true> <Delay = 0.00> <CoreType = "Generic">   --->   Generic Core

State 9 <SV = 5> <Delay = 3.25>
ST_9 : Operation 74 [1/1] (0.00ns)   --->   "%zext_ln157 = zext i4 %i_85" [src/generic/fp_generic.c:157]   --->   Operation 74 'zext' 'zext_ln157' <Predicate = true> <Delay = 0.00>
ST_9 : Operation 75 [1/1] (0.00ns)   --->   "%speclooptripcount_ln139 = speclooptripcount void @_ssdm_op_SpecLoopTripCount, i64 7, i64 7, i64 7" [src/generic/fp_generic.c:139]   --->   Operation 75 'speclooptripcount' 'speclooptripcount_ln139' <Predicate = true> <Delay = 0.00>
ST_9 : Operation 76 [1/1] (0.00ns)   --->   "%specloopname_ln157 = specloopname void @_ssdm_op_SpecLoopName, void @empty_84" [src/generic/fp_generic.c:157]   --->   Operation 76 'specloopname' 'specloopname_ln157' <Predicate = true> <Delay = 0.00>
ST_9 : Operation 77 [1/1] (0.00ns)   --->   "%v_35_loc_load = load i64 %v_35_loc"   --->   Operation 77 'load' 'v_35_loc_load' <Predicate = true> <Delay = 0.00>
ST_9 : Operation 78 [1/1] (0.00ns)   --->   "%t_33_loc_load = load i3 %t_33_loc"   --->   Operation 78 'load' 't_33_loc_load' <Predicate = true> <Delay = 0.00>
ST_9 : Operation 79 [1/1] (0.00ns)   --->   "%zext_ln159 = zext i3 %t_33_loc_load" [src/generic/fp_generic.c:159]   --->   Operation 79 'zext' 'zext_ln159' <Predicate = true> <Delay = 0.00>
ST_9 : Operation 80 [1/1] (0.00ns)   --->   "%c_addr_26 = getelementptr i64 %c, i64 0, i64 %zext_ln157" [src/generic/fp_generic.c:165]   --->   Operation 80 'getelementptr' 'c_addr_26' <Predicate = true> <Delay = 0.00>
ST_9 : Operation 81 [1/1] ( I:3.25ns O:3.25ns )   --->   "%store_ln165 = store i64 %v_35_loc_load, i4 %c_addr_26" [src/generic/fp_generic.c:165]   --->   Operation 81 'store' 'store_ln165' <Predicate = true> <Delay = 3.25> <CoreInst = "RAM">   --->   Core 81 'RAM' <Latency = 1> <II = 1> <Delay = 3.25> <Storage> <Opcode : 'load' 'store'> <Ports = 2> <Width = 64> <Depth = 16> <RAM>
ST_9 : Operation 82 [1/1] (1.58ns)   --->   "%store_ln140 = store i4 %zext_ln159, i4 %u_29" [src/generic/fp_generic.c:140]   --->   Operation 82 'store' 'store_ln140' <Predicate = true> <Delay = 1.58>
ST_9 : Operation 83 [1/1] (0.00ns)   --->   "%br_ln157 = br void %VITIS_LOOP_159_4" [src/generic/fp_generic.c:157]   --->   Operation 83 'br' 'br_ln157' <Predicate = true> <Delay = 0.00>


============================================================
+ Verbose Summary: Binding
============================================================
STG Binding: 
---------------- STG Properties BEGIN ----------------
- Is combinational: 0
- Is one-state seq: 0
- Is datapath-only: 0
- Is pipelined: 0
- Is top level: 0
Port [ Return ] is wired: 1; IO mode=ap_ctrl_hs:ce=0
Port [ a]:  wired=1; compound=1; hidden=0; nouse=0; global=0; static=0; extern=0; dir=0; type=1; pingpong=0; private_global=0; MemPort=[13]; IO mode=ap_memory:ce=0
Port [ a_offset]:  wired=1; compound=0; hidden=0; nouse=0; global=0; static=0; extern=0; dir=0; type=0; pingpong=0; private_global=0; IO mode=ap_none:ce=0
Port [ a_offset2]:  wired=1; compound=0; hidden=0; nouse=0; global=0; static=0; extern=0; dir=0; type=0; pingpong=0; private_global=0; IO mode=ap_none:ce=0
Port [ b]:  wired=1; compound=1; hidden=0; nouse=0; global=0; static=0; extern=0; dir=0; type=1; pingpong=0; private_global=0; MemPort=[13]; IO mode=ap_memory:ce=0
Port [ b_offset]:  wired=1; compound=0; hidden=0; nouse=0; global=0; static=0; extern=0; dir=0; type=0; pingpong=0; private_global=0; IO mode=ap_none:ce=0
Port [ c]:  wired=1; compound=1; hidden=0; nouse=0; global=0; static=0; extern=0; dir=1; type=1; pingpong=0; private_global=0; MemPort=[03]; IO mode=ap_memory:ce=0
---------------- STG Properties END ------------------

---------------- Datapath Model BEGIN ----------------

<LifeTime>
<method=bitvector/>
indvars_iv31            (alloca           ) [ 0111110000]
i                       (alloca           ) [ 0111110000]
u_016                   (alloca           ) [ 0111110000]
v_017                   (alloca           ) [ 0111110000]
b_offset_read           (read             ) [ 0000000000]
a_offset2_read          (read             ) [ 0000000000]
a_offset_read           (read             ) [ 0000000000]
empty                   (trunc            ) [ 0000000000]
t_33_loc                (alloca           ) [ 0011111111]
v_35_loc                (alloca           ) [ 0011111111]
v_114_loc               (alloca           ) [ 0011110000]
tmp_s                   (bitconcatenate   ) [ 0011111111]
tmp_455                 (bitconcatenate   ) [ 0011111111]
store_ln140             (store            ) [ 0000000000]
store_ln140             (store            ) [ 0000000000]
store_ln139             (store            ) [ 0000000000]
store_ln0               (store            ) [ 0000000000]
br_ln143                (br               ) [ 0000000000]
i_84                    (load             ) [ 0001110000]
u                       (load             ) [ 0001100000]
v_201                   (load             ) [ 0001100000]
icmp_ln143              (icmp             ) [ 0011110000]
add_ln143               (add              ) [ 0000000000]
br_ln143                (br               ) [ 0000000000]
store_ln139             (store            ) [ 0000000000]
u_29                    (alloca           ) [ 0011111111]
v                       (alloca           ) [ 0011111111]
indvars_iv              (alloca           ) [ 0011111111]
i_27                    (alloca           ) [ 0011111111]
store_ln139             (store            ) [ 0000000000]
store_ln0               (store            ) [ 0000000000]
store_ln140             (store            ) [ 0000000000]
store_ln140             (store            ) [ 0000000000]
br_ln157                (br               ) [ 0000000000]
indvars_iv31_load       (load             ) [ 0000100000]
trunc_ln143             (trunc            ) [ 0000100000]
add_ln143_13            (add              ) [ 0000000000]
store_ln143             (store            ) [ 0000000000]
call_ln143              (call             ) [ 0000000000]
zext_ln143              (zext             ) [ 0000000000]
speclooptripcount_ln140 (speclooptripcount) [ 0000000000]
specloopname_ln143      (specloopname     ) [ 0000000000]
v_114_loc_load          (load             ) [ 0000000000]
c_addr_25               (getelementptr    ) [ 0000000000]
store_ln151             (store            ) [ 0000000000]
br_ln143                (br               ) [ 0000000000]
i_85                    (load             ) [ 0000000111]
icmp_ln157              (icmp             ) [ 0000001111]
br_ln157                (br               ) [ 0000000000]
v_load                  (load             ) [ 0000000110]
add_ln157               (add              ) [ 0000000000]
store_ln139             (store            ) [ 0000000000]
v_load51                (load             ) [ 0000000000]
c_addr                  (getelementptr    ) [ 0000000000]
store_ln170             (store            ) [ 0000000000]
ret_ln171               (ret              ) [ 0000000000]
u_29_load               (load             ) [ 0000000010]
indvars_iv_load         (load             ) [ 0000000000]
trunc_ln157             (trunc            ) [ 0000000010]
add_ln157_13            (add              ) [ 0000000000]
store_ln157             (store            ) [ 0000000000]
call_ln157              (call             ) [ 0000000000]
zext_ln157              (zext             ) [ 0000000000]
speclooptripcount_ln139 (speclooptripcount) [ 0000000000]
specloopname_ln157      (specloopname     ) [ 0000000000]
v_35_loc_load           (load             ) [ 0000000000]
t_33_loc_load           (load             ) [ 0000000000]
zext_ln159              (zext             ) [ 0000000000]
c_addr_26               (getelementptr    ) [ 0000000000]
store_ln165             (store            ) [ 0000000000]
store_ln140             (store            ) [ 0000000000]
br_ln157                (br               ) [ 0000000000]
</LifeTime>

<model>

<comp_list>
<comp id="0" class="1000" name="a">
<pin_list>
<pin id="1" dir="1" index="0" bw="1" slack="0"/>
</pin_list>
<bind>
<StgValue><ssdm name="a"/><MemPortTyVec>1 3 </MemPortTyVec>
</StgValue>
</bind>
</comp>

<comp id="2" class="1000" name="a_offset">
<pin_list>
<pin id="3" dir="1" index="0" bw="1" slack="0"/>
</pin_list>
<bind>
<StgValue><ssdm name="a_offset"/></StgValue>
</bind>
</comp>

<comp id="4" class="1000" name="a_offset2">
<pin_list>
<pin id="5" dir="1" index="0" bw="1" slack="0"/>
</pin_list>
<bind>
<StgValue><ssdm name="a_offset2"/></StgValue>
</bind>
</comp>

<comp id="6" class="1000" name="b">
<pin_list>
<pin id="7" dir="1" index="0" bw="1" slack="0"/>
</pin_list>
<bind>
<StgValue><ssdm name="b"/><MemPortTyVec>1 3 </MemPortTyVec>
</StgValue>
</bind>
</comp>

<comp id="8" class="1000" name="b_offset">
<pin_list>
<pin id="9" dir="1" index="0" bw="1" slack="0"/>
</pin_list>
<bind>
<StgValue><ssdm name="b_offset"/></StgValue>
</bind>
</comp>

<comp id="10" class="1000" name="c">
<pin_list>
<pin id="11" dir="1" index="0" bw="1" slack="0"/>
</pin_list>
<bind>
<StgValue><ssdm name="c"/><MemPortTyVec>0 3 </MemPortTyVec>
</StgValue>
</bind>
</comp>

<comp id="12" class="1001" name="const_12">
<pin_list>
<pin id="13" dir="1" index="0" bw="1" slack="0"/>
</pin_list>
<bind>
<StgValue><ssdm name=""/></StgValue>
</bind>
</comp>

<comp id="14" class="1001" name="const_14">
<pin_list>
<pin id="15" dir="1" index="0" bw="1" slack="0"/>
</pin_list>
<bind>
<StgValue><ssdm name="_ssdm_op_Read.ap_auto.i1"/></StgValue>
</bind>
</comp>

<comp id="16" class="1001" name="const_16">
<pin_list>
<pin id="17" dir="1" index="0" bw="1" slack="0"/>
</pin_list>
<bind>
<StgValue><ssdm name="_ssdm_op_Read.ap_auto.i32"/></StgValue>
</bind>
</comp>

<comp id="18" class="1001" name="const_18">
<pin_list>
<pin id="19" dir="1" index="0" bw="1" slack="0"/>
</pin_list>
<bind>
<StgValue><ssdm name=""/></StgValue>
</bind>
</comp>

<comp id="20" class="1001" name="const_20">
<pin_list>
<pin id="21" dir="1" index="0" bw="1" slack="0"/>
</pin_list>
<bind>
<StgValue><ssdm name="_ssdm_op_BitConcatenate.i4.i1.i3"/></StgValue>
</bind>
</comp>

<comp id="22" class="1001" name="const_22">
<pin_list>
<pin id="23" dir="1" index="0" bw="1" slack="0"/>
</pin_list>
<bind>
<StgValue><ssdm name=""/></StgValue>
</bind>
</comp>

<comp id="24" class="1001" name="const_24">
<pin_list>
<pin id="25" dir="1" index="0" bw="1" slack="0"/>
</pin_list>
<bind>
<StgValue><ssdm name="_ssdm_op_BitConcatenate.i7.i3.i1.i3"/></StgValue>
</bind>
</comp>

<comp id="26" class="1001" name="const_26">
<pin_list>
<pin id="27" dir="1" index="0" bw="1" slack="0"/>
</pin_list>
<bind>
<StgValue><ssdm name=""/></StgValue>
</bind>
</comp>

<comp id="28" class="1001" name="const_28">
<pin_list>
<pin id="29" dir="1" index="0" bw="1" slack="0"/>
</pin_list>
<bind>
<StgValue><ssdm name=""/></StgValue>
</bind>
</comp>

<comp id="30" class="1001" name="const_30">
<pin_list>
<pin id="31" dir="1" index="0" bw="1" slack="0"/>
</pin_list>
<bind>
<StgValue><ssdm name=""/></StgValue>
</bind>
</comp>

<comp id="32" class="1001" name="const_32">
<pin_list>
<pin id="33" dir="1" index="0" bw="1" slack="0"/>
</pin_list>
<bind>
<StgValue><ssdm name=""/></StgValue>
</bind>
</comp>

<comp id="34" class="1001" name="const_34">
<pin_list>
<pin id="35" dir="1" index="0" bw="1" slack="0"/>
</pin_list>
<bind>
<StgValue><ssdm name="mp_mul.138_Pipeline_VITIS_LOOP_145_2"/></StgValue>
</bind>
</comp>

<comp id="36" class="1001" name="const_36">
<pin_list>
<pin id="37" dir="1" index="0" bw="1" slack="2147483647"/>
</pin_list>
<bind>
<StgValue><ssdm name="_ssdm_op_SpecLoopTripCount"/></StgValue>
</bind>
</comp>

<comp id="38" class="1001" name="const_38">
<pin_list>
<pin id="39" dir="1" index="0" bw="1" slack="2147483647"/>
</pin_list>
<bind>
<StgValue><ssdm name=""/></StgValue>
</bind>
</comp>

<comp id="40" class="1001" name="const_40">
<pin_list>
<pin id="41" dir="1" index="0" bw="1" slack="2147483647"/>
</pin_list>
<bind>
<StgValue><ssdm name="_ssdm_op_SpecLoopName"/></StgValue>
</bind>
</comp>

<comp id="42" class="1001" name="const_42">
<pin_list>
<pin id="43" dir="1" index="0" bw="1" slack="2147483647"/>
</pin_list>
<bind>
<StgValue><ssdm name="empty_27"/></StgValue>
</bind>
</comp>

<comp id="44" class="1001" name="const_44">
<pin_list>
<pin id="45" dir="1" index="0" bw="1" slack="0"/>
</pin_list>
<bind>
<StgValue><ssdm name=""/></StgValue>
</bind>
</comp>

<comp id="46" class="1001" name="const_46">
<pin_list>
<pin id="47" dir="1" index="0" bw="1" slack="0"/>
</pin_list>
<bind>
<StgValue><ssdm name=""/></StgValue>
</bind>
</comp>

<comp id="48" class="1001" name="const_48">
<pin_list>
<pin id="49" dir="1" index="0" bw="1" slack="0"/>
</pin_list>
<bind>
<StgValue><ssdm name="mp_mul.138_Pipeline_VITIS_LOOP_159_4"/></StgValue>
</bind>
</comp>

<comp id="50" class="1001" name="const_50">
<pin_list>
<pin id="51" dir="1" index="0" bw="1" slack="2147483647"/>
</pin_list>
<bind>
<StgValue><ssdm name=""/></StgValue>
</bind>
</comp>

<comp id="52" class="1001" name="const_52">
<pin_list>
<pin id="53" dir="1" index="0" bw="1" slack="2147483647"/>
</pin_list>
<bind>
<StgValue><ssdm name="empty_84"/></StgValue>
</bind>
</comp>

<comp id="54" class="1004" name="indvars_iv31_fu_54">
<pin_list>
<pin id="55" dir="0" index="0" bw="1" slack="0"/>
<pin id="56" dir="1" index="1" bw="4" slack="0"/>
</pin_list>
<bind>
<opcode="alloca(26) " fcode="alloca"/>
<opset="indvars_iv31/1 "/>
</bind>
</comp>

<comp id="58" class="1004" name="i_fu_58">
<pin_list>
<pin id="59" dir="0" index="0" bw="1" slack="0"/>
<pin id="60" dir="1" index="1" bw="4" slack="0"/>
</pin_list>
<bind>
<opcode="alloca(26) " fcode="alloca"/>
<opset="i/1 "/>
</bind>
</comp>

<comp id="62" class="1004" name="u_016_fu_62">
<pin_list>
<pin id="63" dir="0" index="0" bw="1" slack="0"/>
<pin id="64" dir="1" index="1" bw="4" slack="0"/>
</pin_list>
<bind>
<opcode="alloca(26) " fcode="alloca"/>
<opset="u_016/1 "/>
</bind>
</comp>

<comp id="66" class="1004" name="v_017_fu_66">
<pin_list>
<pin id="67" dir="0" index="0" bw="1" slack="0"/>
<pin id="68" dir="1" index="1" bw="64" slack="0"/>
</pin_list>
<bind>
<opcode="alloca(26) " fcode="alloca"/>
<opset="v_017/1 "/>
</bind>
</comp>

<comp id="70" class="1004" name="t_33_loc_fu_70">
<pin_list>
<pin id="71" dir="0" index="0" bw="1" slack="0"/>
<pin id="72" dir="1" index="1" bw="3" slack="3"/>
</pin_list>
<bind>
<opcode="alloca(26) " fcode="alloca"/>
<opset="t_33_loc/1 "/>
</bind>
</comp>

<comp id="74" class="1004" name="v_35_loc_fu_74">
<pin_list>
<pin id="75" dir="0" index="0" bw="1" slack="0"/>
<pin id="76" dir="1" index="1" bw="64" slack="3"/>
</pin_list>
<bind>
<opcode="alloca(26) " fcode="alloca"/>
<opset="v_35_loc/1 "/>
</bind>
</comp>

<comp id="78" class="1004" name="v_114_loc_fu_78">
<pin_list>
<pin id="79" dir="0" index="0" bw="1" slack="0"/>
<pin id="80" dir="1" index="1" bw="64" slack="2"/>
</pin_list>
<bind>
<opcode="alloca(26) " fcode="alloca"/>
<opset="v_114_loc/1 "/>
</bind>
</comp>

<comp id="82" class="1004" name="u_29_fu_82">
<pin_list>
<pin id="83" dir="0" index="0" bw="1" slack="0"/>
<pin id="84" dir="1" index="1" bw="4" slack="0"/>
</pin_list>
<bind>
<opcode="alloca(26) " fcode="alloca"/>
<opset="u_29/2 "/>
</bind>
</comp>

<comp id="86" class="1004" name="v_fu_86">
<pin_list>
<pin id="87" dir="0" index="0" bw="1" slack="0"/>
<pin id="88" dir="1" index="1" bw="64" slack="0"/>
</pin_list>
<bind>
<opcode="alloca(26) " fcode="alloca"/>
<opset="v/2 "/>
</bind>
</comp>

<comp id="90" class="1004" name="indvars_iv_fu_90">
<pin_list>
<pin id="91" dir="0" index="0" bw="1" slack="0"/>
<pin id="92" dir="1" index="1" bw="4" slack="0"/>
</pin_list>
<bind>
<opcode="alloca(26) " fcode="alloca"/>
<opset="indvars_iv/2 "/>
</bind>
</comp>

<comp id="94" class="1004" name="i_27_fu_94">
<pin_list>
<pin id="95" dir="0" index="0" bw="1" slack="0"/>
<pin id="96" dir="1" index="1" bw="4" slack="0"/>
</pin_list>
<bind>
<opcode="alloca(26) " fcode="alloca"/>
<opset="i_27/2 "/>
</bind>
</comp>

<comp id="98" class="1004" name="b_offset_read_read_fu_98">
<pin_list>
<pin id="99" dir="0" index="0" bw="1" slack="0"/>
<pin id="100" dir="0" index="1" bw="1" slack="0"/>
<pin id="101" dir="1" index="2" bw="1" slack="0"/>
</pin_list>
<bind>
<opcode="read(1150) " fcode="read"/>
<opset="b_offset_read/1 "/>
</bind>
</comp>

<comp id="104" class="1004" name="a_offset2_read_read_fu_104">
<pin_list>
<pin id="105" dir="0" index="0" bw="1" slack="0"/>
<pin id="106" dir="0" index="1" bw="1" slack="0"/>
<pin id="107" dir="1" index="2" bw="1" slack="0"/>
</pin_list>
<bind>
<opcode="read(1150) " fcode="read"/>
<opset="a_offset2_read/1 "/>
</bind>
</comp>

<comp id="110" class="1004" name="a_offset_read_read_fu_110">
<pin_list>
<pin id="111" dir="0" index="0" bw="32" slack="0"/>
<pin id="112" dir="0" index="1" bw="32" slack="0"/>
<pin id="113" dir="1" index="2" bw="32" slack="0"/>
</pin_list>
<bind>
<opcode="read(1150) " fcode="read"/>
<opset="a_offset_read/1 "/>
</bind>
</comp>

<comp id="116" class="1004" name="c_addr_25_gep_fu_116">
<pin_list>
<pin id="117" dir="0" index="0" bw="64" slack="0"/>
<pin id="118" dir="0" index="1" bw="1" slack="0"/>
<pin id="119" dir="0" index="2" bw="4" slack="0"/>
<pin id="120" dir="1" index="3" bw="4" slack="0"/>
</pin_list>
<bind>
<opcode="getelementptr(29) " fcode="getelementptr"/>
<opset="c_addr_25/5 "/>
</bind>
</comp>

<comp id="123" class="1004" name="grp_access_fu_123">
<pin_list>
<pin id="124" dir="0" index="0" bw="4" slack="0"/>
<pin id="125" dir="0" index="1" bw="64" slack="0"/>
<pin id="126" dir="0" index="2" bw="0" slack="2147483647"/>
<pin id="127" dir="1" index="3" bw="64" slack="2147483647"/>
</pin_list>
<bind>
<opcode="store(28) " fcode="store"/>
<opset="store_ln151/5 store_ln170/6 store_ln165/9 "/>
</bind>
</comp>

<comp id="129" class="1004" name="c_addr_gep_fu_129">
<pin_list>
<pin id="130" dir="0" index="0" bw="64" slack="0"/>
<pin id="131" dir="0" index="1" bw="1" slack="0"/>
<pin id="132" dir="0" index="2" bw="5" slack="0"/>
<pin id="133" dir="1" index="3" bw="4" slack="0"/>
</pin_list>
<bind>
<opcode="getelementptr(29) " fcode="getelementptr"/>
<opset="c_addr/6 "/>
</bind>
</comp>

<comp id="138" class="1004" name="c_addr_26_gep_fu_138">
<pin_list>
<pin id="139" dir="0" index="0" bw="64" slack="0"/>
<pin id="140" dir="0" index="1" bw="1" slack="0"/>
<pin id="141" dir="0" index="2" bw="4" slack="0"/>
<pin id="142" dir="1" index="3" bw="4" slack="0"/>
</pin_list>
<bind>
<opcode="getelementptr(29) " fcode="getelementptr"/>
<opset="c_addr_26/9 "/>
</bind>
</comp>

<comp id="146" class="1004" name="grp_mp_mul_138_Pipeline_VITIS_LOOP_145_2_fu_146">
<pin_list>
<pin id="147" dir="0" index="0" bw="0" slack="0"/>
<pin id="148" dir="0" index="1" bw="64" slack="2"/>
<pin id="149" dir="0" index="2" bw="4" slack="2"/>
<pin id="150" dir="0" index="3" bw="4" slack="0"/>
<pin id="151" dir="0" index="4" bw="7" slack="2"/>
<pin id="152" dir="0" index="5" bw="64" slack="0"/>
<pin id="153" dir="0" index="6" bw="3" slack="0"/>
<pin id="154" dir="0" index="7" bw="4" slack="2"/>
<pin id="155" dir="0" index="8" bw="64" slack="0"/>
<pin id="156" dir="0" index="9" bw="64" slack="2"/>
<pin id="157" dir="0" index="10" bw="64" slack="2"/>
<pin id="158" dir="0" index="11" bw="4" slack="2"/>
<pin id="159" dir="1" index="12" bw="0" slack="2147483647"/>
</pin_list>
<bind>
<opcode="call(48) " fcode="call"/>
<opset="call_ln143/3 "/>
</bind>
</comp>

<comp id="163" class="1004" name="grp_mp_mul_138_Pipeline_VITIS_LOOP_159_4_fu_163">
<pin_list>
<pin id="164" dir="0" index="0" bw="0" slack="0"/>
<pin id="165" dir="0" index="1" bw="3" slack="0"/>
<pin id="166" dir="0" index="2" bw="64" slack="1"/>
<pin id="167" dir="0" index="3" bw="4" slack="0"/>
<pin id="168" dir="0" index="4" bw="7" slack="3"/>
<pin id="169" dir="0" index="5" bw="64" slack="0"/>
<pin id="170" dir="0" index="6" bw="4" slack="1"/>
<pin id="171" dir="0" index="7" bw="4" slack="3"/>
<pin id="172" dir="0" index="8" bw="64" slack="0"/>
<pin id="173" dir="0" index="9" bw="64" slack="3"/>
<pin id="174" dir="0" index="10" bw="64" slack="2"/>
<pin id="175" dir="0" index="11" bw="3" slack="3"/>
<pin id="176" dir="1" index="12" bw="0" slack="2147483647"/>
</pin_list>
<bind>
<opcode="call(48) " fcode="call"/>
<opset="call_ln157/7 "/>
</bind>
</comp>

<comp id="180" class="1004" name="grp_load_fu_180">
<pin_list>
<pin id="181" dir="0" index="0" bw="64" slack="1"/>
<pin id="182" dir="1" index="1" bw="64" slack="0"/>
</pin_list>
<bind>
<opcode="load(27) " fcode="load"/>
<opset="v_load/6 v_load51/6 "/>
</bind>
</comp>

<comp id="184" class="1004" name="empty_fu_184">
<pin_list>
<pin id="185" dir="0" index="0" bw="32" slack="0"/>
<pin id="186" dir="1" index="1" bw="3" slack="0"/>
</pin_list>
<bind>
<opcode="trunc(33) " fcode="trunc"/>
<opset="empty/1 "/>
</bind>
</comp>

<comp id="188" class="1004" name="tmp_s_fu_188">
<pin_list>
<pin id="189" dir="0" index="0" bw="4" slack="0"/>
<pin id="190" dir="0" index="1" bw="1" slack="0"/>
<pin id="191" dir="0" index="2" bw="1" slack="0"/>
<pin id="192" dir="1" index="3" bw="4" slack="2"/>
</pin_list>
<bind>
<opcode="bitconcatenate(1004) " fcode="bitconcatenate"/>
<opset="tmp_s/1 "/>
</bind>
</comp>

<comp id="196" class="1004" name="tmp_455_fu_196">
<pin_list>
<pin id="197" dir="0" index="0" bw="7" slack="0"/>
<pin id="198" dir="0" index="1" bw="3" slack="0"/>
<pin id="199" dir="0" index="2" bw="1" slack="0"/>
<pin id="200" dir="0" index="3" bw="1" slack="0"/>
<pin id="201" dir="1" index="4" bw="7" slack="2"/>
</pin_list>
<bind>
<opcode="bitconcatenate(1004) " fcode="bitconcatenate"/>
<opset="tmp_455/1 "/>
</bind>
</comp>

<comp id="206" class="1004" name="store_ln140_store_fu_206">
<pin_list>
<pin id="207" dir="0" index="0" bw="1" slack="0"/>
<pin id="208" dir="0" index="1" bw="64" slack="0"/>
<pin id="209" dir="1" index="2" bw="0" slack="2147483647"/>
</pin_list>
<bind>
<opcode="store(28) " fcode="store"/>
<opset="store_ln140/1 "/>
</bind>
</comp>

<comp id="211" class="1004" name="store_ln140_store_fu_211">
<pin_list>
<pin id="212" dir="0" index="0" bw="1" slack="0"/>
<pin id="213" dir="0" index="1" bw="4" slack="0"/>
<pin id="214" dir="1" index="2" bw="0" slack="2147483647"/>
</pin_list>
<bind>
<opcode="store(28) " fcode="store"/>
<opset="store_ln140/1 "/>
</bind>
</comp>

<comp id="216" class="1004" name="store_ln139_store_fu_216">
<pin_list>
<pin id="217" dir="0" index="0" bw="1" slack="0"/>
<pin id="218" dir="0" index="1" bw="4" slack="0"/>
<pin id="219" dir="1" index="2" bw="0" slack="2147483647"/>
</pin_list>
<bind>
<opcode="store(28) " fcode="store"/>
<opset="store_ln139/1 "/>
</bind>
</comp>

<comp id="221" class="1004" name="store_ln0_store_fu_221">
<pin_list>
<pin id="222" dir="0" index="0" bw="1" slack="0"/>
<pin id="223" dir="0" index="1" bw="4" slack="0"/>
<pin id="224" dir="1" index="2" bw="0" slack="2147483647"/>
</pin_list>
<bind>
<opcode="store(28) " fcode="store"/>
<opset="store_ln0/1 "/>
</bind>
</comp>

<comp id="226" class="1004" name="i_84_load_fu_226">
<pin_list>
<pin id="227" dir="0" index="0" bw="4" slack="1"/>
<pin id="228" dir="1" index="1" bw="4" slack="0"/>
</pin_list>
<bind>
<opcode="load(27) " fcode="load"/>
<opset="i_84/2 "/>
</bind>
</comp>

<comp id="229" class="1004" name="u_load_fu_229">
<pin_list>
<pin id="230" dir="0" index="0" bw="4" slack="1"/>
<pin id="231" dir="1" index="1" bw="4" slack="0"/>
</pin_list>
<bind>
<opcode="load(27) " fcode="load"/>
<opset="u/2 "/>
</bind>
</comp>

<comp id="232" class="1004" name="v_201_load_fu_232">
<pin_list>
<pin id="233" dir="0" index="0" bw="64" slack="1"/>
<pin id="234" dir="1" index="1" bw="64" slack="0"/>
</pin_list>
<bind>
<opcode="load(27) " fcode="load"/>
<opset="v_201/2 "/>
</bind>
</comp>

<comp id="235" class="1004" name="icmp_ln143_fu_235">
<pin_list>
<pin id="236" dir="0" index="0" bw="4" slack="0"/>
<pin id="237" dir="0" index="1" bw="4" slack="0"/>
<pin id="238" dir="1" index="2" bw="1" slack="2147483647"/>
</pin_list>
<bind>
<opcode="icmp(45) " fcode="icmp"/>
<opset="icmp_ln143/2 "/>
</bind>
</comp>

<comp id="241" class="1004" name="add_ln143_fu_241">
<pin_list>
<pin id="242" dir="0" index="0" bw="4" slack="0"/>
<pin id="243" dir="0" index="1" bw="1" slack="0"/>
<pin id="244" dir="1" index="2" bw="4" slack="0"/>
</pin_list>
<bind>
<opcode="add(8) " fcode="add"/>
<opset="add_ln143/2 "/>
</bind>
</comp>

<comp id="247" class="1004" name="store_ln139_store_fu_247">
<pin_list>
<pin id="248" dir="0" index="0" bw="4" slack="0"/>
<pin id="249" dir="0" index="1" bw="4" slack="1"/>
<pin id="250" dir="1" index="2" bw="0" slack="2147483647"/>
</pin_list>
<bind>
<opcode="store(28) " fcode="store"/>
<opset="store_ln139/2 "/>
</bind>
</comp>

<comp id="252" class="1004" name="store_ln139_store_fu_252">
<pin_list>
<pin id="253" dir="0" index="0" bw="4" slack="0"/>
<pin id="254" dir="0" index="1" bw="4" slack="0"/>
<pin id="255" dir="1" index="2" bw="0" slack="2147483647"/>
</pin_list>
<bind>
<opcode="store(28) " fcode="store"/>
<opset="store_ln139/2 "/>
</bind>
</comp>

<comp id="257" class="1004" name="store_ln0_store_fu_257">
<pin_list>
<pin id="258" dir="0" index="0" bw="1" slack="0"/>
<pin id="259" dir="0" index="1" bw="4" slack="0"/>
<pin id="260" dir="1" index="2" bw="0" slack="2147483647"/>
</pin_list>
<bind>
<opcode="store(28) " fcode="store"/>
<opset="store_ln0/2 "/>
</bind>
</comp>

<comp id="262" class="1004" name="store_ln140_store_fu_262">
<pin_list>
<pin id="263" dir="0" index="0" bw="64" slack="0"/>
<pin id="264" dir="0" index="1" bw="64" slack="0"/>
<pin id="265" dir="1" index="2" bw="0" slack="2147483647"/>
</pin_list>
<bind>
<opcode="store(28) " fcode="store"/>
<opset="store_ln140/2 "/>
</bind>
</comp>

<comp id="267" class="1004" name="store_ln140_store_fu_267">
<pin_list>
<pin id="268" dir="0" index="0" bw="4" slack="0"/>
<pin id="269" dir="0" index="1" bw="4" slack="0"/>
<pin id="270" dir="1" index="2" bw="0" slack="2147483647"/>
</pin_list>
<bind>
<opcode="store(28) " fcode="store"/>
<opset="store_ln140/2 "/>
</bind>
</comp>

<comp id="272" class="1004" name="indvars_iv31_load_load_fu_272">
<pin_list>
<pin id="273" dir="0" index="0" bw="4" slack="2"/>
<pin id="274" dir="1" index="1" bw="4" slack="0"/>
</pin_list>
<bind>
<opcode="load(27) " fcode="load"/>
<opset="indvars_iv31_load/3 "/>
</bind>
</comp>

<comp id="276" class="1004" name="trunc_ln143_fu_276">
<pin_list>
<pin id="277" dir="0" index="0" bw="4" slack="1"/>
<pin id="278" dir="1" index="1" bw="3" slack="0"/>
</pin_list>
<bind>
<opcode="trunc(33) " fcode="trunc"/>
<opset="trunc_ln143/3 "/>
</bind>
</comp>

<comp id="280" class="1004" name="add_ln143_13_fu_280">
<pin_list>
<pin id="281" dir="0" index="0" bw="4" slack="0"/>
<pin id="282" dir="0" index="1" bw="1" slack="0"/>
<pin id="283" dir="1" index="2" bw="4" slack="0"/>
</pin_list>
<bind>
<opcode="add(8) " fcode="add"/>
<opset="add_ln143_13/3 "/>
</bind>
</comp>

<comp id="286" class="1004" name="store_ln143_store_fu_286">
<pin_list>
<pin id="287" dir="0" index="0" bw="4" slack="0"/>
<pin id="288" dir="0" index="1" bw="4" slack="2"/>
<pin id="289" dir="1" index="2" bw="0" slack="2147483647"/>
</pin_list>
<bind>
<opcode="store(28) " fcode="store"/>
<opset="store_ln143/3 "/>
</bind>
</comp>

<comp id="291" class="1004" name="zext_ln143_fu_291">
<pin_list>
<pin id="292" dir="0" index="0" bw="4" slack="3"/>
<pin id="293" dir="1" index="1" bw="64" slack="0"/>
</pin_list>
<bind>
<opcode="zext(34) " fcode="zext"/>
<opset="zext_ln143/5 "/>
</bind>
</comp>

<comp id="295" class="1004" name="v_114_loc_load_load_fu_295">
<pin_list>
<pin id="296" dir="0" index="0" bw="64" slack="4"/>
<pin id="297" dir="1" index="1" bw="64" slack="0"/>
</pin_list>
<bind>
<opcode="load(27) " fcode="load"/>
<opset="v_114_loc_load/5 "/>
</bind>
</comp>

<comp id="299" class="1004" name="i_85_load_fu_299">
<pin_list>
<pin id="300" dir="0" index="0" bw="4" slack="1"/>
<pin id="301" dir="1" index="1" bw="4" slack="0"/>
</pin_list>
<bind>
<opcode="load(27) " fcode="load"/>
<opset="i_85/6 "/>
</bind>
</comp>

<comp id="302" class="1004" name="icmp_ln157_fu_302">
<pin_list>
<pin id="303" dir="0" index="0" bw="4" slack="0"/>
<pin id="304" dir="0" index="1" bw="4" slack="0"/>
<pin id="305" dir="1" index="2" bw="1" slack="2147483647"/>
</pin_list>
<bind>
<opcode="icmp(45) " fcode="icmp"/>
<opset="icmp_ln157/6 "/>
</bind>
</comp>

<comp id="308" class="1004" name="add_ln157_fu_308">
<pin_list>
<pin id="309" dir="0" index="0" bw="4" slack="0"/>
<pin id="310" dir="0" index="1" bw="1" slack="0"/>
<pin id="311" dir="1" index="2" bw="4" slack="0"/>
</pin_list>
<bind>
<opcode="add(8) " fcode="add"/>
<opset="add_ln157/6 "/>
</bind>
</comp>

<comp id="314" class="1004" name="store_ln139_store_fu_314">
<pin_list>
<pin id="315" dir="0" index="0" bw="4" slack="0"/>
<pin id="316" dir="0" index="1" bw="4" slack="1"/>
<pin id="317" dir="1" index="2" bw="0" slack="2147483647"/>
</pin_list>
<bind>
<opcode="store(28) " fcode="store"/>
<opset="store_ln139/6 "/>
</bind>
</comp>

<comp id="319" class="1004" name="u_29_load_load_fu_319">
<pin_list>
<pin id="320" dir="0" index="0" bw="4" slack="2"/>
<pin id="321" dir="1" index="1" bw="4" slack="0"/>
</pin_list>
<bind>
<opcode="load(27) " fcode="load"/>
<opset="u_29_load/7 "/>
</bind>
</comp>

<comp id="323" class="1004" name="indvars_iv_load_load_fu_323">
<pin_list>
<pin id="324" dir="0" index="0" bw="4" slack="2"/>
<pin id="325" dir="1" index="1" bw="4" slack="0"/>
</pin_list>
<bind>
<opcode="load(27) " fcode="load"/>
<opset="indvars_iv_load/7 "/>
</bind>
</comp>

<comp id="326" class="1004" name="trunc_ln157_fu_326">
<pin_list>
<pin id="327" dir="0" index="0" bw="4" slack="0"/>
<pin id="328" dir="1" index="1" bw="3" slack="0"/>
</pin_list>
<bind>
<opcode="trunc(33) " fcode="trunc"/>
<opset="trunc_ln157/7 "/>
</bind>
</comp>

<comp id="331" class="1004" name="add_ln157_13_fu_331">
<pin_list>
<pin id="332" dir="0" index="0" bw="4" slack="0"/>
<pin id="333" dir="0" index="1" bw="1" slack="0"/>
<pin id="334" dir="1" index="2" bw="4" slack="0"/>
</pin_list>
<bind>
<opcode="add(8) " fcode="add"/>
<opset="add_ln157_13/7 "/>
</bind>
</comp>

<comp id="337" class="1004" name="store_ln157_store_fu_337">
<pin_list>
<pin id="338" dir="0" index="0" bw="4" slack="0"/>
<pin id="339" dir="0" index="1" bw="4" slack="2"/>
<pin id="340" dir="1" index="2" bw="0" slack="2147483647"/>
</pin_list>
<bind>
<opcode="store(28) " fcode="store"/>
<opset="store_ln157/7 "/>
</bind>
</comp>

<comp id="342" class="1004" name="zext_ln157_fu_342">
<pin_list>
<pin id="343" dir="0" index="0" bw="4" slack="3"/>
<pin id="344" dir="1" index="1" bw="64" slack="0"/>
</pin_list>
<bind>
<opcode="zext(34) " fcode="zext"/>
<opset="zext_ln157/9 "/>
</bind>
</comp>

<comp id="346" class="1004" name="v_35_loc_load_load_fu_346">
<pin_list>
<pin id="347" dir="0" index="0" bw="64" slack="5"/>
<pin id="348" dir="1" index="1" bw="64" slack="0"/>
</pin_list>
<bind>
<opcode="load(27) " fcode="load"/>
<opset="v_35_loc_load/9 "/>
</bind>
</comp>

<comp id="350" class="1004" name="t_33_loc_load_load_fu_350">
<pin_list>
<pin id="351" dir="0" index="0" bw="3" slack="5"/>
<pin id="352" dir="1" index="1" bw="3" slack="0"/>
</pin_list>
<bind>
<opcode="load(27) " fcode="load"/>
<opset="t_33_loc_load/9 "/>
</bind>
</comp>

<comp id="353" class="1004" name="zext_ln159_fu_353">
<pin_list>
<pin id="354" dir="0" index="0" bw="3" slack="0"/>
<pin id="355" dir="1" index="1" bw="4" slack="0"/>
</pin_list>
<bind>
<opcode="zext(34) " fcode="zext"/>
<opset="zext_ln159/9 "/>
</bind>
</comp>

<comp id="357" class="1004" name="store_ln140_store_fu_357">
<pin_list>
<pin id="358" dir="0" index="0" bw="3" slack="0"/>
<pin id="359" dir="0" index="1" bw="4" slack="4"/>
<pin id="360" dir="1" index="2" bw="0" slack="2147483647"/>
</pin_list>
<bind>
<opcode="store(28) " fcode="store"/>
<opset="store_ln140/9 "/>
</bind>
</comp>

<comp id="362" class="1005" name="indvars_iv31_reg_362">
<pin_list>
<pin id="363" dir="0" index="0" bw="4" slack="0"/>
<pin id="364" dir="1" index="1" bw="4" slack="0"/>
</pin_list>
<bind>
<opset="indvars_iv31 "/>
</bind>
</comp>

<comp id="369" class="1005" name="i_reg_369">
<pin_list>
<pin id="370" dir="0" index="0" bw="4" slack="0"/>
<pin id="371" dir="1" index="1" bw="4" slack="0"/>
</pin_list>
<bind>
<opset="i "/>
</bind>
</comp>

<comp id="376" class="1005" name="u_016_reg_376">
<pin_list>
<pin id="377" dir="0" index="0" bw="4" slack="0"/>
<pin id="378" dir="1" index="1" bw="4" slack="0"/>
</pin_list>
<bind>
<opset="u_016 "/>
</bind>
</comp>

<comp id="383" class="1005" name="v_017_reg_383">
<pin_list>
<pin id="384" dir="0" index="0" bw="64" slack="0"/>
<pin id="385" dir="1" index="1" bw="64" slack="0"/>
</pin_list>
<bind>
<opset="v_017 "/>
</bind>
</comp>

<comp id="390" class="1005" name="t_33_loc_reg_390">
<pin_list>
<pin id="391" dir="0" index="0" bw="3" slack="3"/>
<pin id="392" dir="1" index="1" bw="3" slack="3"/>
</pin_list>
<bind>
<opset="t_33_loc "/>
</bind>
</comp>

<comp id="396" class="1005" name="v_35_loc_reg_396">
<pin_list>
<pin id="397" dir="0" index="0" bw="64" slack="3"/>
<pin id="398" dir="1" index="1" bw="64" slack="3"/>
</pin_list>
<bind>
<opset="v_35_loc "/>
</bind>
</comp>

<comp id="402" class="1005" name="v_114_loc_reg_402">
<pin_list>
<pin id="403" dir="0" index="0" bw="64" slack="2"/>
<pin id="404" dir="1" index="1" bw="64" slack="2"/>
</pin_list>
<bind>
<opset="v_114_loc "/>
</bind>
</comp>

<comp id="408" class="1005" name="tmp_s_reg_408">
<pin_list>
<pin id="409" dir="0" index="0" bw="4" slack="2"/>
<pin id="410" dir="1" index="1" bw="4" slack="2"/>
</pin_list>
<bind>
<opset="tmp_s "/>
</bind>
</comp>

<comp id="414" class="1005" name="tmp_455_reg_414">
<pin_list>
<pin id="415" dir="0" index="0" bw="7" slack="2"/>
<pin id="416" dir="1" index="1" bw="7" slack="2"/>
</pin_list>
<bind>
<opset="tmp_455 "/>
</bind>
</comp>

<comp id="420" class="1005" name="i_84_reg_420">
<pin_list>
<pin id="421" dir="0" index="0" bw="4" slack="1"/>
<pin id="422" dir="1" index="1" bw="4" slack="1"/>
</pin_list>
<bind>
<opset="i_84 "/>
</bind>
</comp>

<comp id="426" class="1005" name="u_reg_426">
<pin_list>
<pin id="427" dir="0" index="0" bw="4" slack="2"/>
<pin id="428" dir="1" index="1" bw="4" slack="2"/>
</pin_list>
<bind>
<opset="u "/>
</bind>
</comp>

<comp id="431" class="1005" name="v_201_reg_431">
<pin_list>
<pin id="432" dir="0" index="0" bw="64" slack="2"/>
<pin id="433" dir="1" index="1" bw="64" slack="2"/>
</pin_list>
<bind>
<opset="v_201 "/>
</bind>
</comp>

<comp id="439" class="1005" name="u_29_reg_439">
<pin_list>
<pin id="440" dir="0" index="0" bw="4" slack="0"/>
<pin id="441" dir="1" index="1" bw="4" slack="0"/>
</pin_list>
<bind>
<opset="u_29 "/>
</bind>
</comp>

<comp id="446" class="1005" name="v_reg_446">
<pin_list>
<pin id="447" dir="0" index="0" bw="64" slack="0"/>
<pin id="448" dir="1" index="1" bw="64" slack="0"/>
</pin_list>
<bind>
<opset="v "/>
</bind>
</comp>

<comp id="453" class="1005" name="indvars_iv_reg_453">
<pin_list>
<pin id="454" dir="0" index="0" bw="4" slack="0"/>
<pin id="455" dir="1" index="1" bw="4" slack="0"/>
</pin_list>
<bind>
<opset="indvars_iv "/>
</bind>
</comp>

<comp id="460" class="1005" name="i_27_reg_460">
<pin_list>
<pin id="461" dir="0" index="0" bw="4" slack="0"/>
<pin id="462" dir="1" index="1" bw="4" slack="0"/>
</pin_list>
<bind>
<opset="i_27 "/>
</bind>
</comp>

<comp id="467" class="1005" name="indvars_iv31_load_reg_467">
<pin_list>
<pin id="468" dir="0" index="0" bw="4" slack="1"/>
<pin id="469" dir="1" index="1" bw="4" slack="1"/>
</pin_list>
<bind>
<opset="indvars_iv31_load "/>
</bind>
</comp>

<comp id="472" class="1005" name="trunc_ln143_reg_472">
<pin_list>
<pin id="473" dir="0" index="0" bw="3" slack="1"/>
<pin id="474" dir="1" index="1" bw="3" slack="1"/>
</pin_list>
<bind>
<opset="trunc_ln143 "/>
</bind>
</comp>

<comp id="477" class="1005" name="i_85_reg_477">
<pin_list>
<pin id="478" dir="0" index="0" bw="4" slack="1"/>
<pin id="479" dir="1" index="1" bw="4" slack="1"/>
</pin_list>
<bind>
<opset="i_85 "/>
</bind>
</comp>

<comp id="486" class="1005" name="v_load_reg_486">
<pin_list>
<pin id="487" dir="0" index="0" bw="64" slack="1"/>
<pin id="488" dir="1" index="1" bw="64" slack="1"/>
</pin_list>
<bind>
<opset="v_load "/>
</bind>
</comp>

<comp id="494" class="1005" name="trunc_ln157_reg_494">
<pin_list>
<pin id="495" dir="0" index="0" bw="3" slack="1"/>
<pin id="496" dir="1" index="1" bw="3" slack="1"/>
</pin_list>
<bind>
<opset="trunc_ln157 "/>
</bind>
</comp>

<comp id="499" class="1004" name="grp_fu_499">
<pin_list>
<pin id="500" dir="0" index="0" bw="32" slack="2147483647"/>
<pin id="501" dir="0" index="1" bw="32" slack="2147483647"/>
<pin id="502" dir="1" index="2" bw="64" slack="2147483647"/>
</pin_list>
<bind>
<opcode="mul(12) " fcode="mul"/>
<opset="albl/4 albl/4 "/>
</bind>
</comp>

<comp id="503" class="1004" name="grp_fu_503">
<pin_list>
<pin id="504" dir="0" index="0" bw="32" slack="2147483647"/>
<pin id="505" dir="0" index="1" bw="32" slack="2147483647"/>
<pin id="506" dir="1" index="2" bw="64" slack="2147483647"/>
</pin_list>
<bind>
<opcode="mul(12) " fcode="mul"/>
<opset="albh/4 albh/4 "/>
</bind>
</comp>

<comp id="507" class="1004" name="grp_fu_507">
<pin_list>
<pin id="508" dir="0" index="0" bw="32" slack="2147483647"/>
<pin id="509" dir="0" index="1" bw="32" slack="2147483647"/>
<pin id="510" dir="1" index="2" bw="64" slack="2147483647"/>
</pin_list>
<bind>
<opcode="mul(12) " fcode="mul"/>
<opset="ahbl/4 ahbl/4 "/>
</bind>
</comp>

<comp id="511" class="1004" name="grp_fu_511">
<pin_list>
<pin id="512" dir="0" index="0" bw="32" slack="2147483647"/>
<pin id="513" dir="0" index="1" bw="32" slack="2147483647"/>
<pin id="514" dir="1" index="2" bw="64" slack="2147483647"/>
</pin_list>
<bind>
<opcode="mul(12) " fcode="mul"/>
<opset="ahbh/4 ahbh/4 "/>
</bind>
</comp>

</comp_list>

<net_list>
<net id="57"><net_src comp="12" pin="0"/><net_sink comp="54" pin=0"/></net>

<net id="61"><net_src comp="12" pin="0"/><net_sink comp="58" pin=0"/></net>

<net id="65"><net_src comp="12" pin="0"/><net_sink comp="62" pin=0"/></net>

<net id="69"><net_src comp="12" pin="0"/><net_sink comp="66" pin=0"/></net>

<net id="73"><net_src comp="18" pin="0"/><net_sink comp="70" pin=0"/></net>

<net id="77"><net_src comp="18" pin="0"/><net_sink comp="74" pin=0"/></net>

<net id="81"><net_src comp="18" pin="0"/><net_sink comp="78" pin=0"/></net>

<net id="85"><net_src comp="12" pin="0"/><net_sink comp="82" pin=0"/></net>

<net id="89"><net_src comp="12" pin="0"/><net_sink comp="86" pin=0"/></net>

<net id="93"><net_src comp="12" pin="0"/><net_sink comp="90" pin=0"/></net>

<net id="97"><net_src comp="12" pin="0"/><net_sink comp="94" pin=0"/></net>

<net id="102"><net_src comp="14" pin="0"/><net_sink comp="98" pin=0"/></net>

<net id="103"><net_src comp="8" pin="0"/><net_sink comp="98" pin=1"/></net>

<net id="108"><net_src comp="14" pin="0"/><net_sink comp="104" pin=0"/></net>

<net id="109"><net_src comp="4" pin="0"/><net_sink comp="104" pin=1"/></net>

<net id="114"><net_src comp="16" pin="0"/><net_sink comp="110" pin=0"/></net>

<net id="115"><net_src comp="2" pin="0"/><net_sink comp="110" pin=1"/></net>

<net id="121"><net_src comp="10" pin="0"/><net_sink comp="116" pin=0"/></net>

<net id="122"><net_src comp="26" pin="0"/><net_sink comp="116" pin=1"/></net>

<net id="128"><net_src comp="116" pin="3"/><net_sink comp="123" pin=0"/></net>

<net id="134"><net_src comp="10" pin="0"/><net_sink comp="129" pin=0"/></net>

<net id="135"><net_src comp="26" pin="0"/><net_sink comp="129" pin=1"/></net>

<net id="136"><net_src comp="46" pin="0"/><net_sink comp="129" pin=2"/></net>

<net id="137"><net_src comp="129" pin="3"/><net_sink comp="123" pin=0"/></net>

<net id="143"><net_src comp="10" pin="0"/><net_sink comp="138" pin=0"/></net>

<net id="144"><net_src comp="26" pin="0"/><net_sink comp="138" pin=1"/></net>

<net id="145"><net_src comp="138" pin="3"/><net_sink comp="123" pin=0"/></net>

<net id="160"><net_src comp="34" pin="0"/><net_sink comp="146" pin=0"/></net>

<net id="161"><net_src comp="0" pin="0"/><net_sink comp="146" pin=5"/></net>

<net id="162"><net_src comp="6" pin="0"/><net_sink comp="146" pin=8"/></net>

<net id="177"><net_src comp="48" pin="0"/><net_sink comp="163" pin=0"/></net>

<net id="178"><net_src comp="0" pin="0"/><net_sink comp="163" pin=5"/></net>

<net id="179"><net_src comp="6" pin="0"/><net_sink comp="163" pin=8"/></net>

<net id="183"><net_src comp="180" pin="1"/><net_sink comp="123" pin=1"/></net>

<net id="187"><net_src comp="110" pin="2"/><net_sink comp="184" pin=0"/></net>

<net id="193"><net_src comp="20" pin="0"/><net_sink comp="188" pin=0"/></net>

<net id="194"><net_src comp="98" pin="2"/><net_sink comp="188" pin=1"/></net>

<net id="195"><net_src comp="22" pin="0"/><net_sink comp="188" pin=2"/></net>

<net id="202"><net_src comp="24" pin="0"/><net_sink comp="196" pin=0"/></net>

<net id="203"><net_src comp="184" pin="1"/><net_sink comp="196" pin=1"/></net>

<net id="204"><net_src comp="104" pin="2"/><net_sink comp="196" pin=2"/></net>

<net id="205"><net_src comp="22" pin="0"/><net_sink comp="196" pin=3"/></net>

<net id="210"><net_src comp="26" pin="0"/><net_sink comp="206" pin=0"/></net>

<net id="215"><net_src comp="28" pin="0"/><net_sink comp="211" pin=0"/></net>

<net id="220"><net_src comp="28" pin="0"/><net_sink comp="216" pin=0"/></net>

<net id="225"><net_src comp="30" pin="0"/><net_sink comp="221" pin=0"/></net>

<net id="239"><net_src comp="226" pin="1"/><net_sink comp="235" pin=0"/></net>

<net id="240"><net_src comp="32" pin="0"/><net_sink comp="235" pin=1"/></net>

<net id="245"><net_src comp="226" pin="1"/><net_sink comp="241" pin=0"/></net>

<net id="246"><net_src comp="30" pin="0"/><net_sink comp="241" pin=1"/></net>

<net id="251"><net_src comp="241" pin="2"/><net_sink comp="247" pin=0"/></net>

<net id="256"><net_src comp="32" pin="0"/><net_sink comp="252" pin=0"/></net>

<net id="261"><net_src comp="30" pin="0"/><net_sink comp="257" pin=0"/></net>

<net id="266"><net_src comp="232" pin="1"/><net_sink comp="262" pin=0"/></net>

<net id="271"><net_src comp="229" pin="1"/><net_sink comp="267" pin=0"/></net>

<net id="275"><net_src comp="272" pin="1"/><net_sink comp="146" pin=3"/></net>

<net id="279"><net_src comp="276" pin="1"/><net_sink comp="146" pin=6"/></net>

<net id="284"><net_src comp="272" pin="1"/><net_sink comp="280" pin=0"/></net>

<net id="285"><net_src comp="30" pin="0"/><net_sink comp="280" pin=1"/></net>

<net id="290"><net_src comp="280" pin="2"/><net_sink comp="286" pin=0"/></net>

<net id="294"><net_src comp="291" pin="1"/><net_sink comp="116" pin=2"/></net>

<net id="298"><net_src comp="295" pin="1"/><net_sink comp="123" pin=1"/></net>

<net id="306"><net_src comp="299" pin="1"/><net_sink comp="302" pin=0"/></net>

<net id="307"><net_src comp="44" pin="0"/><net_sink comp="302" pin=1"/></net>

<net id="312"><net_src comp="299" pin="1"/><net_sink comp="308" pin=0"/></net>

<net id="313"><net_src comp="30" pin="0"/><net_sink comp="308" pin=1"/></net>

<net id="318"><net_src comp="308" pin="2"/><net_sink comp="314" pin=0"/></net>

<net id="322"><net_src comp="319" pin="1"/><net_sink comp="163" pin=3"/></net>

<net id="329"><net_src comp="323" pin="1"/><net_sink comp="326" pin=0"/></net>

<net id="330"><net_src comp="326" pin="1"/><net_sink comp="163" pin=1"/></net>

<net id="335"><net_src comp="323" pin="1"/><net_sink comp="331" pin=0"/></net>

<net id="336"><net_src comp="30" pin="0"/><net_sink comp="331" pin=1"/></net>

<net id="341"><net_src comp="331" pin="2"/><net_sink comp="337" pin=0"/></net>

<net id="345"><net_src comp="342" pin="1"/><net_sink comp="138" pin=2"/></net>

<net id="349"><net_src comp="346" pin="1"/><net_sink comp="123" pin=1"/></net>

<net id="356"><net_src comp="350" pin="1"/><net_sink comp="353" pin=0"/></net>

<net id="361"><net_src comp="353" pin="1"/><net_sink comp="357" pin=0"/></net>

<net id="365"><net_src comp="54" pin="1"/><net_sink comp="362" pin=0"/></net>

<net id="366"><net_src comp="362" pin="1"/><net_sink comp="221" pin=1"/></net>

<net id="367"><net_src comp="362" pin="1"/><net_sink comp="272" pin=0"/></net>

<net id="368"><net_src comp="362" pin="1"/><net_sink comp="286" pin=1"/></net>

<net id="372"><net_src comp="58" pin="1"/><net_sink comp="369" pin=0"/></net>

<net id="373"><net_src comp="369" pin="1"/><net_sink comp="216" pin=1"/></net>

<net id="374"><net_src comp="369" pin="1"/><net_sink comp="226" pin=0"/></net>

<net id="375"><net_src comp="369" pin="1"/><net_sink comp="247" pin=1"/></net>

<net id="379"><net_src comp="62" pin="1"/><net_sink comp="376" pin=0"/></net>

<net id="380"><net_src comp="376" pin="1"/><net_sink comp="211" pin=1"/></net>

<net id="381"><net_src comp="376" pin="1"/><net_sink comp="229" pin=0"/></net>

<net id="382"><net_src comp="376" pin="1"/><net_sink comp="146" pin=11"/></net>

<net id="386"><net_src comp="66" pin="1"/><net_sink comp="383" pin=0"/></net>

<net id="387"><net_src comp="383" pin="1"/><net_sink comp="206" pin=1"/></net>

<net id="388"><net_src comp="383" pin="1"/><net_sink comp="232" pin=0"/></net>

<net id="389"><net_src comp="383" pin="1"/><net_sink comp="146" pin=10"/></net>

<net id="393"><net_src comp="70" pin="1"/><net_sink comp="390" pin=0"/></net>

<net id="394"><net_src comp="390" pin="1"/><net_sink comp="163" pin=11"/></net>

<net id="395"><net_src comp="390" pin="1"/><net_sink comp="350" pin=0"/></net>

<net id="399"><net_src comp="74" pin="1"/><net_sink comp="396" pin=0"/></net>

<net id="400"><net_src comp="396" pin="1"/><net_sink comp="163" pin=9"/></net>

<net id="401"><net_src comp="396" pin="1"/><net_sink comp="346" pin=0"/></net>

<net id="405"><net_src comp="78" pin="1"/><net_sink comp="402" pin=0"/></net>

<net id="406"><net_src comp="402" pin="1"/><net_sink comp="146" pin=9"/></net>

<net id="407"><net_src comp="402" pin="1"/><net_sink comp="295" pin=0"/></net>

<net id="411"><net_src comp="188" pin="3"/><net_sink comp="408" pin=0"/></net>

<net id="412"><net_src comp="408" pin="1"/><net_sink comp="146" pin=7"/></net>

<net id="413"><net_src comp="408" pin="1"/><net_sink comp="163" pin=7"/></net>

<net id="417"><net_src comp="196" pin="4"/><net_sink comp="414" pin=0"/></net>

<net id="418"><net_src comp="414" pin="1"/><net_sink comp="146" pin=4"/></net>

<net id="419"><net_src comp="414" pin="1"/><net_sink comp="163" pin=4"/></net>

<net id="423"><net_src comp="226" pin="1"/><net_sink comp="420" pin=0"/></net>

<net id="424"><net_src comp="420" pin="1"/><net_sink comp="276" pin=0"/></net>

<net id="425"><net_src comp="420" pin="1"/><net_sink comp="291" pin=0"/></net>

<net id="429"><net_src comp="229" pin="1"/><net_sink comp="426" pin=0"/></net>

<net id="430"><net_src comp="426" pin="1"/><net_sink comp="146" pin=2"/></net>

<net id="434"><net_src comp="232" pin="1"/><net_sink comp="431" pin=0"/></net>

<net id="435"><net_src comp="431" pin="1"/><net_sink comp="146" pin=1"/></net>

<net id="442"><net_src comp="82" pin="1"/><net_sink comp="439" pin=0"/></net>

<net id="443"><net_src comp="439" pin="1"/><net_sink comp="267" pin=1"/></net>

<net id="444"><net_src comp="439" pin="1"/><net_sink comp="319" pin=0"/></net>

<net id="445"><net_src comp="439" pin="1"/><net_sink comp="357" pin=1"/></net>

<net id="449"><net_src comp="86" pin="1"/><net_sink comp="446" pin=0"/></net>

<net id="450"><net_src comp="446" pin="1"/><net_sink comp="262" pin=1"/></net>

<net id="451"><net_src comp="446" pin="1"/><net_sink comp="180" pin=0"/></net>

<net id="452"><net_src comp="446" pin="1"/><net_sink comp="163" pin=10"/></net>

<net id="456"><net_src comp="90" pin="1"/><net_sink comp="453" pin=0"/></net>

<net id="457"><net_src comp="453" pin="1"/><net_sink comp="257" pin=1"/></net>

<net id="458"><net_src comp="453" pin="1"/><net_sink comp="323" pin=0"/></net>

<net id="459"><net_src comp="453" pin="1"/><net_sink comp="337" pin=1"/></net>

<net id="463"><net_src comp="94" pin="1"/><net_sink comp="460" pin=0"/></net>

<net id="464"><net_src comp="460" pin="1"/><net_sink comp="252" pin=1"/></net>

<net id="465"><net_src comp="460" pin="1"/><net_sink comp="299" pin=0"/></net>

<net id="466"><net_src comp="460" pin="1"/><net_sink comp="314" pin=1"/></net>

<net id="470"><net_src comp="272" pin="1"/><net_sink comp="467" pin=0"/></net>

<net id="471"><net_src comp="467" pin="1"/><net_sink comp="146" pin=3"/></net>

<net id="475"><net_src comp="276" pin="1"/><net_sink comp="472" pin=0"/></net>

<net id="476"><net_src comp="472" pin="1"/><net_sink comp="146" pin=6"/></net>

<net id="480"><net_src comp="299" pin="1"/><net_sink comp="477" pin=0"/></net>

<net id="481"><net_src comp="477" pin="1"/><net_sink comp="163" pin=6"/></net>

<net id="482"><net_src comp="477" pin="1"/><net_sink comp="342" pin=0"/></net>

<net id="489"><net_src comp="180" pin="1"/><net_sink comp="486" pin=0"/></net>

<net id="490"><net_src comp="486" pin="1"/><net_sink comp="163" pin=2"/></net>

<net id="497"><net_src comp="326" pin="1"/><net_sink comp="494" pin=0"/></net>

<net id="498"><net_src comp="494" pin="1"/><net_sink comp="163" pin=1"/></net>

</net_list>

</model> 
---------------- Datapath Model END ------------------

* FSMD analyzer results:
  - Output states:
	Port: a | {}
	Port: b | {}
	Port: c | {5 6 9 }
 - Input state : 
	Port: mp_mul.138 : a | {3 4 7 8 }
	Port: mp_mul.138 : a_offset | {1 }
	Port: mp_mul.138 : a_offset2 | {1 }
	Port: mp_mul.138 : b | {3 4 7 8 }
	Port: mp_mul.138 : b_offset | {1 }
  - Chain level:
	State 1
		tmp_455 : 1
		store_ln140 : 1
		store_ln140 : 1
		store_ln139 : 1
		store_ln0 : 1
	State 2
		icmp_ln143 : 1
		add_ln143 : 1
		br_ln143 : 2
		store_ln139 : 2
		store_ln139 : 1
		store_ln0 : 1
		store_ln140 : 1
		store_ln140 : 1
	State 3
		call_ln143 : 1
		add_ln143_13 : 1
		store_ln143 : 2
	State 4
	State 5
		c_addr_25 : 1
		store_ln151 : 2
	State 6
		icmp_ln157 : 1
		br_ln157 : 2
		add_ln157 : 1
		store_ln139 : 2
		store_ln170 : 1
	State 7
		trunc_ln157 : 1
		call_ln157 : 2
		add_ln157_13 : 1
		store_ln157 : 2
	State 8
	State 9
		zext_ln159 : 1
		c_addr_26 : 1
		store_ln165 : 2
		store_ln140 : 2


============================================================
+ Verbose Summary: Datapath Resource usage 
============================================================

* Functional unit list:
|----------|-------------------------------------------------|---------|---------|---------|---------|
| Operation|                 Functional Unit                 |   DSP   |  Delay  |    FF   |   LUT   |
|----------|-------------------------------------------------|---------|---------|---------|---------|
|   call   | grp_mp_mul_138_Pipeline_VITIS_LOOP_145_2_fu_146 |    16   |  15.88  |   1723  |   1544  |
|          | grp_mp_mul_138_Pipeline_VITIS_LOOP_159_4_fu_163 |    16   |  15.88  |   1726  |   1542  |
|----------|-------------------------------------------------|---------|---------|---------|---------|
|          |                    grp_fu_499                   |    4    |    0    |   165   |    50   |
|    mul   |                    grp_fu_503                   |    4    |    0    |   165   |    50   |
|          |                    grp_fu_507                   |    4    |    0    |   165   |    50   |
|          |                    grp_fu_511                   |    4    |    0    |   165   |    50   |
|----------|-------------------------------------------------|---------|---------|---------|---------|
|          |                 add_ln143_fu_241                |    0    |    0    |    0    |    13   |
|    add   |               add_ln143_13_fu_280               |    0    |    0    |    0    |    13   |
|          |                 add_ln157_fu_308                |    0    |    0    |    0    |    13   |
|          |               add_ln157_13_fu_331               |    0    |    0    |    0    |    13   |
|----------|-------------------------------------------------|---------|---------|---------|---------|
|   icmp   |                icmp_ln143_fu_235                |    0    |    0    |    0    |    13   |
|          |                icmp_ln157_fu_302                |    0    |    0    |    0    |    13   |
|----------|-------------------------------------------------|---------|---------|---------|---------|
|          |             b_offset_read_read_fu_98            |    0    |    0    |    0    |    0    |
|   read   |            a_offset2_read_read_fu_104           |    0    |    0    |    0    |    0    |
|          |            a_offset_read_read_fu_110            |    0    |    0    |    0    |    0    |
|----------|-------------------------------------------------|---------|---------|---------|---------|
|          |                   empty_fu_184                  |    0    |    0    |    0    |    0    |
|   trunc  |                trunc_ln143_fu_276               |    0    |    0    |    0    |    0    |
|          |                trunc_ln157_fu_326               |    0    |    0    |    0    |    0    |
|----------|-------------------------------------------------|---------|---------|---------|---------|
|bitconcatenate|                   tmp_s_fu_188                  |    0    |    0    |    0    |    0    |
|          |                  tmp_455_fu_196                 |    0    |    0    |    0    |    0    |
|----------|-------------------------------------------------|---------|---------|---------|---------|
|          |                zext_ln143_fu_291                |    0    |    0    |    0    |    0    |
|   zext   |                zext_ln157_fu_342                |    0    |    0    |    0    |    0    |
|          |                zext_ln159_fu_353                |    0    |    0    |    0    |    0    |
|----------|-------------------------------------------------|---------|---------|---------|---------|
|   Total  |                                                 |    48   |  31.76  |   4109  |   3364  |
|----------|-------------------------------------------------|---------|---------|---------|---------|

Memories:
N/A

* Register list:
+-------------------------+--------+
|                         |   FF   |
+-------------------------+--------+
|       i_27_reg_460      |    4   |
|       i_84_reg_420      |    4   |
|       i_85_reg_477      |    4   |
|        i_reg_369        |    4   |
|indvars_iv31_load_reg_467|    4   |
|   indvars_iv31_reg_362  |    4   |
|    indvars_iv_reg_453   |    4   |
|     t_33_loc_reg_390    |    3   |
|     tmp_455_reg_414     |    7   |
|      tmp_s_reg_408      |    4   |
|   trunc_ln143_reg_472   |    3   |
|   trunc_ln157_reg_494   |    3   |
|      u_016_reg_376      |    4   |
|       u_29_reg_439      |    4   |
|        u_reg_426        |    4   |
|      v_017_reg_383      |   64   |
|    v_114_loc_reg_402    |   64   |
|      v_201_reg_431      |   64   |
|     v_35_loc_reg_396    |   64   |
|      v_load_reg_486     |   64   |
|        v_reg_446        |   64   |
+-------------------------+--------+
|          Total          |   444  |
+-------------------------+--------+

* Multiplexer (MUX) list: 
|-------------------------------------------------|------|------|------|--------||---------||---------||---------|
|                       Comp                      |  Pin | Size |  BW  | S x BW ||  Delay  ||    FF   ||   LUT   |
|-------------------------------------------------|------|------|------|--------||---------||---------||---------|
|                grp_access_fu_123                |  p0  |   3  |   4  |   12   ||    0    ||    14   |
|                grp_access_fu_123                |  p1  |   3  |  64  |   192  ||    0    ||    14   |
| grp_mp_mul_138_Pipeline_VITIS_LOOP_145_2_fu_146 |  p3  |   2  |   4  |    8   ||    0    ||    9    |
| grp_mp_mul_138_Pipeline_VITIS_LOOP_145_2_fu_146 |  p6  |   2  |   3  |    6   ||    0    ||    9    |
| grp_mp_mul_138_Pipeline_VITIS_LOOP_159_4_fu_163 |  p1  |   2  |   3  |    6   ||    0    ||    9    |
|-------------------------------------------------|------|------|------|--------||---------||---------||---------|
|                      Total                      |      |      |      |   224  ||  8.1786 ||    0    ||    55   |
|-------------------------------------------------|------|------|------|--------||---------||---------||---------|



* Summary:
+-----------+--------+--------+--------+--------+
|           |   DSP  |  Delay |   FF   |   LUT  |
+-----------+--------+--------+--------+--------+
|  Function |   48   |   31   |  4109  |  3364  |
|   Memory  |    -   |    -   |    -   |    -   |
|Multiplexer|    -   |    8   |    0   |   55   |
|  Register |    -   |    -   |   444  |    -   |
+-----------+--------+--------+--------+--------+
|   Total   |   48   |   39   |  4553  |  3419  |
+-----------+--------+--------+--------+--------+
