

================================================================
== Vitis HLS Report for 'mp_mul_8_Pipeline_VITIS_LOOP_145_2'
================================================================
* Date:           Wed Jul  2 14:05:45 2025

* Version:        2024.2.2 (Build 6049644 on Mar  5 2025)
* Project:        sikep503_hls
* Solution:       solution1 (Vivado IP Flow Target)
* Product family: zynq
* Target device:  xc7z045-ffg900-2


================================================================
== Performance Estimates
================================================================
+ Timing: 
    * Summary: 
    +--------+----------+----------+------------+
    |  Clock |  Target  | Estimated| Uncertainty|
    +--------+----------+----------+------------+
    |ap_clk  |  10.00 ns|  7.300 ns|     2.70 ns|
    +--------+----------+----------+------------+

+ Latency: 
    * Summary: 
    +---------+---------+-----------+----------+-----+-----+------------------------------------------------+
    |  Latency (cycles) |  Latency (absolute)  |  Interval |                    Pipeline                    |
    |   min   |   max   |    min    |    max   | min | max |                      Type                      |
    +---------+---------+-----------+----------+-----+-----+------------------------------------------------+
    |        7|       14|  70.000 ns|  0.140 us|    2|    9|  loop auto-rewind stp (delay=0 clock cycles(s))|
    +---------+---------+-----------+----------+-----+-----+------------------------------------------------+

    + Detail: 
        * Instance: 
        N/A

        * Loop: 
        +--------------------+---------+---------+----------+-----------+-----------+-------+----------+
        |                    |  Latency (cycles) | Iteration|  Initiation Interval  |  Trip |          |
        |      Loop Name     |   min   |   max   |  Latency |  achieved |   target  | Count | Pipelined|
        +--------------------+---------+---------+----------+-----------+-----------+-------+----------+
        |- VITIS_LOOP_145_2  |        5|       12|         6|          1|          1|  1 ~ 8|       yes|
        +--------------------+---------+---------+----------+-----------+-----------+-------+----------+

============================================================
+ Verbose Summary: Synthesis Manager
============================================================
InlineROM: 1
ExposeGlobal: 0
============================================================
+ Verbose Summary: CDFG Model
============================================================
IsTopModel: 0
ResetActiveHigh: 1
IsCombinational: 0
IsDatapathOnly: 0
HasWiredReturn: 1
HasMFsm: 2
HasVarLatency: 1
IsPipeline: 0
IsRtlPipelined: 0
IsInstanceOverlapped: 0
IsDontTouch: 0
HasImplIP: 0
IsGatedGlobalClock: 0

+ Individual pipeline summary: 
  * Pipeline-0: initiation interval (II) = 1, depth = 6


============================================================
+ Verbose Summary: Schedule
============================================================
* Number of FSM states : 6
* Pipeline : 1
  Pipeline-0 : II = 1, D = 6, States = { 1 2 3 4 5 6 }
* Dataflow Pipeline: 0

* FSM state transitions: 
1 --> 2 
2 --> 3 
3 --> 4 
4 --> 5 
5 --> 6 
6 --> 

* FSM state operations: 

State 1 <SV = 0> <Delay = 5.86>
ST_1 : Operation 9 [1/1] (0.00ns)   --->   "%v_80 = alloca i32 1" [src/generic/fp_generic.c:140]   --->   Operation 9 'alloca' 'v_80' <Predicate = true> <Delay = 0.00>
ST_1 : Operation 10 [1/1] (0.00ns)   --->   "%j = alloca i32 1" [src/generic/fp_generic.c:139]   --->   Operation 10 'alloca' 'j' <Predicate = true> <Delay = 0.00>
ST_1 : Operation 11 [1/1] (0.00ns)   --->   "%specbramwithbyteenable_ln0 = specbramwithbyteenable void @_ssdm_op_SpecBRAMWithByteEnable, i64 %PKB"   --->   Operation 11 'specbramwithbyteenable' 'specbramwithbyteenable_ln0' <Predicate = true> <Delay = 0.00>
ST_1 : Operation 12 [1/1] (0.00ns)   --->   "%i_read = read i3 @_ssdm_op_Read.ap_auto.i3, i3 %i"   --->   Operation 12 'read' 'i_read' <Predicate = true> <Delay = 0.00>
ST_1 : Operation 13 [1/1] (0.00ns)   --->   "%indvars_iv31_read = read i4 @_ssdm_op_Read.ap_auto.i4, i4 %indvars_iv31"   --->   Operation 13 'read' 'indvars_iv31_read' <Predicate = true> <Delay = 0.00>
ST_1 : Operation 14 [1/1] (0.00ns)   --->   "%zext_ln143_read = read i4 @_ssdm_op_Read.ap_auto.i4, i4 %zext_ln143"   --->   Operation 14 'read' 'zext_ln143_read' <Predicate = true> <Delay = 0.00>
ST_1 : Operation 15 [1/1] (0.00ns)   --->   "%v_017_read = read i64 @_ssdm_op_Read.ap_auto.i64, i64 %v_017"   --->   Operation 15 'read' 'v_017_read' <Predicate = true> <Delay = 0.00>
ST_1 : Operation 16 [1/1] (0.00ns)   --->   "%i_cast = zext i3 %i_read"   --->   Operation 16 'zext' 'i_cast' <Predicate = true> <Delay = 0.00>
ST_1 : Operation 17 [1/1] (0.00ns)   --->   "%zext_ln143_cast = zext i4 %zext_ln143_read"   --->   Operation 17 'zext' 'zext_ln143_cast' <Predicate = true> <Delay = 0.00>
ST_1 : Operation 18 [1/1] (1.29ns)   --->   "%store_ln139 = store i4 0, i4 %j" [src/generic/fp_generic.c:139]   --->   Operation 18 'store' 'store_ln139' <Predicate = true> <Delay = 1.29>
ST_1 : Operation 19 [1/1] (1.29ns)   --->   "%store_ln140 = store i64 %v_017_read, i64 %v_80" [src/generic/fp_generic.c:140]   --->   Operation 19 'store' 'store_ln140' <Predicate = true> <Delay = 1.29>
ST_1 : Operation 20 [1/1] (1.29ns)   --->   "%store_ln140 = store i64 %zext_ln143_cast, i64 %u_65_out" [src/generic/fp_generic.c:140]   --->   Operation 20 'store' 'store_ln140' <Predicate = true> <Delay = 1.29>
ST_1 : Operation 21 [1/1] (1.29ns)   --->   "%store_ln140 = store i4 0, i4 %t_out" [src/generic/fp_generic.c:140]   --->   Operation 21 'store' 'store_ln140' <Predicate = true> <Delay = 1.29>
ST_1 : Operation 22 [1/1] (0.00ns)   --->   "%br_ln0 = br void %for.inc"   --->   Operation 22 'br' 'br_ln0' <Predicate = true> <Delay = 0.00>
ST_1 : Operation 23 [1/1] (0.00ns)   --->   "%j_16 = load i4 %j" [src/generic/fp_generic.c:145]   --->   Operation 23 'load' 'j_16' <Predicate = true> <Delay = 0.00>
ST_1 : Operation 24 [1/1] (0.99ns)   --->   "%icmp_ln145 = icmp_eq  i4 %j_16, i4 %indvars_iv31_read" [src/generic/fp_generic.c:145]   --->   Operation 24 'icmp' 'icmp_ln145' <Predicate = true> <Delay = 0.99> <CoreInst = "Cmp">   --->   Core 9 'Cmp' <Latency = 0> <II = 1> <Delay = 0.99> <FuncUnit> <Opcode : 'seteq' 'setne' 'setle' 'setge' 'setlt' 'setgt'> <InPorts = 2> <OutPorts = 1>
ST_1 : Operation 25 [1/1] (0.99ns)   --->   "%add_ln145 = add i4 %j_16, i4 1" [src/generic/fp_generic.c:145]   --->   Operation 25 'add' 'add_ln145' <Predicate = true> <Delay = 0.99> <CoreInst = "Adder">   --->   Core 1 'Adder' <Latency = 0> <II = 1> <Delay = 0.99> <FuncUnit> <Opcode : 'add' 'sub'> <InPorts = 2> <OutPorts = 1>
ST_1 : Operation 26 [1/1] (0.00ns)   --->   "%br_ln145 = br i1 %icmp_ln145, void %for.inc.split, void %for.inc22.exitStub" [src/generic/fp_generic.c:145]   --->   Operation 26 'br' 'br_ln145' <Predicate = true> <Delay = 0.00>
ST_1 : Operation 27 [1/1] (0.00ns)   --->   "%zext_ln145 = zext i4 %j_16" [src/generic/fp_generic.c:145]   --->   Operation 27 'zext' 'zext_ln145' <Predicate = (!icmp_ln145)> <Delay = 0.00>
ST_1 : Operation 28 [1/1] (0.00ns)   --->   "%PKB_addr = getelementptr i64 %PKB, i64 0, i64 %zext_ln145" [src/generic/fp_generic.c:146]   --->   Operation 28 'getelementptr' 'PKB_addr' <Predicate = (!icmp_ln145)> <Delay = 0.00>
ST_1 : Operation 29 [2/2] (2.77ns)   --->   "%PKB_load = load i6 %PKB_addr" [src/generic/fp_generic.c:146]   --->   Operation 29 'load' 'PKB_load' <Predicate = (!icmp_ln145)> <Delay = 2.77> <CoreInst = "RAM">   --->   Core 81 'RAM' <Latency = 1> <II = 1> <Delay = 2.77> <Storage> <Opcode : 'load' 'store'> <Ports = 2> <Width = 64> <Depth = 48> <RAM>
ST_1 : Operation 30 [1/1] (0.99ns)   --->   "%sub_ln146 = sub i4 %i_cast, i4 %j_16" [src/generic/fp_generic.c:146]   --->   Operation 30 'sub' 'sub_ln146' <Predicate = (!icmp_ln145)> <Delay = 0.99> <CoreInst = "Adder">   --->   Core 1 'Adder' <Latency = 0> <II = 1> <Delay = 0.99> <FuncUnit> <Opcode : 'add' 'sub'> <InPorts = 2> <OutPorts = 1>
ST_1 : Operation 31 [1/1] (0.00ns)   --->   "%tmp_129 = bitconcatenate i7 @_ssdm_op_BitConcatenate.i7.i4.i3, i4 %sub_ln146, i3 0" [src/generic/fp_generic.c:146]   --->   Operation 31 'bitconcatenate' 'tmp_129' <Predicate = (!icmp_ln145)> <Delay = 0.00>
ST_1 : Operation 32 [1/1] (0.00ns)   --->   "%sext_ln146 = sext i7 %tmp_129" [src/generic/fp_generic.c:146]   --->   Operation 32 'sext' 'sext_ln146' <Predicate = (!icmp_ln145)> <Delay = 0.00>
ST_1 : Operation 33 [1/1] (0.00ns)   --->   "%bit_sel1 = bitselect i1 @_ssdm_op_BitSelect.i1.i8.i8, i8 %sext_ln146, i8 7" [src/generic/fp_generic.c:146]   --->   Operation 33 'bitselect' 'bit_sel1' <Predicate = (!icmp_ln145)> <Delay = 0.00>
ST_1 : Operation 34 [1/1] (0.80ns)   --->   "%xor_ln146 = xor i1 %bit_sel1, i1 1" [src/generic/fp_generic.c:146]   --->   Operation 34 'xor' 'xor_ln146' <Predicate = (!icmp_ln145)> <Delay = 0.80> <CoreInst = "LogicGate">   --->   Core 74 'LogicGate' <Latency = 0> <II = 1> <Delay = 0.80> <FuncUnit> <Opcode : 'and' 'or' 'xor'> <InPorts = 2> <OutPorts = 1>
ST_1 : Operation 35 [1/1] (0.00ns)   --->   "%tmp = bitconcatenate i5 @_ssdm_op_BitConcatenate.i5.i1.i4, i1 %xor_ln146, i4 %sub_ln146" [src/generic/fp_generic.c:146]   --->   Operation 35 'bitconcatenate' 'tmp' <Predicate = (!icmp_ln145)> <Delay = 0.00>
ST_1 : Operation 36 [1/1] (0.00ns)   --->   "%zext_ln146 = zext i5 %tmp" [src/generic/fp_generic.c:146]   --->   Operation 36 'zext' 'zext_ln146' <Predicate = (!icmp_ln145)> <Delay = 0.00>
ST_1 : Operation 37 [1/1] (0.00ns)   --->   "%PKB_addr_8 = getelementptr i64 %PKB, i64 0, i64 %zext_ln146" [src/generic/fp_generic.c:146]   --->   Operation 37 'getelementptr' 'PKB_addr_8' <Predicate = (!icmp_ln145)> <Delay = 0.00>
ST_1 : Operation 38 [2/2] (2.77ns)   --->   "%PKB_load_4 = load i6 %PKB_addr_8" [src/generic/fp_generic.c:146]   --->   Operation 38 'load' 'PKB_load_4' <Predicate = (!icmp_ln145)> <Delay = 2.77> <CoreInst = "RAM">   --->   Core 81 'RAM' <Latency = 1> <II = 1> <Delay = 2.77> <Storage> <Opcode : 'load' 'store'> <Ports = 2> <Width = 64> <Depth = 48> <RAM>
ST_1 : Operation 39 [1/1] (1.29ns)   --->   "%store_ln139 = store i4 %add_ln145, i4 %j" [src/generic/fp_generic.c:139]   --->   Operation 39 'store' 'store_ln139' <Predicate = (!icmp_ln145)> <Delay = 1.29>

State 2 <SV = 1> <Delay = 2.77>
ST_2 : Operation 40 [1/2] ( I:2.77ns O:2.77ns )   --->   "%PKB_load = load i6 %PKB_addr" [src/generic/fp_generic.c:146]   --->   Operation 40 'load' 'PKB_load' <Predicate = true> <Delay = 2.77> <CoreInst = "RAM">   --->   Core 81 'RAM' <Latency = 1> <II = 1> <Delay = 2.77> <Storage> <Opcode : 'load' 'store'> <Ports = 2> <Width = 64> <Depth = 48> <RAM>
ST_2 : Operation 41 [1/1] (0.00ns)   --->   "%al = trunc i64 %PKB_load" [src/generic/fp_generic.c:146]   --->   Operation 41 'trunc' 'al' <Predicate = true> <Delay = 0.00>
ST_2 : Operation 42 [1/2] ( I:2.77ns O:2.77ns )   --->   "%PKB_load_4 = load i6 %PKB_addr_8" [src/generic/fp_generic.c:146]   --->   Operation 42 'load' 'PKB_load_4' <Predicate = true> <Delay = 2.77> <CoreInst = "RAM">   --->   Core 81 'RAM' <Latency = 1> <II = 1> <Delay = 2.77> <Storage> <Opcode : 'load' 'store'> <Ports = 2> <Width = 64> <Depth = 48> <RAM>
ST_2 : Operation 43 [1/1] (0.00ns)   --->   "%bl = trunc i64 %PKB_load_4" [src/generic/fp_generic.c:103->src/generic/fp_generic.c:146]   --->   Operation 43 'trunc' 'bl' <Predicate = true> <Delay = 0.00>
ST_2 : Operation 44 [1/1] (0.00ns)   --->   "%ah = partselect i32 @_ssdm_op_PartSelect.i32.i64.i32.i32, i64 %PKB_load, i32 32, i32 63" [src/generic/fp_generic.c:110->src/generic/fp_generic.c:146]   --->   Operation 44 'partselect' 'ah' <Predicate = true> <Delay = 0.00>
ST_2 : Operation 45 [1/1] (0.00ns)   --->   "%bh = partselect i32 @_ssdm_op_PartSelect.i32.i64.i32.i32, i64 %PKB_load_4, i32 32, i32 63" [src/generic/fp_generic.c:112->src/generic/fp_generic.c:146]   --->   Operation 45 'partselect' 'bh' <Predicate = true> <Delay = 0.00>

State 3 <SV = 2> <Delay = 7.05>
ST_3 : Operation 46 [1/1] (0.00ns)   --->   "%zext_ln105 = zext i32 %al" [src/generic/fp_generic.c:105->src/generic/fp_generic.c:146]   --->   Operation 46 'zext' 'zext_ln105' <Predicate = true> <Delay = 0.00>
ST_3 : Operation 47 [1/1] (0.00ns)   --->   "%zext_ln110 = zext i32 %ah" [src/generic/fp_generic.c:110->src/generic/fp_generic.c:146]   --->   Operation 47 'zext' 'zext_ln110' <Predicate = true> <Delay = 0.00>
ST_3 : Operation 48 [1/1] (0.00ns)   --->   "%zext_ln105_63 = zext i32 %bl" [src/generic/fp_generic.c:105->src/generic/fp_generic.c:146]   --->   Operation 48 'zext' 'zext_ln105_63' <Predicate = true> <Delay = 0.00>
ST_3 : Operation 49 [1/1] (0.00ns)   --->   "%zext_ln112 = zext i32 %bh" [src/generic/fp_generic.c:112->src/generic/fp_generic.c:146]   --->   Operation 49 'zext' 'zext_ln112' <Predicate = true> <Delay = 0.00>
ST_3 : Operation 50 [1/1] (7.05ns)   --->   "%albl = mul i64 %zext_ln105_63, i64 %zext_ln105" [src/generic/fp_generic.c:114->src/generic/fp_generic.c:146]   --->   Operation 50 'mul' 'albl' <Predicate = true> <Delay = 7.05> <CoreInst = "Multiplier">   --->   Core 3 'Multiplier' <Latency = 0> <II = 1> <Delay = 7.05> <FuncUnit> <Opcode : 'mul'> <InPorts = 2> <OutPorts = 1>
ST_3 : Operation 51 [1/1] (0.00ns)   --->   "%trunc_ln106 = trunc i64 %albl" [src/generic/fp_generic.c:106->src/generic/fp_generic.c:146]   --->   Operation 51 'trunc' 'trunc_ln106' <Predicate = true> <Delay = 0.00>
ST_3 : Operation 52 [1/1] (7.05ns)   --->   "%albh = mul i64 %zext_ln112, i64 %zext_ln105" [src/generic/fp_generic.c:115->src/generic/fp_generic.c:146]   --->   Operation 52 'mul' 'albh' <Predicate = true> <Delay = 7.05> <CoreInst = "Multiplier">   --->   Core 3 'Multiplier' <Latency = 0> <II = 1> <Delay = 7.05> <FuncUnit> <Opcode : 'mul'> <InPorts = 2> <OutPorts = 1>
ST_3 : Operation 53 [1/1] (0.00ns)   --->   "%trunc_ln106_87 = trunc i64 %albh" [src/generic/fp_generic.c:106->src/generic/fp_generic.c:146]   --->   Operation 53 'trunc' 'trunc_ln106_87' <Predicate = true> <Delay = 0.00>
ST_3 : Operation 54 [1/1] (7.05ns)   --->   "%ahbl = mul i64 %zext_ln105_63, i64 %zext_ln110" [src/generic/fp_generic.c:116->src/generic/fp_generic.c:146]   --->   Operation 54 'mul' 'ahbl' <Predicate = true> <Delay = 7.05> <CoreInst = "Multiplier">   --->   Core 3 'Multiplier' <Latency = 0> <II = 1> <Delay = 7.05> <FuncUnit> <Opcode : 'mul'> <InPorts = 2> <OutPorts = 1>
ST_3 : Operation 55 [1/1] (0.00ns)   --->   "%trunc_ln106_88 = trunc i64 %ahbl" [src/generic/fp_generic.c:106->src/generic/fp_generic.c:146]   --->   Operation 55 'trunc' 'trunc_ln106_88' <Predicate = true> <Delay = 0.00>
ST_3 : Operation 56 [1/1] (7.05ns)   --->   "%ahbh = mul i64 %zext_ln112, i64 %zext_ln110" [src/generic/fp_generic.c:117->src/generic/fp_generic.c:146]   --->   Operation 56 'mul' 'ahbh' <Predicate = true> <Delay = 7.05> <CoreInst = "Multiplier">   --->   Core 3 'Multiplier' <Latency = 0> <II = 1> <Delay = 7.05> <FuncUnit> <Opcode : 'mul'> <InPorts = 2> <OutPorts = 1>
ST_3 : Operation 57 [1/1] (0.00ns)   --->   "%trunc_ln106_89 = trunc i64 %ahbh" [src/generic/fp_generic.c:106->src/generic/fp_generic.c:146]   --->   Operation 57 'trunc' 'trunc_ln106_89' <Predicate = true> <Delay = 0.00>
ST_3 : Operation 58 [1/1] (0.00ns)   --->   "%tmp_130 = partselect i32 @_ssdm_op_PartSelect.i32.i64.i32.i32, i64 %albl, i32 32, i32 63" [src/generic/fp_generic.c:106->src/generic/fp_generic.c:146]   --->   Operation 58 'partselect' 'tmp_130' <Predicate = true> <Delay = 0.00>
ST_3 : Operation 59 [1/1] (0.00ns)   --->   "%tmp_132 = partselect i32 @_ssdm_op_PartSelect.i32.i64.i32.i32, i64 %ahbl, i32 32, i32 63" [src/generic/fp_generic.c:106->src/generic/fp_generic.c:146]   --->   Operation 59 'partselect' 'tmp_132' <Predicate = true> <Delay = 0.00>
ST_3 : Operation 60 [1/1] (0.00ns)   --->   "%tmp_133 = partselect i32 @_ssdm_op_PartSelect.i32.i64.i32.i32, i64 %albh, i32 32, i32 63" [src/generic/fp_generic.c:106->src/generic/fp_generic.c:146]   --->   Operation 60 'partselect' 'tmp_133' <Predicate = true> <Delay = 0.00>
ST_3 : Operation 61 [1/1] (0.00ns)   --->   "%tmp_134 = partselect i32 @_ssdm_op_PartSelect.i32.i64.i32.i32, i64 %ahbh, i32 32, i32 63" [src/generic/fp_generic.c:133->src/generic/fp_generic.c:146]   --->   Operation 61 'partselect' 'tmp_134' <Predicate = true> <Delay = 0.00>

State 4 <SV = 3> <Delay = 5.71>
ST_4 : Operation 62 [1/1] (0.00ns)   --->   "%zext_ln106 = zext i32 %tmp_130" [src/generic/fp_generic.c:106->src/generic/fp_generic.c:146]   --->   Operation 62 'zext' 'zext_ln106' <Predicate = true> <Delay = 0.00>
ST_4 : Operation 63 [1/1] (0.00ns)   --->   "%zext_ln123 = zext i32 %trunc_ln106_88" [src/generic/fp_generic.c:123->src/generic/fp_generic.c:146]   --->   Operation 63 'zext' 'zext_ln123' <Predicate = true> <Delay = 0.00>
ST_4 : Operation 64 [1/1] (0.00ns)   --->   "%zext_ln123_49 = zext i32 %trunc_ln106_87" [src/generic/fp_generic.c:123->src/generic/fp_generic.c:146]   --->   Operation 64 'zext' 'zext_ln123_49' <Predicate = true> <Delay = 0.00>
ST_4 : Operation 65 [1/1] (1.89ns)   --->   "%add_ln123 = add i33 %zext_ln123, i33 %zext_ln123_49" [src/generic/fp_generic.c:123->src/generic/fp_generic.c:146]   --->   Operation 65 'add' 'add_ln123' <Predicate = true> <Delay = 1.89> <CoreInst = "Adder">   --->   Core 1 'Adder' <Latency = 0> <II = 1> <Delay = 1.89> <FuncUnit> <Opcode : 'add' 'sub'> <InPorts = 2> <OutPorts = 1>
ST_4 : Operation 66 [1/1] (0.00ns)   --->   "%zext_ln123_50 = zext i33 %add_ln123" [src/generic/fp_generic.c:123->src/generic/fp_generic.c:146]   --->   Operation 66 'zext' 'zext_ln123_50' <Predicate = true> <Delay = 0.00>
ST_4 : Operation 67 [1/1] (1.92ns)   --->   "%temp = add i34 %zext_ln123_50, i34 %zext_ln106" [src/generic/fp_generic.c:123->src/generic/fp_generic.c:146]   --->   Operation 67 'add' 'temp' <Predicate = true> <Delay = 1.92> <CoreInst = "Adder">   --->   Core 1 'Adder' <Latency = 0> <II = 1> <Delay = 1.92> <FuncUnit> <Opcode : 'add' 'sub'> <InPorts = 2> <OutPorts = 1>
ST_4 : Operation 68 [1/1] (0.00ns)   --->   "%tmp_131 = partselect i2 @_ssdm_op_PartSelect.i2.i34.i32.i32, i34 %temp, i32 32, i32 33" [src/generic/fp_generic.c:106->src/generic/fp_generic.c:146]   --->   Operation 68 'partselect' 'tmp_131' <Predicate = true> <Delay = 0.00>
ST_4 : Operation 69 [1/1] (0.00ns)   --->   "%zext_ln106_54 = zext i2 %tmp_131" [src/generic/fp_generic.c:106->src/generic/fp_generic.c:146]   --->   Operation 69 'zext' 'zext_ln106_54' <Predicate = true> <Delay = 0.00>
ST_4 : Operation 70 [1/1] (0.00ns)   --->   "%trunc_ln125 = trunc i34 %temp" [src/generic/fp_generic.c:125->src/generic/fp_generic.c:146]   --->   Operation 70 'trunc' 'trunc_ln125' <Predicate = true> <Delay = 0.00>
ST_4 : Operation 71 [1/1] (0.00ns)   --->   "%zext_ln106_55 = zext i32 %tmp_132" [src/generic/fp_generic.c:106->src/generic/fp_generic.c:146]   --->   Operation 71 'zext' 'zext_ln106_55' <Predicate = true> <Delay = 0.00>
ST_4 : Operation 72 [1/1] (0.00ns)   --->   "%zext_ln106_56 = zext i32 %tmp_133" [src/generic/fp_generic.c:106->src/generic/fp_generic.c:146]   --->   Operation 72 'zext' 'zext_ln106_56' <Predicate = true> <Delay = 0.00>
ST_4 : Operation 73 [1/1] (0.00ns)   --->   "%zext_ln130 = zext i32 %trunc_ln106_89" [src/generic/fp_generic.c:130->src/generic/fp_generic.c:146]   --->   Operation 73 'zext' 'zext_ln130' <Predicate = true> <Delay = 0.00>
ST_4 : Operation 74 [1/1] (1.89ns)   --->   "%add_ln130 = add i33 %zext_ln130, i33 %zext_ln106_55" [src/generic/fp_generic.c:130->src/generic/fp_generic.c:146]   --->   Operation 74 'add' 'add_ln130' <Predicate = true> <Delay = 1.89> <CoreInst = "Adder">   --->   Core 1 'Adder' <Latency = 0> <II = 1> <Delay = 1.89> <FuncUnit> <Opcode : 'add' 'sub'> <InPorts = 2> <OutPorts = 1>
ST_4 : Operation 75 [1/1] (1.89ns)   --->   "%add_ln130_56 = add i33 %zext_ln106_56, i33 %zext_ln106_54" [src/generic/fp_generic.c:130->src/generic/fp_generic.c:146]   --->   Operation 75 'add' 'add_ln130_56' <Predicate = true> <Delay = 1.89> <CoreInst = "Adder">   --->   Core 1 'Adder' <Latency = 0> <II = 1> <Delay = 1.89> <FuncUnit> <Opcode : 'add' 'sub'> <InPorts = 2> <OutPorts = 1>
ST_4 : Operation 76 [1/1] (0.00ns)   --->   "%trunc_ln130 = trunc i33 %add_ln130_56" [src/generic/fp_generic.c:130->src/generic/fp_generic.c:146]   --->   Operation 76 'trunc' 'trunc_ln130' <Predicate = true> <Delay = 0.00>

State 5 <SV = 4> <Delay = 7.30>
ST_5 : Operation 77 [1/1] (0.00ns)   --->   "%v_80_load = load i64 %v_80" [src/generic/fp_generic.c:147]   --->   Operation 77 'load' 'v_80_load' <Predicate = true> <Delay = 0.00>
ST_5 : Operation 78 [1/1] (0.00ns)   --->   "%shl_ln = bitconcatenate i64 @_ssdm_op_BitConcatenate.i64.i32.i32, i32 %trunc_ln125, i32 0" [src/generic/fp_generic.c:125->src/generic/fp_generic.c:146]   --->   Operation 78 'bitconcatenate' 'shl_ln' <Predicate = true> <Delay = 0.00>
ST_5 : Operation 79 [1/1] (0.00ns) (grouped into TernaryAdder)   --->   "%add_ln130_55 = add i32 %trunc_ln106_89, i32 %tmp_132" [src/generic/fp_generic.c:130->src/generic/fp_generic.c:146]   --->   Operation 79 'add' 'add_ln130_55' <Predicate = true> <Delay = 0.00> <CoreInst = "TAddSub">   --->   Core 10 'TAddSub' <Latency = 0> <II = 1> <Delay = 1.79> <IPBlock> <Opcode : '' 'add' 'sub'> <InPorts = 3> <OutPorts = 1> <Sync> <CReg>
ST_5 : Operation 80 [1/1] (0.00ns)   --->   "%zext_ln130_49 = zext i33 %add_ln130" [src/generic/fp_generic.c:130->src/generic/fp_generic.c:146]   --->   Operation 80 'zext' 'zext_ln130_49' <Predicate = true> <Delay = 0.00>
ST_5 : Operation 81 [1/1] (0.00ns)   --->   "%zext_ln130_50 = zext i33 %add_ln130_56" [src/generic/fp_generic.c:130->src/generic/fp_generic.c:146]   --->   Operation 81 'zext' 'zext_ln130_50' <Predicate = true> <Delay = 0.00>
ST_5 : Operation 82 [1/1] (3.58ns) (root node of TernaryAdder)   --->   "%add_ln105 = add i32 %trunc_ln130, i32 %add_ln130_55" [src/generic/fp_generic.c:105->src/generic/fp_generic.c:146]   --->   Operation 82 'add' 'add_ln105' <Predicate = true> <Delay = 3.58> <CoreInst = "TAddSub">   --->   Core 10 'TAddSub' <Latency = 0> <II = 1> <Delay = 1.79> <IPBlock> <Opcode : '' 'add' 'sub'> <InPorts = 3> <OutPorts = 1> <Sync> <CReg>
ST_5 : Operation 83 [1/1] (1.92ns)   --->   "%temp_31 = add i34 %zext_ln130_50, i34 %zext_ln130_49" [src/generic/fp_generic.c:130->src/generic/fp_generic.c:146]   --->   Operation 83 'add' 'temp_31' <Predicate = true> <Delay = 1.92> <CoreInst = "Adder">   --->   Core 1 'Adder' <Latency = 0> <II = 1> <Delay = 1.92> <FuncUnit> <Opcode : 'add' 'sub'> <InPorts = 2> <OutPorts = 1>
ST_5 : Operation 84 [1/1] (0.00ns)   --->   "%and_ln = bitconcatenate i64 @_ssdm_op_BitConcatenate.i64.i32.i32, i32 %tmp_134, i32 0" [src/generic/fp_generic.c:133->src/generic/fp_generic.c:146]   --->   Operation 84 'bitconcatenate' 'and_ln' <Predicate = true> <Delay = 0.00>
ST_5 : Operation 85 [1/1] (0.00ns)   --->   "%tmp_135 = partselect i2 @_ssdm_op_PartSelect.i2.i34.i32.i32, i34 %temp_31, i32 32, i32 33" [src/generic/fp_generic.c:133->src/generic/fp_generic.c:146]   --->   Operation 85 'partselect' 'tmp_135' <Predicate = true> <Delay = 0.00>
ST_5 : Operation 86 [1/1] (0.00ns)   --->   "%and_ln133_7 = bitconcatenate i34 @_ssdm_op_BitConcatenate.i34.i2.i32, i2 %tmp_135, i32 0" [src/generic/fp_generic.c:133->src/generic/fp_generic.c:146]   --->   Operation 86 'bitconcatenate' 'and_ln133_7' <Predicate = true> <Delay = 0.00>
ST_5 : Operation 87 [1/1] (0.00ns)   --->   "%zext_ln133 = zext i34 %and_ln133_7" [src/generic/fp_generic.c:133->src/generic/fp_generic.c:146]   --->   Operation 87 'zext' 'zext_ln133' <Predicate = true> <Delay = 0.00>
ST_5 : Operation 88 [1/1] (2.69ns)   --->   "%add_ln133 = add i64 %zext_ln133, i64 %and_ln" [src/generic/fp_generic.c:133->src/generic/fp_generic.c:146]   --->   Operation 88 'add' 'add_ln133' <Predicate = true> <Delay = 2.69> <CoreInst = "Adder">   --->   Core 1 'Adder' <Latency = 0> <II = 1> <Delay = 2.69> <FuncUnit> <Opcode : 'add' 'sub'> <InPorts = 2> <OutPorts = 1>
ST_5 : Operation 89 [1/1] (0.00ns)   --->   "%or_ln = bitconcatenate i64 @_ssdm_op_BitConcatenate.i64.i32.i32, i32 %trunc_ln125, i32 %trunc_ln106" [src/generic/fp_generic.c:147]   --->   Operation 89 'bitconcatenate' 'or_ln' <Predicate = true> <Delay = 0.00>
ST_5 : Operation 90 [1/1] (2.69ns)   --->   "%v_114 = add i64 %or_ln, i64 %v_80_load" [src/generic/fp_generic.c:147]   --->   Operation 90 'add' 'v_114' <Predicate = true> <Delay = 2.69> <CoreInst = "Adder">   --->   Core 1 'Adder' <Latency = 0> <II = 1> <Delay = 2.69> <FuncUnit> <Opcode : 'add' 'sub'> <InPorts = 2> <OutPorts = 1>
ST_5 : Operation 91 [1/1] (0.00ns) (grouped into LUT with out node tempReg)   --->   "%xor_ln105 = xor i64 %v_114, i64 %shl_ln" [src/config.h:105->src/generic/fp_generic.c:147]   --->   Operation 91 'xor' 'xor_ln105' <Predicate = true> <Delay = 0.00> <CoreInst = "LogicGate">   --->   Core 74 'LogicGate' <Latency = 0> <II = 1> <Delay = 0.80> <FuncUnit> <Opcode : 'and' 'or' 'xor'> <InPorts = 2> <OutPorts = 1>
ST_5 : Operation 92 [1/1] (0.00ns) (grouped into LUT with out node tempReg)   --->   "%xor_ln105_11 = xor i64 %shl_ln, i64 %v_80_load" [src/config.h:105->src/generic/fp_generic.c:147]   --->   Operation 92 'xor' 'xor_ln105_11' <Predicate = true> <Delay = 0.00> <CoreInst = "LogicGate">   --->   Core 74 'LogicGate' <Latency = 0> <II = 1> <Delay = 0.80> <FuncUnit> <Opcode : 'and' 'or' 'xor'> <InPorts = 2> <OutPorts = 1>
ST_5 : Operation 93 [1/1] (0.00ns) (grouped into LUT with out node tempReg)   --->   "%or_ln105 = or i64 %xor_ln105, i64 %xor_ln105_11" [src/config.h:105->src/generic/fp_generic.c:147]   --->   Operation 93 'or' 'or_ln105' <Predicate = true> <Delay = 0.00> <CoreInst = "LogicGate">   --->   Core 74 'LogicGate' <Latency = 0> <II = 1> <Delay = 0.80> <FuncUnit> <Opcode : 'and' 'or' 'xor'> <InPorts = 2> <OutPorts = 1>
ST_5 : Operation 94 [1/1] (0.00ns) (grouped into LUT with out node tempReg)   --->   "%xor_ln105_12 = xor i64 %or_ln105, i64 %v_114" [src/config.h:105->src/generic/fp_generic.c:147]   --->   Operation 94 'xor' 'xor_ln105_12' <Predicate = true> <Delay = 0.00> <CoreInst = "LogicGate">   --->   Core 74 'LogicGate' <Latency = 0> <II = 1> <Delay = 0.80> <FuncUnit> <Opcode : 'and' 'or' 'xor'> <InPorts = 2> <OutPorts = 1>
ST_5 : Operation 95 [1/1] (0.00ns) (grouped into LUT with out node tempReg)   --->   "%carry = bitselect i1 @_ssdm_op_BitSelect.i1.i64.i32, i64 %xor_ln105_12, i32 63" [src/config.h:105->src/generic/fp_generic.c:147]   --->   Operation 95 'bitselect' 'carry' <Predicate = true> <Delay = 0.00>
ST_5 : Operation 96 [1/1] (0.00ns) (grouped into LUT with out node tempReg)   --->   "%zext_ln105_64 = zext i1 %carry" [src/config.h:105->src/generic/fp_generic.c:147]   --->   Operation 96 'zext' 'zext_ln105_64' <Predicate = true> <Delay = 0.00>
ST_5 : Operation 97 [1/1] (0.00ns) (grouped into LUT with out node tempReg)   --->   "%tmp_s = partselect i32 @_ssdm_op_PartSelect.i32.i64.i32.i32, i64 %add_ln133, i32 32, i32 63" [src/generic/fp_generic.c:148]   --->   Operation 97 'partselect' 'tmp_s' <Predicate = true> <Delay = 0.00>
ST_5 : Operation 98 [1/1] (0.00ns) (grouped into LUT with out node tempReg)   --->   "%or_ln5 = bitconcatenate i64 @_ssdm_op_BitConcatenate.i64.i32.i32, i32 %tmp_s, i32 %add_ln105" [src/generic/fp_generic.c:148]   --->   Operation 98 'bitconcatenate' 'or_ln5' <Predicate = true> <Delay = 0.00>
ST_5 : Operation 99 [1/1] (2.69ns) (out node of the LUT)   --->   "%tempReg = add i64 %or_ln5, i64 %zext_ln105_64" [src/generic/fp_generic.c:148]   --->   Operation 99 'add' 'tempReg' <Predicate = true> <Delay = 2.69> <CoreInst = "Adder">   --->   Core 1 'Adder' <Latency = 0> <II = 1> <Delay = 2.69> <FuncUnit> <Opcode : 'add' 'sub'> <InPorts = 2> <OutPorts = 1>
ST_5 : Operation 100 [1/1] (1.29ns)   --->   "%store_ln140 = store i64 %v_114, i64 %v_80" [src/generic/fp_generic.c:140]   --->   Operation 100 'store' 'store_ln140' <Predicate = true> <Delay = 1.29>
ST_5 : Operation 123 [1/1] (0.00ns)   --->   "%v_80_load_1 = load i64 %v_80"   --->   Operation 123 'load' 'v_80_load_1' <Predicate = (icmp_ln145)> <Delay = 0.00>
ST_5 : Operation 124 [1/1] (0.00ns)   --->   "%write_ln0 = write void @_ssdm_op_Write.ap_auto.i64P0A, i64 %v_80_out, i64 %v_80_load_1"   --->   Operation 124 'write' 'write_ln0' <Predicate = (icmp_ln145)> <Delay = 0.00>
ST_5 : Operation 125 [1/1] (1.29ns)   --->   "%ret_ln0 = ret"   --->   Operation 125 'ret' 'ret_ln0' <Predicate = (icmp_ln145)> <Delay = 1.29>

State 6 <SV = 5> <Delay = 5.79>
ST_6 : Operation 101 [1/1] (0.00ns)   --->   "%t_out_load = load i4 %t_out" [src/generic/fp_generic.c:149]   --->   Operation 101 'load' 't_out_load' <Predicate = true> <Delay = 0.00>
ST_6 : Operation 102 [1/1] (0.00ns)   --->   "%u_65_out_load = load i64 %u_65_out" [src/generic/fp_generic.c:148]   --->   Operation 102 'load' 'u_65_out_load' <Predicate = true> <Delay = 0.00>
ST_6 : Operation 103 [1/1] (0.00ns)   --->   "%specpipeline_ln139 = specpipeline void @_ssdm_op_SpecPipeline, i32 4294967295, i32 0, i32 0, i32 0, void @empty_56" [src/generic/fp_generic.c:139]   --->   Operation 103 'specpipeline' 'specpipeline_ln139' <Predicate = true> <Delay = 0.00>
ST_6 : Operation 104 [1/1] (0.00ns)   --->   "%speclooptripcount_ln139 = speclooptripcount void @_ssdm_op_SpecLoopTripCount, i64 1, i64 8, i64 4" [src/generic/fp_generic.c:139]   --->   Operation 104 'speclooptripcount' 'speclooptripcount_ln139' <Predicate = true> <Delay = 0.00>
ST_6 : Operation 105 [1/1] (0.00ns)   --->   "%specloopname_ln145 = specloopname void @_ssdm_op_SpecLoopName, void @empty_81" [src/generic/fp_generic.c:145]   --->   Operation 105 'specloopname' 'specloopname_ln145' <Predicate = true> <Delay = 0.00>
ST_6 : Operation 106 [1/1] (2.69ns)   --->   "%v = add i64 %tempReg, i64 %u_65_out_load" [src/generic/fp_generic.c:148]   --->   Operation 106 'add' 'v' <Predicate = true> <Delay = 2.69> <CoreInst = "Adder">   --->   Core 1 'Adder' <Latency = 0> <II = 1> <Delay = 2.69> <FuncUnit> <Opcode : 'add' 'sub'> <InPorts = 2> <OutPorts = 1>
ST_6 : Operation 107 [1/1] (0.00ns) (grouped into LUT with out node xor_ln148_7)   --->   "%xor_ln148 = xor i64 %v, i64 %tempReg" [src/generic/fp_generic.c:148]   --->   Operation 107 'xor' 'xor_ln148' <Predicate = true> <Delay = 0.00> <CoreInst = "LogicGate">   --->   Core 74 'LogicGate' <Latency = 0> <II = 1> <Delay = 0.80> <FuncUnit> <Opcode : 'and' 'or' 'xor'> <InPorts = 2> <OutPorts = 1>
ST_6 : Operation 108 [1/1] (0.00ns) (grouped into LUT with out node xor_ln148_7)   --->   "%xor_ln148_5 = xor i64 %tempReg, i64 %u_65_out_load" [src/generic/fp_generic.c:148]   --->   Operation 108 'xor' 'xor_ln148_5' <Predicate = true> <Delay = 0.00> <CoreInst = "LogicGate">   --->   Core 74 'LogicGate' <Latency = 0> <II = 1> <Delay = 0.80> <FuncUnit> <Opcode : 'and' 'or' 'xor'> <InPorts = 2> <OutPorts = 1>
ST_6 : Operation 109 [1/1] (0.00ns) (grouped into LUT with out node xor_ln148_7)   --->   "%or_ln148 = or i64 %xor_ln148, i64 %xor_ln148_5" [src/generic/fp_generic.c:148]   --->   Operation 109 'or' 'or_ln148' <Predicate = true> <Delay = 0.00> <CoreInst = "LogicGate">   --->   Core 74 'LogicGate' <Latency = 0> <II = 1> <Delay = 0.80> <FuncUnit> <Opcode : 'and' 'or' 'xor'> <InPorts = 2> <OutPorts = 1>
ST_6 : Operation 110 [1/1] (0.00ns) (grouped into LUT with out node u)   --->   "%bit_sel = bitselect i1 @_ssdm_op_BitSelect.i1.i64.i64, i64 %tempReg, i64 63" [src/generic/fp_generic.c:148]   --->   Operation 110 'bitselect' 'bit_sel' <Predicate = true> <Delay = 0.00>
ST_6 : Operation 111 [1/1] (0.00ns) (grouped into LUT with out node u)   --->   "%xor_ln148_6 = xor i1 %bit_sel, i1 1" [src/generic/fp_generic.c:148]   --->   Operation 111 'xor' 'xor_ln148_6' <Predicate = true> <Delay = 0.00> <CoreInst = "LogicGate">   --->   Core 74 'LogicGate' <Latency = 0> <II = 1> <Delay = 0.80> <FuncUnit> <Opcode : 'and' 'or' 'xor'> <InPorts = 2> <OutPorts = 1>
ST_6 : Operation 112 [1/1] (0.00ns) (grouped into LUT with out node u)   --->   "%trunc_ln148 = trunc i64 %tempReg" [src/generic/fp_generic.c:148]   --->   Operation 112 'trunc' 'trunc_ln148' <Predicate = true> <Delay = 0.00>
ST_6 : Operation 113 [1/1] (0.00ns) (grouped into LUT with out node u)   --->   "%xor_ln148_8 = bitconcatenate i64 @_ssdm_op_BitConcatenate.i64.i1.i63, i1 %xor_ln148_6, i63 %trunc_ln148" [src/generic/fp_generic.c:148]   --->   Operation 113 'bitconcatenate' 'xor_ln148_8' <Predicate = true> <Delay = 0.00>
ST_6 : Operation 114 [1/1] (0.00ns) (grouped into LUT with out node u)   --->   "%and_ln148 = and i64 %xor_ln148_8, i64 %add_ln133" [src/generic/fp_generic.c:148]   --->   Operation 114 'and' 'and_ln148' <Predicate = true> <Delay = 0.00> <CoreInst = "LogicGate">   --->   Core 74 'LogicGate' <Latency = 0> <II = 1> <Delay = 0.80> <FuncUnit> <Opcode : 'and' 'or' 'xor'> <InPorts = 2> <OutPorts = 1>
ST_6 : Operation 115 [1/1] (0.80ns) (out node of the LUT)   --->   "%xor_ln148_7 = xor i64 %or_ln148, i64 %v" [src/generic/fp_generic.c:148]   --->   Operation 115 'xor' 'xor_ln148_7' <Predicate = true> <Delay = 0.80> <CoreInst = "LogicGate">   --->   Core 74 'LogicGate' <Latency = 0> <II = 1> <Delay = 0.80> <FuncUnit> <Opcode : 'and' 'or' 'xor'> <InPorts = 2> <OutPorts = 1>
ST_6 : Operation 116 [1/1] (0.00ns) (grouped into LUT with out node u)   --->   "%or_ln148_2 = or i64 %xor_ln148_7, i64 %and_ln148" [src/generic/fp_generic.c:148]   --->   Operation 116 'or' 'or_ln148_2' <Predicate = true> <Delay = 0.00> <CoreInst = "LogicGate">   --->   Core 74 'LogicGate' <Latency = 0> <II = 1> <Delay = 0.80> <FuncUnit> <Opcode : 'and' 'or' 'xor'> <InPorts = 2> <OutPorts = 1>
ST_6 : Operation 117 [1/1] (0.00ns) (grouped into LUT with out node u)   --->   "%tmp_118 = bitselect i1 @_ssdm_op_BitSelect.i1.i64.i32, i64 %or_ln148_2, i32 63" [src/generic/fp_generic.c:149]   --->   Operation 117 'bitselect' 'tmp_118' <Predicate = true> <Delay = 0.00>
ST_6 : Operation 118 [1/1] (0.00ns) (grouped into LUT with out node u)   --->   "%zext_ln149 = zext i1 %tmp_118" [src/generic/fp_generic.c:149]   --->   Operation 118 'zext' 'zext_ln149' <Predicate = true> <Delay = 0.00>
ST_6 : Operation 119 [1/1] (0.99ns) (out node of the LUT)   --->   "%u = add i4 %zext_ln149, i4 %t_out_load" [src/generic/fp_generic.c:149]   --->   Operation 119 'add' 'u' <Predicate = true> <Delay = 0.99> <CoreInst = "Adder">   --->   Core 1 'Adder' <Latency = 0> <II = 1> <Delay = 0.99> <FuncUnit> <Opcode : 'add' 'sub'> <InPorts = 2> <OutPorts = 1>
ST_6 : Operation 120 [1/1] (1.29ns)   --->   "%store_ln140 = store i64 %v, i64 %u_65_out" [src/generic/fp_generic.c:140]   --->   Operation 120 'store' 'store_ln140' <Predicate = true> <Delay = 1.29>
ST_6 : Operation 121 [1/1] (1.29ns)   --->   "%store_ln140 = store i4 %u, i4 %t_out" [src/generic/fp_generic.c:140]   --->   Operation 121 'store' 'store_ln140' <Predicate = true> <Delay = 1.29>
ST_6 : Operation 122 [1/1] (0.00ns)   --->   "%br_ln145 = br void %for.inc" [src/generic/fp_generic.c:145]   --->   Operation 122 'br' 'br_ln145' <Predicate = true> <Delay = 0.00>


============================================================
+ Verbose Summary: Timing violations
============================================================
Target clock period: 10.000ns, clock uncertainty: 2.700ns.

 <State 1>: 5.866ns
The critical path consists of the following:
	'store' operation 0 bit ('store_ln139', src/generic/fp_generic.c:139) of constant 0 on local variable 'j', src/generic/fp_generic.c:139 [18]  (1.298 ns)
	'load' operation 4 bit ('j', src/generic/fp_generic.c:145) on local variable 'j', src/generic/fp_generic.c:139 [24]  (0.000 ns)
	'sub' operation 4 bit ('sub_ln146', src/generic/fp_generic.c:146) [39]  (0.997 ns)
	'xor' operation 1 bit ('xor_ln146', src/generic/fp_generic.c:146) [43]  (0.800 ns)
	'getelementptr' operation 6 bit ('PKB_addr_8', src/generic/fp_generic.c:146) [46]  (0.000 ns)
	'load' operation 64 bit ('b', src/generic/fp_generic.c:146) on array 'PKB' [47]  (2.771 ns)

 <State 2>: 2.771ns
The critical path consists of the following:
	'load' operation 64 bit ('a', src/generic/fp_generic.c:146) on array 'PKB' [37]  (2.771 ns)

 <State 3>: 7.050ns
The critical path consists of the following:
	'mul' operation 64 bit ('albl', src/generic/fp_generic.c:114->src/generic/fp_generic.c:146) [55]  (7.050 ns)

 <State 4>: 5.712ns
The critical path consists of the following:
	'add' operation 33 bit ('add_ln123', src/generic/fp_generic.c:123->src/generic/fp_generic.c:146) [67]  (1.896 ns)
	'add' operation 34 bit ('temp', src/generic/fp_generic.c:123->src/generic/fp_generic.c:146) [69]  (1.920 ns)
	'add' operation 33 bit ('add_ln130_56', src/generic/fp_generic.c:130->src/generic/fp_generic.c:146) [82]  (1.896 ns)

 <State 5>: 7.300ns
The critical path consists of the following:
	'add' operation 34 bit ('temp', src/generic/fp_generic.c:130->src/generic/fp_generic.c:146) [86]  (1.920 ns)
	'add' operation 64 bit ('add_ln133', src/generic/fp_generic.c:133->src/generic/fp_generic.c:146) [92]  (2.690 ns)
	'add' operation 64 bit ('tempReg', src/generic/fp_generic.c:148) [103]  (2.690 ns)

 <State 6>: 5.791ns
The critical path consists of the following:
	'load' operation 64 bit ('u_65_out_load', src/generic/fp_generic.c:148) on local variable 'u_65_out' [30]  (0.000 ns)
	'add' operation 64 bit ('v', src/generic/fp_generic.c:148) [104]  (2.690 ns)
	'xor' operation 64 bit ('xor_ln148_7', src/generic/fp_generic.c:148) [113]  (0.806 ns)
	'or' operation 64 bit ('or_ln148_2', src/generic/fp_generic.c:148) [114]  (0.000 ns)
	'add' operation 4 bit ('u', src/generic/fp_generic.c:149) [117]  (0.997 ns)
	'store' operation 0 bit ('store_ln140', src/generic/fp_generic.c:140) of variable 'u', src/generic/fp_generic.c:149 on local variable 't_out' [121]  (1.298 ns)


============================================================
+ Verbose Summary: Binding
============================================================
N/A
* FSMD analyzer results:
  - Output states:
 - Input state : 
  - Chain level:
	State 1
	State 2
	State 3
	State 4
	State 5
	State 6


============================================================
+ Verbose Summary: Datapath Resource usage 
============================================================
N/A
