

================================================================
== Vitis HLS Report for 'mp_mul_4110_Pipeline_VITIS_LOOP_248_4'
================================================================
* Date:           Wed Jul 30 16:43:52 2025

* Version:        2024.2.2 (Build 6049644 on Mar  5 2025)
* Project:        sikep503_hls
* Solution:       solution1 (Vivado IP Flow Target)
* Product family: virtexuplus58g
* Target device:  xcvu29p-fsga2577-2L-e


================================================================
== Performance Estimates
================================================================
+ Timing: 
    * Summary: 
    +--------+----------+----------+------------+
    |  Clock |  Target  | Estimated| Uncertainty|
    +--------+----------+----------+------------+
    |ap_clk  |  10.00 ns|  6.459 ns|     2.70 ns|
    +--------+----------+----------+------------+

+ Latency: 
    * Summary: 
    +---------+---------+-----------+----------+-----+-----+------------------------------------------------+
    |  Latency (cycles) |  Latency (absolute)  |  Interval |                    Pipeline                    |
    |   min   |   max   |    min    |    max   | min | max |                      Type                      |
    +---------+---------+-----------+----------+-----+-----+------------------------------------------------+
    |        4|       10|  40.000 ns|  0.100 us|    2|    8|  loop auto-rewind stp (delay=0 clock cycles(s))|
    +---------+---------+-----------+----------+-----+-----+------------------------------------------------+

    + Detail: 
        * Instance: 
        N/A

        * Loop: 
        +--------------------+---------+---------+----------+-----------+-----------+-------+----------+
        |                    |  Latency (cycles) | Iteration|  Initiation Interval  |  Trip |          |
        |      Loop Name     |   min   |   max   |  Latency |  achieved |   target  | Count | Pipelined|
        +--------------------+---------+---------+----------+-----------+-----------+-------+----------+
        |- VITIS_LOOP_248_4  |        2|        8|         3|          1|          1|  1 ~ 7|       yes|
        +--------------------+---------+---------+----------+-----------+-----------+-------+----------+

============================================================
+ Verbose Summary: Synthesis Manager
============================================================
InlineROM: 1
ExposeGlobal: 0
============================================================
+ Verbose Summary: CDFG Model
============================================================
IsTopModel: 0
ResetActiveHigh: 1
IsCombinational: 0
IsDatapathOnly: 0
HasWiredReturn: 1
HasMFsm: 2
HasVarLatency: 1
IsPipeline: 0
IsRtlPipelined: 0
IsInstanceOverlapped: 0
IsDontTouch: 0
HasImplIP: 0
IsGatedGlobalClock: 0

+ Individual pipeline summary: 
  * Pipeline-0: initiation interval (II) = 1, depth = 3


============================================================
+ Verbose Summary: Schedule
============================================================
* Number of FSM states : 3
* Pipeline : 1
  Pipeline-0 : II = 1, D = 3, States = { 1 2 3 }
* Dataflow Pipeline: 0

* FSM state transitions: 
1 --> 2 
2 --> 3 
3 --> 

* FSM state operations: 

State 1 <SV = 0> <Delay = 2.29>
ST_1 : Operation 6 [1/1] (0.00ns)   --->   "%t_33 = alloca i32 1" [src/generic/fp_generic.cpp:230]   --->   Operation 6 'alloca' 't_33' <Predicate = true> <Delay = 0.00>
ST_1 : Operation 7 [1/1] (0.00ns)   --->   "%v_35 = alloca i32 1" [src/generic/fp_generic.cpp:230]   --->   Operation 7 'alloca' 'v_35' <Predicate = true> <Delay = 0.00>
ST_1 : Operation 8 [1/1] (0.00ns)   --->   "%j_19 = alloca i32 1" [src/generic/fp_generic.cpp:229]   --->   Operation 8 'alloca' 'j_19' <Predicate = true> <Delay = 0.00>
ST_1 : Operation 9 [1/1] (0.00ns)   --->   "%tmp = read i3 @_ssdm_op_Read.ap_auto.i3, i3 %empty"   --->   Operation 9 'read' 'tmp' <Predicate = true> <Delay = 0.00>
ST_1 : Operation 10 [1/1] (0.00ns)   --->   "%zext_ln237_19_read = read i7 @_ssdm_op_Read.ap_auto.i7, i7 %zext_ln237_19"   --->   Operation 10 'read' 'zext_ln237_19_read' <Predicate = true> <Delay = 0.00>
ST_1 : Operation 11 [1/1] (0.00ns)   --->   "%zext_ln247_read = read i4 @_ssdm_op_Read.ap_auto.i4, i4 %zext_ln247"   --->   Operation 11 'read' 'zext_ln247_read' <Predicate = true> <Delay = 0.00>
ST_1 : Operation 12 [1/1] (0.00ns)   --->   "%v_read = read i64 @_ssdm_op_Read.ap_auto.i64, i64 %v"   --->   Operation 12 'read' 'v_read' <Predicate = true> <Delay = 0.00>
ST_1 : Operation 13 [1/1] (0.00ns)   --->   "%indvars_iv_read = read i3 @_ssdm_op_Read.ap_auto.i3, i3 %indvars_iv"   --->   Operation 13 'read' 'indvars_iv_read' <Predicate = true> <Delay = 0.00>
ST_1 : Operation 14 [1/1] (0.00ns)   --->   "%zext_ln247_cast = zext i4 %zext_ln247_read"   --->   Operation 14 'zext' 'zext_ln247_cast' <Predicate = true> <Delay = 0.00>
ST_1 : Operation 15 [1/1] (0.00ns)   --->   "%indvars_iv_cast = zext i3 %indvars_iv_read"   --->   Operation 15 'zext' 'indvars_iv_cast' <Predicate = true> <Delay = 0.00>
ST_1 : Operation 16 [1/1] (0.38ns)   --->   "%store_ln229 = store i4 %indvars_iv_cast, i4 %j_19" [src/generic/fp_generic.cpp:229]   --->   Operation 16 'store' 'store_ln229' <Predicate = true> <Delay = 0.38>
ST_1 : Operation 17 [1/1] (0.38ns)   --->   "%store_ln230 = store i64 %v_read, i64 %v_35" [src/generic/fp_generic.cpp:230]   --->   Operation 17 'store' 'store_ln230' <Predicate = true> <Delay = 0.38>
ST_1 : Operation 18 [1/1] (0.38ns)   --->   "%store_ln230 = store i64 %zext_ln247_cast, i64 %u_34_out" [src/generic/fp_generic.cpp:230]   --->   Operation 18 'store' 'store_ln230' <Predicate = true> <Delay = 0.38>
ST_1 : Operation 19 [1/1] (0.38ns)   --->   "%store_ln230 = store i3 0, i3 %t_33" [src/generic/fp_generic.cpp:230]   --->   Operation 19 'store' 'store_ln230' <Predicate = true> <Delay = 0.38>
ST_1 : Operation 20 [1/1] (0.00ns)   --->   "%br_ln0 = br void %for.inc58"   --->   Operation 20 'br' 'br_ln0' <Predicate = true> <Delay = 0.00>
ST_1 : Operation 21 [1/1] (0.00ns)   --->   "%j = load i4 %j_19" [src/generic/fp_generic.cpp:248]   --->   Operation 21 'load' 'j' <Predicate = true> <Delay = 0.00>
ST_1 : Operation 22 [1/1] (0.70ns)   --->   "%icmp_ln248 = icmp_eq  i4 %j, i4 8" [src/generic/fp_generic.cpp:248]   --->   Operation 22 'icmp' 'icmp_ln248' <Predicate = true> <Delay = 0.70> <CoreInst = "Cmp">   --->   Core 9 'Cmp' <Latency = 0> <II = 1> <Delay = 0.70> <FuncUnit> <Opcode : 'seteq' 'setne' 'setle' 'setge' 'setlt' 'setgt'> <InPorts = 2> <OutPorts = 1>
ST_1 : Operation 23 [1/1] (0.00ns)   --->   "%br_ln248 = br i1 %icmp_ln248, void %for.inc58.split, void %for.inc63.exitStub" [src/generic/fp_generic.cpp:248]   --->   Operation 23 'br' 'br_ln248' <Predicate = true> <Delay = 0.00>
ST_1 : Operation 24 [1/1] (0.00ns)   --->   "%zext_ln249_19 = zext i4 %j" [src/generic/fp_generic.cpp:249]   --->   Operation 24 'zext' 'zext_ln249_19' <Predicate = (!icmp_ln248)> <Delay = 0.00>
ST_1 : Operation 25 [1/1] (0.70ns)   --->   "%add_ln249 = add i7 %zext_ln237_19_read, i7 %zext_ln249_19" [src/generic/fp_generic.cpp:249]   --->   Operation 25 'add' 'add_ln249' <Predicate = (!icmp_ln248)> <Delay = 0.70> <CoreInst = "Adder">   --->   Core 1 'Adder' <Latency = 0> <II = 1> <Delay = 0.70> <FuncUnit> <Opcode : 'add' 'sub'> <InPorts = 2> <OutPorts = 1>
ST_1 : Operation 26 [1/1] (0.00ns)   --->   "%zext_ln249_20 = zext i7 %add_ln249" [src/generic/fp_generic.cpp:249]   --->   Operation 26 'zext' 'zext_ln249_20' <Predicate = (!icmp_ln248)> <Delay = 0.00>
ST_1 : Operation 27 [1/1] (0.00ns)   --->   "%a_addr = getelementptr i64 %a, i64 0, i64 %zext_ln249_20" [src/generic/fp_generic.cpp:249]   --->   Operation 27 'getelementptr' 'a_addr' <Predicate = (!icmp_ln248)> <Delay = 0.00>
ST_1 : Operation 28 [1/1] (0.00ns)   --->   "%trunc_ln248 = trunc i4 %j" [src/generic/fp_generic.cpp:248]   --->   Operation 28 'trunc' 'trunc_ln248' <Predicate = (!icmp_ln248)> <Delay = 0.00>
ST_1 : Operation 29 [2/2] (1.20ns)   --->   "%a_load = load i7 %a_addr" [src/generic/fp_generic.cpp:249]   --->   Operation 29 'load' 'a_load' <Predicate = (!icmp_ln248)> <Delay = 1.20> <CoreInst = "RAM">   --->   Core 82 'RAM' <Latency = 1> <II = 1> <Delay = 1.20> <Storage> <Opcode : 'load' 'store'> <Ports = 2> <Width = 64> <Depth = 120> <RAM>
ST_1 : Operation 30 [1/1] (0.57ns)   --->   "%sub_ln249 = sub i3 %tmp, i3 %trunc_ln248" [src/generic/fp_generic.cpp:249]   --->   Operation 30 'sub' 'sub_ln249' <Predicate = (!icmp_ln248)> <Delay = 0.57> <CoreInst = "Adder">   --->   Core 1 'Adder' <Latency = 0> <II = 1> <Delay = 0.57> <FuncUnit> <Opcode : 'add' 'sub'> <InPorts = 2> <OutPorts = 1>
ST_1 : Operation 31 [1/1] (0.00ns)   --->   "%zext_ln249 = zext i3 %sub_ln249" [src/generic/fp_generic.cpp:249]   --->   Operation 31 'zext' 'zext_ln249' <Predicate = (!icmp_ln248)> <Delay = 0.00>
ST_1 : Operation 32 [1/1] (0.00ns)   --->   "%b_addr = getelementptr i64 %b, i64 0, i64 %zext_ln249" [src/generic/fp_generic.cpp:249]   --->   Operation 32 'getelementptr' 'b_addr' <Predicate = (!icmp_ln248)> <Delay = 0.00>
ST_1 : Operation 33 [2/2] (0.71ns)   --->   "%b_load = load i3 %b_addr" [src/generic/fp_generic.cpp:249]   --->   Operation 33 'load' 'b_load' <Predicate = (!icmp_ln248)> <Delay = 0.71> <CoreInst = "RAM">   --->   Core 82 'RAM' <Latency = 1> <II = 1> <Delay = 0.71> <Storage> <Opcode : 'load' 'store'> <Ports = 2> <Width = 64> <Depth = 8> <RAM>
ST_1 : Operation 34 [1/1] (0.70ns)   --->   "%add_ln248 = add i4 %j, i4 1" [src/generic/fp_generic.cpp:248]   --->   Operation 34 'add' 'add_ln248' <Predicate = (!icmp_ln248)> <Delay = 0.70> <CoreInst = "Adder">   --->   Core 1 'Adder' <Latency = 0> <II = 1> <Delay = 0.70> <FuncUnit> <Opcode : 'add' 'sub'> <InPorts = 2> <OutPorts = 1>
ST_1 : Operation 35 [1/1] (0.38ns)   --->   "%store_ln229 = store i4 %add_ln248, i4 %j_19" [src/generic/fp_generic.cpp:229]   --->   Operation 35 'store' 'store_ln229' <Predicate = (!icmp_ln248)> <Delay = 0.38>

State 2 <SV = 1> <Delay = 6.14>
ST_2 : Operation 36 [1/2] ( I:1.20ns O:1.20ns )   --->   "%a_load = load i7 %a_addr" [src/generic/fp_generic.cpp:249]   --->   Operation 36 'load' 'a_load' <Predicate = true> <Delay = 1.20> <CoreInst = "RAM">   --->   Core 82 'RAM' <Latency = 1> <II = 1> <Delay = 1.20> <Storage> <Opcode : 'load' 'store'> <Ports = 2> <Width = 64> <Depth = 120> <RAM>
ST_2 : Operation 37 [1/1] (0.00ns)   --->   "%al = trunc i64 %a_load" [src/generic/fp_generic.cpp:249]   --->   Operation 37 'trunc' 'al' <Predicate = true> <Delay = 0.00>
ST_2 : Operation 38 [1/2] ( I:0.71ns O:0.71ns )   --->   "%b_load = load i3 %b_addr" [src/generic/fp_generic.cpp:249]   --->   Operation 38 'load' 'b_load' <Predicate = true> <Delay = 0.71> <CoreInst = "RAM">   --->   Core 82 'RAM' <Latency = 1> <II = 1> <Delay = 0.71> <Storage> <Opcode : 'load' 'store'> <Ports = 2> <Width = 64> <Depth = 8> <RAM>
ST_2 : Operation 39 [1/1] (0.00ns)   --->   "%bl = trunc i64 %b_load" [src/generic/fp_generic.cpp:113->src/generic/fp_generic.cpp:249]   --->   Operation 39 'trunc' 'bl' <Predicate = true> <Delay = 0.00>
ST_2 : Operation 40 [1/1] (0.00ns)   --->   "%zext_ln116 = zext i32 %al" [src/generic/fp_generic.cpp:116->src/generic/fp_generic.cpp:249]   --->   Operation 40 'zext' 'zext_ln116' <Predicate = true> <Delay = 0.00>
ST_2 : Operation 41 [1/1] (0.00ns)   --->   "%ah = partselect i32 @_ssdm_op_PartSelect.i32.i64.i32.i32, i64 %a_load, i32 32, i32 63" [src/generic/fp_generic.cpp:122->src/generic/fp_generic.cpp:249]   --->   Operation 41 'partselect' 'ah' <Predicate = true> <Delay = 0.00>
ST_2 : Operation 42 [1/1] (0.00ns)   --->   "%zext_ln122 = zext i32 %ah" [src/generic/fp_generic.cpp:122->src/generic/fp_generic.cpp:249]   --->   Operation 42 'zext' 'zext_ln122' <Predicate = true> <Delay = 0.00>
ST_2 : Operation 43 [1/1] (0.00ns)   --->   "%zext_ln116_74 = zext i32 %bl" [src/generic/fp_generic.cpp:116->src/generic/fp_generic.cpp:249]   --->   Operation 43 'zext' 'zext_ln116_74' <Predicate = true> <Delay = 0.00>
ST_2 : Operation 44 [1/1] (0.00ns)   --->   "%bh = partselect i32 @_ssdm_op_PartSelect.i32.i64.i32.i32, i64 %b_load, i32 32, i32 63" [src/generic/fp_generic.cpp:124->src/generic/fp_generic.cpp:249]   --->   Operation 44 'partselect' 'bh' <Predicate = true> <Delay = 0.00>
ST_2 : Operation 45 [1/1] (0.00ns)   --->   "%zext_ln124 = zext i32 %bh" [src/generic/fp_generic.cpp:124->src/generic/fp_generic.cpp:249]   --->   Operation 45 'zext' 'zext_ln124' <Predicate = true> <Delay = 0.00>
ST_2 : Operation 46 [1/1] (3.17ns)   --->   "%albl = mul i64 %zext_ln116_74, i64 %zext_ln116" [src/generic/fp_generic.cpp:126->src/generic/fp_generic.cpp:249]   --->   Operation 46 'mul' 'albl' <Predicate = true> <Delay = 3.17> <CoreInst = "Multiplier">   --->   Core 3 'Multiplier' <Latency = 0> <II = 1> <Delay = 3.17> <FuncUnit> <Opcode : 'mul'> <InPorts = 2> <OutPorts = 1>
ST_2 : Operation 47 [1/1] (0.00ns)   --->   "%trunc_ln117 = trunc i64 %albl" [src/generic/fp_generic.cpp:117->src/generic/fp_generic.cpp:249]   --->   Operation 47 'trunc' 'trunc_ln117' <Predicate = true> <Delay = 0.00>
ST_2 : Operation 48 [1/1] (3.17ns)   --->   "%albh = mul i64 %zext_ln124, i64 %zext_ln116" [src/generic/fp_generic.cpp:127->src/generic/fp_generic.cpp:249]   --->   Operation 48 'mul' 'albh' <Predicate = true> <Delay = 3.17> <CoreInst = "Multiplier">   --->   Core 3 'Multiplier' <Latency = 0> <II = 1> <Delay = 3.17> <FuncUnit> <Opcode : 'mul'> <InPorts = 2> <OutPorts = 1>
ST_2 : Operation 49 [1/1] (0.00ns)   --->   "%trunc_ln117_232 = trunc i64 %albh" [src/generic/fp_generic.cpp:117->src/generic/fp_generic.cpp:249]   --->   Operation 49 'trunc' 'trunc_ln117_232' <Predicate = true> <Delay = 0.00>
ST_2 : Operation 50 [1/1] (3.17ns)   --->   "%ahbl = mul i64 %zext_ln116_74, i64 %zext_ln122" [src/generic/fp_generic.cpp:128->src/generic/fp_generic.cpp:249]   --->   Operation 50 'mul' 'ahbl' <Predicate = true> <Delay = 3.17> <CoreInst = "Multiplier">   --->   Core 3 'Multiplier' <Latency = 0> <II = 1> <Delay = 3.17> <FuncUnit> <Opcode : 'mul'> <InPorts = 2> <OutPorts = 1>
ST_2 : Operation 51 [1/1] (0.00ns)   --->   "%trunc_ln117_233 = trunc i64 %ahbl" [src/generic/fp_generic.cpp:117->src/generic/fp_generic.cpp:249]   --->   Operation 51 'trunc' 'trunc_ln117_233' <Predicate = true> <Delay = 0.00>
ST_2 : Operation 52 [1/1] (3.17ns)   --->   "%ahbh = mul i64 %zext_ln124, i64 %zext_ln122" [src/generic/fp_generic.cpp:129->src/generic/fp_generic.cpp:249]   --->   Operation 52 'mul' 'ahbh' <Predicate = true> <Delay = 3.17> <CoreInst = "Multiplier">   --->   Core 3 'Multiplier' <Latency = 0> <II = 1> <Delay = 3.17> <FuncUnit> <Opcode : 'mul'> <InPorts = 2> <OutPorts = 1>
ST_2 : Operation 53 [1/1] (0.00ns)   --->   "%trunc_ln117_234 = trunc i64 %ahbh" [src/generic/fp_generic.cpp:117->src/generic/fp_generic.cpp:249]   --->   Operation 53 'trunc' 'trunc_ln117_234' <Predicate = true> <Delay = 0.00>
ST_2 : Operation 54 [1/1] (0.00ns)   --->   "%tmp_s = partselect i32 @_ssdm_op_PartSelect.i32.i64.i32.i32, i64 %albl, i32 32, i32 63" [src/generic/fp_generic.cpp:117->src/generic/fp_generic.cpp:249]   --->   Operation 54 'partselect' 'tmp_s' <Predicate = true> <Delay = 0.00>
ST_2 : Operation 55 [1/1] (0.00ns)   --->   "%zext_ln117 = zext i32 %tmp_s" [src/generic/fp_generic.cpp:117->src/generic/fp_generic.cpp:249]   --->   Operation 55 'zext' 'zext_ln117' <Predicate = true> <Delay = 0.00>
ST_2 : Operation 56 [1/1] (0.00ns)   --->   "%zext_ln135 = zext i32 %trunc_ln117_233" [src/generic/fp_generic.cpp:135->src/generic/fp_generic.cpp:249]   --->   Operation 56 'zext' 'zext_ln135' <Predicate = true> <Delay = 0.00>
ST_2 : Operation 57 [1/1] (0.00ns)   --->   "%zext_ln135_145 = zext i32 %trunc_ln117_232" [src/generic/fp_generic.cpp:135->src/generic/fp_generic.cpp:249]   --->   Operation 57 'zext' 'zext_ln135_145' <Predicate = true> <Delay = 0.00>
ST_2 : Operation 58 [1/1] (0.88ns)   --->   "%add_ln135 = add i33 %zext_ln135, i33 %zext_ln135_145" [src/generic/fp_generic.cpp:135->src/generic/fp_generic.cpp:249]   --->   Operation 58 'add' 'add_ln135' <Predicate = true> <Delay = 0.88> <CoreInst = "Adder">   --->   Core 1 'Adder' <Latency = 0> <II = 1> <Delay = 0.88> <FuncUnit> <Opcode : 'add' 'sub'> <InPorts = 2> <OutPorts = 1>
ST_2 : Operation 59 [1/1] (0.00ns)   --->   "%zext_ln135_146 = zext i33 %add_ln135" [src/generic/fp_generic.cpp:135->src/generic/fp_generic.cpp:249]   --->   Operation 59 'zext' 'zext_ln135_146' <Predicate = true> <Delay = 0.00>
ST_2 : Operation 60 [1/1] (0.89ns)   --->   "%temp = add i34 %zext_ln135_146, i34 %zext_ln117" [src/generic/fp_generic.cpp:135->src/generic/fp_generic.cpp:249]   --->   Operation 60 'add' 'temp' <Predicate = true> <Delay = 0.89> <CoreInst = "Adder">   --->   Core 1 'Adder' <Latency = 0> <II = 1> <Delay = 0.89> <FuncUnit> <Opcode : 'add' 'sub'> <InPorts = 2> <OutPorts = 1>
ST_2 : Operation 61 [1/1] (0.00ns)   --->   "%tmp_405 = partselect i2 @_ssdm_op_PartSelect.i2.i34.i32.i32, i34 %temp, i32 32, i32 33" [src/generic/fp_generic.cpp:117->src/generic/fp_generic.cpp:249]   --->   Operation 61 'partselect' 'tmp_405' <Predicate = true> <Delay = 0.00>
ST_2 : Operation 62 [1/1] (0.00ns)   --->   "%trunc_ln137 = trunc i34 %temp" [src/generic/fp_generic.cpp:137->src/generic/fp_generic.cpp:249]   --->   Operation 62 'trunc' 'trunc_ln137' <Predicate = true> <Delay = 0.00>
ST_2 : Operation 63 [1/1] (0.00ns)   --->   "%tmp_406 = partselect i32 @_ssdm_op_PartSelect.i32.i64.i32.i32, i64 %ahbl, i32 32, i32 63" [src/generic/fp_generic.cpp:117->src/generic/fp_generic.cpp:249]   --->   Operation 63 'partselect' 'tmp_406' <Predicate = true> <Delay = 0.00>
ST_2 : Operation 64 [1/1] (0.00ns)   --->   "%tmp_407 = partselect i32 @_ssdm_op_PartSelect.i32.i64.i32.i32, i64 %albh, i32 32, i32 63" [src/generic/fp_generic.cpp:117->src/generic/fp_generic.cpp:249]   --->   Operation 64 'partselect' 'tmp_407' <Predicate = true> <Delay = 0.00>
ST_2 : Operation 65 [1/1] (0.00ns)   --->   "%tmp_408 = partselect i32 @_ssdm_op_PartSelect.i32.i64.i32.i32, i64 %ahbh, i32 32, i32 63" [src/generic/fp_generic.cpp:145->src/generic/fp_generic.cpp:249]   --->   Operation 65 'partselect' 'tmp_408' <Predicate = true> <Delay = 0.00>
ST_2 : Operation 119 [1/1] (0.00ns)   --->   "%t_33_load27 = load i3 %t_33"   --->   Operation 119 'load' 't_33_load27' <Predicate = (icmp_ln248)> <Delay = 0.00>
ST_2 : Operation 120 [1/1] (0.00ns)   --->   "%v_35_load25 = load i64 %v_35"   --->   Operation 120 'load' 'v_35_load25' <Predicate = (icmp_ln248)> <Delay = 0.00>
ST_2 : Operation 121 [1/1] (0.00ns)   --->   "%write_ln0 = write void @_ssdm_op_Write.ap_auto.i64P0A, i64 %v_35_out, i64 %v_35_load25"   --->   Operation 121 'write' 'write_ln0' <Predicate = (icmp_ln248)> <Delay = 0.00>
ST_2 : Operation 122 [1/1] (0.00ns)   --->   "%write_ln0 = write void @_ssdm_op_Write.ap_auto.i3P0A, i3 %t_33_out, i3 %t_33_load27"   --->   Operation 122 'write' 'write_ln0' <Predicate = (icmp_ln248)> <Delay = 0.00>
ST_2 : Operation 123 [1/1] (0.38ns)   --->   "%ret_ln0 = ret"   --->   Operation 123 'ret' 'ret_ln0' <Predicate = (icmp_ln248)> <Delay = 0.38>

State 3 <SV = 2> <Delay = 6.45>
ST_3 : Operation 66 [1/1] (0.00ns)   --->   "%t_33_load = load i3 %t_33" [src/generic/fp_generic.cpp:252]   --->   Operation 66 'load' 't_33_load' <Predicate = true> <Delay = 0.00>
ST_3 : Operation 67 [1/1] (0.00ns)   --->   "%u_34_out_load = load i64 %u_34_out" [src/generic/fp_generic.cpp:251]   --->   Operation 67 'load' 'u_34_out_load' <Predicate = true> <Delay = 0.00>
ST_3 : Operation 68 [1/1] (0.00ns)   --->   "%v_35_load = load i64 %v_35" [src/generic/fp_generic.cpp:250]   --->   Operation 68 'load' 'v_35_load' <Predicate = true> <Delay = 0.00>
ST_3 : Operation 69 [1/1] (0.00ns)   --->   "%specpipeline_ln229 = specpipeline void @_ssdm_op_SpecPipeline, i32 4294967295, i32 0, i32 0, i32 0, void @empty_73" [src/generic/fp_generic.cpp:229]   --->   Operation 69 'specpipeline' 'specpipeline_ln229' <Predicate = true> <Delay = 0.00>
ST_3 : Operation 70 [1/1] (0.00ns)   --->   "%speclooptripcount_ln229 = speclooptripcount void @_ssdm_op_SpecLoopTripCount, i64 1, i64 7, i64 4" [src/generic/fp_generic.cpp:229]   --->   Operation 70 'speclooptripcount' 'speclooptripcount_ln229' <Predicate = true> <Delay = 0.00>
ST_3 : Operation 71 [1/1] (0.00ns)   --->   "%specloopname_ln248 = specloopname void @_ssdm_op_SpecLoopName, void @empty_31" [src/generic/fp_generic.cpp:248]   --->   Operation 71 'specloopname' 'specloopname_ln248' <Predicate = true> <Delay = 0.00>
ST_3 : Operation 72 [1/1] (0.00ns)   --->   "%zext_ln117_197 = zext i2 %tmp_405" [src/generic/fp_generic.cpp:117->src/generic/fp_generic.cpp:249]   --->   Operation 72 'zext' 'zext_ln117_197' <Predicate = true> <Delay = 0.00>
ST_3 : Operation 73 [1/1] (0.00ns)   --->   "%shl_ln137_s = bitconcatenate i64 @_ssdm_op_BitConcatenate.i64.i32.i32, i32 %trunc_ln137, i32 0" [src/generic/fp_generic.cpp:137->src/generic/fp_generic.cpp:249]   --->   Operation 73 'bitconcatenate' 'shl_ln137_s' <Predicate = true> <Delay = 0.00>
ST_3 : Operation 74 [1/1] (0.00ns)   --->   "%zext_ln117_198 = zext i32 %tmp_406" [src/generic/fp_generic.cpp:117->src/generic/fp_generic.cpp:249]   --->   Operation 74 'zext' 'zext_ln117_198' <Predicate = true> <Delay = 0.00>
ST_3 : Operation 75 [1/1] (0.00ns)   --->   "%zext_ln117_199 = zext i32 %tmp_407" [src/generic/fp_generic.cpp:117->src/generic/fp_generic.cpp:249]   --->   Operation 75 'zext' 'zext_ln117_199' <Predicate = true> <Delay = 0.00>
ST_3 : Operation 76 [1/1] (0.00ns)   --->   "%zext_ln142 = zext i32 %trunc_ln117_234" [src/generic/fp_generic.cpp:142->src/generic/fp_generic.cpp:249]   --->   Operation 76 'zext' 'zext_ln142' <Predicate = true> <Delay = 0.00>
ST_3 : Operation 77 [1/1] (0.00ns) (grouped into TernaryAdder)   --->   "%add_ln142 = add i32 %trunc_ln117_234, i32 %tmp_406" [src/generic/fp_generic.cpp:142->src/generic/fp_generic.cpp:249]   --->   Operation 77 'add' 'add_ln142' <Predicate = true> <Delay = 0.00> <CoreInst = "TAddSub">   --->   Core 10 'TAddSub' <Latency = 0> <II = 1> <Delay = 0.36> <IPBlock> <Opcode : '' 'add' 'sub'> <InPorts = 3> <OutPorts = 1> <Sync> <CReg>
ST_3 : Operation 78 [1/1] (0.88ns)   --->   "%add_ln142_179 = add i33 %zext_ln142, i33 %zext_ln117_198" [src/generic/fp_generic.cpp:142->src/generic/fp_generic.cpp:249]   --->   Operation 78 'add' 'add_ln142_179' <Predicate = true> <Delay = 0.88> <CoreInst = "Adder">   --->   Core 1 'Adder' <Latency = 0> <II = 1> <Delay = 0.88> <FuncUnit> <Opcode : 'add' 'sub'> <InPorts = 2> <OutPorts = 1>
ST_3 : Operation 79 [1/1] (0.00ns)   --->   "%zext_ln142_145 = zext i33 %add_ln142_179" [src/generic/fp_generic.cpp:142->src/generic/fp_generic.cpp:249]   --->   Operation 79 'zext' 'zext_ln142_145' <Predicate = true> <Delay = 0.00>
ST_3 : Operation 80 [1/1] (0.88ns)   --->   "%add_ln142_180 = add i33 %zext_ln117_199, i33 %zext_ln117_197" [src/generic/fp_generic.cpp:142->src/generic/fp_generic.cpp:249]   --->   Operation 80 'add' 'add_ln142_180' <Predicate = true> <Delay = 0.88> <CoreInst = "Adder">   --->   Core 1 'Adder' <Latency = 0> <II = 1> <Delay = 0.88> <FuncUnit> <Opcode : 'add' 'sub'> <InPorts = 2> <OutPorts = 1>
ST_3 : Operation 81 [1/1] (0.00ns)   --->   "%trunc_ln142 = trunc i33 %add_ln142_180" [src/generic/fp_generic.cpp:142->src/generic/fp_generic.cpp:249]   --->   Operation 81 'trunc' 'trunc_ln142' <Predicate = true> <Delay = 0.00>
ST_3 : Operation 82 [1/1] (0.00ns)   --->   "%zext_ln142_146 = zext i33 %add_ln142_180" [src/generic/fp_generic.cpp:142->src/generic/fp_generic.cpp:249]   --->   Operation 82 'zext' 'zext_ln142_146' <Predicate = true> <Delay = 0.00>
ST_3 : Operation 83 [1/1] (0.73ns) (root node of TernaryAdder)   --->   "%add_ln116 = add i32 %trunc_ln142, i32 %add_ln142" [src/generic/fp_generic.cpp:116->src/generic/fp_generic.cpp:249]   --->   Operation 83 'add' 'add_ln116' <Predicate = true> <Delay = 0.73> <CoreInst = "TAddSub">   --->   Core 10 'TAddSub' <Latency = 0> <II = 1> <Delay = 0.36> <IPBlock> <Opcode : '' 'add' 'sub'> <InPorts = 3> <OutPorts = 1> <Sync> <CReg>
ST_3 : Operation 84 [1/1] (0.89ns)   --->   "%temp_80 = add i34 %zext_ln142_146, i34 %zext_ln142_145" [src/generic/fp_generic.cpp:142->src/generic/fp_generic.cpp:249]   --->   Operation 84 'add' 'temp_80' <Predicate = true> <Delay = 0.89> <CoreInst = "Adder">   --->   Core 1 'Adder' <Latency = 0> <II = 1> <Delay = 0.89> <FuncUnit> <Opcode : 'add' 'sub'> <InPorts = 2> <OutPorts = 1>
ST_3 : Operation 85 [1/1] (0.00ns)   --->   "%and_ln145_19 = bitconcatenate i64 @_ssdm_op_BitConcatenate.i64.i32.i32, i32 %tmp_408, i32 0" [src/generic/fp_generic.cpp:145->src/generic/fp_generic.cpp:249]   --->   Operation 85 'bitconcatenate' 'and_ln145_19' <Predicate = true> <Delay = 0.00>
ST_3 : Operation 86 [1/1] (0.00ns)   --->   "%tmp_409 = partselect i2 @_ssdm_op_PartSelect.i2.i34.i32.i32, i34 %temp_80, i32 32, i32 33" [src/generic/fp_generic.cpp:145->src/generic/fp_generic.cpp:249]   --->   Operation 86 'partselect' 'tmp_409' <Predicate = true> <Delay = 0.00>
ST_3 : Operation 87 [1/1] (0.00ns)   --->   "%and_ln145_s = bitconcatenate i34 @_ssdm_op_BitConcatenate.i34.i2.i32, i2 %tmp_409, i32 0" [src/generic/fp_generic.cpp:145->src/generic/fp_generic.cpp:249]   --->   Operation 87 'bitconcatenate' 'and_ln145_s' <Predicate = true> <Delay = 0.00>
ST_3 : Operation 88 [1/1] (0.00ns)   --->   "%zext_ln145 = zext i34 %and_ln145_s" [src/generic/fp_generic.cpp:145->src/generic/fp_generic.cpp:249]   --->   Operation 88 'zext' 'zext_ln145' <Predicate = true> <Delay = 0.00>
ST_3 : Operation 89 [1/1] (1.14ns)   --->   "%add_ln145 = add i64 %zext_ln145, i64 %and_ln145_19" [src/generic/fp_generic.cpp:145->src/generic/fp_generic.cpp:249]   --->   Operation 89 'add' 'add_ln145' <Predicate = true> <Delay = 1.14> <CoreInst = "Adder">   --->   Core 1 'Adder' <Latency = 0> <II = 1> <Delay = 1.14> <FuncUnit> <Opcode : 'add' 'sub'> <InPorts = 2> <OutPorts = 1>
ST_3 : Operation 90 [1/1] (0.00ns)   --->   "%or_ln = bitconcatenate i64 @_ssdm_op_BitConcatenate.i64.i32.i32, i32 %trunc_ln137, i32 %trunc_ln117" [src/generic/fp_generic.cpp:250]   --->   Operation 90 'bitconcatenate' 'or_ln' <Predicate = true> <Delay = 0.00>
ST_3 : Operation 91 [1/1] (1.14ns)   --->   "%v_191 = add i64 %or_ln, i64 %v_35_load" [src/generic/fp_generic.cpp:250]   --->   Operation 91 'add' 'v_191' <Predicate = true> <Delay = 1.14> <CoreInst = "Adder">   --->   Core 1 'Adder' <Latency = 0> <II = 1> <Delay = 1.14> <FuncUnit> <Opcode : 'add' 'sub'> <InPorts = 2> <OutPorts = 1>
ST_3 : Operation 92 [1/1] (0.00ns) (grouped into LUT with out node tempReg)   --->   "%xor_ln105_63 = xor i64 %v_191, i64 %shl_ln137_s" [src/config.h:105->src/generic/fp_generic.cpp:250]   --->   Operation 92 'xor' 'xor_ln105_63' <Predicate = true> <Delay = 0.00> <CoreInst = "LogicGate">   --->   Core 74 'LogicGate' <Latency = 0> <II = 1> <Delay = 0.28> <FuncUnit> <Opcode : 'and' 'or' 'xor'> <InPorts = 2> <OutPorts = 1>
ST_3 : Operation 93 [1/1] (0.00ns) (grouped into LUT with out node tempReg)   --->   "%xor_ln105_64 = xor i64 %shl_ln137_s, i64 %v_35_load" [src/config.h:105->src/generic/fp_generic.cpp:250]   --->   Operation 93 'xor' 'xor_ln105_64' <Predicate = true> <Delay = 0.00> <CoreInst = "LogicGate">   --->   Core 74 'LogicGate' <Latency = 0> <II = 1> <Delay = 0.28> <FuncUnit> <Opcode : 'and' 'or' 'xor'> <InPorts = 2> <OutPorts = 1>
ST_3 : Operation 94 [1/1] (0.00ns) (grouped into LUT with out node tempReg)   --->   "%or_ln105_13 = or i64 %xor_ln105_63, i64 %xor_ln105_64" [src/config.h:105->src/generic/fp_generic.cpp:250]   --->   Operation 94 'or' 'or_ln105_13' <Predicate = true> <Delay = 0.00> <CoreInst = "LogicGate">   --->   Core 74 'LogicGate' <Latency = 0> <II = 1> <Delay = 0.28> <FuncUnit> <Opcode : 'and' 'or' 'xor'> <InPorts = 2> <OutPorts = 1>
ST_3 : Operation 95 [1/1] (0.00ns) (grouped into LUT with out node tempReg)   --->   "%xor_ln105_65 = xor i64 %or_ln105_13, i64 %v_191" [src/config.h:105->src/generic/fp_generic.cpp:250]   --->   Operation 95 'xor' 'xor_ln105_65' <Predicate = true> <Delay = 0.00> <CoreInst = "LogicGate">   --->   Core 74 'LogicGate' <Latency = 0> <II = 1> <Delay = 0.28> <FuncUnit> <Opcode : 'and' 'or' 'xor'> <InPorts = 2> <OutPorts = 1>
ST_3 : Operation 96 [1/1] (0.00ns) (grouped into LUT with out node tempReg)   --->   "%carry = bitselect i1 @_ssdm_op_BitSelect.i1.i64.i32, i64 %xor_ln105_65, i32 63" [src/config.h:105->src/generic/fp_generic.cpp:250]   --->   Operation 96 'bitselect' 'carry' <Predicate = true> <Delay = 0.00>
ST_3 : Operation 97 [1/1] (0.00ns) (grouped into LUT with out node tempReg)   --->   "%zext_ln105 = zext i1 %carry" [src/config.h:105->src/generic/fp_generic.cpp:250]   --->   Operation 97 'zext' 'zext_ln105' <Predicate = true> <Delay = 0.00>
ST_3 : Operation 98 [1/1] (0.00ns) (grouped into LUT with out node tempReg)   --->   "%tmp_52 = partselect i32 @_ssdm_op_PartSelect.i32.i64.i32.i32, i64 %add_ln145, i32 32, i32 63" [src/generic/fp_generic.cpp:251]   --->   Operation 98 'partselect' 'tmp_52' <Predicate = true> <Delay = 0.00>
ST_3 : Operation 99 [1/1] (0.00ns) (grouped into LUT with out node tempReg)   --->   "%or_ln45 = bitconcatenate i64 @_ssdm_op_BitConcatenate.i64.i32.i32, i32 %tmp_52, i32 %add_ln116" [src/generic/fp_generic.cpp:251]   --->   Operation 99 'bitconcatenate' 'or_ln45' <Predicate = true> <Delay = 0.00>
ST_3 : Operation 100 [1/1] (1.14ns) (out node of the LUT)   --->   "%tempReg = add i64 %or_ln45, i64 %zext_ln105" [src/generic/fp_generic.cpp:251]   --->   Operation 100 'add' 'tempReg' <Predicate = true> <Delay = 1.14> <CoreInst = "Adder">   --->   Core 1 'Adder' <Latency = 0> <II = 1> <Delay = 1.14> <FuncUnit> <Opcode : 'add' 'sub'> <InPorts = 2> <OutPorts = 1>
ST_3 : Operation 101 [1/1] (1.14ns)   --->   "%u = add i64 %tempReg, i64 %u_34_out_load" [src/generic/fp_generic.cpp:251]   --->   Operation 101 'add' 'u' <Predicate = true> <Delay = 1.14> <CoreInst = "Adder">   --->   Core 1 'Adder' <Latency = 0> <II = 1> <Delay = 1.14> <FuncUnit> <Opcode : 'add' 'sub'> <InPorts = 2> <OutPorts = 1>
ST_3 : Operation 102 [1/1] (0.00ns) (grouped into LUT with out node xor_ln251_39)   --->   "%xor_ln251 = xor i64 %u, i64 %tempReg" [src/generic/fp_generic.cpp:251]   --->   Operation 102 'xor' 'xor_ln251' <Predicate = true> <Delay = 0.00> <CoreInst = "LogicGate">   --->   Core 74 'LogicGate' <Latency = 0> <II = 1> <Delay = 0.28> <FuncUnit> <Opcode : 'and' 'or' 'xor'> <InPorts = 2> <OutPorts = 1>
ST_3 : Operation 103 [1/1] (0.00ns) (grouped into LUT with out node xor_ln251_39)   --->   "%xor_ln251_37 = xor i64 %tempReg, i64 %u_34_out_load" [src/generic/fp_generic.cpp:251]   --->   Operation 103 'xor' 'xor_ln251_37' <Predicate = true> <Delay = 0.00> <CoreInst = "LogicGate">   --->   Core 74 'LogicGate' <Latency = 0> <II = 1> <Delay = 0.28> <FuncUnit> <Opcode : 'and' 'or' 'xor'> <InPorts = 2> <OutPorts = 1>
ST_3 : Operation 104 [1/1] (0.00ns) (grouped into LUT with out node xor_ln251_39)   --->   "%or_ln251_25 = or i64 %xor_ln251, i64 %xor_ln251_37" [src/generic/fp_generic.cpp:251]   --->   Operation 104 'or' 'or_ln251_25' <Predicate = true> <Delay = 0.00> <CoreInst = "LogicGate">   --->   Core 74 'LogicGate' <Latency = 0> <II = 1> <Delay = 0.28> <FuncUnit> <Opcode : 'and' 'or' 'xor'> <InPorts = 2> <OutPorts = 1>
ST_3 : Operation 105 [1/1] (0.00ns) (grouped into LUT with out node t)   --->   "%bit_sel1 = bitselect i1 @_ssdm_op_BitSelect.i1.i64.i64, i64 %tempReg, i64 63" [src/generic/fp_generic.cpp:251]   --->   Operation 105 'bitselect' 'bit_sel1' <Predicate = true> <Delay = 0.00>
ST_3 : Operation 106 [1/1] (0.00ns) (grouped into LUT with out node t)   --->   "%xor_ln251_46 = xor i1 %bit_sel1, i1 1" [src/generic/fp_generic.cpp:251]   --->   Operation 106 'xor' 'xor_ln251_46' <Predicate = true> <Delay = 0.00> <CoreInst = "LogicGate">   --->   Core 74 'LogicGate' <Latency = 0> <II = 1> <Delay = 0.12> <FuncUnit> <Opcode : 'and' 'or' 'xor'> <InPorts = 2> <OutPorts = 1>
ST_3 : Operation 107 [1/1] (0.00ns) (grouped into LUT with out node t)   --->   "%trunc_ln251 = trunc i64 %tempReg" [src/generic/fp_generic.cpp:251]   --->   Operation 107 'trunc' 'trunc_ln251' <Predicate = true> <Delay = 0.00>
ST_3 : Operation 108 [1/1] (0.00ns) (grouped into LUT with out node t)   --->   "%xor_ln251_s = bitconcatenate i64 @_ssdm_op_BitConcatenate.i64.i1.i63, i1 %xor_ln251_46, i63 %trunc_ln251" [src/generic/fp_generic.cpp:251]   --->   Operation 108 'bitconcatenate' 'xor_ln251_s' <Predicate = true> <Delay = 0.00>
ST_3 : Operation 109 [1/1] (0.00ns) (grouped into LUT with out node t)   --->   "%and_ln251 = and i64 %xor_ln251_s, i64 %add_ln145" [src/generic/fp_generic.cpp:251]   --->   Operation 109 'and' 'and_ln251' <Predicate = true> <Delay = 0.00> <CoreInst = "LogicGate">   --->   Core 74 'LogicGate' <Latency = 0> <II = 1> <Delay = 0.28> <FuncUnit> <Opcode : 'and' 'or' 'xor'> <InPorts = 2> <OutPorts = 1>
ST_3 : Operation 110 [1/1] (0.28ns) (out node of the LUT)   --->   "%xor_ln251_39 = xor i64 %or_ln251_25, i64 %u" [src/generic/fp_generic.cpp:251]   --->   Operation 110 'xor' 'xor_ln251_39' <Predicate = true> <Delay = 0.28> <CoreInst = "LogicGate">   --->   Core 74 'LogicGate' <Latency = 0> <II = 1> <Delay = 0.28> <FuncUnit> <Opcode : 'and' 'or' 'xor'> <InPorts = 2> <OutPorts = 1>
ST_3 : Operation 111 [1/1] (0.00ns) (grouped into LUT with out node t)   --->   "%or_ln251 = or i64 %xor_ln251_39, i64 %and_ln251" [src/generic/fp_generic.cpp:251]   --->   Operation 111 'or' 'or_ln251' <Predicate = true> <Delay = 0.00> <CoreInst = "LogicGate">   --->   Core 74 'LogicGate' <Latency = 0> <II = 1> <Delay = 0.28> <FuncUnit> <Opcode : 'and' 'or' 'xor'> <InPorts = 2> <OutPorts = 1>
ST_3 : Operation 112 [1/1] (0.00ns) (grouped into LUT with out node t)   --->   "%tmp_142 = bitselect i1 @_ssdm_op_BitSelect.i1.i64.i32, i64 %or_ln251, i32 63" [src/generic/fp_generic.cpp:252]   --->   Operation 112 'bitselect' 'tmp_142' <Predicate = true> <Delay = 0.00>
ST_3 : Operation 113 [1/1] (0.00ns) (grouped into LUT with out node t)   --->   "%zext_ln252 = zext i1 %tmp_142" [src/generic/fp_generic.cpp:252]   --->   Operation 113 'zext' 'zext_ln252' <Predicate = true> <Delay = 0.00>
ST_3 : Operation 114 [1/1] (0.57ns) (out node of the LUT)   --->   "%t = add i3 %zext_ln252, i3 %t_33_load" [src/generic/fp_generic.cpp:252]   --->   Operation 114 'add' 't' <Predicate = true> <Delay = 0.57> <CoreInst = "Adder">   --->   Core 1 'Adder' <Latency = 0> <II = 1> <Delay = 0.57> <FuncUnit> <Opcode : 'add' 'sub'> <InPorts = 2> <OutPorts = 1>
ST_3 : Operation 115 [1/1] (0.38ns)   --->   "%store_ln230 = store i64 %v_191, i64 %v_35" [src/generic/fp_generic.cpp:230]   --->   Operation 115 'store' 'store_ln230' <Predicate = true> <Delay = 0.38>
ST_3 : Operation 116 [1/1] (0.38ns)   --->   "%store_ln230 = store i64 %u, i64 %u_34_out" [src/generic/fp_generic.cpp:230]   --->   Operation 116 'store' 'store_ln230' <Predicate = true> <Delay = 0.38>
ST_3 : Operation 117 [1/1] (0.38ns)   --->   "%store_ln230 = store i3 %t, i3 %t_33" [src/generic/fp_generic.cpp:230]   --->   Operation 117 'store' 'store_ln230' <Predicate = true> <Delay = 0.38>
ST_3 : Operation 118 [1/1] (0.00ns)   --->   "%br_ln248 = br void %for.inc58" [src/generic/fp_generic.cpp:248]   --->   Operation 118 'br' 'br_ln248' <Predicate = true> <Delay = 0.00>


============================================================
+ Verbose Summary: Timing violations
============================================================
Target clock period: 10.000ns, clock uncertainty: 2.700ns.

 <State 1>: 2.293ns
The critical path consists of the following:
	'store' operation 0 bit ('store_ln229', src/generic/fp_generic.cpp:229) of variable 'indvars_iv_cast' on local variable 'j', src/generic/fp_generic.cpp:229 [21]  (0.387 ns)
	'load' operation 4 bit ('j', src/generic/fp_generic.cpp:248) on local variable 'j', src/generic/fp_generic.cpp:229 [27]  (0.000 ns)
	'add' operation 7 bit ('add_ln249', src/generic/fp_generic.cpp:249) [35]  (0.706 ns)
	'getelementptr' operation 7 bit ('a_addr', src/generic/fp_generic.cpp:249) [37]  (0.000 ns)
	'load' operation 64 bit ('a', src/generic/fp_generic.cpp:249) on array 'a' [42]  (1.200 ns)

 <State 2>: 6.140ns
The critical path consists of the following:
	'load' operation 64 bit ('a', src/generic/fp_generic.cpp:249) on array 'a' [42]  (1.200 ns)
	'mul' operation 64 bit ('albh', src/generic/fp_generic.cpp:127->src/generic/fp_generic.cpp:249) [57]  (3.170 ns)
	'add' operation 33 bit ('add_ln135', src/generic/fp_generic.cpp:135->src/generic/fp_generic.cpp:249) [67]  (0.880 ns)
	'add' operation 34 bit ('temp', src/generic/fp_generic.cpp:135->src/generic/fp_generic.cpp:249) [69]  (0.890 ns)

 <State 3>: 6.459ns
The critical path consists of the following:
	'add' operation 33 bit ('add_ln142_180', src/generic/fp_generic.cpp:142->src/generic/fp_generic.cpp:249) [82]  (0.880 ns)
	'add' operation 34 bit ('temp', src/generic/fp_generic.cpp:142->src/generic/fp_generic.cpp:249) [86]  (0.890 ns)
	'add' operation 64 bit ('add_ln145', src/generic/fp_generic.cpp:145->src/generic/fp_generic.cpp:249) [92]  (1.147 ns)
	'add' operation 64 bit ('tempReg', src/generic/fp_generic.cpp:251) [103]  (1.147 ns)
	'add' operation 64 bit ('x', src/generic/fp_generic.cpp:251) [104]  (1.147 ns)
	'xor' operation 64 bit ('xor_ln251_39', src/generic/fp_generic.cpp:251) [113]  (0.289 ns)
	'or' operation 64 bit ('or_ln251', src/generic/fp_generic.cpp:251) [114]  (0.000 ns)
	'add' operation 3 bit ('t', src/generic/fp_generic.cpp:252) [117]  (0.572 ns)
	'store' operation 0 bit ('store_ln230', src/generic/fp_generic.cpp:230) of variable 't', src/generic/fp_generic.cpp:252 on local variable 't', src/generic/fp_generic.cpp:230 [122]  (0.387 ns)


============================================================
+ Verbose Summary: Binding
============================================================
N/A
* FSMD analyzer results:
  - Output states:
 - Input state : 
  - Chain level:
	State 1
	State 2
	State 3


============================================================
+ Verbose Summary: Datapath Resource usage 
============================================================
N/A
