

================================================================
== Vitis HLS Report for 'mp_mul_137_Pipeline_VITIS_LOOP_257_4'
================================================================
* Date:           Wed Jul 30 15:23:08 2025

* Version:        2024.2.2 (Build 6049644 on Mar  5 2025)
* Project:        sikep503_hls
* Solution:       solution1 (Vivado IP Flow Target)
* Product family: virtexuplus58g
* Target device:  xcvu29p-fsga2577-2L-e


================================================================
== Performance Estimates
================================================================
+ Timing: 
    * Summary: 
    +--------+----------+----------+------------+
    |  Clock |  Target  | Estimated| Uncertainty|
    +--------+----------+----------+------------+
    |ap_clk  |  10.00 ns|  6.710 ns|     2.70 ns|
    +--------+----------+----------+------------+

+ Latency: 
    * Summary: 
    +---------+---------+-----------+----------+-----+-----+------------------------------------------------+
    |  Latency (cycles) |  Latency (absolute)  |  Interval |                    Pipeline                    |
    |   min   |   max   |    min    |    max   | min | max |                      Type                      |
    +---------+---------+-----------+----------+-----+-----+------------------------------------------------+
    |        5|       11|  50.000 ns|  0.110 us|    2|    8|  loop auto-rewind stp (delay=0 clock cycles(s))|
    +---------+---------+-----------+----------+-----+-----+------------------------------------------------+

    + Detail: 
        * Instance: 
        +--------------------------+---------------+---------+---------+-----------+-----------+-----+-----+---------+
        |                          |               |  Latency (cycles) |   Latency (absolute)  |  Interval | Pipeline|
        |         Instance         |     Module    |   min   |   max   |    min    |    max    | min | max |   Type  |
        +--------------------------+---------------+---------+---------+-----------+-----------+-----+-----+---------+
        |grp_digit_x_digit_fu_165  |digit_x_digit  |        1|        1|  10.000 ns|  10.000 ns|    1|    1|      yes|
        +--------------------------+---------------+---------+---------+-----------+-----------+-----+-----+---------+

        * Loop: 
        +--------------------+---------+---------+----------+-----------+-----------+-------+----------+
        |                    |  Latency (cycles) | Iteration|  Initiation Interval  |  Trip |          |
        |      Loop Name     |   min   |   max   |  Latency |  achieved |   target  | Count | Pipelined|
        +--------------------+---------+---------+----------+-----------+-----------+-------+----------+
        |- VITIS_LOOP_257_4  |        3|        9|         4|          1|          1|  1 ~ 7|       yes|
        +--------------------+---------+---------+----------+-----------+-----------+-------+----------+

============================================================
+ Verbose Summary: Synthesis Manager
============================================================
InlineROM: 1
ExposeGlobal: 0
============================================================
+ Verbose Summary: CDFG Model
============================================================
IsTopModel: 0
ResetActiveHigh: 1
IsCombinational: 0
IsDatapathOnly: 0
HasWiredReturn: 1
HasMFsm: 2
HasVarLatency: 1
IsPipeline: 0
IsRtlPipelined: 0
IsInstanceOverlapped: 0
IsDontTouch: 0
HasImplIP: 0
IsGatedGlobalClock: 0

+ Individual pipeline summary: 
  * Pipeline-0: initiation interval (II) = 1, depth = 4


============================================================
+ Verbose Summary: Schedule
============================================================
* Number of FSM states : 4
* Pipeline : 1
  Pipeline-0 : II = 1, D = 4, States = { 1 2 3 4 }
* Dataflow Pipeline: 0

* FSM state transitions: 
1 --> 2 
2 --> 3 
3 --> 4 
4 --> 

* FSM state operations: 

State 1 <SV = 0> <Delay = 2.52>
ST_1 : Operation 7 [1/1] (0.00ns)   --->   "%t_33 = alloca i32 1" [src/generic/fp_generic.cpp:239]   --->   Operation 7 'alloca' 't_33' <Predicate = true> <Delay = 0.00>
ST_1 : Operation 8 [1/1] (0.00ns)   --->   "%v_35 = alloca i32 1" [src/generic/fp_generic.cpp:239]   --->   Operation 8 'alloca' 'v_35' <Predicate = true> <Delay = 0.00>
ST_1 : Operation 9 [1/1] (0.00ns)   --->   "%j_24 = alloca i32 1" [src/generic/fp_generic.cpp:238]   --->   Operation 9 'alloca' 'j_24' <Predicate = true> <Delay = 0.00>
ST_1 : Operation 10 [1/1] (0.00ns)   --->   "%specbramwithbyteenable_ln0 = specbramwithbyteenable void @_ssdm_op_SpecBRAMWithByteEnable, i64 %PKB"   --->   Operation 10 'specbramwithbyteenable' 'specbramwithbyteenable_ln0' <Predicate = true> <Delay = 0.00>
ST_1 : Operation 11 [1/1] (0.00ns)   --->   "%zext_ln256_27_read = read i4 @_ssdm_op_Read.ap_auto.i4, i4 %zext_ln256_27"   --->   Operation 11 'read' 'zext_ln256_27_read' <Predicate = true> <Delay = 0.00>
ST_1 : Operation 12 [1/1] (0.00ns)   --->   "%zext_ln256_read = read i4 @_ssdm_op_Read.ap_auto.i4, i4 %zext_ln256"   --->   Operation 12 'read' 'zext_ln256_read' <Predicate = true> <Delay = 0.00>
ST_1 : Operation 13 [1/1] (0.00ns)   --->   "%v_read = read i64 @_ssdm_op_Read.ap_auto.i64, i64 %v"   --->   Operation 13 'read' 'v_read' <Predicate = true> <Delay = 0.00>
ST_1 : Operation 14 [1/1] (0.00ns)   --->   "%indvars_iv_read = read i3 @_ssdm_op_Read.ap_auto.i3, i3 %indvars_iv"   --->   Operation 14 'read' 'indvars_iv_read' <Predicate = true> <Delay = 0.00>
ST_1 : Operation 15 [1/1] (0.00ns)   --->   "%zext_ln256_27_cast = zext i4 %zext_ln256_27_read"   --->   Operation 15 'zext' 'zext_ln256_27_cast' <Predicate = true> <Delay = 0.00>
ST_1 : Operation 16 [1/1] (0.00ns)   --->   "%zext_ln256_cast = zext i4 %zext_ln256_read"   --->   Operation 16 'zext' 'zext_ln256_cast' <Predicate = true> <Delay = 0.00>
ST_1 : Operation 17 [1/1] (0.00ns)   --->   "%indvars_iv_cast = zext i3 %indvars_iv_read"   --->   Operation 17 'zext' 'indvars_iv_cast' <Predicate = true> <Delay = 0.00>
ST_1 : Operation 18 [1/1] (0.38ns)   --->   "%store_ln238 = store i4 %indvars_iv_cast, i4 %j_24" [src/generic/fp_generic.cpp:238]   --->   Operation 18 'store' 'store_ln238' <Predicate = true> <Delay = 0.38>
ST_1 : Operation 19 [1/1] (0.38ns)   --->   "%store_ln239 = store i64 %v_read, i64 %v_35" [src/generic/fp_generic.cpp:239]   --->   Operation 19 'store' 'store_ln239' <Predicate = true> <Delay = 0.38>
ST_1 : Operation 20 [1/1] (0.38ns)   --->   "%store_ln239 = store i64 %zext_ln256_cast, i64 %u_34_out" [src/generic/fp_generic.cpp:239]   --->   Operation 20 'store' 'store_ln239' <Predicate = true> <Delay = 0.38>
ST_1 : Operation 21 [1/1] (0.38ns)   --->   "%store_ln239 = store i3 0, i3 %t_33" [src/generic/fp_generic.cpp:239]   --->   Operation 21 'store' 'store_ln239' <Predicate = true> <Delay = 0.38>
ST_1 : Operation 22 [1/1] (0.00ns)   --->   "%br_ln0 = br void %for.inc58"   --->   Operation 22 'br' 'br_ln0' <Predicate = true> <Delay = 0.00>
ST_1 : Operation 23 [1/1] (0.00ns)   --->   "%j = load i4 %j_24" [src/generic/fp_generic.cpp:257]   --->   Operation 23 'load' 'j' <Predicate = true> <Delay = 0.00>
ST_1 : Operation 24 [1/1] (0.70ns)   --->   "%icmp_ln257 = icmp_eq  i4 %j, i4 8" [src/generic/fp_generic.cpp:257]   --->   Operation 24 'icmp' 'icmp_ln257' <Predicate = true> <Delay = 0.70> <CoreInst = "Cmp">   --->   Core 9 'Cmp' <Latency = 0> <II = 1> <Delay = 0.70> <FuncUnit> <Opcode : 'seteq' 'setne' 'setle' 'setge' 'setlt' 'setgt'> <InPorts = 2> <OutPorts = 1>
ST_1 : Operation 25 [1/1] (0.00ns)   --->   "%br_ln257 = br i1 %icmp_ln257, void %for.inc58.split, void %for.inc63.exitStub" [src/generic/fp_generic.cpp:257]   --->   Operation 25 'br' 'br_ln257' <Predicate = true> <Delay = 0.00>
ST_1 : Operation 26 [1/1] (0.00ns)   --->   "%zext_ln257 = zext i4 %j" [src/generic/fp_generic.cpp:257]   --->   Operation 26 'zext' 'zext_ln257' <Predicate = (!icmp_ln257)> <Delay = 0.00>
ST_1 : Operation 27 [1/1] (0.00ns)   --->   "%shl_ln = bitconcatenate i7 @_ssdm_op_BitConcatenate.i7.i4.i3, i4 %j, i3 0" [src/generic/fp_generic.cpp:258]   --->   Operation 27 'bitconcatenate' 'shl_ln' <Predicate = (!icmp_ln257)> <Delay = 0.00>
ST_1 : Operation 28 [1/1] (0.00ns)   --->   "%zext_ln258 = zext i7 %shl_ln" [src/generic/fp_generic.cpp:258]   --->   Operation 28 'zext' 'zext_ln258' <Predicate = (!icmp_ln257)> <Delay = 0.00>
ST_1 : Operation 29 [1/1] (0.70ns)   --->   "%add_ln258 = add i8 %zext_ln258, i8 64" [src/generic/fp_generic.cpp:258]   --->   Operation 29 'add' 'add_ln258' <Predicate = (!icmp_ln257)> <Delay = 0.70> <CoreInst = "Adder">   --->   Core 1 'Adder' <Latency = 0> <II = 1> <Delay = 0.70> <FuncUnit> <Opcode : 'add' 'sub'> <InPorts = 2> <OutPorts = 1>
ST_1 : Operation 30 [1/1] (0.00ns)   --->   "%lshr_ln = partselect i5 @_ssdm_op_PartSelect.i5.i8.i32.i32, i8 %add_ln258, i32 3, i32 7" [src/generic/fp_generic.cpp:258]   --->   Operation 30 'partselect' 'lshr_ln' <Predicate = (!icmp_ln257)> <Delay = 0.00>
ST_1 : Operation 31 [1/1] (0.00ns)   --->   "%zext_ln258_4 = zext i5 %lshr_ln" [src/generic/fp_generic.cpp:258]   --->   Operation 31 'zext' 'zext_ln258_4' <Predicate = (!icmp_ln257)> <Delay = 0.00>
ST_1 : Operation 32 [1/1] (0.00ns)   --->   "%PKB_addr = getelementptr i64 %PKB, i64 0, i64 %zext_ln258_4" [src/generic/fp_generic.cpp:258]   --->   Operation 32 'getelementptr' 'PKB_addr' <Predicate = (!icmp_ln257)> <Delay = 0.00>
ST_1 : Operation 33 [2/2] (0.71ns)   --->   "%PKB_load = load i6 %PKB_addr" [src/generic/fp_generic.cpp:258]   --->   Operation 33 'load' 'PKB_load' <Predicate = (!icmp_ln257)> <Delay = 0.71> <CoreInst = "RAM">   --->   Core 82 'RAM' <Latency = 1> <II = 1> <Delay = 0.71> <Storage> <Opcode : 'load' 'store'> <Ports = 2> <Width = 64> <Depth = 48> <RAM>
ST_1 : Operation 34 [1/1] (0.70ns)   --->   "%sub_ln258 = sub i5 %zext_ln256_27_cast, i5 %zext_ln257" [src/generic/fp_generic.cpp:258]   --->   Operation 34 'sub' 'sub_ln258' <Predicate = (!icmp_ln257)> <Delay = 0.70> <CoreInst = "Adder">   --->   Core 1 'Adder' <Latency = 0> <II = 1> <Delay = 0.70> <FuncUnit> <Opcode : 'add' 'sub'> <InPorts = 2> <OutPorts = 1>
ST_1 : Operation 35 [1/1] (0.00ns)   --->   "%tmp_s = bitconcatenate i8 @_ssdm_op_BitConcatenate.i8.i5.i3, i5 %sub_ln258, i3 0" [src/generic/fp_generic.cpp:258]   --->   Operation 35 'bitconcatenate' 'tmp_s' <Predicate = (!icmp_ln257)> <Delay = 0.00>
ST_1 : Operation 36 [1/1] (0.00ns)   --->   "%sext_ln258 = sext i8 %tmp_s" [src/generic/fp_generic.cpp:258]   --->   Operation 36 'sext' 'sext_ln258' <Predicate = (!icmp_ln257)> <Delay = 0.00>
ST_1 : Operation 37 [1/1] (0.71ns)   --->   "%add_ln258_1 = add i9 %sext_ln258, i9 192" [src/generic/fp_generic.cpp:258]   --->   Operation 37 'add' 'add_ln258_1' <Predicate = (!icmp_ln257)> <Delay = 0.71> <CoreInst = "Adder">   --->   Core 1 'Adder' <Latency = 0> <II = 1> <Delay = 0.71> <FuncUnit> <Opcode : 'add' 'sub'> <InPorts = 2> <OutPorts = 1>
ST_1 : Operation 38 [1/1] (0.00ns)   --->   "%lshr_ln258_1 = partselect i6 @_ssdm_op_PartSelect.i6.i9.i32.i32, i9 %add_ln258_1, i32 3, i32 8" [src/generic/fp_generic.cpp:258]   --->   Operation 38 'partselect' 'lshr_ln258_1' <Predicate = (!icmp_ln257)> <Delay = 0.00>
ST_1 : Operation 39 [1/1] (0.00ns)   --->   "%zext_ln258_5 = zext i6 %lshr_ln258_1" [src/generic/fp_generic.cpp:258]   --->   Operation 39 'zext' 'zext_ln258_5' <Predicate = (!icmp_ln257)> <Delay = 0.00>
ST_1 : Operation 40 [1/1] (0.00ns)   --->   "%PKB_addr_5 = getelementptr i64 %PKB, i64 0, i64 %zext_ln258_5" [src/generic/fp_generic.cpp:258]   --->   Operation 40 'getelementptr' 'PKB_addr_5' <Predicate = (!icmp_ln257)> <Delay = 0.00>
ST_1 : Operation 41 [2/2] (0.71ns)   --->   "%PKB_load_1 = load i6 %PKB_addr_5" [src/generic/fp_generic.cpp:258]   --->   Operation 41 'load' 'PKB_load_1' <Predicate = (!icmp_ln257)> <Delay = 0.71> <CoreInst = "RAM">   --->   Core 82 'RAM' <Latency = 1> <II = 1> <Delay = 0.71> <Storage> <Opcode : 'load' 'store'> <Ports = 2> <Width = 64> <Depth = 48> <RAM>
ST_1 : Operation 42 [1/1] (0.70ns)   --->   "%add_ln257 = add i4 %j, i4 1" [src/generic/fp_generic.cpp:257]   --->   Operation 42 'add' 'add_ln257' <Predicate = (!icmp_ln257)> <Delay = 0.70> <CoreInst = "Adder">   --->   Core 1 'Adder' <Latency = 0> <II = 1> <Delay = 0.70> <FuncUnit> <Opcode : 'add' 'sub'> <InPorts = 2> <OutPorts = 1>
ST_1 : Operation 43 [1/1] (0.38ns)   --->   "%store_ln238 = store i4 %add_ln257, i4 %j_24" [src/generic/fp_generic.cpp:238]   --->   Operation 43 'store' 'store_ln238' <Predicate = (!icmp_ln257)> <Delay = 0.38>

State 2 <SV = 1> <Delay = 0.71>
ST_2 : Operation 44 [1/2] ( I:0.71ns O:0.71ns )   --->   "%PKB_load = load i6 %PKB_addr" [src/generic/fp_generic.cpp:258]   --->   Operation 44 'load' 'PKB_load' <Predicate = true> <Delay = 0.71> <CoreInst = "RAM">   --->   Core 82 'RAM' <Latency = 1> <II = 1> <Delay = 0.71> <Storage> <Opcode : 'load' 'store'> <Ports = 2> <Width = 64> <Depth = 48> <RAM>
ST_2 : Operation 45 [1/2] ( I:0.71ns O:0.71ns )   --->   "%PKB_load_1 = load i6 %PKB_addr_5" [src/generic/fp_generic.cpp:258]   --->   Operation 45 'load' 'PKB_load_1' <Predicate = true> <Delay = 0.71> <CoreInst = "RAM">   --->   Core 82 'RAM' <Latency = 1> <II = 1> <Delay = 0.71> <Storage> <Opcode : 'load' 'store'> <Ports = 2> <Width = 64> <Depth = 48> <RAM>

State 3 <SV = 2> <Delay = 6.71>
ST_3 : Operation 46 [2/2] (6.71ns)   --->   "%call_ret = call i128 @digit_x_digit, i64 %PKB_load, i64 %PKB_load_1" [src/generic/fp_generic.cpp:258]   --->   Operation 46 'call' 'call_ret' <Predicate = (!icmp_ln257)> <Delay = 6.71> <CoreType = "Generic">   --->   Generic Core
ST_3 : Operation 82 [1/1] (0.00ns)   --->   "%t_33_load11 = load i3 %t_33"   --->   Operation 82 'load' 't_33_load11' <Predicate = (icmp_ln257)> <Delay = 0.00>
ST_3 : Operation 83 [1/1] (0.00ns)   --->   "%v_35_load_10 = load i64 %v_35"   --->   Operation 83 'load' 'v_35_load_10' <Predicate = (icmp_ln257)> <Delay = 0.00>
ST_3 : Operation 84 [1/1] (0.00ns)   --->   "%write_ln0 = write void @_ssdm_op_Write.ap_auto.i64P0A, i64 %v_35_out, i64 %v_35_load_10"   --->   Operation 84 'write' 'write_ln0' <Predicate = (icmp_ln257)> <Delay = 0.00>
ST_3 : Operation 85 [1/1] (0.00ns)   --->   "%write_ln0 = write void @_ssdm_op_Write.ap_auto.i3P0A, i3 %t_33_out, i3 %t_33_load11"   --->   Operation 85 'write' 'write_ln0' <Predicate = (icmp_ln257)> <Delay = 0.00>
ST_3 : Operation 86 [1/1] (0.38ns)   --->   "%ret_ln0 = ret"   --->   Operation 86 'ret' 'ret_ln0' <Predicate = (icmp_ln257)> <Delay = 0.38>

State 4 <SV = 3> <Delay = 6.12>
ST_4 : Operation 47 [1/1] (0.00ns)   --->   "%t_33_load = load i3 %t_33" [src/generic/fp_generic.cpp:261]   --->   Operation 47 'load' 't_33_load' <Predicate = true> <Delay = 0.00>
ST_4 : Operation 48 [1/1] (0.00ns)   --->   "%u_34_out_load = load i64 %u_34_out" [src/generic/fp_generic.cpp:260]   --->   Operation 48 'load' 'u_34_out_load' <Predicate = true> <Delay = 0.00>
ST_4 : Operation 49 [1/1] (0.00ns)   --->   "%v_35_load = load i64 %v_35" [src/generic/fp_generic.cpp:259]   --->   Operation 49 'load' 'v_35_load' <Predicate = true> <Delay = 0.00>
ST_4 : Operation 50 [1/1] (0.00ns)   --->   "%specpipeline_ln238 = specpipeline void @_ssdm_op_SpecPipeline, i32 4294967295, i32 0, i32 0, i32 0, void @empty_34" [src/generic/fp_generic.cpp:238]   --->   Operation 50 'specpipeline' 'specpipeline_ln238' <Predicate = true> <Delay = 0.00>
ST_4 : Operation 51 [1/1] (0.00ns)   --->   "%speclooptripcount_ln238 = speclooptripcount void @_ssdm_op_SpecLoopTripCount, i64 1, i64 7, i64 4" [src/generic/fp_generic.cpp:238]   --->   Operation 51 'speclooptripcount' 'speclooptripcount_ln238' <Predicate = true> <Delay = 0.00>
ST_4 : Operation 52 [1/1] (0.00ns)   --->   "%specloopname_ln257 = specloopname void @_ssdm_op_SpecLoopName, void @empty_37" [src/generic/fp_generic.cpp:257]   --->   Operation 52 'specloopname' 'specloopname_ln257' <Predicate = true> <Delay = 0.00>
ST_4 : Operation 53 [1/2] (1.43ns)   --->   "%call_ret = call i128 @digit_x_digit, i64 %PKB_load, i64 %PKB_load_1" [src/generic/fp_generic.cpp:258]   --->   Operation 53 'call' 'call_ret' <Predicate = (!icmp_ln257)> <Delay = 1.43> <CoreType = "Generic">   --->   Generic Core
ST_4 : Operation 54 [1/1] (0.00ns)   --->   "%UV = extractvalue i128 %call_ret" [src/generic/fp_generic.cpp:258]   --->   Operation 54 'extractvalue' 'UV' <Predicate = true> <Delay = 0.00>
ST_4 : Operation 55 [1/1] (0.00ns)   --->   "%UV_91 = extractvalue i128 %call_ret" [src/generic/fp_generic.cpp:258]   --->   Operation 55 'extractvalue' 'UV_91' <Predicate = true> <Delay = 0.00>
ST_4 : Operation 56 [1/1] (1.14ns)   --->   "%v_254 = add i64 %UV, i64 %v_35_load" [src/generic/fp_generic.cpp:259]   --->   Operation 56 'add' 'v_254' <Predicate = true> <Delay = 1.14> <CoreInst = "Adder">   --->   Core 1 'Adder' <Latency = 0> <II = 1> <Delay = 1.14> <FuncUnit> <Opcode : 'add' 'sub'> <InPorts = 2> <OutPorts = 1>
ST_4 : Operation 57 [1/1] (0.00ns) (grouped into LUT with out node tempReg_97)   --->   "%xor_ln105_73 = xor i64 %v_254, i64 %UV" [src/config.h:105->src/generic/fp_generic.cpp:259]   --->   Operation 57 'xor' 'xor_ln105_73' <Predicate = true> <Delay = 0.00> <CoreInst = "LogicGate">   --->   Core 74 'LogicGate' <Latency = 0> <II = 1> <Delay = 0.28> <FuncUnit> <Opcode : 'and' 'or' 'xor'> <InPorts = 2> <OutPorts = 1>
ST_4 : Operation 58 [1/1] (0.00ns) (grouped into LUT with out node tempReg_97)   --->   "%xor_ln105_74 = xor i64 %UV, i64 %v_35_load" [src/config.h:105->src/generic/fp_generic.cpp:259]   --->   Operation 58 'xor' 'xor_ln105_74' <Predicate = true> <Delay = 0.00> <CoreInst = "LogicGate">   --->   Core 74 'LogicGate' <Latency = 0> <II = 1> <Delay = 0.28> <FuncUnit> <Opcode : 'and' 'or' 'xor'> <InPorts = 2> <OutPorts = 1>
ST_4 : Operation 59 [1/1] (0.00ns) (grouped into LUT with out node tempReg_97)   --->   "%or_ln105_15 = or i64 %xor_ln105_73, i64 %xor_ln105_74" [src/config.h:105->src/generic/fp_generic.cpp:259]   --->   Operation 59 'or' 'or_ln105_15' <Predicate = true> <Delay = 0.00> <CoreInst = "LogicGate">   --->   Core 74 'LogicGate' <Latency = 0> <II = 1> <Delay = 0.28> <FuncUnit> <Opcode : 'and' 'or' 'xor'> <InPorts = 2> <OutPorts = 1>
ST_4 : Operation 60 [1/1] (0.00ns) (grouped into LUT with out node tempReg_97)   --->   "%xor_ln105_75 = xor i64 %or_ln105_15, i64 %v_254" [src/config.h:105->src/generic/fp_generic.cpp:259]   --->   Operation 60 'xor' 'xor_ln105_75' <Predicate = true> <Delay = 0.00> <CoreInst = "LogicGate">   --->   Core 74 'LogicGate' <Latency = 0> <II = 1> <Delay = 0.28> <FuncUnit> <Opcode : 'and' 'or' 'xor'> <InPorts = 2> <OutPorts = 1>
ST_4 : Operation 61 [1/1] (0.00ns) (grouped into LUT with out node tempReg_97)   --->   "%carry = bitselect i1 @_ssdm_op_BitSelect.i1.i64.i32, i64 %xor_ln105_75, i32 63" [src/config.h:105->src/generic/fp_generic.cpp:259]   --->   Operation 61 'bitselect' 'carry' <Predicate = true> <Delay = 0.00>
ST_4 : Operation 62 [1/1] (0.00ns) (grouped into LUT with out node tempReg_97)   --->   "%zext_ln105 = zext i1 %carry" [src/config.h:105->src/generic/fp_generic.cpp:259]   --->   Operation 62 'zext' 'zext_ln105' <Predicate = true> <Delay = 0.00>
ST_4 : Operation 63 [1/1] (1.14ns) (out node of the LUT)   --->   "%tempReg_97 = add i64 %UV_91, i64 %zext_ln105" [src/generic/fp_generic.cpp:260]   --->   Operation 63 'add' 'tempReg_97' <Predicate = true> <Delay = 1.14> <CoreInst = "Adder">   --->   Core 1 'Adder' <Latency = 0> <II = 1> <Delay = 1.14> <FuncUnit> <Opcode : 'add' 'sub'> <InPorts = 2> <OutPorts = 1>
ST_4 : Operation 64 [1/1] (1.14ns)   --->   "%u = add i64 %tempReg_97, i64 %u_34_out_load" [src/generic/fp_generic.cpp:260]   --->   Operation 64 'add' 'u' <Predicate = true> <Delay = 1.14> <CoreInst = "Adder">   --->   Core 1 'Adder' <Latency = 0> <II = 1> <Delay = 1.14> <FuncUnit> <Opcode : 'add' 'sub'> <InPorts = 2> <OutPorts = 1>
ST_4 : Operation 65 [1/1] (0.00ns) (grouped into LUT with out node xor_ln260_45)   --->   "%xor_ln260 = xor i64 %u, i64 %tempReg_97" [src/generic/fp_generic.cpp:260]   --->   Operation 65 'xor' 'xor_ln260' <Predicate = true> <Delay = 0.00> <CoreInst = "LogicGate">   --->   Core 74 'LogicGate' <Latency = 0> <II = 1> <Delay = 0.28> <FuncUnit> <Opcode : 'and' 'or' 'xor'> <InPorts = 2> <OutPorts = 1>
ST_4 : Operation 66 [1/1] (0.00ns) (grouped into LUT with out node xor_ln260_45)   --->   "%xor_ln260_43 = xor i64 %tempReg_97, i64 %u_34_out_load" [src/generic/fp_generic.cpp:260]   --->   Operation 66 'xor' 'xor_ln260_43' <Predicate = true> <Delay = 0.00> <CoreInst = "LogicGate">   --->   Core 74 'LogicGate' <Latency = 0> <II = 1> <Delay = 0.28> <FuncUnit> <Opcode : 'and' 'or' 'xor'> <InPorts = 2> <OutPorts = 1>
ST_4 : Operation 67 [1/1] (0.00ns) (grouped into LUT with out node xor_ln260_45)   --->   "%or_ln260 = or i64 %xor_ln260, i64 %xor_ln260_43" [src/generic/fp_generic.cpp:260]   --->   Operation 67 'or' 'or_ln260' <Predicate = true> <Delay = 0.00> <CoreInst = "LogicGate">   --->   Core 74 'LogicGate' <Latency = 0> <II = 1> <Delay = 0.28> <FuncUnit> <Opcode : 'and' 'or' 'xor'> <InPorts = 2> <OutPorts = 1>
ST_4 : Operation 68 [1/1] (0.00ns) (grouped into LUT with out node t)   --->   "%bit_sel1 = bitselect i1 @_ssdm_op_BitSelect.i1.i64.i64, i64 %tempReg_97, i64 63" [src/generic/fp_generic.cpp:260]   --->   Operation 68 'bitselect' 'bit_sel1' <Predicate = true> <Delay = 0.00>
ST_4 : Operation 69 [1/1] (0.00ns) (grouped into LUT with out node t)   --->   "%xor_ln260_46 = xor i1 %bit_sel1, i1 1" [src/generic/fp_generic.cpp:260]   --->   Operation 69 'xor' 'xor_ln260_46' <Predicate = true> <Delay = 0.00> <CoreInst = "LogicGate">   --->   Core 74 'LogicGate' <Latency = 0> <II = 1> <Delay = 0.12> <FuncUnit> <Opcode : 'and' 'or' 'xor'> <InPorts = 2> <OutPorts = 1>
ST_4 : Operation 70 [1/1] (0.00ns) (grouped into LUT with out node t)   --->   "%trunc_ln260 = trunc i64 %tempReg_97" [src/generic/fp_generic.cpp:260]   --->   Operation 70 'trunc' 'trunc_ln260' <Predicate = true> <Delay = 0.00>
ST_4 : Operation 71 [1/1] (0.00ns) (grouped into LUT with out node t)   --->   "%xor_ln260_s = bitconcatenate i64 @_ssdm_op_BitConcatenate.i64.i1.i63, i1 %xor_ln260_46, i63 %trunc_ln260" [src/generic/fp_generic.cpp:260]   --->   Operation 71 'bitconcatenate' 'xor_ln260_s' <Predicate = true> <Delay = 0.00>
ST_4 : Operation 72 [1/1] (0.00ns) (grouped into LUT with out node t)   --->   "%and_ln260 = and i64 %xor_ln260_s, i64 %UV_91" [src/generic/fp_generic.cpp:260]   --->   Operation 72 'and' 'and_ln260' <Predicate = true> <Delay = 0.00> <CoreInst = "LogicGate">   --->   Core 74 'LogicGate' <Latency = 0> <II = 1> <Delay = 0.28> <FuncUnit> <Opcode : 'and' 'or' 'xor'> <InPorts = 2> <OutPorts = 1>
ST_4 : Operation 73 [1/1] (0.28ns) (out node of the LUT)   --->   "%xor_ln260_45 = xor i64 %or_ln260, i64 %u" [src/generic/fp_generic.cpp:260]   --->   Operation 73 'xor' 'xor_ln260_45' <Predicate = true> <Delay = 0.28> <CoreInst = "LogicGate">   --->   Core 74 'LogicGate' <Latency = 0> <II = 1> <Delay = 0.28> <FuncUnit> <Opcode : 'and' 'or' 'xor'> <InPorts = 2> <OutPorts = 1>
ST_4 : Operation 74 [1/1] (0.00ns) (grouped into LUT with out node t)   --->   "%or_ln260_15 = or i64 %xor_ln260_45, i64 %and_ln260" [src/generic/fp_generic.cpp:260]   --->   Operation 74 'or' 'or_ln260_15' <Predicate = true> <Delay = 0.00> <CoreInst = "LogicGate">   --->   Core 74 'LogicGate' <Latency = 0> <II = 1> <Delay = 0.28> <FuncUnit> <Opcode : 'and' 'or' 'xor'> <InPorts = 2> <OutPorts = 1>
ST_4 : Operation 75 [1/1] (0.00ns) (grouped into LUT with out node t)   --->   "%tmp = bitselect i1 @_ssdm_op_BitSelect.i1.i64.i32, i64 %or_ln260_15, i32 63" [src/generic/fp_generic.cpp:261]   --->   Operation 75 'bitselect' 'tmp' <Predicate = true> <Delay = 0.00>
ST_4 : Operation 76 [1/1] (0.00ns) (grouped into LUT with out node t)   --->   "%zext_ln261 = zext i1 %tmp" [src/generic/fp_generic.cpp:261]   --->   Operation 76 'zext' 'zext_ln261' <Predicate = true> <Delay = 0.00>
ST_4 : Operation 77 [1/1] (0.57ns) (out node of the LUT)   --->   "%t = add i3 %zext_ln261, i3 %t_33_load" [src/generic/fp_generic.cpp:261]   --->   Operation 77 'add' 't' <Predicate = true> <Delay = 0.57> <CoreInst = "Adder">   --->   Core 1 'Adder' <Latency = 0> <II = 1> <Delay = 0.57> <FuncUnit> <Opcode : 'add' 'sub'> <InPorts = 2> <OutPorts = 1>
ST_4 : Operation 78 [1/1] (0.38ns)   --->   "%store_ln239 = store i64 %v_254, i64 %v_35" [src/generic/fp_generic.cpp:239]   --->   Operation 78 'store' 'store_ln239' <Predicate = true> <Delay = 0.38>
ST_4 : Operation 79 [1/1] (0.38ns)   --->   "%store_ln239 = store i64 %u, i64 %u_34_out" [src/generic/fp_generic.cpp:239]   --->   Operation 79 'store' 'store_ln239' <Predicate = true> <Delay = 0.38>
ST_4 : Operation 80 [1/1] (0.38ns)   --->   "%store_ln239 = store i3 %t, i3 %t_33" [src/generic/fp_generic.cpp:239]   --->   Operation 80 'store' 'store_ln239' <Predicate = true> <Delay = 0.38>
ST_4 : Operation 81 [1/1] (0.00ns)   --->   "%br_ln257 = br void %for.inc58" [src/generic/fp_generic.cpp:257]   --->   Operation 81 'br' 'br_ln257' <Predicate = true> <Delay = 0.00>


============================================================
+ Verbose Summary: Binding
============================================================
STG Binding: 
---------------- STG Properties BEGIN ----------------
- Is combinational: 0
- Is one-state seq: 0
- Is datapath-only: 0
- Is pipelined: 0
- Is top level: 0
Port [ Return ] is wired: 1; IO mode=ap_ctrl_hs:ce=0
Port [ indvars_iv]:  wired=1; compound=0; hidden=0; nouse=0; global=0; static=0; extern=0; dir=0; type=0; pingpong=0; private_global=0; IO mode=ap_none:ce=0
Port [ v]:  wired=1; compound=0; hidden=0; nouse=0; global=0; static=0; extern=0; dir=0; type=0; pingpong=0; private_global=0; IO mode=ap_none:ce=0
Port [ zext_ln256]:  wired=1; compound=0; hidden=0; nouse=0; global=0; static=0; extern=0; dir=0; type=0; pingpong=0; private_global=0; IO mode=ap_none:ce=0
Port [ PKB]:  wired=1; compound=1; hidden=0; nouse=0; global=0; static=0; extern=0; dir=0; type=1; pingpong=0; private_global=0; MemPort=[11]; IO mode=ap_memory:ce=0
Port [ zext_ln256_27]:  wired=1; compound=0; hidden=0; nouse=0; global=0; static=0; extern=0; dir=0; type=0; pingpong=0; private_global=0; IO mode=ap_none:ce=0
Port [ v_35_out]:  wired=1; compound=0; hidden=0; nouse=0; global=0; static=0; extern=0; dir=1; type=0; pingpong=0; private_global=0; IO mode=ap_vld:ce=0
Port [ u_34_out]:  wired=1; compound=0; hidden=0; nouse=0; global=0; static=0; extern=0; dir=2; type=0; pingpong=0; private_global=0; IO mode=ap_ovld:ce=0
Port [ t_33_out]:  wired=1; compound=0; hidden=0; nouse=0; global=0; static=0; extern=0; dir=1; type=0; pingpong=0; private_global=0; IO mode=ap_vld:ce=0
---------------- STG Properties END ------------------

---------------- Datapath Model BEGIN ----------------

<LifeTime>
<method=bitvector/>
t_33                       (alloca                ) [ 01111]
v_35                       (alloca                ) [ 01111]
j_24                       (alloca                ) [ 01000]
specbramwithbyteenable_ln0 (specbramwithbyteenable) [ 00000]
zext_ln256_27_read         (read                  ) [ 00000]
zext_ln256_read            (read                  ) [ 00000]
v_read                     (read                  ) [ 00000]
indvars_iv_read            (read                  ) [ 00000]
zext_ln256_27_cast         (zext                  ) [ 00000]
zext_ln256_cast            (zext                  ) [ 00000]
indvars_iv_cast            (zext                  ) [ 00000]
store_ln238                (store                 ) [ 00000]
store_ln239                (store                 ) [ 00000]
store_ln239                (store                 ) [ 00000]
store_ln239                (store                 ) [ 00000]
br_ln0                     (br                    ) [ 00000]
j                          (load                  ) [ 00000]
icmp_ln257                 (icmp                  ) [ 01111]
br_ln257                   (br                    ) [ 00000]
zext_ln257                 (zext                  ) [ 00000]
shl_ln                     (bitconcatenate        ) [ 00000]
zext_ln258                 (zext                  ) [ 00000]
add_ln258                  (add                   ) [ 00000]
lshr_ln                    (partselect            ) [ 00000]
zext_ln258_4               (zext                  ) [ 00000]
PKB_addr                   (getelementptr         ) [ 01100]
sub_ln258                  (sub                   ) [ 00000]
tmp_s                      (bitconcatenate        ) [ 00000]
sext_ln258                 (sext                  ) [ 00000]
add_ln258_1                (add                   ) [ 00000]
lshr_ln258_1               (partselect            ) [ 00000]
zext_ln258_5               (zext                  ) [ 00000]
PKB_addr_5                 (getelementptr         ) [ 01100]
add_ln257                  (add                   ) [ 00000]
store_ln238                (store                 ) [ 00000]
PKB_load                   (load                  ) [ 01010]
PKB_load_1                 (load                  ) [ 01010]
t_33_load                  (load                  ) [ 00000]
u_34_out_load              (load                  ) [ 00000]
v_35_load                  (load                  ) [ 00000]
specpipeline_ln238         (specpipeline          ) [ 00000]
speclooptripcount_ln238    (speclooptripcount     ) [ 00000]
specloopname_ln257         (specloopname          ) [ 00000]
call_ret                   (call                  ) [ 00000]
UV                         (extractvalue          ) [ 00000]
UV_91                      (extractvalue          ) [ 00000]
v_254                      (add                   ) [ 00000]
xor_ln105_73               (xor                   ) [ 00000]
xor_ln105_74               (xor                   ) [ 00000]
or_ln105_15                (or                    ) [ 00000]
xor_ln105_75               (xor                   ) [ 00000]
carry                      (bitselect             ) [ 00000]
zext_ln105                 (zext                  ) [ 00000]
tempReg_97                 (add                   ) [ 00000]
u                          (add                   ) [ 00000]
xor_ln260                  (xor                   ) [ 00000]
xor_ln260_43               (xor                   ) [ 00000]
or_ln260                   (or                    ) [ 00000]
bit_sel1                   (bitselect             ) [ 00000]
xor_ln260_46               (xor                   ) [ 00000]
trunc_ln260                (trunc                 ) [ 00000]
xor_ln260_s                (bitconcatenate        ) [ 00000]
and_ln260                  (and                   ) [ 00000]
xor_ln260_45               (xor                   ) [ 00000]
or_ln260_15                (or                    ) [ 00000]
tmp                        (bitselect             ) [ 00000]
zext_ln261                 (zext                  ) [ 00000]
t                          (add                   ) [ 00000]
store_ln239                (store                 ) [ 00000]
store_ln239                (store                 ) [ 00000]
store_ln239                (store                 ) [ 00000]
br_ln257                   (br                    ) [ 00000]
t_33_load11                (load                  ) [ 00000]
v_35_load_10               (load                  ) [ 00000]
write_ln0                  (write                 ) [ 00000]
write_ln0                  (write                 ) [ 00000]
ret_ln0                    (ret                   ) [ 00000]
</LifeTime>

<model>

<comp_list>
<comp id="0" class="1000" name="indvars_iv">
<pin_list>
<pin id="1" dir="1" index="0" bw="1" slack="0"/>
</pin_list>
<bind>
<StgValue><ssdm name="indvars_iv"/></StgValue>
</bind>
</comp>

<comp id="2" class="1000" name="v">
<pin_list>
<pin id="3" dir="1" index="0" bw="1" slack="0"/>
</pin_list>
<bind>
<StgValue><ssdm name="v"/></StgValue>
</bind>
</comp>

<comp id="4" class="1000" name="zext_ln256">
<pin_list>
<pin id="5" dir="1" index="0" bw="1" slack="0"/>
</pin_list>
<bind>
<StgValue><ssdm name="zext_ln256"/></StgValue>
</bind>
</comp>

<comp id="6" class="1000" name="PKB">
<pin_list>
<pin id="7" dir="1" index="0" bw="1" slack="0"/>
</pin_list>
<bind>
<StgValue><ssdm name="PKB"/><MemPortTyVec>1 1 </MemPortTyVec>
</StgValue>
</bind>
</comp>

<comp id="8" class="1000" name="zext_ln256_27">
<pin_list>
<pin id="9" dir="1" index="0" bw="1" slack="0"/>
</pin_list>
<bind>
<StgValue><ssdm name="zext_ln256_27"/></StgValue>
</bind>
</comp>

<comp id="10" class="1000" name="v_35_out">
<pin_list>
<pin id="11" dir="1" index="0" bw="1" slack="0"/>
</pin_list>
<bind>
<StgValue><ssdm name="v_35_out"/></StgValue>
</bind>
</comp>

<comp id="12" class="1000" name="u_34_out">
<pin_list>
<pin id="13" dir="1" index="0" bw="1" slack="0"/>
</pin_list>
<bind>
<StgValue><ssdm name="u_34_out"/></StgValue>
</bind>
</comp>

<comp id="14" class="1000" name="t_33_out">
<pin_list>
<pin id="15" dir="1" index="0" bw="1" slack="0"/>
</pin_list>
<bind>
<StgValue><ssdm name="t_33_out"/></StgValue>
</bind>
</comp>

<comp id="16" class="1001" name="const_16">
<pin_list>
<pin id="17" dir="1" index="0" bw="1" slack="0"/>
</pin_list>
<bind>
<StgValue><ssdm name=""/></StgValue>
</bind>
</comp>

<comp id="18" class="1001" name="const_18">
<pin_list>
<pin id="19" dir="1" index="0" bw="1" slack="2147483647"/>
</pin_list>
<bind>
<StgValue><ssdm name="_ssdm_op_SpecBRAMWithByteEnable"/></StgValue>
</bind>
</comp>

<comp id="20" class="1001" name="const_20">
<pin_list>
<pin id="21" dir="1" index="0" bw="1" slack="0"/>
</pin_list>
<bind>
<StgValue><ssdm name="_ssdm_op_Read.ap_auto.i4"/></StgValue>
</bind>
</comp>

<comp id="22" class="1001" name="const_22">
<pin_list>
<pin id="23" dir="1" index="0" bw="1" slack="0"/>
</pin_list>
<bind>
<StgValue><ssdm name="_ssdm_op_Read.ap_auto.i64"/></StgValue>
</bind>
</comp>

<comp id="24" class="1001" name="const_24">
<pin_list>
<pin id="25" dir="1" index="0" bw="1" slack="0"/>
</pin_list>
<bind>
<StgValue><ssdm name="_ssdm_op_Read.ap_auto.i3"/></StgValue>
</bind>
</comp>

<comp id="26" class="1001" name="const_26">
<pin_list>
<pin id="27" dir="1" index="0" bw="1" slack="0"/>
</pin_list>
<bind>
<StgValue><ssdm name=""/></StgValue>
</bind>
</comp>

<comp id="28" class="1001" name="const_28">
<pin_list>
<pin id="29" dir="1" index="0" bw="1" slack="0"/>
</pin_list>
<bind>
<StgValue><ssdm name=""/></StgValue>
</bind>
</comp>

<comp id="30" class="1001" name="const_30">
<pin_list>
<pin id="31" dir="1" index="0" bw="1" slack="0"/>
</pin_list>
<bind>
<StgValue><ssdm name="_ssdm_op_BitConcatenate.i7.i4.i3"/></StgValue>
</bind>
</comp>

<comp id="32" class="1001" name="const_32">
<pin_list>
<pin id="33" dir="1" index="0" bw="1" slack="0"/>
</pin_list>
<bind>
<StgValue><ssdm name=""/></StgValue>
</bind>
</comp>

<comp id="34" class="1001" name="const_34">
<pin_list>
<pin id="35" dir="1" index="0" bw="1" slack="0"/>
</pin_list>
<bind>
<StgValue><ssdm name="_ssdm_op_PartSelect.i5.i8.i32.i32"/></StgValue>
</bind>
</comp>

<comp id="36" class="1001" name="const_36">
<pin_list>
<pin id="37" dir="1" index="0" bw="1" slack="0"/>
</pin_list>
<bind>
<StgValue><ssdm name=""/></StgValue>
</bind>
</comp>

<comp id="38" class="1001" name="const_38">
<pin_list>
<pin id="39" dir="1" index="0" bw="1" slack="0"/>
</pin_list>
<bind>
<StgValue><ssdm name=""/></StgValue>
</bind>
</comp>

<comp id="40" class="1001" name="const_40">
<pin_list>
<pin id="41" dir="1" index="0" bw="1" slack="0"/>
</pin_list>
<bind>
<StgValue><ssdm name=""/></StgValue>
</bind>
</comp>

<comp id="42" class="1001" name="const_42">
<pin_list>
<pin id="43" dir="1" index="0" bw="1" slack="0"/>
</pin_list>
<bind>
<StgValue><ssdm name="_ssdm_op_BitConcatenate.i8.i5.i3"/></StgValue>
</bind>
</comp>

<comp id="44" class="1001" name="const_44">
<pin_list>
<pin id="45" dir="1" index="0" bw="1" slack="0"/>
</pin_list>
<bind>
<StgValue><ssdm name=""/></StgValue>
</bind>
</comp>

<comp id="46" class="1001" name="const_46">
<pin_list>
<pin id="47" dir="1" index="0" bw="1" slack="0"/>
</pin_list>
<bind>
<StgValue><ssdm name="_ssdm_op_PartSelect.i6.i9.i32.i32"/></StgValue>
</bind>
</comp>

<comp id="48" class="1001" name="const_48">
<pin_list>
<pin id="49" dir="1" index="0" bw="1" slack="0"/>
</pin_list>
<bind>
<StgValue><ssdm name=""/></StgValue>
</bind>
</comp>

<comp id="50" class="1001" name="const_50">
<pin_list>
<pin id="51" dir="1" index="0" bw="1" slack="0"/>
</pin_list>
<bind>
<StgValue><ssdm name=""/></StgValue>
</bind>
</comp>

<comp id="52" class="1001" name="const_52">
<pin_list>
<pin id="53" dir="1" index="0" bw="1" slack="0"/>
</pin_list>
<bind>
<StgValue><ssdm name="digit_x_digit"/></StgValue>
</bind>
</comp>

<comp id="54" class="1001" name="const_54">
<pin_list>
<pin id="55" dir="1" index="0" bw="1" slack="2147483647"/>
</pin_list>
<bind>
<StgValue><ssdm name="_ssdm_op_SpecPipeline"/></StgValue>
</bind>
</comp>

<comp id="56" class="1001" name="const_56">
<pin_list>
<pin id="57" dir="1" index="0" bw="1" slack="2147483647"/>
</pin_list>
<bind>
<StgValue><ssdm name=""/></StgValue>
</bind>
</comp>

<comp id="58" class="1001" name="const_58">
<pin_list>
<pin id="59" dir="1" index="0" bw="1" slack="2147483647"/>
</pin_list>
<bind>
<StgValue><ssdm name=""/></StgValue>
</bind>
</comp>

<comp id="60" class="1001" name="const_60">
<pin_list>
<pin id="61" dir="1" index="0" bw="1" slack="2147483647"/>
</pin_list>
<bind>
<StgValue><ssdm name="empty_34"/></StgValue>
</bind>
</comp>

<comp id="62" class="1001" name="const_62">
<pin_list>
<pin id="63" dir="1" index="0" bw="1" slack="2147483647"/>
</pin_list>
<bind>
<StgValue><ssdm name="_ssdm_op_SpecLoopTripCount"/></StgValue>
</bind>
</comp>

<comp id="64" class="1001" name="const_64">
<pin_list>
<pin id="65" dir="1" index="0" bw="1" slack="2147483647"/>
</pin_list>
<bind>
<StgValue><ssdm name=""/></StgValue>
</bind>
</comp>

<comp id="66" class="1001" name="const_66">
<pin_list>
<pin id="67" dir="1" index="0" bw="1" slack="2147483647"/>
</pin_list>
<bind>
<StgValue><ssdm name=""/></StgValue>
</bind>
</comp>

<comp id="68" class="1001" name="const_68">
<pin_list>
<pin id="69" dir="1" index="0" bw="1" slack="2147483647"/>
</pin_list>
<bind>
<StgValue><ssdm name=""/></StgValue>
</bind>
</comp>

<comp id="70" class="1001" name="const_70">
<pin_list>
<pin id="71" dir="1" index="0" bw="1" slack="2147483647"/>
</pin_list>
<bind>
<StgValue><ssdm name="_ssdm_op_SpecLoopName"/></StgValue>
</bind>
</comp>

<comp id="72" class="1001" name="const_72">
<pin_list>
<pin id="73" dir="1" index="0" bw="1" slack="2147483647"/>
</pin_list>
<bind>
<StgValue><ssdm name="empty_37"/></StgValue>
</bind>
</comp>

<comp id="74" class="1001" name="const_74">
<pin_list>
<pin id="75" dir="1" index="0" bw="1" slack="0"/>
</pin_list>
<bind>
<StgValue><ssdm name="_ssdm_op_BitSelect.i1.i64.i32"/></StgValue>
</bind>
</comp>

<comp id="76" class="1001" name="const_76">
<pin_list>
<pin id="77" dir="1" index="0" bw="1" slack="0"/>
</pin_list>
<bind>
<StgValue><ssdm name=""/></StgValue>
</bind>
</comp>

<comp id="78" class="1001" name="const_78">
<pin_list>
<pin id="79" dir="1" index="0" bw="1" slack="0"/>
</pin_list>
<bind>
<StgValue><ssdm name="_ssdm_op_BitSelect.i1.i64.i64"/></StgValue>
</bind>
</comp>

<comp id="80" class="1001" name="const_80">
<pin_list>
<pin id="81" dir="1" index="0" bw="1" slack="0"/>
</pin_list>
<bind>
<StgValue><ssdm name=""/></StgValue>
</bind>
</comp>

<comp id="82" class="1001" name="const_82">
<pin_list>
<pin id="83" dir="1" index="0" bw="1" slack="0"/>
</pin_list>
<bind>
<StgValue><ssdm name=""/></StgValue>
</bind>
</comp>

<comp id="84" class="1001" name="const_84">
<pin_list>
<pin id="85" dir="1" index="0" bw="1" slack="0"/>
</pin_list>
<bind>
<StgValue><ssdm name="_ssdm_op_BitConcatenate.i64.i1.i63"/></StgValue>
</bind>
</comp>

<comp id="86" class="1001" name="const_86">
<pin_list>
<pin id="87" dir="1" index="0" bw="1" slack="0"/>
</pin_list>
<bind>
<StgValue><ssdm name="_ssdm_op_Write.ap_auto.i64P0A"/></StgValue>
</bind>
</comp>

<comp id="88" class="1001" name="const_88">
<pin_list>
<pin id="89" dir="1" index="0" bw="1" slack="0"/>
</pin_list>
<bind>
<StgValue><ssdm name="_ssdm_op_Write.ap_auto.i3P0A"/></StgValue>
</bind>
</comp>

<comp id="90" class="1004" name="t_33_fu_90">
<pin_list>
<pin id="91" dir="0" index="0" bw="1" slack="0"/>
<pin id="92" dir="1" index="1" bw="3" slack="0"/>
</pin_list>
<bind>
<opcode="alloca(26) " fcode="alloca"/>
<opset="t_33/1 "/>
</bind>
</comp>

<comp id="94" class="1004" name="v_35_fu_94">
<pin_list>
<pin id="95" dir="0" index="0" bw="1" slack="0"/>
<pin id="96" dir="1" index="1" bw="64" slack="0"/>
</pin_list>
<bind>
<opcode="alloca(26) " fcode="alloca"/>
<opset="v_35/1 "/>
</bind>
</comp>

<comp id="98" class="1004" name="j_24_fu_98">
<pin_list>
<pin id="99" dir="0" index="0" bw="1" slack="0"/>
<pin id="100" dir="1" index="1" bw="4" slack="0"/>
</pin_list>
<bind>
<opcode="alloca(26) " fcode="alloca"/>
<opset="j_24/1 "/>
</bind>
</comp>

<comp id="102" class="1004" name="zext_ln256_27_read_read_fu_102">
<pin_list>
<pin id="103" dir="0" index="0" bw="4" slack="0"/>
<pin id="104" dir="0" index="1" bw="4" slack="0"/>
<pin id="105" dir="1" index="2" bw="4" slack="0"/>
</pin_list>
<bind>
<opcode="read(1150) " fcode="read"/>
<opset="zext_ln256_27_read/1 "/>
</bind>
</comp>

<comp id="108" class="1004" name="zext_ln256_read_read_fu_108">
<pin_list>
<pin id="109" dir="0" index="0" bw="4" slack="0"/>
<pin id="110" dir="0" index="1" bw="4" slack="0"/>
<pin id="111" dir="1" index="2" bw="4" slack="0"/>
</pin_list>
<bind>
<opcode="read(1150) " fcode="read"/>
<opset="zext_ln256_read/1 "/>
</bind>
</comp>

<comp id="114" class="1004" name="v_read_read_fu_114">
<pin_list>
<pin id="115" dir="0" index="0" bw="64" slack="0"/>
<pin id="116" dir="0" index="1" bw="64" slack="0"/>
<pin id="117" dir="1" index="2" bw="64" slack="0"/>
</pin_list>
<bind>
<opcode="read(1150) " fcode="read"/>
<opset="v_read/1 "/>
</bind>
</comp>

<comp id="120" class="1004" name="indvars_iv_read_read_fu_120">
<pin_list>
<pin id="121" dir="0" index="0" bw="3" slack="0"/>
<pin id="122" dir="0" index="1" bw="3" slack="0"/>
<pin id="123" dir="1" index="2" bw="3" slack="0"/>
</pin_list>
<bind>
<opcode="read(1150) " fcode="read"/>
<opset="indvars_iv_read/1 "/>
</bind>
</comp>

<comp id="126" class="1004" name="write_ln0_write_fu_126">
<pin_list>
<pin id="127" dir="0" index="0" bw="0" slack="0"/>
<pin id="128" dir="0" index="1" bw="64" slack="0"/>
<pin id="129" dir="0" index="2" bw="64" slack="0"/>
<pin id="130" dir="1" index="3" bw="0" slack="2147483647"/>
</pin_list>
<bind>
<opcode="write(1151) " fcode="write"/>
<opset="write_ln0/3 "/>
</bind>
</comp>

<comp id="133" class="1004" name="write_ln0_write_fu_133">
<pin_list>
<pin id="134" dir="0" index="0" bw="0" slack="0"/>
<pin id="135" dir="0" index="1" bw="3" slack="0"/>
<pin id="136" dir="0" index="2" bw="3" slack="0"/>
<pin id="137" dir="1" index="3" bw="0" slack="2147483647"/>
</pin_list>
<bind>
<opcode="write(1151) " fcode="write"/>
<opset="write_ln0/3 "/>
</bind>
</comp>

<comp id="140" class="1004" name="PKB_addr_gep_fu_140">
<pin_list>
<pin id="141" dir="0" index="0" bw="64" slack="0"/>
<pin id="142" dir="0" index="1" bw="1" slack="0"/>
<pin id="143" dir="0" index="2" bw="5" slack="0"/>
<pin id="144" dir="1" index="3" bw="6" slack="0"/>
</pin_list>
<bind>
<opcode="getelementptr(29) " fcode="getelementptr"/>
<opset="PKB_addr/1 "/>
</bind>
</comp>

<comp id="147" class="1004" name="grp_access_fu_147">
<pin_list>
<pin id="148" dir="0" index="0" bw="6" slack="0"/>
<pin id="149" dir="0" index="1" bw="64" slack="2147483647"/>
<pin id="150" dir="0" index="2" bw="0" slack="0"/>
<pin id="152" dir="0" index="4" bw="6" slack="2147483647"/>
<pin id="153" dir="0" index="5" bw="64" slack="2147483647"/>
<pin id="154" dir="0" index="6" bw="0" slack="2147483647"/>
<pin id="151" dir="1" index="3" bw="64" slack="1"/>
<pin id="155" dir="1" index="7" bw="64" slack="1"/>
</pin_list>
<bind>
<opcode="load(27) " fcode="load"/>
<opset="PKB_load/1 PKB_load_1/1 "/>
</bind>
</comp>

<comp id="157" class="1004" name="PKB_addr_5_gep_fu_157">
<pin_list>
<pin id="158" dir="0" index="0" bw="64" slack="0"/>
<pin id="159" dir="0" index="1" bw="1" slack="0"/>
<pin id="160" dir="0" index="2" bw="6" slack="0"/>
<pin id="161" dir="1" index="3" bw="6" slack="0"/>
</pin_list>
<bind>
<opcode="getelementptr(29) " fcode="getelementptr"/>
<opset="PKB_addr_5/1 "/>
</bind>
</comp>

<comp id="165" class="1004" name="grp_digit_x_digit_fu_165">
<pin_list>
<pin id="166" dir="0" index="0" bw="128" slack="0"/>
<pin id="167" dir="0" index="1" bw="64" slack="1"/>
<pin id="168" dir="0" index="2" bw="64" slack="1"/>
<pin id="169" dir="1" index="3" bw="128" slack="0"/>
</pin_list>
<bind>
<opcode="call(48) " fcode="call"/>
<opset="call_ret/3 "/>
</bind>
</comp>

<comp id="171" class="1004" name="zext_ln256_27_cast_fu_171">
<pin_list>
<pin id="172" dir="0" index="0" bw="4" slack="0"/>
<pin id="173" dir="1" index="1" bw="5" slack="0"/>
</pin_list>
<bind>
<opcode="zext(34) " fcode="zext"/>
<opset="zext_ln256_27_cast/1 "/>
</bind>
</comp>

<comp id="175" class="1004" name="zext_ln256_cast_fu_175">
<pin_list>
<pin id="176" dir="0" index="0" bw="4" slack="0"/>
<pin id="177" dir="1" index="1" bw="64" slack="0"/>
</pin_list>
<bind>
<opcode="zext(34) " fcode="zext"/>
<opset="zext_ln256_cast/1 "/>
</bind>
</comp>

<comp id="179" class="1004" name="indvars_iv_cast_fu_179">
<pin_list>
<pin id="180" dir="0" index="0" bw="3" slack="0"/>
<pin id="181" dir="1" index="1" bw="4" slack="0"/>
</pin_list>
<bind>
<opcode="zext(34) " fcode="zext"/>
<opset="indvars_iv_cast/1 "/>
</bind>
</comp>

<comp id="183" class="1004" name="store_ln238_store_fu_183">
<pin_list>
<pin id="184" dir="0" index="0" bw="3" slack="0"/>
<pin id="185" dir="0" index="1" bw="4" slack="0"/>
<pin id="186" dir="1" index="2" bw="0" slack="2147483647"/>
</pin_list>
<bind>
<opcode="store(28) " fcode="store"/>
<opset="store_ln238/1 "/>
</bind>
</comp>

<comp id="188" class="1004" name="store_ln239_store_fu_188">
<pin_list>
<pin id="189" dir="0" index="0" bw="64" slack="0"/>
<pin id="190" dir="0" index="1" bw="64" slack="0"/>
<pin id="191" dir="1" index="2" bw="0" slack="2147483647"/>
</pin_list>
<bind>
<opcode="store(28) " fcode="store"/>
<opset="store_ln239/1 "/>
</bind>
</comp>

<comp id="193" class="1004" name="store_ln239_store_fu_193">
<pin_list>
<pin id="194" dir="0" index="0" bw="4" slack="0"/>
<pin id="195" dir="0" index="1" bw="64" slack="0"/>
<pin id="196" dir="1" index="2" bw="0" slack="2147483647"/>
</pin_list>
<bind>
<opcode="store(28) " fcode="store"/>
<opset="store_ln239/1 "/>
</bind>
</comp>

<comp id="199" class="1004" name="store_ln239_store_fu_199">
<pin_list>
<pin id="200" dir="0" index="0" bw="1" slack="0"/>
<pin id="201" dir="0" index="1" bw="3" slack="0"/>
<pin id="202" dir="1" index="2" bw="0" slack="2147483647"/>
</pin_list>
<bind>
<opcode="store(28) " fcode="store"/>
<opset="store_ln239/1 "/>
</bind>
</comp>

<comp id="204" class="1004" name="j_load_fu_204">
<pin_list>
<pin id="205" dir="0" index="0" bw="4" slack="0"/>
<pin id="206" dir="1" index="1" bw="4" slack="0"/>
</pin_list>
<bind>
<opcode="load(27) " fcode="load"/>
<opset="j/1 "/>
</bind>
</comp>

<comp id="207" class="1004" name="icmp_ln257_fu_207">
<pin_list>
<pin id="208" dir="0" index="0" bw="4" slack="0"/>
<pin id="209" dir="0" index="1" bw="4" slack="0"/>
<pin id="210" dir="1" index="2" bw="1" slack="2"/>
</pin_list>
<bind>
<opcode="icmp(45) " fcode="icmp"/>
<opset="icmp_ln257/1 "/>
</bind>
</comp>

<comp id="213" class="1004" name="zext_ln257_fu_213">
<pin_list>
<pin id="214" dir="0" index="0" bw="4" slack="0"/>
<pin id="215" dir="1" index="1" bw="5" slack="0"/>
</pin_list>
<bind>
<opcode="zext(34) " fcode="zext"/>
<opset="zext_ln257/1 "/>
</bind>
</comp>

<comp id="217" class="1004" name="shl_ln_fu_217">
<pin_list>
<pin id="218" dir="0" index="0" bw="7" slack="0"/>
<pin id="219" dir="0" index="1" bw="4" slack="0"/>
<pin id="220" dir="0" index="2" bw="1" slack="0"/>
<pin id="221" dir="1" index="3" bw="7" slack="0"/>
</pin_list>
<bind>
<opcode="bitconcatenate(1004) " fcode="bitconcatenate"/>
<opset="shl_ln/1 "/>
</bind>
</comp>

<comp id="225" class="1004" name="zext_ln258_fu_225">
<pin_list>
<pin id="226" dir="0" index="0" bw="7" slack="0"/>
<pin id="227" dir="1" index="1" bw="8" slack="0"/>
</pin_list>
<bind>
<opcode="zext(34) " fcode="zext"/>
<opset="zext_ln258/1 "/>
</bind>
</comp>

<comp id="229" class="1004" name="add_ln258_fu_229">
<pin_list>
<pin id="230" dir="0" index="0" bw="7" slack="0"/>
<pin id="231" dir="0" index="1" bw="8" slack="0"/>
<pin id="232" dir="1" index="2" bw="8" slack="0"/>
</pin_list>
<bind>
<opcode="add(8) " fcode="add"/>
<opset="add_ln258/1 "/>
</bind>
</comp>

<comp id="235" class="1004" name="lshr_ln_fu_235">
<pin_list>
<pin id="236" dir="0" index="0" bw="5" slack="0"/>
<pin id="237" dir="0" index="1" bw="8" slack="0"/>
<pin id="238" dir="0" index="2" bw="3" slack="0"/>
<pin id="239" dir="0" index="3" bw="4" slack="0"/>
<pin id="240" dir="1" index="4" bw="5" slack="0"/>
</pin_list>
<bind>
<opcode="partselect(1002) " fcode="partselect"/>
<opset="lshr_ln/1 "/>
</bind>
</comp>

<comp id="245" class="1004" name="zext_ln258_4_fu_245">
<pin_list>
<pin id="246" dir="0" index="0" bw="5" slack="0"/>
<pin id="247" dir="1" index="1" bw="64" slack="0"/>
</pin_list>
<bind>
<opcode="zext(34) " fcode="zext"/>
<opset="zext_ln258_4/1 "/>
</bind>
</comp>

<comp id="250" class="1004" name="sub_ln258_fu_250">
<pin_list>
<pin id="251" dir="0" index="0" bw="4" slack="0"/>
<pin id="252" dir="0" index="1" bw="4" slack="0"/>
<pin id="253" dir="1" index="2" bw="5" slack="0"/>
</pin_list>
<bind>
<opcode="sub(10) " fcode="sub"/>
<opset="sub_ln258/1 "/>
</bind>
</comp>

<comp id="256" class="1004" name="tmp_s_fu_256">
<pin_list>
<pin id="257" dir="0" index="0" bw="8" slack="0"/>
<pin id="258" dir="0" index="1" bw="5" slack="0"/>
<pin id="259" dir="0" index="2" bw="1" slack="0"/>
<pin id="260" dir="1" index="3" bw="8" slack="0"/>
</pin_list>
<bind>
<opcode="bitconcatenate(1004) " fcode="bitconcatenate"/>
<opset="tmp_s/1 "/>
</bind>
</comp>

<comp id="264" class="1004" name="sext_ln258_fu_264">
<pin_list>
<pin id="265" dir="0" index="0" bw="8" slack="0"/>
<pin id="266" dir="1" index="1" bw="9" slack="0"/>
</pin_list>
<bind>
<opcode="sext(35) " fcode="sext"/>
<opset="sext_ln258/1 "/>
</bind>
</comp>

<comp id="268" class="1004" name="add_ln258_1_fu_268">
<pin_list>
<pin id="269" dir="0" index="0" bw="8" slack="0"/>
<pin id="270" dir="0" index="1" bw="9" slack="0"/>
<pin id="271" dir="1" index="2" bw="9" slack="0"/>
</pin_list>
<bind>
<opcode="add(8) " fcode="add"/>
<opset="add_ln258_1/1 "/>
</bind>
</comp>

<comp id="274" class="1004" name="lshr_ln258_1_fu_274">
<pin_list>
<pin id="275" dir="0" index="0" bw="6" slack="0"/>
<pin id="276" dir="0" index="1" bw="9" slack="0"/>
<pin id="277" dir="0" index="2" bw="3" slack="0"/>
<pin id="278" dir="0" index="3" bw="5" slack="0"/>
<pin id="279" dir="1" index="4" bw="6" slack="0"/>
</pin_list>
<bind>
<opcode="partselect(1002) " fcode="partselect"/>
<opset="lshr_ln258_1/1 "/>
</bind>
</comp>

<comp id="284" class="1004" name="zext_ln258_5_fu_284">
<pin_list>
<pin id="285" dir="0" index="0" bw="6" slack="0"/>
<pin id="286" dir="1" index="1" bw="64" slack="0"/>
</pin_list>
<bind>
<opcode="zext(34) " fcode="zext"/>
<opset="zext_ln258_5/1 "/>
</bind>
</comp>

<comp id="289" class="1004" name="add_ln257_fu_289">
<pin_list>
<pin id="290" dir="0" index="0" bw="4" slack="0"/>
<pin id="291" dir="0" index="1" bw="1" slack="0"/>
<pin id="292" dir="1" index="2" bw="4" slack="0"/>
</pin_list>
<bind>
<opcode="add(8) " fcode="add"/>
<opset="add_ln257/1 "/>
</bind>
</comp>

<comp id="295" class="1004" name="store_ln238_store_fu_295">
<pin_list>
<pin id="296" dir="0" index="0" bw="4" slack="0"/>
<pin id="297" dir="0" index="1" bw="4" slack="0"/>
<pin id="298" dir="1" index="2" bw="0" slack="2147483647"/>
</pin_list>
<bind>
<opcode="store(28) " fcode="store"/>
<opset="store_ln238/1 "/>
</bind>
</comp>

<comp id="300" class="1004" name="t_33_load_load_fu_300">
<pin_list>
<pin id="301" dir="0" index="0" bw="3" slack="3"/>
<pin id="302" dir="1" index="1" bw="3" slack="0"/>
</pin_list>
<bind>
<opcode="load(27) " fcode="load"/>
<opset="t_33_load/4 "/>
</bind>
</comp>

<comp id="303" class="1004" name="u_34_out_load_load_fu_303">
<pin_list>
<pin id="304" dir="0" index="0" bw="64" slack="0"/>
<pin id="305" dir="1" index="1" bw="64" slack="0"/>
</pin_list>
<bind>
<opcode="load(27) " fcode="load"/>
<opset="u_34_out_load/4 "/>
</bind>
</comp>

<comp id="307" class="1004" name="v_35_load_load_fu_307">
<pin_list>
<pin id="308" dir="0" index="0" bw="64" slack="3"/>
<pin id="309" dir="1" index="1" bw="64" slack="0"/>
</pin_list>
<bind>
<opcode="load(27) " fcode="load"/>
<opset="v_35_load/4 "/>
</bind>
</comp>

<comp id="310" class="1004" name="UV_fu_310">
<pin_list>
<pin id="311" dir="0" index="0" bw="128" slack="0"/>
<pin id="312" dir="1" index="1" bw="64" slack="0"/>
</pin_list>
<bind>
<opcode="extractvalue(56) " fcode="extractvalue"/>
<opset="UV/4 "/>
</bind>
</comp>

<comp id="314" class="1004" name="UV_91_fu_314">
<pin_list>
<pin id="315" dir="0" index="0" bw="128" slack="0"/>
<pin id="316" dir="1" index="1" bw="64" slack="0"/>
</pin_list>
<bind>
<opcode="extractvalue(56) " fcode="extractvalue"/>
<opset="UV_91/4 "/>
</bind>
</comp>

<comp id="318" class="1004" name="v_254_fu_318">
<pin_list>
<pin id="319" dir="0" index="0" bw="64" slack="0"/>
<pin id="320" dir="0" index="1" bw="64" slack="0"/>
<pin id="321" dir="1" index="2" bw="64" slack="0"/>
</pin_list>
<bind>
<opcode="add(8) " fcode="add"/>
<opset="v_254/4 "/>
</bind>
</comp>

<comp id="324" class="1004" name="xor_ln105_73_fu_324">
<pin_list>
<pin id="325" dir="0" index="0" bw="64" slack="0"/>
<pin id="326" dir="0" index="1" bw="64" slack="0"/>
<pin id="327" dir="1" index="2" bw="64" slack="0"/>
</pin_list>
<bind>
<opcode="xor(25) " fcode="xor"/>
<opset="xor_ln105_73/4 "/>
</bind>
</comp>

<comp id="330" class="1004" name="xor_ln105_74_fu_330">
<pin_list>
<pin id="331" dir="0" index="0" bw="64" slack="0"/>
<pin id="332" dir="0" index="1" bw="64" slack="0"/>
<pin id="333" dir="1" index="2" bw="64" slack="0"/>
</pin_list>
<bind>
<opcode="xor(25) " fcode="xor"/>
<opset="xor_ln105_74/4 "/>
</bind>
</comp>

<comp id="336" class="1004" name="or_ln105_15_fu_336">
<pin_list>
<pin id="337" dir="0" index="0" bw="64" slack="0"/>
<pin id="338" dir="0" index="1" bw="64" slack="0"/>
<pin id="339" dir="1" index="2" bw="64" slack="0"/>
</pin_list>
<bind>
<opcode="or(24) " fcode="or"/>
<opset="or_ln105_15/4 "/>
</bind>
</comp>

<comp id="342" class="1004" name="xor_ln105_75_fu_342">
<pin_list>
<pin id="343" dir="0" index="0" bw="64" slack="0"/>
<pin id="344" dir="0" index="1" bw="64" slack="0"/>
<pin id="345" dir="1" index="2" bw="64" slack="0"/>
</pin_list>
<bind>
<opcode="xor(25) " fcode="xor"/>
<opset="xor_ln105_75/4 "/>
</bind>
</comp>

<comp id="348" class="1004" name="carry_fu_348">
<pin_list>
<pin id="349" dir="0" index="0" bw="1" slack="0"/>
<pin id="350" dir="0" index="1" bw="64" slack="0"/>
<pin id="351" dir="0" index="2" bw="7" slack="0"/>
<pin id="352" dir="1" index="3" bw="1" slack="0"/>
</pin_list>
<bind>
<opcode="bitselect(1000) " fcode="bitselect"/>
<opset="carry/4 "/>
</bind>
</comp>

<comp id="356" class="1004" name="zext_ln105_fu_356">
<pin_list>
<pin id="357" dir="0" index="0" bw="1" slack="0"/>
<pin id="358" dir="1" index="1" bw="64" slack="0"/>
</pin_list>
<bind>
<opcode="zext(34) " fcode="zext"/>
<opset="zext_ln105/4 "/>
</bind>
</comp>

<comp id="360" class="1004" name="tempReg_97_fu_360">
<pin_list>
<pin id="361" dir="0" index="0" bw="64" slack="0"/>
<pin id="362" dir="0" index="1" bw="1" slack="0"/>
<pin id="363" dir="1" index="2" bw="64" slack="0"/>
</pin_list>
<bind>
<opcode="add(8) " fcode="add"/>
<opset="tempReg_97/4 "/>
</bind>
</comp>

<comp id="366" class="1004" name="u_fu_366">
<pin_list>
<pin id="367" dir="0" index="0" bw="64" slack="0"/>
<pin id="368" dir="0" index="1" bw="64" slack="0"/>
<pin id="369" dir="1" index="2" bw="64" slack="0"/>
</pin_list>
<bind>
<opcode="add(8) " fcode="add"/>
<opset="u/4 "/>
</bind>
</comp>

<comp id="372" class="1004" name="xor_ln260_fu_372">
<pin_list>
<pin id="373" dir="0" index="0" bw="64" slack="0"/>
<pin id="374" dir="0" index="1" bw="64" slack="0"/>
<pin id="375" dir="1" index="2" bw="64" slack="0"/>
</pin_list>
<bind>
<opcode="xor(25) " fcode="xor"/>
<opset="xor_ln260/4 "/>
</bind>
</comp>

<comp id="378" class="1004" name="xor_ln260_43_fu_378">
<pin_list>
<pin id="379" dir="0" index="0" bw="64" slack="0"/>
<pin id="380" dir="0" index="1" bw="64" slack="0"/>
<pin id="381" dir="1" index="2" bw="64" slack="0"/>
</pin_list>
<bind>
<opcode="xor(25) " fcode="xor"/>
<opset="xor_ln260_43/4 "/>
</bind>
</comp>

<comp id="384" class="1004" name="or_ln260_fu_384">
<pin_list>
<pin id="385" dir="0" index="0" bw="64" slack="0"/>
<pin id="386" dir="0" index="1" bw="64" slack="0"/>
<pin id="387" dir="1" index="2" bw="64" slack="0"/>
</pin_list>
<bind>
<opcode="or(24) " fcode="or"/>
<opset="or_ln260/4 "/>
</bind>
</comp>

<comp id="390" class="1004" name="bit_sel1_fu_390">
<pin_list>
<pin id="391" dir="0" index="0" bw="1" slack="0"/>
<pin id="392" dir="0" index="1" bw="64" slack="0"/>
<pin id="393" dir="0" index="2" bw="7" slack="0"/>
<pin id="394" dir="1" index="3" bw="1" slack="0"/>
</pin_list>
<bind>
<opcode="bitselect(1000) " fcode="bitselect"/>
<opset="bit_sel1/4 "/>
</bind>
</comp>

<comp id="398" class="1004" name="xor_ln260_46_fu_398">
<pin_list>
<pin id="399" dir="0" index="0" bw="1" slack="0"/>
<pin id="400" dir="0" index="1" bw="1" slack="0"/>
<pin id="401" dir="1" index="2" bw="1" slack="0"/>
</pin_list>
<bind>
<opcode="xor(25) " fcode="xor"/>
<opset="xor_ln260_46/4 "/>
</bind>
</comp>

<comp id="404" class="1004" name="trunc_ln260_fu_404">
<pin_list>
<pin id="405" dir="0" index="0" bw="64" slack="0"/>
<pin id="406" dir="1" index="1" bw="63" slack="0"/>
</pin_list>
<bind>
<opcode="trunc(33) " fcode="trunc"/>
<opset="trunc_ln260/4 "/>
</bind>
</comp>

<comp id="408" class="1004" name="xor_ln260_s_fu_408">
<pin_list>
<pin id="409" dir="0" index="0" bw="64" slack="0"/>
<pin id="410" dir="0" index="1" bw="1" slack="0"/>
<pin id="411" dir="0" index="2" bw="63" slack="0"/>
<pin id="412" dir="1" index="3" bw="64" slack="0"/>
</pin_list>
<bind>
<opcode="bitconcatenate(1004) " fcode="bitconcatenate"/>
<opset="xor_ln260_s/4 "/>
</bind>
</comp>

<comp id="416" class="1004" name="and_ln260_fu_416">
<pin_list>
<pin id="417" dir="0" index="0" bw="64" slack="0"/>
<pin id="418" dir="0" index="1" bw="64" slack="0"/>
<pin id="419" dir="1" index="2" bw="64" slack="0"/>
</pin_list>
<bind>
<opcode="and(23) " fcode="and"/>
<opset="and_ln260/4 "/>
</bind>
</comp>

<comp id="422" class="1004" name="xor_ln260_45_fu_422">
<pin_list>
<pin id="423" dir="0" index="0" bw="64" slack="0"/>
<pin id="424" dir="0" index="1" bw="64" slack="0"/>
<pin id="425" dir="1" index="2" bw="64" slack="0"/>
</pin_list>
<bind>
<opcode="xor(25) " fcode="xor"/>
<opset="xor_ln260_45/4 "/>
</bind>
</comp>

<comp id="428" class="1004" name="or_ln260_15_fu_428">
<pin_list>
<pin id="429" dir="0" index="0" bw="64" slack="0"/>
<pin id="430" dir="0" index="1" bw="64" slack="0"/>
<pin id="431" dir="1" index="2" bw="64" slack="0"/>
</pin_list>
<bind>
<opcode="or(24) " fcode="or"/>
<opset="or_ln260_15/4 "/>
</bind>
</comp>

<comp id="434" class="1004" name="tmp_fu_434">
<pin_list>
<pin id="435" dir="0" index="0" bw="1" slack="0"/>
<pin id="436" dir="0" index="1" bw="64" slack="0"/>
<pin id="437" dir="0" index="2" bw="7" slack="0"/>
<pin id="438" dir="1" index="3" bw="1" slack="0"/>
</pin_list>
<bind>
<opcode="bitselect(1000) " fcode="bitselect"/>
<opset="tmp/4 "/>
</bind>
</comp>

<comp id="442" class="1004" name="zext_ln261_fu_442">
<pin_list>
<pin id="443" dir="0" index="0" bw="1" slack="0"/>
<pin id="444" dir="1" index="1" bw="3" slack="0"/>
</pin_list>
<bind>
<opcode="zext(34) " fcode="zext"/>
<opset="zext_ln261/4 "/>
</bind>
</comp>

<comp id="446" class="1004" name="t_fu_446">
<pin_list>
<pin id="447" dir="0" index="0" bw="1" slack="0"/>
<pin id="448" dir="0" index="1" bw="3" slack="0"/>
<pin id="449" dir="1" index="2" bw="3" slack="0"/>
</pin_list>
<bind>
<opcode="add(8) " fcode="add"/>
<opset="t/4 "/>
</bind>
</comp>

<comp id="452" class="1004" name="store_ln239_store_fu_452">
<pin_list>
<pin id="453" dir="0" index="0" bw="64" slack="0"/>
<pin id="454" dir="0" index="1" bw="64" slack="3"/>
<pin id="455" dir="1" index="2" bw="0" slack="2147483647"/>
</pin_list>
<bind>
<opcode="store(28) " fcode="store"/>
<opset="store_ln239/4 "/>
</bind>
</comp>

<comp id="457" class="1004" name="store_ln239_store_fu_457">
<pin_list>
<pin id="458" dir="0" index="0" bw="64" slack="0"/>
<pin id="459" dir="0" index="1" bw="64" slack="0"/>
<pin id="460" dir="1" index="2" bw="0" slack="2147483647"/>
</pin_list>
<bind>
<opcode="store(28) " fcode="store"/>
<opset="store_ln239/4 "/>
</bind>
</comp>

<comp id="463" class="1004" name="store_ln239_store_fu_463">
<pin_list>
<pin id="464" dir="0" index="0" bw="3" slack="0"/>
<pin id="465" dir="0" index="1" bw="3" slack="3"/>
<pin id="466" dir="1" index="2" bw="0" slack="2147483647"/>
</pin_list>
<bind>
<opcode="store(28) " fcode="store"/>
<opset="store_ln239/4 "/>
</bind>
</comp>

<comp id="468" class="1004" name="t_33_load11_load_fu_468">
<pin_list>
<pin id="469" dir="0" index="0" bw="3" slack="2"/>
<pin id="470" dir="1" index="1" bw="3" slack="0"/>
</pin_list>
<bind>
<opcode="load(27) " fcode="load"/>
<opset="t_33_load11/3 "/>
</bind>
</comp>

<comp id="472" class="1004" name="v_35_load_10_load_fu_472">
<pin_list>
<pin id="473" dir="0" index="0" bw="64" slack="2"/>
<pin id="474" dir="1" index="1" bw="64" slack="0"/>
</pin_list>
<bind>
<opcode="load(27) " fcode="load"/>
<opset="v_35_load_10/3 "/>
</bind>
</comp>

<comp id="476" class="1005" name="t_33_reg_476">
<pin_list>
<pin id="477" dir="0" index="0" bw="3" slack="0"/>
<pin id="478" dir="1" index="1" bw="3" slack="0"/>
</pin_list>
<bind>
<opset="t_33 "/>
</bind>
</comp>

<comp id="484" class="1005" name="v_35_reg_484">
<pin_list>
<pin id="485" dir="0" index="0" bw="64" slack="0"/>
<pin id="486" dir="1" index="1" bw="64" slack="0"/>
</pin_list>
<bind>
<opset="v_35 "/>
</bind>
</comp>

<comp id="492" class="1005" name="j_24_reg_492">
<pin_list>
<pin id="493" dir="0" index="0" bw="4" slack="0"/>
<pin id="494" dir="1" index="1" bw="4" slack="0"/>
</pin_list>
<bind>
<opset="j_24 "/>
</bind>
</comp>

<comp id="499" class="1005" name="icmp_ln257_reg_499">
<pin_list>
<pin id="500" dir="0" index="0" bw="1" slack="2"/>
<pin id="501" dir="1" index="1" bw="1" slack="2147483647"/>
</pin_list>
<bind>
<opset="icmp_ln257 "/>
</bind>
</comp>

<comp id="503" class="1005" name="PKB_addr_reg_503">
<pin_list>
<pin id="504" dir="0" index="0" bw="6" slack="1"/>
<pin id="505" dir="1" index="1" bw="6" slack="1"/>
</pin_list>
<bind>
<opset="PKB_addr "/>
</bind>
</comp>

<comp id="508" class="1005" name="PKB_addr_5_reg_508">
<pin_list>
<pin id="509" dir="0" index="0" bw="6" slack="1"/>
<pin id="510" dir="1" index="1" bw="6" slack="1"/>
</pin_list>
<bind>
<opset="PKB_addr_5 "/>
</bind>
</comp>

<comp id="513" class="1005" name="PKB_load_reg_513">
<pin_list>
<pin id="514" dir="0" index="0" bw="64" slack="1"/>
<pin id="515" dir="1" index="1" bw="64" slack="1"/>
</pin_list>
<bind>
<opset="PKB_load "/>
</bind>
</comp>

<comp id="518" class="1005" name="PKB_load_1_reg_518">
<pin_list>
<pin id="519" dir="0" index="0" bw="64" slack="1"/>
<pin id="520" dir="1" index="1" bw="64" slack="1"/>
</pin_list>
<bind>
<opset="PKB_load_1 "/>
</bind>
</comp>

</comp_list>

<net_list>
<net id="93"><net_src comp="16" pin="0"/><net_sink comp="90" pin=0"/></net>

<net id="97"><net_src comp="16" pin="0"/><net_sink comp="94" pin=0"/></net>

<net id="101"><net_src comp="16" pin="0"/><net_sink comp="98" pin=0"/></net>

<net id="106"><net_src comp="20" pin="0"/><net_sink comp="102" pin=0"/></net>

<net id="107"><net_src comp="8" pin="0"/><net_sink comp="102" pin=1"/></net>

<net id="112"><net_src comp="20" pin="0"/><net_sink comp="108" pin=0"/></net>

<net id="113"><net_src comp="4" pin="0"/><net_sink comp="108" pin=1"/></net>

<net id="118"><net_src comp="22" pin="0"/><net_sink comp="114" pin=0"/></net>

<net id="119"><net_src comp="2" pin="0"/><net_sink comp="114" pin=1"/></net>

<net id="124"><net_src comp="24" pin="0"/><net_sink comp="120" pin=0"/></net>

<net id="125"><net_src comp="0" pin="0"/><net_sink comp="120" pin=1"/></net>

<net id="131"><net_src comp="86" pin="0"/><net_sink comp="126" pin=0"/></net>

<net id="132"><net_src comp="10" pin="0"/><net_sink comp="126" pin=1"/></net>

<net id="138"><net_src comp="88" pin="0"/><net_sink comp="133" pin=0"/></net>

<net id="139"><net_src comp="14" pin="0"/><net_sink comp="133" pin=1"/></net>

<net id="145"><net_src comp="6" pin="0"/><net_sink comp="140" pin=0"/></net>

<net id="146"><net_src comp="40" pin="0"/><net_sink comp="140" pin=1"/></net>

<net id="156"><net_src comp="140" pin="3"/><net_sink comp="147" pin=2"/></net>

<net id="162"><net_src comp="6" pin="0"/><net_sink comp="157" pin=0"/></net>

<net id="163"><net_src comp="40" pin="0"/><net_sink comp="157" pin=1"/></net>

<net id="164"><net_src comp="157" pin="3"/><net_sink comp="147" pin=0"/></net>

<net id="170"><net_src comp="52" pin="0"/><net_sink comp="165" pin=0"/></net>

<net id="174"><net_src comp="102" pin="2"/><net_sink comp="171" pin=0"/></net>

<net id="178"><net_src comp="108" pin="2"/><net_sink comp="175" pin=0"/></net>

<net id="182"><net_src comp="120" pin="2"/><net_sink comp="179" pin=0"/></net>

<net id="187"><net_src comp="179" pin="1"/><net_sink comp="183" pin=0"/></net>

<net id="192"><net_src comp="114" pin="2"/><net_sink comp="188" pin=0"/></net>

<net id="197"><net_src comp="175" pin="1"/><net_sink comp="193" pin=0"/></net>

<net id="198"><net_src comp="12" pin="0"/><net_sink comp="193" pin=1"/></net>

<net id="203"><net_src comp="26" pin="0"/><net_sink comp="199" pin=0"/></net>

<net id="211"><net_src comp="204" pin="1"/><net_sink comp="207" pin=0"/></net>

<net id="212"><net_src comp="28" pin="0"/><net_sink comp="207" pin=1"/></net>

<net id="216"><net_src comp="204" pin="1"/><net_sink comp="213" pin=0"/></net>

<net id="222"><net_src comp="30" pin="0"/><net_sink comp="217" pin=0"/></net>

<net id="223"><net_src comp="204" pin="1"/><net_sink comp="217" pin=1"/></net>

<net id="224"><net_src comp="26" pin="0"/><net_sink comp="217" pin=2"/></net>

<net id="228"><net_src comp="217" pin="3"/><net_sink comp="225" pin=0"/></net>

<net id="233"><net_src comp="225" pin="1"/><net_sink comp="229" pin=0"/></net>

<net id="234"><net_src comp="32" pin="0"/><net_sink comp="229" pin=1"/></net>

<net id="241"><net_src comp="34" pin="0"/><net_sink comp="235" pin=0"/></net>

<net id="242"><net_src comp="229" pin="2"/><net_sink comp="235" pin=1"/></net>

<net id="243"><net_src comp="36" pin="0"/><net_sink comp="235" pin=2"/></net>

<net id="244"><net_src comp="38" pin="0"/><net_sink comp="235" pin=3"/></net>

<net id="248"><net_src comp="235" pin="4"/><net_sink comp="245" pin=0"/></net>

<net id="249"><net_src comp="245" pin="1"/><net_sink comp="140" pin=2"/></net>

<net id="254"><net_src comp="171" pin="1"/><net_sink comp="250" pin=0"/></net>

<net id="255"><net_src comp="213" pin="1"/><net_sink comp="250" pin=1"/></net>

<net id="261"><net_src comp="42" pin="0"/><net_sink comp="256" pin=0"/></net>

<net id="262"><net_src comp="250" pin="2"/><net_sink comp="256" pin=1"/></net>

<net id="263"><net_src comp="26" pin="0"/><net_sink comp="256" pin=2"/></net>

<net id="267"><net_src comp="256" pin="3"/><net_sink comp="264" pin=0"/></net>

<net id="272"><net_src comp="264" pin="1"/><net_sink comp="268" pin=0"/></net>

<net id="273"><net_src comp="44" pin="0"/><net_sink comp="268" pin=1"/></net>

<net id="280"><net_src comp="46" pin="0"/><net_sink comp="274" pin=0"/></net>

<net id="281"><net_src comp="268" pin="2"/><net_sink comp="274" pin=1"/></net>

<net id="282"><net_src comp="36" pin="0"/><net_sink comp="274" pin=2"/></net>

<net id="283"><net_src comp="48" pin="0"/><net_sink comp="274" pin=3"/></net>

<net id="287"><net_src comp="274" pin="4"/><net_sink comp="284" pin=0"/></net>

<net id="288"><net_src comp="284" pin="1"/><net_sink comp="157" pin=2"/></net>

<net id="293"><net_src comp="204" pin="1"/><net_sink comp="289" pin=0"/></net>

<net id="294"><net_src comp="50" pin="0"/><net_sink comp="289" pin=1"/></net>

<net id="299"><net_src comp="289" pin="2"/><net_sink comp="295" pin=0"/></net>

<net id="306"><net_src comp="12" pin="0"/><net_sink comp="303" pin=0"/></net>

<net id="313"><net_src comp="165" pin="3"/><net_sink comp="310" pin=0"/></net>

<net id="317"><net_src comp="165" pin="3"/><net_sink comp="314" pin=0"/></net>

<net id="322"><net_src comp="310" pin="1"/><net_sink comp="318" pin=0"/></net>

<net id="323"><net_src comp="307" pin="1"/><net_sink comp="318" pin=1"/></net>

<net id="328"><net_src comp="318" pin="2"/><net_sink comp="324" pin=0"/></net>

<net id="329"><net_src comp="310" pin="1"/><net_sink comp="324" pin=1"/></net>

<net id="334"><net_src comp="310" pin="1"/><net_sink comp="330" pin=0"/></net>

<net id="335"><net_src comp="307" pin="1"/><net_sink comp="330" pin=1"/></net>

<net id="340"><net_src comp="324" pin="2"/><net_sink comp="336" pin=0"/></net>

<net id="341"><net_src comp="330" pin="2"/><net_sink comp="336" pin=1"/></net>

<net id="346"><net_src comp="336" pin="2"/><net_sink comp="342" pin=0"/></net>

<net id="347"><net_src comp="318" pin="2"/><net_sink comp="342" pin=1"/></net>

<net id="353"><net_src comp="74" pin="0"/><net_sink comp="348" pin=0"/></net>

<net id="354"><net_src comp="342" pin="2"/><net_sink comp="348" pin=1"/></net>

<net id="355"><net_src comp="76" pin="0"/><net_sink comp="348" pin=2"/></net>

<net id="359"><net_src comp="348" pin="3"/><net_sink comp="356" pin=0"/></net>

<net id="364"><net_src comp="314" pin="1"/><net_sink comp="360" pin=0"/></net>

<net id="365"><net_src comp="356" pin="1"/><net_sink comp="360" pin=1"/></net>

<net id="370"><net_src comp="360" pin="2"/><net_sink comp="366" pin=0"/></net>

<net id="371"><net_src comp="303" pin="1"/><net_sink comp="366" pin=1"/></net>

<net id="376"><net_src comp="366" pin="2"/><net_sink comp="372" pin=0"/></net>

<net id="377"><net_src comp="360" pin="2"/><net_sink comp="372" pin=1"/></net>

<net id="382"><net_src comp="360" pin="2"/><net_sink comp="378" pin=0"/></net>

<net id="383"><net_src comp="303" pin="1"/><net_sink comp="378" pin=1"/></net>

<net id="388"><net_src comp="372" pin="2"/><net_sink comp="384" pin=0"/></net>

<net id="389"><net_src comp="378" pin="2"/><net_sink comp="384" pin=1"/></net>

<net id="395"><net_src comp="78" pin="0"/><net_sink comp="390" pin=0"/></net>

<net id="396"><net_src comp="360" pin="2"/><net_sink comp="390" pin=1"/></net>

<net id="397"><net_src comp="80" pin="0"/><net_sink comp="390" pin=2"/></net>

<net id="402"><net_src comp="390" pin="3"/><net_sink comp="398" pin=0"/></net>

<net id="403"><net_src comp="82" pin="0"/><net_sink comp="398" pin=1"/></net>

<net id="407"><net_src comp="360" pin="2"/><net_sink comp="404" pin=0"/></net>

<net id="413"><net_src comp="84" pin="0"/><net_sink comp="408" pin=0"/></net>

<net id="414"><net_src comp="398" pin="2"/><net_sink comp="408" pin=1"/></net>

<net id="415"><net_src comp="404" pin="1"/><net_sink comp="408" pin=2"/></net>

<net id="420"><net_src comp="408" pin="3"/><net_sink comp="416" pin=0"/></net>

<net id="421"><net_src comp="314" pin="1"/><net_sink comp="416" pin=1"/></net>

<net id="426"><net_src comp="384" pin="2"/><net_sink comp="422" pin=0"/></net>

<net id="427"><net_src comp="366" pin="2"/><net_sink comp="422" pin=1"/></net>

<net id="432"><net_src comp="422" pin="2"/><net_sink comp="428" pin=0"/></net>

<net id="433"><net_src comp="416" pin="2"/><net_sink comp="428" pin=1"/></net>

<net id="439"><net_src comp="74" pin="0"/><net_sink comp="434" pin=0"/></net>

<net id="440"><net_src comp="428" pin="2"/><net_sink comp="434" pin=1"/></net>

<net id="441"><net_src comp="76" pin="0"/><net_sink comp="434" pin=2"/></net>

<net id="445"><net_src comp="434" pin="3"/><net_sink comp="442" pin=0"/></net>

<net id="450"><net_src comp="442" pin="1"/><net_sink comp="446" pin=0"/></net>

<net id="451"><net_src comp="300" pin="1"/><net_sink comp="446" pin=1"/></net>

<net id="456"><net_src comp="318" pin="2"/><net_sink comp="452" pin=0"/></net>

<net id="461"><net_src comp="366" pin="2"/><net_sink comp="457" pin=0"/></net>

<net id="462"><net_src comp="12" pin="0"/><net_sink comp="457" pin=1"/></net>

<net id="467"><net_src comp="446" pin="2"/><net_sink comp="463" pin=0"/></net>

<net id="471"><net_src comp="468" pin="1"/><net_sink comp="133" pin=2"/></net>

<net id="475"><net_src comp="472" pin="1"/><net_sink comp="126" pin=2"/></net>

<net id="479"><net_src comp="90" pin="1"/><net_sink comp="476" pin=0"/></net>

<net id="480"><net_src comp="476" pin="1"/><net_sink comp="199" pin=1"/></net>

<net id="481"><net_src comp="476" pin="1"/><net_sink comp="300" pin=0"/></net>

<net id="482"><net_src comp="476" pin="1"/><net_sink comp="463" pin=1"/></net>

<net id="483"><net_src comp="476" pin="1"/><net_sink comp="468" pin=0"/></net>

<net id="487"><net_src comp="94" pin="1"/><net_sink comp="484" pin=0"/></net>

<net id="488"><net_src comp="484" pin="1"/><net_sink comp="188" pin=1"/></net>

<net id="489"><net_src comp="484" pin="1"/><net_sink comp="307" pin=0"/></net>

<net id="490"><net_src comp="484" pin="1"/><net_sink comp="452" pin=1"/></net>

<net id="491"><net_src comp="484" pin="1"/><net_sink comp="472" pin=0"/></net>

<net id="495"><net_src comp="98" pin="1"/><net_sink comp="492" pin=0"/></net>

<net id="496"><net_src comp="492" pin="1"/><net_sink comp="183" pin=1"/></net>

<net id="497"><net_src comp="492" pin="1"/><net_sink comp="204" pin=0"/></net>

<net id="498"><net_src comp="492" pin="1"/><net_sink comp="295" pin=1"/></net>

<net id="502"><net_src comp="207" pin="2"/><net_sink comp="499" pin=0"/></net>

<net id="506"><net_src comp="140" pin="3"/><net_sink comp="503" pin=0"/></net>

<net id="507"><net_src comp="503" pin="1"/><net_sink comp="147" pin=2"/></net>

<net id="511"><net_src comp="157" pin="3"/><net_sink comp="508" pin=0"/></net>

<net id="512"><net_src comp="508" pin="1"/><net_sink comp="147" pin=0"/></net>

<net id="516"><net_src comp="147" pin="7"/><net_sink comp="513" pin=0"/></net>

<net id="517"><net_src comp="513" pin="1"/><net_sink comp="165" pin=1"/></net>

<net id="521"><net_src comp="147" pin="3"/><net_sink comp="518" pin=0"/></net>

<net id="522"><net_src comp="518" pin="1"/><net_sink comp="165" pin=2"/></net>

</net_list>

</model> 
---------------- Datapath Model END ------------------

* FSMD analyzer results:
  - Output states:
	Port: v_35_out | {3 }
	Port: u_34_out | {1 4 }
	Port: t_33_out | {3 }
 - Input state : 
	Port: mp_mul.137_Pipeline_VITIS_LOOP_257_4 : indvars_iv | {1 }
	Port: mp_mul.137_Pipeline_VITIS_LOOP_257_4 : v | {1 }
	Port: mp_mul.137_Pipeline_VITIS_LOOP_257_4 : zext_ln256 | {1 }
	Port: mp_mul.137_Pipeline_VITIS_LOOP_257_4 : PKB | {1 2 }
	Port: mp_mul.137_Pipeline_VITIS_LOOP_257_4 : zext_ln256_27 | {1 }
	Port: mp_mul.137_Pipeline_VITIS_LOOP_257_4 : u_34_out | {4 }
  - Chain level:
	State 1
		store_ln238 : 1
		store_ln239 : 1
		store_ln239 : 1
		j : 1
		icmp_ln257 : 2
		br_ln257 : 3
		zext_ln257 : 2
		shl_ln : 2
		zext_ln258 : 3
		add_ln258 : 4
		lshr_ln : 5
		zext_ln258_4 : 6
		PKB_addr : 7
		PKB_load : 8
		sub_ln258 : 3
		tmp_s : 4
		sext_ln258 : 5
		add_ln258_1 : 6
		lshr_ln258_1 : 7
		zext_ln258_5 : 8
		PKB_addr_5 : 9
		PKB_load_1 : 10
		add_ln257 : 2
		store_ln238 : 3
	State 2
	State 3
		write_ln0 : 1
		write_ln0 : 1
	State 4
		UV : 1
		UV_91 : 1
		v_254 : 2
		xor_ln105_73 : 3
		xor_ln105_74 : 2
		or_ln105_15 : 3
		xor_ln105_75 : 3
		carry : 3
		zext_ln105 : 4
		tempReg_97 : 5
		u : 6
		xor_ln260 : 7
		xor_ln260_43 : 6
		or_ln260 : 7
		bit_sel1 : 6
		xor_ln260_46 : 7
		trunc_ln260 : 6
		xor_ln260_s : 7
		and_ln260 : 8
		xor_ln260_45 : 7
		or_ln260_15 : 8
		tmp : 8
		zext_ln261 : 9
		t : 10
		store_ln239 : 3
		store_ln239 : 7
		store_ln239 : 11


============================================================
+ Verbose Summary: Datapath Resource usage 
============================================================

* Functional unit list:
|----------|--------------------------------|---------|---------|---------|
| Operation|         Functional Unit        |   DSP   |    FF   |   LUT   |
|----------|--------------------------------|---------|---------|---------|
|   call   |    grp_digit_x_digit_fu_165    |    16   |   130   |   476   |
|----------|--------------------------------|---------|---------|---------|
|          |       xor_ln105_73_fu_324      |    0    |    0    |    64   |
|          |       xor_ln105_74_fu_330      |    0    |    0    |    64   |
|          |       xor_ln105_75_fu_342      |    0    |    0    |    64   |
|    xor   |        xor_ln260_fu_372        |    0    |    0    |    64   |
|          |       xor_ln260_43_fu_378      |    0    |    0    |    64   |
|          |       xor_ln260_46_fu_398      |    0    |    0    |    2    |
|          |       xor_ln260_45_fu_422      |    0    |    0    |    64   |
|----------|--------------------------------|---------|---------|---------|
|          |        add_ln258_fu_229        |    0    |    0    |    15   |
|          |       add_ln258_1_fu_268       |    0    |    0    |    16   |
|          |        add_ln257_fu_289        |    0    |    0    |    12   |
|    add   |          v_254_fu_318          |    0    |    0    |    71   |
|          |        tempReg_97_fu_360       |    0    |    0    |    71   |
|          |            u_fu_366            |    0    |    0    |    71   |
|          |            t_fu_446            |    0    |    0    |    10   |
|----------|--------------------------------|---------|---------|---------|
|          |       or_ln105_15_fu_336       |    0    |    0    |    64   |
|    or    |         or_ln260_fu_384        |    0    |    0    |    64   |
|          |       or_ln260_15_fu_428       |    0    |    0    |    64   |
|----------|--------------------------------|---------|---------|---------|
|    and   |        and_ln260_fu_416        |    0    |    0    |    64   |
|----------|--------------------------------|---------|---------|---------|
|   icmp   |        icmp_ln257_fu_207       |    0    |    0    |    12   |
|----------|--------------------------------|---------|---------|---------|
|    sub   |        sub_ln258_fu_250        |    0    |    0    |    12   |
|----------|--------------------------------|---------|---------|---------|
|          | zext_ln256_27_read_read_fu_102 |    0    |    0    |    0    |
|   read   |   zext_ln256_read_read_fu_108  |    0    |    0    |    0    |
|          |       v_read_read_fu_114       |    0    |    0    |    0    |
|          |   indvars_iv_read_read_fu_120  |    0    |    0    |    0    |
|----------|--------------------------------|---------|---------|---------|
|   write  |     write_ln0_write_fu_126     |    0    |    0    |    0    |
|          |     write_ln0_write_fu_133     |    0    |    0    |    0    |
|----------|--------------------------------|---------|---------|---------|
|          |    zext_ln256_27_cast_fu_171   |    0    |    0    |    0    |
|          |     zext_ln256_cast_fu_175     |    0    |    0    |    0    |
|          |     indvars_iv_cast_fu_179     |    0    |    0    |    0    |
|          |        zext_ln257_fu_213       |    0    |    0    |    0    |
|   zext   |        zext_ln258_fu_225       |    0    |    0    |    0    |
|          |       zext_ln258_4_fu_245      |    0    |    0    |    0    |
|          |       zext_ln258_5_fu_284      |    0    |    0    |    0    |
|          |        zext_ln105_fu_356       |    0    |    0    |    0    |
|          |        zext_ln261_fu_442       |    0    |    0    |    0    |
|----------|--------------------------------|---------|---------|---------|
|          |          shl_ln_fu_217         |    0    |    0    |    0    |
|bitconcatenate|          tmp_s_fu_256          |    0    |    0    |    0    |
|          |       xor_ln260_s_fu_408       |    0    |    0    |    0    |
|----------|--------------------------------|---------|---------|---------|
|partselect|         lshr_ln_fu_235         |    0    |    0    |    0    |
|          |       lshr_ln258_1_fu_274      |    0    |    0    |    0    |
|----------|--------------------------------|---------|---------|---------|
|   sext   |        sext_ln258_fu_264       |    0    |    0    |    0    |
|----------|--------------------------------|---------|---------|---------|
|extractvalue|            UV_fu_310           |    0    |    0    |    0    |
|          |          UV_91_fu_314          |    0    |    0    |    0    |
|----------|--------------------------------|---------|---------|---------|
|          |          carry_fu_348          |    0    |    0    |    0    |
| bitselect|         bit_sel1_fu_390        |    0    |    0    |    0    |
|          |           tmp_fu_434           |    0    |    0    |    0    |
|----------|--------------------------------|---------|---------|---------|
|   trunc  |       trunc_ln260_fu_404       |    0    |    0    |    0    |
|----------|--------------------------------|---------|---------|---------|
|   Total  |                                |    16   |   130   |   1408  |
|----------|--------------------------------|---------|---------|---------|

Memories:
N/A

* Register list:
+------------------+--------+
|                  |   FF   |
+------------------+--------+
|PKB_addr_5_reg_508|    6   |
| PKB_addr_reg_503 |    6   |
|PKB_load_1_reg_518|   64   |
| PKB_load_reg_513 |   64   |
|icmp_ln257_reg_499|    1   |
|   j_24_reg_492   |    4   |
|   t_33_reg_476   |    3   |
|   v_35_reg_484   |   64   |
+------------------+--------+
|       Total      |   212  |
+------------------+--------+

* Multiplexer (MUX) list: 
|-------------------|------|------|------|--------||---------||---------||---------|
|        Comp       |  Pin | Size |  BW  | S x BW ||  Delay  ||    FF   ||   LUT   |
|-------------------|------|------|------|--------||---------||---------||---------|
| grp_access_fu_147 |  p0  |   2  |   6  |   12   ||    0    ||    9    |
| grp_access_fu_147 |  p2  |   2  |   0  |    0   ||    0    ||    9    |
|-------------------|------|------|------|--------||---------||---------||---------|
|       Total       |      |      |      |   12   ||  0.774  ||    0    ||    18   |
|-------------------|------|------|------|--------||---------||---------||---------|



* Summary:
+-----------+--------+--------+--------+--------+
|           |   DSP  |  Delay |   FF   |   LUT  |
+-----------+--------+--------+--------+--------+
|  Function |   16   |    -   |   130  |  1408  |
|   Memory  |    -   |    -   |    -   |    -   |
|Multiplexer|    -   |    0   |    0   |   18   |
|  Register |    -   |    -   |   212  |    -   |
+-----------+--------+--------+--------+--------+
|   Total   |   16   |    0   |   342  |  1426  |
+-----------+--------+--------+--------+--------+
