

================================================================
== Vitis HLS Report for 'mp_mul_56_Pipeline_VITIS_LOOP_175_2'
================================================================
* Date:           Wed Jul 30 16:58:09 2025

* Version:        2024.2.2 (Build 6049644 on Mar  5 2025)
* Project:        sikep503_hls
* Solution:       solution1 (Vivado IP Flow Target)
* Product family: virtexuplus58g
* Target device:  xcvu29p-fsga2577-2L-e


================================================================
== Performance Estimates
================================================================
+ Timing: 
    * Summary: 
    +--------+----------+----------+------------+
    |  Clock |  Target  | Estimated| Uncertainty|
    +--------+----------+----------+------------+
    |ap_clk  |  10.00 ns|  5.144 ns|     2.70 ns|
    +--------+----------+----------+------------+

+ Latency: 
    * Summary: 
    +---------+---------+-----------+----------+-----+-----+------------------------------------------------+
    |  Latency (cycles) |  Latency (absolute)  |  Interval |                    Pipeline                    |
    |   min   |   max   |    min    |    max   | min | max |                      Type                      |
    +---------+---------+-----------+----------+-----+-----+------------------------------------------------+
    |        4|       11|  40.000 ns|  0.110 us|    2|    9|  loop auto-rewind stp (delay=0 clock cycles(s))|
    +---------+---------+-----------+----------+-----+-----+------------------------------------------------+

    + Detail: 
        * Instance: 
        N/A

        * Loop: 
        +--------------------+---------+---------+----------+-----------+-----------+-------+----------+
        |                    |  Latency (cycles) | Iteration|  Initiation Interval  |  Trip |          |
        |      Loop Name     |   min   |   max   |  Latency |  achieved |   target  | Count | Pipelined|
        +--------------------+---------+---------+----------+-----------+-----------+-------+----------+
        |- VITIS_LOOP_175_2  |        2|        9|         3|          1|          1|  1 ~ 8|       yes|
        +--------------------+---------+---------+----------+-----------+-----------+-------+----------+

============================================================
+ Verbose Summary: Synthesis Manager
============================================================
InlineROM: 1
ExposeGlobal: 0
============================================================
+ Verbose Summary: CDFG Model
============================================================
IsTopModel: 0
ResetActiveHigh: 1
IsCombinational: 0
IsDatapathOnly: 0
HasWiredReturn: 1
HasMFsm: 2
HasVarLatency: 1
IsPipeline: 0
IsRtlPipelined: 0
IsInstanceOverlapped: 0
IsDontTouch: 0
HasImplIP: 0
IsGatedGlobalClock: 0

+ Individual pipeline summary: 
  * Pipeline-0: initiation interval (II) = 1, depth = 3


============================================================
+ Verbose Summary: Schedule
============================================================
* Number of FSM states : 3
* Pipeline : 1
  Pipeline-0 : II = 1, D = 3, States = { 1 2 3 }
* Dataflow Pipeline: 0

* FSM state transitions: 
1 --> 2 
2 --> 3 
3 --> 

* FSM state operations: 

State 1 <SV = 0> <Delay = 1.81>
ST_1 : Operation 6 [1/1] (0.00ns)   --->   "%v_96 = alloca i32 1" [src/generic/fp_generic.cpp:167]   --->   Operation 6 'alloca' 'v_96' <Predicate = true> <Delay = 0.00>
ST_1 : Operation 7 [1/1] (0.00ns)   --->   "%j = alloca i32 1" [src/generic/fp_generic.cpp:166]   --->   Operation 7 'alloca' 'j' <Predicate = true> <Delay = 0.00>
ST_1 : Operation 8 [1/1] (0.00ns)   --->   "%specbramwithbyteenable_ln0 = specbramwithbyteenable void @_ssdm_op_SpecBRAMWithByteEnable, i64 %PKB"   --->   Operation 8 'specbramwithbyteenable' 'specbramwithbyteenable_ln0' <Predicate = true> <Delay = 0.00>
ST_1 : Operation 9 [1/1] (0.00ns)   --->   "%zext_ln177_3_read = read i4 @_ssdm_op_Read.ap_auto.i4, i4 %zext_ln177_3"   --->   Operation 9 'read' 'zext_ln177_3_read' <Predicate = true> <Delay = 0.00>
ST_1 : Operation 10 [1/1] (0.00ns)   --->   "%i_read = read i3 @_ssdm_op_Read.ap_auto.i3, i3 %i"   --->   Operation 10 'read' 'i_read' <Predicate = true> <Delay = 0.00>
ST_1 : Operation 11 [1/1] (0.00ns)   --->   "%a_offset_read = read i9 @_ssdm_op_Read.ap_auto.i9, i9 %a_offset"   --->   Operation 11 'read' 'a_offset_read' <Predicate = true> <Delay = 0.00>
ST_1 : Operation 12 [1/1] (0.00ns)   --->   "%indvars_iv94_read = read i4 @_ssdm_op_Read.ap_auto.i4, i4 %indvars_iv94"   --->   Operation 12 'read' 'indvars_iv94_read' <Predicate = true> <Delay = 0.00>
ST_1 : Operation 13 [1/1] (0.00ns)   --->   "%zext_ln172_read = read i4 @_ssdm_op_Read.ap_auto.i4, i4 %zext_ln172"   --->   Operation 13 'read' 'zext_ln172_read' <Predicate = true> <Delay = 0.00>
ST_1 : Operation 14 [1/1] (0.00ns)   --->   "%v_080_read = read i64 @_ssdm_op_Read.ap_auto.i64, i64 %v_080"   --->   Operation 14 'read' 'v_080_read' <Predicate = true> <Delay = 0.00>
ST_1 : Operation 15 [1/1] (0.00ns)   --->   "%i_cast = zext i3 %i_read"   --->   Operation 15 'zext' 'i_cast' <Predicate = true> <Delay = 0.00>
ST_1 : Operation 16 [1/1] (0.00ns)   --->   "%zext_ln172_cast = zext i4 %zext_ln172_read"   --->   Operation 16 'zext' 'zext_ln172_cast' <Predicate = true> <Delay = 0.00>
ST_1 : Operation 17 [1/1] (0.38ns)   --->   "%store_ln166 = store i4 0, i4 %j" [src/generic/fp_generic.cpp:166]   --->   Operation 17 'store' 'store_ln166' <Predicate = true> <Delay = 0.38>
ST_1 : Operation 18 [1/1] (0.38ns)   --->   "%store_ln167 = store i64 %v_080_read, i64 %v_96" [src/generic/fp_generic.cpp:167]   --->   Operation 18 'store' 'store_ln167' <Predicate = true> <Delay = 0.38>
ST_1 : Operation 19 [1/1] (0.38ns)   --->   "%store_ln167 = store i64 %zext_ln172_cast, i64 %u_90_out" [src/generic/fp_generic.cpp:167]   --->   Operation 19 'store' 'store_ln167' <Predicate = true> <Delay = 0.38>
ST_1 : Operation 20 [1/1] (0.38ns)   --->   "%store_ln167 = store i4 0, i4 %t_out" [src/generic/fp_generic.cpp:167]   --->   Operation 20 'store' 'store_ln167' <Predicate = true> <Delay = 0.38>
ST_1 : Operation 21 [1/1] (0.00ns)   --->   "%br_ln0 = br void %for.inc"   --->   Operation 21 'br' 'br_ln0' <Predicate = true> <Delay = 0.00>
ST_1 : Operation 22 [1/1] (0.00ns)   --->   "%j_22 = load i4 %j" [src/generic/fp_generic.cpp:177]   --->   Operation 22 'load' 'j_22' <Predicate = true> <Delay = 0.00>
ST_1 : Operation 23 [1/1] (0.70ns)   --->   "%icmp_ln175 = icmp_eq  i4 %j_22, i4 %indvars_iv94_read" [src/generic/fp_generic.cpp:175]   --->   Operation 23 'icmp' 'icmp_ln175' <Predicate = true> <Delay = 0.70> <CoreInst = "Cmp">   --->   Core 9 'Cmp' <Latency = 0> <II = 1> <Delay = 0.70> <FuncUnit> <Opcode : 'seteq' 'setne' 'setle' 'setge' 'setlt' 'setgt'> <InPorts = 2> <OutPorts = 1>
ST_1 : Operation 24 [1/1] (0.70ns)   --->   "%add_ln175 = add i4 %j_22, i4 1" [src/generic/fp_generic.cpp:175]   --->   Operation 24 'add' 'add_ln175' <Predicate = true> <Delay = 0.70> <CoreInst = "Adder">   --->   Core 1 'Adder' <Latency = 0> <II = 1> <Delay = 0.70> <FuncUnit> <Opcode : 'add' 'sub'> <InPorts = 2> <OutPorts = 1>
ST_1 : Operation 25 [1/1] (0.00ns)   --->   "%br_ln175 = br i1 %icmp_ln175, void %for.inc.split, void %for.inc24.exitStub" [src/generic/fp_generic.cpp:175]   --->   Operation 25 'br' 'br_ln175' <Predicate = true> <Delay = 0.00>
ST_1 : Operation 26 [1/1] (0.00ns)   --->   "%trunc_ln177 = trunc i4 %j_22" [src/generic/fp_generic.cpp:177]   --->   Operation 26 'trunc' 'trunc_ln177' <Predicate = (!icmp_ln175)> <Delay = 0.00>
ST_1 : Operation 27 [1/1] (0.00ns)   --->   "%shl_ln = bitconcatenate i6 @_ssdm_op_BitConcatenate.i6.i3.i3, i3 %trunc_ln177, i3 0" [src/generic/fp_generic.cpp:177]   --->   Operation 27 'bitconcatenate' 'shl_ln' <Predicate = (!icmp_ln175)> <Delay = 0.00>
ST_1 : Operation 28 [1/1] (0.00ns)   --->   "%zext_ln177 = zext i6 %shl_ln" [src/generic/fp_generic.cpp:177]   --->   Operation 28 'zext' 'zext_ln177' <Predicate = (!icmp_ln175)> <Delay = 0.00>
ST_1 : Operation 29 [1/1] (0.71ns)   --->   "%add_ln177 = add i9 %zext_ln177, i9 %a_offset_read" [src/generic/fp_generic.cpp:177]   --->   Operation 29 'add' 'add_ln177' <Predicate = (!icmp_ln175)> <Delay = 0.71> <CoreInst = "Adder">   --->   Core 1 'Adder' <Latency = 0> <II = 1> <Delay = 0.71> <FuncUnit> <Opcode : 'add' 'sub'> <InPorts = 2> <OutPorts = 1>
ST_1 : Operation 30 [1/1] (0.00ns)   --->   "%lshr_ln = partselect i6 @_ssdm_op_PartSelect.i6.i9.i32.i32, i9 %add_ln177, i32 3, i32 8" [src/generic/fp_generic.cpp:177]   --->   Operation 30 'partselect' 'lshr_ln' <Predicate = (!icmp_ln175)> <Delay = 0.00>
ST_1 : Operation 31 [1/1] (0.00ns)   --->   "%zext_ln177_2 = zext i6 %lshr_ln" [src/generic/fp_generic.cpp:177]   --->   Operation 31 'zext' 'zext_ln177_2' <Predicate = (!icmp_ln175)> <Delay = 0.00>
ST_1 : Operation 32 [1/1] (0.00ns)   --->   "%PKB_addr = getelementptr i64 %PKB, i64 0, i64 %zext_ln177_2" [src/generic/fp_generic.cpp:177]   --->   Operation 32 'getelementptr' 'PKB_addr' <Predicate = (!icmp_ln175)> <Delay = 0.00>
ST_1 : Operation 33 [2/2] (0.71ns)   --->   "%a = load i6 %PKB_addr" [src/generic/fp_generic.cpp:177]   --->   Operation 33 'load' 'a' <Predicate = (!icmp_ln175)> <Delay = 0.71> <CoreInst = "RAM">   --->   Core 82 'RAM' <Latency = 1> <II = 1> <Delay = 0.71> <Storage> <Opcode : 'load' 'store'> <Ports = 2> <Width = 64> <Depth = 48> <RAM>
ST_1 : Operation 34 [1/1] (0.00ns) (grouped into TernaryAdder)   --->   "%sub_ln177 = sub i4 %i_cast, i4 %j_22" [src/generic/fp_generic.cpp:177]   --->   Operation 34 'sub' 'sub_ln177' <Predicate = (!icmp_ln175)> <Delay = 0.00> <CoreInst = "TAddSub">   --->   Core 10 'TAddSub' <Latency = 0> <II = 1> <Delay = 0.18> <IPBlock> <Opcode : '' 'add' 'sub'> <InPorts = 3> <OutPorts = 1> <Sync> <CReg>
ST_1 : Operation 35 [1/1] (0.37ns) (root node of TernaryAdder)   --->   "%add_ln177_1 = add i4 %zext_ln177_3_read, i4 %sub_ln177" [src/generic/fp_generic.cpp:177]   --->   Operation 35 'add' 'add_ln177_1' <Predicate = (!icmp_ln175)> <Delay = 0.37> <CoreInst = "TAddSub">   --->   Core 10 'TAddSub' <Latency = 0> <II = 1> <Delay = 0.18> <IPBlock> <Opcode : '' 'add' 'sub'> <InPorts = 3> <OutPorts = 1> <Sync> <CReg>
ST_1 : Operation 36 [1/1] (0.00ns)   --->   "%zext_ln177_4 = zext i4 %add_ln177_1" [src/generic/fp_generic.cpp:177]   --->   Operation 36 'zext' 'zext_ln177_4' <Predicate = (!icmp_ln175)> <Delay = 0.00>
ST_1 : Operation 37 [1/1] (0.00ns)   --->   "%b_addr = getelementptr i64 %b, i64 0, i64 %zext_ln177_4" [src/generic/fp_generic.cpp:177]   --->   Operation 37 'getelementptr' 'b_addr' <Predicate = (!icmp_ln175)> <Delay = 0.00>
ST_1 : Operation 38 [2/2] (0.71ns)   --->   "%b_6 = load i4 %b_addr" [src/generic/fp_generic.cpp:177]   --->   Operation 38 'load' 'b_6' <Predicate = (!icmp_ln175)> <Delay = 0.71> <CoreInst = "RAM">   --->   Core 82 'RAM' <Latency = 1> <II = 1> <Delay = 0.71> <Storage> <Opcode : 'load' 'store'> <Ports = 2> <Width = 64> <Depth = 16> <RAM>
ST_1 : Operation 39 [1/1] (0.38ns)   --->   "%store_ln166 = store i4 %add_ln175, i4 %j" [src/generic/fp_generic.cpp:166]   --->   Operation 39 'store' 'store_ln166' <Predicate = (!icmp_ln175)> <Delay = 0.38>

State 2 <SV = 1> <Delay = 5.14>
ST_2 : Operation 40 [1/2] ( I:0.71ns O:0.71ns )   --->   "%a = load i6 %PKB_addr" [src/generic/fp_generic.cpp:177]   --->   Operation 40 'load' 'a' <Predicate = true> <Delay = 0.71> <CoreInst = "RAM">   --->   Core 82 'RAM' <Latency = 1> <II = 1> <Delay = 0.71> <Storage> <Opcode : 'load' 'store'> <Ports = 2> <Width = 64> <Depth = 48> <RAM>
ST_2 : Operation 41 [1/2] ( I:0.71ns O:0.71ns )   --->   "%b_6 = load i4 %b_addr" [src/generic/fp_generic.cpp:177]   --->   Operation 41 'load' 'b_6' <Predicate = true> <Delay = 0.71> <CoreInst = "RAM">   --->   Core 82 'RAM' <Latency = 1> <II = 1> <Delay = 0.71> <Storage> <Opcode : 'load' 'store'> <Ports = 2> <Width = 64> <Depth = 16> <RAM>
ST_2 : Operation 42 [1/1] (0.00ns)   --->   "%zext_ln150 = zext i64 %a" [src/generic/fp_generic.cpp:150->src/generic/fp_generic.cpp:177]   --->   Operation 42 'zext' 'zext_ln150' <Predicate = true> <Delay = 0.00>
ST_2 : Operation 43 [1/1] (0.00ns)   --->   "%zext_ln150_27 = zext i64 %b_6" [src/generic/fp_generic.cpp:150->src/generic/fp_generic.cpp:177]   --->   Operation 43 'zext' 'zext_ln150_27' <Predicate = true> <Delay = 0.00>
ST_2 : Operation 44 [1/1] (4.43ns)   --->   "%tmp = mul i128 %zext_ln150_27, i128 %zext_ln150" [src/generic/fp_generic.cpp:150->src/generic/fp_generic.cpp:177]   --->   Operation 44 'mul' 'tmp' <Predicate = true> <Delay = 4.43> <CoreInst = "Multiplier">   --->   Core 3 'Multiplier' <Latency = 0> <II = 1> <Delay = 4.43> <FuncUnit> <Opcode : 'mul'> <InPorts = 2> <OutPorts = 1>
ST_2 : Operation 45 [1/1] (0.00ns)   --->   "%lo = trunc i128 %tmp" [src/generic/fp_generic.cpp:178]   --->   Operation 45 'trunc' 'lo' <Predicate = true> <Delay = 0.00>
ST_2 : Operation 46 [1/1] (0.00ns)   --->   "%hi = partselect i64 @_ssdm_op_PartSelect.i64.i128.i32, i128 %tmp, i32 64" [src/generic/fp_generic.cpp:179]   --->   Operation 46 'partselect' 'hi' <Predicate = true> <Delay = 0.00>
ST_2 : Operation 79 [1/1] (0.00ns)   --->   "%v_96_load_2 = load i64 %v_96"   --->   Operation 79 'load' 'v_96_load_2' <Predicate = (icmp_ln175)> <Delay = 0.00>
ST_2 : Operation 80 [1/1] (0.00ns)   --->   "%write_ln0 = write void @_ssdm_op_Write.ap_auto.i64P0A, i64 %v_96_out, i64 %v_96_load_2"   --->   Operation 80 'write' 'write_ln0' <Predicate = (icmp_ln175)> <Delay = 0.00>
ST_2 : Operation 81 [1/1] (0.38ns)   --->   "%ret_ln0 = ret"   --->   Operation 81 'ret' 'ret_ln0' <Predicate = (icmp_ln175)> <Delay = 0.38>

State 3 <SV = 2> <Delay = 4.82>
ST_3 : Operation 47 [1/1] (0.00ns)   --->   "%t_out_load = load i4 %t_out" [src/generic/fp_generic.cpp:183]   --->   Operation 47 'load' 't_out_load' <Predicate = true> <Delay = 0.00>
ST_3 : Operation 48 [1/1] (0.00ns)   --->   "%u_90_out_load = load i64 %u_90_out" [src/generic/fp_generic.cpp:182]   --->   Operation 48 'load' 'u_90_out_load' <Predicate = true> <Delay = 0.00>
ST_3 : Operation 49 [1/1] (0.00ns)   --->   "%v_96_load = load i64 %v_96" [src/generic/fp_generic.cpp:181]   --->   Operation 49 'load' 'v_96_load' <Predicate = true> <Delay = 0.00>
ST_3 : Operation 50 [1/1] (0.00ns)   --->   "%specpipeline_ln166 = specpipeline void @_ssdm_op_SpecPipeline, i32 4294967295, i32 0, i32 0, i32 0, void @empty_73" [src/generic/fp_generic.cpp:166]   --->   Operation 50 'specpipeline' 'specpipeline_ln166' <Predicate = true> <Delay = 0.00>
ST_3 : Operation 51 [1/1] (0.00ns)   --->   "%speclooptripcount_ln166 = speclooptripcount void @_ssdm_op_SpecLoopTripCount, i64 1, i64 8, i64 4" [src/generic/fp_generic.cpp:166]   --->   Operation 51 'speclooptripcount' 'speclooptripcount_ln166' <Predicate = true> <Delay = 0.00>
ST_3 : Operation 52 [1/1] (0.00ns)   --->   "%specloopname_ln175 = specloopname void @_ssdm_op_SpecLoopName, void @empty_34" [src/generic/fp_generic.cpp:175]   --->   Operation 52 'specloopname' 'specloopname_ln175' <Predicate = true> <Delay = 0.00>
ST_3 : Operation 53 [1/1] (1.14ns)   --->   "%v_144 = add i64 %lo, i64 %v_96_load" [src/generic/fp_generic.cpp:181]   --->   Operation 53 'add' 'v_144' <Predicate = true> <Delay = 1.14> <CoreInst = "Adder">   --->   Core 1 'Adder' <Latency = 0> <II = 1> <Delay = 1.14> <FuncUnit> <Opcode : 'add' 'sub'> <InPorts = 2> <OutPorts = 1>
ST_3 : Operation 54 [1/1] (0.00ns) (grouped into LUT with out node tempReg)   --->   "%xor_ln105 = xor i64 %v_144, i64 %lo" [src/config.h:105->src/generic/fp_generic.cpp:181]   --->   Operation 54 'xor' 'xor_ln105' <Predicate = true> <Delay = 0.00> <CoreInst = "LogicGate">   --->   Core 74 'LogicGate' <Latency = 0> <II = 1> <Delay = 0.28> <FuncUnit> <Opcode : 'and' 'or' 'xor'> <InPorts = 2> <OutPorts = 1>
ST_3 : Operation 55 [1/1] (0.00ns) (grouped into LUT with out node tempReg)   --->   "%xor_ln105_16 = xor i64 %lo, i64 %v_96_load" [src/config.h:105->src/generic/fp_generic.cpp:181]   --->   Operation 55 'xor' 'xor_ln105_16' <Predicate = true> <Delay = 0.00> <CoreInst = "LogicGate">   --->   Core 74 'LogicGate' <Latency = 0> <II = 1> <Delay = 0.28> <FuncUnit> <Opcode : 'and' 'or' 'xor'> <InPorts = 2> <OutPorts = 1>
ST_3 : Operation 56 [1/1] (0.00ns) (grouped into LUT with out node tempReg)   --->   "%or_ln105 = or i64 %xor_ln105, i64 %xor_ln105_16" [src/config.h:105->src/generic/fp_generic.cpp:181]   --->   Operation 56 'or' 'or_ln105' <Predicate = true> <Delay = 0.00> <CoreInst = "LogicGate">   --->   Core 74 'LogicGate' <Latency = 0> <II = 1> <Delay = 0.28> <FuncUnit> <Opcode : 'and' 'or' 'xor'> <InPorts = 2> <OutPorts = 1>
ST_3 : Operation 57 [1/1] (0.00ns) (grouped into LUT with out node tempReg)   --->   "%xor_ln105_17 = xor i64 %or_ln105, i64 %v_144" [src/config.h:105->src/generic/fp_generic.cpp:181]   --->   Operation 57 'xor' 'xor_ln105_17' <Predicate = true> <Delay = 0.00> <CoreInst = "LogicGate">   --->   Core 74 'LogicGate' <Latency = 0> <II = 1> <Delay = 0.28> <FuncUnit> <Opcode : 'and' 'or' 'xor'> <InPorts = 2> <OutPorts = 1>
ST_3 : Operation 58 [1/1] (0.00ns) (grouped into LUT with out node tempReg)   --->   "%carry = bitselect i1 @_ssdm_op_BitSelect.i1.i64.i32, i64 %xor_ln105_17, i32 63" [src/config.h:105->src/generic/fp_generic.cpp:181]   --->   Operation 58 'bitselect' 'carry' <Predicate = true> <Delay = 0.00>
ST_3 : Operation 59 [1/1] (0.00ns) (grouped into LUT with out node tempReg)   --->   "%zext_ln105 = zext i1 %carry" [src/config.h:105->src/generic/fp_generic.cpp:181]   --->   Operation 59 'zext' 'zext_ln105' <Predicate = true> <Delay = 0.00>
ST_3 : Operation 60 [1/1] (1.14ns) (out node of the LUT)   --->   "%tempReg = add i64 %hi, i64 %zext_ln105" [src/generic/fp_generic.cpp:182]   --->   Operation 60 'add' 'tempReg' <Predicate = true> <Delay = 1.14> <CoreInst = "Adder">   --->   Core 1 'Adder' <Latency = 0> <II = 1> <Delay = 1.14> <FuncUnit> <Opcode : 'add' 'sub'> <InPorts = 2> <OutPorts = 1>
ST_3 : Operation 61 [1/1] (1.14ns)   --->   "%v = add i64 %tempReg, i64 %u_90_out_load" [src/generic/fp_generic.cpp:182]   --->   Operation 61 'add' 'v' <Predicate = true> <Delay = 1.14> <CoreInst = "Adder">   --->   Core 1 'Adder' <Latency = 0> <II = 1> <Delay = 1.14> <FuncUnit> <Opcode : 'add' 'sub'> <InPorts = 2> <OutPorts = 1>
ST_3 : Operation 62 [1/1] (0.00ns) (grouped into LUT with out node xor_ln182_12)   --->   "%xor_ln182 = xor i64 %v, i64 %tempReg" [src/generic/fp_generic.cpp:182]   --->   Operation 62 'xor' 'xor_ln182' <Predicate = true> <Delay = 0.00> <CoreInst = "LogicGate">   --->   Core 74 'LogicGate' <Latency = 0> <II = 1> <Delay = 0.28> <FuncUnit> <Opcode : 'and' 'or' 'xor'> <InPorts = 2> <OutPorts = 1>
ST_3 : Operation 63 [1/1] (0.00ns) (grouped into LUT with out node xor_ln182_12)   --->   "%xor_ln182_10 = xor i64 %tempReg, i64 %u_90_out_load" [src/generic/fp_generic.cpp:182]   --->   Operation 63 'xor' 'xor_ln182_10' <Predicate = true> <Delay = 0.00> <CoreInst = "LogicGate">   --->   Core 74 'LogicGate' <Latency = 0> <II = 1> <Delay = 0.28> <FuncUnit> <Opcode : 'and' 'or' 'xor'> <InPorts = 2> <OutPorts = 1>
ST_3 : Operation 64 [1/1] (0.00ns) (grouped into LUT with out node xor_ln182_12)   --->   "%or_ln182 = or i64 %xor_ln182, i64 %xor_ln182_10" [src/generic/fp_generic.cpp:182]   --->   Operation 64 'or' 'or_ln182' <Predicate = true> <Delay = 0.00> <CoreInst = "LogicGate">   --->   Core 74 'LogicGate' <Latency = 0> <II = 1> <Delay = 0.28> <FuncUnit> <Opcode : 'and' 'or' 'xor'> <InPorts = 2> <OutPorts = 1>
ST_3 : Operation 65 [1/1] (0.00ns) (grouped into LUT with out node u)   --->   "%bit_sel = bitselect i1 @_ssdm_op_BitSelect.i1.i64.i64, i64 %tempReg, i64 63" [src/generic/fp_generic.cpp:182]   --->   Operation 65 'bitselect' 'bit_sel' <Predicate = true> <Delay = 0.00>
ST_3 : Operation 66 [1/1] (0.00ns) (grouped into LUT with out node u)   --->   "%xor_ln182_11 = xor i1 %bit_sel, i1 1" [src/generic/fp_generic.cpp:182]   --->   Operation 66 'xor' 'xor_ln182_11' <Predicate = true> <Delay = 0.00> <CoreInst = "LogicGate">   --->   Core 74 'LogicGate' <Latency = 0> <II = 1> <Delay = 0.12> <FuncUnit> <Opcode : 'and' 'or' 'xor'> <InPorts = 2> <OutPorts = 1>
ST_3 : Operation 67 [1/1] (0.00ns) (grouped into LUT with out node u)   --->   "%trunc_ln182 = trunc i64 %tempReg" [src/generic/fp_generic.cpp:182]   --->   Operation 67 'trunc' 'trunc_ln182' <Predicate = true> <Delay = 0.00>
ST_3 : Operation 68 [1/1] (0.00ns) (grouped into LUT with out node u)   --->   "%xor_ln182_s = bitconcatenate i64 @_ssdm_op_BitConcatenate.i64.i1.i63, i1 %xor_ln182_11, i63 %trunc_ln182" [src/generic/fp_generic.cpp:182]   --->   Operation 68 'bitconcatenate' 'xor_ln182_s' <Predicate = true> <Delay = 0.00>
ST_3 : Operation 69 [1/1] (0.00ns) (grouped into LUT with out node u)   --->   "%and_ln182 = and i64 %xor_ln182_s, i64 %hi" [src/generic/fp_generic.cpp:182]   --->   Operation 69 'and' 'and_ln182' <Predicate = true> <Delay = 0.00> <CoreInst = "LogicGate">   --->   Core 74 'LogicGate' <Latency = 0> <II = 1> <Delay = 0.28> <FuncUnit> <Opcode : 'and' 'or' 'xor'> <InPorts = 2> <OutPorts = 1>
ST_3 : Operation 70 [1/1] (0.28ns) (out node of the LUT)   --->   "%xor_ln182_12 = xor i64 %or_ln182, i64 %v" [src/generic/fp_generic.cpp:182]   --->   Operation 70 'xor' 'xor_ln182_12' <Predicate = true> <Delay = 0.28> <CoreInst = "LogicGate">   --->   Core 74 'LogicGate' <Latency = 0> <II = 1> <Delay = 0.28> <FuncUnit> <Opcode : 'and' 'or' 'xor'> <InPorts = 2> <OutPorts = 1>
ST_3 : Operation 71 [1/1] (0.00ns) (grouped into LUT with out node u)   --->   "%or_ln182_4 = or i64 %xor_ln182_12, i64 %and_ln182" [src/generic/fp_generic.cpp:182]   --->   Operation 71 'or' 'or_ln182_4' <Predicate = true> <Delay = 0.00> <CoreInst = "LogicGate">   --->   Core 74 'LogicGate' <Latency = 0> <II = 1> <Delay = 0.28> <FuncUnit> <Opcode : 'and' 'or' 'xor'> <InPorts = 2> <OutPorts = 1>
ST_3 : Operation 72 [1/1] (0.00ns) (grouped into LUT with out node u)   --->   "%tmp_127 = bitselect i1 @_ssdm_op_BitSelect.i1.i64.i32, i64 %or_ln182_4, i32 63" [src/generic/fp_generic.cpp:183]   --->   Operation 72 'bitselect' 'tmp_127' <Predicate = true> <Delay = 0.00>
ST_3 : Operation 73 [1/1] (0.00ns) (grouped into LUT with out node u)   --->   "%zext_ln183 = zext i1 %tmp_127" [src/generic/fp_generic.cpp:183]   --->   Operation 73 'zext' 'zext_ln183' <Predicate = true> <Delay = 0.00>
ST_3 : Operation 74 [1/1] (0.70ns) (out node of the LUT)   --->   "%u = add i4 %zext_ln183, i4 %t_out_load" [src/generic/fp_generic.cpp:183]   --->   Operation 74 'add' 'u' <Predicate = true> <Delay = 0.70> <CoreInst = "Adder">   --->   Core 1 'Adder' <Latency = 0> <II = 1> <Delay = 0.70> <FuncUnit> <Opcode : 'add' 'sub'> <InPorts = 2> <OutPorts = 1>
ST_3 : Operation 75 [1/1] (0.38ns)   --->   "%store_ln167 = store i64 %v_144, i64 %v_96" [src/generic/fp_generic.cpp:167]   --->   Operation 75 'store' 'store_ln167' <Predicate = true> <Delay = 0.38>
ST_3 : Operation 76 [1/1] (0.38ns)   --->   "%store_ln167 = store i64 %v, i64 %u_90_out" [src/generic/fp_generic.cpp:167]   --->   Operation 76 'store' 'store_ln167' <Predicate = true> <Delay = 0.38>
ST_3 : Operation 77 [1/1] (0.38ns)   --->   "%store_ln167 = store i4 %u, i4 %t_out" [src/generic/fp_generic.cpp:167]   --->   Operation 77 'store' 'store_ln167' <Predicate = true> <Delay = 0.38>
ST_3 : Operation 78 [1/1] (0.00ns)   --->   "%br_ln175 = br void %for.inc" [src/generic/fp_generic.cpp:175]   --->   Operation 78 'br' 'br_ln175' <Predicate = true> <Delay = 0.00>


============================================================
+ Verbose Summary: Binding
============================================================
STG Binding: 
---------------- STG Properties BEGIN ----------------
- Is combinational: 0
- Is one-state seq: 0
- Is datapath-only: 0
- Is pipelined: 0
- Is top level: 0
Port [ Return ] is wired: 1; IO mode=ap_ctrl_hs:ce=0
Port [ v_080]:  wired=1; compound=0; hidden=0; nouse=0; global=0; static=0; extern=0; dir=0; type=0; pingpong=0; private_global=0; IO mode=ap_none:ce=0
Port [ zext_ln172]:  wired=1; compound=0; hidden=0; nouse=0; global=0; static=0; extern=0; dir=0; type=0; pingpong=0; private_global=0; IO mode=ap_none:ce=0
Port [ indvars_iv94]:  wired=1; compound=0; hidden=0; nouse=0; global=0; static=0; extern=0; dir=0; type=0; pingpong=0; private_global=0; IO mode=ap_none:ce=0
Port [ a_offset]:  wired=1; compound=0; hidden=0; nouse=0; global=0; static=0; extern=0; dir=0; type=0; pingpong=0; private_global=0; IO mode=ap_none:ce=0
Port [ PKB]:  wired=1; compound=1; hidden=0; nouse=0; global=0; static=0; extern=0; dir=0; type=1; pingpong=0; private_global=0; MemPort=[13]; IO mode=ap_memory:ce=0
Port [ i]:  wired=1; compound=0; hidden=0; nouse=0; global=0; static=0; extern=0; dir=0; type=0; pingpong=0; private_global=0; IO mode=ap_none:ce=0
Port [ zext_ln177_3]:  wired=1; compound=0; hidden=0; nouse=0; global=0; static=0; extern=0; dir=0; type=0; pingpong=0; private_global=0; IO mode=ap_none:ce=0
Port [ b]:  wired=1; compound=1; hidden=0; nouse=0; global=0; static=0; extern=0; dir=0; type=1; pingpong=0; private_global=0; MemPort=[13]; IO mode=ap_memory:ce=0
Port [ v_96_out]:  wired=1; compound=0; hidden=0; nouse=0; global=0; static=0; extern=0; dir=1; type=0; pingpong=0; private_global=0; IO mode=ap_vld:ce=0
Port [ u_90_out]:  wired=1; compound=0; hidden=0; nouse=0; global=0; static=0; extern=0; dir=2; type=0; pingpong=0; private_global=0; IO mode=ap_ovld:ce=0
Port [ t_out]:  wired=1; compound=0; hidden=0; nouse=0; global=0; static=0; extern=0; dir=2; type=0; pingpong=0; private_global=0; IO mode=ap_ovld:ce=0
---------------- STG Properties END ------------------

---------------- Datapath Model BEGIN ----------------

<LifeTime>
<method=bitvector/>
v_96                       (alloca                ) [ 0111]
j                          (alloca                ) [ 0100]
specbramwithbyteenable_ln0 (specbramwithbyteenable) [ 0000]
zext_ln177_3_read          (read                  ) [ 0000]
i_read                     (read                  ) [ 0000]
a_offset_read              (read                  ) [ 0000]
indvars_iv94_read          (read                  ) [ 0000]
zext_ln172_read            (read                  ) [ 0000]
v_080_read                 (read                  ) [ 0000]
i_cast                     (zext                  ) [ 0000]
zext_ln172_cast            (zext                  ) [ 0000]
store_ln166                (store                 ) [ 0000]
store_ln167                (store                 ) [ 0000]
store_ln167                (store                 ) [ 0000]
store_ln167                (store                 ) [ 0000]
br_ln0                     (br                    ) [ 0000]
j_22                       (load                  ) [ 0000]
icmp_ln175                 (icmp                  ) [ 0110]
add_ln175                  (add                   ) [ 0000]
br_ln175                   (br                    ) [ 0000]
trunc_ln177                (trunc                 ) [ 0000]
shl_ln                     (bitconcatenate        ) [ 0000]
zext_ln177                 (zext                  ) [ 0000]
add_ln177                  (add                   ) [ 0000]
lshr_ln                    (partselect            ) [ 0000]
zext_ln177_2               (zext                  ) [ 0000]
PKB_addr                   (getelementptr         ) [ 0110]
sub_ln177                  (sub                   ) [ 0000]
add_ln177_1                (add                   ) [ 0000]
zext_ln177_4               (zext                  ) [ 0000]
b_addr                     (getelementptr         ) [ 0110]
store_ln166                (store                 ) [ 0000]
a                          (load                  ) [ 0000]
b_6                        (load                  ) [ 0000]
zext_ln150                 (zext                  ) [ 0000]
zext_ln150_27              (zext                  ) [ 0000]
tmp                        (mul                   ) [ 0000]
lo                         (trunc                 ) [ 0101]
hi                         (partselect            ) [ 0101]
t_out_load                 (load                  ) [ 0000]
u_90_out_load              (load                  ) [ 0000]
v_96_load                  (load                  ) [ 0000]
specpipeline_ln166         (specpipeline          ) [ 0000]
speclooptripcount_ln166    (speclooptripcount     ) [ 0000]
specloopname_ln175         (specloopname          ) [ 0000]
v_144                      (add                   ) [ 0000]
xor_ln105                  (xor                   ) [ 0000]
xor_ln105_16               (xor                   ) [ 0000]
or_ln105                   (or                    ) [ 0000]
xor_ln105_17               (xor                   ) [ 0000]
carry                      (bitselect             ) [ 0000]
zext_ln105                 (zext                  ) [ 0000]
tempReg                    (add                   ) [ 0000]
v                          (add                   ) [ 0000]
xor_ln182                  (xor                   ) [ 0000]
xor_ln182_10               (xor                   ) [ 0000]
or_ln182                   (or                    ) [ 0000]
bit_sel                    (bitselect             ) [ 0000]
xor_ln182_11               (xor                   ) [ 0000]
trunc_ln182                (trunc                 ) [ 0000]
xor_ln182_s                (bitconcatenate        ) [ 0000]
and_ln182                  (and                   ) [ 0000]
xor_ln182_12               (xor                   ) [ 0000]
or_ln182_4                 (or                    ) [ 0000]
tmp_127                    (bitselect             ) [ 0000]
zext_ln183                 (zext                  ) [ 0000]
u                          (add                   ) [ 0000]
store_ln167                (store                 ) [ 0000]
store_ln167                (store                 ) [ 0000]
store_ln167                (store                 ) [ 0000]
br_ln175                   (br                    ) [ 0000]
v_96_load_2                (load                  ) [ 0000]
write_ln0                  (write                 ) [ 0000]
ret_ln0                    (ret                   ) [ 0000]
</LifeTime>

<model>

<comp_list>
<comp id="0" class="1000" name="v_080">
<pin_list>
<pin id="1" dir="1" index="0" bw="1" slack="0"/>
</pin_list>
<bind>
<StgValue><ssdm name="v_080"/></StgValue>
</bind>
</comp>

<comp id="2" class="1000" name="zext_ln172">
<pin_list>
<pin id="3" dir="1" index="0" bw="1" slack="0"/>
</pin_list>
<bind>
<StgValue><ssdm name="zext_ln172"/></StgValue>
</bind>
</comp>

<comp id="4" class="1000" name="indvars_iv94">
<pin_list>
<pin id="5" dir="1" index="0" bw="1" slack="0"/>
</pin_list>
<bind>
<StgValue><ssdm name="indvars_iv94"/></StgValue>
</bind>
</comp>

<comp id="6" class="1000" name="a_offset">
<pin_list>
<pin id="7" dir="1" index="0" bw="1" slack="0"/>
</pin_list>
<bind>
<StgValue><ssdm name="a_offset"/></StgValue>
</bind>
</comp>

<comp id="8" class="1000" name="PKB">
<pin_list>
<pin id="9" dir="1" index="0" bw="1" slack="0"/>
</pin_list>
<bind>
<StgValue><ssdm name="PKB"/><MemPortTyVec>1 3 </MemPortTyVec>
</StgValue>
</bind>
</comp>

<comp id="10" class="1000" name="i">
<pin_list>
<pin id="11" dir="1" index="0" bw="1" slack="0"/>
</pin_list>
<bind>
<StgValue><ssdm name="i"/></StgValue>
</bind>
</comp>

<comp id="12" class="1000" name="zext_ln177_3">
<pin_list>
<pin id="13" dir="1" index="0" bw="1" slack="0"/>
</pin_list>
<bind>
<StgValue><ssdm name="zext_ln177_3"/></StgValue>
</bind>
</comp>

<comp id="14" class="1000" name="b">
<pin_list>
<pin id="15" dir="1" index="0" bw="1" slack="0"/>
</pin_list>
<bind>
<StgValue><ssdm name="b"/><MemPortTyVec>1 3 </MemPortTyVec>
</StgValue>
</bind>
</comp>

<comp id="16" class="1000" name="v_96_out">
<pin_list>
<pin id="17" dir="1" index="0" bw="1" slack="0"/>
</pin_list>
<bind>
<StgValue><ssdm name="v_96_out"/></StgValue>
</bind>
</comp>

<comp id="18" class="1000" name="u_90_out">
<pin_list>
<pin id="19" dir="1" index="0" bw="1" slack="0"/>
</pin_list>
<bind>
<StgValue><ssdm name="u_90_out"/></StgValue>
</bind>
</comp>

<comp id="20" class="1000" name="t_out">
<pin_list>
<pin id="21" dir="1" index="0" bw="1" slack="0"/>
</pin_list>
<bind>
<StgValue><ssdm name="t_out"/></StgValue>
</bind>
</comp>

<comp id="22" class="1001" name="const_22">
<pin_list>
<pin id="23" dir="1" index="0" bw="1" slack="0"/>
</pin_list>
<bind>
<StgValue><ssdm name=""/></StgValue>
</bind>
</comp>

<comp id="24" class="1001" name="const_24">
<pin_list>
<pin id="25" dir="1" index="0" bw="1" slack="2147483647"/>
</pin_list>
<bind>
<StgValue><ssdm name="_ssdm_op_SpecBRAMWithByteEnable"/></StgValue>
</bind>
</comp>

<comp id="26" class="1001" name="const_26">
<pin_list>
<pin id="27" dir="1" index="0" bw="1" slack="0"/>
</pin_list>
<bind>
<StgValue><ssdm name="_ssdm_op_Read.ap_auto.i4"/></StgValue>
</bind>
</comp>

<comp id="28" class="1001" name="const_28">
<pin_list>
<pin id="29" dir="1" index="0" bw="1" slack="0"/>
</pin_list>
<bind>
<StgValue><ssdm name="_ssdm_op_Read.ap_auto.i3"/></StgValue>
</bind>
</comp>

<comp id="30" class="1001" name="const_30">
<pin_list>
<pin id="31" dir="1" index="0" bw="1" slack="0"/>
</pin_list>
<bind>
<StgValue><ssdm name="_ssdm_op_Read.ap_auto.i9"/></StgValue>
</bind>
</comp>

<comp id="32" class="1001" name="const_32">
<pin_list>
<pin id="33" dir="1" index="0" bw="1" slack="0"/>
</pin_list>
<bind>
<StgValue><ssdm name="_ssdm_op_Read.ap_auto.i64"/></StgValue>
</bind>
</comp>

<comp id="34" class="1001" name="const_34">
<pin_list>
<pin id="35" dir="1" index="0" bw="1" slack="0"/>
</pin_list>
<bind>
<StgValue><ssdm name=""/></StgValue>
</bind>
</comp>

<comp id="36" class="1001" name="const_36">
<pin_list>
<pin id="37" dir="1" index="0" bw="1" slack="0"/>
</pin_list>
<bind>
<StgValue><ssdm name=""/></StgValue>
</bind>
</comp>

<comp id="38" class="1001" name="const_38">
<pin_list>
<pin id="39" dir="1" index="0" bw="1" slack="0"/>
</pin_list>
<bind>
<StgValue><ssdm name="_ssdm_op_BitConcatenate.i6.i3.i3"/></StgValue>
</bind>
</comp>

<comp id="40" class="1001" name="const_40">
<pin_list>
<pin id="41" dir="1" index="0" bw="1" slack="0"/>
</pin_list>
<bind>
<StgValue><ssdm name=""/></StgValue>
</bind>
</comp>

<comp id="42" class="1001" name="const_42">
<pin_list>
<pin id="43" dir="1" index="0" bw="1" slack="0"/>
</pin_list>
<bind>
<StgValue><ssdm name="_ssdm_op_PartSelect.i6.i9.i32.i32"/></StgValue>
</bind>
</comp>

<comp id="44" class="1001" name="const_44">
<pin_list>
<pin id="45" dir="1" index="0" bw="1" slack="0"/>
</pin_list>
<bind>
<StgValue><ssdm name=""/></StgValue>
</bind>
</comp>

<comp id="46" class="1001" name="const_46">
<pin_list>
<pin id="47" dir="1" index="0" bw="1" slack="0"/>
</pin_list>
<bind>
<StgValue><ssdm name=""/></StgValue>
</bind>
</comp>

<comp id="48" class="1001" name="const_48">
<pin_list>
<pin id="49" dir="1" index="0" bw="1" slack="0"/>
</pin_list>
<bind>
<StgValue><ssdm name=""/></StgValue>
</bind>
</comp>

<comp id="50" class="1001" name="const_50">
<pin_list>
<pin id="51" dir="1" index="0" bw="1" slack="0"/>
</pin_list>
<bind>
<StgValue><ssdm name="_ssdm_op_PartSelect.i64.i128.i32"/></StgValue>
</bind>
</comp>

<comp id="52" class="1001" name="const_52">
<pin_list>
<pin id="53" dir="1" index="0" bw="1" slack="0"/>
</pin_list>
<bind>
<StgValue><ssdm name=""/></StgValue>
</bind>
</comp>

<comp id="54" class="1001" name="const_54">
<pin_list>
<pin id="55" dir="1" index="0" bw="1" slack="2147483647"/>
</pin_list>
<bind>
<StgValue><ssdm name="_ssdm_op_SpecPipeline"/></StgValue>
</bind>
</comp>

<comp id="56" class="1001" name="const_56">
<pin_list>
<pin id="57" dir="1" index="0" bw="1" slack="2147483647"/>
</pin_list>
<bind>
<StgValue><ssdm name=""/></StgValue>
</bind>
</comp>

<comp id="58" class="1001" name="const_58">
<pin_list>
<pin id="59" dir="1" index="0" bw="1" slack="2147483647"/>
</pin_list>
<bind>
<StgValue><ssdm name=""/></StgValue>
</bind>
</comp>

<comp id="60" class="1001" name="const_60">
<pin_list>
<pin id="61" dir="1" index="0" bw="1" slack="2147483647"/>
</pin_list>
<bind>
<StgValue><ssdm name="empty_73"/></StgValue>
</bind>
</comp>

<comp id="62" class="1001" name="const_62">
<pin_list>
<pin id="63" dir="1" index="0" bw="1" slack="2147483647"/>
</pin_list>
<bind>
<StgValue><ssdm name="_ssdm_op_SpecLoopTripCount"/></StgValue>
</bind>
</comp>

<comp id="64" class="1001" name="const_64">
<pin_list>
<pin id="65" dir="1" index="0" bw="1" slack="2147483647"/>
</pin_list>
<bind>
<StgValue><ssdm name=""/></StgValue>
</bind>
</comp>

<comp id="66" class="1001" name="const_66">
<pin_list>
<pin id="67" dir="1" index="0" bw="1" slack="2147483647"/>
</pin_list>
<bind>
<StgValue><ssdm name=""/></StgValue>
</bind>
</comp>

<comp id="68" class="1001" name="const_68">
<pin_list>
<pin id="69" dir="1" index="0" bw="1" slack="2147483647"/>
</pin_list>
<bind>
<StgValue><ssdm name=""/></StgValue>
</bind>
</comp>

<comp id="70" class="1001" name="const_70">
<pin_list>
<pin id="71" dir="1" index="0" bw="1" slack="2147483647"/>
</pin_list>
<bind>
<StgValue><ssdm name="_ssdm_op_SpecLoopName"/></StgValue>
</bind>
</comp>

<comp id="72" class="1001" name="const_72">
<pin_list>
<pin id="73" dir="1" index="0" bw="1" slack="2147483647"/>
</pin_list>
<bind>
<StgValue><ssdm name="empty_34"/></StgValue>
</bind>
</comp>

<comp id="74" class="1001" name="const_74">
<pin_list>
<pin id="75" dir="1" index="0" bw="1" slack="0"/>
</pin_list>
<bind>
<StgValue><ssdm name="_ssdm_op_BitSelect.i1.i64.i32"/></StgValue>
</bind>
</comp>

<comp id="76" class="1001" name="const_76">
<pin_list>
<pin id="77" dir="1" index="0" bw="1" slack="0"/>
</pin_list>
<bind>
<StgValue><ssdm name=""/></StgValue>
</bind>
</comp>

<comp id="78" class="1001" name="const_78">
<pin_list>
<pin id="79" dir="1" index="0" bw="1" slack="0"/>
</pin_list>
<bind>
<StgValue><ssdm name="_ssdm_op_BitSelect.i1.i64.i64"/></StgValue>
</bind>
</comp>

<comp id="80" class="1001" name="const_80">
<pin_list>
<pin id="81" dir="1" index="0" bw="1" slack="0"/>
</pin_list>
<bind>
<StgValue><ssdm name=""/></StgValue>
</bind>
</comp>

<comp id="82" class="1001" name="const_82">
<pin_list>
<pin id="83" dir="1" index="0" bw="1" slack="0"/>
</pin_list>
<bind>
<StgValue><ssdm name=""/></StgValue>
</bind>
</comp>

<comp id="84" class="1001" name="const_84">
<pin_list>
<pin id="85" dir="1" index="0" bw="1" slack="0"/>
</pin_list>
<bind>
<StgValue><ssdm name="_ssdm_op_BitConcatenate.i64.i1.i63"/></StgValue>
</bind>
</comp>

<comp id="86" class="1001" name="const_86">
<pin_list>
<pin id="87" dir="1" index="0" bw="1" slack="0"/>
</pin_list>
<bind>
<StgValue><ssdm name="_ssdm_op_Write.ap_auto.i64P0A"/></StgValue>
</bind>
</comp>

<comp id="88" class="1004" name="v_96_fu_88">
<pin_list>
<pin id="89" dir="0" index="0" bw="1" slack="0"/>
<pin id="90" dir="1" index="1" bw="64" slack="0"/>
</pin_list>
<bind>
<opcode="alloca(26) " fcode="alloca"/>
<opset="v_96/1 "/>
</bind>
</comp>

<comp id="92" class="1004" name="j_fu_92">
<pin_list>
<pin id="93" dir="0" index="0" bw="1" slack="0"/>
<pin id="94" dir="1" index="1" bw="4" slack="0"/>
</pin_list>
<bind>
<opcode="alloca(26) " fcode="alloca"/>
<opset="j/1 "/>
</bind>
</comp>

<comp id="96" class="1004" name="zext_ln177_3_read_read_fu_96">
<pin_list>
<pin id="97" dir="0" index="0" bw="4" slack="0"/>
<pin id="98" dir="0" index="1" bw="4" slack="0"/>
<pin id="99" dir="1" index="2" bw="4" slack="0"/>
</pin_list>
<bind>
<opcode="read(1150) " fcode="read"/>
<opset="zext_ln177_3_read/1 "/>
</bind>
</comp>

<comp id="102" class="1004" name="i_read_read_fu_102">
<pin_list>
<pin id="103" dir="0" index="0" bw="3" slack="0"/>
<pin id="104" dir="0" index="1" bw="3" slack="0"/>
<pin id="105" dir="1" index="2" bw="3" slack="0"/>
</pin_list>
<bind>
<opcode="read(1150) " fcode="read"/>
<opset="i_read/1 "/>
</bind>
</comp>

<comp id="108" class="1004" name="a_offset_read_read_fu_108">
<pin_list>
<pin id="109" dir="0" index="0" bw="9" slack="0"/>
<pin id="110" dir="0" index="1" bw="9" slack="0"/>
<pin id="111" dir="1" index="2" bw="9" slack="0"/>
</pin_list>
<bind>
<opcode="read(1150) " fcode="read"/>
<opset="a_offset_read/1 "/>
</bind>
</comp>

<comp id="114" class="1004" name="indvars_iv94_read_read_fu_114">
<pin_list>
<pin id="115" dir="0" index="0" bw="4" slack="0"/>
<pin id="116" dir="0" index="1" bw="4" slack="0"/>
<pin id="117" dir="1" index="2" bw="4" slack="0"/>
</pin_list>
<bind>
<opcode="read(1150) " fcode="read"/>
<opset="indvars_iv94_read/1 "/>
</bind>
</comp>

<comp id="120" class="1004" name="zext_ln172_read_read_fu_120">
<pin_list>
<pin id="121" dir="0" index="0" bw="4" slack="0"/>
<pin id="122" dir="0" index="1" bw="4" slack="0"/>
<pin id="123" dir="1" index="2" bw="4" slack="0"/>
</pin_list>
<bind>
<opcode="read(1150) " fcode="read"/>
<opset="zext_ln172_read/1 "/>
</bind>
</comp>

<comp id="126" class="1004" name="v_080_read_read_fu_126">
<pin_list>
<pin id="127" dir="0" index="0" bw="64" slack="0"/>
<pin id="128" dir="0" index="1" bw="64" slack="0"/>
<pin id="129" dir="1" index="2" bw="64" slack="0"/>
</pin_list>
<bind>
<opcode="read(1150) " fcode="read"/>
<opset="v_080_read/1 "/>
</bind>
</comp>

<comp id="132" class="1004" name="write_ln0_write_fu_132">
<pin_list>
<pin id="133" dir="0" index="0" bw="0" slack="0"/>
<pin id="134" dir="0" index="1" bw="64" slack="0"/>
<pin id="135" dir="0" index="2" bw="64" slack="0"/>
<pin id="136" dir="1" index="3" bw="0" slack="2147483647"/>
</pin_list>
<bind>
<opcode="write(1151) " fcode="write"/>
<opset="write_ln0/2 "/>
</bind>
</comp>

<comp id="139" class="1004" name="PKB_addr_gep_fu_139">
<pin_list>
<pin id="140" dir="0" index="0" bw="64" slack="0"/>
<pin id="141" dir="0" index="1" bw="1" slack="0"/>
<pin id="142" dir="0" index="2" bw="6" slack="0"/>
<pin id="143" dir="1" index="3" bw="6" slack="0"/>
</pin_list>
<bind>
<opcode="getelementptr(29) " fcode="getelementptr"/>
<opset="PKB_addr/1 "/>
</bind>
</comp>

<comp id="146" class="1004" name="grp_access_fu_146">
<pin_list>
<pin id="147" dir="0" index="0" bw="6" slack="0"/>
<pin id="148" dir="0" index="1" bw="64" slack="2147483647"/>
<pin id="149" dir="0" index="2" bw="0" slack="2147483647"/>
<pin id="150" dir="1" index="3" bw="64" slack="0"/>
</pin_list>
<bind>
<opcode="load(27) " fcode="load"/>
<opset="a/1 "/>
</bind>
</comp>

<comp id="152" class="1004" name="b_addr_gep_fu_152">
<pin_list>
<pin id="153" dir="0" index="0" bw="64" slack="0"/>
<pin id="154" dir="0" index="1" bw="1" slack="0"/>
<pin id="155" dir="0" index="2" bw="4" slack="0"/>
<pin id="156" dir="1" index="3" bw="4" slack="0"/>
</pin_list>
<bind>
<opcode="getelementptr(29) " fcode="getelementptr"/>
<opset="b_addr/1 "/>
</bind>
</comp>

<comp id="159" class="1004" name="grp_access_fu_159">
<pin_list>
<pin id="160" dir="0" index="0" bw="4" slack="0"/>
<pin id="161" dir="0" index="1" bw="64" slack="2147483647"/>
<pin id="162" dir="0" index="2" bw="0" slack="2147483647"/>
<pin id="163" dir="1" index="3" bw="64" slack="0"/>
</pin_list>
<bind>
<opcode="load(27) " fcode="load"/>
<opset="b_6/1 "/>
</bind>
</comp>

<comp id="165" class="1004" name="tmp_fu_165">
<pin_list>
<pin id="166" dir="0" index="0" bw="64" slack="0"/>
<pin id="167" dir="0" index="1" bw="64" slack="0"/>
<pin id="168" dir="1" index="2" bw="128" slack="0"/>
</pin_list>
<bind>
<opcode="mul(12) " fcode="mul"/>
<opset="tmp/2 "/>
</bind>
</comp>

<comp id="169" class="1004" name="i_cast_fu_169">
<pin_list>
<pin id="170" dir="0" index="0" bw="3" slack="0"/>
<pin id="171" dir="1" index="1" bw="4" slack="0"/>
</pin_list>
<bind>
<opcode="zext(34) " fcode="zext"/>
<opset="i_cast/1 "/>
</bind>
</comp>

<comp id="173" class="1004" name="zext_ln172_cast_fu_173">
<pin_list>
<pin id="174" dir="0" index="0" bw="4" slack="0"/>
<pin id="175" dir="1" index="1" bw="64" slack="0"/>
</pin_list>
<bind>
<opcode="zext(34) " fcode="zext"/>
<opset="zext_ln172_cast/1 "/>
</bind>
</comp>

<comp id="177" class="1004" name="store_ln166_store_fu_177">
<pin_list>
<pin id="178" dir="0" index="0" bw="1" slack="0"/>
<pin id="179" dir="0" index="1" bw="4" slack="0"/>
<pin id="180" dir="1" index="2" bw="0" slack="2147483647"/>
</pin_list>
<bind>
<opcode="store(28) " fcode="store"/>
<opset="store_ln166/1 "/>
</bind>
</comp>

<comp id="182" class="1004" name="store_ln167_store_fu_182">
<pin_list>
<pin id="183" dir="0" index="0" bw="64" slack="0"/>
<pin id="184" dir="0" index="1" bw="64" slack="0"/>
<pin id="185" dir="1" index="2" bw="0" slack="2147483647"/>
</pin_list>
<bind>
<opcode="store(28) " fcode="store"/>
<opset="store_ln167/1 "/>
</bind>
</comp>

<comp id="187" class="1004" name="store_ln167_store_fu_187">
<pin_list>
<pin id="188" dir="0" index="0" bw="4" slack="0"/>
<pin id="189" dir="0" index="1" bw="64" slack="0"/>
<pin id="190" dir="1" index="2" bw="0" slack="2147483647"/>
</pin_list>
<bind>
<opcode="store(28) " fcode="store"/>
<opset="store_ln167/1 "/>
</bind>
</comp>

<comp id="193" class="1004" name="store_ln167_store_fu_193">
<pin_list>
<pin id="194" dir="0" index="0" bw="1" slack="0"/>
<pin id="195" dir="0" index="1" bw="4" slack="0"/>
<pin id="196" dir="1" index="2" bw="0" slack="2147483647"/>
</pin_list>
<bind>
<opcode="store(28) " fcode="store"/>
<opset="store_ln167/1 "/>
</bind>
</comp>

<comp id="199" class="1004" name="j_22_load_fu_199">
<pin_list>
<pin id="200" dir="0" index="0" bw="4" slack="0"/>
<pin id="201" dir="1" index="1" bw="4" slack="0"/>
</pin_list>
<bind>
<opcode="load(27) " fcode="load"/>
<opset="j_22/1 "/>
</bind>
</comp>

<comp id="202" class="1004" name="icmp_ln175_fu_202">
<pin_list>
<pin id="203" dir="0" index="0" bw="4" slack="0"/>
<pin id="204" dir="0" index="1" bw="4" slack="0"/>
<pin id="205" dir="1" index="2" bw="1" slack="1"/>
</pin_list>
<bind>
<opcode="icmp(45) " fcode="icmp"/>
<opset="icmp_ln175/1 "/>
</bind>
</comp>

<comp id="208" class="1004" name="add_ln175_fu_208">
<pin_list>
<pin id="209" dir="0" index="0" bw="4" slack="0"/>
<pin id="210" dir="0" index="1" bw="1" slack="0"/>
<pin id="211" dir="1" index="2" bw="4" slack="0"/>
</pin_list>
<bind>
<opcode="add(8) " fcode="add"/>
<opset="add_ln175/1 "/>
</bind>
</comp>

<comp id="214" class="1004" name="trunc_ln177_fu_214">
<pin_list>
<pin id="215" dir="0" index="0" bw="4" slack="0"/>
<pin id="216" dir="1" index="1" bw="3" slack="0"/>
</pin_list>
<bind>
<opcode="trunc(33) " fcode="trunc"/>
<opset="trunc_ln177/1 "/>
</bind>
</comp>

<comp id="218" class="1004" name="shl_ln_fu_218">
<pin_list>
<pin id="219" dir="0" index="0" bw="6" slack="0"/>
<pin id="220" dir="0" index="1" bw="3" slack="0"/>
<pin id="221" dir="0" index="2" bw="1" slack="0"/>
<pin id="222" dir="1" index="3" bw="6" slack="0"/>
</pin_list>
<bind>
<opcode="bitconcatenate(1004) " fcode="bitconcatenate"/>
<opset="shl_ln/1 "/>
</bind>
</comp>

<comp id="226" class="1004" name="zext_ln177_fu_226">
<pin_list>
<pin id="227" dir="0" index="0" bw="6" slack="0"/>
<pin id="228" dir="1" index="1" bw="9" slack="0"/>
</pin_list>
<bind>
<opcode="zext(34) " fcode="zext"/>
<opset="zext_ln177/1 "/>
</bind>
</comp>

<comp id="230" class="1004" name="add_ln177_fu_230">
<pin_list>
<pin id="231" dir="0" index="0" bw="6" slack="0"/>
<pin id="232" dir="0" index="1" bw="9" slack="0"/>
<pin id="233" dir="1" index="2" bw="9" slack="0"/>
</pin_list>
<bind>
<opcode="add(8) " fcode="add"/>
<opset="add_ln177/1 "/>
</bind>
</comp>

<comp id="236" class="1004" name="lshr_ln_fu_236">
<pin_list>
<pin id="237" dir="0" index="0" bw="6" slack="0"/>
<pin id="238" dir="0" index="1" bw="9" slack="0"/>
<pin id="239" dir="0" index="2" bw="3" slack="0"/>
<pin id="240" dir="0" index="3" bw="5" slack="0"/>
<pin id="241" dir="1" index="4" bw="6" slack="0"/>
</pin_list>
<bind>
<opcode="partselect(1002) " fcode="partselect"/>
<opset="lshr_ln/1 "/>
</bind>
</comp>

<comp id="246" class="1004" name="zext_ln177_2_fu_246">
<pin_list>
<pin id="247" dir="0" index="0" bw="6" slack="0"/>
<pin id="248" dir="1" index="1" bw="64" slack="0"/>
</pin_list>
<bind>
<opcode="zext(34) " fcode="zext"/>
<opset="zext_ln177_2/1 "/>
</bind>
</comp>

<comp id="251" class="1004" name="sub_ln177_fu_251">
<pin_list>
<pin id="252" dir="0" index="0" bw="3" slack="0"/>
<pin id="253" dir="0" index="1" bw="4" slack="0"/>
<pin id="254" dir="1" index="2" bw="4" slack="0"/>
</pin_list>
<bind>
<opcode="sub(10) " fcode="sub"/>
<opset="sub_ln177/1 "/>
</bind>
</comp>

<comp id="257" class="1004" name="add_ln177_1_fu_257">
<pin_list>
<pin id="258" dir="0" index="0" bw="4" slack="0"/>
<pin id="259" dir="0" index="1" bw="4" slack="0"/>
<pin id="260" dir="1" index="2" bw="4" slack="0"/>
</pin_list>
<bind>
<opcode="add(8) " fcode="add"/>
<opset="add_ln177_1/1 "/>
</bind>
</comp>

<comp id="263" class="1004" name="zext_ln177_4_fu_263">
<pin_list>
<pin id="264" dir="0" index="0" bw="4" slack="0"/>
<pin id="265" dir="1" index="1" bw="64" slack="0"/>
</pin_list>
<bind>
<opcode="zext(34) " fcode="zext"/>
<opset="zext_ln177_4/1 "/>
</bind>
</comp>

<comp id="268" class="1004" name="store_ln166_store_fu_268">
<pin_list>
<pin id="269" dir="0" index="0" bw="4" slack="0"/>
<pin id="270" dir="0" index="1" bw="4" slack="0"/>
<pin id="271" dir="1" index="2" bw="0" slack="2147483647"/>
</pin_list>
<bind>
<opcode="store(28) " fcode="store"/>
<opset="store_ln166/1 "/>
</bind>
</comp>

<comp id="273" class="1004" name="zext_ln150_fu_273">
<pin_list>
<pin id="274" dir="0" index="0" bw="64" slack="0"/>
<pin id="275" dir="1" index="1" bw="128" slack="0"/>
</pin_list>
<bind>
<opcode="zext(34) " fcode="zext"/>
<opset="zext_ln150/2 "/>
</bind>
</comp>

<comp id="278" class="1004" name="zext_ln150_27_fu_278">
<pin_list>
<pin id="279" dir="0" index="0" bw="64" slack="0"/>
<pin id="280" dir="1" index="1" bw="128" slack="0"/>
</pin_list>
<bind>
<opcode="zext(34) " fcode="zext"/>
<opset="zext_ln150_27/2 "/>
</bind>
</comp>

<comp id="283" class="1004" name="lo_fu_283">
<pin_list>
<pin id="284" dir="0" index="0" bw="128" slack="0"/>
<pin id="285" dir="1" index="1" bw="64" slack="1"/>
</pin_list>
<bind>
<opcode="trunc(33) " fcode="trunc"/>
<opset="lo/2 "/>
</bind>
</comp>

<comp id="287" class="1004" name="hi_fu_287">
<pin_list>
<pin id="288" dir="0" index="0" bw="64" slack="0"/>
<pin id="289" dir="0" index="1" bw="128" slack="0"/>
<pin id="290" dir="0" index="2" bw="8" slack="0"/>
<pin id="291" dir="1" index="3" bw="64" slack="1"/>
</pin_list>
<bind>
<opcode="partselect(1002) " fcode="partselect"/>
<opset="hi/2 "/>
</bind>
</comp>

<comp id="295" class="1004" name="t_out_load_load_fu_295">
<pin_list>
<pin id="296" dir="0" index="0" bw="4" slack="0"/>
<pin id="297" dir="1" index="1" bw="4" slack="0"/>
</pin_list>
<bind>
<opcode="load(27) " fcode="load"/>
<opset="t_out_load/3 "/>
</bind>
</comp>

<comp id="299" class="1004" name="u_90_out_load_load_fu_299">
<pin_list>
<pin id="300" dir="0" index="0" bw="64" slack="0"/>
<pin id="301" dir="1" index="1" bw="64" slack="0"/>
</pin_list>
<bind>
<opcode="load(27) " fcode="load"/>
<opset="u_90_out_load/3 "/>
</bind>
</comp>

<comp id="303" class="1004" name="v_96_load_load_fu_303">
<pin_list>
<pin id="304" dir="0" index="0" bw="64" slack="2"/>
<pin id="305" dir="1" index="1" bw="64" slack="0"/>
</pin_list>
<bind>
<opcode="load(27) " fcode="load"/>
<opset="v_96_load/3 "/>
</bind>
</comp>

<comp id="306" class="1004" name="v_144_fu_306">
<pin_list>
<pin id="307" dir="0" index="0" bw="64" slack="1"/>
<pin id="308" dir="0" index="1" bw="64" slack="0"/>
<pin id="309" dir="1" index="2" bw="64" slack="0"/>
</pin_list>
<bind>
<opcode="add(8) " fcode="add"/>
<opset="v_144/3 "/>
</bind>
</comp>

<comp id="311" class="1004" name="xor_ln105_fu_311">
<pin_list>
<pin id="312" dir="0" index="0" bw="64" slack="0"/>
<pin id="313" dir="0" index="1" bw="64" slack="1"/>
<pin id="314" dir="1" index="2" bw="64" slack="0"/>
</pin_list>
<bind>
<opcode="xor(25) " fcode="xor"/>
<opset="xor_ln105/3 "/>
</bind>
</comp>

<comp id="316" class="1004" name="xor_ln105_16_fu_316">
<pin_list>
<pin id="317" dir="0" index="0" bw="64" slack="1"/>
<pin id="318" dir="0" index="1" bw="64" slack="0"/>
<pin id="319" dir="1" index="2" bw="64" slack="0"/>
</pin_list>
<bind>
<opcode="xor(25) " fcode="xor"/>
<opset="xor_ln105_16/3 "/>
</bind>
</comp>

<comp id="321" class="1004" name="or_ln105_fu_321">
<pin_list>
<pin id="322" dir="0" index="0" bw="64" slack="0"/>
<pin id="323" dir="0" index="1" bw="64" slack="0"/>
<pin id="324" dir="1" index="2" bw="64" slack="0"/>
</pin_list>
<bind>
<opcode="or(24) " fcode="or"/>
<opset="or_ln105/3 "/>
</bind>
</comp>

<comp id="327" class="1004" name="xor_ln105_17_fu_327">
<pin_list>
<pin id="328" dir="0" index="0" bw="64" slack="0"/>
<pin id="329" dir="0" index="1" bw="64" slack="0"/>
<pin id="330" dir="1" index="2" bw="64" slack="0"/>
</pin_list>
<bind>
<opcode="xor(25) " fcode="xor"/>
<opset="xor_ln105_17/3 "/>
</bind>
</comp>

<comp id="333" class="1004" name="carry_fu_333">
<pin_list>
<pin id="334" dir="0" index="0" bw="1" slack="0"/>
<pin id="335" dir="0" index="1" bw="64" slack="0"/>
<pin id="336" dir="0" index="2" bw="7" slack="0"/>
<pin id="337" dir="1" index="3" bw="1" slack="0"/>
</pin_list>
<bind>
<opcode="bitselect(1000) " fcode="bitselect"/>
<opset="carry/3 "/>
</bind>
</comp>

<comp id="341" class="1004" name="zext_ln105_fu_341">
<pin_list>
<pin id="342" dir="0" index="0" bw="1" slack="0"/>
<pin id="343" dir="1" index="1" bw="64" slack="0"/>
</pin_list>
<bind>
<opcode="zext(34) " fcode="zext"/>
<opset="zext_ln105/3 "/>
</bind>
</comp>

<comp id="345" class="1004" name="tempReg_fu_345">
<pin_list>
<pin id="346" dir="0" index="0" bw="64" slack="1"/>
<pin id="347" dir="0" index="1" bw="1" slack="0"/>
<pin id="348" dir="1" index="2" bw="64" slack="0"/>
</pin_list>
<bind>
<opcode="add(8) " fcode="add"/>
<opset="tempReg/3 "/>
</bind>
</comp>

<comp id="350" class="1004" name="v_fu_350">
<pin_list>
<pin id="351" dir="0" index="0" bw="64" slack="0"/>
<pin id="352" dir="0" index="1" bw="64" slack="0"/>
<pin id="353" dir="1" index="2" bw="64" slack="0"/>
</pin_list>
<bind>
<opcode="add(8) " fcode="add"/>
<opset="v/3 "/>
</bind>
</comp>

<comp id="356" class="1004" name="xor_ln182_fu_356">
<pin_list>
<pin id="357" dir="0" index="0" bw="64" slack="0"/>
<pin id="358" dir="0" index="1" bw="64" slack="0"/>
<pin id="359" dir="1" index="2" bw="64" slack="0"/>
</pin_list>
<bind>
<opcode="xor(25) " fcode="xor"/>
<opset="xor_ln182/3 "/>
</bind>
</comp>

<comp id="362" class="1004" name="xor_ln182_10_fu_362">
<pin_list>
<pin id="363" dir="0" index="0" bw="64" slack="0"/>
<pin id="364" dir="0" index="1" bw="64" slack="0"/>
<pin id="365" dir="1" index="2" bw="64" slack="0"/>
</pin_list>
<bind>
<opcode="xor(25) " fcode="xor"/>
<opset="xor_ln182_10/3 "/>
</bind>
</comp>

<comp id="368" class="1004" name="or_ln182_fu_368">
<pin_list>
<pin id="369" dir="0" index="0" bw="64" slack="0"/>
<pin id="370" dir="0" index="1" bw="64" slack="0"/>
<pin id="371" dir="1" index="2" bw="64" slack="0"/>
</pin_list>
<bind>
<opcode="or(24) " fcode="or"/>
<opset="or_ln182/3 "/>
</bind>
</comp>

<comp id="374" class="1004" name="bit_sel_fu_374">
<pin_list>
<pin id="375" dir="0" index="0" bw="1" slack="0"/>
<pin id="376" dir="0" index="1" bw="64" slack="0"/>
<pin id="377" dir="0" index="2" bw="7" slack="0"/>
<pin id="378" dir="1" index="3" bw="1" slack="0"/>
</pin_list>
<bind>
<opcode="bitselect(1000) " fcode="bitselect"/>
<opset="bit_sel/3 "/>
</bind>
</comp>

<comp id="382" class="1004" name="xor_ln182_11_fu_382">
<pin_list>
<pin id="383" dir="0" index="0" bw="1" slack="0"/>
<pin id="384" dir="0" index="1" bw="1" slack="0"/>
<pin id="385" dir="1" index="2" bw="1" slack="0"/>
</pin_list>
<bind>
<opcode="xor(25) " fcode="xor"/>
<opset="xor_ln182_11/3 "/>
</bind>
</comp>

<comp id="388" class="1004" name="trunc_ln182_fu_388">
<pin_list>
<pin id="389" dir="0" index="0" bw="64" slack="0"/>
<pin id="390" dir="1" index="1" bw="63" slack="0"/>
</pin_list>
<bind>
<opcode="trunc(33) " fcode="trunc"/>
<opset="trunc_ln182/3 "/>
</bind>
</comp>

<comp id="392" class="1004" name="xor_ln182_s_fu_392">
<pin_list>
<pin id="393" dir="0" index="0" bw="64" slack="0"/>
<pin id="394" dir="0" index="1" bw="1" slack="0"/>
<pin id="395" dir="0" index="2" bw="63" slack="0"/>
<pin id="396" dir="1" index="3" bw="64" slack="0"/>
</pin_list>
<bind>
<opcode="bitconcatenate(1004) " fcode="bitconcatenate"/>
<opset="xor_ln182_s/3 "/>
</bind>
</comp>

<comp id="400" class="1004" name="and_ln182_fu_400">
<pin_list>
<pin id="401" dir="0" index="0" bw="64" slack="0"/>
<pin id="402" dir="0" index="1" bw="64" slack="1"/>
<pin id="403" dir="1" index="2" bw="64" slack="0"/>
</pin_list>
<bind>
<opcode="and(23) " fcode="and"/>
<opset="and_ln182/3 "/>
</bind>
</comp>

<comp id="405" class="1004" name="xor_ln182_12_fu_405">
<pin_list>
<pin id="406" dir="0" index="0" bw="64" slack="0"/>
<pin id="407" dir="0" index="1" bw="64" slack="0"/>
<pin id="408" dir="1" index="2" bw="64" slack="0"/>
</pin_list>
<bind>
<opcode="xor(25) " fcode="xor"/>
<opset="xor_ln182_12/3 "/>
</bind>
</comp>

<comp id="411" class="1004" name="or_ln182_4_fu_411">
<pin_list>
<pin id="412" dir="0" index="0" bw="64" slack="0"/>
<pin id="413" dir="0" index="1" bw="64" slack="0"/>
<pin id="414" dir="1" index="2" bw="64" slack="0"/>
</pin_list>
<bind>
<opcode="or(24) " fcode="or"/>
<opset="or_ln182_4/3 "/>
</bind>
</comp>

<comp id="417" class="1004" name="tmp_127_fu_417">
<pin_list>
<pin id="418" dir="0" index="0" bw="1" slack="0"/>
<pin id="419" dir="0" index="1" bw="64" slack="0"/>
<pin id="420" dir="0" index="2" bw="7" slack="0"/>
<pin id="421" dir="1" index="3" bw="1" slack="0"/>
</pin_list>
<bind>
<opcode="bitselect(1000) " fcode="bitselect"/>
<opset="tmp_127/3 "/>
</bind>
</comp>

<comp id="425" class="1004" name="zext_ln183_fu_425">
<pin_list>
<pin id="426" dir="0" index="0" bw="1" slack="0"/>
<pin id="427" dir="1" index="1" bw="4" slack="0"/>
</pin_list>
<bind>
<opcode="zext(34) " fcode="zext"/>
<opset="zext_ln183/3 "/>
</bind>
</comp>

<comp id="429" class="1004" name="u_fu_429">
<pin_list>
<pin id="430" dir="0" index="0" bw="1" slack="0"/>
<pin id="431" dir="0" index="1" bw="4" slack="0"/>
<pin id="432" dir="1" index="2" bw="4" slack="0"/>
</pin_list>
<bind>
<opcode="add(8) " fcode="add"/>
<opset="u/3 "/>
</bind>
</comp>

<comp id="435" class="1004" name="store_ln167_store_fu_435">
<pin_list>
<pin id="436" dir="0" index="0" bw="64" slack="0"/>
<pin id="437" dir="0" index="1" bw="64" slack="2"/>
<pin id="438" dir="1" index="2" bw="0" slack="2147483647"/>
</pin_list>
<bind>
<opcode="store(28) " fcode="store"/>
<opset="store_ln167/3 "/>
</bind>
</comp>

<comp id="440" class="1004" name="store_ln167_store_fu_440">
<pin_list>
<pin id="441" dir="0" index="0" bw="64" slack="0"/>
<pin id="442" dir="0" index="1" bw="64" slack="0"/>
<pin id="443" dir="1" index="2" bw="0" slack="2147483647"/>
</pin_list>
<bind>
<opcode="store(28) " fcode="store"/>
<opset="store_ln167/3 "/>
</bind>
</comp>

<comp id="446" class="1004" name="store_ln167_store_fu_446">
<pin_list>
<pin id="447" dir="0" index="0" bw="4" slack="0"/>
<pin id="448" dir="0" index="1" bw="4" slack="0"/>
<pin id="449" dir="1" index="2" bw="0" slack="2147483647"/>
</pin_list>
<bind>
<opcode="store(28) " fcode="store"/>
<opset="store_ln167/3 "/>
</bind>
</comp>

<comp id="452" class="1004" name="v_96_load_2_load_fu_452">
<pin_list>
<pin id="453" dir="0" index="0" bw="64" slack="1"/>
<pin id="454" dir="1" index="1" bw="64" slack="0"/>
</pin_list>
<bind>
<opcode="load(27) " fcode="load"/>
<opset="v_96_load_2/2 "/>
</bind>
</comp>

<comp id="456" class="1005" name="v_96_reg_456">
<pin_list>
<pin id="457" dir="0" index="0" bw="64" slack="0"/>
<pin id="458" dir="1" index="1" bw="64" slack="0"/>
</pin_list>
<bind>
<opset="v_96 "/>
</bind>
</comp>

<comp id="464" class="1005" name="j_reg_464">
<pin_list>
<pin id="465" dir="0" index="0" bw="4" slack="0"/>
<pin id="466" dir="1" index="1" bw="4" slack="0"/>
</pin_list>
<bind>
<opset="j "/>
</bind>
</comp>

<comp id="471" class="1005" name="icmp_ln175_reg_471">
<pin_list>
<pin id="472" dir="0" index="0" bw="1" slack="1"/>
<pin id="473" dir="1" index="1" bw="1" slack="2147483647"/>
</pin_list>
<bind>
<opset="icmp_ln175 "/>
</bind>
</comp>

<comp id="475" class="1005" name="PKB_addr_reg_475">
<pin_list>
<pin id="476" dir="0" index="0" bw="6" slack="1"/>
<pin id="477" dir="1" index="1" bw="6" slack="1"/>
</pin_list>
<bind>
<opset="PKB_addr "/>
</bind>
</comp>

<comp id="480" class="1005" name="b_addr_reg_480">
<pin_list>
<pin id="481" dir="0" index="0" bw="4" slack="1"/>
<pin id="482" dir="1" index="1" bw="4" slack="1"/>
</pin_list>
<bind>
<opset="b_addr "/>
</bind>
</comp>

<comp id="485" class="1005" name="lo_reg_485">
<pin_list>
<pin id="486" dir="0" index="0" bw="64" slack="1"/>
<pin id="487" dir="1" index="1" bw="64" slack="1"/>
</pin_list>
<bind>
<opset="lo "/>
</bind>
</comp>

<comp id="492" class="1005" name="hi_reg_492">
<pin_list>
<pin id="493" dir="0" index="0" bw="64" slack="1"/>
<pin id="494" dir="1" index="1" bw="64" slack="1"/>
</pin_list>
<bind>
<opset="hi "/>
</bind>
</comp>

</comp_list>

<net_list>
<net id="91"><net_src comp="22" pin="0"/><net_sink comp="88" pin=0"/></net>

<net id="95"><net_src comp="22" pin="0"/><net_sink comp="92" pin=0"/></net>

<net id="100"><net_src comp="26" pin="0"/><net_sink comp="96" pin=0"/></net>

<net id="101"><net_src comp="12" pin="0"/><net_sink comp="96" pin=1"/></net>

<net id="106"><net_src comp="28" pin="0"/><net_sink comp="102" pin=0"/></net>

<net id="107"><net_src comp="10" pin="0"/><net_sink comp="102" pin=1"/></net>

<net id="112"><net_src comp="30" pin="0"/><net_sink comp="108" pin=0"/></net>

<net id="113"><net_src comp="6" pin="0"/><net_sink comp="108" pin=1"/></net>

<net id="118"><net_src comp="26" pin="0"/><net_sink comp="114" pin=0"/></net>

<net id="119"><net_src comp="4" pin="0"/><net_sink comp="114" pin=1"/></net>

<net id="124"><net_src comp="26" pin="0"/><net_sink comp="120" pin=0"/></net>

<net id="125"><net_src comp="2" pin="0"/><net_sink comp="120" pin=1"/></net>

<net id="130"><net_src comp="32" pin="0"/><net_sink comp="126" pin=0"/></net>

<net id="131"><net_src comp="0" pin="0"/><net_sink comp="126" pin=1"/></net>

<net id="137"><net_src comp="86" pin="0"/><net_sink comp="132" pin=0"/></net>

<net id="138"><net_src comp="16" pin="0"/><net_sink comp="132" pin=1"/></net>

<net id="144"><net_src comp="8" pin="0"/><net_sink comp="139" pin=0"/></net>

<net id="145"><net_src comp="48" pin="0"/><net_sink comp="139" pin=1"/></net>

<net id="151"><net_src comp="139" pin="3"/><net_sink comp="146" pin=0"/></net>

<net id="157"><net_src comp="14" pin="0"/><net_sink comp="152" pin=0"/></net>

<net id="158"><net_src comp="48" pin="0"/><net_sink comp="152" pin=1"/></net>

<net id="164"><net_src comp="152" pin="3"/><net_sink comp="159" pin=0"/></net>

<net id="172"><net_src comp="102" pin="2"/><net_sink comp="169" pin=0"/></net>

<net id="176"><net_src comp="120" pin="2"/><net_sink comp="173" pin=0"/></net>

<net id="181"><net_src comp="34" pin="0"/><net_sink comp="177" pin=0"/></net>

<net id="186"><net_src comp="126" pin="2"/><net_sink comp="182" pin=0"/></net>

<net id="191"><net_src comp="173" pin="1"/><net_sink comp="187" pin=0"/></net>

<net id="192"><net_src comp="18" pin="0"/><net_sink comp="187" pin=1"/></net>

<net id="197"><net_src comp="34" pin="0"/><net_sink comp="193" pin=0"/></net>

<net id="198"><net_src comp="20" pin="0"/><net_sink comp="193" pin=1"/></net>

<net id="206"><net_src comp="199" pin="1"/><net_sink comp="202" pin=0"/></net>

<net id="207"><net_src comp="114" pin="2"/><net_sink comp="202" pin=1"/></net>

<net id="212"><net_src comp="199" pin="1"/><net_sink comp="208" pin=0"/></net>

<net id="213"><net_src comp="36" pin="0"/><net_sink comp="208" pin=1"/></net>

<net id="217"><net_src comp="199" pin="1"/><net_sink comp="214" pin=0"/></net>

<net id="223"><net_src comp="38" pin="0"/><net_sink comp="218" pin=0"/></net>

<net id="224"><net_src comp="214" pin="1"/><net_sink comp="218" pin=1"/></net>

<net id="225"><net_src comp="40" pin="0"/><net_sink comp="218" pin=2"/></net>

<net id="229"><net_src comp="218" pin="3"/><net_sink comp="226" pin=0"/></net>

<net id="234"><net_src comp="226" pin="1"/><net_sink comp="230" pin=0"/></net>

<net id="235"><net_src comp="108" pin="2"/><net_sink comp="230" pin=1"/></net>

<net id="242"><net_src comp="42" pin="0"/><net_sink comp="236" pin=0"/></net>

<net id="243"><net_src comp="230" pin="2"/><net_sink comp="236" pin=1"/></net>

<net id="244"><net_src comp="44" pin="0"/><net_sink comp="236" pin=2"/></net>

<net id="245"><net_src comp="46" pin="0"/><net_sink comp="236" pin=3"/></net>

<net id="249"><net_src comp="236" pin="4"/><net_sink comp="246" pin=0"/></net>

<net id="250"><net_src comp="246" pin="1"/><net_sink comp="139" pin=2"/></net>

<net id="255"><net_src comp="169" pin="1"/><net_sink comp="251" pin=0"/></net>

<net id="256"><net_src comp="199" pin="1"/><net_sink comp="251" pin=1"/></net>

<net id="261"><net_src comp="96" pin="2"/><net_sink comp="257" pin=0"/></net>

<net id="262"><net_src comp="251" pin="2"/><net_sink comp="257" pin=1"/></net>

<net id="266"><net_src comp="257" pin="2"/><net_sink comp="263" pin=0"/></net>

<net id="267"><net_src comp="263" pin="1"/><net_sink comp="152" pin=2"/></net>

<net id="272"><net_src comp="208" pin="2"/><net_sink comp="268" pin=0"/></net>

<net id="276"><net_src comp="146" pin="3"/><net_sink comp="273" pin=0"/></net>

<net id="277"><net_src comp="273" pin="1"/><net_sink comp="165" pin=1"/></net>

<net id="281"><net_src comp="159" pin="3"/><net_sink comp="278" pin=0"/></net>

<net id="282"><net_src comp="278" pin="1"/><net_sink comp="165" pin=0"/></net>

<net id="286"><net_src comp="165" pin="2"/><net_sink comp="283" pin=0"/></net>

<net id="292"><net_src comp="50" pin="0"/><net_sink comp="287" pin=0"/></net>

<net id="293"><net_src comp="165" pin="2"/><net_sink comp="287" pin=1"/></net>

<net id="294"><net_src comp="52" pin="0"/><net_sink comp="287" pin=2"/></net>

<net id="298"><net_src comp="20" pin="0"/><net_sink comp="295" pin=0"/></net>

<net id="302"><net_src comp="18" pin="0"/><net_sink comp="299" pin=0"/></net>

<net id="310"><net_src comp="303" pin="1"/><net_sink comp="306" pin=1"/></net>

<net id="315"><net_src comp="306" pin="2"/><net_sink comp="311" pin=0"/></net>

<net id="320"><net_src comp="303" pin="1"/><net_sink comp="316" pin=1"/></net>

<net id="325"><net_src comp="311" pin="2"/><net_sink comp="321" pin=0"/></net>

<net id="326"><net_src comp="316" pin="2"/><net_sink comp="321" pin=1"/></net>

<net id="331"><net_src comp="321" pin="2"/><net_sink comp="327" pin=0"/></net>

<net id="332"><net_src comp="306" pin="2"/><net_sink comp="327" pin=1"/></net>

<net id="338"><net_src comp="74" pin="0"/><net_sink comp="333" pin=0"/></net>

<net id="339"><net_src comp="327" pin="2"/><net_sink comp="333" pin=1"/></net>

<net id="340"><net_src comp="76" pin="0"/><net_sink comp="333" pin=2"/></net>

<net id="344"><net_src comp="333" pin="3"/><net_sink comp="341" pin=0"/></net>

<net id="349"><net_src comp="341" pin="1"/><net_sink comp="345" pin=1"/></net>

<net id="354"><net_src comp="345" pin="2"/><net_sink comp="350" pin=0"/></net>

<net id="355"><net_src comp="299" pin="1"/><net_sink comp="350" pin=1"/></net>

<net id="360"><net_src comp="350" pin="2"/><net_sink comp="356" pin=0"/></net>

<net id="361"><net_src comp="345" pin="2"/><net_sink comp="356" pin=1"/></net>

<net id="366"><net_src comp="345" pin="2"/><net_sink comp="362" pin=0"/></net>

<net id="367"><net_src comp="299" pin="1"/><net_sink comp="362" pin=1"/></net>

<net id="372"><net_src comp="356" pin="2"/><net_sink comp="368" pin=0"/></net>

<net id="373"><net_src comp="362" pin="2"/><net_sink comp="368" pin=1"/></net>

<net id="379"><net_src comp="78" pin="0"/><net_sink comp="374" pin=0"/></net>

<net id="380"><net_src comp="345" pin="2"/><net_sink comp="374" pin=1"/></net>

<net id="381"><net_src comp="80" pin="0"/><net_sink comp="374" pin=2"/></net>

<net id="386"><net_src comp="374" pin="3"/><net_sink comp="382" pin=0"/></net>

<net id="387"><net_src comp="82" pin="0"/><net_sink comp="382" pin=1"/></net>

<net id="391"><net_src comp="345" pin="2"/><net_sink comp="388" pin=0"/></net>

<net id="397"><net_src comp="84" pin="0"/><net_sink comp="392" pin=0"/></net>

<net id="398"><net_src comp="382" pin="2"/><net_sink comp="392" pin=1"/></net>

<net id="399"><net_src comp="388" pin="1"/><net_sink comp="392" pin=2"/></net>

<net id="404"><net_src comp="392" pin="3"/><net_sink comp="400" pin=0"/></net>

<net id="409"><net_src comp="368" pin="2"/><net_sink comp="405" pin=0"/></net>

<net id="410"><net_src comp="350" pin="2"/><net_sink comp="405" pin=1"/></net>

<net id="415"><net_src comp="405" pin="2"/><net_sink comp="411" pin=0"/></net>

<net id="416"><net_src comp="400" pin="2"/><net_sink comp="411" pin=1"/></net>

<net id="422"><net_src comp="74" pin="0"/><net_sink comp="417" pin=0"/></net>

<net id="423"><net_src comp="411" pin="2"/><net_sink comp="417" pin=1"/></net>

<net id="424"><net_src comp="76" pin="0"/><net_sink comp="417" pin=2"/></net>

<net id="428"><net_src comp="417" pin="3"/><net_sink comp="425" pin=0"/></net>

<net id="433"><net_src comp="425" pin="1"/><net_sink comp="429" pin=0"/></net>

<net id="434"><net_src comp="295" pin="1"/><net_sink comp="429" pin=1"/></net>

<net id="439"><net_src comp="306" pin="2"/><net_sink comp="435" pin=0"/></net>

<net id="444"><net_src comp="350" pin="2"/><net_sink comp="440" pin=0"/></net>

<net id="445"><net_src comp="18" pin="0"/><net_sink comp="440" pin=1"/></net>

<net id="450"><net_src comp="429" pin="2"/><net_sink comp="446" pin=0"/></net>

<net id="451"><net_src comp="20" pin="0"/><net_sink comp="446" pin=1"/></net>

<net id="455"><net_src comp="452" pin="1"/><net_sink comp="132" pin=2"/></net>

<net id="459"><net_src comp="88" pin="1"/><net_sink comp="456" pin=0"/></net>

<net id="460"><net_src comp="456" pin="1"/><net_sink comp="182" pin=1"/></net>

<net id="461"><net_src comp="456" pin="1"/><net_sink comp="303" pin=0"/></net>

<net id="462"><net_src comp="456" pin="1"/><net_sink comp="435" pin=1"/></net>

<net id="463"><net_src comp="456" pin="1"/><net_sink comp="452" pin=0"/></net>

<net id="467"><net_src comp="92" pin="1"/><net_sink comp="464" pin=0"/></net>

<net id="468"><net_src comp="464" pin="1"/><net_sink comp="177" pin=1"/></net>

<net id="469"><net_src comp="464" pin="1"/><net_sink comp="199" pin=0"/></net>

<net id="470"><net_src comp="464" pin="1"/><net_sink comp="268" pin=1"/></net>

<net id="474"><net_src comp="202" pin="2"/><net_sink comp="471" pin=0"/></net>

<net id="478"><net_src comp="139" pin="3"/><net_sink comp="475" pin=0"/></net>

<net id="479"><net_src comp="475" pin="1"/><net_sink comp="146" pin=0"/></net>

<net id="483"><net_src comp="152" pin="3"/><net_sink comp="480" pin=0"/></net>

<net id="484"><net_src comp="480" pin="1"/><net_sink comp="159" pin=0"/></net>

<net id="488"><net_src comp="283" pin="1"/><net_sink comp="485" pin=0"/></net>

<net id="489"><net_src comp="485" pin="1"/><net_sink comp="306" pin=0"/></net>

<net id="490"><net_src comp="485" pin="1"/><net_sink comp="311" pin=1"/></net>

<net id="491"><net_src comp="485" pin="1"/><net_sink comp="316" pin=0"/></net>

<net id="495"><net_src comp="287" pin="3"/><net_sink comp="492" pin=0"/></net>

<net id="496"><net_src comp="492" pin="1"/><net_sink comp="345" pin=0"/></net>

<net id="497"><net_src comp="492" pin="1"/><net_sink comp="400" pin=1"/></net>

</net_list>

</model> 
---------------- Datapath Model END ------------------

* FSMD analyzer results:
  - Output states:
	Port: v_96_out | {2 }
	Port: u_90_out | {1 3 }
	Port: t_out | {1 3 }
 - Input state : 
	Port: mp_mul.56_Pipeline_VITIS_LOOP_175_2 : v_080 | {1 }
	Port: mp_mul.56_Pipeline_VITIS_LOOP_175_2 : zext_ln172 | {1 }
	Port: mp_mul.56_Pipeline_VITIS_LOOP_175_2 : indvars_iv94 | {1 }
	Port: mp_mul.56_Pipeline_VITIS_LOOP_175_2 : a_offset | {1 }
	Port: mp_mul.56_Pipeline_VITIS_LOOP_175_2 : PKB | {1 2 }
	Port: mp_mul.56_Pipeline_VITIS_LOOP_175_2 : i | {1 }
	Port: mp_mul.56_Pipeline_VITIS_LOOP_175_2 : zext_ln177_3 | {1 }
	Port: mp_mul.56_Pipeline_VITIS_LOOP_175_2 : b | {1 2 }
	Port: mp_mul.56_Pipeline_VITIS_LOOP_175_2 : u_90_out | {3 }
	Port: mp_mul.56_Pipeline_VITIS_LOOP_175_2 : t_out | {3 }
  - Chain level:
	State 1
		store_ln166 : 1
		store_ln167 : 1
		j_22 : 1
		icmp_ln175 : 2
		add_ln175 : 2
		br_ln175 : 3
		trunc_ln177 : 2
		shl_ln : 3
		zext_ln177 : 4
		add_ln177 : 5
		lshr_ln : 6
		zext_ln177_2 : 7
		PKB_addr : 8
		a : 9
		sub_ln177 : 1
		add_ln177_1 : 2
		zext_ln177_4 : 3
		b_addr : 4
		b_6 : 5
		store_ln166 : 3
	State 2
		zext_ln150 : 1
		zext_ln150_27 : 1
		tmp : 2
		lo : 3
		hi : 3
		write_ln0 : 1
	State 3
		v_144 : 1
		xor_ln105 : 2
		xor_ln105_16 : 1
		or_ln105 : 2
		xor_ln105_17 : 2
		carry : 2
		zext_ln105 : 3
		tempReg : 4
		v : 5
		xor_ln182 : 6
		xor_ln182_10 : 5
		or_ln182 : 6
		bit_sel : 5
		xor_ln182_11 : 6
		trunc_ln182 : 5
		xor_ln182_s : 6
		and_ln182 : 7
		xor_ln182_12 : 6
		or_ln182_4 : 7
		tmp_127 : 7
		zext_ln183 : 8
		u : 9
		store_ln167 : 2
		store_ln167 : 6
		store_ln167 : 10


============================================================
+ Verbose Summary: Datapath Resource usage 
============================================================

* Functional unit list:
|----------|-------------------------------|---------|---------|---------|
| Operation|        Functional Unit        |   DSP   |    FF   |   LUT   |
|----------|-------------------------------|---------|---------|---------|
|          |        xor_ln105_fu_311       |    0    |    0    |    64   |
|          |      xor_ln105_16_fu_316      |    0    |    0    |    64   |
|          |      xor_ln105_17_fu_327      |    0    |    0    |    64   |
|    xor   |        xor_ln182_fu_356       |    0    |    0    |    64   |
|          |      xor_ln182_10_fu_362      |    0    |    0    |    64   |
|          |      xor_ln182_11_fu_382      |    0    |    0    |    2    |
|          |      xor_ln182_12_fu_405      |    0    |    0    |    64   |
|----------|-------------------------------|---------|---------|---------|
|          |        add_ln175_fu_208       |    0    |    0    |    12   |
|          |        add_ln177_fu_230       |    0    |    0    |    16   |
|          |       add_ln177_1_fu_257      |    0    |    0    |    7    |
|    add   |          v_144_fu_306         |    0    |    0    |    71   |
|          |         tempReg_fu_345        |    0    |    0    |    71   |
|          |            v_fu_350           |    0    |    0    |    71   |
|          |            u_fu_429           |    0    |    0    |    12   |
|----------|-------------------------------|---------|---------|---------|
|          |        or_ln105_fu_321        |    0    |    0    |    64   |
|    or    |        or_ln182_fu_368        |    0    |    0    |    64   |
|          |       or_ln182_4_fu_411       |    0    |    0    |    64   |
|----------|-------------------------------|---------|---------|---------|
|    and   |        and_ln182_fu_400       |    0    |    0    |    64   |
|----------|-------------------------------|---------|---------|---------|
|    mul   |           tmp_fu_165          |    16   |    0    |    45   |
|----------|-------------------------------|---------|---------|---------|
|   icmp   |       icmp_ln175_fu_202       |    0    |    0    |    12   |
|----------|-------------------------------|---------|---------|---------|
|    sub   |        sub_ln177_fu_251       |    0    |    0    |    7    |
|----------|-------------------------------|---------|---------|---------|
|          |  zext_ln177_3_read_read_fu_96 |    0    |    0    |    0    |
|          |       i_read_read_fu_102      |    0    |    0    |    0    |
|   read   |   a_offset_read_read_fu_108   |    0    |    0    |    0    |
|          | indvars_iv94_read_read_fu_114 |    0    |    0    |    0    |
|          |  zext_ln172_read_read_fu_120  |    0    |    0    |    0    |
|          |     v_080_read_read_fu_126    |    0    |    0    |    0    |
|----------|-------------------------------|---------|---------|---------|
|   write  |     write_ln0_write_fu_132    |    0    |    0    |    0    |
|----------|-------------------------------|---------|---------|---------|
|          |         i_cast_fu_169         |    0    |    0    |    0    |
|          |     zext_ln172_cast_fu_173    |    0    |    0    |    0    |
|          |       zext_ln177_fu_226       |    0    |    0    |    0    |
|          |      zext_ln177_2_fu_246      |    0    |    0    |    0    |
|   zext   |      zext_ln177_4_fu_263      |    0    |    0    |    0    |
|          |       zext_ln150_fu_273       |    0    |    0    |    0    |
|          |      zext_ln150_27_fu_278     |    0    |    0    |    0    |
|          |       zext_ln105_fu_341       |    0    |    0    |    0    |
|          |       zext_ln183_fu_425       |    0    |    0    |    0    |
|----------|-------------------------------|---------|---------|---------|
|          |       trunc_ln177_fu_214      |    0    |    0    |    0    |
|   trunc  |           lo_fu_283           |    0    |    0    |    0    |
|          |       trunc_ln182_fu_388      |    0    |    0    |    0    |
|----------|-------------------------------|---------|---------|---------|
|bitconcatenate|         shl_ln_fu_218         |    0    |    0    |    0    |
|          |       xor_ln182_s_fu_392      |    0    |    0    |    0    |
|----------|-------------------------------|---------|---------|---------|
|partselect|         lshr_ln_fu_236        |    0    |    0    |    0    |
|          |           hi_fu_287           |    0    |    0    |    0    |
|----------|-------------------------------|---------|---------|---------|
|          |          carry_fu_333         |    0    |    0    |    0    |
| bitselect|         bit_sel_fu_374        |    0    |    0    |    0    |
|          |         tmp_127_fu_417        |    0    |    0    |    0    |
|----------|-------------------------------|---------|---------|---------|
|   Total  |                               |    16   |    0    |   966   |
|----------|-------------------------------|---------|---------|---------|

Memories:
N/A

* Register list:
+------------------+--------+
|                  |   FF   |
+------------------+--------+
| PKB_addr_reg_475 |    6   |
|  b_addr_reg_480  |    4   |
|    hi_reg_492    |   64   |
|icmp_ln175_reg_471|    1   |
|     j_reg_464    |    4   |
|    lo_reg_485    |   64   |
|   v_96_reg_456   |   64   |
+------------------+--------+
|       Total      |   207  |
+------------------+--------+

* Multiplexer (MUX) list: 
|-------------------|------|------|------|--------||---------||---------||---------|
|        Comp       |  Pin | Size |  BW  | S x BW ||  Delay  ||    FF   ||   LUT   |
|-------------------|------|------|------|--------||---------||---------||---------|
| grp_access_fu_146 |  p0  |   2  |   6  |   12   ||    0    ||    9    |
| grp_access_fu_159 |  p0  |   2  |   4  |    8   ||    0    ||    9    |
|-------------------|------|------|------|--------||---------||---------||---------|
|       Total       |      |      |      |   20   ||  0.774  ||    0    ||    18   |
|-------------------|------|------|------|--------||---------||---------||---------|



* Summary:
+-----------+--------+--------+--------+--------+
|           |   DSP  |  Delay |   FF   |   LUT  |
+-----------+--------+--------+--------+--------+
|  Function |   16   |    -   |    0   |   966  |
|   Memory  |    -   |    -   |    -   |    -   |
|Multiplexer|    -   |    0   |    0   |   18   |
|  Register |    -   |    -   |   207  |    -   |
+-----------+--------+--------+--------+--------+
|   Total   |   16   |    0   |   207  |   984  |
+-----------+--------+--------+--------+--------+
