

================================================================
== Vitis HLS Report for 'mp_mul_7_1'
================================================================
* Date:           Wed Jul 30 15:22:11 2025

* Version:        2024.2.2 (Build 6049644 on Mar  5 2025)
* Project:        sikep503_hls
* Solution:       solution1 (Vivado IP Flow Target)
* Product family: virtexuplus58g
* Target device:  xcvu29p-fsga2577-2L-e


================================================================
== Performance Estimates
================================================================
+ Timing: 
    * Summary: 
    +--------+----------+----------+------------+
    |  Clock |  Target  | Estimated| Uncertainty|
    +--------+----------+----------+------------+
    |ap_clk  |  10.00 ns|  7.261 ns|     2.70 ns|
    +--------+----------+----------+------------+

+ Latency: 
    * Summary: 
    +---------+---------+----------+----------+-----+-----+---------+
    |  Latency (cycles) |  Latency (absolute) |  Interval | Pipeline|
    |   min   |   max   |    min   |    max   | min | max |   Type  |
    +---------+---------+----------+----------+-----+-----+---------+
    |      122|      220|  1.220 us|  2.200 us|  122|  220|       no|
    +---------+---------+----------+----------+-----+-----+---------+

    + Detail: 
        * Instance: 
        N/A

        * Loop: 
        +--------------------+---------+---------+----------+-----------+-----------+------+----------+
        |                    |  Latency (cycles) | Iteration|  Initiation Interval  | Trip |          |
        |      Loop Name     |   min   |   max   |  Latency |  achieved |   target  | Count| Pipelined|
        +--------------------+---------+---------+----------+-----------+-----------+------+----------+
        |- VITIS_LOOP_243_1  |       64|      120|    8 ~ 15|          -|          -|     8|        no|
        |- VITIS_LOOP_256_3  |       56|       98|    8 ~ 14|          -|          -|     7|        no|
        +--------------------+---------+---------+----------+-----------+-----------+------+----------+

============================================================
+ Verbose Summary: Synthesis Manager
============================================================
InlineROM: 1
ExposeGlobal: 0
============================================================
+ Verbose Summary: CDFG Model
============================================================
IsTopModel: 0
ResetActiveHigh: 1
IsCombinational: 0
IsDatapathOnly: 0
HasWiredReturn: 1
HasMFsm: 0
HasVarLatency: 1
IsPipeline: 0
IsRtlPipelined: 0
IsInstanceOverlapped: 0
IsDontTouch: 0
HasImplIP: 0
IsGatedGlobalClock: 0


============================================================
+ Verbose Summary: Schedule
============================================================
* Number of FSM states : 9
* Pipeline : 0
* Dataflow Pipeline: 0

* FSM state transitions: 
1 --> 2 
2 --> 3 6 
3 --> 4 
4 --> 5 
5 --> 2 
6 --> 7 
7 --> 8 
8 --> 9 
9 --> 6 

* FSM state operations: 

State 1 <SV = 0> <Delay = 0.38>
ST_1 : Operation 10 [1/1] (0.00ns)   --->   "%indvars_iv31 = alloca i32 1"   --->   Operation 10 'alloca' 'indvars_iv31' <Predicate = true> <Delay = 0.00>
ST_1 : Operation 11 [1/1] (0.00ns)   --->   "%i = alloca i32 1" [src/generic/fp_generic.cpp:238]   --->   Operation 11 'alloca' 'i' <Predicate = true> <Delay = 0.00>
ST_1 : Operation 12 [1/1] (0.00ns)   --->   "%u_016 = alloca i32 1" [src/generic/fp_generic.cpp:239]   --->   Operation 12 'alloca' 'u_016' <Predicate = true> <Delay = 0.00>
ST_1 : Operation 13 [1/1] (0.00ns)   --->   "%v_017 = alloca i32 1" [src/generic/fp_generic.cpp:239]   --->   Operation 13 'alloca' 'v_017' <Predicate = true> <Delay = 0.00>
ST_1 : Operation 14 [1/1] (0.00ns)   --->   "%p_read_13 = read i64 @_ssdm_op_Read.ap_auto.i64, i64 %p_read7"   --->   Operation 14 'read' 'p_read_13' <Predicate = true> <Delay = 0.00>
ST_1 : Operation 15 [1/1] (0.00ns)   --->   "%p_read_14 = read i64 @_ssdm_op_Read.ap_auto.i64, i64 %p_read6"   --->   Operation 15 'read' 'p_read_14' <Predicate = true> <Delay = 0.00>
ST_1 : Operation 16 [1/1] (0.00ns)   --->   "%p_read_15 = read i64 @_ssdm_op_Read.ap_auto.i64, i64 %p_read5"   --->   Operation 16 'read' 'p_read_15' <Predicate = true> <Delay = 0.00>
ST_1 : Operation 17 [1/1] (0.00ns)   --->   "%p_read_16 = read i64 @_ssdm_op_Read.ap_auto.i64, i64 %p_read4"   --->   Operation 17 'read' 'p_read_16' <Predicate = true> <Delay = 0.00>
ST_1 : Operation 18 [1/1] (0.00ns)   --->   "%p_read_17 = read i64 @_ssdm_op_Read.ap_auto.i64, i64 %p_read3"   --->   Operation 18 'read' 'p_read_17' <Predicate = true> <Delay = 0.00>
ST_1 : Operation 19 [1/1] (0.00ns)   --->   "%p_read_18 = read i64 @_ssdm_op_Read.ap_auto.i64, i64 %p_read2"   --->   Operation 19 'read' 'p_read_18' <Predicate = true> <Delay = 0.00>
ST_1 : Operation 20 [1/1] (0.00ns)   --->   "%p_read_19 = read i64 @_ssdm_op_Read.ap_auto.i64, i64 %p_read1"   --->   Operation 20 'read' 'p_read_19' <Predicate = true> <Delay = 0.00>
ST_1 : Operation 21 [1/1] (0.00ns)   --->   "%p_read26 = read i64 @_ssdm_op_Read.ap_auto.i64, i64 %p_read"   --->   Operation 21 'read' 'p_read26' <Predicate = true> <Delay = 0.00>
ST_1 : Operation 22 [1/1] (0.00ns)   --->   "%t_33_loc = alloca i64 1"   --->   Operation 22 'alloca' 't_33_loc' <Predicate = true> <Delay = 0.00>
ST_1 : Operation 23 [1/1] (0.00ns)   --->   "%v_35_loc = alloca i64 1"   --->   Operation 23 'alloca' 'v_35_loc' <Predicate = true> <Delay = 0.00>
ST_1 : Operation 24 [1/1] (0.00ns)   --->   "%v_114_loc = alloca i64 1"   --->   Operation 24 'alloca' 'v_114_loc' <Predicate = true> <Delay = 0.00>
ST_1 : Operation 25 [1/1] (0.00ns)   --->   "%store_ln239 = store i64 0, i64 %v_017" [src/generic/fp_generic.cpp:239]   --->   Operation 25 'store' 'store_ln239' <Predicate = true> <Delay = 0.00>
ST_1 : Operation 26 [1/1] (0.00ns)   --->   "%store_ln239 = store i4 0, i4 %u_016" [src/generic/fp_generic.cpp:239]   --->   Operation 26 'store' 'store_ln239' <Predicate = true> <Delay = 0.00>
ST_1 : Operation 27 [1/1] (0.38ns)   --->   "%store_ln238 = store i4 0, i4 %i" [src/generic/fp_generic.cpp:238]   --->   Operation 27 'store' 'store_ln238' <Predicate = true> <Delay = 0.38>
ST_1 : Operation 28 [1/1] (0.38ns)   --->   "%store_ln0 = store i4 1, i4 %indvars_iv31"   --->   Operation 28 'store' 'store_ln0' <Predicate = true> <Delay = 0.38>
ST_1 : Operation 29 [1/1] (0.00ns)   --->   "%br_ln243 = br void %VITIS_LOOP_245_2" [src/generic/fp_generic.cpp:243]   --->   Operation 29 'br' 'br_ln243' <Predicate = true> <Delay = 0.00>

State 2 <SV = 1> <Delay = 1.09>
ST_2 : Operation 30 [1/1] (0.00ns)   --->   "%i_80 = load i4 %i" [src/generic/fp_generic.cpp:243]   --->   Operation 30 'load' 'i_80' <Predicate = true> <Delay = 0.00>
ST_2 : Operation 31 [1/1] (0.00ns)   --->   "%u = load i4 %u_016"   --->   Operation 31 'load' 'u' <Predicate = true> <Delay = 0.00>
ST_2 : Operation 32 [1/1] (0.00ns)   --->   "%v_239 = load i64 %v_017"   --->   Operation 32 'load' 'v_239' <Predicate = true> <Delay = 0.00>
ST_2 : Operation 33 [1/1] (0.70ns)   --->   "%icmp_ln243 = icmp_eq  i4 %i_80, i4 8" [src/generic/fp_generic.cpp:243]   --->   Operation 33 'icmp' 'icmp_ln243' <Predicate = true> <Delay = 0.70> <CoreInst = "Cmp">   --->   Core 9 'Cmp' <Latency = 0> <II = 1> <Delay = 0.70> <FuncUnit> <Opcode : 'seteq' 'setne' 'setle' 'setge' 'setlt' 'setgt'> <InPorts = 2> <OutPorts = 1>
ST_2 : Operation 34 [1/1] (0.70ns)   --->   "%add_ln243 = add i4 %i_80, i4 1" [src/generic/fp_generic.cpp:243]   --->   Operation 34 'add' 'add_ln243' <Predicate = true> <Delay = 0.70> <CoreInst = "Adder">   --->   Core 1 'Adder' <Latency = 0> <II = 1> <Delay = 0.70> <FuncUnit> <Opcode : 'add' 'sub'> <InPorts = 2> <OutPorts = 1>
ST_2 : Operation 35 [1/1] (0.00ns)   --->   "%br_ln243 = br i1 %icmp_ln243, void %VITIS_LOOP_245_2.split, void %VITIS_LOOP_257_4.preheader" [src/generic/fp_generic.cpp:243]   --->   Operation 35 'br' 'br_ln243' <Predicate = true> <Delay = 0.00>
ST_2 : Operation 36 [1/1] (0.38ns)   --->   "%store_ln238 = store i4 %add_ln243, i4 %i" [src/generic/fp_generic.cpp:238]   --->   Operation 36 'store' 'store_ln238' <Predicate = (!icmp_ln243)> <Delay = 0.38>
ST_2 : Operation 37 [1/1] (0.00ns)   --->   "%u_29 = alloca i32 1" [src/generic/fp_generic.cpp:239]   --->   Operation 37 'alloca' 'u_29' <Predicate = (icmp_ln243)> <Delay = 0.00>
ST_2 : Operation 38 [1/1] (0.00ns)   --->   "%v = alloca i32 1" [src/generic/fp_generic.cpp:239]   --->   Operation 38 'alloca' 'v' <Predicate = (icmp_ln243)> <Delay = 0.00>
ST_2 : Operation 39 [1/1] (0.00ns)   --->   "%indvars_iv = alloca i32 1"   --->   Operation 39 'alloca' 'indvars_iv' <Predicate = (icmp_ln243)> <Delay = 0.00>
ST_2 : Operation 40 [1/1] (0.00ns)   --->   "%i_32 = alloca i32 1" [src/generic/fp_generic.cpp:238]   --->   Operation 40 'alloca' 'i_32' <Predicate = (icmp_ln243)> <Delay = 0.00>
ST_2 : Operation 41 [1/1] (0.38ns)   --->   "%store_ln238 = store i4 8, i4 %i_32" [src/generic/fp_generic.cpp:238]   --->   Operation 41 'store' 'store_ln238' <Predicate = (icmp_ln243)> <Delay = 0.38>
ST_2 : Operation 42 [1/1] (0.38ns)   --->   "%store_ln0 = store i4 1, i4 %indvars_iv"   --->   Operation 42 'store' 'store_ln0' <Predicate = (icmp_ln243)> <Delay = 0.38>
ST_2 : Operation 43 [1/1] (0.00ns)   --->   "%store_ln239 = store i64 %v_239, i64 %v" [src/generic/fp_generic.cpp:239]   --->   Operation 43 'store' 'store_ln239' <Predicate = (icmp_ln243)> <Delay = 0.00>
ST_2 : Operation 44 [1/1] (0.38ns)   --->   "%store_ln239 = store i4 %u, i4 %u_29" [src/generic/fp_generic.cpp:239]   --->   Operation 44 'store' 'store_ln239' <Predicate = (icmp_ln243)> <Delay = 0.38>
ST_2 : Operation 45 [1/1] (0.00ns)   --->   "%br_ln256 = br void %VITIS_LOOP_257_4" [src/generic/fp_generic.cpp:256]   --->   Operation 45 'br' 'br_ln256' <Predicate = (icmp_ln243)> <Delay = 0.00>

State 3 <SV = 2> <Delay = 1.15>
ST_3 : Operation 46 [1/1] (0.00ns)   --->   "%indvars_iv31_load = load i4 %indvars_iv31" [src/generic/fp_generic.cpp:243]   --->   Operation 46 'load' 'indvars_iv31_load' <Predicate = true> <Delay = 0.00>
ST_3 : Operation 47 [1/1] (0.00ns)   --->   "%trunc_ln243 = trunc i4 %i_80" [src/generic/fp_generic.cpp:243]   --->   Operation 47 'trunc' 'trunc_ln243' <Predicate = true> <Delay = 0.00>
ST_3 : Operation 48 [2/2] (1.15ns)   --->   "%call_ln243 = call void @mp_mul.7.1_Pipeline_VITIS_LOOP_245_2, i64 %v_239, i4 %u, i4 %indvars_iv31_load, i64 %p_read26, i64 %p_read_19, i64 %p_read_18, i64 %p_read_17, i64 %p_read_16, i64 %p_read_15, i64 %p_read_14, i64 %p_read_13, i3 %trunc_ln243, i64 %v_114_loc, i64 %v_017, i4 %u_016" [src/generic/fp_generic.cpp:243]   --->   Operation 48 'call' 'call_ln243' <Predicate = true> <Delay = 1.15> <CoreType = "Generic">   --->   Generic Core
ST_3 : Operation 49 [1/1] (0.70ns)   --->   "%add_ln243_12 = add i4 %indvars_iv31_load, i4 1" [src/generic/fp_generic.cpp:243]   --->   Operation 49 'add' 'add_ln243_12' <Predicate = true> <Delay = 0.70> <CoreInst = "Adder">   --->   Core 1 'Adder' <Latency = 0> <II = 1> <Delay = 0.70> <FuncUnit> <Opcode : 'add' 'sub'> <InPorts = 2> <OutPorts = 1>
ST_3 : Operation 50 [1/1] (0.38ns)   --->   "%store_ln243 = store i4 %add_ln243_12, i4 %indvars_iv31" [src/generic/fp_generic.cpp:243]   --->   Operation 50 'store' 'store_ln243' <Predicate = true> <Delay = 0.38>

State 4 <SV = 3> <Delay = 0.00>
ST_4 : Operation 51 [1/2] (0.00ns)   --->   "%call_ln243 = call void @mp_mul.7.1_Pipeline_VITIS_LOOP_245_2, i64 %v_239, i4 %u, i4 %indvars_iv31_load, i64 %p_read26, i64 %p_read_19, i64 %p_read_18, i64 %p_read_17, i64 %p_read_16, i64 %p_read_15, i64 %p_read_14, i64 %p_read_13, i3 %trunc_ln243, i64 %v_114_loc, i64 %v_017, i4 %u_016" [src/generic/fp_generic.cpp:243]   --->   Operation 51 'call' 'call_ln243' <Predicate = true> <Delay = 0.00> <CoreType = "Generic">   --->   Generic Core

State 5 <SV = 4> <Delay = 0.71>
ST_5 : Operation 52 [1/1] (0.00ns)   --->   "%zext_ln243 = zext i4 %i_80" [src/generic/fp_generic.cpp:243]   --->   Operation 52 'zext' 'zext_ln243' <Predicate = true> <Delay = 0.00>
ST_5 : Operation 53 [1/1] (0.00ns)   --->   "%speclooptripcount_ln239 = speclooptripcount void @_ssdm_op_SpecLoopTripCount, i64 8, i64 8, i64 8" [src/generic/fp_generic.cpp:239]   --->   Operation 53 'speclooptripcount' 'speclooptripcount_ln239' <Predicate = true> <Delay = 0.00>
ST_5 : Operation 54 [1/1] (0.00ns)   --->   "%specloopname_ln243 = specloopname void @_ssdm_op_SpecLoopName, void @empty_22" [src/generic/fp_generic.cpp:243]   --->   Operation 54 'specloopname' 'specloopname_ln243' <Predicate = true> <Delay = 0.00>
ST_5 : Operation 55 [1/1] (0.00ns)   --->   "%v_114_loc_load = load i64 %v_114_loc"   --->   Operation 55 'load' 'v_114_loc_load' <Predicate = true> <Delay = 0.00>
ST_5 : Operation 56 [1/1] (0.00ns)   --->   "%c_addr_23 = getelementptr i64 %c, i64 0, i64 %zext_ln243" [src/generic/fp_generic.cpp:251]   --->   Operation 56 'getelementptr' 'c_addr_23' <Predicate = true> <Delay = 0.00>
ST_5 : Operation 57 [1/1] ( I:0.71ns O:0.71ns )   --->   "%store_ln251 = store i64 %v_114_loc_load, i4 %c_addr_23" [src/generic/fp_generic.cpp:251]   --->   Operation 57 'store' 'store_ln251' <Predicate = true> <Delay = 0.71> <CoreInst = "RAM">   --->   Core 82 'RAM' <Latency = 1> <II = 1> <Delay = 0.71> <Storage> <Opcode : 'load' 'store'> <Ports = 2> <Width = 64> <Depth = 16> <RAM>
ST_5 : Operation 58 [1/1] (0.00ns)   --->   "%br_ln243 = br void %VITIS_LOOP_245_2" [src/generic/fp_generic.cpp:243]   --->   Operation 58 'br' 'br_ln243' <Predicate = true> <Delay = 0.00>

State 6 <SV = 2> <Delay = 1.42>
ST_6 : Operation 59 [1/1] (0.00ns)   --->   "%i_81 = load i4 %i_32" [src/generic/fp_generic.cpp:256]   --->   Operation 59 'load' 'i_81' <Predicate = true> <Delay = 0.00>
ST_6 : Operation 60 [1/1] (0.70ns)   --->   "%icmp_ln256 = icmp_eq  i4 %i_81, i4 15" [src/generic/fp_generic.cpp:256]   --->   Operation 60 'icmp' 'icmp_ln256' <Predicate = true> <Delay = 0.70> <CoreInst = "Cmp">   --->   Core 9 'Cmp' <Latency = 0> <II = 1> <Delay = 0.70> <FuncUnit> <Opcode : 'seteq' 'setne' 'setle' 'setge' 'setlt' 'setgt'> <InPorts = 2> <OutPorts = 1>
ST_6 : Operation 61 [1/1] (0.00ns)   --->   "%br_ln256 = br i1 %icmp_ln256, void %VITIS_LOOP_257_4.split, void %for.end65" [src/generic/fp_generic.cpp:256]   --->   Operation 61 'br' 'br_ln256' <Predicate = true> <Delay = 0.00>
ST_6 : Operation 62 [1/1] (0.00ns)   --->   "%v_load = load i64 %v"   --->   Operation 62 'load' 'v_load' <Predicate = (!icmp_ln256)> <Delay = 0.00>
ST_6 : Operation 63 [1/1] (0.70ns)   --->   "%add_ln256 = add i4 %i_81, i4 1" [src/generic/fp_generic.cpp:256]   --->   Operation 63 'add' 'add_ln256' <Predicate = (!icmp_ln256)> <Delay = 0.70> <CoreInst = "Adder">   --->   Core 1 'Adder' <Latency = 0> <II = 1> <Delay = 0.70> <FuncUnit> <Opcode : 'add' 'sub'> <InPorts = 2> <OutPorts = 1>
ST_6 : Operation 64 [1/1] (0.38ns)   --->   "%store_ln238 = store i4 %add_ln256, i4 %i_32" [src/generic/fp_generic.cpp:238]   --->   Operation 64 'store' 'store_ln238' <Predicate = (!icmp_ln256)> <Delay = 0.38>
ST_6 : Operation 65 [1/1] (0.00ns)   --->   "%v_load34 = load i64 %v" [src/generic/fp_generic.cpp:266]   --->   Operation 65 'load' 'v_load34' <Predicate = (icmp_ln256)> <Delay = 0.00>
ST_6 : Operation 66 [1/1] (0.00ns)   --->   "%c_addr = getelementptr i64 %c, i64 0, i64 15" [src/generic/fp_generic.cpp:266]   --->   Operation 66 'getelementptr' 'c_addr' <Predicate = (icmp_ln256)> <Delay = 0.00>
ST_6 : Operation 67 [1/1] ( I:0.71ns O:0.71ns )   --->   "%store_ln266 = store i64 %v_load34, i4 %c_addr" [src/generic/fp_generic.cpp:266]   --->   Operation 67 'store' 'store_ln266' <Predicate = (icmp_ln256)> <Delay = 0.71> <CoreInst = "RAM">   --->   Core 82 'RAM' <Latency = 1> <II = 1> <Delay = 0.71> <Storage> <Opcode : 'load' 'store'> <Ports = 2> <Width = 64> <Depth = 16> <RAM>
ST_6 : Operation 68 [1/1] (0.00ns)   --->   "%ret_ln267 = ret" [src/generic/fp_generic.cpp:267]   --->   Operation 68 'ret' 'ret_ln267' <Predicate = (icmp_ln256)> <Delay = 0.00>

State 7 <SV = 3> <Delay = 1.48>
ST_7 : Operation 69 [1/1] (0.00ns)   --->   "%u_29_load = load i4 %u_29"   --->   Operation 69 'load' 'u_29_load' <Predicate = true> <Delay = 0.00>
ST_7 : Operation 70 [1/1] (0.00ns)   --->   "%indvars_iv_load = load i4 %indvars_iv" [src/generic/fp_generic.cpp:256]   --->   Operation 70 'load' 'indvars_iv_load' <Predicate = true> <Delay = 0.00>
ST_7 : Operation 71 [1/1] (0.00ns)   --->   "%trunc_ln256 = trunc i4 %indvars_iv_load" [src/generic/fp_generic.cpp:256]   --->   Operation 71 'trunc' 'trunc_ln256' <Predicate = true> <Delay = 0.00>
ST_7 : Operation 72 [1/1] (0.00ns)   --->   "%trunc_ln256_17 = trunc i4 %i_81" [src/generic/fp_generic.cpp:256]   --->   Operation 72 'trunc' 'trunc_ln256_17' <Predicate = true> <Delay = 0.00>
ST_7 : Operation 73 [2/2] (1.48ns)   --->   "%call_ln256 = call void @mp_mul.7.1_Pipeline_VITIS_LOOP_257_4, i3 %trunc_ln256, i64 %v_load, i4 %u_29_load, i64 %p_read_19, i64 %p_read_18, i64 %p_read_17, i64 %p_read_16, i64 %p_read_15, i64 %p_read_14, i64 %p_read_13, i3 %trunc_ln256_17, i64 %v_35_loc, i64 %v, i3 %t_33_loc" [src/generic/fp_generic.cpp:256]   --->   Operation 73 'call' 'call_ln256' <Predicate = true> <Delay = 1.48> <CoreType = "Generic">   --->   Generic Core
ST_7 : Operation 74 [1/1] (0.70ns)   --->   "%add_ln256_12 = add i4 %indvars_iv_load, i4 1" [src/generic/fp_generic.cpp:256]   --->   Operation 74 'add' 'add_ln256_12' <Predicate = true> <Delay = 0.70> <CoreInst = "Adder">   --->   Core 1 'Adder' <Latency = 0> <II = 1> <Delay = 0.70> <FuncUnit> <Opcode : 'add' 'sub'> <InPorts = 2> <OutPorts = 1>
ST_7 : Operation 75 [1/1] (0.38ns)   --->   "%store_ln256 = store i4 %add_ln256_12, i4 %indvars_iv" [src/generic/fp_generic.cpp:256]   --->   Operation 75 'store' 'store_ln256' <Predicate = true> <Delay = 0.38>

State 8 <SV = 4> <Delay = 0.00>
ST_8 : Operation 76 [1/2] (0.00ns)   --->   "%call_ln256 = call void @mp_mul.7.1_Pipeline_VITIS_LOOP_257_4, i3 %trunc_ln256, i64 %v_load, i4 %u_29_load, i64 %p_read_19, i64 %p_read_18, i64 %p_read_17, i64 %p_read_16, i64 %p_read_15, i64 %p_read_14, i64 %p_read_13, i3 %trunc_ln256_17, i64 %v_35_loc, i64 %v, i3 %t_33_loc" [src/generic/fp_generic.cpp:256]   --->   Operation 76 'call' 'call_ln256' <Predicate = true> <Delay = 0.00> <CoreType = "Generic">   --->   Generic Core

State 9 <SV = 5> <Delay = 0.71>
ST_9 : Operation 77 [1/1] (0.00ns)   --->   "%zext_ln256 = zext i4 %i_81" [src/generic/fp_generic.cpp:256]   --->   Operation 77 'zext' 'zext_ln256' <Predicate = true> <Delay = 0.00>
ST_9 : Operation 78 [1/1] (0.00ns)   --->   "%speclooptripcount_ln238 = speclooptripcount void @_ssdm_op_SpecLoopTripCount, i64 7, i64 7, i64 7" [src/generic/fp_generic.cpp:238]   --->   Operation 78 'speclooptripcount' 'speclooptripcount_ln238' <Predicate = true> <Delay = 0.00>
ST_9 : Operation 79 [1/1] (0.00ns)   --->   "%specloopname_ln256 = specloopname void @_ssdm_op_SpecLoopName, void @empty_21" [src/generic/fp_generic.cpp:256]   --->   Operation 79 'specloopname' 'specloopname_ln256' <Predicate = true> <Delay = 0.00>
ST_9 : Operation 80 [1/1] (0.00ns)   --->   "%v_35_loc_load = load i64 %v_35_loc"   --->   Operation 80 'load' 'v_35_loc_load' <Predicate = true> <Delay = 0.00>
ST_9 : Operation 81 [1/1] (0.00ns)   --->   "%t_33_loc_load = load i3 %t_33_loc"   --->   Operation 81 'load' 't_33_loc_load' <Predicate = true> <Delay = 0.00>
ST_9 : Operation 82 [1/1] (0.00ns)   --->   "%zext_ln257 = zext i3 %t_33_loc_load" [src/generic/fp_generic.cpp:257]   --->   Operation 82 'zext' 'zext_ln257' <Predicate = true> <Delay = 0.00>
ST_9 : Operation 83 [1/1] (0.00ns)   --->   "%c_addr_24 = getelementptr i64 %c, i64 0, i64 %zext_ln256" [src/generic/fp_generic.cpp:263]   --->   Operation 83 'getelementptr' 'c_addr_24' <Predicate = true> <Delay = 0.00>
ST_9 : Operation 84 [1/1] ( I:0.71ns O:0.71ns )   --->   "%store_ln263 = store i64 %v_35_loc_load, i4 %c_addr_24" [src/generic/fp_generic.cpp:263]   --->   Operation 84 'store' 'store_ln263' <Predicate = true> <Delay = 0.71> <CoreInst = "RAM">   --->   Core 82 'RAM' <Latency = 1> <II = 1> <Delay = 0.71> <Storage> <Opcode : 'load' 'store'> <Ports = 2> <Width = 64> <Depth = 16> <RAM>
ST_9 : Operation 85 [1/1] (0.38ns)   --->   "%store_ln239 = store i4 %zext_ln257, i4 %u_29" [src/generic/fp_generic.cpp:239]   --->   Operation 85 'store' 'store_ln239' <Predicate = true> <Delay = 0.38>
ST_9 : Operation 86 [1/1] (0.00ns)   --->   "%br_ln256 = br void %VITIS_LOOP_257_4" [src/generic/fp_generic.cpp:256]   --->   Operation 86 'br' 'br_ln256' <Predicate = true> <Delay = 0.00>


============================================================
+ Verbose Summary: Timing violations
============================================================
Target clock period: 10.000ns, clock uncertainty: 2.700ns.

 <State 1>: 0.387ns
The critical path consists of the following:
	'alloca' operation 4 bit ('i', src/generic/fp_generic.cpp:238) [11]  (0.000 ns)
	'store' operation 0 bit ('store_ln238', src/generic/fp_generic.cpp:238) of constant 0 on local variable 'i', src/generic/fp_generic.cpp:238 [27]  (0.387 ns)

 <State 2>: 1.095ns
The critical path consists of the following:
	'load' operation 4 bit ('i', src/generic/fp_generic.cpp:243) on local variable 'i', src/generic/fp_generic.cpp:238 [31]  (0.000 ns)
	'icmp' operation 1 bit ('icmp_ln243', src/generic/fp_generic.cpp:243) [34]  (0.708 ns)
	'store' operation 0 bit ('store_ln238', src/generic/fp_generic.cpp:238) of constant 8 on local variable 'i', src/generic/fp_generic.cpp:238 [56]  (0.387 ns)

 <State 3>: 1.156ns
The critical path consists of the following:
	'load' operation 4 bit ('indvars_iv31_load', src/generic/fp_generic.cpp:243) on local variable 'indvars_iv31' [38]  (0.000 ns)
	'call' operation 0 bit ('call_ln243', src/generic/fp_generic.cpp:243) to 'mp_mul.7.1_Pipeline_VITIS_LOOP_245_2' [43]  (1.156 ns)

 <State 4>: 0.000ns
The critical path consists of the following:

 <State 5>: 0.714ns
The critical path consists of the following:
	'getelementptr' operation 4 bit ('c_addr_23', src/generic/fp_generic.cpp:251) [45]  (0.000 ns)
	'store' operation 0 bit ('store_ln251', src/generic/fp_generic.cpp:251) of variable 'v_114_loc_load' on array 'c' [46]  (0.714 ns)

 <State 6>: 1.422ns
The critical path consists of the following:
	'load' operation 4 bit ('i', src/generic/fp_generic.cpp:256) on local variable 'i', src/generic/fp_generic.cpp:238 [62]  (0.000 ns)
	'icmp' operation 1 bit ('icmp_ln256', src/generic/fp_generic.cpp:256) [63]  (0.708 ns)
	'store' operation 0 bit ('store_ln266', src/generic/fp_generic.cpp:266) of variable 'v_load34', src/generic/fp_generic.cpp:266 on array 'c' [89]  (0.714 ns)

 <State 7>: 1.482ns
The critical path consists of the following:
	'load' operation 4 bit ('u_29_load') on local variable 'u', src/generic/fp_generic.cpp:239 [66]  (0.000 ns)
	'call' operation 0 bit ('call_ln256', src/generic/fp_generic.cpp:256) to 'mp_mul.7.1_Pipeline_VITIS_LOOP_257_4' [74]  (1.482 ns)

 <State 8>: 0.000ns
The critical path consists of the following:

 <State 9>: 0.714ns
The critical path consists of the following:
	'getelementptr' operation 4 bit ('c_addr_24', src/generic/fp_generic.cpp:263) [78]  (0.000 ns)
	'store' operation 0 bit ('store_ln263', src/generic/fp_generic.cpp:263) of variable 'v_35_loc_load' on array 'c' [79]  (0.714 ns)


============================================================
+ Verbose Summary: Binding
============================================================
N/A
* FSMD analyzer results:
  - Output states:
 - Input state : 
  - Chain level:
	State 1
	State 2
	State 3
	State 4
	State 5
	State 6
	State 7
	State 8
	State 9


============================================================
+ Verbose Summary: Datapath Resource usage 
============================================================
N/A
