

================================================================
== Vitis HLS Report for 'mp_mul_5362'
================================================================
* Date:           Wed Sep  3 14:22:49 2025

* Version:        2024.2.2 (Build 6049644 on Mar  5 2025)
* Project:        sikep503_hls
* Solution:       solution1 (Vivado IP Flow Target)
* Product family: virtexuplus58g
* Target device:  xcvu29p-fsga2577-2L-e


================================================================
== Performance Estimates
================================================================
+ Timing: 
    * Summary: 
    +--------+----------+----------+------------+
    |  Clock |  Target  | Estimated| Uncertainty|
    +--------+----------+----------+------------+
    |ap_clk  |  10.00 ns|  7.237 ns|     2.70 ns|
    +--------+----------+----------+------------+

+ Latency: 
    * Summary: 
    +---------+---------+-----------+-----------+-----+-----+---------+
    |  Latency (cycles) |   Latency (absolute)  |  Interval | Pipeline|
    |   min   |   max   |    min    |    max    | min | max |   Type  |
    +---------+---------+-----------+-----------+-----+-----+---------+
    |        9|        9|  90.000 ns|  90.000 ns|    4|    4|      yes|
    +---------+---------+-----------+-----------+-----+-----+---------+

    + Detail: 
        * Instance: 
        +--------------------+----------+---------+---------+-----------+-----------+-----+-----+---------+
        |                    |          |  Latency (cycles) |   Latency (absolute)  |  Interval | Pipeline|
        |      Instance      |  Module  |   min   |   max   |    min    |    max    | min | max |   Type  |
        +--------------------+----------+---------+---------+-----------+-----------+-----+-----+---------+
        |grp_mul_4366_fu_88  |mul_4366  |        9|        9|  90.000 ns|  90.000 ns|    4|    4|      yes|
        +--------------------+----------+---------+---------+-----------+-----------+-----+-----+---------+

        * Loop: 
        N/A

============================================================
+ Verbose Summary: Synthesis Manager
============================================================
InlineROM: 1
ExposeGlobal: 0
============================================================
+ Verbose Summary: CDFG Model
============================================================
IsTopModel: 0
ResetActiveHigh: 1
IsCombinational: 0
IsDatapathOnly: 0
HasWiredReturn: 1
HasMFsm: 2
HasVarLatency: 0
IsPipeline: 1
IsRtlPipelined: 1
IsInstanceOverlapped: 0
IsDontTouch: 0
HasImplIP: 0
IsGatedGlobalClock: 0

+ Individual pipeline summary: 
  * Pipeline-0: initiation interval (II) = 4, depth = 10


============================================================
+ Verbose Summary: Schedule
============================================================
* Number of FSM states : 10
* Pipeline : 1
  Pipeline-0 : II = 4, D = 10, States = { 1 2 3 4 5 6 7 8 9 10 }
* Dataflow Pipeline: 0

* FSM state transitions: 
1 --> 2 
2 --> 3 
3 --> 4 
4 --> 5 
5 --> 6 
6 --> 7 
7 --> 8 
8 --> 9 
9 --> 10 
10 --> 

* FSM state operations: 

State 1 <SV = 0> <Delay = 6.07>
ST_1 : Operation 11 [1/1] (0.00ns)   --->   "%b_offset1_read = read i1 @_ssdm_op_Read.ap_auto.i1, i1 %b_offset1"   --->   Operation 11 'read' 'b_offset1_read' <Predicate = true> <Delay = 0.00>
ST_1 : Operation 12 [1/1] (0.00ns)   --->   "%a_read_120 = read i64 @_ssdm_op_Read.ap_auto.i64, i64 %a_read_141"   --->   Operation 12 'read' 'a_read_120' <Predicate = true> <Delay = 0.00>
ST_1 : Operation 13 [1/1] (0.00ns)   --->   "%a_read_121 = read i64 @_ssdm_op_Read.ap_auto.i64, i64 %a_read_140"   --->   Operation 13 'read' 'a_read_121' <Predicate = true> <Delay = 0.00>
ST_1 : Operation 14 [1/1] (0.00ns)   --->   "%a_read_122 = read i64 @_ssdm_op_Read.ap_auto.i64, i64 %a_read_139"   --->   Operation 14 'read' 'a_read_122' <Predicate = true> <Delay = 0.00>
ST_1 : Operation 15 [1/1] (0.00ns)   --->   "%a_read_123 = read i64 @_ssdm_op_Read.ap_auto.i64, i64 %a_read_138"   --->   Operation 15 'read' 'a_read_123' <Predicate = true> <Delay = 0.00>
ST_1 : Operation 16 [1/1] (0.00ns)   --->   "%a_read_124 = read i64 @_ssdm_op_Read.ap_auto.i64, i64 %a_read_137"   --->   Operation 16 'read' 'a_read_124' <Predicate = true> <Delay = 0.00>
ST_1 : Operation 17 [1/1] (0.00ns)   --->   "%a_read_125 = read i64 @_ssdm_op_Read.ap_auto.i64, i64 %a_read_136"   --->   Operation 17 'read' 'a_read_125' <Predicate = true> <Delay = 0.00>
ST_1 : Operation 18 [1/1] (0.00ns)   --->   "%a_read_126 = read i64 @_ssdm_op_Read.ap_auto.i64, i64 %a_read_135"   --->   Operation 18 'read' 'a_read_126' <Predicate = true> <Delay = 0.00>
ST_1 : Operation 19 [1/1] (0.00ns)   --->   "%a_read_127 = read i64 @_ssdm_op_Read.ap_auto.i64, i64 %a_read"   --->   Operation 19 'read' 'a_read_127' <Predicate = true> <Delay = 0.00>
ST_1 : Operation 20 [10/10] (6.07ns)   --->   "%tmp1 = call i1024 @mul.4366, i64 %a_read_127, i64 %a_read_126, i64 %a_read_125, i64 %a_read_124, i64 %a_read_123, i64 %a_read_122, i64 %a_read_121, i64 %a_read_120, i64 %b, i1 %b_offset1_read" [src/generic/fp_generic.cpp:283]   --->   Operation 20 'call' 'tmp1' <Predicate = true> <Delay = 6.07> <CoreType = "Generic">   --->   Generic Core

State 2 <SV = 1> <Delay = 7.23>
ST_2 : Operation 21 [9/10] (7.23ns)   --->   "%tmp1 = call i1024 @mul.4366, i64 %a_read_127, i64 %a_read_126, i64 %a_read_125, i64 %a_read_124, i64 %a_read_123, i64 %a_read_122, i64 %a_read_121, i64 %a_read_120, i64 %b, i1 %b_offset1_read" [src/generic/fp_generic.cpp:283]   --->   Operation 21 'call' 'tmp1' <Predicate = true> <Delay = 7.23> <CoreType = "Generic">   --->   Generic Core

State 3 <SV = 2> <Delay = 7.23>
ST_3 : Operation 22 [8/10] (7.23ns)   --->   "%tmp1 = call i1024 @mul.4366, i64 %a_read_127, i64 %a_read_126, i64 %a_read_125, i64 %a_read_124, i64 %a_read_123, i64 %a_read_122, i64 %a_read_121, i64 %a_read_120, i64 %b, i1 %b_offset1_read" [src/generic/fp_generic.cpp:283]   --->   Operation 22 'call' 'tmp1' <Predicate = true> <Delay = 7.23> <CoreType = "Generic">   --->   Generic Core

State 4 <SV = 3> <Delay = 7.23>
ST_4 : Operation 23 [7/10] (7.23ns)   --->   "%tmp1 = call i1024 @mul.4366, i64 %a_read_127, i64 %a_read_126, i64 %a_read_125, i64 %a_read_124, i64 %a_read_123, i64 %a_read_122, i64 %a_read_121, i64 %a_read_120, i64 %b, i1 %b_offset1_read" [src/generic/fp_generic.cpp:283]   --->   Operation 23 'call' 'tmp1' <Predicate = true> <Delay = 7.23> <CoreType = "Generic">   --->   Generic Core

State 5 <SV = 4> <Delay = 7.23>
ST_5 : Operation 24 [6/10] (7.23ns)   --->   "%tmp1 = call i1024 @mul.4366, i64 %a_read_127, i64 %a_read_126, i64 %a_read_125, i64 %a_read_124, i64 %a_read_123, i64 %a_read_122, i64 %a_read_121, i64 %a_read_120, i64 %b, i1 %b_offset1_read" [src/generic/fp_generic.cpp:283]   --->   Operation 24 'call' 'tmp1' <Predicate = true> <Delay = 7.23> <CoreType = "Generic">   --->   Generic Core

State 6 <SV = 5> <Delay = 7.23>
ST_6 : Operation 25 [5/10] (7.23ns)   --->   "%tmp1 = call i1024 @mul.4366, i64 %a_read_127, i64 %a_read_126, i64 %a_read_125, i64 %a_read_124, i64 %a_read_123, i64 %a_read_122, i64 %a_read_121, i64 %a_read_120, i64 %b, i1 %b_offset1_read" [src/generic/fp_generic.cpp:283]   --->   Operation 25 'call' 'tmp1' <Predicate = true> <Delay = 7.23> <CoreType = "Generic">   --->   Generic Core

State 7 <SV = 6> <Delay = 7.23>
ST_7 : Operation 26 [4/10] (7.23ns)   --->   "%tmp1 = call i1024 @mul.4366, i64 %a_read_127, i64 %a_read_126, i64 %a_read_125, i64 %a_read_124, i64 %a_read_123, i64 %a_read_122, i64 %a_read_121, i64 %a_read_120, i64 %b, i1 %b_offset1_read" [src/generic/fp_generic.cpp:283]   --->   Operation 26 'call' 'tmp1' <Predicate = true> <Delay = 7.23> <CoreType = "Generic">   --->   Generic Core

State 8 <SV = 7> <Delay = 7.23>
ST_8 : Operation 27 [3/10] (7.23ns)   --->   "%tmp1 = call i1024 @mul.4366, i64 %a_read_127, i64 %a_read_126, i64 %a_read_125, i64 %a_read_124, i64 %a_read_123, i64 %a_read_122, i64 %a_read_121, i64 %a_read_120, i64 %b, i1 %b_offset1_read" [src/generic/fp_generic.cpp:283]   --->   Operation 27 'call' 'tmp1' <Predicate = true> <Delay = 7.23> <CoreType = "Generic">   --->   Generic Core

State 9 <SV = 8> <Delay = 7.23>
ST_9 : Operation 28 [2/10] (7.23ns)   --->   "%tmp1 = call i1024 @mul.4366, i64 %a_read_127, i64 %a_read_126, i64 %a_read_125, i64 %a_read_124, i64 %a_read_123, i64 %a_read_122, i64 %a_read_121, i64 %a_read_120, i64 %b, i1 %b_offset1_read" [src/generic/fp_generic.cpp:283]   --->   Operation 28 'call' 'tmp1' <Predicate = true> <Delay = 7.23> <CoreType = "Generic">   --->   Generic Core

State 10 <SV = 9> <Delay = 4.34>
ST_10 : Operation 29 [1/1] (0.00ns)   --->   "%specpipeline_ln267 = specpipeline void @_ssdm_op_SpecPipeline, i32 2, i32 0, i32 0, i32 0, void @empty_15" [src/generic/fp_generic.cpp:267]   --->   Operation 29 'specpipeline' 'specpipeline_ln267' <Predicate = true> <Delay = 0.00>
ST_10 : Operation 30 [1/10] (4.34ns)   --->   "%tmp1 = call i1024 @mul.4366, i64 %a_read_127, i64 %a_read_126, i64 %a_read_125, i64 %a_read_124, i64 %a_read_123, i64 %a_read_122, i64 %a_read_121, i64 %a_read_120, i64 %b, i1 %b_offset1_read" [src/generic/fp_generic.cpp:283]   --->   Operation 30 'call' 'tmp1' <Predicate = true> <Delay = 4.34> <CoreType = "Generic">   --->   Generic Core
ST_10 : Operation 31 [1/1] (0.00ns)   --->   "%ret_ln284 = ret i1024 %tmp1" [src/generic/fp_generic.cpp:284]   --->   Operation 31 'ret' 'ret_ln284' <Predicate = true> <Delay = 0.00>


============================================================
+ Verbose Summary: Binding
============================================================
STG Binding: 
---------------- STG Properties BEGIN ----------------
- Is combinational: 0
- Is one-state seq: 0
- Is datapath-only: 0
- Is pipelined: 1
- Is top level: 0
Port [ Return ] is wired: 1; IO mode=ap_ctrl_hs:ce=0
Port [ a_read]:  wired=1; compound=0; hidden=0; nouse=0; global=0; static=0; extern=0; dir=0; type=0; pingpong=0; private_global=0; IO mode=ap_none:ce=0
Port [ a_read_135]:  wired=1; compound=0; hidden=0; nouse=0; global=0; static=0; extern=0; dir=0; type=0; pingpong=0; private_global=0; IO mode=ap_none:ce=0
Port [ a_read_136]:  wired=1; compound=0; hidden=0; nouse=0; global=0; static=0; extern=0; dir=0; type=0; pingpong=0; private_global=0; IO mode=ap_none:ce=0
Port [ a_read_137]:  wired=1; compound=0; hidden=0; nouse=0; global=0; static=0; extern=0; dir=0; type=0; pingpong=0; private_global=0; IO mode=ap_none:ce=0
Port [ a_read_138]:  wired=1; compound=0; hidden=0; nouse=0; global=0; static=0; extern=0; dir=0; type=0; pingpong=0; private_global=0; IO mode=ap_none:ce=0
Port [ a_read_139]:  wired=1; compound=0; hidden=0; nouse=0; global=0; static=0; extern=0; dir=0; type=0; pingpong=0; private_global=0; IO mode=ap_none:ce=0
Port [ a_read_140]:  wired=1; compound=0; hidden=0; nouse=0; global=0; static=0; extern=0; dir=0; type=0; pingpong=0; private_global=0; IO mode=ap_none:ce=0
Port [ a_read_141]:  wired=1; compound=0; hidden=0; nouse=0; global=0; static=0; extern=0; dir=0; type=0; pingpong=0; private_global=0; IO mode=ap_none:ce=0
Port [ b]:  wired=1; compound=1; hidden=0; nouse=0; global=0; static=0; extern=0; dir=0; type=1; pingpong=0; private_global=0; MemPort=[11]; IO mode=ap_memory:ce=0
Port [ b_offset1]:  wired=1; compound=0; hidden=0; nouse=0; global=0; static=0; extern=0; dir=0; type=0; pingpong=0; private_global=0; IO mode=ap_none:ce=0
---------------- STG Properties END ------------------

---------------- Datapath Model BEGIN ----------------

<LifeTime>
<method=bitvector/>
b_offset1_read     (read        ) [ 00000000000]
a_read_120         (read        ) [ 00111000000]
a_read_121         (read        ) [ 00111000000]
a_read_122         (read        ) [ 00111000000]
a_read_123         (read        ) [ 00111000000]
a_read_124         (read        ) [ 00110000000]
a_read_125         (read        ) [ 00110000000]
a_read_126         (read        ) [ 00100000000]
a_read_127         (read        ) [ 00100000000]
specpipeline_ln267 (specpipeline) [ 00000000000]
tmp1               (call        ) [ 00000000000]
ret_ln284          (ret         ) [ 00000000000]
</LifeTime>

<model>

<comp_list>
<comp id="0" class="1000" name="a_read">
<pin_list>
<pin id="1" dir="1" index="0" bw="1" slack="0"/>
</pin_list>
<bind>
<StgValue><ssdm name="a_read"/></StgValue>
</bind>
</comp>

<comp id="2" class="1000" name="a_read_135">
<pin_list>
<pin id="3" dir="1" index="0" bw="1" slack="0"/>
</pin_list>
<bind>
<StgValue><ssdm name="a_read_135"/></StgValue>
</bind>
</comp>

<comp id="4" class="1000" name="a_read_136">
<pin_list>
<pin id="5" dir="1" index="0" bw="1" slack="0"/>
</pin_list>
<bind>
<StgValue><ssdm name="a_read_136"/></StgValue>
</bind>
</comp>

<comp id="6" class="1000" name="a_read_137">
<pin_list>
<pin id="7" dir="1" index="0" bw="1" slack="0"/>
</pin_list>
<bind>
<StgValue><ssdm name="a_read_137"/></StgValue>
</bind>
</comp>

<comp id="8" class="1000" name="a_read_138">
<pin_list>
<pin id="9" dir="1" index="0" bw="1" slack="0"/>
</pin_list>
<bind>
<StgValue><ssdm name="a_read_138"/></StgValue>
</bind>
</comp>

<comp id="10" class="1000" name="a_read_139">
<pin_list>
<pin id="11" dir="1" index="0" bw="1" slack="0"/>
</pin_list>
<bind>
<StgValue><ssdm name="a_read_139"/></StgValue>
</bind>
</comp>

<comp id="12" class="1000" name="a_read_140">
<pin_list>
<pin id="13" dir="1" index="0" bw="1" slack="0"/>
</pin_list>
<bind>
<StgValue><ssdm name="a_read_140"/></StgValue>
</bind>
</comp>

<comp id="14" class="1000" name="a_read_141">
<pin_list>
<pin id="15" dir="1" index="0" bw="1" slack="0"/>
</pin_list>
<bind>
<StgValue><ssdm name="a_read_141"/></StgValue>
</bind>
</comp>

<comp id="16" class="1000" name="b">
<pin_list>
<pin id="17" dir="1" index="0" bw="1" slack="0"/>
</pin_list>
<bind>
<StgValue><ssdm name="b"/><MemPortTyVec>1 1 </MemPortTyVec>
</StgValue>
</bind>
</comp>

<comp id="18" class="1000" name="b_offset1">
<pin_list>
<pin id="19" dir="1" index="0" bw="1" slack="0"/>
</pin_list>
<bind>
<StgValue><ssdm name="b_offset1"/></StgValue>
</bind>
</comp>

<comp id="20" class="1001" name="const_20">
<pin_list>
<pin id="21" dir="1" index="0" bw="1" slack="0"/>
</pin_list>
<bind>
<StgValue><ssdm name="_ssdm_op_Read.ap_auto.i1"/></StgValue>
</bind>
</comp>

<comp id="22" class="1001" name="const_22">
<pin_list>
<pin id="23" dir="1" index="0" bw="1" slack="0"/>
</pin_list>
<bind>
<StgValue><ssdm name="_ssdm_op_Read.ap_auto.i64"/></StgValue>
</bind>
</comp>

<comp id="24" class="1001" name="const_24">
<pin_list>
<pin id="25" dir="1" index="0" bw="1" slack="0"/>
</pin_list>
<bind>
<StgValue><ssdm name="mul.4366"/></StgValue>
</bind>
</comp>

<comp id="26" class="1001" name="const_26">
<pin_list>
<pin id="27" dir="1" index="0" bw="1" slack="2147483647"/>
</pin_list>
<bind>
<StgValue><ssdm name="_ssdm_op_SpecPipeline"/></StgValue>
</bind>
</comp>

<comp id="28" class="1001" name="const_28">
<pin_list>
<pin id="29" dir="1" index="0" bw="1" slack="2147483647"/>
</pin_list>
<bind>
<StgValue><ssdm name=""/></StgValue>
</bind>
</comp>

<comp id="30" class="1001" name="const_30">
<pin_list>
<pin id="31" dir="1" index="0" bw="1" slack="2147483647"/>
</pin_list>
<bind>
<StgValue><ssdm name=""/></StgValue>
</bind>
</comp>

<comp id="32" class="1001" name="const_32">
<pin_list>
<pin id="33" dir="1" index="0" bw="1" slack="2147483647"/>
</pin_list>
<bind>
<StgValue><ssdm name="empty_15"/></StgValue>
</bind>
</comp>

<comp id="34" class="1004" name="b_offset1_read_read_fu_34">
<pin_list>
<pin id="35" dir="0" index="0" bw="1" slack="0"/>
<pin id="36" dir="0" index="1" bw="1" slack="0"/>
<pin id="37" dir="1" index="2" bw="1" slack="0"/>
</pin_list>
<bind>
<opcode="read(1150) " fcode="read"/>
<opset="b_offset1_read/1 "/>
</bind>
</comp>

<comp id="40" class="1004" name="a_read_120_read_fu_40">
<pin_list>
<pin id="41" dir="0" index="0" bw="64" slack="0"/>
<pin id="42" dir="0" index="1" bw="64" slack="0"/>
<pin id="43" dir="1" index="2" bw="64" slack="0"/>
</pin_list>
<bind>
<opcode="read(1150) " fcode="read"/>
<opset="a_read_120/1 "/>
</bind>
</comp>

<comp id="46" class="1004" name="a_read_121_read_fu_46">
<pin_list>
<pin id="47" dir="0" index="0" bw="64" slack="0"/>
<pin id="48" dir="0" index="1" bw="64" slack="0"/>
<pin id="49" dir="1" index="2" bw="64" slack="0"/>
</pin_list>
<bind>
<opcode="read(1150) " fcode="read"/>
<opset="a_read_121/1 "/>
</bind>
</comp>

<comp id="52" class="1004" name="a_read_122_read_fu_52">
<pin_list>
<pin id="53" dir="0" index="0" bw="64" slack="0"/>
<pin id="54" dir="0" index="1" bw="64" slack="0"/>
<pin id="55" dir="1" index="2" bw="64" slack="0"/>
</pin_list>
<bind>
<opcode="read(1150) " fcode="read"/>
<opset="a_read_122/1 "/>
</bind>
</comp>

<comp id="58" class="1004" name="a_read_123_read_fu_58">
<pin_list>
<pin id="59" dir="0" index="0" bw="64" slack="0"/>
<pin id="60" dir="0" index="1" bw="64" slack="0"/>
<pin id="61" dir="1" index="2" bw="64" slack="0"/>
</pin_list>
<bind>
<opcode="read(1150) " fcode="read"/>
<opset="a_read_123/1 "/>
</bind>
</comp>

<comp id="64" class="1004" name="a_read_124_read_fu_64">
<pin_list>
<pin id="65" dir="0" index="0" bw="64" slack="0"/>
<pin id="66" dir="0" index="1" bw="64" slack="0"/>
<pin id="67" dir="1" index="2" bw="64" slack="0"/>
</pin_list>
<bind>
<opcode="read(1150) " fcode="read"/>
<opset="a_read_124/1 "/>
</bind>
</comp>

<comp id="70" class="1004" name="a_read_125_read_fu_70">
<pin_list>
<pin id="71" dir="0" index="0" bw="64" slack="0"/>
<pin id="72" dir="0" index="1" bw="64" slack="0"/>
<pin id="73" dir="1" index="2" bw="64" slack="0"/>
</pin_list>
<bind>
<opcode="read(1150) " fcode="read"/>
<opset="a_read_125/1 "/>
</bind>
</comp>

<comp id="76" class="1004" name="a_read_126_read_fu_76">
<pin_list>
<pin id="77" dir="0" index="0" bw="64" slack="0"/>
<pin id="78" dir="0" index="1" bw="64" slack="0"/>
<pin id="79" dir="1" index="2" bw="64" slack="0"/>
</pin_list>
<bind>
<opcode="read(1150) " fcode="read"/>
<opset="a_read_126/1 "/>
</bind>
</comp>

<comp id="82" class="1004" name="a_read_127_read_fu_82">
<pin_list>
<pin id="83" dir="0" index="0" bw="64" slack="0"/>
<pin id="84" dir="0" index="1" bw="64" slack="0"/>
<pin id="85" dir="1" index="2" bw="64" slack="0"/>
</pin_list>
<bind>
<opcode="read(1150) " fcode="read"/>
<opset="a_read_127/1 "/>
</bind>
</comp>

<comp id="88" class="1004" name="grp_mul_4366_fu_88">
<pin_list>
<pin id="89" dir="0" index="0" bw="1024" slack="0"/>
<pin id="90" dir="0" index="1" bw="64" slack="0"/>
<pin id="91" dir="0" index="2" bw="64" slack="0"/>
<pin id="92" dir="0" index="3" bw="64" slack="0"/>
<pin id="93" dir="0" index="4" bw="64" slack="0"/>
<pin id="94" dir="0" index="5" bw="64" slack="0"/>
<pin id="95" dir="0" index="6" bw="64" slack="0"/>
<pin id="96" dir="0" index="7" bw="64" slack="0"/>
<pin id="97" dir="0" index="8" bw="64" slack="0"/>
<pin id="98" dir="0" index="9" bw="64" slack="0"/>
<pin id="99" dir="0" index="10" bw="1" slack="0"/>
<pin id="100" dir="1" index="11" bw="1024" slack="2147483647"/>
</pin_list>
<bind>
<opcode="call(48) " fcode="call"/>
<opset="tmp1/1 "/>
</bind>
</comp>

<comp id="112" class="1005" name="a_read_120_reg_112">
<pin_list>
<pin id="113" dir="0" index="0" bw="64" slack="1"/>
<pin id="114" dir="1" index="1" bw="64" slack="1"/>
</pin_list>
<bind>
<opset="a_read_120 "/>
</bind>
</comp>

<comp id="117" class="1005" name="a_read_121_reg_117">
<pin_list>
<pin id="118" dir="0" index="0" bw="64" slack="1"/>
<pin id="119" dir="1" index="1" bw="64" slack="1"/>
</pin_list>
<bind>
<opset="a_read_121 "/>
</bind>
</comp>

<comp id="122" class="1005" name="a_read_122_reg_122">
<pin_list>
<pin id="123" dir="0" index="0" bw="64" slack="1"/>
<pin id="124" dir="1" index="1" bw="64" slack="1"/>
</pin_list>
<bind>
<opset="a_read_122 "/>
</bind>
</comp>

<comp id="127" class="1005" name="a_read_123_reg_127">
<pin_list>
<pin id="128" dir="0" index="0" bw="64" slack="1"/>
<pin id="129" dir="1" index="1" bw="64" slack="1"/>
</pin_list>
<bind>
<opset="a_read_123 "/>
</bind>
</comp>

<comp id="132" class="1005" name="a_read_124_reg_132">
<pin_list>
<pin id="133" dir="0" index="0" bw="64" slack="1"/>
<pin id="134" dir="1" index="1" bw="64" slack="1"/>
</pin_list>
<bind>
<opset="a_read_124 "/>
</bind>
</comp>

<comp id="137" class="1005" name="a_read_125_reg_137">
<pin_list>
<pin id="138" dir="0" index="0" bw="64" slack="1"/>
<pin id="139" dir="1" index="1" bw="64" slack="1"/>
</pin_list>
<bind>
<opset="a_read_125 "/>
</bind>
</comp>

<comp id="142" class="1005" name="a_read_126_reg_142">
<pin_list>
<pin id="143" dir="0" index="0" bw="64" slack="1"/>
<pin id="144" dir="1" index="1" bw="64" slack="1"/>
</pin_list>
<bind>
<opset="a_read_126 "/>
</bind>
</comp>

<comp id="147" class="1005" name="a_read_127_reg_147">
<pin_list>
<pin id="148" dir="0" index="0" bw="64" slack="1"/>
<pin id="149" dir="1" index="1" bw="64" slack="1"/>
</pin_list>
<bind>
<opset="a_read_127 "/>
</bind>
</comp>

</comp_list>

<net_list>
<net id="38"><net_src comp="20" pin="0"/><net_sink comp="34" pin=0"/></net>

<net id="39"><net_src comp="18" pin="0"/><net_sink comp="34" pin=1"/></net>

<net id="44"><net_src comp="22" pin="0"/><net_sink comp="40" pin=0"/></net>

<net id="45"><net_src comp="14" pin="0"/><net_sink comp="40" pin=1"/></net>

<net id="50"><net_src comp="22" pin="0"/><net_sink comp="46" pin=0"/></net>

<net id="51"><net_src comp="12" pin="0"/><net_sink comp="46" pin=1"/></net>

<net id="56"><net_src comp="22" pin="0"/><net_sink comp="52" pin=0"/></net>

<net id="57"><net_src comp="10" pin="0"/><net_sink comp="52" pin=1"/></net>

<net id="62"><net_src comp="22" pin="0"/><net_sink comp="58" pin=0"/></net>

<net id="63"><net_src comp="8" pin="0"/><net_sink comp="58" pin=1"/></net>

<net id="68"><net_src comp="22" pin="0"/><net_sink comp="64" pin=0"/></net>

<net id="69"><net_src comp="6" pin="0"/><net_sink comp="64" pin=1"/></net>

<net id="74"><net_src comp="22" pin="0"/><net_sink comp="70" pin=0"/></net>

<net id="75"><net_src comp="4" pin="0"/><net_sink comp="70" pin=1"/></net>

<net id="80"><net_src comp="22" pin="0"/><net_sink comp="76" pin=0"/></net>

<net id="81"><net_src comp="2" pin="0"/><net_sink comp="76" pin=1"/></net>

<net id="86"><net_src comp="22" pin="0"/><net_sink comp="82" pin=0"/></net>

<net id="87"><net_src comp="0" pin="0"/><net_sink comp="82" pin=1"/></net>

<net id="101"><net_src comp="24" pin="0"/><net_sink comp="88" pin=0"/></net>

<net id="102"><net_src comp="82" pin="2"/><net_sink comp="88" pin=1"/></net>

<net id="103"><net_src comp="76" pin="2"/><net_sink comp="88" pin=2"/></net>

<net id="104"><net_src comp="70" pin="2"/><net_sink comp="88" pin=3"/></net>

<net id="105"><net_src comp="64" pin="2"/><net_sink comp="88" pin=4"/></net>

<net id="106"><net_src comp="58" pin="2"/><net_sink comp="88" pin=5"/></net>

<net id="107"><net_src comp="52" pin="2"/><net_sink comp="88" pin=6"/></net>

<net id="108"><net_src comp="46" pin="2"/><net_sink comp="88" pin=7"/></net>

<net id="109"><net_src comp="40" pin="2"/><net_sink comp="88" pin=8"/></net>

<net id="110"><net_src comp="16" pin="0"/><net_sink comp="88" pin=9"/></net>

<net id="111"><net_src comp="34" pin="2"/><net_sink comp="88" pin=10"/></net>

<net id="115"><net_src comp="40" pin="2"/><net_sink comp="112" pin=0"/></net>

<net id="116"><net_src comp="112" pin="1"/><net_sink comp="88" pin=8"/></net>

<net id="120"><net_src comp="46" pin="2"/><net_sink comp="117" pin=0"/></net>

<net id="121"><net_src comp="117" pin="1"/><net_sink comp="88" pin=7"/></net>

<net id="125"><net_src comp="52" pin="2"/><net_sink comp="122" pin=0"/></net>

<net id="126"><net_src comp="122" pin="1"/><net_sink comp="88" pin=6"/></net>

<net id="130"><net_src comp="58" pin="2"/><net_sink comp="127" pin=0"/></net>

<net id="131"><net_src comp="127" pin="1"/><net_sink comp="88" pin=5"/></net>

<net id="135"><net_src comp="64" pin="2"/><net_sink comp="132" pin=0"/></net>

<net id="136"><net_src comp="132" pin="1"/><net_sink comp="88" pin=4"/></net>

<net id="140"><net_src comp="70" pin="2"/><net_sink comp="137" pin=0"/></net>

<net id="141"><net_src comp="137" pin="1"/><net_sink comp="88" pin=3"/></net>

<net id="145"><net_src comp="76" pin="2"/><net_sink comp="142" pin=0"/></net>

<net id="146"><net_src comp="142" pin="1"/><net_sink comp="88" pin=2"/></net>

<net id="150"><net_src comp="82" pin="2"/><net_sink comp="147" pin=0"/></net>

<net id="151"><net_src comp="147" pin="1"/><net_sink comp="88" pin=1"/></net>

</net_list>

</model> 
---------------- Datapath Model END ------------------

* FSMD analyzer results:
  - Output states:
 - Input state : 
	Port: mp_mul.5362 : a_read | {1 }
	Port: mp_mul.5362 : a_read_135 | {1 }
	Port: mp_mul.5362 : a_read_136 | {1 }
	Port: mp_mul.5362 : a_read_137 | {1 }
	Port: mp_mul.5362 : a_read_138 | {1 }
	Port: mp_mul.5362 : a_read_139 | {1 }
	Port: mp_mul.5362 : a_read_140 | {1 }
	Port: mp_mul.5362 : a_read_141 | {1 }
	Port: mp_mul.5362 : b | {1 2 3 4 5 }
	Port: mp_mul.5362 : b_offset1 | {1 }
  - Chain level:
	State 1
	State 2
	State 3
	State 4
	State 5
	State 6
	State 7
	State 8
	State 9
	State 10
		ret_ln284 : 1


============================================================
+ Verbose Summary: Datapath Resource usage 
============================================================

* Functional unit list:
|----------|---------------------------|---------|---------|---------|---------|
| Operation|      Functional Unit      |   DSP   |  Delay  |    FF   |   LUT   |
|----------|---------------------------|---------|---------|---------|---------|
|   call   |     grp_mul_4366_fu_88    |   262   | 5.23543 |   7307  |  13171  |
|----------|---------------------------|---------|---------|---------|---------|
|          | b_offset1_read_read_fu_34 |    0    |    0    |    0    |    0    |
|          |   a_read_120_read_fu_40   |    0    |    0    |    0    |    0    |
|          |   a_read_121_read_fu_46   |    0    |    0    |    0    |    0    |
|          |   a_read_122_read_fu_52   |    0    |    0    |    0    |    0    |
|   read   |   a_read_123_read_fu_58   |    0    |    0    |    0    |    0    |
|          |   a_read_124_read_fu_64   |    0    |    0    |    0    |    0    |
|          |   a_read_125_read_fu_70   |    0    |    0    |    0    |    0    |
|          |   a_read_126_read_fu_76   |    0    |    0    |    0    |    0    |
|          |   a_read_127_read_fu_82   |    0    |    0    |    0    |    0    |
|----------|---------------------------|---------|---------|---------|---------|
|   Total  |                           |   262   | 5.23543 |   7307  |  13171  |
|----------|---------------------------|---------|---------|---------|---------|

Memories:
N/A

* Register list:
+------------------+--------+
|                  |   FF   |
+------------------+--------+
|a_read_120_reg_112|   64   |
|a_read_121_reg_117|   64   |
|a_read_122_reg_122|   64   |
|a_read_123_reg_127|   64   |
|a_read_124_reg_132|   64   |
|a_read_125_reg_137|   64   |
|a_read_126_reg_142|   64   |
|a_read_127_reg_147|   64   |
+------------------+--------+
|       Total      |   512  |
+------------------+--------+

* Multiplexer (MUX) list: 
|--------------------|------|------|------|--------||---------||---------||---------|
|        Comp        |  Pin | Size |  BW  | S x BW ||  Delay  ||    FF   ||   LUT   |
|--------------------|------|------|------|--------||---------||---------||---------|
| grp_mul_4366_fu_88 |  p1  |   2  |  64  |   128  ||    0    ||    9    |
| grp_mul_4366_fu_88 |  p2  |   2  |  64  |   128  ||    0    ||    9    |
| grp_mul_4366_fu_88 |  p3  |   2  |  64  |   128  ||    0    ||    9    |
| grp_mul_4366_fu_88 |  p4  |   2  |  64  |   128  ||    0    ||    9    |
| grp_mul_4366_fu_88 |  p5  |   2  |  64  |   128  ||    0    ||    9    |
| grp_mul_4366_fu_88 |  p6  |   2  |  64  |   128  ||    0    ||    9    |
| grp_mul_4366_fu_88 |  p7  |   2  |  64  |   128  ||    0    ||    9    |
| grp_mul_4366_fu_88 |  p8  |   2  |  64  |   128  ||    0    ||    9    |
|--------------------|------|------|------|--------||---------||---------||---------|
|        Total       |      |      |      |  1024  ||  3.096  ||    0    ||    72   |
|--------------------|------|------|------|--------||---------||---------||---------|



* Summary:
+-----------+--------+--------+--------+--------+
|           |   DSP  |  Delay |   FF   |   LUT  |
+-----------+--------+--------+--------+--------+
|  Function |   262  |    5   |  7307  |  13171 |
|   Memory  |    -   |    -   |    -   |    -   |
|Multiplexer|    -   |    3   |    0   |   72   |
|  Register |    -   |    -   |   512  |    -   |
+-----------+--------+--------+--------+--------+
|   Total   |   262  |    8   |  7819  |  13243 |
+-----------+--------+--------+--------+--------+
