

================================================================
== Vitis HLS Report for 'mp_mul_1218_Pipeline_VITIS_LOOP_245_2'
================================================================
* Date:           Wed Jul 30 15:25:30 2025

* Version:        2024.2.2 (Build 6049644 on Mar  5 2025)
* Project:        sikep503_hls
* Solution:       solution1 (Vivado IP Flow Target)
* Product family: virtexuplus58g
* Target device:  xcvu29p-fsga2577-2L-e


================================================================
== Performance Estimates
================================================================
+ Timing: 
    * Summary: 
    +--------+----------+----------+------------+
    |  Clock |  Target  | Estimated| Uncertainty|
    +--------+----------+----------+------------+
    |ap_clk  |  10.00 ns|  6.710 ns|     2.70 ns|
    +--------+----------+----------+------------+

+ Latency: 
    * Summary: 
    +---------+---------+-----------+----------+-----+-----+------------------------------------------------+
    |  Latency (cycles) |  Latency (absolute)  |  Interval |                    Pipeline                    |
    |   min   |   max   |    min    |    max   | min | max |                      Type                      |
    +---------+---------+-----------+----------+-----+-----+------------------------------------------------+
    |        5|       12|  50.000 ns|  0.120 us|    2|    9|  loop auto-rewind stp (delay=0 clock cycles(s))|
    +---------+---------+-----------+----------+-----+-----+------------------------------------------------+

    + Detail: 
        * Instance: 
        +--------------------------+---------------+---------+---------+-----------+-----------+-----+-----+---------+
        |                          |               |  Latency (cycles) |   Latency (absolute)  |  Interval | Pipeline|
        |         Instance         |     Module    |   min   |   max   |    min    |    max    | min | max |   Type  |
        +--------------------------+---------------+---------+---------+-----------+-----------+-----+-----+---------+
        |grp_digit_x_digit_fu_133  |digit_x_digit  |        1|        1|  10.000 ns|  10.000 ns|    1|    1|      yes|
        +--------------------------+---------------+---------+---------+-----------+-----------+-----+-----+---------+

        * Loop: 
        +--------------------+---------+---------+----------+-----------+-----------+-------+----------+
        |                    |  Latency (cycles) | Iteration|  Initiation Interval  |  Trip |          |
        |      Loop Name     |   min   |   max   |  Latency |  achieved |   target  | Count | Pipelined|
        +--------------------+---------+---------+----------+-----------+-----------+-------+----------+
        |- VITIS_LOOP_245_2  |        3|       10|         4|          1|          1|  1 ~ 8|       yes|
        +--------------------+---------+---------+----------+-----------+-----------+-------+----------+



================================================================
== Utilization Estimates
================================================================
* Summary: 
+---------------------+---------+-------+---------+---------+------+
|         Name        | BRAM_18K|  DSP  |    FF   |   LUT   | URAM |
+---------------------+---------+-------+---------+---------+------+
|DSP                  |        -|      -|        -|        -|     -|
|Expression           |        -|      -|        0|      903|     -|
|FIFO                 |        -|      -|        -|        -|     -|
|Instance             |        -|      -|        -|        -|     -|
|Memory               |        -|      -|        -|        -|     -|
|Multiplexer          |        -|      -|        0|       73|     -|
|Register             |        -|      -|      269|       32|     -|
+---------------------+---------+-------+---------+---------+------+
|Total                |        0|      0|      269|     1008|     0|
+---------------------+---------+-------+---------+---------+------+
|Available SLR        |     1344|   3072|   864000|   432000|   320|
+---------------------+---------+-------+---------+---------+------+
|Utilization SLR (%)  |        0|      0|       ~0|       ~0|     0|
+---------------------+---------+-------+---------+---------+------+
|Available            |     5376|  12288|  3456000|  1728000|  1280|
+---------------------+---------+-------+---------+---------+------+
|Utilization (%)      |        0|      0|       ~0|       ~0|     0|
+---------------------+---------+-------+---------+---------+------+

+ Detail: 
    * Instance: 
    N/A

    * DSP: 
    N/A

    * Memory: 
    N/A

    * FIFO: 
    N/A

    * Expression: 
    +-------------------------+----------+----+---+----+------------+------------+
    |      Variable Name      | Operation| DSP| FF| LUT| Bitwidth P0| Bitwidth P1|
    +-------------------------+----------+----+---+----+------------+------------+
    |add_ln245_fu_174_p2      |         +|   0|  0|  12|           4|           1|
    |tempReg_fu_266_p2        |         +|   0|  0|  71|          64|          64|
    |u_fu_352_p2              |         +|   0|  0|  12|           4|           4|
    |v_278_fu_224_p2          |         +|   0|  0|  71|          64|          64|
    |v_fu_272_p2              |         +|   0|  0|  71|          64|          64|
    |sub_ln246_fu_189_p2      |         -|   0|  0|  10|           3|           3|
    |and_ln248_fu_322_p2      |       and|   0|  0|  64|          64|          64|
    |icmp_ln245_fu_168_p2     |      icmp|   0|  0|  12|           4|           4|
    |or_ln105_fu_242_p2       |        or|   0|  0|  64|          64|          64|
    |or_ln248_27_fu_334_p2    |        or|   0|  0|  64|          64|          64|
    |or_ln248_fu_290_p2       |        or|   0|  0|  64|          64|          64|
    |ap_enable_pp0            |       xor|   0|  0|   2|           1|           2|
    |xor_ln105_131_fu_236_p2  |       xor|   0|  0|  64|          64|          64|
    |xor_ln105_132_fu_248_p2  |       xor|   0|  0|  64|          64|          64|
    |xor_ln105_fu_230_p2      |       xor|   0|  0|  64|          64|          64|
    |xor_ln248_79_fu_284_p2   |       xor|   0|  0|  64|          64|          64|
    |xor_ln248_80_fu_304_p2   |       xor|   0|  0|   2|           1|           2|
    |xor_ln248_81_fu_328_p2   |       xor|   0|  0|  64|          64|          64|
    |xor_ln248_fu_278_p2      |       xor|   0|  0|  64|          64|          64|
    +-------------------------+----------+----+---+----+------------+------------+
    |Total                    |          |   0|  0| 903|         849|         848|
    +-------------------------+----------+----+---+----+------------+------------+

    * Multiplexer: 
    +-------------------------+----+-----------+-----+-----------+
    |           Name          | LUT| Input Size| Bits| Total Bits|
    +-------------------------+----+-----------+-----+-----------+
    |ap_done_int              |   9|          2|    1|          2|
    |ap_enable_reg_pp0_iter1  |   9|          2|    1|          2|
    |ap_sig_allocacmp_j_61    |   9|          2|    4|          8|
    |j_fu_72                  |   9|          2|    4|          8|
    |t_112_out_o              |  14|          3|    4|         12|
    |u_113_out_o              |  14|          3|   64|        192|
    |v_114_fu_68              |   9|          2|   64|        128|
    +-------------------------+----+-----------+-----+-----------+
    |Total                    |  73|         16|  142|        352|
    +-------------------------+----+-----------+-----+-----------+

    * Register: 
    +---------------------------------------+----+----+-----+-----------+
    |                  Name                 | FF | LUT| Bits| Const Bits|
    +---------------------------------------+----+----+-----+-----------+
    |a_load_reg_408                         |  64|   0|   64|          0|
    |ap_CS_fsm                              |   1|   0|    1|          0|
    |ap_done_reg                            |   1|   0|    1|          0|
    |ap_enable_reg_pp0_iter1                |   1|   0|    1|          0|
    |ap_enable_reg_pp0_iter2                |   1|   0|    1|          0|
    |ap_enable_reg_pp0_iter3                |   1|   0|    1|          0|
    |ap_loop_exit_ready_pp0_iter1_reg       |   1|   0|    1|          0|
    |ap_loop_exit_ready_pp0_iter2_reg       |   1|   0|    1|          0|
    |b_load_reg_413                         |  64|   0|   64|          0|
    |grp_digit_x_digit_fu_133_ap_start_reg  |   1|   0|    1|          0|
    |icmp_ln245_reg_394                     |   1|   0|    1|          0|
    |j_fu_72                                |   4|   0|    4|          0|
    |v_114_fu_68                            |  64|   0|   64|          0|
    |icmp_ln245_reg_394                     |  64|  32|    1|          0|
    +---------------------------------------+----+----+-----+-----------+
    |Total                                  | 269|  32|  206|          0|
    +---------------------------------------+----+----+-----+-----------+



================================================================
== Interface
================================================================
* Summary: 
+------------------------------------+-----+-----+------------+---------------------------------------+--------------+
|              RTL Ports             | Dir | Bits|  Protocol  |             Source Object             |    C Type    |
+------------------------------------+-----+-----+------------+---------------------------------------+--------------+
|ap_clk                              |   in|    1|  ap_ctrl_hs|  mp_mul.1218_Pipeline_VITIS_LOOP_245_2|  return value|
|ap_rst                              |   in|    1|  ap_ctrl_hs|  mp_mul.1218_Pipeline_VITIS_LOOP_245_2|  return value|
|ap_start                            |   in|    1|  ap_ctrl_hs|  mp_mul.1218_Pipeline_VITIS_LOOP_245_2|  return value|
|ap_done                             |  out|    1|  ap_ctrl_hs|  mp_mul.1218_Pipeline_VITIS_LOOP_245_2|  return value|
|ap_idle                             |  out|    1|  ap_ctrl_hs|  mp_mul.1218_Pipeline_VITIS_LOOP_245_2|  return value|
|ap_ready                            |  out|    1|  ap_ctrl_hs|  mp_mul.1218_Pipeline_VITIS_LOOP_245_2|  return value|
|grp_digit_x_digit_fu_436_p_din1     |  out|   64|  ap_ctrl_hs|  mp_mul.1218_Pipeline_VITIS_LOOP_245_2|  return value|
|grp_digit_x_digit_fu_436_p_din2     |  out|   64|  ap_ctrl_hs|  mp_mul.1218_Pipeline_VITIS_LOOP_245_2|  return value|
|grp_digit_x_digit_fu_436_p_dout0_0  |   in|   64|  ap_ctrl_hs|  mp_mul.1218_Pipeline_VITIS_LOOP_245_2|  return value|
|grp_digit_x_digit_fu_436_p_dout0_1  |   in|   64|  ap_ctrl_hs|  mp_mul.1218_Pipeline_VITIS_LOOP_245_2|  return value|
|grp_digit_x_digit_fu_436_p_start    |  out|    1|  ap_ctrl_hs|  mp_mul.1218_Pipeline_VITIS_LOOP_245_2|  return value|
|grp_digit_x_digit_fu_436_p_ready    |   in|    1|  ap_ctrl_hs|  mp_mul.1218_Pipeline_VITIS_LOOP_245_2|  return value|
|grp_digit_x_digit_fu_436_p_done     |   in|    1|  ap_ctrl_hs|  mp_mul.1218_Pipeline_VITIS_LOOP_245_2|  return value|
|grp_digit_x_digit_fu_436_p_idle     |   in|    1|  ap_ctrl_hs|  mp_mul.1218_Pipeline_VITIS_LOOP_245_2|  return value|
|v_017                               |   in|   64|     ap_none|                                  v_017|        scalar|
|zext_ln243                          |   in|    4|     ap_none|                             zext_ln243|        scalar|
|indvars_iv31                        |   in|    4|     ap_none|                           indvars_iv31|        scalar|
|a_address0                          |  out|    3|   ap_memory|                                      a|         array|
|a_ce0                               |  out|    1|   ap_memory|                                      a|         array|
|a_q0                                |   in|   64|   ap_memory|                                      a|         array|
|empty                               |   in|    3|     ap_none|                                  empty|        scalar|
|b_address0                          |  out|    3|   ap_memory|                                      b|         array|
|b_ce0                               |  out|    1|   ap_memory|                                      b|         array|
|b_q0                                |   in|   64|   ap_memory|                                      b|         array|
|v_114_out                           |  out|   64|      ap_vld|                              v_114_out|       pointer|
|v_114_out_ap_vld                    |  out|    1|      ap_vld|                              v_114_out|       pointer|
|u_113_out_i                         |   in|   64|     ap_ovld|                              u_113_out|       pointer|
|u_113_out_o                         |  out|   64|     ap_ovld|                              u_113_out|       pointer|
|u_113_out_o_ap_vld                  |  out|    1|     ap_ovld|                              u_113_out|       pointer|
|t_112_out_i                         |   in|    4|     ap_ovld|                              t_112_out|       pointer|
|t_112_out_o                         |  out|    4|     ap_ovld|                              t_112_out|       pointer|
|t_112_out_o_ap_vld                  |  out|    1|     ap_ovld|                              t_112_out|       pointer|
+------------------------------------+-----+-----+------------+---------------------------------------+--------------+

============================================================
+ Verbose Summary: Synthesis Manager
============================================================
InlineROM: 1
ExposeGlobal: 0
============================================================
+ Verbose Summary: CDFG Model
============================================================
IsTopModel: 0
ResetActiveHigh: 1
IsCombinational: 2
IsDatapathOnly: 2
HasWiredReturn: 1
HasMFsm: 2
HasVarLatency: 1
IsPipeline: 0
IsRtlPipelined: 0
IsInstanceOverlapped: 0
IsDontTouch: 0
HasImplIP: 0
IsGatedGlobalClock: 0

+ Individual pipeline summary: 
  * Pipeline-0: initiation interval (II) = 1, depth = 4


============================================================
+ Verbose Summary: Schedule
============================================================
* Number of FSM states : 4
* Pipeline : 1
  Pipeline-0 : II = 1, D = 4, States = { 1 2 3 4 }
* Dataflow Pipeline: 0

* FSM state transitions: 
1 --> 2 
2 --> 3 
3 --> 4 
4 --> 

* FSM state operations: 

State 1 <SV = 0> <Delay = 1.67>
ST_1 : Operation 7 [1/1] (0.00ns)   --->   "%v_114 = alloca i32 1" [src/generic/fp_generic.cpp:239]   --->   Operation 7 'alloca' 'v_114' <Predicate = true> <Delay = 0.00>
ST_1 : Operation 8 [1/1] (0.00ns)   --->   "%j = alloca i32 1" [src/generic/fp_generic.cpp:238]   --->   Operation 8 'alloca' 'j' <Predicate = true> <Delay = 0.00>
ST_1 : Operation 9 [1/1] (0.00ns)   --->   "%tmp = read i3 @_ssdm_op_Read.ap_auto.i3, i3 %empty"   --->   Operation 9 'read' 'tmp' <Predicate = true> <Delay = 0.00>
ST_1 : Operation 10 [1/1] (0.00ns)   --->   "%indvars_iv31_read = read i4 @_ssdm_op_Read.ap_auto.i4, i4 %indvars_iv31"   --->   Operation 10 'read' 'indvars_iv31_read' <Predicate = true> <Delay = 0.00>
ST_1 : Operation 11 [1/1] (0.00ns)   --->   "%zext_ln243_read = read i4 @_ssdm_op_Read.ap_auto.i4, i4 %zext_ln243"   --->   Operation 11 'read' 'zext_ln243_read' <Predicate = true> <Delay = 0.00>
ST_1 : Operation 12 [1/1] (0.00ns)   --->   "%v_017_read = read i64 @_ssdm_op_Read.ap_auto.i64, i64 %v_017"   --->   Operation 12 'read' 'v_017_read' <Predicate = true> <Delay = 0.00>
ST_1 : Operation 13 [1/1] (0.00ns)   --->   "%zext_ln243_cast = zext i4 %zext_ln243_read"   --->   Operation 13 'zext' 'zext_ln243_cast' <Predicate = true> <Delay = 0.00>
ST_1 : Operation 14 [1/1] (0.38ns)   --->   "%store_ln238 = store i4 0, i4 %j" [src/generic/fp_generic.cpp:238]   --->   Operation 14 'store' 'store_ln238' <Predicate = true> <Delay = 0.38>
ST_1 : Operation 15 [1/1] (0.38ns)   --->   "%store_ln239 = store i64 %v_017_read, i64 %v_114" [src/generic/fp_generic.cpp:239]   --->   Operation 15 'store' 'store_ln239' <Predicate = true> <Delay = 0.38>
ST_1 : Operation 16 [1/1] (0.38ns)   --->   "%store_ln239 = store i64 %zext_ln243_cast, i64 %u_113_out" [src/generic/fp_generic.cpp:239]   --->   Operation 16 'store' 'store_ln239' <Predicate = true> <Delay = 0.38>
ST_1 : Operation 17 [1/1] (0.38ns)   --->   "%store_ln239 = store i4 0, i4 %t_112_out" [src/generic/fp_generic.cpp:239]   --->   Operation 17 'store' 'store_ln239' <Predicate = true> <Delay = 0.38>
ST_1 : Operation 18 [1/1] (0.00ns)   --->   "%br_ln0 = br void %for.inc"   --->   Operation 18 'br' 'br_ln0' <Predicate = true> <Delay = 0.00>
ST_1 : Operation 19 [1/1] (0.00ns)   --->   "%j_61 = load i4 %j" [src/generic/fp_generic.cpp:245]   --->   Operation 19 'load' 'j_61' <Predicate = true> <Delay = 0.00>
ST_1 : Operation 20 [1/1] (0.70ns)   --->   "%icmp_ln245 = icmp_eq  i4 %j_61, i4 %indvars_iv31_read" [src/generic/fp_generic.cpp:245]   --->   Operation 20 'icmp' 'icmp_ln245' <Predicate = true> <Delay = 0.70> <CoreInst = "Cmp">   --->   Core 9 'Cmp' <Latency = 0> <II = 1> <Delay = 0.70> <FuncUnit> <Opcode : 'seteq' 'setne' 'setle' 'setge' 'setlt' 'setgt'> <InPorts = 2> <OutPorts = 1>
ST_1 : Operation 21 [1/1] (0.70ns)   --->   "%add_ln245 = add i4 %j_61, i4 1" [src/generic/fp_generic.cpp:245]   --->   Operation 21 'add' 'add_ln245' <Predicate = true> <Delay = 0.70> <CoreInst = "Adder">   --->   Core 1 'Adder' <Latency = 0> <II = 1> <Delay = 0.70> <FuncUnit> <Opcode : 'add' 'sub'> <InPorts = 2> <OutPorts = 1>
ST_1 : Operation 22 [1/1] (0.00ns)   --->   "%br_ln245 = br i1 %icmp_ln245, void %for.inc.split, void %for.inc22.exitStub" [src/generic/fp_generic.cpp:245]   --->   Operation 22 'br' 'br_ln245' <Predicate = true> <Delay = 0.00>
ST_1 : Operation 23 [1/1] (0.00ns)   --->   "%zext_ln245 = zext i4 %j_61" [src/generic/fp_generic.cpp:245]   --->   Operation 23 'zext' 'zext_ln245' <Predicate = (!icmp_ln245)> <Delay = 0.00>
ST_1 : Operation 24 [1/1] (0.00ns)   --->   "%trunc_ln245 = trunc i4 %j_61" [src/generic/fp_generic.cpp:245]   --->   Operation 24 'trunc' 'trunc_ln245' <Predicate = (!icmp_ln245)> <Delay = 0.00>
ST_1 : Operation 25 [1/1] (0.00ns)   --->   "%a_addr = getelementptr i64 %a, i64 0, i64 %zext_ln245" [src/generic/fp_generic.cpp:246]   --->   Operation 25 'getelementptr' 'a_addr' <Predicate = (!icmp_ln245)> <Delay = 0.00>
ST_1 : Operation 26 [2/2] (0.71ns)   --->   "%a_load = load i3 %a_addr" [src/generic/fp_generic.cpp:246]   --->   Operation 26 'load' 'a_load' <Predicate = (!icmp_ln245)> <Delay = 0.71> <CoreInst = "RAM">   --->   Core 82 'RAM' <Latency = 1> <II = 1> <Delay = 0.71> <Storage> <Opcode : 'load' 'store'> <Ports = 2> <Width = 64> <Depth = 8> <RAM>
ST_1 : Operation 27 [1/1] (0.57ns)   --->   "%sub_ln246 = sub i3 %tmp, i3 %trunc_ln245" [src/generic/fp_generic.cpp:246]   --->   Operation 27 'sub' 'sub_ln246' <Predicate = (!icmp_ln245)> <Delay = 0.57> <CoreInst = "Adder">   --->   Core 1 'Adder' <Latency = 0> <II = 1> <Delay = 0.57> <FuncUnit> <Opcode : 'add' 'sub'> <InPorts = 2> <OutPorts = 1>
ST_1 : Operation 28 [1/1] (0.00ns)   --->   "%zext_ln246 = zext i3 %sub_ln246" [src/generic/fp_generic.cpp:246]   --->   Operation 28 'zext' 'zext_ln246' <Predicate = (!icmp_ln245)> <Delay = 0.00>
ST_1 : Operation 29 [1/1] (0.00ns)   --->   "%b_addr = getelementptr i64 %b, i64 0, i64 %zext_ln246" [src/generic/fp_generic.cpp:246]   --->   Operation 29 'getelementptr' 'b_addr' <Predicate = (!icmp_ln245)> <Delay = 0.00>
ST_1 : Operation 30 [2/2] (0.71ns)   --->   "%b_load = load i3 %b_addr" [src/generic/fp_generic.cpp:246]   --->   Operation 30 'load' 'b_load' <Predicate = (!icmp_ln245)> <Delay = 0.71> <CoreInst = "RAM">   --->   Core 82 'RAM' <Latency = 1> <II = 1> <Delay = 0.71> <Storage> <Opcode : 'load' 'store'> <Ports = 2> <Width = 64> <Depth = 8> <RAM>
ST_1 : Operation 31 [1/1] (0.38ns)   --->   "%store_ln238 = store i4 %add_ln245, i4 %j" [src/generic/fp_generic.cpp:238]   --->   Operation 31 'store' 'store_ln238' <Predicate = (!icmp_ln245)> <Delay = 0.38>

State 2 <SV = 1> <Delay = 0.71>
ST_2 : Operation 32 [1/2] ( I:0.71ns O:0.71ns )   --->   "%a_load = load i3 %a_addr" [src/generic/fp_generic.cpp:246]   --->   Operation 32 'load' 'a_load' <Predicate = true> <Delay = 0.71> <CoreInst = "RAM">   --->   Core 82 'RAM' <Latency = 1> <II = 1> <Delay = 0.71> <Storage> <Opcode : 'load' 'store'> <Ports = 2> <Width = 64> <Depth = 8> <RAM>
ST_2 : Operation 33 [1/2] ( I:0.71ns O:0.71ns )   --->   "%b_load = load i3 %b_addr" [src/generic/fp_generic.cpp:246]   --->   Operation 33 'load' 'b_load' <Predicate = true> <Delay = 0.71> <CoreInst = "RAM">   --->   Core 82 'RAM' <Latency = 1> <II = 1> <Delay = 0.71> <Storage> <Opcode : 'load' 'store'> <Ports = 2> <Width = 64> <Depth = 8> <RAM>

State 3 <SV = 2> <Delay = 6.71>
ST_3 : Operation 34 [2/2] (6.71ns)   --->   "%call_ret6 = call i128 @digit_x_digit, i64 %a_load, i64 %b_load" [src/generic/fp_generic.cpp:246]   --->   Operation 34 'call' 'call_ret6' <Predicate = (!icmp_ln245)> <Delay = 6.71> <CoreType = "Generic">   --->   Generic Core
ST_3 : Operation 70 [1/1] (0.00ns)   --->   "%v_114_load_11 = load i64 %v_114"   --->   Operation 70 'load' 'v_114_load_11' <Predicate = (icmp_ln245)> <Delay = 0.00>
ST_3 : Operation 71 [1/1] (0.00ns)   --->   "%write_ln0 = write void @_ssdm_op_Write.ap_auto.i64P0A, i64 %v_114_out, i64 %v_114_load_11"   --->   Operation 71 'write' 'write_ln0' <Predicate = (icmp_ln245)> <Delay = 0.00>
ST_3 : Operation 72 [1/1] (0.38ns)   --->   "%ret_ln0 = ret"   --->   Operation 72 'ret' 'ret_ln0' <Predicate = (icmp_ln245)> <Delay = 0.38>

State 4 <SV = 3> <Delay = 6.26>
ST_4 : Operation 35 [1/1] (0.00ns)   --->   "%t_112_out_load = load i4 %t_112_out" [src/generic/fp_generic.cpp:249]   --->   Operation 35 'load' 't_112_out_load' <Predicate = true> <Delay = 0.00>
ST_4 : Operation 36 [1/1] (0.00ns)   --->   "%u_113_out_load = load i64 %u_113_out" [src/generic/fp_generic.cpp:248]   --->   Operation 36 'load' 'u_113_out_load' <Predicate = true> <Delay = 0.00>
ST_4 : Operation 37 [1/1] (0.00ns)   --->   "%v_114_load = load i64 %v_114" [src/generic/fp_generic.cpp:247]   --->   Operation 37 'load' 'v_114_load' <Predicate = true> <Delay = 0.00>
ST_4 : Operation 38 [1/1] (0.00ns)   --->   "%specpipeline_ln238 = specpipeline void @_ssdm_op_SpecPipeline, i32 4294967295, i32 0, i32 0, i32 0, void @empty_34" [src/generic/fp_generic.cpp:238]   --->   Operation 38 'specpipeline' 'specpipeline_ln238' <Predicate = true> <Delay = 0.00>
ST_4 : Operation 39 [1/1] (0.00ns)   --->   "%speclooptripcount_ln238 = speclooptripcount void @_ssdm_op_SpecLoopTripCount, i64 1, i64 8, i64 4" [src/generic/fp_generic.cpp:238]   --->   Operation 39 'speclooptripcount' 'speclooptripcount_ln238' <Predicate = true> <Delay = 0.00>
ST_4 : Operation 40 [1/1] (0.00ns)   --->   "%specloopname_ln245 = specloopname void @_ssdm_op_SpecLoopName, void @empty_87" [src/generic/fp_generic.cpp:245]   --->   Operation 40 'specloopname' 'specloopname_ln245' <Predicate = true> <Delay = 0.00>
ST_4 : Operation 41 [1/2] (1.43ns)   --->   "%call_ret6 = call i128 @digit_x_digit, i64 %a_load, i64 %b_load" [src/generic/fp_generic.cpp:246]   --->   Operation 41 'call' 'call_ret6' <Predicate = (!icmp_ln245)> <Delay = 1.43> <CoreType = "Generic">   --->   Generic Core
ST_4 : Operation 42 [1/1] (0.00ns)   --->   "%UV = extractvalue i128 %call_ret6" [src/generic/fp_generic.cpp:246]   --->   Operation 42 'extractvalue' 'UV' <Predicate = true> <Delay = 0.00>
ST_4 : Operation 43 [1/1] (0.00ns)   --->   "%UV_116 = extractvalue i128 %call_ret6" [src/generic/fp_generic.cpp:246]   --->   Operation 43 'extractvalue' 'UV_116' <Predicate = true> <Delay = 0.00>
ST_4 : Operation 44 [1/1] (1.14ns)   --->   "%v_278 = add i64 %UV, i64 %v_114_load" [src/generic/fp_generic.cpp:247]   --->   Operation 44 'add' 'v_278' <Predicate = true> <Delay = 1.14> <CoreInst = "Adder">   --->   Core 1 'Adder' <Latency = 0> <II = 1> <Delay = 1.14> <FuncUnit> <Opcode : 'add' 'sub'> <InPorts = 2> <OutPorts = 1>
ST_4 : Operation 45 [1/1] (0.00ns) (grouped into LUT with out node tempReg)   --->   "%xor_ln105 = xor i64 %v_278, i64 %UV" [src/config.h:105->src/generic/fp_generic.cpp:247]   --->   Operation 45 'xor' 'xor_ln105' <Predicate = true> <Delay = 0.00> <CoreInst = "LogicGate">   --->   Core 74 'LogicGate' <Latency = 0> <II = 1> <Delay = 0.28> <FuncUnit> <Opcode : 'and' 'or' 'xor'> <InPorts = 2> <OutPorts = 1>
ST_4 : Operation 46 [1/1] (0.00ns) (grouped into LUT with out node tempReg)   --->   "%xor_ln105_131 = xor i64 %UV, i64 %v_114_load" [src/config.h:105->src/generic/fp_generic.cpp:247]   --->   Operation 46 'xor' 'xor_ln105_131' <Predicate = true> <Delay = 0.00> <CoreInst = "LogicGate">   --->   Core 74 'LogicGate' <Latency = 0> <II = 1> <Delay = 0.28> <FuncUnit> <Opcode : 'and' 'or' 'xor'> <InPorts = 2> <OutPorts = 1>
ST_4 : Operation 47 [1/1] (0.00ns) (grouped into LUT with out node tempReg)   --->   "%or_ln105 = or i64 %xor_ln105, i64 %xor_ln105_131" [src/config.h:105->src/generic/fp_generic.cpp:247]   --->   Operation 47 'or' 'or_ln105' <Predicate = true> <Delay = 0.00> <CoreInst = "LogicGate">   --->   Core 74 'LogicGate' <Latency = 0> <II = 1> <Delay = 0.28> <FuncUnit> <Opcode : 'and' 'or' 'xor'> <InPorts = 2> <OutPorts = 1>
ST_4 : Operation 48 [1/1] (0.00ns) (grouped into LUT with out node tempReg)   --->   "%xor_ln105_132 = xor i64 %or_ln105, i64 %v_278" [src/config.h:105->src/generic/fp_generic.cpp:247]   --->   Operation 48 'xor' 'xor_ln105_132' <Predicate = true> <Delay = 0.00> <CoreInst = "LogicGate">   --->   Core 74 'LogicGate' <Latency = 0> <II = 1> <Delay = 0.28> <FuncUnit> <Opcode : 'and' 'or' 'xor'> <InPorts = 2> <OutPorts = 1>
ST_4 : Operation 49 [1/1] (0.00ns) (grouped into LUT with out node tempReg)   --->   "%carry = bitselect i1 @_ssdm_op_BitSelect.i1.i64.i32, i64 %xor_ln105_132, i32 63" [src/config.h:105->src/generic/fp_generic.cpp:247]   --->   Operation 49 'bitselect' 'carry' <Predicate = true> <Delay = 0.00>
ST_4 : Operation 50 [1/1] (0.00ns) (grouped into LUT with out node tempReg)   --->   "%zext_ln105 = zext i1 %carry" [src/config.h:105->src/generic/fp_generic.cpp:247]   --->   Operation 50 'zext' 'zext_ln105' <Predicate = true> <Delay = 0.00>
ST_4 : Operation 51 [1/1] (1.14ns) (out node of the LUT)   --->   "%tempReg = add i64 %UV_116, i64 %zext_ln105" [src/generic/fp_generic.cpp:248]   --->   Operation 51 'add' 'tempReg' <Predicate = true> <Delay = 1.14> <CoreInst = "Adder">   --->   Core 1 'Adder' <Latency = 0> <II = 1> <Delay = 1.14> <FuncUnit> <Opcode : 'add' 'sub'> <InPorts = 2> <OutPorts = 1>
ST_4 : Operation 52 [1/1] (1.14ns)   --->   "%v = add i64 %tempReg, i64 %u_113_out_load" [src/generic/fp_generic.cpp:248]   --->   Operation 52 'add' 'v' <Predicate = true> <Delay = 1.14> <CoreInst = "Adder">   --->   Core 1 'Adder' <Latency = 0> <II = 1> <Delay = 1.14> <FuncUnit> <Opcode : 'add' 'sub'> <InPorts = 2> <OutPorts = 1>
ST_4 : Operation 53 [1/1] (0.00ns) (grouped into LUT with out node xor_ln248_81)   --->   "%xor_ln248 = xor i64 %v, i64 %tempReg" [src/generic/fp_generic.cpp:248]   --->   Operation 53 'xor' 'xor_ln248' <Predicate = true> <Delay = 0.00> <CoreInst = "LogicGate">   --->   Core 74 'LogicGate' <Latency = 0> <II = 1> <Delay = 0.28> <FuncUnit> <Opcode : 'and' 'or' 'xor'> <InPorts = 2> <OutPorts = 1>
ST_4 : Operation 54 [1/1] (0.00ns) (grouped into LUT with out node xor_ln248_81)   --->   "%xor_ln248_79 = xor i64 %tempReg, i64 %u_113_out_load" [src/generic/fp_generic.cpp:248]   --->   Operation 54 'xor' 'xor_ln248_79' <Predicate = true> <Delay = 0.00> <CoreInst = "LogicGate">   --->   Core 74 'LogicGate' <Latency = 0> <II = 1> <Delay = 0.28> <FuncUnit> <Opcode : 'and' 'or' 'xor'> <InPorts = 2> <OutPorts = 1>
ST_4 : Operation 55 [1/1] (0.00ns) (grouped into LUT with out node xor_ln248_81)   --->   "%or_ln248 = or i64 %xor_ln248, i64 %xor_ln248_79" [src/generic/fp_generic.cpp:248]   --->   Operation 55 'or' 'or_ln248' <Predicate = true> <Delay = 0.00> <CoreInst = "LogicGate">   --->   Core 74 'LogicGate' <Latency = 0> <II = 1> <Delay = 0.28> <FuncUnit> <Opcode : 'and' 'or' 'xor'> <InPorts = 2> <OutPorts = 1>
ST_4 : Operation 56 [1/1] (0.00ns) (grouped into LUT with out node u)   --->   "%bit_sel = bitselect i1 @_ssdm_op_BitSelect.i1.i64.i64, i64 %tempReg, i64 63" [src/generic/fp_generic.cpp:248]   --->   Operation 56 'bitselect' 'bit_sel' <Predicate = true> <Delay = 0.00>
ST_4 : Operation 57 [1/1] (0.00ns) (grouped into LUT with out node u)   --->   "%xor_ln248_80 = xor i1 %bit_sel, i1 1" [src/generic/fp_generic.cpp:248]   --->   Operation 57 'xor' 'xor_ln248_80' <Predicate = true> <Delay = 0.00> <CoreInst = "LogicGate">   --->   Core 74 'LogicGate' <Latency = 0> <II = 1> <Delay = 0.12> <FuncUnit> <Opcode : 'and' 'or' 'xor'> <InPorts = 2> <OutPorts = 1>
ST_4 : Operation 58 [1/1] (0.00ns) (grouped into LUT with out node u)   --->   "%trunc_ln248 = trunc i64 %tempReg" [src/generic/fp_generic.cpp:248]   --->   Operation 58 'trunc' 'trunc_ln248' <Predicate = true> <Delay = 0.00>
ST_4 : Operation 59 [1/1] (0.00ns) (grouped into LUT with out node u)   --->   "%xor_ln248_s = bitconcatenate i64 @_ssdm_op_BitConcatenate.i64.i1.i63, i1 %xor_ln248_80, i63 %trunc_ln248" [src/generic/fp_generic.cpp:248]   --->   Operation 59 'bitconcatenate' 'xor_ln248_s' <Predicate = true> <Delay = 0.00>
ST_4 : Operation 60 [1/1] (0.00ns) (grouped into LUT with out node u)   --->   "%and_ln248 = and i64 %xor_ln248_s, i64 %UV_116" [src/generic/fp_generic.cpp:248]   --->   Operation 60 'and' 'and_ln248' <Predicate = true> <Delay = 0.00> <CoreInst = "LogicGate">   --->   Core 74 'LogicGate' <Latency = 0> <II = 1> <Delay = 0.28> <FuncUnit> <Opcode : 'and' 'or' 'xor'> <InPorts = 2> <OutPorts = 1>
ST_4 : Operation 61 [1/1] (0.28ns) (out node of the LUT)   --->   "%xor_ln248_81 = xor i64 %or_ln248, i64 %v" [src/generic/fp_generic.cpp:248]   --->   Operation 61 'xor' 'xor_ln248_81' <Predicate = true> <Delay = 0.28> <CoreInst = "LogicGate">   --->   Core 74 'LogicGate' <Latency = 0> <II = 1> <Delay = 0.28> <FuncUnit> <Opcode : 'and' 'or' 'xor'> <InPorts = 2> <OutPorts = 1>
ST_4 : Operation 62 [1/1] (0.00ns) (grouped into LUT with out node u)   --->   "%or_ln248_27 = or i64 %xor_ln248_81, i64 %and_ln248" [src/generic/fp_generic.cpp:248]   --->   Operation 62 'or' 'or_ln248_27' <Predicate = true> <Delay = 0.00> <CoreInst = "LogicGate">   --->   Core 74 'LogicGate' <Latency = 0> <II = 1> <Delay = 0.28> <FuncUnit> <Opcode : 'and' 'or' 'xor'> <InPorts = 2> <OutPorts = 1>
ST_4 : Operation 63 [1/1] (0.00ns) (grouped into LUT with out node u)   --->   "%tmp_311 = bitselect i1 @_ssdm_op_BitSelect.i1.i64.i32, i64 %or_ln248_27, i32 63" [src/generic/fp_generic.cpp:249]   --->   Operation 63 'bitselect' 'tmp_311' <Predicate = true> <Delay = 0.00>
ST_4 : Operation 64 [1/1] (0.00ns) (grouped into LUT with out node u)   --->   "%zext_ln249 = zext i1 %tmp_311" [src/generic/fp_generic.cpp:249]   --->   Operation 64 'zext' 'zext_ln249' <Predicate = true> <Delay = 0.00>
ST_4 : Operation 65 [1/1] (0.70ns) (out node of the LUT)   --->   "%u = add i4 %zext_ln249, i4 %t_112_out_load" [src/generic/fp_generic.cpp:249]   --->   Operation 65 'add' 'u' <Predicate = true> <Delay = 0.70> <CoreInst = "Adder">   --->   Core 1 'Adder' <Latency = 0> <II = 1> <Delay = 0.70> <FuncUnit> <Opcode : 'add' 'sub'> <InPorts = 2> <OutPorts = 1>
ST_4 : Operation 66 [1/1] (0.38ns)   --->   "%store_ln239 = store i64 %v_278, i64 %v_114" [src/generic/fp_generic.cpp:239]   --->   Operation 66 'store' 'store_ln239' <Predicate = true> <Delay = 0.38>
ST_4 : Operation 67 [1/1] (0.38ns)   --->   "%store_ln239 = store i64 %v, i64 %u_113_out" [src/generic/fp_generic.cpp:239]   --->   Operation 67 'store' 'store_ln239' <Predicate = true> <Delay = 0.38>
ST_4 : Operation 68 [1/1] (0.38ns)   --->   "%store_ln239 = store i4 %u, i4 %t_112_out" [src/generic/fp_generic.cpp:239]   --->   Operation 68 'store' 'store_ln239' <Predicate = true> <Delay = 0.38>
ST_4 : Operation 69 [1/1] (0.00ns)   --->   "%br_ln245 = br void %for.inc" [src/generic/fp_generic.cpp:245]   --->   Operation 69 'br' 'br_ln245' <Predicate = true> <Delay = 0.00>


============================================================
+ Verbose Summary: Binding
============================================================
STG Binding: 
---------------- STG Properties BEGIN ----------------
- Is combinational: 0
- Is one-state seq: 0
- Is datapath-only: 0
- Is pipelined: 0
- Is top level: 0
Port [ Return ] is wired: 1; IO mode=ap_ctrl_hs:ce=0
Port [ v_017]:  wired=1; compound=0; hidden=0; nouse=0; global=0; static=0; extern=0; dir=0; type=0; pingpong=0; private_global=0; IO mode=ap_none:ce=0
Port [ zext_ln243]:  wired=1; compound=0; hidden=0; nouse=0; global=0; static=0; extern=0; dir=0; type=0; pingpong=0; private_global=0; IO mode=ap_none:ce=0
Port [ indvars_iv31]:  wired=1; compound=0; hidden=0; nouse=0; global=0; static=0; extern=0; dir=0; type=0; pingpong=0; private_global=0; IO mode=ap_none:ce=0
Port [ a]:  wired=1; compound=1; hidden=0; nouse=0; global=0; static=0; extern=0; dir=0; type=1; pingpong=0; private_global=0; MemPort=[13]; IO mode=ap_memory:ce=0
Port [ empty]:  wired=1; compound=0; hidden=0; nouse=0; global=0; static=0; extern=0; dir=0; type=0; pingpong=0; private_global=0; IO mode=ap_none:ce=0
Port [ b]:  wired=1; compound=1; hidden=0; nouse=0; global=0; static=0; extern=0; dir=0; type=1; pingpong=0; private_global=0; MemPort=[13]; IO mode=ap_memory:ce=0
Port [ v_114_out]:  wired=1; compound=0; hidden=0; nouse=0; global=0; static=0; extern=0; dir=1; type=0; pingpong=0; private_global=0; IO mode=ap_vld:ce=0
Port [ u_113_out]:  wired=1; compound=0; hidden=0; nouse=0; global=0; static=0; extern=0; dir=2; type=0; pingpong=0; private_global=0; IO mode=ap_ovld:ce=0
Port [ t_112_out]:  wired=1; compound=0; hidden=0; nouse=0; global=0; static=0; extern=0; dir=2; type=0; pingpong=0; private_global=0; IO mode=ap_ovld:ce=0
---------------- STG Properties END ------------------

---------------- Datapath Model BEGIN ----------------

<LifeTime>
<method=bitvector/>
v_114                   (alloca           ) [ 01111]
j                       (alloca           ) [ 01000]
tmp                     (read             ) [ 00000]
indvars_iv31_read       (read             ) [ 00000]
zext_ln243_read         (read             ) [ 00000]
v_017_read              (read             ) [ 00000]
zext_ln243_cast         (zext             ) [ 00000]
store_ln238             (store            ) [ 00000]
store_ln239             (store            ) [ 00000]
store_ln239             (store            ) [ 00000]
store_ln239             (store            ) [ 00000]
br_ln0                  (br               ) [ 00000]
j_61                    (load             ) [ 00000]
icmp_ln245              (icmp             ) [ 01111]
add_ln245               (add              ) [ 00000]
br_ln245                (br               ) [ 00000]
zext_ln245              (zext             ) [ 00000]
trunc_ln245             (trunc            ) [ 00000]
a_addr                  (getelementptr    ) [ 01100]
sub_ln246               (sub              ) [ 00000]
zext_ln246              (zext             ) [ 00000]
b_addr                  (getelementptr    ) [ 01100]
store_ln238             (store            ) [ 00000]
a_load                  (load             ) [ 01010]
b_load                  (load             ) [ 01010]
t_112_out_load          (load             ) [ 00000]
u_113_out_load          (load             ) [ 00000]
v_114_load              (load             ) [ 00000]
specpipeline_ln238      (specpipeline     ) [ 00000]
speclooptripcount_ln238 (speclooptripcount) [ 00000]
specloopname_ln245      (specloopname     ) [ 00000]
call_ret6               (call             ) [ 00000]
UV                      (extractvalue     ) [ 00000]
UV_116                  (extractvalue     ) [ 00000]
v_278                   (add              ) [ 00000]
xor_ln105               (xor              ) [ 00000]
xor_ln105_131           (xor              ) [ 00000]
or_ln105                (or               ) [ 00000]
xor_ln105_132           (xor              ) [ 00000]
carry                   (bitselect        ) [ 00000]
zext_ln105              (zext             ) [ 00000]
tempReg                 (add              ) [ 00000]
v                       (add              ) [ 00000]
xor_ln248               (xor              ) [ 00000]
xor_ln248_79            (xor              ) [ 00000]
or_ln248                (or               ) [ 00000]
bit_sel                 (bitselect        ) [ 00000]
xor_ln248_80            (xor              ) [ 00000]
trunc_ln248             (trunc            ) [ 00000]
xor_ln248_s             (bitconcatenate   ) [ 00000]
and_ln248               (and              ) [ 00000]
xor_ln248_81            (xor              ) [ 00000]
or_ln248_27             (or               ) [ 00000]
tmp_311                 (bitselect        ) [ 00000]
zext_ln249              (zext             ) [ 00000]
u                       (add              ) [ 00000]
store_ln239             (store            ) [ 00000]
store_ln239             (store            ) [ 00000]
store_ln239             (store            ) [ 00000]
br_ln245                (br               ) [ 00000]
v_114_load_11           (load             ) [ 00000]
write_ln0               (write            ) [ 00000]
ret_ln0                 (ret              ) [ 00000]
</LifeTime>

<model>

<comp_list>
<comp id="0" class="1000" name="v_017">
<pin_list>
<pin id="1" dir="1" index="0" bw="1" slack="0"/>
</pin_list>
<bind>
<StgValue><ssdm name="v_017"/></StgValue>
</bind>
</comp>

<comp id="2" class="1000" name="zext_ln243">
<pin_list>
<pin id="3" dir="1" index="0" bw="1" slack="0"/>
</pin_list>
<bind>
<StgValue><ssdm name="zext_ln243"/></StgValue>
</bind>
</comp>

<comp id="4" class="1000" name="indvars_iv31">
<pin_list>
<pin id="5" dir="1" index="0" bw="1" slack="0"/>
</pin_list>
<bind>
<StgValue><ssdm name="indvars_iv31"/></StgValue>
</bind>
</comp>

<comp id="6" class="1000" name="a">
<pin_list>
<pin id="7" dir="1" index="0" bw="1" slack="0"/>
</pin_list>
<bind>
<StgValue><ssdm name="a"/><MemPortTyVec>1 3 </MemPortTyVec>
</StgValue>
</bind>
</comp>

<comp id="8" class="1000" name="empty">
<pin_list>
<pin id="9" dir="1" index="0" bw="1" slack="0"/>
</pin_list>
<bind>
<StgValue><ssdm name="empty"/></StgValue>
</bind>
</comp>

<comp id="10" class="1000" name="b">
<pin_list>
<pin id="11" dir="1" index="0" bw="1" slack="0"/>
</pin_list>
<bind>
<StgValue><ssdm name="b"/><MemPortTyVec>1 3 </MemPortTyVec>
</StgValue>
</bind>
</comp>

<comp id="12" class="1000" name="v_114_out">
<pin_list>
<pin id="13" dir="1" index="0" bw="1" slack="0"/>
</pin_list>
<bind>
<StgValue><ssdm name="v_114_out"/></StgValue>
</bind>
</comp>

<comp id="14" class="1000" name="u_113_out">
<pin_list>
<pin id="15" dir="1" index="0" bw="1" slack="0"/>
</pin_list>
<bind>
<StgValue><ssdm name="u_113_out"/></StgValue>
</bind>
</comp>

<comp id="16" class="1000" name="t_112_out">
<pin_list>
<pin id="17" dir="1" index="0" bw="1" slack="0"/>
</pin_list>
<bind>
<StgValue><ssdm name="t_112_out"/></StgValue>
</bind>
</comp>

<comp id="18" class="1001" name="const_18">
<pin_list>
<pin id="19" dir="1" index="0" bw="1" slack="0"/>
</pin_list>
<bind>
<StgValue><ssdm name=""/></StgValue>
</bind>
</comp>

<comp id="20" class="1001" name="const_20">
<pin_list>
<pin id="21" dir="1" index="0" bw="1" slack="0"/>
</pin_list>
<bind>
<StgValue><ssdm name="_ssdm_op_Read.ap_auto.i3"/></StgValue>
</bind>
</comp>

<comp id="22" class="1001" name="const_22">
<pin_list>
<pin id="23" dir="1" index="0" bw="1" slack="0"/>
</pin_list>
<bind>
<StgValue><ssdm name="_ssdm_op_Read.ap_auto.i4"/></StgValue>
</bind>
</comp>

<comp id="24" class="1001" name="const_24">
<pin_list>
<pin id="25" dir="1" index="0" bw="1" slack="0"/>
</pin_list>
<bind>
<StgValue><ssdm name="_ssdm_op_Read.ap_auto.i64"/></StgValue>
</bind>
</comp>

<comp id="26" class="1001" name="const_26">
<pin_list>
<pin id="27" dir="1" index="0" bw="1" slack="0"/>
</pin_list>
<bind>
<StgValue><ssdm name=""/></StgValue>
</bind>
</comp>

<comp id="28" class="1001" name="const_28">
<pin_list>
<pin id="29" dir="1" index="0" bw="1" slack="0"/>
</pin_list>
<bind>
<StgValue><ssdm name=""/></StgValue>
</bind>
</comp>

<comp id="30" class="1001" name="const_30">
<pin_list>
<pin id="31" dir="1" index="0" bw="1" slack="0"/>
</pin_list>
<bind>
<StgValue><ssdm name=""/></StgValue>
</bind>
</comp>

<comp id="32" class="1001" name="const_32">
<pin_list>
<pin id="33" dir="1" index="0" bw="1" slack="0"/>
</pin_list>
<bind>
<StgValue><ssdm name="digit_x_digit"/></StgValue>
</bind>
</comp>

<comp id="34" class="1001" name="const_34">
<pin_list>
<pin id="35" dir="1" index="0" bw="1" slack="2147483647"/>
</pin_list>
<bind>
<StgValue><ssdm name="_ssdm_op_SpecPipeline"/></StgValue>
</bind>
</comp>

<comp id="36" class="1001" name="const_36">
<pin_list>
<pin id="37" dir="1" index="0" bw="1" slack="2147483647"/>
</pin_list>
<bind>
<StgValue><ssdm name=""/></StgValue>
</bind>
</comp>

<comp id="38" class="1001" name="const_38">
<pin_list>
<pin id="39" dir="1" index="0" bw="1" slack="2147483647"/>
</pin_list>
<bind>
<StgValue><ssdm name=""/></StgValue>
</bind>
</comp>

<comp id="40" class="1001" name="const_40">
<pin_list>
<pin id="41" dir="1" index="0" bw="1" slack="2147483647"/>
</pin_list>
<bind>
<StgValue><ssdm name="empty_34"/></StgValue>
</bind>
</comp>

<comp id="42" class="1001" name="const_42">
<pin_list>
<pin id="43" dir="1" index="0" bw="1" slack="2147483647"/>
</pin_list>
<bind>
<StgValue><ssdm name="_ssdm_op_SpecLoopTripCount"/></StgValue>
</bind>
</comp>

<comp id="44" class="1001" name="const_44">
<pin_list>
<pin id="45" dir="1" index="0" bw="1" slack="2147483647"/>
</pin_list>
<bind>
<StgValue><ssdm name=""/></StgValue>
</bind>
</comp>

<comp id="46" class="1001" name="const_46">
<pin_list>
<pin id="47" dir="1" index="0" bw="1" slack="2147483647"/>
</pin_list>
<bind>
<StgValue><ssdm name=""/></StgValue>
</bind>
</comp>

<comp id="48" class="1001" name="const_48">
<pin_list>
<pin id="49" dir="1" index="0" bw="1" slack="2147483647"/>
</pin_list>
<bind>
<StgValue><ssdm name=""/></StgValue>
</bind>
</comp>

<comp id="50" class="1001" name="const_50">
<pin_list>
<pin id="51" dir="1" index="0" bw="1" slack="2147483647"/>
</pin_list>
<bind>
<StgValue><ssdm name="_ssdm_op_SpecLoopName"/></StgValue>
</bind>
</comp>

<comp id="52" class="1001" name="const_52">
<pin_list>
<pin id="53" dir="1" index="0" bw="1" slack="2147483647"/>
</pin_list>
<bind>
<StgValue><ssdm name="empty_87"/></StgValue>
</bind>
</comp>

<comp id="54" class="1001" name="const_54">
<pin_list>
<pin id="55" dir="1" index="0" bw="1" slack="0"/>
</pin_list>
<bind>
<StgValue><ssdm name="_ssdm_op_BitSelect.i1.i64.i32"/></StgValue>
</bind>
</comp>

<comp id="56" class="1001" name="const_56">
<pin_list>
<pin id="57" dir="1" index="0" bw="1" slack="0"/>
</pin_list>
<bind>
<StgValue><ssdm name=""/></StgValue>
</bind>
</comp>

<comp id="58" class="1001" name="const_58">
<pin_list>
<pin id="59" dir="1" index="0" bw="1" slack="0"/>
</pin_list>
<bind>
<StgValue><ssdm name="_ssdm_op_BitSelect.i1.i64.i64"/></StgValue>
</bind>
</comp>

<comp id="60" class="1001" name="const_60">
<pin_list>
<pin id="61" dir="1" index="0" bw="1" slack="0"/>
</pin_list>
<bind>
<StgValue><ssdm name=""/></StgValue>
</bind>
</comp>

<comp id="62" class="1001" name="const_62">
<pin_list>
<pin id="63" dir="1" index="0" bw="1" slack="0"/>
</pin_list>
<bind>
<StgValue><ssdm name=""/></StgValue>
</bind>
</comp>

<comp id="64" class="1001" name="const_64">
<pin_list>
<pin id="65" dir="1" index="0" bw="1" slack="0"/>
</pin_list>
<bind>
<StgValue><ssdm name="_ssdm_op_BitConcatenate.i64.i1.i63"/></StgValue>
</bind>
</comp>

<comp id="66" class="1001" name="const_66">
<pin_list>
<pin id="67" dir="1" index="0" bw="1" slack="0"/>
</pin_list>
<bind>
<StgValue><ssdm name="_ssdm_op_Write.ap_auto.i64P0A"/></StgValue>
</bind>
</comp>

<comp id="68" class="1004" name="v_114_fu_68">
<pin_list>
<pin id="69" dir="0" index="0" bw="1" slack="0"/>
<pin id="70" dir="1" index="1" bw="64" slack="0"/>
</pin_list>
<bind>
<opcode="alloca(26) " fcode="alloca"/>
<opset="v_114/1 "/>
</bind>
</comp>

<comp id="72" class="1004" name="j_fu_72">
<pin_list>
<pin id="73" dir="0" index="0" bw="1" slack="0"/>
<pin id="74" dir="1" index="1" bw="4" slack="0"/>
</pin_list>
<bind>
<opcode="alloca(26) " fcode="alloca"/>
<opset="j/1 "/>
</bind>
</comp>

<comp id="76" class="1004" name="tmp_read_fu_76">
<pin_list>
<pin id="77" dir="0" index="0" bw="3" slack="0"/>
<pin id="78" dir="0" index="1" bw="3" slack="0"/>
<pin id="79" dir="1" index="2" bw="3" slack="0"/>
</pin_list>
<bind>
<opcode="read(1150) " fcode="read"/>
<opset="tmp/1 "/>
</bind>
</comp>

<comp id="82" class="1004" name="indvars_iv31_read_read_fu_82">
<pin_list>
<pin id="83" dir="0" index="0" bw="4" slack="0"/>
<pin id="84" dir="0" index="1" bw="4" slack="0"/>
<pin id="85" dir="1" index="2" bw="4" slack="0"/>
</pin_list>
<bind>
<opcode="read(1150) " fcode="read"/>
<opset="indvars_iv31_read/1 "/>
</bind>
</comp>

<comp id="88" class="1004" name="zext_ln243_read_read_fu_88">
<pin_list>
<pin id="89" dir="0" index="0" bw="4" slack="0"/>
<pin id="90" dir="0" index="1" bw="4" slack="0"/>
<pin id="91" dir="1" index="2" bw="4" slack="0"/>
</pin_list>
<bind>
<opcode="read(1150) " fcode="read"/>
<opset="zext_ln243_read/1 "/>
</bind>
</comp>

<comp id="94" class="1004" name="v_017_read_read_fu_94">
<pin_list>
<pin id="95" dir="0" index="0" bw="64" slack="0"/>
<pin id="96" dir="0" index="1" bw="64" slack="0"/>
<pin id="97" dir="1" index="2" bw="64" slack="0"/>
</pin_list>
<bind>
<opcode="read(1150) " fcode="read"/>
<opset="v_017_read/1 "/>
</bind>
</comp>

<comp id="100" class="1004" name="write_ln0_write_fu_100">
<pin_list>
<pin id="101" dir="0" index="0" bw="0" slack="0"/>
<pin id="102" dir="0" index="1" bw="64" slack="0"/>
<pin id="103" dir="0" index="2" bw="64" slack="0"/>
<pin id="104" dir="1" index="3" bw="0" slack="2147483647"/>
</pin_list>
<bind>
<opcode="write(1151) " fcode="write"/>
<opset="write_ln0/3 "/>
</bind>
</comp>

<comp id="107" class="1004" name="a_addr_gep_fu_107">
<pin_list>
<pin id="108" dir="0" index="0" bw="64" slack="0"/>
<pin id="109" dir="0" index="1" bw="1" slack="0"/>
<pin id="110" dir="0" index="2" bw="4" slack="0"/>
<pin id="111" dir="1" index="3" bw="3" slack="0"/>
</pin_list>
<bind>
<opcode="getelementptr(29) " fcode="getelementptr"/>
<opset="a_addr/1 "/>
</bind>
</comp>

<comp id="114" class="1004" name="grp_access_fu_114">
<pin_list>
<pin id="115" dir="0" index="0" bw="3" slack="0"/>
<pin id="116" dir="0" index="1" bw="64" slack="2147483647"/>
<pin id="117" dir="0" index="2" bw="0" slack="2147483647"/>
<pin id="118" dir="1" index="3" bw="64" slack="1"/>
</pin_list>
<bind>
<opcode="load(27) " fcode="load"/>
<opset="a_load/1 "/>
</bind>
</comp>

<comp id="120" class="1004" name="b_addr_gep_fu_120">
<pin_list>
<pin id="121" dir="0" index="0" bw="64" slack="0"/>
<pin id="122" dir="0" index="1" bw="1" slack="0"/>
<pin id="123" dir="0" index="2" bw="3" slack="0"/>
<pin id="124" dir="1" index="3" bw="3" slack="0"/>
</pin_list>
<bind>
<opcode="getelementptr(29) " fcode="getelementptr"/>
<opset="b_addr/1 "/>
</bind>
</comp>

<comp id="127" class="1004" name="grp_access_fu_127">
<pin_list>
<pin id="128" dir="0" index="0" bw="3" slack="0"/>
<pin id="129" dir="0" index="1" bw="64" slack="2147483647"/>
<pin id="130" dir="0" index="2" bw="0" slack="2147483647"/>
<pin id="131" dir="1" index="3" bw="64" slack="1"/>
</pin_list>
<bind>
<opcode="load(27) " fcode="load"/>
<opset="b_load/1 "/>
</bind>
</comp>

<comp id="133" class="1004" name="grp_digit_x_digit_fu_133">
<pin_list>
<pin id="134" dir="0" index="0" bw="128" slack="0"/>
<pin id="135" dir="0" index="1" bw="64" slack="1"/>
<pin id="136" dir="0" index="2" bw="64" slack="1"/>
<pin id="137" dir="1" index="3" bw="128" slack="0"/>
</pin_list>
<bind>
<opcode="call(48) " fcode="call"/>
<opset="call_ret6/3 "/>
</bind>
</comp>

<comp id="139" class="1004" name="zext_ln243_cast_fu_139">
<pin_list>
<pin id="140" dir="0" index="0" bw="4" slack="0"/>
<pin id="141" dir="1" index="1" bw="64" slack="0"/>
</pin_list>
<bind>
<opcode="zext(34) " fcode="zext"/>
<opset="zext_ln243_cast/1 "/>
</bind>
</comp>

<comp id="143" class="1004" name="store_ln238_store_fu_143">
<pin_list>
<pin id="144" dir="0" index="0" bw="1" slack="0"/>
<pin id="145" dir="0" index="1" bw="4" slack="0"/>
<pin id="146" dir="1" index="2" bw="0" slack="2147483647"/>
</pin_list>
<bind>
<opcode="store(28) " fcode="store"/>
<opset="store_ln238/1 "/>
</bind>
</comp>

<comp id="148" class="1004" name="store_ln239_store_fu_148">
<pin_list>
<pin id="149" dir="0" index="0" bw="64" slack="0"/>
<pin id="150" dir="0" index="1" bw="64" slack="0"/>
<pin id="151" dir="1" index="2" bw="0" slack="2147483647"/>
</pin_list>
<bind>
<opcode="store(28) " fcode="store"/>
<opset="store_ln239/1 "/>
</bind>
</comp>

<comp id="153" class="1004" name="store_ln239_store_fu_153">
<pin_list>
<pin id="154" dir="0" index="0" bw="4" slack="0"/>
<pin id="155" dir="0" index="1" bw="64" slack="0"/>
<pin id="156" dir="1" index="2" bw="0" slack="2147483647"/>
</pin_list>
<bind>
<opcode="store(28) " fcode="store"/>
<opset="store_ln239/1 "/>
</bind>
</comp>

<comp id="159" class="1004" name="store_ln239_store_fu_159">
<pin_list>
<pin id="160" dir="0" index="0" bw="1" slack="0"/>
<pin id="161" dir="0" index="1" bw="4" slack="0"/>
<pin id="162" dir="1" index="2" bw="0" slack="2147483647"/>
</pin_list>
<bind>
<opcode="store(28) " fcode="store"/>
<opset="store_ln239/1 "/>
</bind>
</comp>

<comp id="165" class="1004" name="j_61_load_fu_165">
<pin_list>
<pin id="166" dir="0" index="0" bw="4" slack="0"/>
<pin id="167" dir="1" index="1" bw="4" slack="0"/>
</pin_list>
<bind>
<opcode="load(27) " fcode="load"/>
<opset="j_61/1 "/>
</bind>
</comp>

<comp id="168" class="1004" name="icmp_ln245_fu_168">
<pin_list>
<pin id="169" dir="0" index="0" bw="4" slack="0"/>
<pin id="170" dir="0" index="1" bw="4" slack="0"/>
<pin id="171" dir="1" index="2" bw="1" slack="2"/>
</pin_list>
<bind>
<opcode="icmp(45) " fcode="icmp"/>
<opset="icmp_ln245/1 "/>
</bind>
</comp>

<comp id="174" class="1004" name="add_ln245_fu_174">
<pin_list>
<pin id="175" dir="0" index="0" bw="4" slack="0"/>
<pin id="176" dir="0" index="1" bw="1" slack="0"/>
<pin id="177" dir="1" index="2" bw="4" slack="0"/>
</pin_list>
<bind>
<opcode="add(8) " fcode="add"/>
<opset="add_ln245/1 "/>
</bind>
</comp>

<comp id="180" class="1004" name="zext_ln245_fu_180">
<pin_list>
<pin id="181" dir="0" index="0" bw="4" slack="0"/>
<pin id="182" dir="1" index="1" bw="64" slack="0"/>
</pin_list>
<bind>
<opcode="zext(34) " fcode="zext"/>
<opset="zext_ln245/1 "/>
</bind>
</comp>

<comp id="185" class="1004" name="trunc_ln245_fu_185">
<pin_list>
<pin id="186" dir="0" index="0" bw="4" slack="0"/>
<pin id="187" dir="1" index="1" bw="3" slack="0"/>
</pin_list>
<bind>
<opcode="trunc(33) " fcode="trunc"/>
<opset="trunc_ln245/1 "/>
</bind>
</comp>

<comp id="189" class="1004" name="sub_ln246_fu_189">
<pin_list>
<pin id="190" dir="0" index="0" bw="3" slack="0"/>
<pin id="191" dir="0" index="1" bw="3" slack="0"/>
<pin id="192" dir="1" index="2" bw="3" slack="0"/>
</pin_list>
<bind>
<opcode="sub(10) " fcode="sub"/>
<opset="sub_ln246/1 "/>
</bind>
</comp>

<comp id="195" class="1004" name="zext_ln246_fu_195">
<pin_list>
<pin id="196" dir="0" index="0" bw="3" slack="0"/>
<pin id="197" dir="1" index="1" bw="64" slack="0"/>
</pin_list>
<bind>
<opcode="zext(34) " fcode="zext"/>
<opset="zext_ln246/1 "/>
</bind>
</comp>

<comp id="200" class="1004" name="store_ln238_store_fu_200">
<pin_list>
<pin id="201" dir="0" index="0" bw="4" slack="0"/>
<pin id="202" dir="0" index="1" bw="4" slack="0"/>
<pin id="203" dir="1" index="2" bw="0" slack="2147483647"/>
</pin_list>
<bind>
<opcode="store(28) " fcode="store"/>
<opset="store_ln238/1 "/>
</bind>
</comp>

<comp id="205" class="1004" name="t_112_out_load_load_fu_205">
<pin_list>
<pin id="206" dir="0" index="0" bw="4" slack="0"/>
<pin id="207" dir="1" index="1" bw="4" slack="0"/>
</pin_list>
<bind>
<opcode="load(27) " fcode="load"/>
<opset="t_112_out_load/4 "/>
</bind>
</comp>

<comp id="209" class="1004" name="u_113_out_load_load_fu_209">
<pin_list>
<pin id="210" dir="0" index="0" bw="64" slack="0"/>
<pin id="211" dir="1" index="1" bw="64" slack="0"/>
</pin_list>
<bind>
<opcode="load(27) " fcode="load"/>
<opset="u_113_out_load/4 "/>
</bind>
</comp>

<comp id="213" class="1004" name="v_114_load_load_fu_213">
<pin_list>
<pin id="214" dir="0" index="0" bw="64" slack="3"/>
<pin id="215" dir="1" index="1" bw="64" slack="0"/>
</pin_list>
<bind>
<opcode="load(27) " fcode="load"/>
<opset="v_114_load/4 "/>
</bind>
</comp>

<comp id="216" class="1004" name="UV_fu_216">
<pin_list>
<pin id="217" dir="0" index="0" bw="128" slack="0"/>
<pin id="218" dir="1" index="1" bw="64" slack="0"/>
</pin_list>
<bind>
<opcode="extractvalue(56) " fcode="extractvalue"/>
<opset="UV/4 "/>
</bind>
</comp>

<comp id="220" class="1004" name="UV_116_fu_220">
<pin_list>
<pin id="221" dir="0" index="0" bw="128" slack="0"/>
<pin id="222" dir="1" index="1" bw="64" slack="0"/>
</pin_list>
<bind>
<opcode="extractvalue(56) " fcode="extractvalue"/>
<opset="UV_116/4 "/>
</bind>
</comp>

<comp id="224" class="1004" name="v_278_fu_224">
<pin_list>
<pin id="225" dir="0" index="0" bw="64" slack="0"/>
<pin id="226" dir="0" index="1" bw="64" slack="0"/>
<pin id="227" dir="1" index="2" bw="64" slack="0"/>
</pin_list>
<bind>
<opcode="add(8) " fcode="add"/>
<opset="v_278/4 "/>
</bind>
</comp>

<comp id="230" class="1004" name="xor_ln105_fu_230">
<pin_list>
<pin id="231" dir="0" index="0" bw="64" slack="0"/>
<pin id="232" dir="0" index="1" bw="64" slack="0"/>
<pin id="233" dir="1" index="2" bw="64" slack="0"/>
</pin_list>
<bind>
<opcode="xor(25) " fcode="xor"/>
<opset="xor_ln105/4 "/>
</bind>
</comp>

<comp id="236" class="1004" name="xor_ln105_131_fu_236">
<pin_list>
<pin id="237" dir="0" index="0" bw="64" slack="0"/>
<pin id="238" dir="0" index="1" bw="64" slack="0"/>
<pin id="239" dir="1" index="2" bw="64" slack="0"/>
</pin_list>
<bind>
<opcode="xor(25) " fcode="xor"/>
<opset="xor_ln105_131/4 "/>
</bind>
</comp>

<comp id="242" class="1004" name="or_ln105_fu_242">
<pin_list>
<pin id="243" dir="0" index="0" bw="64" slack="0"/>
<pin id="244" dir="0" index="1" bw="64" slack="0"/>
<pin id="245" dir="1" index="2" bw="64" slack="0"/>
</pin_list>
<bind>
<opcode="or(24) " fcode="or"/>
<opset="or_ln105/4 "/>
</bind>
</comp>

<comp id="248" class="1004" name="xor_ln105_132_fu_248">
<pin_list>
<pin id="249" dir="0" index="0" bw="64" slack="0"/>
<pin id="250" dir="0" index="1" bw="64" slack="0"/>
<pin id="251" dir="1" index="2" bw="64" slack="0"/>
</pin_list>
<bind>
<opcode="xor(25) " fcode="xor"/>
<opset="xor_ln105_132/4 "/>
</bind>
</comp>

<comp id="254" class="1004" name="carry_fu_254">
<pin_list>
<pin id="255" dir="0" index="0" bw="1" slack="0"/>
<pin id="256" dir="0" index="1" bw="64" slack="0"/>
<pin id="257" dir="0" index="2" bw="7" slack="0"/>
<pin id="258" dir="1" index="3" bw="1" slack="0"/>
</pin_list>
<bind>
<opcode="bitselect(1000) " fcode="bitselect"/>
<opset="carry/4 "/>
</bind>
</comp>

<comp id="262" class="1004" name="zext_ln105_fu_262">
<pin_list>
<pin id="263" dir="0" index="0" bw="1" slack="0"/>
<pin id="264" dir="1" index="1" bw="64" slack="0"/>
</pin_list>
<bind>
<opcode="zext(34) " fcode="zext"/>
<opset="zext_ln105/4 "/>
</bind>
</comp>

<comp id="266" class="1004" name="tempReg_fu_266">
<pin_list>
<pin id="267" dir="0" index="0" bw="64" slack="0"/>
<pin id="268" dir="0" index="1" bw="1" slack="0"/>
<pin id="269" dir="1" index="2" bw="64" slack="0"/>
</pin_list>
<bind>
<opcode="add(8) " fcode="add"/>
<opset="tempReg/4 "/>
</bind>
</comp>

<comp id="272" class="1004" name="v_fu_272">
<pin_list>
<pin id="273" dir="0" index="0" bw="64" slack="0"/>
<pin id="274" dir="0" index="1" bw="64" slack="0"/>
<pin id="275" dir="1" index="2" bw="64" slack="0"/>
</pin_list>
<bind>
<opcode="add(8) " fcode="add"/>
<opset="v/4 "/>
</bind>
</comp>

<comp id="278" class="1004" name="xor_ln248_fu_278">
<pin_list>
<pin id="279" dir="0" index="0" bw="64" slack="0"/>
<pin id="280" dir="0" index="1" bw="64" slack="0"/>
<pin id="281" dir="1" index="2" bw="64" slack="0"/>
</pin_list>
<bind>
<opcode="xor(25) " fcode="xor"/>
<opset="xor_ln248/4 "/>
</bind>
</comp>

<comp id="284" class="1004" name="xor_ln248_79_fu_284">
<pin_list>
<pin id="285" dir="0" index="0" bw="64" slack="0"/>
<pin id="286" dir="0" index="1" bw="64" slack="0"/>
<pin id="287" dir="1" index="2" bw="64" slack="0"/>
</pin_list>
<bind>
<opcode="xor(25) " fcode="xor"/>
<opset="xor_ln248_79/4 "/>
</bind>
</comp>

<comp id="290" class="1004" name="or_ln248_fu_290">
<pin_list>
<pin id="291" dir="0" index="0" bw="64" slack="0"/>
<pin id="292" dir="0" index="1" bw="64" slack="0"/>
<pin id="293" dir="1" index="2" bw="64" slack="0"/>
</pin_list>
<bind>
<opcode="or(24) " fcode="or"/>
<opset="or_ln248/4 "/>
</bind>
</comp>

<comp id="296" class="1004" name="bit_sel_fu_296">
<pin_list>
<pin id="297" dir="0" index="0" bw="1" slack="0"/>
<pin id="298" dir="0" index="1" bw="64" slack="0"/>
<pin id="299" dir="0" index="2" bw="7" slack="0"/>
<pin id="300" dir="1" index="3" bw="1" slack="0"/>
</pin_list>
<bind>
<opcode="bitselect(1000) " fcode="bitselect"/>
<opset="bit_sel/4 "/>
</bind>
</comp>

<comp id="304" class="1004" name="xor_ln248_80_fu_304">
<pin_list>
<pin id="305" dir="0" index="0" bw="1" slack="0"/>
<pin id="306" dir="0" index="1" bw="1" slack="0"/>
<pin id="307" dir="1" index="2" bw="1" slack="0"/>
</pin_list>
<bind>
<opcode="xor(25) " fcode="xor"/>
<opset="xor_ln248_80/4 "/>
</bind>
</comp>

<comp id="310" class="1004" name="trunc_ln248_fu_310">
<pin_list>
<pin id="311" dir="0" index="0" bw="64" slack="0"/>
<pin id="312" dir="1" index="1" bw="63" slack="0"/>
</pin_list>
<bind>
<opcode="trunc(33) " fcode="trunc"/>
<opset="trunc_ln248/4 "/>
</bind>
</comp>

<comp id="314" class="1004" name="xor_ln248_s_fu_314">
<pin_list>
<pin id="315" dir="0" index="0" bw="64" slack="0"/>
<pin id="316" dir="0" index="1" bw="1" slack="0"/>
<pin id="317" dir="0" index="2" bw="63" slack="0"/>
<pin id="318" dir="1" index="3" bw="64" slack="0"/>
</pin_list>
<bind>
<opcode="bitconcatenate(1004) " fcode="bitconcatenate"/>
<opset="xor_ln248_s/4 "/>
</bind>
</comp>

<comp id="322" class="1004" name="and_ln248_fu_322">
<pin_list>
<pin id="323" dir="0" index="0" bw="64" slack="0"/>
<pin id="324" dir="0" index="1" bw="64" slack="0"/>
<pin id="325" dir="1" index="2" bw="64" slack="0"/>
</pin_list>
<bind>
<opcode="and(23) " fcode="and"/>
<opset="and_ln248/4 "/>
</bind>
</comp>

<comp id="328" class="1004" name="xor_ln248_81_fu_328">
<pin_list>
<pin id="329" dir="0" index="0" bw="64" slack="0"/>
<pin id="330" dir="0" index="1" bw="64" slack="0"/>
<pin id="331" dir="1" index="2" bw="64" slack="0"/>
</pin_list>
<bind>
<opcode="xor(25) " fcode="xor"/>
<opset="xor_ln248_81/4 "/>
</bind>
</comp>

<comp id="334" class="1004" name="or_ln248_27_fu_334">
<pin_list>
<pin id="335" dir="0" index="0" bw="64" slack="0"/>
<pin id="336" dir="0" index="1" bw="64" slack="0"/>
<pin id="337" dir="1" index="2" bw="64" slack="0"/>
</pin_list>
<bind>
<opcode="or(24) " fcode="or"/>
<opset="or_ln248_27/4 "/>
</bind>
</comp>

<comp id="340" class="1004" name="tmp_311_fu_340">
<pin_list>
<pin id="341" dir="0" index="0" bw="1" slack="0"/>
<pin id="342" dir="0" index="1" bw="64" slack="0"/>
<pin id="343" dir="0" index="2" bw="7" slack="0"/>
<pin id="344" dir="1" index="3" bw="1" slack="0"/>
</pin_list>
<bind>
<opcode="bitselect(1000) " fcode="bitselect"/>
<opset="tmp_311/4 "/>
</bind>
</comp>

<comp id="348" class="1004" name="zext_ln249_fu_348">
<pin_list>
<pin id="349" dir="0" index="0" bw="1" slack="0"/>
<pin id="350" dir="1" index="1" bw="4" slack="0"/>
</pin_list>
<bind>
<opcode="zext(34) " fcode="zext"/>
<opset="zext_ln249/4 "/>
</bind>
</comp>

<comp id="352" class="1004" name="u_fu_352">
<pin_list>
<pin id="353" dir="0" index="0" bw="1" slack="0"/>
<pin id="354" dir="0" index="1" bw="4" slack="0"/>
<pin id="355" dir="1" index="2" bw="4" slack="0"/>
</pin_list>
<bind>
<opcode="add(8) " fcode="add"/>
<opset="u/4 "/>
</bind>
</comp>

<comp id="358" class="1004" name="store_ln239_store_fu_358">
<pin_list>
<pin id="359" dir="0" index="0" bw="64" slack="0"/>
<pin id="360" dir="0" index="1" bw="64" slack="3"/>
<pin id="361" dir="1" index="2" bw="0" slack="2147483647"/>
</pin_list>
<bind>
<opcode="store(28) " fcode="store"/>
<opset="store_ln239/4 "/>
</bind>
</comp>

<comp id="363" class="1004" name="store_ln239_store_fu_363">
<pin_list>
<pin id="364" dir="0" index="0" bw="64" slack="0"/>
<pin id="365" dir="0" index="1" bw="64" slack="0"/>
<pin id="366" dir="1" index="2" bw="0" slack="2147483647"/>
</pin_list>
<bind>
<opcode="store(28) " fcode="store"/>
<opset="store_ln239/4 "/>
</bind>
</comp>

<comp id="369" class="1004" name="store_ln239_store_fu_369">
<pin_list>
<pin id="370" dir="0" index="0" bw="4" slack="0"/>
<pin id="371" dir="0" index="1" bw="4" slack="0"/>
<pin id="372" dir="1" index="2" bw="0" slack="2147483647"/>
</pin_list>
<bind>
<opcode="store(28) " fcode="store"/>
<opset="store_ln239/4 "/>
</bind>
</comp>

<comp id="375" class="1004" name="v_114_load_11_load_fu_375">
<pin_list>
<pin id="376" dir="0" index="0" bw="64" slack="2"/>
<pin id="377" dir="1" index="1" bw="64" slack="0"/>
</pin_list>
<bind>
<opcode="load(27) " fcode="load"/>
<opset="v_114_load_11/3 "/>
</bind>
</comp>

<comp id="379" class="1005" name="v_114_reg_379">
<pin_list>
<pin id="380" dir="0" index="0" bw="64" slack="0"/>
<pin id="381" dir="1" index="1" bw="64" slack="0"/>
</pin_list>
<bind>
<opset="v_114 "/>
</bind>
</comp>

<comp id="387" class="1005" name="j_reg_387">
<pin_list>
<pin id="388" dir="0" index="0" bw="4" slack="0"/>
<pin id="389" dir="1" index="1" bw="4" slack="0"/>
</pin_list>
<bind>
<opset="j "/>
</bind>
</comp>

<comp id="394" class="1005" name="icmp_ln245_reg_394">
<pin_list>
<pin id="395" dir="0" index="0" bw="1" slack="2"/>
<pin id="396" dir="1" index="1" bw="1" slack="2147483647"/>
</pin_list>
<bind>
<opset="icmp_ln245 "/>
</bind>
</comp>

<comp id="398" class="1005" name="a_addr_reg_398">
<pin_list>
<pin id="399" dir="0" index="0" bw="3" slack="1"/>
<pin id="400" dir="1" index="1" bw="3" slack="1"/>
</pin_list>
<bind>
<opset="a_addr "/>
</bind>
</comp>

<comp id="403" class="1005" name="b_addr_reg_403">
<pin_list>
<pin id="404" dir="0" index="0" bw="3" slack="1"/>
<pin id="405" dir="1" index="1" bw="3" slack="1"/>
</pin_list>
<bind>
<opset="b_addr "/>
</bind>
</comp>

<comp id="408" class="1005" name="a_load_reg_408">
<pin_list>
<pin id="409" dir="0" index="0" bw="64" slack="1"/>
<pin id="410" dir="1" index="1" bw="64" slack="1"/>
</pin_list>
<bind>
<opset="a_load "/>
</bind>
</comp>

<comp id="413" class="1005" name="b_load_reg_413">
<pin_list>
<pin id="414" dir="0" index="0" bw="64" slack="1"/>
<pin id="415" dir="1" index="1" bw="64" slack="1"/>
</pin_list>
<bind>
<opset="b_load "/>
</bind>
</comp>

</comp_list>

<net_list>
<net id="71"><net_src comp="18" pin="0"/><net_sink comp="68" pin=0"/></net>

<net id="75"><net_src comp="18" pin="0"/><net_sink comp="72" pin=0"/></net>

<net id="80"><net_src comp="20" pin="0"/><net_sink comp="76" pin=0"/></net>

<net id="81"><net_src comp="8" pin="0"/><net_sink comp="76" pin=1"/></net>

<net id="86"><net_src comp="22" pin="0"/><net_sink comp="82" pin=0"/></net>

<net id="87"><net_src comp="4" pin="0"/><net_sink comp="82" pin=1"/></net>

<net id="92"><net_src comp="22" pin="0"/><net_sink comp="88" pin=0"/></net>

<net id="93"><net_src comp="2" pin="0"/><net_sink comp="88" pin=1"/></net>

<net id="98"><net_src comp="24" pin="0"/><net_sink comp="94" pin=0"/></net>

<net id="99"><net_src comp="0" pin="0"/><net_sink comp="94" pin=1"/></net>

<net id="105"><net_src comp="66" pin="0"/><net_sink comp="100" pin=0"/></net>

<net id="106"><net_src comp="12" pin="0"/><net_sink comp="100" pin=1"/></net>

<net id="112"><net_src comp="6" pin="0"/><net_sink comp="107" pin=0"/></net>

<net id="113"><net_src comp="30" pin="0"/><net_sink comp="107" pin=1"/></net>

<net id="119"><net_src comp="107" pin="3"/><net_sink comp="114" pin=0"/></net>

<net id="125"><net_src comp="10" pin="0"/><net_sink comp="120" pin=0"/></net>

<net id="126"><net_src comp="30" pin="0"/><net_sink comp="120" pin=1"/></net>

<net id="132"><net_src comp="120" pin="3"/><net_sink comp="127" pin=0"/></net>

<net id="138"><net_src comp="32" pin="0"/><net_sink comp="133" pin=0"/></net>

<net id="142"><net_src comp="88" pin="2"/><net_sink comp="139" pin=0"/></net>

<net id="147"><net_src comp="26" pin="0"/><net_sink comp="143" pin=0"/></net>

<net id="152"><net_src comp="94" pin="2"/><net_sink comp="148" pin=0"/></net>

<net id="157"><net_src comp="139" pin="1"/><net_sink comp="153" pin=0"/></net>

<net id="158"><net_src comp="14" pin="0"/><net_sink comp="153" pin=1"/></net>

<net id="163"><net_src comp="26" pin="0"/><net_sink comp="159" pin=0"/></net>

<net id="164"><net_src comp="16" pin="0"/><net_sink comp="159" pin=1"/></net>

<net id="172"><net_src comp="165" pin="1"/><net_sink comp="168" pin=0"/></net>

<net id="173"><net_src comp="82" pin="2"/><net_sink comp="168" pin=1"/></net>

<net id="178"><net_src comp="165" pin="1"/><net_sink comp="174" pin=0"/></net>

<net id="179"><net_src comp="28" pin="0"/><net_sink comp="174" pin=1"/></net>

<net id="183"><net_src comp="165" pin="1"/><net_sink comp="180" pin=0"/></net>

<net id="184"><net_src comp="180" pin="1"/><net_sink comp="107" pin=2"/></net>

<net id="188"><net_src comp="165" pin="1"/><net_sink comp="185" pin=0"/></net>

<net id="193"><net_src comp="76" pin="2"/><net_sink comp="189" pin=0"/></net>

<net id="194"><net_src comp="185" pin="1"/><net_sink comp="189" pin=1"/></net>

<net id="198"><net_src comp="189" pin="2"/><net_sink comp="195" pin=0"/></net>

<net id="199"><net_src comp="195" pin="1"/><net_sink comp="120" pin=2"/></net>

<net id="204"><net_src comp="174" pin="2"/><net_sink comp="200" pin=0"/></net>

<net id="208"><net_src comp="16" pin="0"/><net_sink comp="205" pin=0"/></net>

<net id="212"><net_src comp="14" pin="0"/><net_sink comp="209" pin=0"/></net>

<net id="219"><net_src comp="133" pin="3"/><net_sink comp="216" pin=0"/></net>

<net id="223"><net_src comp="133" pin="3"/><net_sink comp="220" pin=0"/></net>

<net id="228"><net_src comp="216" pin="1"/><net_sink comp="224" pin=0"/></net>

<net id="229"><net_src comp="213" pin="1"/><net_sink comp="224" pin=1"/></net>

<net id="234"><net_src comp="224" pin="2"/><net_sink comp="230" pin=0"/></net>

<net id="235"><net_src comp="216" pin="1"/><net_sink comp="230" pin=1"/></net>

<net id="240"><net_src comp="216" pin="1"/><net_sink comp="236" pin=0"/></net>

<net id="241"><net_src comp="213" pin="1"/><net_sink comp="236" pin=1"/></net>

<net id="246"><net_src comp="230" pin="2"/><net_sink comp="242" pin=0"/></net>

<net id="247"><net_src comp="236" pin="2"/><net_sink comp="242" pin=1"/></net>

<net id="252"><net_src comp="242" pin="2"/><net_sink comp="248" pin=0"/></net>

<net id="253"><net_src comp="224" pin="2"/><net_sink comp="248" pin=1"/></net>

<net id="259"><net_src comp="54" pin="0"/><net_sink comp="254" pin=0"/></net>

<net id="260"><net_src comp="248" pin="2"/><net_sink comp="254" pin=1"/></net>

<net id="261"><net_src comp="56" pin="0"/><net_sink comp="254" pin=2"/></net>

<net id="265"><net_src comp="254" pin="3"/><net_sink comp="262" pin=0"/></net>

<net id="270"><net_src comp="220" pin="1"/><net_sink comp="266" pin=0"/></net>

<net id="271"><net_src comp="262" pin="1"/><net_sink comp="266" pin=1"/></net>

<net id="276"><net_src comp="266" pin="2"/><net_sink comp="272" pin=0"/></net>

<net id="277"><net_src comp="209" pin="1"/><net_sink comp="272" pin=1"/></net>

<net id="282"><net_src comp="272" pin="2"/><net_sink comp="278" pin=0"/></net>

<net id="283"><net_src comp="266" pin="2"/><net_sink comp="278" pin=1"/></net>

<net id="288"><net_src comp="266" pin="2"/><net_sink comp="284" pin=0"/></net>

<net id="289"><net_src comp="209" pin="1"/><net_sink comp="284" pin=1"/></net>

<net id="294"><net_src comp="278" pin="2"/><net_sink comp="290" pin=0"/></net>

<net id="295"><net_src comp="284" pin="2"/><net_sink comp="290" pin=1"/></net>

<net id="301"><net_src comp="58" pin="0"/><net_sink comp="296" pin=0"/></net>

<net id="302"><net_src comp="266" pin="2"/><net_sink comp="296" pin=1"/></net>

<net id="303"><net_src comp="60" pin="0"/><net_sink comp="296" pin=2"/></net>

<net id="308"><net_src comp="296" pin="3"/><net_sink comp="304" pin=0"/></net>

<net id="309"><net_src comp="62" pin="0"/><net_sink comp="304" pin=1"/></net>

<net id="313"><net_src comp="266" pin="2"/><net_sink comp="310" pin=0"/></net>

<net id="319"><net_src comp="64" pin="0"/><net_sink comp="314" pin=0"/></net>

<net id="320"><net_src comp="304" pin="2"/><net_sink comp="314" pin=1"/></net>

<net id="321"><net_src comp="310" pin="1"/><net_sink comp="314" pin=2"/></net>

<net id="326"><net_src comp="314" pin="3"/><net_sink comp="322" pin=0"/></net>

<net id="327"><net_src comp="220" pin="1"/><net_sink comp="322" pin=1"/></net>

<net id="332"><net_src comp="290" pin="2"/><net_sink comp="328" pin=0"/></net>

<net id="333"><net_src comp="272" pin="2"/><net_sink comp="328" pin=1"/></net>

<net id="338"><net_src comp="328" pin="2"/><net_sink comp="334" pin=0"/></net>

<net id="339"><net_src comp="322" pin="2"/><net_sink comp="334" pin=1"/></net>

<net id="345"><net_src comp="54" pin="0"/><net_sink comp="340" pin=0"/></net>

<net id="346"><net_src comp="334" pin="2"/><net_sink comp="340" pin=1"/></net>

<net id="347"><net_src comp="56" pin="0"/><net_sink comp="340" pin=2"/></net>

<net id="351"><net_src comp="340" pin="3"/><net_sink comp="348" pin=0"/></net>

<net id="356"><net_src comp="348" pin="1"/><net_sink comp="352" pin=0"/></net>

<net id="357"><net_src comp="205" pin="1"/><net_sink comp="352" pin=1"/></net>

<net id="362"><net_src comp="224" pin="2"/><net_sink comp="358" pin=0"/></net>

<net id="367"><net_src comp="272" pin="2"/><net_sink comp="363" pin=0"/></net>

<net id="368"><net_src comp="14" pin="0"/><net_sink comp="363" pin=1"/></net>

<net id="373"><net_src comp="352" pin="2"/><net_sink comp="369" pin=0"/></net>

<net id="374"><net_src comp="16" pin="0"/><net_sink comp="369" pin=1"/></net>

<net id="378"><net_src comp="375" pin="1"/><net_sink comp="100" pin=2"/></net>

<net id="382"><net_src comp="68" pin="1"/><net_sink comp="379" pin=0"/></net>

<net id="383"><net_src comp="379" pin="1"/><net_sink comp="148" pin=1"/></net>

<net id="384"><net_src comp="379" pin="1"/><net_sink comp="213" pin=0"/></net>

<net id="385"><net_src comp="379" pin="1"/><net_sink comp="358" pin=1"/></net>

<net id="386"><net_src comp="379" pin="1"/><net_sink comp="375" pin=0"/></net>

<net id="390"><net_src comp="72" pin="1"/><net_sink comp="387" pin=0"/></net>

<net id="391"><net_src comp="387" pin="1"/><net_sink comp="143" pin=1"/></net>

<net id="392"><net_src comp="387" pin="1"/><net_sink comp="165" pin=0"/></net>

<net id="393"><net_src comp="387" pin="1"/><net_sink comp="200" pin=1"/></net>

<net id="397"><net_src comp="168" pin="2"/><net_sink comp="394" pin=0"/></net>

<net id="401"><net_src comp="107" pin="3"/><net_sink comp="398" pin=0"/></net>

<net id="402"><net_src comp="398" pin="1"/><net_sink comp="114" pin=0"/></net>

<net id="406"><net_src comp="120" pin="3"/><net_sink comp="403" pin=0"/></net>

<net id="407"><net_src comp="403" pin="1"/><net_sink comp="127" pin=0"/></net>

<net id="411"><net_src comp="114" pin="3"/><net_sink comp="408" pin=0"/></net>

<net id="412"><net_src comp="408" pin="1"/><net_sink comp="133" pin=1"/></net>

<net id="416"><net_src comp="127" pin="3"/><net_sink comp="413" pin=0"/></net>

<net id="417"><net_src comp="413" pin="1"/><net_sink comp="133" pin=2"/></net>

</net_list>

</model> 
---------------- Datapath Model END ------------------

* FSMD analyzer results:
  - Output states:
	Port: a | {}
	Port: b | {}
	Port: v_114_out | {3 }
	Port: u_113_out | {1 4 }
	Port: t_112_out | {1 4 }
 - Input state : 
	Port: mp_mul.1218_Pipeline_VITIS_LOOP_245_2 : v_017 | {1 }
	Port: mp_mul.1218_Pipeline_VITIS_LOOP_245_2 : zext_ln243 | {1 }
	Port: mp_mul.1218_Pipeline_VITIS_LOOP_245_2 : indvars_iv31 | {1 }
	Port: mp_mul.1218_Pipeline_VITIS_LOOP_245_2 : a | {1 2 }
	Port: mp_mul.1218_Pipeline_VITIS_LOOP_245_2 : empty | {1 }
	Port: mp_mul.1218_Pipeline_VITIS_LOOP_245_2 : b | {1 2 }
	Port: mp_mul.1218_Pipeline_VITIS_LOOP_245_2 : u_113_out | {4 }
	Port: mp_mul.1218_Pipeline_VITIS_LOOP_245_2 : t_112_out | {4 }
  - Chain level:
	State 1
		store_ln238 : 1
		store_ln239 : 1
		j_61 : 1
		icmp_ln245 : 2
		add_ln245 : 2
		br_ln245 : 3
		zext_ln245 : 2
		trunc_ln245 : 2
		a_addr : 3
		a_load : 4
		sub_ln246 : 3
		zext_ln246 : 4
		b_addr : 5
		b_load : 6
		store_ln238 : 3
	State 2
	State 3
		write_ln0 : 1
	State 4
		UV : 1
		UV_116 : 1
		v_278 : 2
		xor_ln105 : 3
		xor_ln105_131 : 2
		or_ln105 : 3
		xor_ln105_132 : 3
		carry : 3
		zext_ln105 : 4
		tempReg : 5
		v : 6
		xor_ln248 : 7
		xor_ln248_79 : 6
		or_ln248 : 7
		bit_sel : 6
		xor_ln248_80 : 7
		trunc_ln248 : 6
		xor_ln248_s : 7
		and_ln248 : 8
		xor_ln248_81 : 7
		or_ln248_27 : 8
		tmp_311 : 8
		zext_ln249 : 9
		u : 10
		store_ln239 : 3
		store_ln239 : 7
		store_ln239 : 11


============================================================
+ Verbose Summary: Datapath Resource usage 
============================================================

* Functional unit list:
|----------|------------------------------|---------|---------|---------|
| Operation|        Functional Unit       |   DSP   |    FF   |   LUT   |
|----------|------------------------------|---------|---------|---------|
|   call   |   grp_digit_x_digit_fu_133   |    16   |   130   |   476   |
|----------|------------------------------|---------|---------|---------|
|          |       xor_ln105_fu_230       |    0    |    0    |    64   |
|          |     xor_ln105_131_fu_236     |    0    |    0    |    64   |
|          |     xor_ln105_132_fu_248     |    0    |    0    |    64   |
|    xor   |       xor_ln248_fu_278       |    0    |    0    |    64   |
|          |      xor_ln248_79_fu_284     |    0    |    0    |    64   |
|          |      xor_ln248_80_fu_304     |    0    |    0    |    2    |
|          |      xor_ln248_81_fu_328     |    0    |    0    |    64   |
|----------|------------------------------|---------|---------|---------|
|          |       add_ln245_fu_174       |    0    |    0    |    12   |
|          |         v_278_fu_224         |    0    |    0    |    71   |
|    add   |        tempReg_fu_266        |    0    |    0    |    71   |
|          |           v_fu_272           |    0    |    0    |    71   |
|          |           u_fu_352           |    0    |    0    |    12   |
|----------|------------------------------|---------|---------|---------|
|          |        or_ln105_fu_242       |    0    |    0    |    64   |
|    or    |        or_ln248_fu_290       |    0    |    0    |    64   |
|          |      or_ln248_27_fu_334      |    0    |    0    |    64   |
|----------|------------------------------|---------|---------|---------|
|    and   |       and_ln248_fu_322       |    0    |    0    |    64   |
|----------|------------------------------|---------|---------|---------|
|   icmp   |       icmp_ln245_fu_168      |    0    |    0    |    12   |
|----------|------------------------------|---------|---------|---------|
|    sub   |       sub_ln246_fu_189       |    0    |    0    |    10   |
|----------|------------------------------|---------|---------|---------|
|          |        tmp_read_fu_76        |    0    |    0    |    0    |
|   read   | indvars_iv31_read_read_fu_82 |    0    |    0    |    0    |
|          |  zext_ln243_read_read_fu_88  |    0    |    0    |    0    |
|          |     v_017_read_read_fu_94    |    0    |    0    |    0    |
|----------|------------------------------|---------|---------|---------|
|   write  |    write_ln0_write_fu_100    |    0    |    0    |    0    |
|----------|------------------------------|---------|---------|---------|
|          |    zext_ln243_cast_fu_139    |    0    |    0    |    0    |
|          |       zext_ln245_fu_180      |    0    |    0    |    0    |
|   zext   |       zext_ln246_fu_195      |    0    |    0    |    0    |
|          |       zext_ln105_fu_262      |    0    |    0    |    0    |
|          |       zext_ln249_fu_348      |    0    |    0    |    0    |
|----------|------------------------------|---------|---------|---------|
|   trunc  |      trunc_ln245_fu_185      |    0    |    0    |    0    |
|          |      trunc_ln248_fu_310      |    0    |    0    |    0    |
|----------|------------------------------|---------|---------|---------|
|extractvalue|           UV_fu_216          |    0    |    0    |    0    |
|          |         UV_116_fu_220        |    0    |    0    |    0    |
|----------|------------------------------|---------|---------|---------|
|          |         carry_fu_254         |    0    |    0    |    0    |
| bitselect|        bit_sel_fu_296        |    0    |    0    |    0    |
|          |        tmp_311_fu_340        |    0    |    0    |    0    |
|----------|------------------------------|---------|---------|---------|
|bitconcatenate|      xor_ln248_s_fu_314      |    0    |    0    |    0    |
|----------|------------------------------|---------|---------|---------|
|   Total  |                              |    16   |   130   |   1377  |
|----------|------------------------------|---------|---------|---------|

Memories:
N/A

* Register list:
+------------------+--------+
|                  |   FF   |
+------------------+--------+
|  a_addr_reg_398  |    3   |
|  a_load_reg_408  |   64   |
|  b_addr_reg_403  |    3   |
|  b_load_reg_413  |   64   |
|icmp_ln245_reg_394|    1   |
|     j_reg_387    |    4   |
|   v_114_reg_379  |   64   |
+------------------+--------+
|       Total      |   203  |
+------------------+--------+

* Multiplexer (MUX) list: 
|-------------------|------|------|------|--------||---------||---------||---------|
|        Comp       |  Pin | Size |  BW  | S x BW ||  Delay  ||    FF   ||   LUT   |
|-------------------|------|------|------|--------||---------||---------||---------|
| grp_access_fu_114 |  p0  |   2  |   3  |    6   ||    0    ||    9    |
| grp_access_fu_127 |  p0  |   2  |   3  |    6   ||    0    ||    9    |
|-------------------|------|------|------|--------||---------||---------||---------|
|       Total       |      |      |      |   12   ||  0.774  ||    0    ||    18   |
|-------------------|------|------|------|--------||---------||---------||---------|



* Summary:
+-----------+--------+--------+--------+--------+
|           |   DSP  |  Delay |   FF   |   LUT  |
+-----------+--------+--------+--------+--------+
|  Function |   16   |    -   |   130  |  1377  |
|   Memory  |    -   |    -   |    -   |    -   |
|Multiplexer|    -   |    0   |    0   |   18   |
|  Register |    -   |    -   |   203  |    -   |
+-----------+--------+--------+--------+--------+
|   Total   |   16   |    0   |   333  |  1395  |
+-----------+--------+--------+--------+--------+
