

================================================================
== Vitis HLS Report for 'mp_mul_9260_Pipeline_VITIS_LOOP_208_4'
================================================================
* Date:           Wed Jul 30 15:02:26 2025

* Version:        2024.2.2 (Build 6049644 on Mar  5 2025)
* Project:        sikep503_hls
* Solution:       solution1 (Vivado IP Flow Target)
* Product family: virtexuplus58g
* Target device:  xcvu29p-fsga2577-2L-e


================================================================
== Performance Estimates
================================================================
+ Timing: 
    * Summary: 
    +--------+----------+----------+------------+
    |  Clock |  Target  | Estimated| Uncertainty|
    +--------+----------+----------+------------+
    |ap_clk  |  10.00 ns|  5.940 ns|     2.70 ns|
    +--------+----------+----------+------------+

+ Latency: 
    * Summary: 
    +---------+---------+-----------+-----------+-----+-----+------------------------------------------------+
    |  Latency (cycles) |   Latency (absolute)  |  Interval |                    Pipeline                    |
    |   min   |   max   |    min    |    max    | min | max |                      Type                      |
    +---------+---------+-----------+-----------+-----+-----+------------------------------------------------+
    |        3|        9|  30.000 ns|  90.000 ns|    2|    8|  loop auto-rewind stp (delay=0 clock cycles(s))|
    +---------+---------+-----------+-----------+-----+-----+------------------------------------------------+

    + Detail: 
        * Instance: 
        +---------------------------------+-------------------+---------+---------+----------+----------+-----+-----+---------+
        |                                 |                   |  Latency (cycles) |  Latency (absolute) |  Interval | Pipeline|
        |             Instance            |       Module      |   min   |   max   |    min   |    max   | min | max |   Type  |
        +---------------------------------+-------------------+---------+---------+----------+----------+-----+-----+---------+
        |tmp_26_digit_x_digit_hls_fu_250  |digit_x_digit_hls  |        0|        0|      0 ns|      0 ns|    1|    1|      yes|
        +---------------------------------+-------------------+---------+---------+----------+----------+-----+-----+---------+

        * Loop: 
        +--------------------+---------+---------+----------+-----------+-----------+-------+----------+
        |                    |  Latency (cycles) | Iteration|  Initiation Interval  |  Trip |          |
        |      Loop Name     |   min   |   max   |  Latency |  achieved |   target  | Count | Pipelined|
        +--------------------+---------+---------+----------+-----------+-----------+-------+----------+
        |- VITIS_LOOP_208_4  |        1|        7|         2|          1|          1|  1 ~ 7|       yes|
        +--------------------+---------+---------+----------+-----------+-----------+-------+----------+

============================================================
+ Verbose Summary: Synthesis Manager
============================================================
InlineROM: 1
ExposeGlobal: 0
============================================================
+ Verbose Summary: CDFG Model
============================================================
IsTopModel: 0
ResetActiveHigh: 1
IsCombinational: 0
IsDatapathOnly: 0
HasWiredReturn: 1
HasMFsm: 2
HasVarLatency: 1
IsPipeline: 0
IsRtlPipelined: 0
IsInstanceOverlapped: 0
IsDontTouch: 0
HasImplIP: 0
IsGatedGlobalClock: 0

+ Individual pipeline summary: 
  * Pipeline-0: initiation interval (II) = 1, depth = 2


============================================================
+ Verbose Summary: Schedule
============================================================
* Number of FSM states : 2
* Pipeline : 1
  Pipeline-0 : II = 1, D = 2, States = { 1 2 }
* Dataflow Pipeline: 0

* FSM state transitions: 
1 --> 2 
2 --> 

* FSM state operations: 

State 1 <SV = 0> <Delay = 5.94>
ST_1 : Operation 5 [1/1] (0.00ns)   --->   "%t = alloca i32 1" [src/generic/fp_generic.cpp:181]   --->   Operation 5 'alloca' 't' <Predicate = true> <Delay = 0.00>
ST_1 : Operation 6 [1/1] (0.00ns)   --->   "%v_137 = alloca i32 1" [src/generic/fp_generic.cpp:181]   --->   Operation 6 'alloca' 'v_137' <Predicate = true> <Delay = 0.00>
ST_1 : Operation 7 [1/1] (0.00ns)   --->   "%j_14 = alloca i32 1" [src/generic/fp_generic.cpp:180]   --->   Operation 7 'alloca' 'j_14' <Predicate = true> <Delay = 0.00>
ST_1 : Operation 8 [1/1] (0.00ns)   --->   "%t1_i205_7_load_read = read i64 @_ssdm_op_Read.ap_auto.i64, i64 %t1_i205_7_load"   --->   Operation 8 'read' 't1_i205_7_load_read' <Predicate = true> <Delay = 0.00>
ST_1 : Operation 9 [1/1] (0.00ns)   --->   "%t1_i205_6_load_read = read i64 @_ssdm_op_Read.ap_auto.i64, i64 %t1_i205_6_load"   --->   Operation 9 'read' 't1_i205_6_load_read' <Predicate = true> <Delay = 0.00>
ST_1 : Operation 10 [1/1] (0.00ns)   --->   "%t1_i205_5_load_read = read i64 @_ssdm_op_Read.ap_auto.i64, i64 %t1_i205_5_load"   --->   Operation 10 'read' 't1_i205_5_load_read' <Predicate = true> <Delay = 0.00>
ST_1 : Operation 11 [1/1] (0.00ns)   --->   "%t1_i205_4_load_read = read i64 @_ssdm_op_Read.ap_auto.i64, i64 %t1_i205_4_load"   --->   Operation 11 'read' 't1_i205_4_load_read' <Predicate = true> <Delay = 0.00>
ST_1 : Operation 12 [1/1] (0.00ns)   --->   "%t1_i205_3_load_read = read i64 @_ssdm_op_Read.ap_auto.i64, i64 %t1_i205_3_load"   --->   Operation 12 'read' 't1_i205_3_load_read' <Predicate = true> <Delay = 0.00>
ST_1 : Operation 13 [1/1] (0.00ns)   --->   "%t1_i205_2_load_read = read i64 @_ssdm_op_Read.ap_auto.i64, i64 %t1_i205_2_load"   --->   Operation 13 'read' 't1_i205_2_load_read' <Predicate = true> <Delay = 0.00>
ST_1 : Operation 14 [1/1] (0.00ns)   --->   "%t1_i205_1_load_read = read i64 @_ssdm_op_Read.ap_auto.i64, i64 %t1_i205_1_load"   --->   Operation 14 'read' 't1_i205_1_load_read' <Predicate = true> <Delay = 0.00>
ST_1 : Operation 15 [1/1] (0.00ns)   --->   "%tmp = read i3 @_ssdm_op_Read.ap_auto.i3, i3 %empty"   --->   Operation 15 'read' 'tmp' <Predicate = true> <Delay = 0.00>
ST_1 : Operation 16 [1/1] (0.00ns)   --->   "%t0_i204_7_load_read = read i64 @_ssdm_op_Read.ap_auto.i64, i64 %t0_i204_7_load"   --->   Operation 16 'read' 't0_i204_7_load_read' <Predicate = true> <Delay = 0.00>
ST_1 : Operation 17 [1/1] (0.00ns)   --->   "%t0_i204_6_load_read = read i64 @_ssdm_op_Read.ap_auto.i64, i64 %t0_i204_6_load"   --->   Operation 17 'read' 't0_i204_6_load_read' <Predicate = true> <Delay = 0.00>
ST_1 : Operation 18 [1/1] (0.00ns)   --->   "%t0_i204_5_load_read = read i64 @_ssdm_op_Read.ap_auto.i64, i64 %t0_i204_5_load"   --->   Operation 18 'read' 't0_i204_5_load_read' <Predicate = true> <Delay = 0.00>
ST_1 : Operation 19 [1/1] (0.00ns)   --->   "%t0_i204_4_load_read = read i64 @_ssdm_op_Read.ap_auto.i64, i64 %t0_i204_4_load"   --->   Operation 19 'read' 't0_i204_4_load_read' <Predicate = true> <Delay = 0.00>
ST_1 : Operation 20 [1/1] (0.00ns)   --->   "%t0_i204_3_load_read = read i64 @_ssdm_op_Read.ap_auto.i64, i64 %t0_i204_3_load"   --->   Operation 20 'read' 't0_i204_3_load_read' <Predicate = true> <Delay = 0.00>
ST_1 : Operation 21 [1/1] (0.00ns)   --->   "%t0_i204_2_load_read = read i64 @_ssdm_op_Read.ap_auto.i64, i64 %t0_i204_2_load"   --->   Operation 21 'read' 't0_i204_2_load_read' <Predicate = true> <Delay = 0.00>
ST_1 : Operation 22 [1/1] (0.00ns)   --->   "%t0_i204_1_load_read = read i64 @_ssdm_op_Read.ap_auto.i64, i64 %t0_i204_1_load"   --->   Operation 22 'read' 't0_i204_1_load_read' <Predicate = true> <Delay = 0.00>
ST_1 : Operation 23 [1/1] (0.00ns)   --->   "%zext_ln206_read = read i4 @_ssdm_op_Read.ap_auto.i4, i4 %zext_ln206"   --->   Operation 23 'read' 'zext_ln206_read' <Predicate = true> <Delay = 0.00>
ST_1 : Operation 24 [1/1] (0.00ns)   --->   "%v_read = read i64 @_ssdm_op_Read.ap_auto.i64, i64 %v"   --->   Operation 24 'read' 'v_read' <Predicate = true> <Delay = 0.00>
ST_1 : Operation 25 [1/1] (0.00ns)   --->   "%indvars_iv_read = read i3 @_ssdm_op_Read.ap_auto.i3, i3 %indvars_iv"   --->   Operation 25 'read' 'indvars_iv_read' <Predicate = true> <Delay = 0.00>
ST_1 : Operation 26 [1/1] (0.00ns)   --->   "%zext_ln206_cast = zext i4 %zext_ln206_read"   --->   Operation 26 'zext' 'zext_ln206_cast' <Predicate = true> <Delay = 0.00>
ST_1 : Operation 27 [1/1] (0.00ns)   --->   "%indvars_iv_cast = zext i3 %indvars_iv_read"   --->   Operation 27 'zext' 'indvars_iv_cast' <Predicate = true> <Delay = 0.00>
ST_1 : Operation 28 [1/1] (0.38ns)   --->   "%store_ln180 = store i4 %indvars_iv_cast, i4 %j_14" [src/generic/fp_generic.cpp:180]   --->   Operation 28 'store' 'store_ln180' <Predicate = true> <Delay = 0.38>
ST_1 : Operation 29 [1/1] (0.38ns)   --->   "%store_ln181 = store i64 %v_read, i64 %v_137" [src/generic/fp_generic.cpp:181]   --->   Operation 29 'store' 'store_ln181' <Predicate = true> <Delay = 0.38>
ST_1 : Operation 30 [1/1] (0.38ns)   --->   "%store_ln181 = store i64 %zext_ln206_cast, i64 %u_129_out" [src/generic/fp_generic.cpp:181]   --->   Operation 30 'store' 'store_ln181' <Predicate = true> <Delay = 0.38>
ST_1 : Operation 31 [1/1] (0.38ns)   --->   "%store_ln181 = store i3 0, i3 %t" [src/generic/fp_generic.cpp:181]   --->   Operation 31 'store' 'store_ln181' <Predicate = true> <Delay = 0.38>
ST_1 : Operation 32 [1/1] (0.00ns)   --->   "%br_ln0 = br void %for.inc65"   --->   Operation 32 'br' 'br_ln0' <Predicate = true> <Delay = 0.00>
ST_1 : Operation 33 [1/1] (0.00ns)   --->   "%j = load i4 %j_14" [src/generic/fp_generic.cpp:208]   --->   Operation 33 'load' 'j' <Predicate = true> <Delay = 0.00>
ST_1 : Operation 34 [1/1] (0.70ns)   --->   "%icmp_ln208 = icmp_eq  i4 %j, i4 8" [src/generic/fp_generic.cpp:208]   --->   Operation 34 'icmp' 'icmp_ln208' <Predicate = true> <Delay = 0.70> <CoreInst = "Cmp">   --->   Core 9 'Cmp' <Latency = 0> <II = 1> <Delay = 0.70> <FuncUnit> <Opcode : 'seteq' 'setne' 'setle' 'setge' 'setlt' 'setgt'> <InPorts = 2> <OutPorts = 1>
ST_1 : Operation 35 [1/1] (0.00ns)   --->   "%br_ln208 = br i1 %icmp_ln208, void %for.inc65.split, void %for.inc70.exitStub" [src/generic/fp_generic.cpp:208]   --->   Operation 35 'br' 'br_ln208' <Predicate = true> <Delay = 0.00>
ST_1 : Operation 36 [1/1] (0.00ns)   --->   "%trunc_ln208 = trunc i4 %j" [src/generic/fp_generic.cpp:208]   --->   Operation 36 'trunc' 'trunc_ln208' <Predicate = (!icmp_ln208)> <Delay = 0.00>
ST_1 : Operation 37 [1/1] (0.55ns)   --->   "%tmp_s = sparsemux i64 @_ssdm_op_SparseMux.ap_auto.7i64.i64.i3, i3 1, i64 %t0_i204_1_load_read, i3 2, i64 %t0_i204_2_load_read, i3 3, i64 %t0_i204_3_load_read, i3 4, i64 %t0_i204_4_load_read, i3 5, i64 %t0_i204_5_load_read, i3 6, i64 %t0_i204_6_load_read, i3 7, i64 %t0_i204_7_load_read, i64 0, i3 %trunc_ln208" [src/generic/fp_generic.cpp:210]   --->   Operation 37 'sparsemux' 'tmp_s' <Predicate = (!icmp_ln208)> <Delay = 0.55> <CoreInst = "BinarySparseMux_DontCare">   --->   Core 159 'BinarySparseMux_DontCare' <Latency = 0> <II = 1> <Delay = 0.55> <FuncUnit> <Opcode : 'sparsemux'> <InPorts = 2> <OutPorts = 1>
ST_1 : Operation 38 [1/1] (0.57ns)   --->   "%sub_ln210 = sub i3 %tmp, i3 %trunc_ln208" [src/generic/fp_generic.cpp:210]   --->   Operation 38 'sub' 'sub_ln210' <Predicate = (!icmp_ln208)> <Delay = 0.57> <CoreInst = "Adder">   --->   Core 1 'Adder' <Latency = 0> <II = 1> <Delay = 0.57> <FuncUnit> <Opcode : 'add' 'sub'> <InPorts = 2> <OutPorts = 1>
ST_1 : Operation 39 [1/1] (0.55ns)   --->   "%tmp_25 = sparsemux i64 @_ssdm_op_SparseMux.ap_auto.7i64.i64.i3, i3 1, i64 %t1_i205_1_load_read, i3 2, i64 %t1_i205_2_load_read, i3 3, i64 %t1_i205_3_load_read, i3 4, i64 %t1_i205_4_load_read, i3 5, i64 %t1_i205_5_load_read, i3 6, i64 %t1_i205_6_load_read, i3 7, i64 %t1_i205_7_load_read, i64 0, i3 %sub_ln210" [src/generic/fp_generic.cpp:210]   --->   Operation 39 'sparsemux' 'tmp_25' <Predicate = (!icmp_ln208)> <Delay = 0.55> <CoreInst = "BinarySparseMux_DontCare">   --->   Core 159 'BinarySparseMux_DontCare' <Latency = 0> <II = 1> <Delay = 0.55> <FuncUnit> <Opcode : 'sparsemux'> <InPorts = 2> <OutPorts = 1>
ST_1 : Operation 40 [1/1] (4.43ns)   --->   "%tmp_26 = call i128 @digit_x_digit_hls, i64 %tmp_s, i64 %tmp_25" [src/generic/fp_generic.cpp:210]   --->   Operation 40 'call' 'tmp_26' <Predicate = (!icmp_ln208)> <Delay = 4.43> <CoreType = "Generic">   --->   Generic Core
ST_1 : Operation 41 [1/1] (0.00ns)   --->   "%lo = trunc i128 %tmp_26" [src/generic/fp_generic.cpp:211]   --->   Operation 41 'trunc' 'lo' <Predicate = (!icmp_ln208)> <Delay = 0.00>
ST_1 : Operation 42 [1/1] (0.00ns)   --->   "%hi = partselect i64 @_ssdm_op_PartSelect.i64.i128.i32, i128 %tmp_26, i32 64" [src/generic/fp_generic.cpp:212]   --->   Operation 42 'partselect' 'hi' <Predicate = (!icmp_ln208)> <Delay = 0.00>
ST_1 : Operation 43 [1/1] (0.70ns)   --->   "%add_ln208 = add i4 %j, i4 1" [src/generic/fp_generic.cpp:208]   --->   Operation 43 'add' 'add_ln208' <Predicate = (!icmp_ln208)> <Delay = 0.70> <CoreInst = "Adder">   --->   Core 1 'Adder' <Latency = 0> <II = 1> <Delay = 0.70> <FuncUnit> <Opcode : 'add' 'sub'> <InPorts = 2> <OutPorts = 1>
ST_1 : Operation 44 [1/1] (0.38ns)   --->   "%store_ln180 = store i4 %add_ln208, i4 %j_14" [src/generic/fp_generic.cpp:180]   --->   Operation 44 'store' 'store_ln180' <Predicate = (!icmp_ln208)> <Delay = 0.38>
ST_1 : Operation 77 [1/1] (0.00ns)   --->   "%t_load = load i3 %t"   --->   Operation 77 'load' 't_load' <Predicate = (icmp_ln208)> <Delay = 0.00>
ST_1 : Operation 78 [1/1] (0.00ns)   --->   "%v_137_load_2 = load i64 %v_137"   --->   Operation 78 'load' 'v_137_load_2' <Predicate = (icmp_ln208)> <Delay = 0.00>
ST_1 : Operation 79 [1/1] (0.00ns)   --->   "%write_ln0 = write void @_ssdm_op_Write.ap_auto.i64P0A, i64 %v_137_out, i64 %v_137_load_2"   --->   Operation 79 'write' 'write_ln0' <Predicate = (icmp_ln208)> <Delay = 0.00>
ST_1 : Operation 80 [1/1] (0.00ns)   --->   "%write_ln0 = write void @_ssdm_op_Write.ap_auto.i3P0A, i3 %t_66_out, i3 %t_load"   --->   Operation 80 'write' 'write_ln0' <Predicate = (icmp_ln208)> <Delay = 0.00>
ST_1 : Operation 81 [1/1] (0.38ns)   --->   "%ret_ln0 = ret"   --->   Operation 81 'ret' 'ret_ln0' <Predicate = (icmp_ln208)> <Delay = 0.38>

State 2 <SV = 1> <Delay = 4.68>
ST_2 : Operation 45 [1/1] (0.00ns)   --->   "%t_load_23 = load i3 %t" [src/generic/fp_generic.cpp:215]   --->   Operation 45 'load' 't_load_23' <Predicate = true> <Delay = 0.00>
ST_2 : Operation 46 [1/1] (0.00ns)   --->   "%u_129_out_load = load i64 %u_129_out" [src/generic/fp_generic.cpp:214]   --->   Operation 46 'load' 'u_129_out_load' <Predicate = true> <Delay = 0.00>
ST_2 : Operation 47 [1/1] (0.00ns)   --->   "%v_137_load = load i64 %v_137" [src/generic/fp_generic.cpp:213]   --->   Operation 47 'load' 'v_137_load' <Predicate = true> <Delay = 0.00>
ST_2 : Operation 48 [1/1] (0.00ns)   --->   "%specpipeline_ln180 = specpipeline void @_ssdm_op_SpecPipeline, i32 4294967295, i32 0, i32 0, i32 0, void @empty_34" [src/generic/fp_generic.cpp:180]   --->   Operation 48 'specpipeline' 'specpipeline_ln180' <Predicate = true> <Delay = 0.00>
ST_2 : Operation 49 [1/1] (0.00ns)   --->   "%speclooptripcount_ln180 = speclooptripcount void @_ssdm_op_SpecLoopTripCount, i64 1, i64 7, i64 4" [src/generic/fp_generic.cpp:180]   --->   Operation 49 'speclooptripcount' 'speclooptripcount_ln180' <Predicate = true> <Delay = 0.00>
ST_2 : Operation 50 [1/1] (0.00ns)   --->   "%specloopname_ln208 = specloopname void @_ssdm_op_SpecLoopName, void @empty_21" [src/generic/fp_generic.cpp:208]   --->   Operation 50 'specloopname' 'specloopname_ln208' <Predicate = true> <Delay = 0.00>
ST_2 : Operation 51 [1/1] (1.14ns)   --->   "%v_215 = add i64 %lo, i64 %v_137_load" [src/generic/fp_generic.cpp:213]   --->   Operation 51 'add' 'v_215' <Predicate = true> <Delay = 1.14> <CoreInst = "Adder">   --->   Core 1 'Adder' <Latency = 0> <II = 1> <Delay = 1.14> <FuncUnit> <Opcode : 'add' 'sub'> <InPorts = 2> <OutPorts = 1>
ST_2 : Operation 52 [1/1] (0.00ns) (grouped into LUT with out node tempReg_63)   --->   "%xor_ln105_23 = xor i64 %v_215, i64 %lo" [src/config.h:105->src/generic/fp_generic.cpp:213]   --->   Operation 52 'xor' 'xor_ln105_23' <Predicate = true> <Delay = 0.00> <CoreInst = "LogicGate">   --->   Core 74 'LogicGate' <Latency = 0> <II = 1> <Delay = 0.28> <FuncUnit> <Opcode : 'and' 'or' 'xor'> <InPorts = 2> <OutPorts = 1>
ST_2 : Operation 53 [1/1] (0.00ns) (grouped into LUT with out node tempReg_63)   --->   "%xor_ln105_24 = xor i64 %lo, i64 %v_137_load" [src/config.h:105->src/generic/fp_generic.cpp:213]   --->   Operation 53 'xor' 'xor_ln105_24' <Predicate = true> <Delay = 0.00> <CoreInst = "LogicGate">   --->   Core 74 'LogicGate' <Latency = 0> <II = 1> <Delay = 0.28> <FuncUnit> <Opcode : 'and' 'or' 'xor'> <InPorts = 2> <OutPorts = 1>
ST_2 : Operation 54 [1/1] (0.00ns) (grouped into LUT with out node tempReg_63)   --->   "%or_ln105_5 = or i64 %xor_ln105_23, i64 %xor_ln105_24" [src/config.h:105->src/generic/fp_generic.cpp:213]   --->   Operation 54 'or' 'or_ln105_5' <Predicate = true> <Delay = 0.00> <CoreInst = "LogicGate">   --->   Core 74 'LogicGate' <Latency = 0> <II = 1> <Delay = 0.28> <FuncUnit> <Opcode : 'and' 'or' 'xor'> <InPorts = 2> <OutPorts = 1>
ST_2 : Operation 55 [1/1] (0.00ns) (grouped into LUT with out node tempReg_63)   --->   "%xor_ln105_25 = xor i64 %or_ln105_5, i64 %v_215" [src/config.h:105->src/generic/fp_generic.cpp:213]   --->   Operation 55 'xor' 'xor_ln105_25' <Predicate = true> <Delay = 0.00> <CoreInst = "LogicGate">   --->   Core 74 'LogicGate' <Latency = 0> <II = 1> <Delay = 0.28> <FuncUnit> <Opcode : 'and' 'or' 'xor'> <InPorts = 2> <OutPorts = 1>
ST_2 : Operation 56 [1/1] (0.00ns) (grouped into LUT with out node tempReg_63)   --->   "%carry = bitselect i1 @_ssdm_op_BitSelect.i1.i64.i32, i64 %xor_ln105_25, i32 63" [src/config.h:105->src/generic/fp_generic.cpp:213]   --->   Operation 56 'bitselect' 'carry' <Predicate = true> <Delay = 0.00>
ST_2 : Operation 57 [1/1] (0.00ns) (grouped into LUT with out node tempReg_63)   --->   "%zext_ln105 = zext i1 %carry" [src/config.h:105->src/generic/fp_generic.cpp:213]   --->   Operation 57 'zext' 'zext_ln105' <Predicate = true> <Delay = 0.00>
ST_2 : Operation 58 [1/1] (1.14ns) (out node of the LUT)   --->   "%tempReg_63 = add i64 %hi, i64 %zext_ln105" [src/generic/fp_generic.cpp:214]   --->   Operation 58 'add' 'tempReg_63' <Predicate = true> <Delay = 1.14> <CoreInst = "Adder">   --->   Core 1 'Adder' <Latency = 0> <II = 1> <Delay = 1.14> <FuncUnit> <Opcode : 'add' 'sub'> <InPorts = 2> <OutPorts = 1>
ST_2 : Operation 59 [1/1] (1.14ns)   --->   "%u = add i64 %tempReg_63, i64 %u_129_out_load" [src/generic/fp_generic.cpp:214]   --->   Operation 59 'add' 'u' <Predicate = true> <Delay = 1.14> <CoreInst = "Adder">   --->   Core 1 'Adder' <Latency = 0> <II = 1> <Delay = 1.14> <FuncUnit> <Opcode : 'add' 'sub'> <InPorts = 2> <OutPorts = 1>
ST_2 : Operation 60 [1/1] (0.00ns) (grouped into LUT with out node xor_ln214_15)   --->   "%xor_ln214 = xor i64 %u, i64 %tempReg_63" [src/generic/fp_generic.cpp:214]   --->   Operation 60 'xor' 'xor_ln214' <Predicate = true> <Delay = 0.00> <CoreInst = "LogicGate">   --->   Core 74 'LogicGate' <Latency = 0> <II = 1> <Delay = 0.28> <FuncUnit> <Opcode : 'and' 'or' 'xor'> <InPorts = 2> <OutPorts = 1>
ST_2 : Operation 61 [1/1] (0.00ns) (grouped into LUT with out node xor_ln214_15)   --->   "%xor_ln214_13 = xor i64 %tempReg_63, i64 %u_129_out_load" [src/generic/fp_generic.cpp:214]   --->   Operation 61 'xor' 'xor_ln214_13' <Predicate = true> <Delay = 0.00> <CoreInst = "LogicGate">   --->   Core 74 'LogicGate' <Latency = 0> <II = 1> <Delay = 0.28> <FuncUnit> <Opcode : 'and' 'or' 'xor'> <InPorts = 2> <OutPorts = 1>
ST_2 : Operation 62 [1/1] (0.00ns) (grouped into LUT with out node xor_ln214_15)   --->   "%or_ln214 = or i64 %xor_ln214, i64 %xor_ln214_13" [src/generic/fp_generic.cpp:214]   --->   Operation 62 'or' 'or_ln214' <Predicate = true> <Delay = 0.00> <CoreInst = "LogicGate">   --->   Core 74 'LogicGate' <Latency = 0> <II = 1> <Delay = 0.28> <FuncUnit> <Opcode : 'and' 'or' 'xor'> <InPorts = 2> <OutPorts = 1>
ST_2 : Operation 63 [1/1] (0.00ns) (grouped into LUT with out node t_64)   --->   "%bit_sel1 = bitselect i1 @_ssdm_op_BitSelect.i1.i64.i64, i64 %tempReg_63, i64 63" [src/generic/fp_generic.cpp:214]   --->   Operation 63 'bitselect' 'bit_sel1' <Predicate = true> <Delay = 0.00>
ST_2 : Operation 64 [1/1] (0.00ns) (grouped into LUT with out node t_64)   --->   "%xor_ln214_17 = xor i1 %bit_sel1, i1 1" [src/generic/fp_generic.cpp:214]   --->   Operation 64 'xor' 'xor_ln214_17' <Predicate = true> <Delay = 0.00> <CoreInst = "LogicGate">   --->   Core 74 'LogicGate' <Latency = 0> <II = 1> <Delay = 0.12> <FuncUnit> <Opcode : 'and' 'or' 'xor'> <InPorts = 2> <OutPorts = 1>
ST_2 : Operation 65 [1/1] (0.00ns) (grouped into LUT with out node t_64)   --->   "%trunc_ln214 = trunc i64 %tempReg_63" [src/generic/fp_generic.cpp:214]   --->   Operation 65 'trunc' 'trunc_ln214' <Predicate = true> <Delay = 0.00>
ST_2 : Operation 66 [1/1] (0.00ns) (grouped into LUT with out node t_64)   --->   "%xor_ln214_s = bitconcatenate i64 @_ssdm_op_BitConcatenate.i64.i1.i63, i1 %xor_ln214_17, i63 %trunc_ln214" [src/generic/fp_generic.cpp:214]   --->   Operation 66 'bitconcatenate' 'xor_ln214_s' <Predicate = true> <Delay = 0.00>
ST_2 : Operation 67 [1/1] (0.00ns) (grouped into LUT with out node t_64)   --->   "%and_ln214 = and i64 %xor_ln214_s, i64 %hi" [src/generic/fp_generic.cpp:214]   --->   Operation 67 'and' 'and_ln214' <Predicate = true> <Delay = 0.00> <CoreInst = "LogicGate">   --->   Core 74 'LogicGate' <Latency = 0> <II = 1> <Delay = 0.28> <FuncUnit> <Opcode : 'and' 'or' 'xor'> <InPorts = 2> <OutPorts = 1>
ST_2 : Operation 68 [1/1] (0.28ns) (out node of the LUT)   --->   "%xor_ln214_15 = xor i64 %or_ln214, i64 %u" [src/generic/fp_generic.cpp:214]   --->   Operation 68 'xor' 'xor_ln214_15' <Predicate = true> <Delay = 0.28> <CoreInst = "LogicGate">   --->   Core 74 'LogicGate' <Latency = 0> <II = 1> <Delay = 0.28> <FuncUnit> <Opcode : 'and' 'or' 'xor'> <InPorts = 2> <OutPorts = 1>
ST_2 : Operation 69 [1/1] (0.00ns) (grouped into LUT with out node t_64)   --->   "%or_ln214_5 = or i64 %xor_ln214_15, i64 %and_ln214" [src/generic/fp_generic.cpp:214]   --->   Operation 69 'or' 'or_ln214_5' <Predicate = true> <Delay = 0.00> <CoreInst = "LogicGate">   --->   Core 74 'LogicGate' <Latency = 0> <II = 1> <Delay = 0.28> <FuncUnit> <Opcode : 'and' 'or' 'xor'> <InPorts = 2> <OutPorts = 1>
ST_2 : Operation 70 [1/1] (0.00ns) (grouped into LUT with out node t_64)   --->   "%tmp_192 = bitselect i1 @_ssdm_op_BitSelect.i1.i64.i32, i64 %or_ln214_5, i32 63" [src/generic/fp_generic.cpp:215]   --->   Operation 70 'bitselect' 'tmp_192' <Predicate = true> <Delay = 0.00>
ST_2 : Operation 71 [1/1] (0.00ns) (grouped into LUT with out node t_64)   --->   "%zext_ln215 = zext i1 %tmp_192" [src/generic/fp_generic.cpp:215]   --->   Operation 71 'zext' 'zext_ln215' <Predicate = true> <Delay = 0.00>
ST_2 : Operation 72 [1/1] (0.57ns) (out node of the LUT)   --->   "%t_64 = add i3 %zext_ln215, i3 %t_load_23" [src/generic/fp_generic.cpp:215]   --->   Operation 72 'add' 't_64' <Predicate = true> <Delay = 0.57> <CoreInst = "Adder">   --->   Core 1 'Adder' <Latency = 0> <II = 1> <Delay = 0.57> <FuncUnit> <Opcode : 'add' 'sub'> <InPorts = 2> <OutPorts = 1>
ST_2 : Operation 73 [1/1] (0.38ns)   --->   "%store_ln181 = store i64 %v_215, i64 %v_137" [src/generic/fp_generic.cpp:181]   --->   Operation 73 'store' 'store_ln181' <Predicate = true> <Delay = 0.38>
ST_2 : Operation 74 [1/1] (0.38ns)   --->   "%store_ln181 = store i64 %u, i64 %u_129_out" [src/generic/fp_generic.cpp:181]   --->   Operation 74 'store' 'store_ln181' <Predicate = true> <Delay = 0.38>
ST_2 : Operation 75 [1/1] (0.38ns)   --->   "%store_ln181 = store i3 %t_64, i3 %t" [src/generic/fp_generic.cpp:181]   --->   Operation 75 'store' 'store_ln181' <Predicate = true> <Delay = 0.38>
ST_2 : Operation 76 [1/1] (0.00ns)   --->   "%br_ln208 = br void %for.inc65" [src/generic/fp_generic.cpp:208]   --->   Operation 76 'br' 'br_ln208' <Predicate = true> <Delay = 0.00>


============================================================
+ Verbose Summary: Binding
============================================================
STG Binding: 
---------------- STG Properties BEGIN ----------------
- Is combinational: 0
- Is one-state seq: 0
- Is datapath-only: 0
- Is pipelined: 0
- Is top level: 0
Port [ Return ] is wired: 1; IO mode=ap_ctrl_hs:ce=0
Port [ indvars_iv]:  wired=1; compound=0; hidden=0; nouse=0; global=0; static=0; extern=0; dir=0; type=0; pingpong=0; private_global=0; IO mode=ap_none:ce=0
Port [ v]:  wired=1; compound=0; hidden=0; nouse=0; global=0; static=0; extern=0; dir=0; type=0; pingpong=0; private_global=0; IO mode=ap_none:ce=0
Port [ zext_ln206]:  wired=1; compound=0; hidden=0; nouse=0; global=0; static=0; extern=0; dir=0; type=0; pingpong=0; private_global=0; IO mode=ap_none:ce=0
Port [ t0_i204_1_load]:  wired=1; compound=0; hidden=0; nouse=0; global=0; static=0; extern=0; dir=0; type=0; pingpong=0; private_global=0; IO mode=ap_none:ce=0
Port [ t0_i204_2_load]:  wired=1; compound=0; hidden=0; nouse=0; global=0; static=0; extern=0; dir=0; type=0; pingpong=0; private_global=0; IO mode=ap_none:ce=0
Port [ t0_i204_3_load]:  wired=1; compound=0; hidden=0; nouse=0; global=0; static=0; extern=0; dir=0; type=0; pingpong=0; private_global=0; IO mode=ap_none:ce=0
Port [ t0_i204_4_load]:  wired=1; compound=0; hidden=0; nouse=0; global=0; static=0; extern=0; dir=0; type=0; pingpong=0; private_global=0; IO mode=ap_none:ce=0
Port [ t0_i204_5_load]:  wired=1; compound=0; hidden=0; nouse=0; global=0; static=0; extern=0; dir=0; type=0; pingpong=0; private_global=0; IO mode=ap_none:ce=0
Port [ t0_i204_6_load]:  wired=1; compound=0; hidden=0; nouse=0; global=0; static=0; extern=0; dir=0; type=0; pingpong=0; private_global=0; IO mode=ap_none:ce=0
Port [ t0_i204_7_load]:  wired=1; compound=0; hidden=0; nouse=0; global=0; static=0; extern=0; dir=0; type=0; pingpong=0; private_global=0; IO mode=ap_none:ce=0
Port [ empty]:  wired=1; compound=0; hidden=0; nouse=0; global=0; static=0; extern=0; dir=0; type=0; pingpong=0; private_global=0; IO mode=ap_none:ce=0
Port [ t1_i205_1_load]:  wired=1; compound=0; hidden=0; nouse=0; global=0; static=0; extern=0; dir=0; type=0; pingpong=0; private_global=0; IO mode=ap_none:ce=0
Port [ t1_i205_2_load]:  wired=1; compound=0; hidden=0; nouse=0; global=0; static=0; extern=0; dir=0; type=0; pingpong=0; private_global=0; IO mode=ap_none:ce=0
Port [ t1_i205_3_load]:  wired=1; compound=0; hidden=0; nouse=0; global=0; static=0; extern=0; dir=0; type=0; pingpong=0; private_global=0; IO mode=ap_none:ce=0
Port [ t1_i205_4_load]:  wired=1; compound=0; hidden=0; nouse=0; global=0; static=0; extern=0; dir=0; type=0; pingpong=0; private_global=0; IO mode=ap_none:ce=0
Port [ t1_i205_5_load]:  wired=1; compound=0; hidden=0; nouse=0; global=0; static=0; extern=0; dir=0; type=0; pingpong=0; private_global=0; IO mode=ap_none:ce=0
Port [ t1_i205_6_load]:  wired=1; compound=0; hidden=0; nouse=0; global=0; static=0; extern=0; dir=0; type=0; pingpong=0; private_global=0; IO mode=ap_none:ce=0
Port [ t1_i205_7_load]:  wired=1; compound=0; hidden=0; nouse=0; global=0; static=0; extern=0; dir=0; type=0; pingpong=0; private_global=0; IO mode=ap_none:ce=0
Port [ v_137_out]:  wired=1; compound=0; hidden=0; nouse=0; global=0; static=0; extern=0; dir=1; type=0; pingpong=0; private_global=0; IO mode=ap_vld:ce=0
Port [ u_129_out]:  wired=1; compound=0; hidden=0; nouse=0; global=0; static=0; extern=0; dir=2; type=0; pingpong=0; private_global=0; IO mode=ap_ovld:ce=0
Port [ t_66_out]:  wired=1; compound=0; hidden=0; nouse=0; global=0; static=0; extern=0; dir=1; type=0; pingpong=0; private_global=0; IO mode=ap_vld:ce=0
---------------- STG Properties END ------------------

---------------- Datapath Model BEGIN ----------------

<LifeTime>
<method=bitvector/>
t                       (alloca           ) [ 011]
v_137                   (alloca           ) [ 011]
j_14                    (alloca           ) [ 010]
t1_i205_7_load_read     (read             ) [ 000]
t1_i205_6_load_read     (read             ) [ 000]
t1_i205_5_load_read     (read             ) [ 000]
t1_i205_4_load_read     (read             ) [ 000]
t1_i205_3_load_read     (read             ) [ 000]
t1_i205_2_load_read     (read             ) [ 000]
t1_i205_1_load_read     (read             ) [ 000]
tmp                     (read             ) [ 000]
t0_i204_7_load_read     (read             ) [ 000]
t0_i204_6_load_read     (read             ) [ 000]
t0_i204_5_load_read     (read             ) [ 000]
t0_i204_4_load_read     (read             ) [ 000]
t0_i204_3_load_read     (read             ) [ 000]
t0_i204_2_load_read     (read             ) [ 000]
t0_i204_1_load_read     (read             ) [ 000]
zext_ln206_read         (read             ) [ 000]
v_read                  (read             ) [ 000]
indvars_iv_read         (read             ) [ 000]
zext_ln206_cast         (zext             ) [ 000]
indvars_iv_cast         (zext             ) [ 000]
store_ln180             (store            ) [ 000]
store_ln181             (store            ) [ 000]
store_ln181             (store            ) [ 000]
store_ln181             (store            ) [ 000]
br_ln0                  (br               ) [ 000]
j                       (load             ) [ 000]
icmp_ln208              (icmp             ) [ 010]
br_ln208                (br               ) [ 000]
trunc_ln208             (trunc            ) [ 000]
tmp_s                   (sparsemux        ) [ 000]
sub_ln210               (sub              ) [ 000]
tmp_25                  (sparsemux        ) [ 000]
tmp_26                  (call             ) [ 000]
lo                      (trunc            ) [ 011]
hi                      (partselect       ) [ 011]
add_ln208               (add              ) [ 000]
store_ln180             (store            ) [ 000]
t_load_23               (load             ) [ 000]
u_129_out_load          (load             ) [ 000]
v_137_load              (load             ) [ 000]
specpipeline_ln180      (specpipeline     ) [ 000]
speclooptripcount_ln180 (speclooptripcount) [ 000]
specloopname_ln208      (specloopname     ) [ 000]
v_215                   (add              ) [ 000]
xor_ln105_23            (xor              ) [ 000]
xor_ln105_24            (xor              ) [ 000]
or_ln105_5              (or               ) [ 000]
xor_ln105_25            (xor              ) [ 000]
carry                   (bitselect        ) [ 000]
zext_ln105              (zext             ) [ 000]
tempReg_63              (add              ) [ 000]
u                       (add              ) [ 000]
xor_ln214               (xor              ) [ 000]
xor_ln214_13            (xor              ) [ 000]
or_ln214                (or               ) [ 000]
bit_sel1                (bitselect        ) [ 000]
xor_ln214_17            (xor              ) [ 000]
trunc_ln214             (trunc            ) [ 000]
xor_ln214_s             (bitconcatenate   ) [ 000]
and_ln214               (and              ) [ 000]
xor_ln214_15            (xor              ) [ 000]
or_ln214_5              (or               ) [ 000]
tmp_192                 (bitselect        ) [ 000]
zext_ln215              (zext             ) [ 000]
t_64                    (add              ) [ 000]
store_ln181             (store            ) [ 000]
store_ln181             (store            ) [ 000]
store_ln181             (store            ) [ 000]
br_ln208                (br               ) [ 000]
t_load                  (load             ) [ 000]
v_137_load_2            (load             ) [ 000]
write_ln0               (write            ) [ 000]
write_ln0               (write            ) [ 000]
ret_ln0                 (ret              ) [ 000]
</LifeTime>

<model>

<comp_list>
<comp id="0" class="1000" name="indvars_iv">
<pin_list>
<pin id="1" dir="1" index="0" bw="1" slack="0"/>
</pin_list>
<bind>
<StgValue><ssdm name="indvars_iv"/></StgValue>
</bind>
</comp>

<comp id="2" class="1000" name="v">
<pin_list>
<pin id="3" dir="1" index="0" bw="1" slack="0"/>
</pin_list>
<bind>
<StgValue><ssdm name="v"/></StgValue>
</bind>
</comp>

<comp id="4" class="1000" name="zext_ln206">
<pin_list>
<pin id="5" dir="1" index="0" bw="1" slack="0"/>
</pin_list>
<bind>
<StgValue><ssdm name="zext_ln206"/></StgValue>
</bind>
</comp>

<comp id="6" class="1000" name="t0_i204_1_load">
<pin_list>
<pin id="7" dir="1" index="0" bw="1" slack="0"/>
</pin_list>
<bind>
<StgValue><ssdm name="t0_i204_1_load"/></StgValue>
</bind>
</comp>

<comp id="8" class="1000" name="t0_i204_2_load">
<pin_list>
<pin id="9" dir="1" index="0" bw="1" slack="0"/>
</pin_list>
<bind>
<StgValue><ssdm name="t0_i204_2_load"/></StgValue>
</bind>
</comp>

<comp id="10" class="1000" name="t0_i204_3_load">
<pin_list>
<pin id="11" dir="1" index="0" bw="1" slack="0"/>
</pin_list>
<bind>
<StgValue><ssdm name="t0_i204_3_load"/></StgValue>
</bind>
</comp>

<comp id="12" class="1000" name="t0_i204_4_load">
<pin_list>
<pin id="13" dir="1" index="0" bw="1" slack="0"/>
</pin_list>
<bind>
<StgValue><ssdm name="t0_i204_4_load"/></StgValue>
</bind>
</comp>

<comp id="14" class="1000" name="t0_i204_5_load">
<pin_list>
<pin id="15" dir="1" index="0" bw="1" slack="0"/>
</pin_list>
<bind>
<StgValue><ssdm name="t0_i204_5_load"/></StgValue>
</bind>
</comp>

<comp id="16" class="1000" name="t0_i204_6_load">
<pin_list>
<pin id="17" dir="1" index="0" bw="1" slack="0"/>
</pin_list>
<bind>
<StgValue><ssdm name="t0_i204_6_load"/></StgValue>
</bind>
</comp>

<comp id="18" class="1000" name="t0_i204_7_load">
<pin_list>
<pin id="19" dir="1" index="0" bw="1" slack="0"/>
</pin_list>
<bind>
<StgValue><ssdm name="t0_i204_7_load"/></StgValue>
</bind>
</comp>

<comp id="20" class="1000" name="empty">
<pin_list>
<pin id="21" dir="1" index="0" bw="1" slack="0"/>
</pin_list>
<bind>
<StgValue><ssdm name="empty"/></StgValue>
</bind>
</comp>

<comp id="22" class="1000" name="t1_i205_1_load">
<pin_list>
<pin id="23" dir="1" index="0" bw="1" slack="0"/>
</pin_list>
<bind>
<StgValue><ssdm name="t1_i205_1_load"/></StgValue>
</bind>
</comp>

<comp id="24" class="1000" name="t1_i205_2_load">
<pin_list>
<pin id="25" dir="1" index="0" bw="1" slack="0"/>
</pin_list>
<bind>
<StgValue><ssdm name="t1_i205_2_load"/></StgValue>
</bind>
</comp>

<comp id="26" class="1000" name="t1_i205_3_load">
<pin_list>
<pin id="27" dir="1" index="0" bw="1" slack="0"/>
</pin_list>
<bind>
<StgValue><ssdm name="t1_i205_3_load"/></StgValue>
</bind>
</comp>

<comp id="28" class="1000" name="t1_i205_4_load">
<pin_list>
<pin id="29" dir="1" index="0" bw="1" slack="0"/>
</pin_list>
<bind>
<StgValue><ssdm name="t1_i205_4_load"/></StgValue>
</bind>
</comp>

<comp id="30" class="1000" name="t1_i205_5_load">
<pin_list>
<pin id="31" dir="1" index="0" bw="1" slack="0"/>
</pin_list>
<bind>
<StgValue><ssdm name="t1_i205_5_load"/></StgValue>
</bind>
</comp>

<comp id="32" class="1000" name="t1_i205_6_load">
<pin_list>
<pin id="33" dir="1" index="0" bw="1" slack="0"/>
</pin_list>
<bind>
<StgValue><ssdm name="t1_i205_6_load"/></StgValue>
</bind>
</comp>

<comp id="34" class="1000" name="t1_i205_7_load">
<pin_list>
<pin id="35" dir="1" index="0" bw="1" slack="0"/>
</pin_list>
<bind>
<StgValue><ssdm name="t1_i205_7_load"/></StgValue>
</bind>
</comp>

<comp id="36" class="1000" name="v_137_out">
<pin_list>
<pin id="37" dir="1" index="0" bw="1" slack="0"/>
</pin_list>
<bind>
<StgValue><ssdm name="v_137_out"/></StgValue>
</bind>
</comp>

<comp id="38" class="1000" name="u_129_out">
<pin_list>
<pin id="39" dir="1" index="0" bw="1" slack="0"/>
</pin_list>
<bind>
<StgValue><ssdm name="u_129_out"/></StgValue>
</bind>
</comp>

<comp id="40" class="1000" name="t_66_out">
<pin_list>
<pin id="41" dir="1" index="0" bw="1" slack="0"/>
</pin_list>
<bind>
<StgValue><ssdm name="t_66_out"/></StgValue>
</bind>
</comp>

<comp id="42" class="1001" name="const_42">
<pin_list>
<pin id="43" dir="1" index="0" bw="1" slack="0"/>
</pin_list>
<bind>
<StgValue><ssdm name=""/></StgValue>
</bind>
</comp>

<comp id="44" class="1001" name="const_44">
<pin_list>
<pin id="45" dir="1" index="0" bw="1" slack="0"/>
</pin_list>
<bind>
<StgValue><ssdm name="_ssdm_op_Read.ap_auto.i64"/></StgValue>
</bind>
</comp>

<comp id="46" class="1001" name="const_46">
<pin_list>
<pin id="47" dir="1" index="0" bw="1" slack="0"/>
</pin_list>
<bind>
<StgValue><ssdm name="_ssdm_op_Read.ap_auto.i3"/></StgValue>
</bind>
</comp>

<comp id="48" class="1001" name="const_48">
<pin_list>
<pin id="49" dir="1" index="0" bw="1" slack="0"/>
</pin_list>
<bind>
<StgValue><ssdm name="_ssdm_op_Read.ap_auto.i4"/></StgValue>
</bind>
</comp>

<comp id="50" class="1001" name="const_50">
<pin_list>
<pin id="51" dir="1" index="0" bw="1" slack="0"/>
</pin_list>
<bind>
<StgValue><ssdm name=""/></StgValue>
</bind>
</comp>

<comp id="52" class="1001" name="const_52">
<pin_list>
<pin id="53" dir="1" index="0" bw="1" slack="0"/>
</pin_list>
<bind>
<StgValue><ssdm name=""/></StgValue>
</bind>
</comp>

<comp id="54" class="1001" name="const_54">
<pin_list>
<pin id="55" dir="1" index="0" bw="1" slack="0"/>
</pin_list>
<bind>
<StgValue><ssdm name="_ssdm_op_SparseMux.ap_auto.7i64.i64.i3"/></StgValue>
</bind>
</comp>

<comp id="56" class="1001" name="const_56">
<pin_list>
<pin id="57" dir="1" index="0" bw="1" slack="0"/>
</pin_list>
<bind>
<StgValue><ssdm name=""/></StgValue>
</bind>
</comp>

<comp id="58" class="1001" name="const_58">
<pin_list>
<pin id="59" dir="1" index="0" bw="1" slack="0"/>
</pin_list>
<bind>
<StgValue><ssdm name=""/></StgValue>
</bind>
</comp>

<comp id="60" class="1001" name="const_60">
<pin_list>
<pin id="61" dir="1" index="0" bw="1" slack="0"/>
</pin_list>
<bind>
<StgValue><ssdm name=""/></StgValue>
</bind>
</comp>

<comp id="62" class="1001" name="const_62">
<pin_list>
<pin id="63" dir="1" index="0" bw="1" slack="0"/>
</pin_list>
<bind>
<StgValue><ssdm name=""/></StgValue>
</bind>
</comp>

<comp id="64" class="1001" name="const_64">
<pin_list>
<pin id="65" dir="1" index="0" bw="1" slack="0"/>
</pin_list>
<bind>
<StgValue><ssdm name=""/></StgValue>
</bind>
</comp>

<comp id="66" class="1001" name="const_66">
<pin_list>
<pin id="67" dir="1" index="0" bw="1" slack="0"/>
</pin_list>
<bind>
<StgValue><ssdm name=""/></StgValue>
</bind>
</comp>

<comp id="68" class="1001" name="const_68">
<pin_list>
<pin id="69" dir="1" index="0" bw="1" slack="0"/>
</pin_list>
<bind>
<StgValue><ssdm name=""/></StgValue>
</bind>
</comp>

<comp id="70" class="1001" name="const_70">
<pin_list>
<pin id="71" dir="1" index="0" bw="1" slack="0"/>
</pin_list>
<bind>
<StgValue><ssdm name=""/></StgValue>
</bind>
</comp>

<comp id="72" class="1001" name="const_72">
<pin_list>
<pin id="73" dir="1" index="0" bw="1" slack="0"/>
</pin_list>
<bind>
<StgValue><ssdm name="digit_x_digit_hls"/></StgValue>
</bind>
</comp>

<comp id="74" class="1001" name="const_74">
<pin_list>
<pin id="75" dir="1" index="0" bw="1" slack="0"/>
</pin_list>
<bind>
<StgValue><ssdm name="_ssdm_op_PartSelect.i64.i128.i32"/></StgValue>
</bind>
</comp>

<comp id="76" class="1001" name="const_76">
<pin_list>
<pin id="77" dir="1" index="0" bw="1" slack="0"/>
</pin_list>
<bind>
<StgValue><ssdm name=""/></StgValue>
</bind>
</comp>

<comp id="78" class="1001" name="const_78">
<pin_list>
<pin id="79" dir="1" index="0" bw="1" slack="0"/>
</pin_list>
<bind>
<StgValue><ssdm name=""/></StgValue>
</bind>
</comp>

<comp id="80" class="1001" name="const_80">
<pin_list>
<pin id="81" dir="1" index="0" bw="1" slack="2147483647"/>
</pin_list>
<bind>
<StgValue><ssdm name="_ssdm_op_SpecPipeline"/></StgValue>
</bind>
</comp>

<comp id="82" class="1001" name="const_82">
<pin_list>
<pin id="83" dir="1" index="0" bw="1" slack="2147483647"/>
</pin_list>
<bind>
<StgValue><ssdm name=""/></StgValue>
</bind>
</comp>

<comp id="84" class="1001" name="const_84">
<pin_list>
<pin id="85" dir="1" index="0" bw="1" slack="2147483647"/>
</pin_list>
<bind>
<StgValue><ssdm name=""/></StgValue>
</bind>
</comp>

<comp id="86" class="1001" name="const_86">
<pin_list>
<pin id="87" dir="1" index="0" bw="1" slack="2147483647"/>
</pin_list>
<bind>
<StgValue><ssdm name="empty_34"/></StgValue>
</bind>
</comp>

<comp id="88" class="1001" name="const_88">
<pin_list>
<pin id="89" dir="1" index="0" bw="1" slack="2147483647"/>
</pin_list>
<bind>
<StgValue><ssdm name="_ssdm_op_SpecLoopTripCount"/></StgValue>
</bind>
</comp>

<comp id="90" class="1001" name="const_90">
<pin_list>
<pin id="91" dir="1" index="0" bw="1" slack="2147483647"/>
</pin_list>
<bind>
<StgValue><ssdm name=""/></StgValue>
</bind>
</comp>

<comp id="92" class="1001" name="const_92">
<pin_list>
<pin id="93" dir="1" index="0" bw="1" slack="2147483647"/>
</pin_list>
<bind>
<StgValue><ssdm name=""/></StgValue>
</bind>
</comp>

<comp id="94" class="1001" name="const_94">
<pin_list>
<pin id="95" dir="1" index="0" bw="1" slack="2147483647"/>
</pin_list>
<bind>
<StgValue><ssdm name=""/></StgValue>
</bind>
</comp>

<comp id="96" class="1001" name="const_96">
<pin_list>
<pin id="97" dir="1" index="0" bw="1" slack="2147483647"/>
</pin_list>
<bind>
<StgValue><ssdm name="_ssdm_op_SpecLoopName"/></StgValue>
</bind>
</comp>

<comp id="98" class="1001" name="const_98">
<pin_list>
<pin id="99" dir="1" index="0" bw="1" slack="2147483647"/>
</pin_list>
<bind>
<StgValue><ssdm name="empty_21"/></StgValue>
</bind>
</comp>

<comp id="100" class="1001" name="const_100">
<pin_list>
<pin id="101" dir="1" index="0" bw="1" slack="0"/>
</pin_list>
<bind>
<StgValue><ssdm name="_ssdm_op_BitSelect.i1.i64.i32"/></StgValue>
</bind>
</comp>

<comp id="102" class="1001" name="const_102">
<pin_list>
<pin id="103" dir="1" index="0" bw="1" slack="0"/>
</pin_list>
<bind>
<StgValue><ssdm name=""/></StgValue>
</bind>
</comp>

<comp id="104" class="1001" name="const_104">
<pin_list>
<pin id="105" dir="1" index="0" bw="1" slack="0"/>
</pin_list>
<bind>
<StgValue><ssdm name="_ssdm_op_BitSelect.i1.i64.i64"/></StgValue>
</bind>
</comp>

<comp id="106" class="1001" name="const_106">
<pin_list>
<pin id="107" dir="1" index="0" bw="1" slack="0"/>
</pin_list>
<bind>
<StgValue><ssdm name=""/></StgValue>
</bind>
</comp>

<comp id="108" class="1001" name="const_108">
<pin_list>
<pin id="109" dir="1" index="0" bw="1" slack="0"/>
</pin_list>
<bind>
<StgValue><ssdm name=""/></StgValue>
</bind>
</comp>

<comp id="110" class="1001" name="const_110">
<pin_list>
<pin id="111" dir="1" index="0" bw="1" slack="0"/>
</pin_list>
<bind>
<StgValue><ssdm name="_ssdm_op_BitConcatenate.i64.i1.i63"/></StgValue>
</bind>
</comp>

<comp id="112" class="1001" name="const_112">
<pin_list>
<pin id="113" dir="1" index="0" bw="1" slack="0"/>
</pin_list>
<bind>
<StgValue><ssdm name="_ssdm_op_Write.ap_auto.i64P0A"/></StgValue>
</bind>
</comp>

<comp id="114" class="1001" name="const_114">
<pin_list>
<pin id="115" dir="1" index="0" bw="1" slack="0"/>
</pin_list>
<bind>
<StgValue><ssdm name="_ssdm_op_Write.ap_auto.i3P0A"/></StgValue>
</bind>
</comp>

<comp id="116" class="1004" name="t_fu_116">
<pin_list>
<pin id="117" dir="0" index="0" bw="1" slack="0"/>
<pin id="118" dir="1" index="1" bw="3" slack="0"/>
</pin_list>
<bind>
<opcode="alloca(26) " fcode="alloca"/>
<opset="t/1 "/>
</bind>
</comp>

<comp id="120" class="1004" name="v_137_fu_120">
<pin_list>
<pin id="121" dir="0" index="0" bw="1" slack="0"/>
<pin id="122" dir="1" index="1" bw="64" slack="0"/>
</pin_list>
<bind>
<opcode="alloca(26) " fcode="alloca"/>
<opset="v_137/1 "/>
</bind>
</comp>

<comp id="124" class="1004" name="j_14_fu_124">
<pin_list>
<pin id="125" dir="0" index="0" bw="1" slack="0"/>
<pin id="126" dir="1" index="1" bw="4" slack="0"/>
</pin_list>
<bind>
<opcode="alloca(26) " fcode="alloca"/>
<opset="j_14/1 "/>
</bind>
</comp>

<comp id="128" class="1004" name="t1_i205_7_load_read_read_fu_128">
<pin_list>
<pin id="129" dir="0" index="0" bw="64" slack="0"/>
<pin id="130" dir="0" index="1" bw="64" slack="0"/>
<pin id="131" dir="1" index="2" bw="64" slack="0"/>
</pin_list>
<bind>
<opcode="read(1150) " fcode="read"/>
<opset="t1_i205_7_load_read/1 "/>
</bind>
</comp>

<comp id="134" class="1004" name="t1_i205_6_load_read_read_fu_134">
<pin_list>
<pin id="135" dir="0" index="0" bw="64" slack="0"/>
<pin id="136" dir="0" index="1" bw="64" slack="0"/>
<pin id="137" dir="1" index="2" bw="64" slack="0"/>
</pin_list>
<bind>
<opcode="read(1150) " fcode="read"/>
<opset="t1_i205_6_load_read/1 "/>
</bind>
</comp>

<comp id="140" class="1004" name="t1_i205_5_load_read_read_fu_140">
<pin_list>
<pin id="141" dir="0" index="0" bw="64" slack="0"/>
<pin id="142" dir="0" index="1" bw="64" slack="0"/>
<pin id="143" dir="1" index="2" bw="64" slack="0"/>
</pin_list>
<bind>
<opcode="read(1150) " fcode="read"/>
<opset="t1_i205_5_load_read/1 "/>
</bind>
</comp>

<comp id="146" class="1004" name="t1_i205_4_load_read_read_fu_146">
<pin_list>
<pin id="147" dir="0" index="0" bw="64" slack="0"/>
<pin id="148" dir="0" index="1" bw="64" slack="0"/>
<pin id="149" dir="1" index="2" bw="64" slack="0"/>
</pin_list>
<bind>
<opcode="read(1150) " fcode="read"/>
<opset="t1_i205_4_load_read/1 "/>
</bind>
</comp>

<comp id="152" class="1004" name="t1_i205_3_load_read_read_fu_152">
<pin_list>
<pin id="153" dir="0" index="0" bw="64" slack="0"/>
<pin id="154" dir="0" index="1" bw="64" slack="0"/>
<pin id="155" dir="1" index="2" bw="64" slack="0"/>
</pin_list>
<bind>
<opcode="read(1150) " fcode="read"/>
<opset="t1_i205_3_load_read/1 "/>
</bind>
</comp>

<comp id="158" class="1004" name="t1_i205_2_load_read_read_fu_158">
<pin_list>
<pin id="159" dir="0" index="0" bw="64" slack="0"/>
<pin id="160" dir="0" index="1" bw="64" slack="0"/>
<pin id="161" dir="1" index="2" bw="64" slack="0"/>
</pin_list>
<bind>
<opcode="read(1150) " fcode="read"/>
<opset="t1_i205_2_load_read/1 "/>
</bind>
</comp>

<comp id="164" class="1004" name="t1_i205_1_load_read_read_fu_164">
<pin_list>
<pin id="165" dir="0" index="0" bw="64" slack="0"/>
<pin id="166" dir="0" index="1" bw="64" slack="0"/>
<pin id="167" dir="1" index="2" bw="64" slack="0"/>
</pin_list>
<bind>
<opcode="read(1150) " fcode="read"/>
<opset="t1_i205_1_load_read/1 "/>
</bind>
</comp>

<comp id="170" class="1004" name="tmp_read_fu_170">
<pin_list>
<pin id="171" dir="0" index="0" bw="3" slack="0"/>
<pin id="172" dir="0" index="1" bw="3" slack="0"/>
<pin id="173" dir="1" index="2" bw="3" slack="0"/>
</pin_list>
<bind>
<opcode="read(1150) " fcode="read"/>
<opset="tmp/1 "/>
</bind>
</comp>

<comp id="176" class="1004" name="t0_i204_7_load_read_read_fu_176">
<pin_list>
<pin id="177" dir="0" index="0" bw="64" slack="0"/>
<pin id="178" dir="0" index="1" bw="64" slack="0"/>
<pin id="179" dir="1" index="2" bw="64" slack="0"/>
</pin_list>
<bind>
<opcode="read(1150) " fcode="read"/>
<opset="t0_i204_7_load_read/1 "/>
</bind>
</comp>

<comp id="182" class="1004" name="t0_i204_6_load_read_read_fu_182">
<pin_list>
<pin id="183" dir="0" index="0" bw="64" slack="0"/>
<pin id="184" dir="0" index="1" bw="64" slack="0"/>
<pin id="185" dir="1" index="2" bw="64" slack="0"/>
</pin_list>
<bind>
<opcode="read(1150) " fcode="read"/>
<opset="t0_i204_6_load_read/1 "/>
</bind>
</comp>

<comp id="188" class="1004" name="t0_i204_5_load_read_read_fu_188">
<pin_list>
<pin id="189" dir="0" index="0" bw="64" slack="0"/>
<pin id="190" dir="0" index="1" bw="64" slack="0"/>
<pin id="191" dir="1" index="2" bw="64" slack="0"/>
</pin_list>
<bind>
<opcode="read(1150) " fcode="read"/>
<opset="t0_i204_5_load_read/1 "/>
</bind>
</comp>

<comp id="194" class="1004" name="t0_i204_4_load_read_read_fu_194">
<pin_list>
<pin id="195" dir="0" index="0" bw="64" slack="0"/>
<pin id="196" dir="0" index="1" bw="64" slack="0"/>
<pin id="197" dir="1" index="2" bw="64" slack="0"/>
</pin_list>
<bind>
<opcode="read(1150) " fcode="read"/>
<opset="t0_i204_4_load_read/1 "/>
</bind>
</comp>

<comp id="200" class="1004" name="t0_i204_3_load_read_read_fu_200">
<pin_list>
<pin id="201" dir="0" index="0" bw="64" slack="0"/>
<pin id="202" dir="0" index="1" bw="64" slack="0"/>
<pin id="203" dir="1" index="2" bw="64" slack="0"/>
</pin_list>
<bind>
<opcode="read(1150) " fcode="read"/>
<opset="t0_i204_3_load_read/1 "/>
</bind>
</comp>

<comp id="206" class="1004" name="t0_i204_2_load_read_read_fu_206">
<pin_list>
<pin id="207" dir="0" index="0" bw="64" slack="0"/>
<pin id="208" dir="0" index="1" bw="64" slack="0"/>
<pin id="209" dir="1" index="2" bw="64" slack="0"/>
</pin_list>
<bind>
<opcode="read(1150) " fcode="read"/>
<opset="t0_i204_2_load_read/1 "/>
</bind>
</comp>

<comp id="212" class="1004" name="t0_i204_1_load_read_read_fu_212">
<pin_list>
<pin id="213" dir="0" index="0" bw="64" slack="0"/>
<pin id="214" dir="0" index="1" bw="64" slack="0"/>
<pin id="215" dir="1" index="2" bw="64" slack="0"/>
</pin_list>
<bind>
<opcode="read(1150) " fcode="read"/>
<opset="t0_i204_1_load_read/1 "/>
</bind>
</comp>

<comp id="218" class="1004" name="zext_ln206_read_read_fu_218">
<pin_list>
<pin id="219" dir="0" index="0" bw="4" slack="0"/>
<pin id="220" dir="0" index="1" bw="4" slack="0"/>
<pin id="221" dir="1" index="2" bw="4" slack="0"/>
</pin_list>
<bind>
<opcode="read(1150) " fcode="read"/>
<opset="zext_ln206_read/1 "/>
</bind>
</comp>

<comp id="224" class="1004" name="v_read_read_fu_224">
<pin_list>
<pin id="225" dir="0" index="0" bw="64" slack="0"/>
<pin id="226" dir="0" index="1" bw="64" slack="0"/>
<pin id="227" dir="1" index="2" bw="64" slack="0"/>
</pin_list>
<bind>
<opcode="read(1150) " fcode="read"/>
<opset="v_read/1 "/>
</bind>
</comp>

<comp id="230" class="1004" name="indvars_iv_read_read_fu_230">
<pin_list>
<pin id="231" dir="0" index="0" bw="3" slack="0"/>
<pin id="232" dir="0" index="1" bw="3" slack="0"/>
<pin id="233" dir="1" index="2" bw="3" slack="0"/>
</pin_list>
<bind>
<opcode="read(1150) " fcode="read"/>
<opset="indvars_iv_read/1 "/>
</bind>
</comp>

<comp id="236" class="1004" name="write_ln0_write_fu_236">
<pin_list>
<pin id="237" dir="0" index="0" bw="0" slack="0"/>
<pin id="238" dir="0" index="1" bw="64" slack="0"/>
<pin id="239" dir="0" index="2" bw="64" slack="0"/>
<pin id="240" dir="1" index="3" bw="0" slack="2147483647"/>
</pin_list>
<bind>
<opcode="write(1151) " fcode="write"/>
<opset="write_ln0/1 "/>
</bind>
</comp>

<comp id="243" class="1004" name="write_ln0_write_fu_243">
<pin_list>
<pin id="244" dir="0" index="0" bw="0" slack="0"/>
<pin id="245" dir="0" index="1" bw="3" slack="0"/>
<pin id="246" dir="0" index="2" bw="3" slack="0"/>
<pin id="247" dir="1" index="3" bw="0" slack="2147483647"/>
</pin_list>
<bind>
<opcode="write(1151) " fcode="write"/>
<opset="write_ln0/1 "/>
</bind>
</comp>

<comp id="250" class="1004" name="tmp_26_digit_x_digit_hls_fu_250">
<pin_list>
<pin id="251" dir="0" index="0" bw="128" slack="0"/>
<pin id="252" dir="0" index="1" bw="64" slack="0"/>
<pin id="253" dir="0" index="2" bw="64" slack="0"/>
<pin id="254" dir="1" index="3" bw="128" slack="0"/>
</pin_list>
<bind>
<opcode="call(48) " fcode="call"/>
<opset="tmp_26/1 "/>
</bind>
</comp>

<comp id="256" class="1004" name="zext_ln206_cast_fu_256">
<pin_list>
<pin id="257" dir="0" index="0" bw="4" slack="0"/>
<pin id="258" dir="1" index="1" bw="64" slack="0"/>
</pin_list>
<bind>
<opcode="zext(34) " fcode="zext"/>
<opset="zext_ln206_cast/1 "/>
</bind>
</comp>

<comp id="260" class="1004" name="indvars_iv_cast_fu_260">
<pin_list>
<pin id="261" dir="0" index="0" bw="3" slack="0"/>
<pin id="262" dir="1" index="1" bw="4" slack="0"/>
</pin_list>
<bind>
<opcode="zext(34) " fcode="zext"/>
<opset="indvars_iv_cast/1 "/>
</bind>
</comp>

<comp id="264" class="1004" name="store_ln180_store_fu_264">
<pin_list>
<pin id="265" dir="0" index="0" bw="3" slack="0"/>
<pin id="266" dir="0" index="1" bw="4" slack="0"/>
<pin id="267" dir="1" index="2" bw="0" slack="2147483647"/>
</pin_list>
<bind>
<opcode="store(28) " fcode="store"/>
<opset="store_ln180/1 "/>
</bind>
</comp>

<comp id="269" class="1004" name="store_ln181_store_fu_269">
<pin_list>
<pin id="270" dir="0" index="0" bw="64" slack="0"/>
<pin id="271" dir="0" index="1" bw="64" slack="0"/>
<pin id="272" dir="1" index="2" bw="0" slack="2147483647"/>
</pin_list>
<bind>
<opcode="store(28) " fcode="store"/>
<opset="store_ln181/1 "/>
</bind>
</comp>

<comp id="274" class="1004" name="store_ln181_store_fu_274">
<pin_list>
<pin id="275" dir="0" index="0" bw="4" slack="0"/>
<pin id="276" dir="0" index="1" bw="64" slack="0"/>
<pin id="277" dir="1" index="2" bw="0" slack="2147483647"/>
</pin_list>
<bind>
<opcode="store(28) " fcode="store"/>
<opset="store_ln181/1 "/>
</bind>
</comp>

<comp id="280" class="1004" name="store_ln181_store_fu_280">
<pin_list>
<pin id="281" dir="0" index="0" bw="1" slack="0"/>
<pin id="282" dir="0" index="1" bw="3" slack="0"/>
<pin id="283" dir="1" index="2" bw="0" slack="2147483647"/>
</pin_list>
<bind>
<opcode="store(28) " fcode="store"/>
<opset="store_ln181/1 "/>
</bind>
</comp>

<comp id="285" class="1004" name="j_load_fu_285">
<pin_list>
<pin id="286" dir="0" index="0" bw="4" slack="0"/>
<pin id="287" dir="1" index="1" bw="4" slack="0"/>
</pin_list>
<bind>
<opcode="load(27) " fcode="load"/>
<opset="j/1 "/>
</bind>
</comp>

<comp id="288" class="1004" name="icmp_ln208_fu_288">
<pin_list>
<pin id="289" dir="0" index="0" bw="4" slack="0"/>
<pin id="290" dir="0" index="1" bw="4" slack="0"/>
<pin id="291" dir="1" index="2" bw="1" slack="2147483647"/>
</pin_list>
<bind>
<opcode="icmp(45) " fcode="icmp"/>
<opset="icmp_ln208/1 "/>
</bind>
</comp>

<comp id="294" class="1004" name="trunc_ln208_fu_294">
<pin_list>
<pin id="295" dir="0" index="0" bw="4" slack="0"/>
<pin id="296" dir="1" index="1" bw="3" slack="0"/>
</pin_list>
<bind>
<opcode="trunc(33) " fcode="trunc"/>
<opset="trunc_ln208/1 "/>
</bind>
</comp>

<comp id="298" class="1004" name="tmp_s_fu_298">
<pin_list>
<pin id="299" dir="0" index="0" bw="64" slack="0"/>
<pin id="300" dir="0" index="1" bw="3" slack="0"/>
<pin id="301" dir="0" index="2" bw="64" slack="0"/>
<pin id="302" dir="0" index="3" bw="3" slack="0"/>
<pin id="303" dir="0" index="4" bw="64" slack="0"/>
<pin id="304" dir="0" index="5" bw="3" slack="0"/>
<pin id="305" dir="0" index="6" bw="64" slack="0"/>
<pin id="306" dir="0" index="7" bw="3" slack="0"/>
<pin id="307" dir="0" index="8" bw="64" slack="0"/>
<pin id="308" dir="0" index="9" bw="3" slack="0"/>
<pin id="309" dir="0" index="10" bw="64" slack="0"/>
<pin id="310" dir="0" index="11" bw="3" slack="0"/>
<pin id="311" dir="0" index="12" bw="64" slack="0"/>
<pin id="312" dir="0" index="13" bw="3" slack="0"/>
<pin id="313" dir="0" index="14" bw="64" slack="0"/>
<pin id="314" dir="0" index="15" bw="64" slack="0"/>
<pin id="315" dir="0" index="16" bw="3" slack="0"/>
<pin id="316" dir="1" index="17" bw="64" slack="0"/>
</pin_list>
<bind>
<opcode="sparsemux(1197) " fcode="sparsemux"/>
<opset="tmp_s/1 "/>
</bind>
</comp>

<comp id="335" class="1004" name="sub_ln210_fu_335">
<pin_list>
<pin id="336" dir="0" index="0" bw="3" slack="0"/>
<pin id="337" dir="0" index="1" bw="3" slack="0"/>
<pin id="338" dir="1" index="2" bw="3" slack="0"/>
</pin_list>
<bind>
<opcode="sub(10) " fcode="sub"/>
<opset="sub_ln210/1 "/>
</bind>
</comp>

<comp id="341" class="1004" name="tmp_25_fu_341">
<pin_list>
<pin id="342" dir="0" index="0" bw="64" slack="0"/>
<pin id="343" dir="0" index="1" bw="3" slack="0"/>
<pin id="344" dir="0" index="2" bw="64" slack="0"/>
<pin id="345" dir="0" index="3" bw="3" slack="0"/>
<pin id="346" dir="0" index="4" bw="64" slack="0"/>
<pin id="347" dir="0" index="5" bw="3" slack="0"/>
<pin id="348" dir="0" index="6" bw="64" slack="0"/>
<pin id="349" dir="0" index="7" bw="3" slack="0"/>
<pin id="350" dir="0" index="8" bw="64" slack="0"/>
<pin id="351" dir="0" index="9" bw="3" slack="0"/>
<pin id="352" dir="0" index="10" bw="64" slack="0"/>
<pin id="353" dir="0" index="11" bw="3" slack="0"/>
<pin id="354" dir="0" index="12" bw="64" slack="0"/>
<pin id="355" dir="0" index="13" bw="3" slack="0"/>
<pin id="356" dir="0" index="14" bw="64" slack="0"/>
<pin id="357" dir="0" index="15" bw="64" slack="0"/>
<pin id="358" dir="0" index="16" bw="3" slack="0"/>
<pin id="359" dir="1" index="17" bw="64" slack="0"/>
</pin_list>
<bind>
<opcode="sparsemux(1197) " fcode="sparsemux"/>
<opset="tmp_25/1 "/>
</bind>
</comp>

<comp id="378" class="1004" name="lo_fu_378">
<pin_list>
<pin id="379" dir="0" index="0" bw="128" slack="0"/>
<pin id="380" dir="1" index="1" bw="64" slack="1"/>
</pin_list>
<bind>
<opcode="trunc(33) " fcode="trunc"/>
<opset="lo/1 "/>
</bind>
</comp>

<comp id="382" class="1004" name="hi_fu_382">
<pin_list>
<pin id="383" dir="0" index="0" bw="64" slack="0"/>
<pin id="384" dir="0" index="1" bw="128" slack="0"/>
<pin id="385" dir="0" index="2" bw="8" slack="0"/>
<pin id="386" dir="1" index="3" bw="64" slack="1"/>
</pin_list>
<bind>
<opcode="partselect(1002) " fcode="partselect"/>
<opset="hi/1 "/>
</bind>
</comp>

<comp id="390" class="1004" name="add_ln208_fu_390">
<pin_list>
<pin id="391" dir="0" index="0" bw="4" slack="0"/>
<pin id="392" dir="0" index="1" bw="1" slack="0"/>
<pin id="393" dir="1" index="2" bw="4" slack="0"/>
</pin_list>
<bind>
<opcode="add(8) " fcode="add"/>
<opset="add_ln208/1 "/>
</bind>
</comp>

<comp id="396" class="1004" name="store_ln180_store_fu_396">
<pin_list>
<pin id="397" dir="0" index="0" bw="4" slack="0"/>
<pin id="398" dir="0" index="1" bw="4" slack="0"/>
<pin id="399" dir="1" index="2" bw="0" slack="2147483647"/>
</pin_list>
<bind>
<opcode="store(28) " fcode="store"/>
<opset="store_ln180/1 "/>
</bind>
</comp>

<comp id="401" class="1004" name="t_load_23_load_fu_401">
<pin_list>
<pin id="402" dir="0" index="0" bw="3" slack="1"/>
<pin id="403" dir="1" index="1" bw="3" slack="0"/>
</pin_list>
<bind>
<opcode="load(27) " fcode="load"/>
<opset="t_load_23/2 "/>
</bind>
</comp>

<comp id="404" class="1004" name="u_129_out_load_load_fu_404">
<pin_list>
<pin id="405" dir="0" index="0" bw="64" slack="0"/>
<pin id="406" dir="1" index="1" bw="64" slack="0"/>
</pin_list>
<bind>
<opcode="load(27) " fcode="load"/>
<opset="u_129_out_load/2 "/>
</bind>
</comp>

<comp id="408" class="1004" name="v_137_load_load_fu_408">
<pin_list>
<pin id="409" dir="0" index="0" bw="64" slack="1"/>
<pin id="410" dir="1" index="1" bw="64" slack="0"/>
</pin_list>
<bind>
<opcode="load(27) " fcode="load"/>
<opset="v_137_load/2 "/>
</bind>
</comp>

<comp id="411" class="1004" name="v_215_fu_411">
<pin_list>
<pin id="412" dir="0" index="0" bw="64" slack="1"/>
<pin id="413" dir="0" index="1" bw="64" slack="0"/>
<pin id="414" dir="1" index="2" bw="64" slack="0"/>
</pin_list>
<bind>
<opcode="add(8) " fcode="add"/>
<opset="v_215/2 "/>
</bind>
</comp>

<comp id="416" class="1004" name="xor_ln105_23_fu_416">
<pin_list>
<pin id="417" dir="0" index="0" bw="64" slack="0"/>
<pin id="418" dir="0" index="1" bw="64" slack="1"/>
<pin id="419" dir="1" index="2" bw="64" slack="0"/>
</pin_list>
<bind>
<opcode="xor(25) " fcode="xor"/>
<opset="xor_ln105_23/2 "/>
</bind>
</comp>

<comp id="421" class="1004" name="xor_ln105_24_fu_421">
<pin_list>
<pin id="422" dir="0" index="0" bw="64" slack="1"/>
<pin id="423" dir="0" index="1" bw="64" slack="0"/>
<pin id="424" dir="1" index="2" bw="64" slack="0"/>
</pin_list>
<bind>
<opcode="xor(25) " fcode="xor"/>
<opset="xor_ln105_24/2 "/>
</bind>
</comp>

<comp id="426" class="1004" name="or_ln105_5_fu_426">
<pin_list>
<pin id="427" dir="0" index="0" bw="64" slack="0"/>
<pin id="428" dir="0" index="1" bw="64" slack="0"/>
<pin id="429" dir="1" index="2" bw="64" slack="0"/>
</pin_list>
<bind>
<opcode="or(24) " fcode="or"/>
<opset="or_ln105_5/2 "/>
</bind>
</comp>

<comp id="432" class="1004" name="xor_ln105_25_fu_432">
<pin_list>
<pin id="433" dir="0" index="0" bw="64" slack="0"/>
<pin id="434" dir="0" index="1" bw="64" slack="0"/>
<pin id="435" dir="1" index="2" bw="64" slack="0"/>
</pin_list>
<bind>
<opcode="xor(25) " fcode="xor"/>
<opset="xor_ln105_25/2 "/>
</bind>
</comp>

<comp id="438" class="1004" name="carry_fu_438">
<pin_list>
<pin id="439" dir="0" index="0" bw="1" slack="0"/>
<pin id="440" dir="0" index="1" bw="64" slack="0"/>
<pin id="441" dir="0" index="2" bw="7" slack="0"/>
<pin id="442" dir="1" index="3" bw="1" slack="0"/>
</pin_list>
<bind>
<opcode="bitselect(1000) " fcode="bitselect"/>
<opset="carry/2 "/>
</bind>
</comp>

<comp id="446" class="1004" name="zext_ln105_fu_446">
<pin_list>
<pin id="447" dir="0" index="0" bw="1" slack="0"/>
<pin id="448" dir="1" index="1" bw="64" slack="0"/>
</pin_list>
<bind>
<opcode="zext(34) " fcode="zext"/>
<opset="zext_ln105/2 "/>
</bind>
</comp>

<comp id="450" class="1004" name="tempReg_63_fu_450">
<pin_list>
<pin id="451" dir="0" index="0" bw="64" slack="1"/>
<pin id="452" dir="0" index="1" bw="1" slack="0"/>
<pin id="453" dir="1" index="2" bw="64" slack="0"/>
</pin_list>
<bind>
<opcode="add(8) " fcode="add"/>
<opset="tempReg_63/2 "/>
</bind>
</comp>

<comp id="455" class="1004" name="u_fu_455">
<pin_list>
<pin id="456" dir="0" index="0" bw="64" slack="0"/>
<pin id="457" dir="0" index="1" bw="64" slack="0"/>
<pin id="458" dir="1" index="2" bw="64" slack="0"/>
</pin_list>
<bind>
<opcode="add(8) " fcode="add"/>
<opset="u/2 "/>
</bind>
</comp>

<comp id="461" class="1004" name="xor_ln214_fu_461">
<pin_list>
<pin id="462" dir="0" index="0" bw="64" slack="0"/>
<pin id="463" dir="0" index="1" bw="64" slack="0"/>
<pin id="464" dir="1" index="2" bw="64" slack="0"/>
</pin_list>
<bind>
<opcode="xor(25) " fcode="xor"/>
<opset="xor_ln214/2 "/>
</bind>
</comp>

<comp id="467" class="1004" name="xor_ln214_13_fu_467">
<pin_list>
<pin id="468" dir="0" index="0" bw="64" slack="0"/>
<pin id="469" dir="0" index="1" bw="64" slack="0"/>
<pin id="470" dir="1" index="2" bw="64" slack="0"/>
</pin_list>
<bind>
<opcode="xor(25) " fcode="xor"/>
<opset="xor_ln214_13/2 "/>
</bind>
</comp>

<comp id="473" class="1004" name="or_ln214_fu_473">
<pin_list>
<pin id="474" dir="0" index="0" bw="64" slack="0"/>
<pin id="475" dir="0" index="1" bw="64" slack="0"/>
<pin id="476" dir="1" index="2" bw="64" slack="0"/>
</pin_list>
<bind>
<opcode="or(24) " fcode="or"/>
<opset="or_ln214/2 "/>
</bind>
</comp>

<comp id="479" class="1004" name="bit_sel1_fu_479">
<pin_list>
<pin id="480" dir="0" index="0" bw="1" slack="0"/>
<pin id="481" dir="0" index="1" bw="64" slack="0"/>
<pin id="482" dir="0" index="2" bw="7" slack="0"/>
<pin id="483" dir="1" index="3" bw="1" slack="0"/>
</pin_list>
<bind>
<opcode="bitselect(1000) " fcode="bitselect"/>
<opset="bit_sel1/2 "/>
</bind>
</comp>

<comp id="487" class="1004" name="xor_ln214_17_fu_487">
<pin_list>
<pin id="488" dir="0" index="0" bw="1" slack="0"/>
<pin id="489" dir="0" index="1" bw="1" slack="0"/>
<pin id="490" dir="1" index="2" bw="1" slack="0"/>
</pin_list>
<bind>
<opcode="xor(25) " fcode="xor"/>
<opset="xor_ln214_17/2 "/>
</bind>
</comp>

<comp id="493" class="1004" name="trunc_ln214_fu_493">
<pin_list>
<pin id="494" dir="0" index="0" bw="64" slack="0"/>
<pin id="495" dir="1" index="1" bw="63" slack="0"/>
</pin_list>
<bind>
<opcode="trunc(33) " fcode="trunc"/>
<opset="trunc_ln214/2 "/>
</bind>
</comp>

<comp id="497" class="1004" name="xor_ln214_s_fu_497">
<pin_list>
<pin id="498" dir="0" index="0" bw="64" slack="0"/>
<pin id="499" dir="0" index="1" bw="1" slack="0"/>
<pin id="500" dir="0" index="2" bw="63" slack="0"/>
<pin id="501" dir="1" index="3" bw="64" slack="0"/>
</pin_list>
<bind>
<opcode="bitconcatenate(1004) " fcode="bitconcatenate"/>
<opset="xor_ln214_s/2 "/>
</bind>
</comp>

<comp id="505" class="1004" name="and_ln214_fu_505">
<pin_list>
<pin id="506" dir="0" index="0" bw="64" slack="0"/>
<pin id="507" dir="0" index="1" bw="64" slack="1"/>
<pin id="508" dir="1" index="2" bw="64" slack="0"/>
</pin_list>
<bind>
<opcode="and(23) " fcode="and"/>
<opset="and_ln214/2 "/>
</bind>
</comp>

<comp id="510" class="1004" name="xor_ln214_15_fu_510">
<pin_list>
<pin id="511" dir="0" index="0" bw="64" slack="0"/>
<pin id="512" dir="0" index="1" bw="64" slack="0"/>
<pin id="513" dir="1" index="2" bw="64" slack="0"/>
</pin_list>
<bind>
<opcode="xor(25) " fcode="xor"/>
<opset="xor_ln214_15/2 "/>
</bind>
</comp>

<comp id="516" class="1004" name="or_ln214_5_fu_516">
<pin_list>
<pin id="517" dir="0" index="0" bw="64" slack="0"/>
<pin id="518" dir="0" index="1" bw="64" slack="0"/>
<pin id="519" dir="1" index="2" bw="64" slack="0"/>
</pin_list>
<bind>
<opcode="or(24) " fcode="or"/>
<opset="or_ln214_5/2 "/>
</bind>
</comp>

<comp id="522" class="1004" name="tmp_192_fu_522">
<pin_list>
<pin id="523" dir="0" index="0" bw="1" slack="0"/>
<pin id="524" dir="0" index="1" bw="64" slack="0"/>
<pin id="525" dir="0" index="2" bw="7" slack="0"/>
<pin id="526" dir="1" index="3" bw="1" slack="0"/>
</pin_list>
<bind>
<opcode="bitselect(1000) " fcode="bitselect"/>
<opset="tmp_192/2 "/>
</bind>
</comp>

<comp id="530" class="1004" name="zext_ln215_fu_530">
<pin_list>
<pin id="531" dir="0" index="0" bw="1" slack="0"/>
<pin id="532" dir="1" index="1" bw="3" slack="0"/>
</pin_list>
<bind>
<opcode="zext(34) " fcode="zext"/>
<opset="zext_ln215/2 "/>
</bind>
</comp>

<comp id="534" class="1004" name="t_64_fu_534">
<pin_list>
<pin id="535" dir="0" index="0" bw="1" slack="0"/>
<pin id="536" dir="0" index="1" bw="3" slack="0"/>
<pin id="537" dir="1" index="2" bw="3" slack="0"/>
</pin_list>
<bind>
<opcode="add(8) " fcode="add"/>
<opset="t_64/2 "/>
</bind>
</comp>

<comp id="540" class="1004" name="store_ln181_store_fu_540">
<pin_list>
<pin id="541" dir="0" index="0" bw="64" slack="0"/>
<pin id="542" dir="0" index="1" bw="64" slack="1"/>
<pin id="543" dir="1" index="2" bw="0" slack="2147483647"/>
</pin_list>
<bind>
<opcode="store(28) " fcode="store"/>
<opset="store_ln181/2 "/>
</bind>
</comp>

<comp id="545" class="1004" name="store_ln181_store_fu_545">
<pin_list>
<pin id="546" dir="0" index="0" bw="64" slack="0"/>
<pin id="547" dir="0" index="1" bw="64" slack="0"/>
<pin id="548" dir="1" index="2" bw="0" slack="2147483647"/>
</pin_list>
<bind>
<opcode="store(28) " fcode="store"/>
<opset="store_ln181/2 "/>
</bind>
</comp>

<comp id="551" class="1004" name="store_ln181_store_fu_551">
<pin_list>
<pin id="552" dir="0" index="0" bw="3" slack="0"/>
<pin id="553" dir="0" index="1" bw="3" slack="1"/>
<pin id="554" dir="1" index="2" bw="0" slack="2147483647"/>
</pin_list>
<bind>
<opcode="store(28) " fcode="store"/>
<opset="store_ln181/2 "/>
</bind>
</comp>

<comp id="556" class="1004" name="t_load_load_fu_556">
<pin_list>
<pin id="557" dir="0" index="0" bw="3" slack="0"/>
<pin id="558" dir="1" index="1" bw="3" slack="0"/>
</pin_list>
<bind>
<opcode="load(27) " fcode="load"/>
<opset="t_load/1 "/>
</bind>
</comp>

<comp id="560" class="1004" name="v_137_load_2_load_fu_560">
<pin_list>
<pin id="561" dir="0" index="0" bw="64" slack="0"/>
<pin id="562" dir="1" index="1" bw="64" slack="0"/>
</pin_list>
<bind>
<opcode="load(27) " fcode="load"/>
<opset="v_137_load_2/1 "/>
</bind>
</comp>

<comp id="564" class="1005" name="t_reg_564">
<pin_list>
<pin id="565" dir="0" index="0" bw="3" slack="0"/>
<pin id="566" dir="1" index="1" bw="3" slack="0"/>
</pin_list>
<bind>
<opset="t "/>
</bind>
</comp>

<comp id="572" class="1005" name="v_137_reg_572">
<pin_list>
<pin id="573" dir="0" index="0" bw="64" slack="0"/>
<pin id="574" dir="1" index="1" bw="64" slack="0"/>
</pin_list>
<bind>
<opset="v_137 "/>
</bind>
</comp>

<comp id="580" class="1005" name="j_14_reg_580">
<pin_list>
<pin id="581" dir="0" index="0" bw="4" slack="0"/>
<pin id="582" dir="1" index="1" bw="4" slack="0"/>
</pin_list>
<bind>
<opset="j_14 "/>
</bind>
</comp>

<comp id="590" class="1005" name="lo_reg_590">
<pin_list>
<pin id="591" dir="0" index="0" bw="64" slack="1"/>
<pin id="592" dir="1" index="1" bw="64" slack="1"/>
</pin_list>
<bind>
<opset="lo "/>
</bind>
</comp>

<comp id="597" class="1005" name="hi_reg_597">
<pin_list>
<pin id="598" dir="0" index="0" bw="64" slack="1"/>
<pin id="599" dir="1" index="1" bw="64" slack="1"/>
</pin_list>
<bind>
<opset="hi "/>
</bind>
</comp>

</comp_list>

<net_list>
<net id="119"><net_src comp="42" pin="0"/><net_sink comp="116" pin=0"/></net>

<net id="123"><net_src comp="42" pin="0"/><net_sink comp="120" pin=0"/></net>

<net id="127"><net_src comp="42" pin="0"/><net_sink comp="124" pin=0"/></net>

<net id="132"><net_src comp="44" pin="0"/><net_sink comp="128" pin=0"/></net>

<net id="133"><net_src comp="34" pin="0"/><net_sink comp="128" pin=1"/></net>

<net id="138"><net_src comp="44" pin="0"/><net_sink comp="134" pin=0"/></net>

<net id="139"><net_src comp="32" pin="0"/><net_sink comp="134" pin=1"/></net>

<net id="144"><net_src comp="44" pin="0"/><net_sink comp="140" pin=0"/></net>

<net id="145"><net_src comp="30" pin="0"/><net_sink comp="140" pin=1"/></net>

<net id="150"><net_src comp="44" pin="0"/><net_sink comp="146" pin=0"/></net>

<net id="151"><net_src comp="28" pin="0"/><net_sink comp="146" pin=1"/></net>

<net id="156"><net_src comp="44" pin="0"/><net_sink comp="152" pin=0"/></net>

<net id="157"><net_src comp="26" pin="0"/><net_sink comp="152" pin=1"/></net>

<net id="162"><net_src comp="44" pin="0"/><net_sink comp="158" pin=0"/></net>

<net id="163"><net_src comp="24" pin="0"/><net_sink comp="158" pin=1"/></net>

<net id="168"><net_src comp="44" pin="0"/><net_sink comp="164" pin=0"/></net>

<net id="169"><net_src comp="22" pin="0"/><net_sink comp="164" pin=1"/></net>

<net id="174"><net_src comp="46" pin="0"/><net_sink comp="170" pin=0"/></net>

<net id="175"><net_src comp="20" pin="0"/><net_sink comp="170" pin=1"/></net>

<net id="180"><net_src comp="44" pin="0"/><net_sink comp="176" pin=0"/></net>

<net id="181"><net_src comp="18" pin="0"/><net_sink comp="176" pin=1"/></net>

<net id="186"><net_src comp="44" pin="0"/><net_sink comp="182" pin=0"/></net>

<net id="187"><net_src comp="16" pin="0"/><net_sink comp="182" pin=1"/></net>

<net id="192"><net_src comp="44" pin="0"/><net_sink comp="188" pin=0"/></net>

<net id="193"><net_src comp="14" pin="0"/><net_sink comp="188" pin=1"/></net>

<net id="198"><net_src comp="44" pin="0"/><net_sink comp="194" pin=0"/></net>

<net id="199"><net_src comp="12" pin="0"/><net_sink comp="194" pin=1"/></net>

<net id="204"><net_src comp="44" pin="0"/><net_sink comp="200" pin=0"/></net>

<net id="205"><net_src comp="10" pin="0"/><net_sink comp="200" pin=1"/></net>

<net id="210"><net_src comp="44" pin="0"/><net_sink comp="206" pin=0"/></net>

<net id="211"><net_src comp="8" pin="0"/><net_sink comp="206" pin=1"/></net>

<net id="216"><net_src comp="44" pin="0"/><net_sink comp="212" pin=0"/></net>

<net id="217"><net_src comp="6" pin="0"/><net_sink comp="212" pin=1"/></net>

<net id="222"><net_src comp="48" pin="0"/><net_sink comp="218" pin=0"/></net>

<net id="223"><net_src comp="4" pin="0"/><net_sink comp="218" pin=1"/></net>

<net id="228"><net_src comp="44" pin="0"/><net_sink comp="224" pin=0"/></net>

<net id="229"><net_src comp="2" pin="0"/><net_sink comp="224" pin=1"/></net>

<net id="234"><net_src comp="46" pin="0"/><net_sink comp="230" pin=0"/></net>

<net id="235"><net_src comp="0" pin="0"/><net_sink comp="230" pin=1"/></net>

<net id="241"><net_src comp="112" pin="0"/><net_sink comp="236" pin=0"/></net>

<net id="242"><net_src comp="36" pin="0"/><net_sink comp="236" pin=1"/></net>

<net id="248"><net_src comp="114" pin="0"/><net_sink comp="243" pin=0"/></net>

<net id="249"><net_src comp="40" pin="0"/><net_sink comp="243" pin=1"/></net>

<net id="255"><net_src comp="72" pin="0"/><net_sink comp="250" pin=0"/></net>

<net id="259"><net_src comp="218" pin="2"/><net_sink comp="256" pin=0"/></net>

<net id="263"><net_src comp="230" pin="2"/><net_sink comp="260" pin=0"/></net>

<net id="268"><net_src comp="260" pin="1"/><net_sink comp="264" pin=0"/></net>

<net id="273"><net_src comp="224" pin="2"/><net_sink comp="269" pin=0"/></net>

<net id="278"><net_src comp="256" pin="1"/><net_sink comp="274" pin=0"/></net>

<net id="279"><net_src comp="38" pin="0"/><net_sink comp="274" pin=1"/></net>

<net id="284"><net_src comp="50" pin="0"/><net_sink comp="280" pin=0"/></net>

<net id="292"><net_src comp="285" pin="1"/><net_sink comp="288" pin=0"/></net>

<net id="293"><net_src comp="52" pin="0"/><net_sink comp="288" pin=1"/></net>

<net id="297"><net_src comp="285" pin="1"/><net_sink comp="294" pin=0"/></net>

<net id="317"><net_src comp="54" pin="0"/><net_sink comp="298" pin=0"/></net>

<net id="318"><net_src comp="56" pin="0"/><net_sink comp="298" pin=1"/></net>

<net id="319"><net_src comp="212" pin="2"/><net_sink comp="298" pin=2"/></net>

<net id="320"><net_src comp="58" pin="0"/><net_sink comp="298" pin=3"/></net>

<net id="321"><net_src comp="206" pin="2"/><net_sink comp="298" pin=4"/></net>

<net id="322"><net_src comp="60" pin="0"/><net_sink comp="298" pin=5"/></net>

<net id="323"><net_src comp="200" pin="2"/><net_sink comp="298" pin=6"/></net>

<net id="324"><net_src comp="62" pin="0"/><net_sink comp="298" pin=7"/></net>

<net id="325"><net_src comp="194" pin="2"/><net_sink comp="298" pin=8"/></net>

<net id="326"><net_src comp="64" pin="0"/><net_sink comp="298" pin=9"/></net>

<net id="327"><net_src comp="188" pin="2"/><net_sink comp="298" pin=10"/></net>

<net id="328"><net_src comp="66" pin="0"/><net_sink comp="298" pin=11"/></net>

<net id="329"><net_src comp="182" pin="2"/><net_sink comp="298" pin=12"/></net>

<net id="330"><net_src comp="68" pin="0"/><net_sink comp="298" pin=13"/></net>

<net id="331"><net_src comp="176" pin="2"/><net_sink comp="298" pin=14"/></net>

<net id="332"><net_src comp="70" pin="0"/><net_sink comp="298" pin=15"/></net>

<net id="333"><net_src comp="294" pin="1"/><net_sink comp="298" pin=16"/></net>

<net id="334"><net_src comp="298" pin="17"/><net_sink comp="250" pin=1"/></net>

<net id="339"><net_src comp="170" pin="2"/><net_sink comp="335" pin=0"/></net>

<net id="340"><net_src comp="294" pin="1"/><net_sink comp="335" pin=1"/></net>

<net id="360"><net_src comp="54" pin="0"/><net_sink comp="341" pin=0"/></net>

<net id="361"><net_src comp="56" pin="0"/><net_sink comp="341" pin=1"/></net>

<net id="362"><net_src comp="164" pin="2"/><net_sink comp="341" pin=2"/></net>

<net id="363"><net_src comp="58" pin="0"/><net_sink comp="341" pin=3"/></net>

<net id="364"><net_src comp="158" pin="2"/><net_sink comp="341" pin=4"/></net>

<net id="365"><net_src comp="60" pin="0"/><net_sink comp="341" pin=5"/></net>

<net id="366"><net_src comp="152" pin="2"/><net_sink comp="341" pin=6"/></net>

<net id="367"><net_src comp="62" pin="0"/><net_sink comp="341" pin=7"/></net>

<net id="368"><net_src comp="146" pin="2"/><net_sink comp="341" pin=8"/></net>

<net id="369"><net_src comp="64" pin="0"/><net_sink comp="341" pin=9"/></net>

<net id="370"><net_src comp="140" pin="2"/><net_sink comp="341" pin=10"/></net>

<net id="371"><net_src comp="66" pin="0"/><net_sink comp="341" pin=11"/></net>

<net id="372"><net_src comp="134" pin="2"/><net_sink comp="341" pin=12"/></net>

<net id="373"><net_src comp="68" pin="0"/><net_sink comp="341" pin=13"/></net>

<net id="374"><net_src comp="128" pin="2"/><net_sink comp="341" pin=14"/></net>

<net id="375"><net_src comp="70" pin="0"/><net_sink comp="341" pin=15"/></net>

<net id="376"><net_src comp="335" pin="2"/><net_sink comp="341" pin=16"/></net>

<net id="377"><net_src comp="341" pin="17"/><net_sink comp="250" pin=2"/></net>

<net id="381"><net_src comp="250" pin="3"/><net_sink comp="378" pin=0"/></net>

<net id="387"><net_src comp="74" pin="0"/><net_sink comp="382" pin=0"/></net>

<net id="388"><net_src comp="250" pin="3"/><net_sink comp="382" pin=1"/></net>

<net id="389"><net_src comp="76" pin="0"/><net_sink comp="382" pin=2"/></net>

<net id="394"><net_src comp="285" pin="1"/><net_sink comp="390" pin=0"/></net>

<net id="395"><net_src comp="78" pin="0"/><net_sink comp="390" pin=1"/></net>

<net id="400"><net_src comp="390" pin="2"/><net_sink comp="396" pin=0"/></net>

<net id="407"><net_src comp="38" pin="0"/><net_sink comp="404" pin=0"/></net>

<net id="415"><net_src comp="408" pin="1"/><net_sink comp="411" pin=1"/></net>

<net id="420"><net_src comp="411" pin="2"/><net_sink comp="416" pin=0"/></net>

<net id="425"><net_src comp="408" pin="1"/><net_sink comp="421" pin=1"/></net>

<net id="430"><net_src comp="416" pin="2"/><net_sink comp="426" pin=0"/></net>

<net id="431"><net_src comp="421" pin="2"/><net_sink comp="426" pin=1"/></net>

<net id="436"><net_src comp="426" pin="2"/><net_sink comp="432" pin=0"/></net>

<net id="437"><net_src comp="411" pin="2"/><net_sink comp="432" pin=1"/></net>

<net id="443"><net_src comp="100" pin="0"/><net_sink comp="438" pin=0"/></net>

<net id="444"><net_src comp="432" pin="2"/><net_sink comp="438" pin=1"/></net>

<net id="445"><net_src comp="102" pin="0"/><net_sink comp="438" pin=2"/></net>

<net id="449"><net_src comp="438" pin="3"/><net_sink comp="446" pin=0"/></net>

<net id="454"><net_src comp="446" pin="1"/><net_sink comp="450" pin=1"/></net>

<net id="459"><net_src comp="450" pin="2"/><net_sink comp="455" pin=0"/></net>

<net id="460"><net_src comp="404" pin="1"/><net_sink comp="455" pin=1"/></net>

<net id="465"><net_src comp="455" pin="2"/><net_sink comp="461" pin=0"/></net>

<net id="466"><net_src comp="450" pin="2"/><net_sink comp="461" pin=1"/></net>

<net id="471"><net_src comp="450" pin="2"/><net_sink comp="467" pin=0"/></net>

<net id="472"><net_src comp="404" pin="1"/><net_sink comp="467" pin=1"/></net>

<net id="477"><net_src comp="461" pin="2"/><net_sink comp="473" pin=0"/></net>

<net id="478"><net_src comp="467" pin="2"/><net_sink comp="473" pin=1"/></net>

<net id="484"><net_src comp="104" pin="0"/><net_sink comp="479" pin=0"/></net>

<net id="485"><net_src comp="450" pin="2"/><net_sink comp="479" pin=1"/></net>

<net id="486"><net_src comp="106" pin="0"/><net_sink comp="479" pin=2"/></net>

<net id="491"><net_src comp="479" pin="3"/><net_sink comp="487" pin=0"/></net>

<net id="492"><net_src comp="108" pin="0"/><net_sink comp="487" pin=1"/></net>

<net id="496"><net_src comp="450" pin="2"/><net_sink comp="493" pin=0"/></net>

<net id="502"><net_src comp="110" pin="0"/><net_sink comp="497" pin=0"/></net>

<net id="503"><net_src comp="487" pin="2"/><net_sink comp="497" pin=1"/></net>

<net id="504"><net_src comp="493" pin="1"/><net_sink comp="497" pin=2"/></net>

<net id="509"><net_src comp="497" pin="3"/><net_sink comp="505" pin=0"/></net>

<net id="514"><net_src comp="473" pin="2"/><net_sink comp="510" pin=0"/></net>

<net id="515"><net_src comp="455" pin="2"/><net_sink comp="510" pin=1"/></net>

<net id="520"><net_src comp="510" pin="2"/><net_sink comp="516" pin=0"/></net>

<net id="521"><net_src comp="505" pin="2"/><net_sink comp="516" pin=1"/></net>

<net id="527"><net_src comp="100" pin="0"/><net_sink comp="522" pin=0"/></net>

<net id="528"><net_src comp="516" pin="2"/><net_sink comp="522" pin=1"/></net>

<net id="529"><net_src comp="102" pin="0"/><net_sink comp="522" pin=2"/></net>

<net id="533"><net_src comp="522" pin="3"/><net_sink comp="530" pin=0"/></net>

<net id="538"><net_src comp="530" pin="1"/><net_sink comp="534" pin=0"/></net>

<net id="539"><net_src comp="401" pin="1"/><net_sink comp="534" pin=1"/></net>

<net id="544"><net_src comp="411" pin="2"/><net_sink comp="540" pin=0"/></net>

<net id="549"><net_src comp="455" pin="2"/><net_sink comp="545" pin=0"/></net>

<net id="550"><net_src comp="38" pin="0"/><net_sink comp="545" pin=1"/></net>

<net id="555"><net_src comp="534" pin="2"/><net_sink comp="551" pin=0"/></net>

<net id="559"><net_src comp="556" pin="1"/><net_sink comp="243" pin=2"/></net>

<net id="563"><net_src comp="560" pin="1"/><net_sink comp="236" pin=2"/></net>

<net id="567"><net_src comp="116" pin="1"/><net_sink comp="564" pin=0"/></net>

<net id="568"><net_src comp="564" pin="1"/><net_sink comp="280" pin=1"/></net>

<net id="569"><net_src comp="564" pin="1"/><net_sink comp="401" pin=0"/></net>

<net id="570"><net_src comp="564" pin="1"/><net_sink comp="551" pin=1"/></net>

<net id="571"><net_src comp="564" pin="1"/><net_sink comp="556" pin=0"/></net>

<net id="575"><net_src comp="120" pin="1"/><net_sink comp="572" pin=0"/></net>

<net id="576"><net_src comp="572" pin="1"/><net_sink comp="269" pin=1"/></net>

<net id="577"><net_src comp="572" pin="1"/><net_sink comp="408" pin=0"/></net>

<net id="578"><net_src comp="572" pin="1"/><net_sink comp="540" pin=1"/></net>

<net id="579"><net_src comp="572" pin="1"/><net_sink comp="560" pin=0"/></net>

<net id="583"><net_src comp="124" pin="1"/><net_sink comp="580" pin=0"/></net>

<net id="584"><net_src comp="580" pin="1"/><net_sink comp="264" pin=1"/></net>

<net id="585"><net_src comp="580" pin="1"/><net_sink comp="285" pin=0"/></net>

<net id="586"><net_src comp="580" pin="1"/><net_sink comp="396" pin=1"/></net>

<net id="593"><net_src comp="378" pin="1"/><net_sink comp="590" pin=0"/></net>

<net id="594"><net_src comp="590" pin="1"/><net_sink comp="411" pin=0"/></net>

<net id="595"><net_src comp="590" pin="1"/><net_sink comp="416" pin=1"/></net>

<net id="596"><net_src comp="590" pin="1"/><net_sink comp="421" pin=0"/></net>

<net id="600"><net_src comp="382" pin="3"/><net_sink comp="597" pin=0"/></net>

<net id="601"><net_src comp="597" pin="1"/><net_sink comp="450" pin=0"/></net>

<net id="602"><net_src comp="597" pin="1"/><net_sink comp="505" pin=1"/></net>

</net_list>

</model> 
---------------- Datapath Model END ------------------

* FSMD analyzer results:
  - Output states:
	Port: v_137_out | {1 }
	Port: u_129_out | {1 2 }
	Port: t_66_out | {1 }
 - Input state : 
	Port: mp_mul.9260_Pipeline_VITIS_LOOP_208_4 : indvars_iv | {1 }
	Port: mp_mul.9260_Pipeline_VITIS_LOOP_208_4 : v | {1 }
	Port: mp_mul.9260_Pipeline_VITIS_LOOP_208_4 : zext_ln206 | {1 }
	Port: mp_mul.9260_Pipeline_VITIS_LOOP_208_4 : t0_i204_1_load | {1 }
	Port: mp_mul.9260_Pipeline_VITIS_LOOP_208_4 : t0_i204_2_load | {1 }
	Port: mp_mul.9260_Pipeline_VITIS_LOOP_208_4 : t0_i204_3_load | {1 }
	Port: mp_mul.9260_Pipeline_VITIS_LOOP_208_4 : t0_i204_4_load | {1 }
	Port: mp_mul.9260_Pipeline_VITIS_LOOP_208_4 : t0_i204_5_load | {1 }
	Port: mp_mul.9260_Pipeline_VITIS_LOOP_208_4 : t0_i204_6_load | {1 }
	Port: mp_mul.9260_Pipeline_VITIS_LOOP_208_4 : t0_i204_7_load | {1 }
	Port: mp_mul.9260_Pipeline_VITIS_LOOP_208_4 : empty | {1 }
	Port: mp_mul.9260_Pipeline_VITIS_LOOP_208_4 : t1_i205_1_load | {1 }
	Port: mp_mul.9260_Pipeline_VITIS_LOOP_208_4 : t1_i205_2_load | {1 }
	Port: mp_mul.9260_Pipeline_VITIS_LOOP_208_4 : t1_i205_3_load | {1 }
	Port: mp_mul.9260_Pipeline_VITIS_LOOP_208_4 : t1_i205_4_load | {1 }
	Port: mp_mul.9260_Pipeline_VITIS_LOOP_208_4 : t1_i205_5_load | {1 }
	Port: mp_mul.9260_Pipeline_VITIS_LOOP_208_4 : t1_i205_6_load | {1 }
	Port: mp_mul.9260_Pipeline_VITIS_LOOP_208_4 : t1_i205_7_load | {1 }
	Port: mp_mul.9260_Pipeline_VITIS_LOOP_208_4 : u_129_out | {2 }
  - Chain level:
	State 1
		store_ln180 : 1
		store_ln181 : 1
		store_ln181 : 1
		j : 1
		icmp_ln208 : 2
		br_ln208 : 3
		trunc_ln208 : 2
		tmp_s : 3
		sub_ln210 : 3
		tmp_25 : 4
		tmp_26 : 5
		lo : 6
		hi : 6
		add_ln208 : 2
		store_ln180 : 3
		t_load : 1
		v_137_load_2 : 1
		write_ln0 : 2
		write_ln0 : 2
	State 2
		v_215 : 1
		xor_ln105_23 : 2
		xor_ln105_24 : 1
		or_ln105_5 : 2
		xor_ln105_25 : 2
		carry : 2
		zext_ln105 : 3
		tempReg_63 : 4
		u : 5
		xor_ln214 : 6
		xor_ln214_13 : 5
		or_ln214 : 6
		bit_sel1 : 5
		xor_ln214_17 : 6
		trunc_ln214 : 5
		xor_ln214_s : 6
		and_ln214 : 7
		xor_ln214_15 : 6
		or_ln214_5 : 7
		tmp_192 : 7
		zext_ln215 : 8
		t_64 : 9
		store_ln181 : 2
		store_ln181 : 6
		store_ln181 : 10


============================================================
+ Verbose Summary: Datapath Resource usage 
============================================================

* Functional unit list:
|----------|---------------------------------|---------|---------|---------|
| Operation|         Functional Unit         |   DSP   |    FF   |   LUT   |
|----------|---------------------------------|---------|---------|---------|
|          |       xor_ln105_23_fu_416       |    0    |    0    |    64   |
|          |       xor_ln105_24_fu_421       |    0    |    0    |    64   |
|          |       xor_ln105_25_fu_432       |    0    |    0    |    64   |
|    xor   |         xor_ln214_fu_461        |    0    |    0    |    64   |
|          |       xor_ln214_13_fu_467       |    0    |    0    |    64   |
|          |       xor_ln214_17_fu_487       |    0    |    0    |    2    |
|          |       xor_ln214_15_fu_510       |    0    |    0    |    64   |
|----------|---------------------------------|---------|---------|---------|
|          |         add_ln208_fu_390        |    0    |    0    |    12   |
|          |           v_215_fu_411          |    0    |    0    |    71   |
|    add   |        tempReg_63_fu_450        |    0    |    0    |    71   |
|          |             u_fu_455            |    0    |    0    |    71   |
|          |           t_64_fu_534           |    0    |    0    |    10   |
|----------|---------------------------------|---------|---------|---------|
|          |        or_ln105_5_fu_426        |    0    |    0    |    64   |
|    or    |         or_ln214_fu_473         |    0    |    0    |    64   |
|          |        or_ln214_5_fu_516        |    0    |    0    |    64   |
|----------|---------------------------------|---------|---------|---------|
| sparsemux|           tmp_s_fu_298          |    0    |    0    |    37   |
|          |          tmp_25_fu_341          |    0    |    0    |    37   |
|----------|---------------------------------|---------|---------|---------|
|    and   |         and_ln214_fu_505        |    0    |    0    |    64   |
|----------|---------------------------------|---------|---------|---------|
|   call   | tmp_26_digit_x_digit_hls_fu_250 |    16   |    0    |    45   |
|----------|---------------------------------|---------|---------|---------|
|   icmp   |        icmp_ln208_fu_288        |    0    |    0    |    12   |
|----------|---------------------------------|---------|---------|---------|
|    sub   |         sub_ln210_fu_335        |    0    |    0    |    10   |
|----------|---------------------------------|---------|---------|---------|
|          | t1_i205_7_load_read_read_fu_128 |    0    |    0    |    0    |
|          | t1_i205_6_load_read_read_fu_134 |    0    |    0    |    0    |
|          | t1_i205_5_load_read_read_fu_140 |    0    |    0    |    0    |
|          | t1_i205_4_load_read_read_fu_146 |    0    |    0    |    0    |
|          | t1_i205_3_load_read_read_fu_152 |    0    |    0    |    0    |
|          | t1_i205_2_load_read_read_fu_158 |    0    |    0    |    0    |
|          | t1_i205_1_load_read_read_fu_164 |    0    |    0    |    0    |
|          |         tmp_read_fu_170         |    0    |    0    |    0    |
|   read   | t0_i204_7_load_read_read_fu_176 |    0    |    0    |    0    |
|          | t0_i204_6_load_read_read_fu_182 |    0    |    0    |    0    |
|          | t0_i204_5_load_read_read_fu_188 |    0    |    0    |    0    |
|          | t0_i204_4_load_read_read_fu_194 |    0    |    0    |    0    |
|          | t0_i204_3_load_read_read_fu_200 |    0    |    0    |    0    |
|          | t0_i204_2_load_read_read_fu_206 |    0    |    0    |    0    |
|          | t0_i204_1_load_read_read_fu_212 |    0    |    0    |    0    |
|          |   zext_ln206_read_read_fu_218   |    0    |    0    |    0    |
|          |        v_read_read_fu_224       |    0    |    0    |    0    |
|          |   indvars_iv_read_read_fu_230   |    0    |    0    |    0    |
|----------|---------------------------------|---------|---------|---------|
|   write  |      write_ln0_write_fu_236     |    0    |    0    |    0    |
|          |      write_ln0_write_fu_243     |    0    |    0    |    0    |
|----------|---------------------------------|---------|---------|---------|
|          |      zext_ln206_cast_fu_256     |    0    |    0    |    0    |
|   zext   |      indvars_iv_cast_fu_260     |    0    |    0    |    0    |
|          |        zext_ln105_fu_446        |    0    |    0    |    0    |
|          |        zext_ln215_fu_530        |    0    |    0    |    0    |
|----------|---------------------------------|---------|---------|---------|
|          |        trunc_ln208_fu_294       |    0    |    0    |    0    |
|   trunc  |            lo_fu_378            |    0    |    0    |    0    |
|          |        trunc_ln214_fu_493       |    0    |    0    |    0    |
|----------|---------------------------------|---------|---------|---------|
|partselect|            hi_fu_382            |    0    |    0    |    0    |
|----------|---------------------------------|---------|---------|---------|
|          |           carry_fu_438          |    0    |    0    |    0    |
| bitselect|         bit_sel1_fu_479         |    0    |    0    |    0    |
|          |          tmp_192_fu_522         |    0    |    0    |    0    |
|----------|---------------------------------|---------|---------|---------|
|bitconcatenate|        xor_ln214_s_fu_497       |    0    |    0    |    0    |
|----------|---------------------------------|---------|---------|---------|
|   Total  |                                 |    16   |    0    |   1018  |
|----------|---------------------------------|---------|---------|---------|

Memories:
N/A

* Register list:
+-------------+--------+
|             |   FF   |
+-------------+--------+
|  hi_reg_597 |   64   |
| j_14_reg_580|    4   |
|  lo_reg_590 |   64   |
|  t_reg_564  |    3   |
|v_137_reg_572|   64   |
+-------------+--------+
|    Total    |   199  |
+-------------+--------+

* Multiplexer (MUX) list: 
|--------|------|------|------|--------|
|  Comp  |  Pin | Size |  BW  | S x BW |
|--------|------|------|------|--------|
|  Total |      |      |      |    0   |
|--------|------|------|------|--------|



* Summary:
+-----------+--------+--------+--------+
|           |   DSP  |   FF   |   LUT  |
+-----------+--------+--------+--------+
|  Function |   16   |    0   |  1018  |
|   Memory  |    -   |    -   |    -   |
|Multiplexer|    -   |    -   |    -   |
|  Register |    -   |   199  |    -   |
+-----------+--------+--------+--------+
|   Total   |   16   |   199  |  1018  |
+-----------+--------+--------+--------+
