

================================================================
== Vitis HLS Report for 'mp_mul_2_Pipeline_VITIS_LOOP_257_4'
================================================================
* Date:           Wed Jul 30 15:25:54 2025

* Version:        2024.2.2 (Build 6049644 on Mar  5 2025)
* Project:        sikep503_hls
* Solution:       solution1 (Vivado IP Flow Target)
* Product family: virtexuplus58g
* Target device:  xcvu29p-fsga2577-2L-e


================================================================
== Performance Estimates
================================================================
+ Timing: 
    * Summary: 
    +--------+----------+----------+------------+
    |  Clock |  Target  | Estimated| Uncertainty|
    +--------+----------+----------+------------+
    |ap_clk  |  10.00 ns|  6.710 ns|     2.70 ns|
    +--------+----------+----------+------------+

+ Latency: 
    * Summary: 
    +---------+---------+-----------+----------+-----+-----+------------------------------------------------+
    |  Latency (cycles) |  Latency (absolute)  |  Interval |                    Pipeline                    |
    |   min   |   max   |    min    |    max   | min | max |                      Type                      |
    +---------+---------+-----------+----------+-----+-----+------------------------------------------------+
    |        5|       11|  50.000 ns|  0.110 us|    2|    8|  loop auto-rewind stp (delay=0 clock cycles(s))|
    +---------+---------+-----------+----------+-----+-----+------------------------------------------------+

    + Detail: 
        * Instance: 
        +--------------------------+---------------+---------+---------+-----------+-----------+-----+-----+---------+
        |                          |               |  Latency (cycles) |   Latency (absolute)  |  Interval | Pipeline|
        |         Instance         |     Module    |   min   |   max   |    min    |    max    | min | max |   Type  |
        +--------------------------+---------------+---------+---------+-----------+-----------+-----+-----+---------+
        |grp_digit_x_digit_fu_207  |digit_x_digit  |        1|        1|  10.000 ns|  10.000 ns|    1|    1|      yes|
        +--------------------------+---------------+---------+---------+-----------+-----------+-----+-----+---------+

        * Loop: 
        +--------------------+---------+---------+----------+-----------+-----------+-------+----------+
        |                    |  Latency (cycles) | Iteration|  Initiation Interval  |  Trip |          |
        |      Loop Name     |   min   |   max   |  Latency |  achieved |   target  | Count | Pipelined|
        +--------------------+---------+---------+----------+-----------+-----------+-------+----------+
        |- VITIS_LOOP_257_4  |        3|        9|         4|          1|          1|  1 ~ 7|       yes|
        +--------------------+---------+---------+----------+-----------+-----------+-------+----------+



================================================================
== Utilization Estimates
================================================================
* Summary: 
+---------------------+---------+-------+---------+---------+------+
|         Name        | BRAM_18K|  DSP  |    FF   |   LUT   | URAM |
+---------------------+---------+-------+---------+---------+------+
|DSP                  |        -|      -|        -|        -|     -|
|Expression           |        -|      -|        0|      901|     -|
|FIFO                 |        -|      -|        -|        -|     -|
|Instance             |        -|      -|        0|       37|     -|
|Memory               |        -|      -|        -|        -|     -|
|Multiplexer          |        -|      -|        0|       68|     -|
|Register             |        -|      -|      336|       32|     -|
+---------------------+---------+-------+---------+---------+------+
|Total                |        0|      0|      336|     1038|     0|
+---------------------+---------+-------+---------+---------+------+
|Available SLR        |     1344|   3072|   864000|   432000|   320|
+---------------------+---------+-------+---------+---------+------+
|Utilization SLR (%)  |        0|      0|       ~0|       ~0|     0|
+---------------------+---------+-------+---------+---------+------+
|Available            |     5376|  12288|  3456000|  1728000|  1280|
+---------------------+---------+-------+---------+---------+------+
|Utilization (%)      |        0|      0|       ~0|       ~0|     0|
+---------------------+---------+-------+---------+---------+------+

+ Detail: 
    * Instance: 
    +-----------------------------+-----------------------+---------+----+---+----+-----+
    |           Instance          |         Module        | BRAM_18K| DSP| FF| LUT| URAM|
    +-----------------------------+-----------------------+---------+----+---+----+-----+
    |sparsemux_15_3_64_1_1_U2139  |sparsemux_15_3_64_1_1  |        0|   0|  0|  37|    0|
    +-----------------------------+-----------------------+---------+----+---+----+-----+
    |Total                        |                       |        0|   0|  0|  37|    0|
    +-----------------------------+-----------------------+---------+----+---+----+-----+

    * DSP: 
    N/A

    * Memory: 
    N/A

    * FIFO: 
    N/A

    * Expression: 
    +------------------------+----------+----+---+----+------------+------------+
    |      Variable Name     | Operation| DSP| FF| LUT| Bitwidth P0| Bitwidth P1|
    +------------------------+----------+----+---+----+------------+------------+
    |add_ln257_fu_302_p2     |         +|   0|  0|  12|           4|           1|
    |t_fu_459_p2             |         +|   0|  0|  10|           3|           3|
    |tempReg_91_fu_373_p2    |         +|   0|  0|  71|          64|          64|
    |u_fu_379_p2             |         +|   0|  0|  71|          64|          64|
    |v_247_fu_331_p2         |         +|   0|  0|  71|          64|          64|
    |tmp_s_fu_266_p16        |         -|   0|  0|  10|           3|           3|
    |and_ln260_fu_429_p2     |       and|   0|  0|  64|          64|          64|
    |icmp_ln257_fu_245_p2    |      icmp|   0|  0|  12|           4|           5|
    |or_ln105_13_fu_349_p2   |        or|   0|  0|  64|          64|          64|
    |or_ln260_13_fu_441_p2   |        or|   0|  0|  64|          64|          64|
    |or_ln260_fu_397_p2      |        or|   0|  0|  64|          64|          64|
    |ap_enable_pp0           |       xor|   0|  0|   2|           1|           2|
    |xor_ln105_63_fu_337_p2  |       xor|   0|  0|  64|          64|          64|
    |xor_ln105_64_fu_343_p2  |       xor|   0|  0|  64|          64|          64|
    |xor_ln105_65_fu_355_p2  |       xor|   0|  0|  64|          64|          64|
    |xor_ln260_37_fu_391_p2  |       xor|   0|  0|  64|          64|          64|
    |xor_ln260_39_fu_435_p2  |       xor|   0|  0|  64|          64|          64|
    |xor_ln260_41_fu_411_p2  |       xor|   0|  0|   2|           1|           2|
    |xor_ln260_fu_385_p2     |       xor|   0|  0|  64|          64|          64|
    +------------------------+----------+----+---+----+------------+------------+
    |Total                   |          |   0|  0| 901|         848|         848|
    +------------------------+----------+----+---+----+------------+------------+

    * Multiplexer: 
    +-------------------------+----+-----------+-----+-----------+
    |           Name          | LUT| Input Size| Bits| Total Bits|
    +-------------------------+----+-----------+-----+-----------+
    |ap_done_int              |   9|          2|    1|          2|
    |ap_enable_reg_pp0_iter1  |   9|          2|    1|          2|
    |ap_sig_allocacmp_j       |   9|          2|    4|          8|
    |j_22_fu_110              |   9|          2|    4|          8|
    |t_33_fu_102              |   9|          2|    3|          6|
    |u_34_out_o               |  14|          3|   64|        192|
    |v_35_fu_106              |   9|          2|   64|        128|
    +-------------------------+----+-----------+-----+-----------+
    |Total                    |  68|         15|  141|        346|
    +-------------------------+----+-----------+-----+-----------+

    * Register: 
    +---------------------------------------+----+----+-----+-----------+
    |                  Name                 | FF | LUT| Bits| Const Bits|
    +---------------------------------------+----+----+-----+-----------+
    |a_load_reg_526                         |  64|   0|   64|          0|
    |ap_CS_fsm                              |   1|   0|    1|          0|
    |ap_done_reg                            |   1|   0|    1|          0|
    |ap_enable_reg_pp0_iter1                |   1|   0|    1|          0|
    |ap_enable_reg_pp0_iter2                |   1|   0|    1|          0|
    |ap_enable_reg_pp0_iter3                |   1|   0|    1|          0|
    |ap_loop_exit_ready_pp0_iter1_reg       |   1|   0|    1|          0|
    |ap_loop_exit_ready_pp0_iter2_reg       |   1|   0|    1|          0|
    |grp_digit_x_digit_fu_207_ap_start_reg  |   1|   0|    1|          0|
    |icmp_ln257_reg_512                     |   1|   0|    1|          0|
    |j_22_fu_110                            |   4|   0|    4|          0|
    |t_33_fu_102                            |   3|   0|    3|          0|
    |tmp_s_reg_521                          |  64|   0|   64|          0|
    |tmp_s_reg_521_pp0_iter1_reg            |  64|   0|   64|          0|
    |v_35_fu_106                            |  64|   0|   64|          0|
    |icmp_ln257_reg_512                     |  64|  32|    1|          0|
    +---------------------------------------+----+----+-----+-----------+
    |Total                                  | 336|  32|  273|          0|
    +---------------------------------------+----+----+-----+-----------+



================================================================
== Interface
================================================================
* Summary: 
+------------------------------------+-----+-----+------------+------------------------------------+--------------+
|              RTL Ports             | Dir | Bits|  Protocol  |            Source Object           |    C Type    |
+------------------------------------+-----+-----+------------+------------------------------------+--------------+
|ap_clk                              |   in|    1|  ap_ctrl_hs|  mp_mul.2_Pipeline_VITIS_LOOP_257_4|  return value|
|ap_rst                              |   in|    1|  ap_ctrl_hs|  mp_mul.2_Pipeline_VITIS_LOOP_257_4|  return value|
|ap_start                            |   in|    1|  ap_ctrl_hs|  mp_mul.2_Pipeline_VITIS_LOOP_257_4|  return value|
|ap_done                             |  out|    1|  ap_ctrl_hs|  mp_mul.2_Pipeline_VITIS_LOOP_257_4|  return value|
|ap_idle                             |  out|    1|  ap_ctrl_hs|  mp_mul.2_Pipeline_VITIS_LOOP_257_4|  return value|
|ap_ready                            |  out|    1|  ap_ctrl_hs|  mp_mul.2_Pipeline_VITIS_LOOP_257_4|  return value|
|grp_digit_x_digit_fu_660_p_din1     |  out|   64|  ap_ctrl_hs|  mp_mul.2_Pipeline_VITIS_LOOP_257_4|  return value|
|grp_digit_x_digit_fu_660_p_din2     |  out|   64|  ap_ctrl_hs|  mp_mul.2_Pipeline_VITIS_LOOP_257_4|  return value|
|grp_digit_x_digit_fu_660_p_dout0_0  |   in|   64|  ap_ctrl_hs|  mp_mul.2_Pipeline_VITIS_LOOP_257_4|  return value|
|grp_digit_x_digit_fu_660_p_dout0_1  |   in|   64|  ap_ctrl_hs|  mp_mul.2_Pipeline_VITIS_LOOP_257_4|  return value|
|grp_digit_x_digit_fu_660_p_start    |  out|    1|  ap_ctrl_hs|  mp_mul.2_Pipeline_VITIS_LOOP_257_4|  return value|
|grp_digit_x_digit_fu_660_p_ready    |   in|    1|  ap_ctrl_hs|  mp_mul.2_Pipeline_VITIS_LOOP_257_4|  return value|
|grp_digit_x_digit_fu_660_p_done     |   in|    1|  ap_ctrl_hs|  mp_mul.2_Pipeline_VITIS_LOOP_257_4|  return value|
|grp_digit_x_digit_fu_660_p_idle     |   in|    1|  ap_ctrl_hs|  mp_mul.2_Pipeline_VITIS_LOOP_257_4|  return value|
|indvars_iv                          |   in|    3|     ap_none|                          indvars_iv|        scalar|
|v                                   |   in|   64|     ap_none|                                   v|        scalar|
|zext_ln256                          |   in|    4|     ap_none|                          zext_ln256|        scalar|
|a_address0                          |  out|    3|   ap_memory|                                   a|         array|
|a_ce0                               |  out|    1|   ap_memory|                                   a|         array|
|a_q0                                |   in|   64|   ap_memory|                                   a|         array|
|empty                               |   in|    3|     ap_none|                               empty|        scalar|
|b_1_load                            |   in|   64|     ap_none|                            b_1_load|        scalar|
|b_2_load                            |   in|   64|     ap_none|                            b_2_load|        scalar|
|b_3_load                            |   in|   64|     ap_none|                            b_3_load|        scalar|
|b_4_load                            |   in|   64|     ap_none|                            b_4_load|        scalar|
|b_5_load                            |   in|   64|     ap_none|                            b_5_load|        scalar|
|b_6_load                            |   in|   64|     ap_none|                            b_6_load|        scalar|
|b_7_load                            |   in|   64|     ap_none|                            b_7_load|        scalar|
|v_35_out                            |  out|   64|      ap_vld|                            v_35_out|       pointer|
|v_35_out_ap_vld                     |  out|    1|      ap_vld|                            v_35_out|       pointer|
|u_34_out_i                          |   in|   64|     ap_ovld|                            u_34_out|       pointer|
|u_34_out_o                          |  out|   64|     ap_ovld|                            u_34_out|       pointer|
|u_34_out_o_ap_vld                   |  out|    1|     ap_ovld|                            u_34_out|       pointer|
|t_33_out                            |  out|    3|      ap_vld|                            t_33_out|       pointer|
|t_33_out_ap_vld                     |  out|    1|      ap_vld|                            t_33_out|       pointer|
+------------------------------------+-----+-----+------------+------------------------------------+--------------+

============================================================
+ Verbose Summary: Synthesis Manager
============================================================
InlineROM: 1
ExposeGlobal: 0
============================================================
+ Verbose Summary: CDFG Model
============================================================
IsTopModel: 0
ResetActiveHigh: 1
IsCombinational: 2
IsDatapathOnly: 2
HasWiredReturn: 1
HasMFsm: 2
HasVarLatency: 1
IsPipeline: 0
IsRtlPipelined: 0
IsInstanceOverlapped: 0
IsDontTouch: 0
HasImplIP: 0
IsGatedGlobalClock: 0

+ Individual pipeline summary: 
  * Pipeline-0: initiation interval (II) = 1, depth = 4


============================================================
+ Verbose Summary: Schedule
============================================================
* Number of FSM states : 4
* Pipeline : 1
  Pipeline-0 : II = 1, D = 4, States = { 1 2 3 4 }
* Dataflow Pipeline: 0

* FSM state transitions: 
1 --> 2 
2 --> 3 
3 --> 4 
4 --> 

* FSM state operations: 

State 1 <SV = 0> <Delay = 1.51>
ST_1 : Operation 7 [1/1] (0.00ns)   --->   "%t_33 = alloca i32 1" [src/generic/fp_generic.cpp:239]   --->   Operation 7 'alloca' 't_33' <Predicate = true> <Delay = 0.00>
ST_1 : Operation 8 [1/1] (0.00ns)   --->   "%v_35 = alloca i32 1" [src/generic/fp_generic.cpp:239]   --->   Operation 8 'alloca' 'v_35' <Predicate = true> <Delay = 0.00>
ST_1 : Operation 9 [1/1] (0.00ns)   --->   "%j_22 = alloca i32 1" [src/generic/fp_generic.cpp:238]   --->   Operation 9 'alloca' 'j_22' <Predicate = true> <Delay = 0.00>
ST_1 : Operation 10 [1/1] (0.00ns)   --->   "%b_7_load_read = read i64 @_ssdm_op_Read.ap_auto.i64, i64 %b_7_load"   --->   Operation 10 'read' 'b_7_load_read' <Predicate = true> <Delay = 0.00>
ST_1 : Operation 11 [1/1] (0.00ns)   --->   "%b_6_load_read = read i64 @_ssdm_op_Read.ap_auto.i64, i64 %b_6_load"   --->   Operation 11 'read' 'b_6_load_read' <Predicate = true> <Delay = 0.00>
ST_1 : Operation 12 [1/1] (0.00ns)   --->   "%b_5_load_read = read i64 @_ssdm_op_Read.ap_auto.i64, i64 %b_5_load"   --->   Operation 12 'read' 'b_5_load_read' <Predicate = true> <Delay = 0.00>
ST_1 : Operation 13 [1/1] (0.00ns)   --->   "%b_4_load_read = read i64 @_ssdm_op_Read.ap_auto.i64, i64 %b_4_load"   --->   Operation 13 'read' 'b_4_load_read' <Predicate = true> <Delay = 0.00>
ST_1 : Operation 14 [1/1] (0.00ns)   --->   "%b_3_load_read = read i64 @_ssdm_op_Read.ap_auto.i64, i64 %b_3_load"   --->   Operation 14 'read' 'b_3_load_read' <Predicate = true> <Delay = 0.00>
ST_1 : Operation 15 [1/1] (0.00ns)   --->   "%b_2_load_read = read i64 @_ssdm_op_Read.ap_auto.i64, i64 %b_2_load"   --->   Operation 15 'read' 'b_2_load_read' <Predicate = true> <Delay = 0.00>
ST_1 : Operation 16 [1/1] (0.00ns)   --->   "%b_1_load_read = read i64 @_ssdm_op_Read.ap_auto.i64, i64 %b_1_load"   --->   Operation 16 'read' 'b_1_load_read' <Predicate = true> <Delay = 0.00>
ST_1 : Operation 17 [1/1] (0.00ns)   --->   "%tmp = read i3 @_ssdm_op_Read.ap_auto.i3, i3 %empty"   --->   Operation 17 'read' 'tmp' <Predicate = true> <Delay = 0.00>
ST_1 : Operation 18 [1/1] (0.00ns)   --->   "%zext_ln256_read = read i4 @_ssdm_op_Read.ap_auto.i4, i4 %zext_ln256"   --->   Operation 18 'read' 'zext_ln256_read' <Predicate = true> <Delay = 0.00>
ST_1 : Operation 19 [1/1] (0.00ns)   --->   "%v_read = read i64 @_ssdm_op_Read.ap_auto.i64, i64 %v"   --->   Operation 19 'read' 'v_read' <Predicate = true> <Delay = 0.00>
ST_1 : Operation 20 [1/1] (0.00ns)   --->   "%indvars_iv_read = read i3 @_ssdm_op_Read.ap_auto.i3, i3 %indvars_iv"   --->   Operation 20 'read' 'indvars_iv_read' <Predicate = true> <Delay = 0.00>
ST_1 : Operation 21 [1/1] (0.00ns)   --->   "%zext_ln256_cast = zext i4 %zext_ln256_read"   --->   Operation 21 'zext' 'zext_ln256_cast' <Predicate = true> <Delay = 0.00>
ST_1 : Operation 22 [1/1] (0.00ns)   --->   "%indvars_iv_cast = zext i3 %indvars_iv_read"   --->   Operation 22 'zext' 'indvars_iv_cast' <Predicate = true> <Delay = 0.00>
ST_1 : Operation 23 [1/1] (0.38ns)   --->   "%store_ln238 = store i4 %indvars_iv_cast, i4 %j_22" [src/generic/fp_generic.cpp:238]   --->   Operation 23 'store' 'store_ln238' <Predicate = true> <Delay = 0.38>
ST_1 : Operation 24 [1/1] (0.38ns)   --->   "%store_ln239 = store i64 %v_read, i64 %v_35" [src/generic/fp_generic.cpp:239]   --->   Operation 24 'store' 'store_ln239' <Predicate = true> <Delay = 0.38>
ST_1 : Operation 25 [1/1] (0.38ns)   --->   "%store_ln239 = store i64 %zext_ln256_cast, i64 %u_34_out" [src/generic/fp_generic.cpp:239]   --->   Operation 25 'store' 'store_ln239' <Predicate = true> <Delay = 0.38>
ST_1 : Operation 26 [1/1] (0.38ns)   --->   "%store_ln239 = store i3 0, i3 %t_33" [src/generic/fp_generic.cpp:239]   --->   Operation 26 'store' 'store_ln239' <Predicate = true> <Delay = 0.38>
ST_1 : Operation 27 [1/1] (0.00ns)   --->   "%br_ln0 = br void %for.inc58"   --->   Operation 27 'br' 'br_ln0' <Predicate = true> <Delay = 0.00>
ST_1 : Operation 28 [1/1] (0.00ns)   --->   "%j = load i4 %j_22" [src/generic/fp_generic.cpp:257]   --->   Operation 28 'load' 'j' <Predicate = true> <Delay = 0.00>
ST_1 : Operation 29 [1/1] (0.70ns)   --->   "%icmp_ln257 = icmp_eq  i4 %j, i4 8" [src/generic/fp_generic.cpp:257]   --->   Operation 29 'icmp' 'icmp_ln257' <Predicate = true> <Delay = 0.70> <CoreInst = "Cmp">   --->   Core 9 'Cmp' <Latency = 0> <II = 1> <Delay = 0.70> <FuncUnit> <Opcode : 'seteq' 'setne' 'setle' 'setge' 'setlt' 'setgt'> <InPorts = 2> <OutPorts = 1>
ST_1 : Operation 30 [1/1] (0.00ns)   --->   "%br_ln257 = br i1 %icmp_ln257, void %for.inc58.split, void %for.inc63.exitStub" [src/generic/fp_generic.cpp:257]   --->   Operation 30 'br' 'br_ln257' <Predicate = true> <Delay = 0.00>
ST_1 : Operation 31 [1/1] (0.00ns)   --->   "%zext_ln257 = zext i4 %j" [src/generic/fp_generic.cpp:257]   --->   Operation 31 'zext' 'zext_ln257' <Predicate = (!icmp_ln257)> <Delay = 0.00>
ST_1 : Operation 32 [1/1] (0.00ns)   --->   "%trunc_ln257 = trunc i4 %j" [src/generic/fp_generic.cpp:257]   --->   Operation 32 'trunc' 'trunc_ln257' <Predicate = (!icmp_ln257)> <Delay = 0.00>
ST_1 : Operation 33 [1/1] (0.00ns)   --->   "%a_addr = getelementptr i64 %a, i64 0, i64 %zext_ln257" [src/generic/fp_generic.cpp:258]   --->   Operation 33 'getelementptr' 'a_addr' <Predicate = (!icmp_ln257)> <Delay = 0.00>
ST_1 : Operation 34 [2/2] (0.71ns)   --->   "%a_load = load i3 %a_addr" [src/generic/fp_generic.cpp:258]   --->   Operation 34 'load' 'a_load' <Predicate = (!icmp_ln257)> <Delay = 0.71> <CoreInst = "RAM">   --->   Core 82 'RAM' <Latency = 1> <II = 1> <Delay = 0.71> <Storage> <Opcode : 'load' 'store'> <Ports = 2> <Width = 64> <Depth = 8> <RAM>
ST_1 : Operation 35 [1/1] (0.57ns)   --->   "%sub_ln258 = sub i3 %tmp, i3 %trunc_ln257" [src/generic/fp_generic.cpp:258]   --->   Operation 35 'sub' 'sub_ln258' <Predicate = (!icmp_ln257)> <Delay = 0.57> <CoreInst = "Adder">   --->   Core 1 'Adder' <Latency = 0> <II = 1> <Delay = 0.57> <FuncUnit> <Opcode : 'add' 'sub'> <InPorts = 2> <OutPorts = 1>
ST_1 : Operation 36 [1/1] (0.55ns)   --->   "%tmp_s = sparsemux i64 @_ssdm_op_SparseMux.ap_auto.7i64.i64.i3, i3 1, i64 %b_1_load_read, i3 2, i64 %b_2_load_read, i3 3, i64 %b_3_load_read, i3 4, i64 %b_4_load_read, i3 5, i64 %b_5_load_read, i3 6, i64 %b_6_load_read, i3 7, i64 %b_7_load_read, i64 0, i3 %sub_ln258" [src/generic/fp_generic.cpp:258]   --->   Operation 36 'sparsemux' 'tmp_s' <Predicate = (!icmp_ln257)> <Delay = 0.55> <CoreInst = "BinarySparseMux_DontCare">   --->   Core 159 'BinarySparseMux_DontCare' <Latency = 0> <II = 1> <Delay = 0.55> <FuncUnit> <Opcode : 'sparsemux'> <InPorts = 2> <OutPorts = 1>
ST_1 : Operation 37 [1/1] (0.70ns)   --->   "%add_ln257 = add i4 %j, i4 1" [src/generic/fp_generic.cpp:257]   --->   Operation 37 'add' 'add_ln257' <Predicate = (!icmp_ln257)> <Delay = 0.70> <CoreInst = "Adder">   --->   Core 1 'Adder' <Latency = 0> <II = 1> <Delay = 0.70> <FuncUnit> <Opcode : 'add' 'sub'> <InPorts = 2> <OutPorts = 1>
ST_1 : Operation 38 [1/1] (0.38ns)   --->   "%store_ln238 = store i4 %add_ln257, i4 %j_22" [src/generic/fp_generic.cpp:238]   --->   Operation 38 'store' 'store_ln238' <Predicate = (!icmp_ln257)> <Delay = 0.38>

State 2 <SV = 1> <Delay = 0.71>
ST_2 : Operation 39 [1/2] ( I:0.71ns O:0.71ns )   --->   "%a_load = load i3 %a_addr" [src/generic/fp_generic.cpp:258]   --->   Operation 39 'load' 'a_load' <Predicate = true> <Delay = 0.71> <CoreInst = "RAM">   --->   Core 82 'RAM' <Latency = 1> <II = 1> <Delay = 0.71> <Storage> <Opcode : 'load' 'store'> <Ports = 2> <Width = 64> <Depth = 8> <RAM>

State 3 <SV = 2> <Delay = 6.71>
ST_3 : Operation 40 [2/2] (6.71ns)   --->   "%call_ret = call i128 @digit_x_digit, i64 %a_load, i64 %tmp_s" [src/generic/fp_generic.cpp:258]   --->   Operation 40 'call' 'call_ret' <Predicate = (!icmp_ln257)> <Delay = 6.71> <CoreType = "Generic">   --->   Generic Core
ST_3 : Operation 76 [1/1] (0.00ns)   --->   "%t_33_load19 = load i3 %t_33"   --->   Operation 76 'load' 't_33_load19' <Predicate = (icmp_ln257)> <Delay = 0.00>
ST_3 : Operation 77 [1/1] (0.00ns)   --->   "%v_35_load17 = load i64 %v_35"   --->   Operation 77 'load' 'v_35_load17' <Predicate = (icmp_ln257)> <Delay = 0.00>
ST_3 : Operation 78 [1/1] (0.00ns)   --->   "%write_ln0 = write void @_ssdm_op_Write.ap_auto.i64P0A, i64 %v_35_out, i64 %v_35_load17"   --->   Operation 78 'write' 'write_ln0' <Predicate = (icmp_ln257)> <Delay = 0.00>
ST_3 : Operation 79 [1/1] (0.00ns)   --->   "%write_ln0 = write void @_ssdm_op_Write.ap_auto.i3P0A, i3 %t_33_out, i3 %t_33_load19"   --->   Operation 79 'write' 'write_ln0' <Predicate = (icmp_ln257)> <Delay = 0.00>
ST_3 : Operation 80 [1/1] (0.38ns)   --->   "%ret_ln0 = ret"   --->   Operation 80 'ret' 'ret_ln0' <Predicate = (icmp_ln257)> <Delay = 0.38>

State 4 <SV = 3> <Delay = 6.12>
ST_4 : Operation 41 [1/1] (0.00ns)   --->   "%t_33_load = load i3 %t_33" [src/generic/fp_generic.cpp:261]   --->   Operation 41 'load' 't_33_load' <Predicate = true> <Delay = 0.00>
ST_4 : Operation 42 [1/1] (0.00ns)   --->   "%u_34_out_load = load i64 %u_34_out" [src/generic/fp_generic.cpp:260]   --->   Operation 42 'load' 'u_34_out_load' <Predicate = true> <Delay = 0.00>
ST_4 : Operation 43 [1/1] (0.00ns)   --->   "%v_35_load = load i64 %v_35" [src/generic/fp_generic.cpp:259]   --->   Operation 43 'load' 'v_35_load' <Predicate = true> <Delay = 0.00>
ST_4 : Operation 44 [1/1] (0.00ns)   --->   "%specpipeline_ln238 = specpipeline void @_ssdm_op_SpecPipeline, i32 4294967295, i32 0, i32 0, i32 0, void @empty_34" [src/generic/fp_generic.cpp:238]   --->   Operation 44 'specpipeline' 'specpipeline_ln238' <Predicate = true> <Delay = 0.00>
ST_4 : Operation 45 [1/1] (0.00ns)   --->   "%speclooptripcount_ln238 = speclooptripcount void @_ssdm_op_SpecLoopTripCount, i64 1, i64 7, i64 4" [src/generic/fp_generic.cpp:238]   --->   Operation 45 'speclooptripcount' 'speclooptripcount_ln238' <Predicate = true> <Delay = 0.00>
ST_4 : Operation 46 [1/1] (0.00ns)   --->   "%specloopname_ln257 = specloopname void @_ssdm_op_SpecLoopName, void @empty_37" [src/generic/fp_generic.cpp:257]   --->   Operation 46 'specloopname' 'specloopname_ln257' <Predicate = true> <Delay = 0.00>
ST_4 : Operation 47 [1/2] (1.43ns)   --->   "%call_ret = call i128 @digit_x_digit, i64 %a_load, i64 %tmp_s" [src/generic/fp_generic.cpp:258]   --->   Operation 47 'call' 'call_ret' <Predicate = (!icmp_ln257)> <Delay = 1.43> <CoreType = "Generic">   --->   Generic Core
ST_4 : Operation 48 [1/1] (0.00ns)   --->   "%UV = extractvalue i128 %call_ret" [src/generic/fp_generic.cpp:258]   --->   Operation 48 'extractvalue' 'UV' <Predicate = true> <Delay = 0.00>
ST_4 : Operation 49 [1/1] (0.00ns)   --->   "%UV_85 = extractvalue i128 %call_ret" [src/generic/fp_generic.cpp:258]   --->   Operation 49 'extractvalue' 'UV_85' <Predicate = true> <Delay = 0.00>
ST_4 : Operation 50 [1/1] (1.14ns)   --->   "%v_247 = add i64 %UV, i64 %v_35_load" [src/generic/fp_generic.cpp:259]   --->   Operation 50 'add' 'v_247' <Predicate = true> <Delay = 1.14> <CoreInst = "Adder">   --->   Core 1 'Adder' <Latency = 0> <II = 1> <Delay = 1.14> <FuncUnit> <Opcode : 'add' 'sub'> <InPorts = 2> <OutPorts = 1>
ST_4 : Operation 51 [1/1] (0.00ns) (grouped into LUT with out node tempReg_91)   --->   "%xor_ln105_63 = xor i64 %v_247, i64 %UV" [src/config.h:105->src/generic/fp_generic.cpp:259]   --->   Operation 51 'xor' 'xor_ln105_63' <Predicate = true> <Delay = 0.00> <CoreInst = "LogicGate">   --->   Core 74 'LogicGate' <Latency = 0> <II = 1> <Delay = 0.28> <FuncUnit> <Opcode : 'and' 'or' 'xor'> <InPorts = 2> <OutPorts = 1>
ST_4 : Operation 52 [1/1] (0.00ns) (grouped into LUT with out node tempReg_91)   --->   "%xor_ln105_64 = xor i64 %UV, i64 %v_35_load" [src/config.h:105->src/generic/fp_generic.cpp:259]   --->   Operation 52 'xor' 'xor_ln105_64' <Predicate = true> <Delay = 0.00> <CoreInst = "LogicGate">   --->   Core 74 'LogicGate' <Latency = 0> <II = 1> <Delay = 0.28> <FuncUnit> <Opcode : 'and' 'or' 'xor'> <InPorts = 2> <OutPorts = 1>
ST_4 : Operation 53 [1/1] (0.00ns) (grouped into LUT with out node tempReg_91)   --->   "%or_ln105_13 = or i64 %xor_ln105_63, i64 %xor_ln105_64" [src/config.h:105->src/generic/fp_generic.cpp:259]   --->   Operation 53 'or' 'or_ln105_13' <Predicate = true> <Delay = 0.00> <CoreInst = "LogicGate">   --->   Core 74 'LogicGate' <Latency = 0> <II = 1> <Delay = 0.28> <FuncUnit> <Opcode : 'and' 'or' 'xor'> <InPorts = 2> <OutPorts = 1>
ST_4 : Operation 54 [1/1] (0.00ns) (grouped into LUT with out node tempReg_91)   --->   "%xor_ln105_65 = xor i64 %or_ln105_13, i64 %v_247" [src/config.h:105->src/generic/fp_generic.cpp:259]   --->   Operation 54 'xor' 'xor_ln105_65' <Predicate = true> <Delay = 0.00> <CoreInst = "LogicGate">   --->   Core 74 'LogicGate' <Latency = 0> <II = 1> <Delay = 0.28> <FuncUnit> <Opcode : 'and' 'or' 'xor'> <InPorts = 2> <OutPorts = 1>
ST_4 : Operation 55 [1/1] (0.00ns) (grouped into LUT with out node tempReg_91)   --->   "%carry = bitselect i1 @_ssdm_op_BitSelect.i1.i64.i32, i64 %xor_ln105_65, i32 63" [src/config.h:105->src/generic/fp_generic.cpp:259]   --->   Operation 55 'bitselect' 'carry' <Predicate = true> <Delay = 0.00>
ST_4 : Operation 56 [1/1] (0.00ns) (grouped into LUT with out node tempReg_91)   --->   "%zext_ln105 = zext i1 %carry" [src/config.h:105->src/generic/fp_generic.cpp:259]   --->   Operation 56 'zext' 'zext_ln105' <Predicate = true> <Delay = 0.00>
ST_4 : Operation 57 [1/1] (1.14ns) (out node of the LUT)   --->   "%tempReg_91 = add i64 %UV_85, i64 %zext_ln105" [src/generic/fp_generic.cpp:260]   --->   Operation 57 'add' 'tempReg_91' <Predicate = true> <Delay = 1.14> <CoreInst = "Adder">   --->   Core 1 'Adder' <Latency = 0> <II = 1> <Delay = 1.14> <FuncUnit> <Opcode : 'add' 'sub'> <InPorts = 2> <OutPorts = 1>
ST_4 : Operation 58 [1/1] (1.14ns)   --->   "%u = add i64 %tempReg_91, i64 %u_34_out_load" [src/generic/fp_generic.cpp:260]   --->   Operation 58 'add' 'u' <Predicate = true> <Delay = 1.14> <CoreInst = "Adder">   --->   Core 1 'Adder' <Latency = 0> <II = 1> <Delay = 1.14> <FuncUnit> <Opcode : 'add' 'sub'> <InPorts = 2> <OutPorts = 1>
ST_4 : Operation 59 [1/1] (0.00ns) (grouped into LUT with out node xor_ln260_39)   --->   "%xor_ln260 = xor i64 %u, i64 %tempReg_91" [src/generic/fp_generic.cpp:260]   --->   Operation 59 'xor' 'xor_ln260' <Predicate = true> <Delay = 0.00> <CoreInst = "LogicGate">   --->   Core 74 'LogicGate' <Latency = 0> <II = 1> <Delay = 0.28> <FuncUnit> <Opcode : 'and' 'or' 'xor'> <InPorts = 2> <OutPorts = 1>
ST_4 : Operation 60 [1/1] (0.00ns) (grouped into LUT with out node xor_ln260_39)   --->   "%xor_ln260_37 = xor i64 %tempReg_91, i64 %u_34_out_load" [src/generic/fp_generic.cpp:260]   --->   Operation 60 'xor' 'xor_ln260_37' <Predicate = true> <Delay = 0.00> <CoreInst = "LogicGate">   --->   Core 74 'LogicGate' <Latency = 0> <II = 1> <Delay = 0.28> <FuncUnit> <Opcode : 'and' 'or' 'xor'> <InPorts = 2> <OutPorts = 1>
ST_4 : Operation 61 [1/1] (0.00ns) (grouped into LUT with out node xor_ln260_39)   --->   "%or_ln260 = or i64 %xor_ln260, i64 %xor_ln260_37" [src/generic/fp_generic.cpp:260]   --->   Operation 61 'or' 'or_ln260' <Predicate = true> <Delay = 0.00> <CoreInst = "LogicGate">   --->   Core 74 'LogicGate' <Latency = 0> <II = 1> <Delay = 0.28> <FuncUnit> <Opcode : 'and' 'or' 'xor'> <InPorts = 2> <OutPorts = 1>
ST_4 : Operation 62 [1/1] (0.00ns) (grouped into LUT with out node t)   --->   "%bit_sel1 = bitselect i1 @_ssdm_op_BitSelect.i1.i64.i64, i64 %tempReg_91, i64 63" [src/generic/fp_generic.cpp:260]   --->   Operation 62 'bitselect' 'bit_sel1' <Predicate = true> <Delay = 0.00>
ST_4 : Operation 63 [1/1] (0.00ns) (grouped into LUT with out node t)   --->   "%xor_ln260_41 = xor i1 %bit_sel1, i1 1" [src/generic/fp_generic.cpp:260]   --->   Operation 63 'xor' 'xor_ln260_41' <Predicate = true> <Delay = 0.00> <CoreInst = "LogicGate">   --->   Core 74 'LogicGate' <Latency = 0> <II = 1> <Delay = 0.12> <FuncUnit> <Opcode : 'and' 'or' 'xor'> <InPorts = 2> <OutPorts = 1>
ST_4 : Operation 64 [1/1] (0.00ns) (grouped into LUT with out node t)   --->   "%trunc_ln260 = trunc i64 %tempReg_91" [src/generic/fp_generic.cpp:260]   --->   Operation 64 'trunc' 'trunc_ln260' <Predicate = true> <Delay = 0.00>
ST_4 : Operation 65 [1/1] (0.00ns) (grouped into LUT with out node t)   --->   "%xor_ln260_s = bitconcatenate i64 @_ssdm_op_BitConcatenate.i64.i1.i63, i1 %xor_ln260_41, i63 %trunc_ln260" [src/generic/fp_generic.cpp:260]   --->   Operation 65 'bitconcatenate' 'xor_ln260_s' <Predicate = true> <Delay = 0.00>
ST_4 : Operation 66 [1/1] (0.00ns) (grouped into LUT with out node t)   --->   "%and_ln260 = and i64 %xor_ln260_s, i64 %UV_85" [src/generic/fp_generic.cpp:260]   --->   Operation 66 'and' 'and_ln260' <Predicate = true> <Delay = 0.00> <CoreInst = "LogicGate">   --->   Core 74 'LogicGate' <Latency = 0> <II = 1> <Delay = 0.28> <FuncUnit> <Opcode : 'and' 'or' 'xor'> <InPorts = 2> <OutPorts = 1>
ST_4 : Operation 67 [1/1] (0.28ns) (out node of the LUT)   --->   "%xor_ln260_39 = xor i64 %or_ln260, i64 %u" [src/generic/fp_generic.cpp:260]   --->   Operation 67 'xor' 'xor_ln260_39' <Predicate = true> <Delay = 0.28> <CoreInst = "LogicGate">   --->   Core 74 'LogicGate' <Latency = 0> <II = 1> <Delay = 0.28> <FuncUnit> <Opcode : 'and' 'or' 'xor'> <InPorts = 2> <OutPorts = 1>
ST_4 : Operation 68 [1/1] (0.00ns) (grouped into LUT with out node t)   --->   "%or_ln260_13 = or i64 %xor_ln260_39, i64 %and_ln260" [src/generic/fp_generic.cpp:260]   --->   Operation 68 'or' 'or_ln260_13' <Predicate = true> <Delay = 0.00> <CoreInst = "LogicGate">   --->   Core 74 'LogicGate' <Latency = 0> <II = 1> <Delay = 0.28> <FuncUnit> <Opcode : 'and' 'or' 'xor'> <InPorts = 2> <OutPorts = 1>
ST_4 : Operation 69 [1/1] (0.00ns) (grouped into LUT with out node t)   --->   "%tmp_249 = bitselect i1 @_ssdm_op_BitSelect.i1.i64.i32, i64 %or_ln260_13, i32 63" [src/generic/fp_generic.cpp:261]   --->   Operation 69 'bitselect' 'tmp_249' <Predicate = true> <Delay = 0.00>
ST_4 : Operation 70 [1/1] (0.00ns) (grouped into LUT with out node t)   --->   "%zext_ln261 = zext i1 %tmp_249" [src/generic/fp_generic.cpp:261]   --->   Operation 70 'zext' 'zext_ln261' <Predicate = true> <Delay = 0.00>
ST_4 : Operation 71 [1/1] (0.57ns) (out node of the LUT)   --->   "%t = add i3 %zext_ln261, i3 %t_33_load" [src/generic/fp_generic.cpp:261]   --->   Operation 71 'add' 't' <Predicate = true> <Delay = 0.57> <CoreInst = "Adder">   --->   Core 1 'Adder' <Latency = 0> <II = 1> <Delay = 0.57> <FuncUnit> <Opcode : 'add' 'sub'> <InPorts = 2> <OutPorts = 1>
ST_4 : Operation 72 [1/1] (0.38ns)   --->   "%store_ln239 = store i64 %v_247, i64 %v_35" [src/generic/fp_generic.cpp:239]   --->   Operation 72 'store' 'store_ln239' <Predicate = true> <Delay = 0.38>
ST_4 : Operation 73 [1/1] (0.38ns)   --->   "%store_ln239 = store i64 %u, i64 %u_34_out" [src/generic/fp_generic.cpp:239]   --->   Operation 73 'store' 'store_ln239' <Predicate = true> <Delay = 0.38>
ST_4 : Operation 74 [1/1] (0.38ns)   --->   "%store_ln239 = store i3 %t, i3 %t_33" [src/generic/fp_generic.cpp:239]   --->   Operation 74 'store' 'store_ln239' <Predicate = true> <Delay = 0.38>
ST_4 : Operation 75 [1/1] (0.00ns)   --->   "%br_ln257 = br void %for.inc58" [src/generic/fp_generic.cpp:257]   --->   Operation 75 'br' 'br_ln257' <Predicate = true> <Delay = 0.00>


============================================================
+ Verbose Summary: Binding
============================================================
STG Binding: 
---------------- STG Properties BEGIN ----------------
- Is combinational: 0
- Is one-state seq: 0
- Is datapath-only: 0
- Is pipelined: 0
- Is top level: 0
Port [ Return ] is wired: 1; IO mode=ap_ctrl_hs:ce=0
Port [ indvars_iv]:  wired=1; compound=0; hidden=0; nouse=0; global=0; static=0; extern=0; dir=0; type=0; pingpong=0; private_global=0; IO mode=ap_none:ce=0
Port [ v]:  wired=1; compound=0; hidden=0; nouse=0; global=0; static=0; extern=0; dir=0; type=0; pingpong=0; private_global=0; IO mode=ap_none:ce=0
Port [ zext_ln256]:  wired=1; compound=0; hidden=0; nouse=0; global=0; static=0; extern=0; dir=0; type=0; pingpong=0; private_global=0; IO mode=ap_none:ce=0
Port [ a]:  wired=1; compound=1; hidden=0; nouse=0; global=0; static=0; extern=0; dir=0; type=1; pingpong=0; private_global=0; MemPort=[13]; IO mode=ap_memory:ce=0
Port [ empty]:  wired=1; compound=0; hidden=0; nouse=0; global=0; static=0; extern=0; dir=0; type=0; pingpong=0; private_global=0; IO mode=ap_none:ce=0
Port [ b_1_load]:  wired=1; compound=0; hidden=0; nouse=0; global=0; static=0; extern=0; dir=0; type=0; pingpong=0; private_global=0; IO mode=ap_none:ce=0
Port [ b_2_load]:  wired=1; compound=0; hidden=0; nouse=0; global=0; static=0; extern=0; dir=0; type=0; pingpong=0; private_global=0; IO mode=ap_none:ce=0
Port [ b_3_load]:  wired=1; compound=0; hidden=0; nouse=0; global=0; static=0; extern=0; dir=0; type=0; pingpong=0; private_global=0; IO mode=ap_none:ce=0
Port [ b_4_load]:  wired=1; compound=0; hidden=0; nouse=0; global=0; static=0; extern=0; dir=0; type=0; pingpong=0; private_global=0; IO mode=ap_none:ce=0
Port [ b_5_load]:  wired=1; compound=0; hidden=0; nouse=0; global=0; static=0; extern=0; dir=0; type=0; pingpong=0; private_global=0; IO mode=ap_none:ce=0
Port [ b_6_load]:  wired=1; compound=0; hidden=0; nouse=0; global=0; static=0; extern=0; dir=0; type=0; pingpong=0; private_global=0; IO mode=ap_none:ce=0
Port [ b_7_load]:  wired=1; compound=0; hidden=0; nouse=0; global=0; static=0; extern=0; dir=0; type=0; pingpong=0; private_global=0; IO mode=ap_none:ce=0
Port [ v_35_out]:  wired=1; compound=0; hidden=0; nouse=0; global=0; static=0; extern=0; dir=1; type=0; pingpong=0; private_global=0; IO mode=ap_vld:ce=0
Port [ u_34_out]:  wired=1; compound=0; hidden=0; nouse=0; global=0; static=0; extern=0; dir=2; type=0; pingpong=0; private_global=0; IO mode=ap_ovld:ce=0
Port [ t_33_out]:  wired=1; compound=0; hidden=0; nouse=0; global=0; static=0; extern=0; dir=1; type=0; pingpong=0; private_global=0; IO mode=ap_vld:ce=0
---------------- STG Properties END ------------------

---------------- Datapath Model BEGIN ----------------

<LifeTime>
<method=bitvector/>
t_33                    (alloca           ) [ 01111]
v_35                    (alloca           ) [ 01111]
j_22                    (alloca           ) [ 01000]
b_7_load_read           (read             ) [ 00000]
b_6_load_read           (read             ) [ 00000]
b_5_load_read           (read             ) [ 00000]
b_4_load_read           (read             ) [ 00000]
b_3_load_read           (read             ) [ 00000]
b_2_load_read           (read             ) [ 00000]
b_1_load_read           (read             ) [ 00000]
tmp                     (read             ) [ 00000]
zext_ln256_read         (read             ) [ 00000]
v_read                  (read             ) [ 00000]
indvars_iv_read         (read             ) [ 00000]
zext_ln256_cast         (zext             ) [ 00000]
indvars_iv_cast         (zext             ) [ 00000]
store_ln238             (store            ) [ 00000]
store_ln239             (store            ) [ 00000]
store_ln239             (store            ) [ 00000]
store_ln239             (store            ) [ 00000]
br_ln0                  (br               ) [ 00000]
j                       (load             ) [ 00000]
icmp_ln257              (icmp             ) [ 01111]
br_ln257                (br               ) [ 00000]
zext_ln257              (zext             ) [ 00000]
trunc_ln257             (trunc            ) [ 00000]
a_addr                  (getelementptr    ) [ 01100]
sub_ln258               (sub              ) [ 00000]
tmp_s                   (sparsemux        ) [ 01110]
add_ln257               (add              ) [ 00000]
store_ln238             (store            ) [ 00000]
a_load                  (load             ) [ 01010]
t_33_load               (load             ) [ 00000]
u_34_out_load           (load             ) [ 00000]
v_35_load               (load             ) [ 00000]
specpipeline_ln238      (specpipeline     ) [ 00000]
speclooptripcount_ln238 (speclooptripcount) [ 00000]
specloopname_ln257      (specloopname     ) [ 00000]
call_ret                (call             ) [ 00000]
UV                      (extractvalue     ) [ 00000]
UV_85                   (extractvalue     ) [ 00000]
v_247                   (add              ) [ 00000]
xor_ln105_63            (xor              ) [ 00000]
xor_ln105_64            (xor              ) [ 00000]
or_ln105_13             (or               ) [ 00000]
xor_ln105_65            (xor              ) [ 00000]
carry                   (bitselect        ) [ 00000]
zext_ln105              (zext             ) [ 00000]
tempReg_91              (add              ) [ 00000]
u                       (add              ) [ 00000]
xor_ln260               (xor              ) [ 00000]
xor_ln260_37            (xor              ) [ 00000]
or_ln260                (or               ) [ 00000]
bit_sel1                (bitselect        ) [ 00000]
xor_ln260_41            (xor              ) [ 00000]
trunc_ln260             (trunc            ) [ 00000]
xor_ln260_s             (bitconcatenate   ) [ 00000]
and_ln260               (and              ) [ 00000]
xor_ln260_39            (xor              ) [ 00000]
or_ln260_13             (or               ) [ 00000]
tmp_249                 (bitselect        ) [ 00000]
zext_ln261              (zext             ) [ 00000]
t                       (add              ) [ 00000]
store_ln239             (store            ) [ 00000]
store_ln239             (store            ) [ 00000]
store_ln239             (store            ) [ 00000]
br_ln257                (br               ) [ 00000]
t_33_load19             (load             ) [ 00000]
v_35_load17             (load             ) [ 00000]
write_ln0               (write            ) [ 00000]
write_ln0               (write            ) [ 00000]
ret_ln0                 (ret              ) [ 00000]
</LifeTime>

<model>

<comp_list>
<comp id="0" class="1000" name="indvars_iv">
<pin_list>
<pin id="1" dir="1" index="0" bw="1" slack="0"/>
</pin_list>
<bind>
<StgValue><ssdm name="indvars_iv"/></StgValue>
</bind>
</comp>

<comp id="2" class="1000" name="v">
<pin_list>
<pin id="3" dir="1" index="0" bw="1" slack="0"/>
</pin_list>
<bind>
<StgValue><ssdm name="v"/></StgValue>
</bind>
</comp>

<comp id="4" class="1000" name="zext_ln256">
<pin_list>
<pin id="5" dir="1" index="0" bw="1" slack="0"/>
</pin_list>
<bind>
<StgValue><ssdm name="zext_ln256"/></StgValue>
</bind>
</comp>

<comp id="6" class="1000" name="a">
<pin_list>
<pin id="7" dir="1" index="0" bw="1" slack="0"/>
</pin_list>
<bind>
<StgValue><ssdm name="a"/><MemPortTyVec>1 3 </MemPortTyVec>
</StgValue>
</bind>
</comp>

<comp id="8" class="1000" name="empty">
<pin_list>
<pin id="9" dir="1" index="0" bw="1" slack="0"/>
</pin_list>
<bind>
<StgValue><ssdm name="empty"/></StgValue>
</bind>
</comp>

<comp id="10" class="1000" name="b_1_load">
<pin_list>
<pin id="11" dir="1" index="0" bw="1" slack="0"/>
</pin_list>
<bind>
<StgValue><ssdm name="b_1_load"/></StgValue>
</bind>
</comp>

<comp id="12" class="1000" name="b_2_load">
<pin_list>
<pin id="13" dir="1" index="0" bw="1" slack="0"/>
</pin_list>
<bind>
<StgValue><ssdm name="b_2_load"/></StgValue>
</bind>
</comp>

<comp id="14" class="1000" name="b_3_load">
<pin_list>
<pin id="15" dir="1" index="0" bw="1" slack="0"/>
</pin_list>
<bind>
<StgValue><ssdm name="b_3_load"/></StgValue>
</bind>
</comp>

<comp id="16" class="1000" name="b_4_load">
<pin_list>
<pin id="17" dir="1" index="0" bw="1" slack="0"/>
</pin_list>
<bind>
<StgValue><ssdm name="b_4_load"/></StgValue>
</bind>
</comp>

<comp id="18" class="1000" name="b_5_load">
<pin_list>
<pin id="19" dir="1" index="0" bw="1" slack="0"/>
</pin_list>
<bind>
<StgValue><ssdm name="b_5_load"/></StgValue>
</bind>
</comp>

<comp id="20" class="1000" name="b_6_load">
<pin_list>
<pin id="21" dir="1" index="0" bw="1" slack="0"/>
</pin_list>
<bind>
<StgValue><ssdm name="b_6_load"/></StgValue>
</bind>
</comp>

<comp id="22" class="1000" name="b_7_load">
<pin_list>
<pin id="23" dir="1" index="0" bw="1" slack="0"/>
</pin_list>
<bind>
<StgValue><ssdm name="b_7_load"/></StgValue>
</bind>
</comp>

<comp id="24" class="1000" name="v_35_out">
<pin_list>
<pin id="25" dir="1" index="0" bw="1" slack="0"/>
</pin_list>
<bind>
<StgValue><ssdm name="v_35_out"/></StgValue>
</bind>
</comp>

<comp id="26" class="1000" name="u_34_out">
<pin_list>
<pin id="27" dir="1" index="0" bw="1" slack="0"/>
</pin_list>
<bind>
<StgValue><ssdm name="u_34_out"/></StgValue>
</bind>
</comp>

<comp id="28" class="1000" name="t_33_out">
<pin_list>
<pin id="29" dir="1" index="0" bw="1" slack="0"/>
</pin_list>
<bind>
<StgValue><ssdm name="t_33_out"/></StgValue>
</bind>
</comp>

<comp id="30" class="1001" name="const_30">
<pin_list>
<pin id="31" dir="1" index="0" bw="1" slack="0"/>
</pin_list>
<bind>
<StgValue><ssdm name=""/></StgValue>
</bind>
</comp>

<comp id="32" class="1001" name="const_32">
<pin_list>
<pin id="33" dir="1" index="0" bw="1" slack="0"/>
</pin_list>
<bind>
<StgValue><ssdm name="_ssdm_op_Read.ap_auto.i64"/></StgValue>
</bind>
</comp>

<comp id="34" class="1001" name="const_34">
<pin_list>
<pin id="35" dir="1" index="0" bw="1" slack="0"/>
</pin_list>
<bind>
<StgValue><ssdm name="_ssdm_op_Read.ap_auto.i3"/></StgValue>
</bind>
</comp>

<comp id="36" class="1001" name="const_36">
<pin_list>
<pin id="37" dir="1" index="0" bw="1" slack="0"/>
</pin_list>
<bind>
<StgValue><ssdm name="_ssdm_op_Read.ap_auto.i4"/></StgValue>
</bind>
</comp>

<comp id="38" class="1001" name="const_38">
<pin_list>
<pin id="39" dir="1" index="0" bw="1" slack="0"/>
</pin_list>
<bind>
<StgValue><ssdm name=""/></StgValue>
</bind>
</comp>

<comp id="40" class="1001" name="const_40">
<pin_list>
<pin id="41" dir="1" index="0" bw="1" slack="0"/>
</pin_list>
<bind>
<StgValue><ssdm name=""/></StgValue>
</bind>
</comp>

<comp id="42" class="1001" name="const_42">
<pin_list>
<pin id="43" dir="1" index="0" bw="1" slack="0"/>
</pin_list>
<bind>
<StgValue><ssdm name=""/></StgValue>
</bind>
</comp>

<comp id="44" class="1001" name="const_44">
<pin_list>
<pin id="45" dir="1" index="0" bw="1" slack="0"/>
</pin_list>
<bind>
<StgValue><ssdm name="_ssdm_op_SparseMux.ap_auto.7i64.i64.i3"/></StgValue>
</bind>
</comp>

<comp id="46" class="1001" name="const_46">
<pin_list>
<pin id="47" dir="1" index="0" bw="1" slack="0"/>
</pin_list>
<bind>
<StgValue><ssdm name=""/></StgValue>
</bind>
</comp>

<comp id="48" class="1001" name="const_48">
<pin_list>
<pin id="49" dir="1" index="0" bw="1" slack="0"/>
</pin_list>
<bind>
<StgValue><ssdm name=""/></StgValue>
</bind>
</comp>

<comp id="50" class="1001" name="const_50">
<pin_list>
<pin id="51" dir="1" index="0" bw="1" slack="0"/>
</pin_list>
<bind>
<StgValue><ssdm name=""/></StgValue>
</bind>
</comp>

<comp id="52" class="1001" name="const_52">
<pin_list>
<pin id="53" dir="1" index="0" bw="1" slack="0"/>
</pin_list>
<bind>
<StgValue><ssdm name=""/></StgValue>
</bind>
</comp>

<comp id="54" class="1001" name="const_54">
<pin_list>
<pin id="55" dir="1" index="0" bw="1" slack="0"/>
</pin_list>
<bind>
<StgValue><ssdm name=""/></StgValue>
</bind>
</comp>

<comp id="56" class="1001" name="const_56">
<pin_list>
<pin id="57" dir="1" index="0" bw="1" slack="0"/>
</pin_list>
<bind>
<StgValue><ssdm name=""/></StgValue>
</bind>
</comp>

<comp id="58" class="1001" name="const_58">
<pin_list>
<pin id="59" dir="1" index="0" bw="1" slack="0"/>
</pin_list>
<bind>
<StgValue><ssdm name=""/></StgValue>
</bind>
</comp>

<comp id="60" class="1001" name="const_60">
<pin_list>
<pin id="61" dir="1" index="0" bw="1" slack="0"/>
</pin_list>
<bind>
<StgValue><ssdm name=""/></StgValue>
</bind>
</comp>

<comp id="62" class="1001" name="const_62">
<pin_list>
<pin id="63" dir="1" index="0" bw="1" slack="0"/>
</pin_list>
<bind>
<StgValue><ssdm name=""/></StgValue>
</bind>
</comp>

<comp id="64" class="1001" name="const_64">
<pin_list>
<pin id="65" dir="1" index="0" bw="1" slack="0"/>
</pin_list>
<bind>
<StgValue><ssdm name="digit_x_digit"/></StgValue>
</bind>
</comp>

<comp id="66" class="1001" name="const_66">
<pin_list>
<pin id="67" dir="1" index="0" bw="1" slack="2147483647"/>
</pin_list>
<bind>
<StgValue><ssdm name="_ssdm_op_SpecPipeline"/></StgValue>
</bind>
</comp>

<comp id="68" class="1001" name="const_68">
<pin_list>
<pin id="69" dir="1" index="0" bw="1" slack="2147483647"/>
</pin_list>
<bind>
<StgValue><ssdm name=""/></StgValue>
</bind>
</comp>

<comp id="70" class="1001" name="const_70">
<pin_list>
<pin id="71" dir="1" index="0" bw="1" slack="2147483647"/>
</pin_list>
<bind>
<StgValue><ssdm name=""/></StgValue>
</bind>
</comp>

<comp id="72" class="1001" name="const_72">
<pin_list>
<pin id="73" dir="1" index="0" bw="1" slack="2147483647"/>
</pin_list>
<bind>
<StgValue><ssdm name="empty_34"/></StgValue>
</bind>
</comp>

<comp id="74" class="1001" name="const_74">
<pin_list>
<pin id="75" dir="1" index="0" bw="1" slack="2147483647"/>
</pin_list>
<bind>
<StgValue><ssdm name="_ssdm_op_SpecLoopTripCount"/></StgValue>
</bind>
</comp>

<comp id="76" class="1001" name="const_76">
<pin_list>
<pin id="77" dir="1" index="0" bw="1" slack="2147483647"/>
</pin_list>
<bind>
<StgValue><ssdm name=""/></StgValue>
</bind>
</comp>

<comp id="78" class="1001" name="const_78">
<pin_list>
<pin id="79" dir="1" index="0" bw="1" slack="2147483647"/>
</pin_list>
<bind>
<StgValue><ssdm name=""/></StgValue>
</bind>
</comp>

<comp id="80" class="1001" name="const_80">
<pin_list>
<pin id="81" dir="1" index="0" bw="1" slack="2147483647"/>
</pin_list>
<bind>
<StgValue><ssdm name=""/></StgValue>
</bind>
</comp>

<comp id="82" class="1001" name="const_82">
<pin_list>
<pin id="83" dir="1" index="0" bw="1" slack="2147483647"/>
</pin_list>
<bind>
<StgValue><ssdm name="_ssdm_op_SpecLoopName"/></StgValue>
</bind>
</comp>

<comp id="84" class="1001" name="const_84">
<pin_list>
<pin id="85" dir="1" index="0" bw="1" slack="2147483647"/>
</pin_list>
<bind>
<StgValue><ssdm name="empty_37"/></StgValue>
</bind>
</comp>

<comp id="86" class="1001" name="const_86">
<pin_list>
<pin id="87" dir="1" index="0" bw="1" slack="0"/>
</pin_list>
<bind>
<StgValue><ssdm name="_ssdm_op_BitSelect.i1.i64.i32"/></StgValue>
</bind>
</comp>

<comp id="88" class="1001" name="const_88">
<pin_list>
<pin id="89" dir="1" index="0" bw="1" slack="0"/>
</pin_list>
<bind>
<StgValue><ssdm name=""/></StgValue>
</bind>
</comp>

<comp id="90" class="1001" name="const_90">
<pin_list>
<pin id="91" dir="1" index="0" bw="1" slack="0"/>
</pin_list>
<bind>
<StgValue><ssdm name="_ssdm_op_BitSelect.i1.i64.i64"/></StgValue>
</bind>
</comp>

<comp id="92" class="1001" name="const_92">
<pin_list>
<pin id="93" dir="1" index="0" bw="1" slack="0"/>
</pin_list>
<bind>
<StgValue><ssdm name=""/></StgValue>
</bind>
</comp>

<comp id="94" class="1001" name="const_94">
<pin_list>
<pin id="95" dir="1" index="0" bw="1" slack="0"/>
</pin_list>
<bind>
<StgValue><ssdm name=""/></StgValue>
</bind>
</comp>

<comp id="96" class="1001" name="const_96">
<pin_list>
<pin id="97" dir="1" index="0" bw="1" slack="0"/>
</pin_list>
<bind>
<StgValue><ssdm name="_ssdm_op_BitConcatenate.i64.i1.i63"/></StgValue>
</bind>
</comp>

<comp id="98" class="1001" name="const_98">
<pin_list>
<pin id="99" dir="1" index="0" bw="1" slack="0"/>
</pin_list>
<bind>
<StgValue><ssdm name="_ssdm_op_Write.ap_auto.i64P0A"/></StgValue>
</bind>
</comp>

<comp id="100" class="1001" name="const_100">
<pin_list>
<pin id="101" dir="1" index="0" bw="1" slack="0"/>
</pin_list>
<bind>
<StgValue><ssdm name="_ssdm_op_Write.ap_auto.i3P0A"/></StgValue>
</bind>
</comp>

<comp id="102" class="1004" name="t_33_fu_102">
<pin_list>
<pin id="103" dir="0" index="0" bw="1" slack="0"/>
<pin id="104" dir="1" index="1" bw="3" slack="0"/>
</pin_list>
<bind>
<opcode="alloca(26) " fcode="alloca"/>
<opset="t_33/1 "/>
</bind>
</comp>

<comp id="106" class="1004" name="v_35_fu_106">
<pin_list>
<pin id="107" dir="0" index="0" bw="1" slack="0"/>
<pin id="108" dir="1" index="1" bw="64" slack="0"/>
</pin_list>
<bind>
<opcode="alloca(26) " fcode="alloca"/>
<opset="v_35/1 "/>
</bind>
</comp>

<comp id="110" class="1004" name="j_22_fu_110">
<pin_list>
<pin id="111" dir="0" index="0" bw="1" slack="0"/>
<pin id="112" dir="1" index="1" bw="4" slack="0"/>
</pin_list>
<bind>
<opcode="alloca(26) " fcode="alloca"/>
<opset="j_22/1 "/>
</bind>
</comp>

<comp id="114" class="1004" name="b_7_load_read_read_fu_114">
<pin_list>
<pin id="115" dir="0" index="0" bw="64" slack="0"/>
<pin id="116" dir="0" index="1" bw="64" slack="0"/>
<pin id="117" dir="1" index="2" bw="64" slack="0"/>
</pin_list>
<bind>
<opcode="read(1150) " fcode="read"/>
<opset="b_7_load_read/1 "/>
</bind>
</comp>

<comp id="120" class="1004" name="b_6_load_read_read_fu_120">
<pin_list>
<pin id="121" dir="0" index="0" bw="64" slack="0"/>
<pin id="122" dir="0" index="1" bw="64" slack="0"/>
<pin id="123" dir="1" index="2" bw="64" slack="0"/>
</pin_list>
<bind>
<opcode="read(1150) " fcode="read"/>
<opset="b_6_load_read/1 "/>
</bind>
</comp>

<comp id="126" class="1004" name="b_5_load_read_read_fu_126">
<pin_list>
<pin id="127" dir="0" index="0" bw="64" slack="0"/>
<pin id="128" dir="0" index="1" bw="64" slack="0"/>
<pin id="129" dir="1" index="2" bw="64" slack="0"/>
</pin_list>
<bind>
<opcode="read(1150) " fcode="read"/>
<opset="b_5_load_read/1 "/>
</bind>
</comp>

<comp id="132" class="1004" name="b_4_load_read_read_fu_132">
<pin_list>
<pin id="133" dir="0" index="0" bw="64" slack="0"/>
<pin id="134" dir="0" index="1" bw="64" slack="0"/>
<pin id="135" dir="1" index="2" bw="64" slack="0"/>
</pin_list>
<bind>
<opcode="read(1150) " fcode="read"/>
<opset="b_4_load_read/1 "/>
</bind>
</comp>

<comp id="138" class="1004" name="b_3_load_read_read_fu_138">
<pin_list>
<pin id="139" dir="0" index="0" bw="64" slack="0"/>
<pin id="140" dir="0" index="1" bw="64" slack="0"/>
<pin id="141" dir="1" index="2" bw="64" slack="0"/>
</pin_list>
<bind>
<opcode="read(1150) " fcode="read"/>
<opset="b_3_load_read/1 "/>
</bind>
</comp>

<comp id="144" class="1004" name="b_2_load_read_read_fu_144">
<pin_list>
<pin id="145" dir="0" index="0" bw="64" slack="0"/>
<pin id="146" dir="0" index="1" bw="64" slack="0"/>
<pin id="147" dir="1" index="2" bw="64" slack="0"/>
</pin_list>
<bind>
<opcode="read(1150) " fcode="read"/>
<opset="b_2_load_read/1 "/>
</bind>
</comp>

<comp id="150" class="1004" name="b_1_load_read_read_fu_150">
<pin_list>
<pin id="151" dir="0" index="0" bw="64" slack="0"/>
<pin id="152" dir="0" index="1" bw="64" slack="0"/>
<pin id="153" dir="1" index="2" bw="64" slack="0"/>
</pin_list>
<bind>
<opcode="read(1150) " fcode="read"/>
<opset="b_1_load_read/1 "/>
</bind>
</comp>

<comp id="156" class="1004" name="tmp_read_fu_156">
<pin_list>
<pin id="157" dir="0" index="0" bw="3" slack="0"/>
<pin id="158" dir="0" index="1" bw="3" slack="0"/>
<pin id="159" dir="1" index="2" bw="3" slack="0"/>
</pin_list>
<bind>
<opcode="read(1150) " fcode="read"/>
<opset="tmp/1 "/>
</bind>
</comp>

<comp id="162" class="1004" name="zext_ln256_read_read_fu_162">
<pin_list>
<pin id="163" dir="0" index="0" bw="4" slack="0"/>
<pin id="164" dir="0" index="1" bw="4" slack="0"/>
<pin id="165" dir="1" index="2" bw="4" slack="0"/>
</pin_list>
<bind>
<opcode="read(1150) " fcode="read"/>
<opset="zext_ln256_read/1 "/>
</bind>
</comp>

<comp id="168" class="1004" name="v_read_read_fu_168">
<pin_list>
<pin id="169" dir="0" index="0" bw="64" slack="0"/>
<pin id="170" dir="0" index="1" bw="64" slack="0"/>
<pin id="171" dir="1" index="2" bw="64" slack="0"/>
</pin_list>
<bind>
<opcode="read(1150) " fcode="read"/>
<opset="v_read/1 "/>
</bind>
</comp>

<comp id="174" class="1004" name="indvars_iv_read_read_fu_174">
<pin_list>
<pin id="175" dir="0" index="0" bw="3" slack="0"/>
<pin id="176" dir="0" index="1" bw="3" slack="0"/>
<pin id="177" dir="1" index="2" bw="3" slack="0"/>
</pin_list>
<bind>
<opcode="read(1150) " fcode="read"/>
<opset="indvars_iv_read/1 "/>
</bind>
</comp>

<comp id="180" class="1004" name="write_ln0_write_fu_180">
<pin_list>
<pin id="181" dir="0" index="0" bw="0" slack="0"/>
<pin id="182" dir="0" index="1" bw="64" slack="0"/>
<pin id="183" dir="0" index="2" bw="64" slack="0"/>
<pin id="184" dir="1" index="3" bw="0" slack="2147483647"/>
</pin_list>
<bind>
<opcode="write(1151) " fcode="write"/>
<opset="write_ln0/3 "/>
</bind>
</comp>

<comp id="187" class="1004" name="write_ln0_write_fu_187">
<pin_list>
<pin id="188" dir="0" index="0" bw="0" slack="0"/>
<pin id="189" dir="0" index="1" bw="3" slack="0"/>
<pin id="190" dir="0" index="2" bw="3" slack="0"/>
<pin id="191" dir="1" index="3" bw="0" slack="2147483647"/>
</pin_list>
<bind>
<opcode="write(1151) " fcode="write"/>
<opset="write_ln0/3 "/>
</bind>
</comp>

<comp id="194" class="1004" name="a_addr_gep_fu_194">
<pin_list>
<pin id="195" dir="0" index="0" bw="64" slack="0"/>
<pin id="196" dir="0" index="1" bw="1" slack="0"/>
<pin id="197" dir="0" index="2" bw="4" slack="0"/>
<pin id="198" dir="1" index="3" bw="3" slack="0"/>
</pin_list>
<bind>
<opcode="getelementptr(29) " fcode="getelementptr"/>
<opset="a_addr/1 "/>
</bind>
</comp>

<comp id="201" class="1004" name="grp_access_fu_201">
<pin_list>
<pin id="202" dir="0" index="0" bw="3" slack="0"/>
<pin id="203" dir="0" index="1" bw="64" slack="2147483647"/>
<pin id="204" dir="0" index="2" bw="0" slack="2147483647"/>
<pin id="205" dir="1" index="3" bw="64" slack="1"/>
</pin_list>
<bind>
<opcode="load(27) " fcode="load"/>
<opset="a_load/1 "/>
</bind>
</comp>

<comp id="207" class="1004" name="grp_digit_x_digit_fu_207">
<pin_list>
<pin id="208" dir="0" index="0" bw="128" slack="0"/>
<pin id="209" dir="0" index="1" bw="64" slack="1"/>
<pin id="210" dir="0" index="2" bw="64" slack="2"/>
<pin id="211" dir="1" index="3" bw="128" slack="0"/>
</pin_list>
<bind>
<opcode="call(48) " fcode="call"/>
<opset="call_ret/3 "/>
</bind>
</comp>

<comp id="213" class="1004" name="zext_ln256_cast_fu_213">
<pin_list>
<pin id="214" dir="0" index="0" bw="4" slack="0"/>
<pin id="215" dir="1" index="1" bw="64" slack="0"/>
</pin_list>
<bind>
<opcode="zext(34) " fcode="zext"/>
<opset="zext_ln256_cast/1 "/>
</bind>
</comp>

<comp id="217" class="1004" name="indvars_iv_cast_fu_217">
<pin_list>
<pin id="218" dir="0" index="0" bw="3" slack="0"/>
<pin id="219" dir="1" index="1" bw="4" slack="0"/>
</pin_list>
<bind>
<opcode="zext(34) " fcode="zext"/>
<opset="indvars_iv_cast/1 "/>
</bind>
</comp>

<comp id="221" class="1004" name="store_ln238_store_fu_221">
<pin_list>
<pin id="222" dir="0" index="0" bw="3" slack="0"/>
<pin id="223" dir="0" index="1" bw="4" slack="0"/>
<pin id="224" dir="1" index="2" bw="0" slack="2147483647"/>
</pin_list>
<bind>
<opcode="store(28) " fcode="store"/>
<opset="store_ln238/1 "/>
</bind>
</comp>

<comp id="226" class="1004" name="store_ln239_store_fu_226">
<pin_list>
<pin id="227" dir="0" index="0" bw="64" slack="0"/>
<pin id="228" dir="0" index="1" bw="64" slack="0"/>
<pin id="229" dir="1" index="2" bw="0" slack="2147483647"/>
</pin_list>
<bind>
<opcode="store(28) " fcode="store"/>
<opset="store_ln239/1 "/>
</bind>
</comp>

<comp id="231" class="1004" name="store_ln239_store_fu_231">
<pin_list>
<pin id="232" dir="0" index="0" bw="4" slack="0"/>
<pin id="233" dir="0" index="1" bw="64" slack="0"/>
<pin id="234" dir="1" index="2" bw="0" slack="2147483647"/>
</pin_list>
<bind>
<opcode="store(28) " fcode="store"/>
<opset="store_ln239/1 "/>
</bind>
</comp>

<comp id="237" class="1004" name="store_ln239_store_fu_237">
<pin_list>
<pin id="238" dir="0" index="0" bw="1" slack="0"/>
<pin id="239" dir="0" index="1" bw="3" slack="0"/>
<pin id="240" dir="1" index="2" bw="0" slack="2147483647"/>
</pin_list>
<bind>
<opcode="store(28) " fcode="store"/>
<opset="store_ln239/1 "/>
</bind>
</comp>

<comp id="242" class="1004" name="j_load_fu_242">
<pin_list>
<pin id="243" dir="0" index="0" bw="4" slack="0"/>
<pin id="244" dir="1" index="1" bw="4" slack="0"/>
</pin_list>
<bind>
<opcode="load(27) " fcode="load"/>
<opset="j/1 "/>
</bind>
</comp>

<comp id="245" class="1004" name="icmp_ln257_fu_245">
<pin_list>
<pin id="246" dir="0" index="0" bw="4" slack="0"/>
<pin id="247" dir="0" index="1" bw="4" slack="0"/>
<pin id="248" dir="1" index="2" bw="1" slack="2"/>
</pin_list>
<bind>
<opcode="icmp(45) " fcode="icmp"/>
<opset="icmp_ln257/1 "/>
</bind>
</comp>

<comp id="251" class="1004" name="zext_ln257_fu_251">
<pin_list>
<pin id="252" dir="0" index="0" bw="4" slack="0"/>
<pin id="253" dir="1" index="1" bw="64" slack="0"/>
</pin_list>
<bind>
<opcode="zext(34) " fcode="zext"/>
<opset="zext_ln257/1 "/>
</bind>
</comp>

<comp id="256" class="1004" name="trunc_ln257_fu_256">
<pin_list>
<pin id="257" dir="0" index="0" bw="4" slack="0"/>
<pin id="258" dir="1" index="1" bw="3" slack="0"/>
</pin_list>
<bind>
<opcode="trunc(33) " fcode="trunc"/>
<opset="trunc_ln257/1 "/>
</bind>
</comp>

<comp id="260" class="1004" name="sub_ln258_fu_260">
<pin_list>
<pin id="261" dir="0" index="0" bw="3" slack="0"/>
<pin id="262" dir="0" index="1" bw="3" slack="0"/>
<pin id="263" dir="1" index="2" bw="3" slack="0"/>
</pin_list>
<bind>
<opcode="sub(10) " fcode="sub"/>
<opset="sub_ln258/1 "/>
</bind>
</comp>

<comp id="266" class="1004" name="tmp_s_fu_266">
<pin_list>
<pin id="267" dir="0" index="0" bw="64" slack="0"/>
<pin id="268" dir="0" index="1" bw="3" slack="0"/>
<pin id="269" dir="0" index="2" bw="64" slack="0"/>
<pin id="270" dir="0" index="3" bw="3" slack="0"/>
<pin id="271" dir="0" index="4" bw="64" slack="0"/>
<pin id="272" dir="0" index="5" bw="3" slack="0"/>
<pin id="273" dir="0" index="6" bw="64" slack="0"/>
<pin id="274" dir="0" index="7" bw="3" slack="0"/>
<pin id="275" dir="0" index="8" bw="64" slack="0"/>
<pin id="276" dir="0" index="9" bw="3" slack="0"/>
<pin id="277" dir="0" index="10" bw="64" slack="0"/>
<pin id="278" dir="0" index="11" bw="3" slack="0"/>
<pin id="279" dir="0" index="12" bw="64" slack="0"/>
<pin id="280" dir="0" index="13" bw="3" slack="0"/>
<pin id="281" dir="0" index="14" bw="64" slack="0"/>
<pin id="282" dir="0" index="15" bw="64" slack="0"/>
<pin id="283" dir="0" index="16" bw="3" slack="0"/>
<pin id="284" dir="1" index="17" bw="64" slack="2"/>
</pin_list>
<bind>
<opcode="sparsemux(1197) " fcode="sparsemux"/>
<opset="tmp_s/1 "/>
</bind>
</comp>

<comp id="302" class="1004" name="add_ln257_fu_302">
<pin_list>
<pin id="303" dir="0" index="0" bw="4" slack="0"/>
<pin id="304" dir="0" index="1" bw="1" slack="0"/>
<pin id="305" dir="1" index="2" bw="4" slack="0"/>
</pin_list>
<bind>
<opcode="add(8) " fcode="add"/>
<opset="add_ln257/1 "/>
</bind>
</comp>

<comp id="308" class="1004" name="store_ln238_store_fu_308">
<pin_list>
<pin id="309" dir="0" index="0" bw="4" slack="0"/>
<pin id="310" dir="0" index="1" bw="4" slack="0"/>
<pin id="311" dir="1" index="2" bw="0" slack="2147483647"/>
</pin_list>
<bind>
<opcode="store(28) " fcode="store"/>
<opset="store_ln238/1 "/>
</bind>
</comp>

<comp id="313" class="1004" name="t_33_load_load_fu_313">
<pin_list>
<pin id="314" dir="0" index="0" bw="3" slack="3"/>
<pin id="315" dir="1" index="1" bw="3" slack="0"/>
</pin_list>
<bind>
<opcode="load(27) " fcode="load"/>
<opset="t_33_load/4 "/>
</bind>
</comp>

<comp id="316" class="1004" name="u_34_out_load_load_fu_316">
<pin_list>
<pin id="317" dir="0" index="0" bw="64" slack="0"/>
<pin id="318" dir="1" index="1" bw="64" slack="0"/>
</pin_list>
<bind>
<opcode="load(27) " fcode="load"/>
<opset="u_34_out_load/4 "/>
</bind>
</comp>

<comp id="320" class="1004" name="v_35_load_load_fu_320">
<pin_list>
<pin id="321" dir="0" index="0" bw="64" slack="3"/>
<pin id="322" dir="1" index="1" bw="64" slack="0"/>
</pin_list>
<bind>
<opcode="load(27) " fcode="load"/>
<opset="v_35_load/4 "/>
</bind>
</comp>

<comp id="323" class="1004" name="UV_fu_323">
<pin_list>
<pin id="324" dir="0" index="0" bw="128" slack="0"/>
<pin id="325" dir="1" index="1" bw="64" slack="0"/>
</pin_list>
<bind>
<opcode="extractvalue(56) " fcode="extractvalue"/>
<opset="UV/4 "/>
</bind>
</comp>

<comp id="327" class="1004" name="UV_85_fu_327">
<pin_list>
<pin id="328" dir="0" index="0" bw="128" slack="0"/>
<pin id="329" dir="1" index="1" bw="64" slack="0"/>
</pin_list>
<bind>
<opcode="extractvalue(56) " fcode="extractvalue"/>
<opset="UV_85/4 "/>
</bind>
</comp>

<comp id="331" class="1004" name="v_247_fu_331">
<pin_list>
<pin id="332" dir="0" index="0" bw="64" slack="0"/>
<pin id="333" dir="0" index="1" bw="64" slack="0"/>
<pin id="334" dir="1" index="2" bw="64" slack="0"/>
</pin_list>
<bind>
<opcode="add(8) " fcode="add"/>
<opset="v_247/4 "/>
</bind>
</comp>

<comp id="337" class="1004" name="xor_ln105_63_fu_337">
<pin_list>
<pin id="338" dir="0" index="0" bw="64" slack="0"/>
<pin id="339" dir="0" index="1" bw="64" slack="0"/>
<pin id="340" dir="1" index="2" bw="64" slack="0"/>
</pin_list>
<bind>
<opcode="xor(25) " fcode="xor"/>
<opset="xor_ln105_63/4 "/>
</bind>
</comp>

<comp id="343" class="1004" name="xor_ln105_64_fu_343">
<pin_list>
<pin id="344" dir="0" index="0" bw="64" slack="0"/>
<pin id="345" dir="0" index="1" bw="64" slack="0"/>
<pin id="346" dir="1" index="2" bw="64" slack="0"/>
</pin_list>
<bind>
<opcode="xor(25) " fcode="xor"/>
<opset="xor_ln105_64/4 "/>
</bind>
</comp>

<comp id="349" class="1004" name="or_ln105_13_fu_349">
<pin_list>
<pin id="350" dir="0" index="0" bw="64" slack="0"/>
<pin id="351" dir="0" index="1" bw="64" slack="0"/>
<pin id="352" dir="1" index="2" bw="64" slack="0"/>
</pin_list>
<bind>
<opcode="or(24) " fcode="or"/>
<opset="or_ln105_13/4 "/>
</bind>
</comp>

<comp id="355" class="1004" name="xor_ln105_65_fu_355">
<pin_list>
<pin id="356" dir="0" index="0" bw="64" slack="0"/>
<pin id="357" dir="0" index="1" bw="64" slack="0"/>
<pin id="358" dir="1" index="2" bw="64" slack="0"/>
</pin_list>
<bind>
<opcode="xor(25) " fcode="xor"/>
<opset="xor_ln105_65/4 "/>
</bind>
</comp>

<comp id="361" class="1004" name="carry_fu_361">
<pin_list>
<pin id="362" dir="0" index="0" bw="1" slack="0"/>
<pin id="363" dir="0" index="1" bw="64" slack="0"/>
<pin id="364" dir="0" index="2" bw="7" slack="0"/>
<pin id="365" dir="1" index="3" bw="1" slack="0"/>
</pin_list>
<bind>
<opcode="bitselect(1000) " fcode="bitselect"/>
<opset="carry/4 "/>
</bind>
</comp>

<comp id="369" class="1004" name="zext_ln105_fu_369">
<pin_list>
<pin id="370" dir="0" index="0" bw="1" slack="0"/>
<pin id="371" dir="1" index="1" bw="64" slack="0"/>
</pin_list>
<bind>
<opcode="zext(34) " fcode="zext"/>
<opset="zext_ln105/4 "/>
</bind>
</comp>

<comp id="373" class="1004" name="tempReg_91_fu_373">
<pin_list>
<pin id="374" dir="0" index="0" bw="64" slack="0"/>
<pin id="375" dir="0" index="1" bw="1" slack="0"/>
<pin id="376" dir="1" index="2" bw="64" slack="0"/>
</pin_list>
<bind>
<opcode="add(8) " fcode="add"/>
<opset="tempReg_91/4 "/>
</bind>
</comp>

<comp id="379" class="1004" name="u_fu_379">
<pin_list>
<pin id="380" dir="0" index="0" bw="64" slack="0"/>
<pin id="381" dir="0" index="1" bw="64" slack="0"/>
<pin id="382" dir="1" index="2" bw="64" slack="0"/>
</pin_list>
<bind>
<opcode="add(8) " fcode="add"/>
<opset="u/4 "/>
</bind>
</comp>

<comp id="385" class="1004" name="xor_ln260_fu_385">
<pin_list>
<pin id="386" dir="0" index="0" bw="64" slack="0"/>
<pin id="387" dir="0" index="1" bw="64" slack="0"/>
<pin id="388" dir="1" index="2" bw="64" slack="0"/>
</pin_list>
<bind>
<opcode="xor(25) " fcode="xor"/>
<opset="xor_ln260/4 "/>
</bind>
</comp>

<comp id="391" class="1004" name="xor_ln260_37_fu_391">
<pin_list>
<pin id="392" dir="0" index="0" bw="64" slack="0"/>
<pin id="393" dir="0" index="1" bw="64" slack="0"/>
<pin id="394" dir="1" index="2" bw="64" slack="0"/>
</pin_list>
<bind>
<opcode="xor(25) " fcode="xor"/>
<opset="xor_ln260_37/4 "/>
</bind>
</comp>

<comp id="397" class="1004" name="or_ln260_fu_397">
<pin_list>
<pin id="398" dir="0" index="0" bw="64" slack="0"/>
<pin id="399" dir="0" index="1" bw="64" slack="0"/>
<pin id="400" dir="1" index="2" bw="64" slack="0"/>
</pin_list>
<bind>
<opcode="or(24) " fcode="or"/>
<opset="or_ln260/4 "/>
</bind>
</comp>

<comp id="403" class="1004" name="bit_sel1_fu_403">
<pin_list>
<pin id="404" dir="0" index="0" bw="1" slack="0"/>
<pin id="405" dir="0" index="1" bw="64" slack="0"/>
<pin id="406" dir="0" index="2" bw="7" slack="0"/>
<pin id="407" dir="1" index="3" bw="1" slack="0"/>
</pin_list>
<bind>
<opcode="bitselect(1000) " fcode="bitselect"/>
<opset="bit_sel1/4 "/>
</bind>
</comp>

<comp id="411" class="1004" name="xor_ln260_41_fu_411">
<pin_list>
<pin id="412" dir="0" index="0" bw="1" slack="0"/>
<pin id="413" dir="0" index="1" bw="1" slack="0"/>
<pin id="414" dir="1" index="2" bw="1" slack="0"/>
</pin_list>
<bind>
<opcode="xor(25) " fcode="xor"/>
<opset="xor_ln260_41/4 "/>
</bind>
</comp>

<comp id="417" class="1004" name="trunc_ln260_fu_417">
<pin_list>
<pin id="418" dir="0" index="0" bw="64" slack="0"/>
<pin id="419" dir="1" index="1" bw="63" slack="0"/>
</pin_list>
<bind>
<opcode="trunc(33) " fcode="trunc"/>
<opset="trunc_ln260/4 "/>
</bind>
</comp>

<comp id="421" class="1004" name="xor_ln260_s_fu_421">
<pin_list>
<pin id="422" dir="0" index="0" bw="64" slack="0"/>
<pin id="423" dir="0" index="1" bw="1" slack="0"/>
<pin id="424" dir="0" index="2" bw="63" slack="0"/>
<pin id="425" dir="1" index="3" bw="64" slack="0"/>
</pin_list>
<bind>
<opcode="bitconcatenate(1004) " fcode="bitconcatenate"/>
<opset="xor_ln260_s/4 "/>
</bind>
</comp>

<comp id="429" class="1004" name="and_ln260_fu_429">
<pin_list>
<pin id="430" dir="0" index="0" bw="64" slack="0"/>
<pin id="431" dir="0" index="1" bw="64" slack="0"/>
<pin id="432" dir="1" index="2" bw="64" slack="0"/>
</pin_list>
<bind>
<opcode="and(23) " fcode="and"/>
<opset="and_ln260/4 "/>
</bind>
</comp>

<comp id="435" class="1004" name="xor_ln260_39_fu_435">
<pin_list>
<pin id="436" dir="0" index="0" bw="64" slack="0"/>
<pin id="437" dir="0" index="1" bw="64" slack="0"/>
<pin id="438" dir="1" index="2" bw="64" slack="0"/>
</pin_list>
<bind>
<opcode="xor(25) " fcode="xor"/>
<opset="xor_ln260_39/4 "/>
</bind>
</comp>

<comp id="441" class="1004" name="or_ln260_13_fu_441">
<pin_list>
<pin id="442" dir="0" index="0" bw="64" slack="0"/>
<pin id="443" dir="0" index="1" bw="64" slack="0"/>
<pin id="444" dir="1" index="2" bw="64" slack="0"/>
</pin_list>
<bind>
<opcode="or(24) " fcode="or"/>
<opset="or_ln260_13/4 "/>
</bind>
</comp>

<comp id="447" class="1004" name="tmp_249_fu_447">
<pin_list>
<pin id="448" dir="0" index="0" bw="1" slack="0"/>
<pin id="449" dir="0" index="1" bw="64" slack="0"/>
<pin id="450" dir="0" index="2" bw="7" slack="0"/>
<pin id="451" dir="1" index="3" bw="1" slack="0"/>
</pin_list>
<bind>
<opcode="bitselect(1000) " fcode="bitselect"/>
<opset="tmp_249/4 "/>
</bind>
</comp>

<comp id="455" class="1004" name="zext_ln261_fu_455">
<pin_list>
<pin id="456" dir="0" index="0" bw="1" slack="0"/>
<pin id="457" dir="1" index="1" bw="3" slack="0"/>
</pin_list>
<bind>
<opcode="zext(34) " fcode="zext"/>
<opset="zext_ln261/4 "/>
</bind>
</comp>

<comp id="459" class="1004" name="t_fu_459">
<pin_list>
<pin id="460" dir="0" index="0" bw="1" slack="0"/>
<pin id="461" dir="0" index="1" bw="3" slack="0"/>
<pin id="462" dir="1" index="2" bw="3" slack="0"/>
</pin_list>
<bind>
<opcode="add(8) " fcode="add"/>
<opset="t/4 "/>
</bind>
</comp>

<comp id="465" class="1004" name="store_ln239_store_fu_465">
<pin_list>
<pin id="466" dir="0" index="0" bw="64" slack="0"/>
<pin id="467" dir="0" index="1" bw="64" slack="3"/>
<pin id="468" dir="1" index="2" bw="0" slack="2147483647"/>
</pin_list>
<bind>
<opcode="store(28) " fcode="store"/>
<opset="store_ln239/4 "/>
</bind>
</comp>

<comp id="470" class="1004" name="store_ln239_store_fu_470">
<pin_list>
<pin id="471" dir="0" index="0" bw="64" slack="0"/>
<pin id="472" dir="0" index="1" bw="64" slack="0"/>
<pin id="473" dir="1" index="2" bw="0" slack="2147483647"/>
</pin_list>
<bind>
<opcode="store(28) " fcode="store"/>
<opset="store_ln239/4 "/>
</bind>
</comp>

<comp id="476" class="1004" name="store_ln239_store_fu_476">
<pin_list>
<pin id="477" dir="0" index="0" bw="3" slack="0"/>
<pin id="478" dir="0" index="1" bw="3" slack="3"/>
<pin id="479" dir="1" index="2" bw="0" slack="2147483647"/>
</pin_list>
<bind>
<opcode="store(28) " fcode="store"/>
<opset="store_ln239/4 "/>
</bind>
</comp>

<comp id="481" class="1004" name="t_33_load19_load_fu_481">
<pin_list>
<pin id="482" dir="0" index="0" bw="3" slack="2"/>
<pin id="483" dir="1" index="1" bw="3" slack="0"/>
</pin_list>
<bind>
<opcode="load(27) " fcode="load"/>
<opset="t_33_load19/3 "/>
</bind>
</comp>

<comp id="485" class="1004" name="v_35_load17_load_fu_485">
<pin_list>
<pin id="486" dir="0" index="0" bw="64" slack="2"/>
<pin id="487" dir="1" index="1" bw="64" slack="0"/>
</pin_list>
<bind>
<opcode="load(27) " fcode="load"/>
<opset="v_35_load17/3 "/>
</bind>
</comp>

<comp id="489" class="1005" name="t_33_reg_489">
<pin_list>
<pin id="490" dir="0" index="0" bw="3" slack="0"/>
<pin id="491" dir="1" index="1" bw="3" slack="0"/>
</pin_list>
<bind>
<opset="t_33 "/>
</bind>
</comp>

<comp id="497" class="1005" name="v_35_reg_497">
<pin_list>
<pin id="498" dir="0" index="0" bw="64" slack="0"/>
<pin id="499" dir="1" index="1" bw="64" slack="0"/>
</pin_list>
<bind>
<opset="v_35 "/>
</bind>
</comp>

<comp id="505" class="1005" name="j_22_reg_505">
<pin_list>
<pin id="506" dir="0" index="0" bw="4" slack="0"/>
<pin id="507" dir="1" index="1" bw="4" slack="0"/>
</pin_list>
<bind>
<opset="j_22 "/>
</bind>
</comp>

<comp id="512" class="1005" name="icmp_ln257_reg_512">
<pin_list>
<pin id="513" dir="0" index="0" bw="1" slack="2"/>
<pin id="514" dir="1" index="1" bw="1" slack="2147483647"/>
</pin_list>
<bind>
<opset="icmp_ln257 "/>
</bind>
</comp>

<comp id="516" class="1005" name="a_addr_reg_516">
<pin_list>
<pin id="517" dir="0" index="0" bw="3" slack="1"/>
<pin id="518" dir="1" index="1" bw="3" slack="1"/>
</pin_list>
<bind>
<opset="a_addr "/>
</bind>
</comp>

<comp id="521" class="1005" name="tmp_s_reg_521">
<pin_list>
<pin id="522" dir="0" index="0" bw="64" slack="2"/>
<pin id="523" dir="1" index="1" bw="64" slack="2"/>
</pin_list>
<bind>
<opset="tmp_s "/>
</bind>
</comp>

<comp id="526" class="1005" name="a_load_reg_526">
<pin_list>
<pin id="527" dir="0" index="0" bw="64" slack="1"/>
<pin id="528" dir="1" index="1" bw="64" slack="1"/>
</pin_list>
<bind>
<opset="a_load "/>
</bind>
</comp>

</comp_list>

<net_list>
<net id="105"><net_src comp="30" pin="0"/><net_sink comp="102" pin=0"/></net>

<net id="109"><net_src comp="30" pin="0"/><net_sink comp="106" pin=0"/></net>

<net id="113"><net_src comp="30" pin="0"/><net_sink comp="110" pin=0"/></net>

<net id="118"><net_src comp="32" pin="0"/><net_sink comp="114" pin=0"/></net>

<net id="119"><net_src comp="22" pin="0"/><net_sink comp="114" pin=1"/></net>

<net id="124"><net_src comp="32" pin="0"/><net_sink comp="120" pin=0"/></net>

<net id="125"><net_src comp="20" pin="0"/><net_sink comp="120" pin=1"/></net>

<net id="130"><net_src comp="32" pin="0"/><net_sink comp="126" pin=0"/></net>

<net id="131"><net_src comp="18" pin="0"/><net_sink comp="126" pin=1"/></net>

<net id="136"><net_src comp="32" pin="0"/><net_sink comp="132" pin=0"/></net>

<net id="137"><net_src comp="16" pin="0"/><net_sink comp="132" pin=1"/></net>

<net id="142"><net_src comp="32" pin="0"/><net_sink comp="138" pin=0"/></net>

<net id="143"><net_src comp="14" pin="0"/><net_sink comp="138" pin=1"/></net>

<net id="148"><net_src comp="32" pin="0"/><net_sink comp="144" pin=0"/></net>

<net id="149"><net_src comp="12" pin="0"/><net_sink comp="144" pin=1"/></net>

<net id="154"><net_src comp="32" pin="0"/><net_sink comp="150" pin=0"/></net>

<net id="155"><net_src comp="10" pin="0"/><net_sink comp="150" pin=1"/></net>

<net id="160"><net_src comp="34" pin="0"/><net_sink comp="156" pin=0"/></net>

<net id="161"><net_src comp="8" pin="0"/><net_sink comp="156" pin=1"/></net>

<net id="166"><net_src comp="36" pin="0"/><net_sink comp="162" pin=0"/></net>

<net id="167"><net_src comp="4" pin="0"/><net_sink comp="162" pin=1"/></net>

<net id="172"><net_src comp="32" pin="0"/><net_sink comp="168" pin=0"/></net>

<net id="173"><net_src comp="2" pin="0"/><net_sink comp="168" pin=1"/></net>

<net id="178"><net_src comp="34" pin="0"/><net_sink comp="174" pin=0"/></net>

<net id="179"><net_src comp="0" pin="0"/><net_sink comp="174" pin=1"/></net>

<net id="185"><net_src comp="98" pin="0"/><net_sink comp="180" pin=0"/></net>

<net id="186"><net_src comp="24" pin="0"/><net_sink comp="180" pin=1"/></net>

<net id="192"><net_src comp="100" pin="0"/><net_sink comp="187" pin=0"/></net>

<net id="193"><net_src comp="28" pin="0"/><net_sink comp="187" pin=1"/></net>

<net id="199"><net_src comp="6" pin="0"/><net_sink comp="194" pin=0"/></net>

<net id="200"><net_src comp="42" pin="0"/><net_sink comp="194" pin=1"/></net>

<net id="206"><net_src comp="194" pin="3"/><net_sink comp="201" pin=0"/></net>

<net id="212"><net_src comp="64" pin="0"/><net_sink comp="207" pin=0"/></net>

<net id="216"><net_src comp="162" pin="2"/><net_sink comp="213" pin=0"/></net>

<net id="220"><net_src comp="174" pin="2"/><net_sink comp="217" pin=0"/></net>

<net id="225"><net_src comp="217" pin="1"/><net_sink comp="221" pin=0"/></net>

<net id="230"><net_src comp="168" pin="2"/><net_sink comp="226" pin=0"/></net>

<net id="235"><net_src comp="213" pin="1"/><net_sink comp="231" pin=0"/></net>

<net id="236"><net_src comp="26" pin="0"/><net_sink comp="231" pin=1"/></net>

<net id="241"><net_src comp="38" pin="0"/><net_sink comp="237" pin=0"/></net>

<net id="249"><net_src comp="242" pin="1"/><net_sink comp="245" pin=0"/></net>

<net id="250"><net_src comp="40" pin="0"/><net_sink comp="245" pin=1"/></net>

<net id="254"><net_src comp="242" pin="1"/><net_sink comp="251" pin=0"/></net>

<net id="255"><net_src comp="251" pin="1"/><net_sink comp="194" pin=2"/></net>

<net id="259"><net_src comp="242" pin="1"/><net_sink comp="256" pin=0"/></net>

<net id="264"><net_src comp="156" pin="2"/><net_sink comp="260" pin=0"/></net>

<net id="265"><net_src comp="256" pin="1"/><net_sink comp="260" pin=1"/></net>

<net id="285"><net_src comp="44" pin="0"/><net_sink comp="266" pin=0"/></net>

<net id="286"><net_src comp="46" pin="0"/><net_sink comp="266" pin=1"/></net>

<net id="287"><net_src comp="150" pin="2"/><net_sink comp="266" pin=2"/></net>

<net id="288"><net_src comp="48" pin="0"/><net_sink comp="266" pin=3"/></net>

<net id="289"><net_src comp="144" pin="2"/><net_sink comp="266" pin=4"/></net>

<net id="290"><net_src comp="50" pin="0"/><net_sink comp="266" pin=5"/></net>

<net id="291"><net_src comp="138" pin="2"/><net_sink comp="266" pin=6"/></net>

<net id="292"><net_src comp="52" pin="0"/><net_sink comp="266" pin=7"/></net>

<net id="293"><net_src comp="132" pin="2"/><net_sink comp="266" pin=8"/></net>

<net id="294"><net_src comp="54" pin="0"/><net_sink comp="266" pin=9"/></net>

<net id="295"><net_src comp="126" pin="2"/><net_sink comp="266" pin=10"/></net>

<net id="296"><net_src comp="56" pin="0"/><net_sink comp="266" pin=11"/></net>

<net id="297"><net_src comp="120" pin="2"/><net_sink comp="266" pin=12"/></net>

<net id="298"><net_src comp="58" pin="0"/><net_sink comp="266" pin=13"/></net>

<net id="299"><net_src comp="114" pin="2"/><net_sink comp="266" pin=14"/></net>

<net id="300"><net_src comp="60" pin="0"/><net_sink comp="266" pin=15"/></net>

<net id="301"><net_src comp="260" pin="2"/><net_sink comp="266" pin=16"/></net>

<net id="306"><net_src comp="242" pin="1"/><net_sink comp="302" pin=0"/></net>

<net id="307"><net_src comp="62" pin="0"/><net_sink comp="302" pin=1"/></net>

<net id="312"><net_src comp="302" pin="2"/><net_sink comp="308" pin=0"/></net>

<net id="319"><net_src comp="26" pin="0"/><net_sink comp="316" pin=0"/></net>

<net id="326"><net_src comp="207" pin="3"/><net_sink comp="323" pin=0"/></net>

<net id="330"><net_src comp="207" pin="3"/><net_sink comp="327" pin=0"/></net>

<net id="335"><net_src comp="323" pin="1"/><net_sink comp="331" pin=0"/></net>

<net id="336"><net_src comp="320" pin="1"/><net_sink comp="331" pin=1"/></net>

<net id="341"><net_src comp="331" pin="2"/><net_sink comp="337" pin=0"/></net>

<net id="342"><net_src comp="323" pin="1"/><net_sink comp="337" pin=1"/></net>

<net id="347"><net_src comp="323" pin="1"/><net_sink comp="343" pin=0"/></net>

<net id="348"><net_src comp="320" pin="1"/><net_sink comp="343" pin=1"/></net>

<net id="353"><net_src comp="337" pin="2"/><net_sink comp="349" pin=0"/></net>

<net id="354"><net_src comp="343" pin="2"/><net_sink comp="349" pin=1"/></net>

<net id="359"><net_src comp="349" pin="2"/><net_sink comp="355" pin=0"/></net>

<net id="360"><net_src comp="331" pin="2"/><net_sink comp="355" pin=1"/></net>

<net id="366"><net_src comp="86" pin="0"/><net_sink comp="361" pin=0"/></net>

<net id="367"><net_src comp="355" pin="2"/><net_sink comp="361" pin=1"/></net>

<net id="368"><net_src comp="88" pin="0"/><net_sink comp="361" pin=2"/></net>

<net id="372"><net_src comp="361" pin="3"/><net_sink comp="369" pin=0"/></net>

<net id="377"><net_src comp="327" pin="1"/><net_sink comp="373" pin=0"/></net>

<net id="378"><net_src comp="369" pin="1"/><net_sink comp="373" pin=1"/></net>

<net id="383"><net_src comp="373" pin="2"/><net_sink comp="379" pin=0"/></net>

<net id="384"><net_src comp="316" pin="1"/><net_sink comp="379" pin=1"/></net>

<net id="389"><net_src comp="379" pin="2"/><net_sink comp="385" pin=0"/></net>

<net id="390"><net_src comp="373" pin="2"/><net_sink comp="385" pin=1"/></net>

<net id="395"><net_src comp="373" pin="2"/><net_sink comp="391" pin=0"/></net>

<net id="396"><net_src comp="316" pin="1"/><net_sink comp="391" pin=1"/></net>

<net id="401"><net_src comp="385" pin="2"/><net_sink comp="397" pin=0"/></net>

<net id="402"><net_src comp="391" pin="2"/><net_sink comp="397" pin=1"/></net>

<net id="408"><net_src comp="90" pin="0"/><net_sink comp="403" pin=0"/></net>

<net id="409"><net_src comp="373" pin="2"/><net_sink comp="403" pin=1"/></net>

<net id="410"><net_src comp="92" pin="0"/><net_sink comp="403" pin=2"/></net>

<net id="415"><net_src comp="403" pin="3"/><net_sink comp="411" pin=0"/></net>

<net id="416"><net_src comp="94" pin="0"/><net_sink comp="411" pin=1"/></net>

<net id="420"><net_src comp="373" pin="2"/><net_sink comp="417" pin=0"/></net>

<net id="426"><net_src comp="96" pin="0"/><net_sink comp="421" pin=0"/></net>

<net id="427"><net_src comp="411" pin="2"/><net_sink comp="421" pin=1"/></net>

<net id="428"><net_src comp="417" pin="1"/><net_sink comp="421" pin=2"/></net>

<net id="433"><net_src comp="421" pin="3"/><net_sink comp="429" pin=0"/></net>

<net id="434"><net_src comp="327" pin="1"/><net_sink comp="429" pin=1"/></net>

<net id="439"><net_src comp="397" pin="2"/><net_sink comp="435" pin=0"/></net>

<net id="440"><net_src comp="379" pin="2"/><net_sink comp="435" pin=1"/></net>

<net id="445"><net_src comp="435" pin="2"/><net_sink comp="441" pin=0"/></net>

<net id="446"><net_src comp="429" pin="2"/><net_sink comp="441" pin=1"/></net>

<net id="452"><net_src comp="86" pin="0"/><net_sink comp="447" pin=0"/></net>

<net id="453"><net_src comp="441" pin="2"/><net_sink comp="447" pin=1"/></net>

<net id="454"><net_src comp="88" pin="0"/><net_sink comp="447" pin=2"/></net>

<net id="458"><net_src comp="447" pin="3"/><net_sink comp="455" pin=0"/></net>

<net id="463"><net_src comp="455" pin="1"/><net_sink comp="459" pin=0"/></net>

<net id="464"><net_src comp="313" pin="1"/><net_sink comp="459" pin=1"/></net>

<net id="469"><net_src comp="331" pin="2"/><net_sink comp="465" pin=0"/></net>

<net id="474"><net_src comp="379" pin="2"/><net_sink comp="470" pin=0"/></net>

<net id="475"><net_src comp="26" pin="0"/><net_sink comp="470" pin=1"/></net>

<net id="480"><net_src comp="459" pin="2"/><net_sink comp="476" pin=0"/></net>

<net id="484"><net_src comp="481" pin="1"/><net_sink comp="187" pin=2"/></net>

<net id="488"><net_src comp="485" pin="1"/><net_sink comp="180" pin=2"/></net>

<net id="492"><net_src comp="102" pin="1"/><net_sink comp="489" pin=0"/></net>

<net id="493"><net_src comp="489" pin="1"/><net_sink comp="237" pin=1"/></net>

<net id="494"><net_src comp="489" pin="1"/><net_sink comp="313" pin=0"/></net>

<net id="495"><net_src comp="489" pin="1"/><net_sink comp="476" pin=1"/></net>

<net id="496"><net_src comp="489" pin="1"/><net_sink comp="481" pin=0"/></net>

<net id="500"><net_src comp="106" pin="1"/><net_sink comp="497" pin=0"/></net>

<net id="501"><net_src comp="497" pin="1"/><net_sink comp="226" pin=1"/></net>

<net id="502"><net_src comp="497" pin="1"/><net_sink comp="320" pin=0"/></net>

<net id="503"><net_src comp="497" pin="1"/><net_sink comp="465" pin=1"/></net>

<net id="504"><net_src comp="497" pin="1"/><net_sink comp="485" pin=0"/></net>

<net id="508"><net_src comp="110" pin="1"/><net_sink comp="505" pin=0"/></net>

<net id="509"><net_src comp="505" pin="1"/><net_sink comp="221" pin=1"/></net>

<net id="510"><net_src comp="505" pin="1"/><net_sink comp="242" pin=0"/></net>

<net id="511"><net_src comp="505" pin="1"/><net_sink comp="308" pin=1"/></net>

<net id="515"><net_src comp="245" pin="2"/><net_sink comp="512" pin=0"/></net>

<net id="519"><net_src comp="194" pin="3"/><net_sink comp="516" pin=0"/></net>

<net id="520"><net_src comp="516" pin="1"/><net_sink comp="201" pin=0"/></net>

<net id="524"><net_src comp="266" pin="17"/><net_sink comp="521" pin=0"/></net>

<net id="525"><net_src comp="521" pin="1"/><net_sink comp="207" pin=2"/></net>

<net id="529"><net_src comp="201" pin="3"/><net_sink comp="526" pin=0"/></net>

<net id="530"><net_src comp="526" pin="1"/><net_sink comp="207" pin=1"/></net>

</net_list>

</model> 
---------------- Datapath Model END ------------------

* FSMD analyzer results:
  - Output states:
	Port: a | {}
	Port: v_35_out | {3 }
	Port: u_34_out | {1 4 }
	Port: t_33_out | {3 }
 - Input state : 
	Port: mp_mul.2_Pipeline_VITIS_LOOP_257_4 : indvars_iv | {1 }
	Port: mp_mul.2_Pipeline_VITIS_LOOP_257_4 : v | {1 }
	Port: mp_mul.2_Pipeline_VITIS_LOOP_257_4 : zext_ln256 | {1 }
	Port: mp_mul.2_Pipeline_VITIS_LOOP_257_4 : a | {1 2 }
	Port: mp_mul.2_Pipeline_VITIS_LOOP_257_4 : empty | {1 }
	Port: mp_mul.2_Pipeline_VITIS_LOOP_257_4 : b_1_load | {1 }
	Port: mp_mul.2_Pipeline_VITIS_LOOP_257_4 : b_2_load | {1 }
	Port: mp_mul.2_Pipeline_VITIS_LOOP_257_4 : b_3_load | {1 }
	Port: mp_mul.2_Pipeline_VITIS_LOOP_257_4 : b_4_load | {1 }
	Port: mp_mul.2_Pipeline_VITIS_LOOP_257_4 : b_5_load | {1 }
	Port: mp_mul.2_Pipeline_VITIS_LOOP_257_4 : b_6_load | {1 }
	Port: mp_mul.2_Pipeline_VITIS_LOOP_257_4 : b_7_load | {1 }
	Port: mp_mul.2_Pipeline_VITIS_LOOP_257_4 : u_34_out | {4 }
  - Chain level:
	State 1
		store_ln238 : 1
		store_ln239 : 1
		store_ln239 : 1
		j : 1
		icmp_ln257 : 2
		br_ln257 : 3
		zext_ln257 : 2
		trunc_ln257 : 2
		a_addr : 3
		a_load : 4
		sub_ln258 : 3
		tmp_s : 4
		add_ln257 : 2
		store_ln238 : 3
	State 2
	State 3
		write_ln0 : 1
		write_ln0 : 1
	State 4
		UV : 1
		UV_85 : 1
		v_247 : 2
		xor_ln105_63 : 3
		xor_ln105_64 : 2
		or_ln105_13 : 3
		xor_ln105_65 : 3
		carry : 3
		zext_ln105 : 4
		tempReg_91 : 5
		u : 6
		xor_ln260 : 7
		xor_ln260_37 : 6
		or_ln260 : 7
		bit_sel1 : 6
		xor_ln260_41 : 7
		trunc_ln260 : 6
		xor_ln260_s : 7
		and_ln260 : 8
		xor_ln260_39 : 7
		or_ln260_13 : 8
		tmp_249 : 8
		zext_ln261 : 9
		t : 10
		store_ln239 : 3
		store_ln239 : 7
		store_ln239 : 11


============================================================
+ Verbose Summary: Datapath Resource usage 
============================================================

* Functional unit list:
|----------|-----------------------------|---------|---------|---------|
| Operation|       Functional Unit       |   DSP   |    FF   |   LUT   |
|----------|-----------------------------|---------|---------|---------|
|   call   |   grp_digit_x_digit_fu_207  |    16   |   130   |   476   |
|----------|-----------------------------|---------|---------|---------|
|          |     xor_ln105_63_fu_337     |    0    |    0    |    64   |
|          |     xor_ln105_64_fu_343     |    0    |    0    |    64   |
|          |     xor_ln105_65_fu_355     |    0    |    0    |    64   |
|    xor   |       xor_ln260_fu_385      |    0    |    0    |    64   |
|          |     xor_ln260_37_fu_391     |    0    |    0    |    64   |
|          |     xor_ln260_41_fu_411     |    0    |    0    |    2    |
|          |     xor_ln260_39_fu_435     |    0    |    0    |    64   |
|----------|-----------------------------|---------|---------|---------|
|          |       add_ln257_fu_302      |    0    |    0    |    12   |
|          |         v_247_fu_331        |    0    |    0    |    71   |
|    add   |      tempReg_91_fu_373      |    0    |    0    |    71   |
|          |           u_fu_379          |    0    |    0    |    71   |
|          |           t_fu_459          |    0    |    0    |    10   |
|----------|-----------------------------|---------|---------|---------|
|          |      or_ln105_13_fu_349     |    0    |    0    |    64   |
|    or    |       or_ln260_fu_397       |    0    |    0    |    64   |
|          |      or_ln260_13_fu_441     |    0    |    0    |    64   |
|----------|-----------------------------|---------|---------|---------|
|    and   |       and_ln260_fu_429      |    0    |    0    |    64   |
|----------|-----------------------------|---------|---------|---------|
| sparsemux|         tmp_s_fu_266        |    0    |    0    |    37   |
|----------|-----------------------------|---------|---------|---------|
|   icmp   |      icmp_ln257_fu_245      |    0    |    0    |    12   |
|----------|-----------------------------|---------|---------|---------|
|    sub   |       sub_ln258_fu_260      |    0    |    0    |    10   |
|----------|-----------------------------|---------|---------|---------|
|          |  b_7_load_read_read_fu_114  |    0    |    0    |    0    |
|          |  b_6_load_read_read_fu_120  |    0    |    0    |    0    |
|          |  b_5_load_read_read_fu_126  |    0    |    0    |    0    |
|          |  b_4_load_read_read_fu_132  |    0    |    0    |    0    |
|          |  b_3_load_read_read_fu_138  |    0    |    0    |    0    |
|   read   |  b_2_load_read_read_fu_144  |    0    |    0    |    0    |
|          |  b_1_load_read_read_fu_150  |    0    |    0    |    0    |
|          |       tmp_read_fu_156       |    0    |    0    |    0    |
|          | zext_ln256_read_read_fu_162 |    0    |    0    |    0    |
|          |      v_read_read_fu_168     |    0    |    0    |    0    |
|          | indvars_iv_read_read_fu_174 |    0    |    0    |    0    |
|----------|-----------------------------|---------|---------|---------|
|   write  |    write_ln0_write_fu_180   |    0    |    0    |    0    |
|          |    write_ln0_write_fu_187   |    0    |    0    |    0    |
|----------|-----------------------------|---------|---------|---------|
|          |    zext_ln256_cast_fu_213   |    0    |    0    |    0    |
|          |    indvars_iv_cast_fu_217   |    0    |    0    |    0    |
|   zext   |      zext_ln257_fu_251      |    0    |    0    |    0    |
|          |      zext_ln105_fu_369      |    0    |    0    |    0    |
|          |      zext_ln261_fu_455      |    0    |    0    |    0    |
|----------|-----------------------------|---------|---------|---------|
|   trunc  |      trunc_ln257_fu_256     |    0    |    0    |    0    |
|          |      trunc_ln260_fu_417     |    0    |    0    |    0    |
|----------|-----------------------------|---------|---------|---------|
|extractvalue|          UV_fu_323          |    0    |    0    |    0    |
|          |         UV_85_fu_327        |    0    |    0    |    0    |
|----------|-----------------------------|---------|---------|---------|
|          |         carry_fu_361        |    0    |    0    |    0    |
| bitselect|       bit_sel1_fu_403       |    0    |    0    |    0    |
|          |        tmp_249_fu_447       |    0    |    0    |    0    |
|----------|-----------------------------|---------|---------|---------|
|bitconcatenate|      xor_ln260_s_fu_421     |    0    |    0    |    0    |
|----------|-----------------------------|---------|---------|---------|
|   Total  |                             |    16   |   130   |   1412  |
|----------|-----------------------------|---------|---------|---------|

Memories:
N/A

* Register list:
+------------------+--------+
|                  |   FF   |
+------------------+--------+
|  a_addr_reg_516  |    3   |
|  a_load_reg_526  |   64   |
|icmp_ln257_reg_512|    1   |
|   j_22_reg_505   |    4   |
|   t_33_reg_489   |    3   |
|   tmp_s_reg_521  |   64   |
|   v_35_reg_497   |   64   |
+------------------+--------+
|       Total      |   203  |
+------------------+--------+

* Multiplexer (MUX) list: 
|-------------------|------|------|------|--------||---------||---------||---------|
|        Comp       |  Pin | Size |  BW  | S x BW ||  Delay  ||    FF   ||   LUT   |
|-------------------|------|------|------|--------||---------||---------||---------|
| grp_access_fu_201 |  p0  |   2  |   3  |    6   ||    0    ||    9    |
|-------------------|------|------|------|--------||---------||---------||---------|
|       Total       |      |      |      |    6   ||  0.387  ||    0    ||    9    |
|-------------------|------|------|------|--------||---------||---------||---------|



* Summary:
+-----------+--------+--------+--------+--------+
|           |   DSP  |  Delay |   FF   |   LUT  |
+-----------+--------+--------+--------+--------+
|  Function |   16   |    -   |   130  |  1412  |
|   Memory  |    -   |    -   |    -   |    -   |
|Multiplexer|    -   |    0   |    0   |    9   |
|  Register |    -   |    -   |   203  |    -   |
+-----------+--------+--------+--------+--------+
|   Total   |   16   |    0   |   333  |  1421  |
+-----------+--------+--------+--------+--------+
