

================================================================
== Vitis HLS Report for 'mp_mul_138_Pipeline_VITIS_LOOP_208_4'
================================================================
* Date:           Wed Jul 30 15:01:24 2025

* Version:        2024.2.2 (Build 6049644 on Mar  5 2025)
* Project:        sikep503_hls
* Solution:       solution1 (Vivado IP Flow Target)
* Product family: virtexuplus58g
* Target device:  xcvu29p-fsga2577-2L-e


================================================================
== Performance Estimates
================================================================
+ Timing: 
    * Summary: 
    +--------+----------+----------+------------+
    |  Clock |  Target  | Estimated| Uncertainty|
    +--------+----------+----------+------------+
    |ap_clk  |  10.00 ns|  5.144 ns|     2.70 ns|
    +--------+----------+----------+------------+

+ Latency: 
    * Summary: 
    +---------+---------+-----------+----------+-----+-----+------------------------------------------------+
    |  Latency (cycles) |  Latency (absolute)  |  Interval |                    Pipeline                    |
    |   min   |   max   |    min    |    max   | min | max |                      Type                      |
    +---------+---------+-----------+----------+-----+-----+------------------------------------------------+
    |        4|       10|  40.000 ns|  0.100 us|    2|    8|  loop auto-rewind stp (delay=0 clock cycles(s))|
    +---------+---------+-----------+----------+-----+-----+------------------------------------------------+

    + Detail: 
        * Instance: 
        N/A

        * Loop: 
        +--------------------+---------+---------+----------+-----------+-----------+-------+----------+
        |                    |  Latency (cycles) | Iteration|  Initiation Interval  |  Trip |          |
        |      Loop Name     |   min   |   max   |  Latency |  achieved |   target  | Count | Pipelined|
        +--------------------+---------+---------+----------+-----------+-----------+-------+----------+
        |- VITIS_LOOP_208_4  |        2|        8|         3|          1|          1|  1 ~ 7|       yes|
        +--------------------+---------+---------+----------+-----------+-----------+-------+----------+

============================================================
+ Verbose Summary: Synthesis Manager
============================================================
InlineROM: 1
ExposeGlobal: 0
============================================================
+ Verbose Summary: CDFG Model
============================================================
IsTopModel: 0
ResetActiveHigh: 1
IsCombinational: 0
IsDatapathOnly: 0
HasWiredReturn: 1
HasMFsm: 2
HasVarLatency: 1
IsPipeline: 0
IsRtlPipelined: 0
IsInstanceOverlapped: 0
IsDontTouch: 0
HasImplIP: 0
IsGatedGlobalClock: 0

+ Individual pipeline summary: 
  * Pipeline-0: initiation interval (II) = 1, depth = 3


============================================================
+ Verbose Summary: Schedule
============================================================
* Number of FSM states : 3
* Pipeline : 1
  Pipeline-0 : II = 1, D = 3, States = { 1 2 3 }
* Dataflow Pipeline: 0

* FSM state transitions: 
1 --> 2 
2 --> 3 
3 --> 

* FSM state operations: 

State 1 <SV = 0> <Delay = 1.81>
ST_1 : Operation 6 [1/1] (0.00ns)   --->   "%t = alloca i32 1" [src/generic/fp_generic.cpp:181]   --->   Operation 6 'alloca' 't' <Predicate = true> <Delay = 0.00>
ST_1 : Operation 7 [1/1] (0.00ns)   --->   "%v_205 = alloca i32 1" [src/generic/fp_generic.cpp:181]   --->   Operation 7 'alloca' 'v_205' <Predicate = true> <Delay = 0.00>
ST_1 : Operation 8 [1/1] (0.00ns)   --->   "%j_23 = alloca i32 1" [src/generic/fp_generic.cpp:180]   --->   Operation 8 'alloca' 'j_23' <Predicate = true> <Delay = 0.00>
ST_1 : Operation 9 [1/1] (0.00ns)   --->   "%specbramwithbyteenable_ln0 = specbramwithbyteenable void @_ssdm_op_SpecBRAMWithByteEnable, i64 %PKB"   --->   Operation 9 'specbramwithbyteenable' 'specbramwithbyteenable_ln0' <Predicate = true> <Delay = 0.00>
ST_1 : Operation 10 [1/1] (0.00ns)   --->   "%b_read = read i64 @_ssdm_op_Read.ap_auto.i64, i64 %b_read_42"   --->   Operation 10 'read' 'b_read' <Predicate = true> <Delay = 0.00>
ST_1 : Operation 11 [1/1] (0.00ns)   --->   "%b_read_77 = read i64 @_ssdm_op_Read.ap_auto.i64, i64 %b_read_41"   --->   Operation 11 'read' 'b_read_77' <Predicate = true> <Delay = 0.00>
ST_1 : Operation 12 [1/1] (0.00ns)   --->   "%b_read_78 = read i64 @_ssdm_op_Read.ap_auto.i64, i64 %b_read_40"   --->   Operation 12 'read' 'b_read_78' <Predicate = true> <Delay = 0.00>
ST_1 : Operation 13 [1/1] (0.00ns)   --->   "%b_read_79 = read i64 @_ssdm_op_Read.ap_auto.i64, i64 %b_read_39"   --->   Operation 13 'read' 'b_read_79' <Predicate = true> <Delay = 0.00>
ST_1 : Operation 14 [1/1] (0.00ns)   --->   "%b_read_80 = read i64 @_ssdm_op_Read.ap_auto.i64, i64 %b_read_38"   --->   Operation 14 'read' 'b_read_80' <Predicate = true> <Delay = 0.00>
ST_1 : Operation 15 [1/1] (0.00ns)   --->   "%b_read_81 = read i64 @_ssdm_op_Read.ap_auto.i64, i64 %b_read_37"   --->   Operation 15 'read' 'b_read_81' <Predicate = true> <Delay = 0.00>
ST_1 : Operation 16 [1/1] (0.00ns)   --->   "%b_read_82 = read i64 @_ssdm_op_Read.ap_auto.i64, i64 %b_read_36"   --->   Operation 16 'read' 'b_read_82' <Predicate = true> <Delay = 0.00>
ST_1 : Operation 17 [1/1] (0.00ns)   --->   "%tmp = read i3 @_ssdm_op_Read.ap_auto.i3, i3 %empty"   --->   Operation 17 'read' 'tmp' <Predicate = true> <Delay = 0.00>
ST_1 : Operation 18 [1/1] (0.00ns)   --->   "%a_read = read i9 @_ssdm_op_Read.ap_auto.i9, i9 %a"   --->   Operation 18 'read' 'a_read' <Predicate = true> <Delay = 0.00>
ST_1 : Operation 19 [1/1] (0.00ns)   --->   "%zext_ln206_read = read i4 @_ssdm_op_Read.ap_auto.i4, i4 %zext_ln206"   --->   Operation 19 'read' 'zext_ln206_read' <Predicate = true> <Delay = 0.00>
ST_1 : Operation 20 [1/1] (0.00ns)   --->   "%v_read = read i64 @_ssdm_op_Read.ap_auto.i64, i64 %v"   --->   Operation 20 'read' 'v_read' <Predicate = true> <Delay = 0.00>
ST_1 : Operation 21 [1/1] (0.00ns)   --->   "%indvars_iv_read = read i3 @_ssdm_op_Read.ap_auto.i3, i3 %indvars_iv"   --->   Operation 21 'read' 'indvars_iv_read' <Predicate = true> <Delay = 0.00>
ST_1 : Operation 22 [1/1] (0.00ns)   --->   "%zext_ln206_cast = zext i4 %zext_ln206_read"   --->   Operation 22 'zext' 'zext_ln206_cast' <Predicate = true> <Delay = 0.00>
ST_1 : Operation 23 [1/1] (0.00ns)   --->   "%indvars_iv_cast = zext i3 %indvars_iv_read"   --->   Operation 23 'zext' 'indvars_iv_cast' <Predicate = true> <Delay = 0.00>
ST_1 : Operation 24 [1/1] (0.38ns)   --->   "%store_ln180 = store i4 %indvars_iv_cast, i4 %j_23" [src/generic/fp_generic.cpp:180]   --->   Operation 24 'store' 'store_ln180' <Predicate = true> <Delay = 0.38>
ST_1 : Operation 25 [1/1] (0.38ns)   --->   "%store_ln181 = store i64 %v_read, i64 %v_205" [src/generic/fp_generic.cpp:181]   --->   Operation 25 'store' 'store_ln181' <Predicate = true> <Delay = 0.38>
ST_1 : Operation 26 [1/1] (0.38ns)   --->   "%store_ln181 = store i64 %zext_ln206_cast, i64 %u_198_out" [src/generic/fp_generic.cpp:181]   --->   Operation 26 'store' 'store_ln181' <Predicate = true> <Delay = 0.38>
ST_1 : Operation 27 [1/1] (0.38ns)   --->   "%store_ln181 = store i3 0, i3 %t" [src/generic/fp_generic.cpp:181]   --->   Operation 27 'store' 'store_ln181' <Predicate = true> <Delay = 0.38>
ST_1 : Operation 28 [1/1] (0.00ns)   --->   "%br_ln0 = br void %for.inc65"   --->   Operation 28 'br' 'br_ln0' <Predicate = true> <Delay = 0.00>
ST_1 : Operation 29 [1/1] (0.00ns)   --->   "%j = load i4 %j_23" [src/generic/fp_generic.cpp:208]   --->   Operation 29 'load' 'j' <Predicate = true> <Delay = 0.00>
ST_1 : Operation 30 [1/1] (0.70ns)   --->   "%icmp_ln208 = icmp_eq  i4 %j, i4 8" [src/generic/fp_generic.cpp:208]   --->   Operation 30 'icmp' 'icmp_ln208' <Predicate = true> <Delay = 0.70> <CoreInst = "Cmp">   --->   Core 9 'Cmp' <Latency = 0> <II = 1> <Delay = 0.70> <FuncUnit> <Opcode : 'seteq' 'setne' 'setle' 'setge' 'setlt' 'setgt'> <InPorts = 2> <OutPorts = 1>
ST_1 : Operation 31 [1/1] (0.00ns)   --->   "%br_ln208 = br i1 %icmp_ln208, void %for.inc65.split, void %for.inc70.exitStub" [src/generic/fp_generic.cpp:208]   --->   Operation 31 'br' 'br_ln208' <Predicate = true> <Delay = 0.00>
ST_1 : Operation 32 [1/1] (0.00ns)   --->   "%trunc_ln208 = trunc i4 %j" [src/generic/fp_generic.cpp:208]   --->   Operation 32 'trunc' 'trunc_ln208' <Predicate = (!icmp_ln208)> <Delay = 0.00>
ST_1 : Operation 33 [1/1] (0.00ns)   --->   "%shl_ln5 = bitconcatenate i7 @_ssdm_op_BitConcatenate.i7.i4.i3, i4 %j, i3 0" [src/generic/fp_generic.cpp:210]   --->   Operation 33 'bitconcatenate' 'shl_ln5' <Predicate = (!icmp_ln208)> <Delay = 0.00>
ST_1 : Operation 34 [1/1] (0.00ns)   --->   "%zext_ln210_3 = zext i7 %shl_ln5" [src/generic/fp_generic.cpp:210]   --->   Operation 34 'zext' 'zext_ln210_3' <Predicate = (!icmp_ln208)> <Delay = 0.00>
ST_1 : Operation 35 [1/1] (0.71ns)   --->   "%add_ln210 = add i9 %zext_ln210_3, i9 %a_read" [src/generic/fp_generic.cpp:210]   --->   Operation 35 'add' 'add_ln210' <Predicate = (!icmp_ln208)> <Delay = 0.71> <CoreInst = "Adder">   --->   Core 1 'Adder' <Latency = 0> <II = 1> <Delay = 0.71> <FuncUnit> <Opcode : 'add' 'sub'> <InPorts = 2> <OutPorts = 1>
ST_1 : Operation 36 [1/1] (0.00ns)   --->   "%lshr_ln7 = partselect i6 @_ssdm_op_PartSelect.i6.i9.i32.i32, i9 %add_ln210, i32 3, i32 8" [src/generic/fp_generic.cpp:210]   --->   Operation 36 'partselect' 'lshr_ln7' <Predicate = (!icmp_ln208)> <Delay = 0.00>
ST_1 : Operation 37 [1/1] (0.00ns)   --->   "%zext_ln210 = zext i6 %lshr_ln7" [src/generic/fp_generic.cpp:210]   --->   Operation 37 'zext' 'zext_ln210' <Predicate = (!icmp_ln208)> <Delay = 0.00>
ST_1 : Operation 38 [1/1] (0.00ns)   --->   "%PKB_addr = getelementptr i64 %PKB, i64 0, i64 %zext_ln210" [src/generic/fp_generic.cpp:210]   --->   Operation 38 'getelementptr' 'PKB_addr' <Predicate = (!icmp_ln208)> <Delay = 0.00>
ST_1 : Operation 39 [2/2] (0.71ns)   --->   "%PKB_load = load i6 %PKB_addr" [src/generic/fp_generic.cpp:210]   --->   Operation 39 'load' 'PKB_load' <Predicate = (!icmp_ln208)> <Delay = 0.71> <CoreInst = "RAM">   --->   Core 82 'RAM' <Latency = 1> <II = 1> <Delay = 0.71> <Storage> <Opcode : 'load' 'store'> <Ports = 2> <Width = 64> <Depth = 48> <RAM>
ST_1 : Operation 40 [1/1] (0.57ns)   --->   "%sub_ln210 = sub i3 %tmp, i3 %trunc_ln208" [src/generic/fp_generic.cpp:210]   --->   Operation 40 'sub' 'sub_ln210' <Predicate = (!icmp_ln208)> <Delay = 0.57> <CoreInst = "Adder">   --->   Core 1 'Adder' <Latency = 0> <II = 1> <Delay = 0.57> <FuncUnit> <Opcode : 'add' 'sub'> <InPorts = 2> <OutPorts = 1>
ST_1 : Operation 41 [1/1] (0.55ns)   --->   "%tmp_s = sparsemux i64 @_ssdm_op_SparseMux.ap_auto.7i64.i64.i3, i3 1, i64 %b_read_82, i3 2, i64 %b_read_81, i3 3, i64 %b_read_80, i3 4, i64 %b_read_79, i3 5, i64 %b_read_78, i3 6, i64 %b_read_77, i3 7, i64 %b_read, i64 0, i3 %sub_ln210" [src/generic/fp_generic.cpp:210]   --->   Operation 41 'sparsemux' 'tmp_s' <Predicate = (!icmp_ln208)> <Delay = 0.55> <CoreInst = "BinarySparseMux_DontCare">   --->   Core 159 'BinarySparseMux_DontCare' <Latency = 0> <II = 1> <Delay = 0.55> <FuncUnit> <Opcode : 'sparsemux'> <InPorts = 2> <OutPorts = 1>
ST_1 : Operation 42 [1/1] (0.70ns)   --->   "%add_ln208 = add i4 %j, i4 1" [src/generic/fp_generic.cpp:208]   --->   Operation 42 'add' 'add_ln208' <Predicate = (!icmp_ln208)> <Delay = 0.70> <CoreInst = "Adder">   --->   Core 1 'Adder' <Latency = 0> <II = 1> <Delay = 0.70> <FuncUnit> <Opcode : 'add' 'sub'> <InPorts = 2> <OutPorts = 1>
ST_1 : Operation 43 [1/1] (0.38ns)   --->   "%store_ln180 = store i4 %add_ln208, i4 %j_23" [src/generic/fp_generic.cpp:180]   --->   Operation 43 'store' 'store_ln180' <Predicate = (!icmp_ln208)> <Delay = 0.38>

State 2 <SV = 1> <Delay = 5.14>
ST_2 : Operation 44 [1/2] ( I:0.71ns O:0.71ns )   --->   "%PKB_load = load i6 %PKB_addr" [src/generic/fp_generic.cpp:210]   --->   Operation 44 'load' 'PKB_load' <Predicate = true> <Delay = 0.71> <CoreInst = "RAM">   --->   Core 82 'RAM' <Latency = 1> <II = 1> <Delay = 0.71> <Storage> <Opcode : 'load' 'store'> <Ports = 2> <Width = 64> <Depth = 48> <RAM>
ST_2 : Operation 45 [1/1] (4.43ns)   --->   "%tmp_55 = call i128 @digit_x_digit_hls, i64 %PKB_load, i64 %tmp_s" [src/generic/fp_generic.cpp:210]   --->   Operation 45 'call' 'tmp_55' <Predicate = (!icmp_ln208)> <Delay = 4.43> <CoreType = "Generic">   --->   Generic Core
ST_2 : Operation 46 [1/1] (0.00ns)   --->   "%lo = trunc i128 %tmp_55" [src/generic/fp_generic.cpp:211]   --->   Operation 46 'trunc' 'lo' <Predicate = true> <Delay = 0.00>
ST_2 : Operation 47 [1/1] (0.00ns)   --->   "%hi = partselect i64 @_ssdm_op_PartSelect.i64.i128.i32, i128 %tmp_55, i32 64" [src/generic/fp_generic.cpp:212]   --->   Operation 47 'partselect' 'hi' <Predicate = true> <Delay = 0.00>
ST_2 : Operation 80 [1/1] (0.00ns)   --->   "%t_load = load i3 %t"   --->   Operation 80 'load' 't_load' <Predicate = (icmp_ln208)> <Delay = 0.00>
ST_2 : Operation 81 [1/1] (0.00ns)   --->   "%v_205_load_1 = load i64 %v_205"   --->   Operation 81 'load' 'v_205_load_1' <Predicate = (icmp_ln208)> <Delay = 0.00>
ST_2 : Operation 82 [1/1] (0.00ns)   --->   "%write_ln0 = write void @_ssdm_op_Write.ap_auto.i64P0A, i64 %v_205_out, i64 %v_205_load_1"   --->   Operation 82 'write' 'write_ln0' <Predicate = (icmp_ln208)> <Delay = 0.00>
ST_2 : Operation 83 [1/1] (0.00ns)   --->   "%write_ln0 = write void @_ssdm_op_Write.ap_auto.i3P0A, i3 %t_93_out, i3 %t_load"   --->   Operation 83 'write' 'write_ln0' <Predicate = (icmp_ln208)> <Delay = 0.00>
ST_2 : Operation 84 [1/1] (0.38ns)   --->   "%ret_ln0 = ret"   --->   Operation 84 'ret' 'ret_ln0' <Predicate = (icmp_ln208)> <Delay = 0.38>

State 3 <SV = 2> <Delay = 4.68>
ST_3 : Operation 48 [1/1] (0.00ns)   --->   "%t_load_39 = load i3 %t" [src/generic/fp_generic.cpp:215]   --->   Operation 48 'load' 't_load_39' <Predicate = true> <Delay = 0.00>
ST_3 : Operation 49 [1/1] (0.00ns)   --->   "%u_198_out_load = load i64 %u_198_out" [src/generic/fp_generic.cpp:214]   --->   Operation 49 'load' 'u_198_out_load' <Predicate = true> <Delay = 0.00>
ST_3 : Operation 50 [1/1] (0.00ns)   --->   "%v_205_load = load i64 %v_205" [src/generic/fp_generic.cpp:213]   --->   Operation 50 'load' 'v_205_load' <Predicate = true> <Delay = 0.00>
ST_3 : Operation 51 [1/1] (0.00ns)   --->   "%specpipeline_ln180 = specpipeline void @_ssdm_op_SpecPipeline, i32 4294967295, i32 0, i32 0, i32 0, void @empty_34" [src/generic/fp_generic.cpp:180]   --->   Operation 51 'specpipeline' 'specpipeline_ln180' <Predicate = true> <Delay = 0.00>
ST_3 : Operation 52 [1/1] (0.00ns)   --->   "%speclooptripcount_ln180 = speclooptripcount void @_ssdm_op_SpecLoopTripCount, i64 1, i64 7, i64 4" [src/generic/fp_generic.cpp:180]   --->   Operation 52 'speclooptripcount' 'speclooptripcount_ln180' <Predicate = true> <Delay = 0.00>
ST_3 : Operation 53 [1/1] (0.00ns)   --->   "%specloopname_ln208 = specloopname void @_ssdm_op_SpecLoopName, void @empty_21" [src/generic/fp_generic.cpp:208]   --->   Operation 53 'specloopname' 'specloopname_ln208' <Predicate = true> <Delay = 0.00>
ST_3 : Operation 54 [1/1] (1.14ns)   --->   "%v_264 = add i64 %lo, i64 %v_205_load" [src/generic/fp_generic.cpp:213]   --->   Operation 54 'add' 'v_264' <Predicate = true> <Delay = 1.14> <CoreInst = "Adder">   --->   Core 1 'Adder' <Latency = 0> <II = 1> <Delay = 1.14> <FuncUnit> <Opcode : 'add' 'sub'> <InPorts = 2> <OutPorts = 1>
ST_3 : Operation 55 [1/1] (0.00ns) (grouped into LUT with out node tempReg_95)   --->   "%xor_ln105_68 = xor i64 %v_264, i64 %lo" [src/config.h:105->src/generic/fp_generic.cpp:213]   --->   Operation 55 'xor' 'xor_ln105_68' <Predicate = true> <Delay = 0.00> <CoreInst = "LogicGate">   --->   Core 74 'LogicGate' <Latency = 0> <II = 1> <Delay = 0.28> <FuncUnit> <Opcode : 'and' 'or' 'xor'> <InPorts = 2> <OutPorts = 1>
ST_3 : Operation 56 [1/1] (0.00ns) (grouped into LUT with out node tempReg_95)   --->   "%xor_ln105_69 = xor i64 %lo, i64 %v_205_load" [src/config.h:105->src/generic/fp_generic.cpp:213]   --->   Operation 56 'xor' 'xor_ln105_69' <Predicate = true> <Delay = 0.00> <CoreInst = "LogicGate">   --->   Core 74 'LogicGate' <Latency = 0> <II = 1> <Delay = 0.28> <FuncUnit> <Opcode : 'and' 'or' 'xor'> <InPorts = 2> <OutPorts = 1>
ST_3 : Operation 57 [1/1] (0.00ns) (grouped into LUT with out node tempReg_95)   --->   "%or_ln105_14 = or i64 %xor_ln105_68, i64 %xor_ln105_69" [src/config.h:105->src/generic/fp_generic.cpp:213]   --->   Operation 57 'or' 'or_ln105_14' <Predicate = true> <Delay = 0.00> <CoreInst = "LogicGate">   --->   Core 74 'LogicGate' <Latency = 0> <II = 1> <Delay = 0.28> <FuncUnit> <Opcode : 'and' 'or' 'xor'> <InPorts = 2> <OutPorts = 1>
ST_3 : Operation 58 [1/1] (0.00ns) (grouped into LUT with out node tempReg_95)   --->   "%xor_ln105_70 = xor i64 %or_ln105_14, i64 %v_264" [src/config.h:105->src/generic/fp_generic.cpp:213]   --->   Operation 58 'xor' 'xor_ln105_70' <Predicate = true> <Delay = 0.00> <CoreInst = "LogicGate">   --->   Core 74 'LogicGate' <Latency = 0> <II = 1> <Delay = 0.28> <FuncUnit> <Opcode : 'and' 'or' 'xor'> <InPorts = 2> <OutPorts = 1>
ST_3 : Operation 59 [1/1] (0.00ns) (grouped into LUT with out node tempReg_95)   --->   "%carry = bitselect i1 @_ssdm_op_BitSelect.i1.i64.i32, i64 %xor_ln105_70, i32 63" [src/config.h:105->src/generic/fp_generic.cpp:213]   --->   Operation 59 'bitselect' 'carry' <Predicate = true> <Delay = 0.00>
ST_3 : Operation 60 [1/1] (0.00ns) (grouped into LUT with out node tempReg_95)   --->   "%zext_ln105 = zext i1 %carry" [src/config.h:105->src/generic/fp_generic.cpp:213]   --->   Operation 60 'zext' 'zext_ln105' <Predicate = true> <Delay = 0.00>
ST_3 : Operation 61 [1/1] (1.14ns) (out node of the LUT)   --->   "%tempReg_95 = add i64 %hi, i64 %zext_ln105" [src/generic/fp_generic.cpp:214]   --->   Operation 61 'add' 'tempReg_95' <Predicate = true> <Delay = 1.14> <CoreInst = "Adder">   --->   Core 1 'Adder' <Latency = 0> <II = 1> <Delay = 1.14> <FuncUnit> <Opcode : 'add' 'sub'> <InPorts = 2> <OutPorts = 1>
ST_3 : Operation 62 [1/1] (1.14ns)   --->   "%u = add i64 %tempReg_95, i64 %u_198_out_load" [src/generic/fp_generic.cpp:214]   --->   Operation 62 'add' 'u' <Predicate = true> <Delay = 1.14> <CoreInst = "Adder">   --->   Core 1 'Adder' <Latency = 0> <II = 1> <Delay = 1.14> <FuncUnit> <Opcode : 'add' 'sub'> <InPorts = 2> <OutPorts = 1>
ST_3 : Operation 63 [1/1] (0.00ns) (grouped into LUT with out node xor_ln214_42)   --->   "%xor_ln214 = xor i64 %u, i64 %tempReg_95" [src/generic/fp_generic.cpp:214]   --->   Operation 63 'xor' 'xor_ln214' <Predicate = true> <Delay = 0.00> <CoreInst = "LogicGate">   --->   Core 74 'LogicGate' <Latency = 0> <II = 1> <Delay = 0.28> <FuncUnit> <Opcode : 'and' 'or' 'xor'> <InPorts = 2> <OutPorts = 1>
ST_3 : Operation 64 [1/1] (0.00ns) (grouped into LUT with out node xor_ln214_42)   --->   "%xor_ln214_40 = xor i64 %tempReg_95, i64 %u_198_out_load" [src/generic/fp_generic.cpp:214]   --->   Operation 64 'xor' 'xor_ln214_40' <Predicate = true> <Delay = 0.00> <CoreInst = "LogicGate">   --->   Core 74 'LogicGate' <Latency = 0> <II = 1> <Delay = 0.28> <FuncUnit> <Opcode : 'and' 'or' 'xor'> <InPorts = 2> <OutPorts = 1>
ST_3 : Operation 65 [1/1] (0.00ns) (grouped into LUT with out node xor_ln214_42)   --->   "%or_ln214 = or i64 %xor_ln214, i64 %xor_ln214_40" [src/generic/fp_generic.cpp:214]   --->   Operation 65 'or' 'or_ln214' <Predicate = true> <Delay = 0.00> <CoreInst = "LogicGate">   --->   Core 74 'LogicGate' <Latency = 0> <II = 1> <Delay = 0.28> <FuncUnit> <Opcode : 'and' 'or' 'xor'> <InPorts = 2> <OutPorts = 1>
ST_3 : Operation 66 [1/1] (0.00ns) (grouped into LUT with out node t_80)   --->   "%bit_sel1 = bitselect i1 @_ssdm_op_BitSelect.i1.i64.i64, i64 %tempReg_95, i64 63" [src/generic/fp_generic.cpp:214]   --->   Operation 66 'bitselect' 'bit_sel1' <Predicate = true> <Delay = 0.00>
ST_3 : Operation 67 [1/1] (0.00ns) (grouped into LUT with out node t_80)   --->   "%xor_ln214_43 = xor i1 %bit_sel1, i1 1" [src/generic/fp_generic.cpp:214]   --->   Operation 67 'xor' 'xor_ln214_43' <Predicate = true> <Delay = 0.00> <CoreInst = "LogicGate">   --->   Core 74 'LogicGate' <Latency = 0> <II = 1> <Delay = 0.12> <FuncUnit> <Opcode : 'and' 'or' 'xor'> <InPorts = 2> <OutPorts = 1>
ST_3 : Operation 68 [1/1] (0.00ns) (grouped into LUT with out node t_80)   --->   "%trunc_ln214 = trunc i64 %tempReg_95" [src/generic/fp_generic.cpp:214]   --->   Operation 68 'trunc' 'trunc_ln214' <Predicate = true> <Delay = 0.00>
ST_3 : Operation 69 [1/1] (0.00ns) (grouped into LUT with out node t_80)   --->   "%xor_ln214_s = bitconcatenate i64 @_ssdm_op_BitConcatenate.i64.i1.i63, i1 %xor_ln214_43, i63 %trunc_ln214" [src/generic/fp_generic.cpp:214]   --->   Operation 69 'bitconcatenate' 'xor_ln214_s' <Predicate = true> <Delay = 0.00>
ST_3 : Operation 70 [1/1] (0.00ns) (grouped into LUT with out node t_80)   --->   "%and_ln214 = and i64 %xor_ln214_s, i64 %hi" [src/generic/fp_generic.cpp:214]   --->   Operation 70 'and' 'and_ln214' <Predicate = true> <Delay = 0.00> <CoreInst = "LogicGate">   --->   Core 74 'LogicGate' <Latency = 0> <II = 1> <Delay = 0.28> <FuncUnit> <Opcode : 'and' 'or' 'xor'> <InPorts = 2> <OutPorts = 1>
ST_3 : Operation 71 [1/1] (0.28ns) (out node of the LUT)   --->   "%xor_ln214_42 = xor i64 %or_ln214, i64 %u" [src/generic/fp_generic.cpp:214]   --->   Operation 71 'xor' 'xor_ln214_42' <Predicate = true> <Delay = 0.28> <CoreInst = "LogicGate">   --->   Core 74 'LogicGate' <Latency = 0> <II = 1> <Delay = 0.28> <FuncUnit> <Opcode : 'and' 'or' 'xor'> <InPorts = 2> <OutPorts = 1>
ST_3 : Operation 72 [1/1] (0.00ns) (grouped into LUT with out node t_80)   --->   "%or_ln214_14 = or i64 %xor_ln214_42, i64 %and_ln214" [src/generic/fp_generic.cpp:214]   --->   Operation 72 'or' 'or_ln214_14' <Predicate = true> <Delay = 0.00> <CoreInst = "LogicGate">   --->   Core 74 'LogicGate' <Latency = 0> <II = 1> <Delay = 0.28> <FuncUnit> <Opcode : 'and' 'or' 'xor'> <InPorts = 2> <OutPorts = 1>
ST_3 : Operation 73 [1/1] (0.00ns) (grouped into LUT with out node t_80)   --->   "%tmp_267 = bitselect i1 @_ssdm_op_BitSelect.i1.i64.i32, i64 %or_ln214_14, i32 63" [src/generic/fp_generic.cpp:215]   --->   Operation 73 'bitselect' 'tmp_267' <Predicate = true> <Delay = 0.00>
ST_3 : Operation 74 [1/1] (0.00ns) (grouped into LUT with out node t_80)   --->   "%zext_ln215 = zext i1 %tmp_267" [src/generic/fp_generic.cpp:215]   --->   Operation 74 'zext' 'zext_ln215' <Predicate = true> <Delay = 0.00>
ST_3 : Operation 75 [1/1] (0.57ns) (out node of the LUT)   --->   "%t_80 = add i3 %zext_ln215, i3 %t_load_39" [src/generic/fp_generic.cpp:215]   --->   Operation 75 'add' 't_80' <Predicate = true> <Delay = 0.57> <CoreInst = "Adder">   --->   Core 1 'Adder' <Latency = 0> <II = 1> <Delay = 0.57> <FuncUnit> <Opcode : 'add' 'sub'> <InPorts = 2> <OutPorts = 1>
ST_3 : Operation 76 [1/1] (0.38ns)   --->   "%store_ln181 = store i64 %v_264, i64 %v_205" [src/generic/fp_generic.cpp:181]   --->   Operation 76 'store' 'store_ln181' <Predicate = true> <Delay = 0.38>
ST_3 : Operation 77 [1/1] (0.38ns)   --->   "%store_ln181 = store i64 %u, i64 %u_198_out" [src/generic/fp_generic.cpp:181]   --->   Operation 77 'store' 'store_ln181' <Predicate = true> <Delay = 0.38>
ST_3 : Operation 78 [1/1] (0.38ns)   --->   "%store_ln181 = store i3 %t_80, i3 %t" [src/generic/fp_generic.cpp:181]   --->   Operation 78 'store' 'store_ln181' <Predicate = true> <Delay = 0.38>
ST_3 : Operation 79 [1/1] (0.00ns)   --->   "%br_ln208 = br void %for.inc65" [src/generic/fp_generic.cpp:208]   --->   Operation 79 'br' 'br_ln208' <Predicate = true> <Delay = 0.00>


============================================================
+ Verbose Summary: Timing violations
============================================================
Target clock period: 10.000ns, clock uncertainty: 2.700ns.

 <State 1>: 1.816ns
The critical path consists of the following:
	'store' operation 0 bit ('store_ln180', src/generic/fp_generic.cpp:180) of variable 'indvars_iv_cast' on local variable 'j', src/generic/fp_generic.cpp:180 [35]  (0.387 ns)
	'load' operation 4 bit ('j', src/generic/fp_generic.cpp:208) on local variable 'j', src/generic/fp_generic.cpp:180 [41]  (0.000 ns)
	'add' operation 9 bit ('add_ln210', src/generic/fp_generic.cpp:210) [54]  (0.715 ns)
	'getelementptr' operation 6 bit ('PKB_addr', src/generic/fp_generic.cpp:210) [57]  (0.000 ns)
	'load' operation 64 bit ('PKB_load', src/generic/fp_generic.cpp:210) on array 'PKB' [58]  (0.714 ns)

 <State 2>: 5.144ns
The critical path consists of the following:
	'load' operation 64 bit ('PKB_load', src/generic/fp_generic.cpp:210) on array 'PKB' [58]  (0.714 ns)
	'call' operation 128 bit ('tmp', src/generic/fp_generic.cpp:210) to 'digit_x_digit_hls' [61]  (4.430 ns)

 <State 3>: 4.689ns
The critical path consists of the following:
	'load' operation 64 bit ('v_205_load', src/generic/fp_generic.cpp:213) on local variable 'v', src/generic/fp_generic.cpp:181 [47]  (0.000 ns)
	'add' operation 64 bit ('x', src/generic/fp_generic.cpp:213) [64]  (1.147 ns)
	'xor' operation 64 bit ('xor_ln105_70', src/config.h:105->src/generic/fp_generic.cpp:213) [68]  (0.000 ns)
	'add' operation 64 bit ('tempReg', src/generic/fp_generic.cpp:214) [71]  (1.147 ns)
	'add' operation 64 bit ('x', src/generic/fp_generic.cpp:214) [72]  (1.147 ns)
	'xor' operation 64 bit ('xor_ln214_42', src/generic/fp_generic.cpp:214) [81]  (0.289 ns)
	'or' operation 64 bit ('or_ln214_14', src/generic/fp_generic.cpp:214) [82]  (0.000 ns)
	'add' operation 3 bit ('t', src/generic/fp_generic.cpp:215) [85]  (0.572 ns)
	'store' operation 0 bit ('store_ln181', src/generic/fp_generic.cpp:181) of variable 't', src/generic/fp_generic.cpp:215 on local variable 't', src/generic/fp_generic.cpp:181 [90]  (0.387 ns)


============================================================
+ Verbose Summary: Binding
============================================================
N/A
* FSMD analyzer results:
  - Output states:
 - Input state : 
  - Chain level:
	State 1
	State 2
	State 3


============================================================
+ Verbose Summary: Datapath Resource usage 
============================================================
N/A
