

================================================================
== Vitis HLS Report for 'mp_mul_143'
================================================================
* Date:           Tue May 20 14:37:07 2025

* Version:        2024.2.2 (Build 6049644 on Mar  5 2025)
* Project:        sikep503_hls
* Solution:       solution1 (Vivado IP Flow Target)
* Product family: zynq
* Target device:  xc7z020-clg484-1


================================================================
== Performance Estimates
================================================================
+ Timing: 
    * Summary: 
    +--------+----------+----------+------------+
    |  Clock |  Target  | Estimated| Uncertainty|
    +--------+----------+----------+------------+
    |ap_clk  |  10.00 ns|  7.040 ns|     2.70 ns|
    +--------+----------+----------+------------+

+ Latency: 
    * Summary: 
    +---------+---------+----------+----------+-----+-----+---------+
    |  Latency (cycles) |  Latency (absolute) |  Interval | Pipeline|
    |   min   |   max   |    min   |    max   | min | max |   Type  |
    +---------+---------+----------+----------+-----+-----+---------+
    |      212|      310|  2.120 us|  3.100 us|  212|  310|       no|
    +---------+---------+----------+----------+-----+-----+---------+

    + Detail: 
        * Instance: 
        +-------------------------------------------------+--------------------------------------+---------+---------+----------+----------+-----+-----+------------------------------------------------+
        |                                                 |                                      |  Latency (cycles) |  Latency (absolute) |  Interval |                    Pipeline                    |
        |                     Instance                    |                Module                |   min   |   max   |    min   |    max   | min | max |                      Type                      |
        +-------------------------------------------------+--------------------------------------+---------+---------+----------+----------+-----+-----+------------------------------------------------+
        |grp_mp_mul_143_Pipeline_VITIS_LOOP_144_2_fu_126  |mp_mul_143_Pipeline_VITIS_LOOP_144_2  |       10|       17|  0.100 us|  0.170 us|    2|    9|  loop auto-rewind stp (delay=0 clock cycles(s))|
        |grp_mp_mul_143_Pipeline_VITIS_LOOP_157_4_fu_142  |mp_mul_143_Pipeline_VITIS_LOOP_157_4  |       10|       16|  0.100 us|  0.160 us|    2|    8|  loop auto-rewind stp (delay=0 clock cycles(s))|
        +-------------------------------------------------+--------------------------------------+---------+---------+----------+----------+-----+-----+------------------------------------------------+

        * Loop: 
        +--------------------+---------+---------+----------+-----------+-----------+------+----------+
        |                    |  Latency (cycles) | Iteration|  Initiation Interval  | Trip |          |
        |      Loop Name     |   min   |   max   |  Latency |  achieved |   target  | Count| Pipelined|
        +--------------------+---------+---------+----------+-----------+-----------+------+----------+
        |- VITIS_LOOP_143_1  |      112|      168|   14 ~ 21|          -|          -|     8|        no|
        |- VITIS_LOOP_156_3  |       98|      140|   14 ~ 20|          -|          -|     7|        no|
        +--------------------+---------+---------+----------+-----------+-----------+------+----------+



================================================================
== Utilization Estimates
================================================================
* Summary: 
+-----------------+---------+-----+--------+-------+-----+
|       Name      | BRAM_18K| DSP |   FF   |  LUT  | URAM|
+-----------------+---------+-----+--------+-------+-----+
|DSP              |        -|    -|       -|      -|    -|
|Expression       |        -|    -|       0|     78|    -|
|FIFO             |        -|    -|       -|      -|    -|
|Instance         |        -|   16|    3019|   3033|    -|
|Memory           |        -|    -|       -|      -|    -|
|Multiplexer      |        -|    -|       0|    389|    -|
|Register         |        -|    -|     316|      -|    -|
+-----------------+---------+-----+--------+-------+-----+
|Total            |        0|   16|    3335|   3500|    0|
+-----------------+---------+-----+--------+-------+-----+
|Available        |      280|  220|  106400|  53200|    0|
+-----------------+---------+-----+--------+-------+-----+
|Utilization (%)  |        0|    7|       3|      6|    0|
+-----------------+---------+-----+--------+-------+-----+

+ Detail: 
    * Instance: 
    +-------------------------------------------------+--------------------------------------+---------+----+------+------+-----+
    |                     Instance                    |                Module                | BRAM_18K| DSP|  FF  |  LUT | URAM|
    +-------------------------------------------------+--------------------------------------+---------+----+------+------+-----+
    |grp_mp_mul_143_Pipeline_VITIS_LOOP_144_2_fu_126  |mp_mul_143_Pipeline_VITIS_LOOP_144_2  |        0|   0|  1178|  1413|    0|
    |grp_mp_mul_143_Pipeline_VITIS_LOOP_157_4_fu_142  |mp_mul_143_Pipeline_VITIS_LOOP_157_4  |        0|   0|  1181|  1420|    0|
    |mul_32ns_32ns_64_2_1_U2295                       |mul_32ns_32ns_64_2_1                  |        0|   4|   165|    50|    0|
    |mul_32ns_32ns_64_2_1_U2296                       |mul_32ns_32ns_64_2_1                  |        0|   4|   165|    50|    0|
    |mul_32ns_32ns_64_2_1_U2297                       |mul_32ns_32ns_64_2_1                  |        0|   4|   165|    50|    0|
    |mul_32ns_32ns_64_2_1_U2298                       |mul_32ns_32ns_64_2_1                  |        0|   4|   165|    50|    0|
    +-------------------------------------------------+--------------------------------------+---------+----+------+------+-----+
    |Total                                            |                                      |        0|  16|  3019|  3033|    0|
    +-------------------------------------------------+--------------------------------------+---------+----+------+------+-----+

    * DSP: 
    N/A

    * Memory: 
    N/A

    * FIFO: 
    N/A

    * Expression: 
    +------------------------+----------+----+---+----+------------+------------+
    |      Variable Name     | Operation| DSP| FF| LUT| Bitwidth P0| Bitwidth P1|
    +------------------------+----------+----+---+----+------------+------------+
    |add_ln143_13_fu_244_p2  |         +|   0|  0|  13|           4|           1|
    |add_ln143_fu_205_p2     |         +|   0|  0|  13|           4|           1|
    |add_ln156_13_fu_299_p2  |         +|   0|  0|  13|           4|           1|
    |add_ln156_fu_272_p2     |         +|   0|  0|  13|           4|           1|
    |icmp_ln143_fu_199_p2    |      icmp|   0|  0|  13|           4|           5|
    |icmp_ln156_fu_266_p2    |      icmp|   0|  0|  13|           4|           2|
    +------------------------+----------+----+---+----+------------+------------+
    |Total                   |          |   0|  0|  78|          24|          11|
    +------------------------+----------+----+---+----+------------+------------+

    * Multiplexer: 
    +--------------------+----+-----------+-----+-----------+
    |        Name        | LUT| Input Size| Bits| Total Bits|
    +--------------------+----+-----------+-----+-----------+
    |a_address0          |  14|          3|    7|         21|
    |a_ce0               |  14|          3|    1|          3|
    |ap_NS_fsm           |  53|         10|    1|         10|
    |b_address0          |  14|          3|    3|          9|
    |b_ce0               |  14|          3|    1|          3|
    |c_address0_local    |  20|          4|    4|         16|
    |c_d0_local          |  20|          4|   64|        256|
    |grp_fu_465_ce       |  14|          3|    1|          3|
    |grp_fu_465_p0       |  14|          3|   32|         96|
    |grp_fu_465_p1       |  14|          3|   32|         96|
    |grp_fu_469_ce       |  14|          3|    1|          3|
    |grp_fu_469_p0       |  14|          3|   32|         96|
    |grp_fu_469_p1       |  14|          3|   32|         96|
    |grp_fu_473_ce       |  14|          3|    1|          3|
    |grp_fu_473_p0       |  14|          3|   32|         96|
    |grp_fu_473_p1       |  14|          3|   32|         96|
    |grp_fu_477_ce       |  14|          3|    1|          3|
    |grp_fu_477_p0       |  14|          3|   32|         96|
    |grp_fu_477_p1       |  14|          3|   32|         96|
    |i_25_fu_86          |   9|          2|    4|          8|
    |i_fu_50             |   9|          2|    4|          8|
    |indvars_iv31_fu_46  |   9|          2|    4|          8|
    |indvars_iv_fu_82    |   9|          2|    4|          8|
    |u_016_fu_54         |   9|          2|    4|          8|
    |u_29_fu_74          |   9|          2|    4|          8|
    |v_017_fu_58         |   9|          2|   64|        128|
    |v_fu_78             |   9|          2|   64|        128|
    +--------------------+----+-----------+-----+-----------+
    |Total               | 389|         82|  493|       1402|
    +--------------------+----+-----------+-----+-----------+

    * Register: 
    +--------------------------------------------------------------+----+----+-----+-----------+
    |                             Name                             | FF | LUT| Bits| Const Bits|
    +--------------------------------------------------------------+----+----+-----+-----------+
    |ap_CS_fsm                                                     |   9|   0|    9|          0|
    |grp_mp_mul_143_Pipeline_VITIS_LOOP_144_2_fu_126_ap_start_reg  |   1|   0|    1|          0|
    |grp_mp_mul_143_Pipeline_VITIS_LOOP_157_4_fu_142_ap_start_reg  |   1|   0|    1|          0|
    |i_25_fu_86                                                    |   4|   0|    4|          0|
    |i_74_reg_438                                                  |   4|   0|    4|          0|
    |i_fu_50                                                       |   4|   0|    4|          0|
    |indvars_iv31_fu_46                                            |   4|   0|    4|          0|
    |indvars_iv31_load_reg_433                                     |   4|   0|    4|          0|
    |indvars_iv_fu_82                                              |   4|   0|    4|          0|
    |tmp_s_reg_381                                                 |   4|   0|    7|          3|
    |trunc_ln143_reg_399                                           |   3|   0|    3|          0|
    |trunc_ln156_6_reg_460                                         |   3|   0|    3|          0|
    |trunc_ln156_reg_455                                           |   3|   0|    3|          0|
    |u_016_fu_54                                                   |   4|   0|    4|          0|
    |u_29_fu_74                                                    |   4|   0|    4|          0|
    |u_reg_386                                                     |   4|   0|    4|          0|
    |v_017_fu_58                                                   |  64|   0|   64|          0|
    |v_189_reg_391                                                 |  64|   0|   64|          0|
    |v_fu_78                                                       |  64|   0|   64|          0|
    |v_load_reg_447                                                |  64|   0|   64|          0|
    +--------------------------------------------------------------+----+----+-----+-----------+
    |Total                                                         | 316|   0|  319|          3|
    +--------------------------------------------------------------+----+----+-----+-----------+



================================================================
== Interface
================================================================
* Summary: 
+------------+-----+-----+------------+--------------+--------------+
|  RTL Ports | Dir | Bits|  Protocol  | Source Object|    C Type    |
+------------+-----+-----+------------+--------------+--------------+
|ap_clk      |   in|    1|  ap_ctrl_hs|    mp_mul.143|  return value|
|ap_rst      |   in|    1|  ap_ctrl_hs|    mp_mul.143|  return value|
|ap_start    |   in|    1|  ap_ctrl_hs|    mp_mul.143|  return value|
|ap_done     |  out|    1|  ap_ctrl_hs|    mp_mul.143|  return value|
|ap_idle     |  out|    1|  ap_ctrl_hs|    mp_mul.143|  return value|
|ap_ready    |  out|    1|  ap_ctrl_hs|    mp_mul.143|  return value|
|a_address0  |  out|    7|   ap_memory|             a|         array|
|a_ce0       |  out|    1|   ap_memory|             a|         array|
|a_q0        |   in|   64|   ap_memory|             a|         array|
|a_offset    |   in|    4|     ap_none|      a_offset|        scalar|
|b_address0  |  out|    3|   ap_memory|             b|         array|
|b_ce0       |  out|    1|   ap_memory|             b|         array|
|b_q0        |   in|   64|   ap_memory|             b|         array|
|c_address0  |  out|    4|   ap_memory|             c|         array|
|c_ce0       |  out|    1|   ap_memory|             c|         array|
|c_we0       |  out|    1|   ap_memory|             c|         array|
|c_d0        |  out|   64|   ap_memory|             c|         array|
+------------+-----+-----+------------+--------------+--------------+

============================================================
+ Verbose Summary: Synthesis Manager
============================================================
InlineROM: 1
ExposeGlobal: 0
============================================================
+ Verbose Summary: CDFG Model
============================================================
IsTopModel: 0
ResetActiveHigh: 1
IsCombinational: 2
IsDatapathOnly: 2
HasWiredReturn: 1
HasMFsm: 0
HasVarLatency: 1
IsPipeline: 0
IsRtlPipelined: 0
IsInstanceOverlapped: 0
IsDontTouch: 0
HasImplIP: 0
IsGatedGlobalClock: 0


============================================================
+ Verbose Summary: Schedule
============================================================
* Number of FSM states : 9
* Pipeline : 0
* Dataflow Pipeline: 0

* FSM state transitions: 
1 --> 2 
2 --> 3 6 
3 --> 4 
4 --> 5 
5 --> 2 
6 --> 7 
7 --> 8 
8 --> 9 
9 --> 6 

* FSM state operations: 

State 1 <SV = 0> <Delay = 1.58>
ST_1 : Operation 10 [1/1] (0.00ns)   --->   "%indvars_iv31 = alloca i32 1"   --->   Operation 10 'alloca' 'indvars_iv31' <Predicate = true> <Delay = 0.00>
ST_1 : Operation 11 [1/1] (0.00ns)   --->   "%i = alloca i32 1" [src/generic/fp_generic.c:139]   --->   Operation 11 'alloca' 'i' <Predicate = true> <Delay = 0.00>
ST_1 : Operation 12 [1/1] (0.00ns)   --->   "%u_016 = alloca i32 1" [src/generic/fp_generic.c:140]   --->   Operation 12 'alloca' 'u_016' <Predicate = true> <Delay = 0.00>
ST_1 : Operation 13 [1/1] (0.00ns)   --->   "%v_017 = alloca i32 1" [src/generic/fp_generic.c:140]   --->   Operation 13 'alloca' 'v_017' <Predicate = true> <Delay = 0.00>
ST_1 : Operation 14 [1/1] (0.00ns)   --->   "%a_offset_read = read i4 @_ssdm_op_Read.ap_auto.i4, i4 %a_offset"   --->   Operation 14 'read' 'a_offset_read' <Predicate = true> <Delay = 0.00>
ST_1 : Operation 15 [1/1] (0.00ns)   --->   "%t_33_loc = alloca i32 1"   --->   Operation 15 'alloca' 't_33_loc' <Predicate = true> <Delay = 0.00>
ST_1 : Operation 16 [1/1] (0.00ns)   --->   "%v_35_loc = alloca i32 1"   --->   Operation 16 'alloca' 'v_35_loc' <Predicate = true> <Delay = 0.00>
ST_1 : Operation 17 [1/1] (0.00ns)   --->   "%v_114_loc = alloca i32 1"   --->   Operation 17 'alloca' 'v_114_loc' <Predicate = true> <Delay = 0.00>
ST_1 : Operation 18 [1/1] (0.00ns)   --->   "%tmp_s = bitconcatenate i7 @_ssdm_op_BitConcatenate.i7.i4.i3, i4 %a_offset_read, i3 0" [src/generic/fp_generic.c:145]   --->   Operation 18 'bitconcatenate' 'tmp_s' <Predicate = true> <Delay = 0.00>
ST_1 : Operation 19 [1/1] (0.00ns)   --->   "%store_ln140 = store i64 0, i64 %v_017" [src/generic/fp_generic.c:140]   --->   Operation 19 'store' 'store_ln140' <Predicate = true> <Delay = 0.00>
ST_1 : Operation 20 [1/1] (0.00ns)   --->   "%store_ln140 = store i4 0, i4 %u_016" [src/generic/fp_generic.c:140]   --->   Operation 20 'store' 'store_ln140' <Predicate = true> <Delay = 0.00>
ST_1 : Operation 21 [1/1] (1.58ns)   --->   "%store_ln139 = store i4 0, i4 %i" [src/generic/fp_generic.c:139]   --->   Operation 21 'store' 'store_ln139' <Predicate = true> <Delay = 1.58>
ST_1 : Operation 22 [1/1] (1.58ns)   --->   "%store_ln0 = store i4 1, i4 %indvars_iv31"   --->   Operation 22 'store' 'store_ln0' <Predicate = true> <Delay = 1.58>
ST_1 : Operation 23 [1/1] (0.00ns)   --->   "%br_ln143 = br void %VITIS_LOOP_144_2" [src/generic/fp_generic.c:143]   --->   Operation 23 'br' 'br_ln143' <Predicate = true> <Delay = 0.00>

State 2 <SV = 1> <Delay = 3.32>
ST_2 : Operation 24 [1/1] (0.00ns)   --->   "%i_73 = load i4 %i" [src/generic/fp_generic.c:143]   --->   Operation 24 'load' 'i_73' <Predicate = true> <Delay = 0.00>
ST_2 : Operation 25 [1/1] (0.00ns)   --->   "%u = load i4 %u_016"   --->   Operation 25 'load' 'u' <Predicate = true> <Delay = 0.00>
ST_2 : Operation 26 [1/1] (0.00ns)   --->   "%v_189 = load i64 %v_017"   --->   Operation 26 'load' 'v_189' <Predicate = true> <Delay = 0.00>
ST_2 : Operation 27 [1/1] (1.73ns)   --->   "%icmp_ln143 = icmp_eq  i4 %i_73, i4 8" [src/generic/fp_generic.c:143]   --->   Operation 27 'icmp' 'icmp_ln143' <Predicate = true> <Delay = 1.73> <CoreInst = "Cmp">   --->   Core 9 'Cmp' <Latency = 0> <II = 1> <Delay = 1.78> <FuncUnit> <Opcode : 'seteq' 'setne' 'setle' 'setge' 'setlt' 'setgt'> <InPorts = 2> <OutPorts = 1>
ST_2 : Operation 28 [1/1] (1.73ns)   --->   "%add_ln143 = add i4 %i_73, i4 1" [src/generic/fp_generic.c:143]   --->   Operation 28 'add' 'add_ln143' <Predicate = true> <Delay = 1.73> <CoreInst = "Adder">   --->   Core 1 'Adder' <Latency = 0> <II = 1> <Delay = 1.73> <FuncUnit> <Opcode : 'add' 'sub'> <InPorts = 2> <OutPorts = 1>
ST_2 : Operation 29 [1/1] (0.00ns)   --->   "%br_ln143 = br i1 %icmp_ln143, void %VITIS_LOOP_144_2.split, void %VITIS_LOOP_157_4.preheader" [src/generic/fp_generic.c:143]   --->   Operation 29 'br' 'br_ln143' <Predicate = true> <Delay = 0.00>
ST_2 : Operation 30 [1/1] (0.00ns)   --->   "%trunc_ln143 = trunc i4 %i_73" [src/generic/fp_generic.c:143]   --->   Operation 30 'trunc' 'trunc_ln143' <Predicate = (!icmp_ln143)> <Delay = 0.00>
ST_2 : Operation 31 [1/1] (1.58ns)   --->   "%store_ln139 = store i4 %add_ln143, i4 %i" [src/generic/fp_generic.c:139]   --->   Operation 31 'store' 'store_ln139' <Predicate = (!icmp_ln143)> <Delay = 1.58>
ST_2 : Operation 32 [1/1] (0.00ns)   --->   "%u_29 = alloca i32 1" [src/generic/fp_generic.c:140]   --->   Operation 32 'alloca' 'u_29' <Predicate = (icmp_ln143)> <Delay = 0.00>
ST_2 : Operation 33 [1/1] (0.00ns)   --->   "%v = alloca i32 1" [src/generic/fp_generic.c:140]   --->   Operation 33 'alloca' 'v' <Predicate = (icmp_ln143)> <Delay = 0.00>
ST_2 : Operation 34 [1/1] (0.00ns)   --->   "%indvars_iv = alloca i32 1"   --->   Operation 34 'alloca' 'indvars_iv' <Predicate = (icmp_ln143)> <Delay = 0.00>
ST_2 : Operation 35 [1/1] (0.00ns)   --->   "%i_25 = alloca i32 1" [src/generic/fp_generic.c:139]   --->   Operation 35 'alloca' 'i_25' <Predicate = (icmp_ln143)> <Delay = 0.00>
ST_2 : Operation 36 [1/1] (1.58ns)   --->   "%store_ln139 = store i4 8, i4 %i_25" [src/generic/fp_generic.c:139]   --->   Operation 36 'store' 'store_ln139' <Predicate = (icmp_ln143)> <Delay = 1.58>
ST_2 : Operation 37 [1/1] (1.58ns)   --->   "%store_ln0 = store i4 1, i4 %indvars_iv"   --->   Operation 37 'store' 'store_ln0' <Predicate = (icmp_ln143)> <Delay = 1.58>
ST_2 : Operation 38 [1/1] (0.00ns)   --->   "%store_ln140 = store i64 %v_189, i64 %v" [src/generic/fp_generic.c:140]   --->   Operation 38 'store' 'store_ln140' <Predicate = (icmp_ln143)> <Delay = 0.00>
ST_2 : Operation 39 [1/1] (1.58ns)   --->   "%store_ln140 = store i4 %u, i4 %u_29" [src/generic/fp_generic.c:140]   --->   Operation 39 'store' 'store_ln140' <Predicate = (icmp_ln143)> <Delay = 1.58>
ST_2 : Operation 40 [1/1] (0.00ns)   --->   "%br_ln156 = br void %VITIS_LOOP_157_4" [src/generic/fp_generic.c:156]   --->   Operation 40 'br' 'br_ln156' <Predicate = (icmp_ln143)> <Delay = 0.00>

State 3 <SV = 2> <Delay = 3.97>
ST_3 : Operation 41 [1/1] (0.00ns)   --->   "%indvars_iv31_load = load i4 %indvars_iv31" [src/generic/fp_generic.c:143]   --->   Operation 41 'load' 'indvars_iv31_load' <Predicate = true> <Delay = 0.00>
ST_3 : Operation 42 [2/2] (3.97ns)   --->   "%call_ln143 = call void @mp_mul.143_Pipeline_VITIS_LOOP_144_2, i64 %v_189, i4 %u, i4 %indvars_iv31_load, i4 %a_offset_read, i64 %a, i3 %trunc_ln143, i64 %b, i64 %v_114_loc, i64 %v_017, i4 %u_016" [src/generic/fp_generic.c:143]   --->   Operation 42 'call' 'call_ln143' <Predicate = true> <Delay = 3.97> <CoreType = "Generic">   --->   Generic Core
ST_3 : Operation 43 [1/1] (1.73ns)   --->   "%add_ln143_13 = add i4 %indvars_iv31_load, i4 1" [src/generic/fp_generic.c:143]   --->   Operation 43 'add' 'add_ln143_13' <Predicate = true> <Delay = 1.73> <CoreInst = "Adder">   --->   Core 1 'Adder' <Latency = 0> <II = 1> <Delay = 1.73> <FuncUnit> <Opcode : 'add' 'sub'> <InPorts = 2> <OutPorts = 1>
ST_3 : Operation 44 [1/1] (1.58ns)   --->   "%store_ln143 = store i4 %add_ln143_13, i4 %indvars_iv31" [src/generic/fp_generic.c:143]   --->   Operation 44 'store' 'store_ln143' <Predicate = true> <Delay = 1.58>

State 4 <SV = 3> <Delay = 0.00>
ST_4 : Operation 45 [1/2] (0.00ns)   --->   "%call_ln143 = call void @mp_mul.143_Pipeline_VITIS_LOOP_144_2, i64 %v_189, i4 %u, i4 %indvars_iv31_load, i4 %a_offset_read, i64 %a, i3 %trunc_ln143, i64 %b, i64 %v_114_loc, i64 %v_017, i4 %u_016" [src/generic/fp_generic.c:143]   --->   Operation 45 'call' 'call_ln143' <Predicate = true> <Delay = 0.00> <CoreType = "Generic">   --->   Generic Core

State 5 <SV = 4> <Delay = 3.25>
ST_5 : Operation 46 [1/1] (0.00ns)   --->   "%speclooptripcount_ln140 = speclooptripcount void @_ssdm_op_SpecLoopTripCount, i64 8, i64 8, i64 8" [src/generic/fp_generic.c:140]   --->   Operation 46 'speclooptripcount' 'speclooptripcount_ln140' <Predicate = true> <Delay = 0.00>
ST_5 : Operation 47 [1/1] (0.00ns)   --->   "%specloopname_ln143 = specloopname void @_ssdm_op_SpecLoopName, void @empty" [src/generic/fp_generic.c:143]   --->   Operation 47 'specloopname' 'specloopname_ln143' <Predicate = true> <Delay = 0.00>
ST_5 : Operation 48 [1/1] (0.00ns)   --->   "%v_114_loc_load = load i64 %v_114_loc"   --->   Operation 48 'load' 'v_114_loc_load' <Predicate = true> <Delay = 0.00>
ST_5 : Operation 49 [1/1] (0.00ns)   --->   "%zext_ln150 = zext i3 %trunc_ln143" [src/generic/fp_generic.c:150]   --->   Operation 49 'zext' 'zext_ln150' <Predicate = true> <Delay = 0.00>
ST_5 : Operation 50 [1/1] (0.00ns)   --->   "%c_addr_25 = getelementptr i64 %c, i32 0, i32 %zext_ln150" [src/generic/fp_generic.c:150]   --->   Operation 50 'getelementptr' 'c_addr_25' <Predicate = true> <Delay = 0.00>
ST_5 : Operation 51 [1/1] ( I:3.25ns O:3.25ns )   --->   "%store_ln150 = store i64 %v_114_loc_load, i4 %c_addr_25" [src/generic/fp_generic.c:150]   --->   Operation 51 'store' 'store_ln150' <Predicate = true> <Delay = 3.25> <CoreInst = "RAM">   --->   Core 81 'RAM' <Latency = 1> <II = 1> <Delay = 3.25> <Storage> <Opcode : 'load' 'store'> <Ports = 2> <Width = 64> <Depth = 16> <RAM>
ST_5 : Operation 52 [1/1] (0.00ns)   --->   "%br_ln143 = br void %VITIS_LOOP_144_2" [src/generic/fp_generic.c:143]   --->   Operation 52 'br' 'br_ln143' <Predicate = true> <Delay = 0.00>

State 6 <SV = 2> <Delay = 4.98>
ST_6 : Operation 53 [1/1] (0.00ns)   --->   "%i_74 = load i4 %i_25" [src/generic/fp_generic.c:156]   --->   Operation 53 'load' 'i_74' <Predicate = true> <Delay = 0.00>
ST_6 : Operation 54 [1/1] (1.73ns)   --->   "%icmp_ln156 = icmp_eq  i4 %i_74, i4 15" [src/generic/fp_generic.c:156]   --->   Operation 54 'icmp' 'icmp_ln156' <Predicate = true> <Delay = 1.73> <CoreInst = "Cmp">   --->   Core 9 'Cmp' <Latency = 0> <II = 1> <Delay = 1.73> <FuncUnit> <Opcode : 'seteq' 'setne' 'setle' 'setge' 'setlt' 'setgt'> <InPorts = 2> <OutPorts = 1>
ST_6 : Operation 55 [1/1] (0.00ns)   --->   "%br_ln156 = br i1 %icmp_ln156, void %VITIS_LOOP_157_4.split, void %for.end65" [src/generic/fp_generic.c:156]   --->   Operation 55 'br' 'br_ln156' <Predicate = true> <Delay = 0.00>
ST_6 : Operation 56 [1/1] (0.00ns)   --->   "%v_load = load i64 %v"   --->   Operation 56 'load' 'v_load' <Predicate = (!icmp_ln156)> <Delay = 0.00>
ST_6 : Operation 57 [1/1] (1.73ns)   --->   "%add_ln156 = add i4 %i_74, i4 1" [src/generic/fp_generic.c:156]   --->   Operation 57 'add' 'add_ln156' <Predicate = (!icmp_ln156)> <Delay = 1.73> <CoreInst = "Adder">   --->   Core 1 'Adder' <Latency = 0> <II = 1> <Delay = 1.73> <FuncUnit> <Opcode : 'add' 'sub'> <InPorts = 2> <OutPorts = 1>
ST_6 : Operation 58 [1/1] (1.58ns)   --->   "%store_ln139 = store i4 %add_ln156, i4 %i_25" [src/generic/fp_generic.c:139]   --->   Operation 58 'store' 'store_ln139' <Predicate = (!icmp_ln156)> <Delay = 1.58>
ST_6 : Operation 59 [1/1] (0.00ns)   --->   "%v_load49 = load i64 %v" [src/generic/fp_generic.c:168]   --->   Operation 59 'load' 'v_load49' <Predicate = (icmp_ln156)> <Delay = 0.00>
ST_6 : Operation 60 [1/1] (0.00ns)   --->   "%c_addr = getelementptr i64 %c, i32 0, i32 15" [src/generic/fp_generic.c:168]   --->   Operation 60 'getelementptr' 'c_addr' <Predicate = (icmp_ln156)> <Delay = 0.00>
ST_6 : Operation 61 [1/1] ( I:3.25ns O:3.25ns )   --->   "%store_ln168 = store i64 %v_load49, i4 %c_addr" [src/generic/fp_generic.c:168]   --->   Operation 61 'store' 'store_ln168' <Predicate = (icmp_ln156)> <Delay = 3.25> <CoreInst = "RAM">   --->   Core 81 'RAM' <Latency = 1> <II = 1> <Delay = 3.25> <Storage> <Opcode : 'load' 'store'> <Ports = 2> <Width = 64> <Depth = 16> <RAM>
ST_6 : Operation 62 [1/1] (0.00ns)   --->   "%ret_ln169 = ret" [src/generic/fp_generic.c:169]   --->   Operation 62 'ret' 'ret_ln169' <Predicate = (icmp_ln156)> <Delay = 0.00>

State 7 <SV = 3> <Delay = 6.71>
ST_7 : Operation 63 [1/1] (0.00ns)   --->   "%u_29_load = load i4 %u_29"   --->   Operation 63 'load' 'u_29_load' <Predicate = true> <Delay = 0.00>
ST_7 : Operation 64 [1/1] (0.00ns)   --->   "%indvars_iv_load = load i4 %indvars_iv" [src/generic/fp_generic.c:156]   --->   Operation 64 'load' 'indvars_iv_load' <Predicate = true> <Delay = 0.00>
ST_7 : Operation 65 [1/1] (0.00ns)   --->   "%trunc_ln156 = trunc i4 %indvars_iv_load" [src/generic/fp_generic.c:156]   --->   Operation 65 'trunc' 'trunc_ln156' <Predicate = true> <Delay = 0.00>
ST_7 : Operation 66 [1/1] (0.00ns)   --->   "%trunc_ln156_6 = trunc i4 %i_74" [src/generic/fp_generic.c:156]   --->   Operation 66 'trunc' 'trunc_ln156_6' <Predicate = true> <Delay = 0.00>
ST_7 : Operation 67 [2/2] (6.71ns)   --->   "%call_ln156 = call void @mp_mul.143_Pipeline_VITIS_LOOP_157_4, i3 %trunc_ln156, i64 %v_load, i4 %u_29_load, i7 %tmp_s, i64 %a, i3 %trunc_ln156_6, i64 %b, i64 %v_35_loc, i64 %v, i3 %t_33_loc" [src/generic/fp_generic.c:156]   --->   Operation 67 'call' 'call_ln156' <Predicate = true> <Delay = 6.71> <CoreType = "Generic">   --->   Generic Core
ST_7 : Operation 68 [1/1] (1.73ns)   --->   "%add_ln156_13 = add i4 %indvars_iv_load, i4 1" [src/generic/fp_generic.c:156]   --->   Operation 68 'add' 'add_ln156_13' <Predicate = true> <Delay = 1.73> <CoreInst = "Adder">   --->   Core 1 'Adder' <Latency = 0> <II = 1> <Delay = 1.73> <FuncUnit> <Opcode : 'add' 'sub'> <InPorts = 2> <OutPorts = 1>
ST_7 : Operation 69 [1/1] (1.58ns)   --->   "%store_ln156 = store i4 %add_ln156_13, i4 %indvars_iv" [src/generic/fp_generic.c:156]   --->   Operation 69 'store' 'store_ln156' <Predicate = true> <Delay = 1.58>

State 8 <SV = 4> <Delay = 0.00>
ST_8 : Operation 70 [1/2] (0.00ns)   --->   "%call_ln156 = call void @mp_mul.143_Pipeline_VITIS_LOOP_157_4, i3 %trunc_ln156, i64 %v_load, i4 %u_29_load, i7 %tmp_s, i64 %a, i3 %trunc_ln156_6, i64 %b, i64 %v_35_loc, i64 %v, i3 %t_33_loc" [src/generic/fp_generic.c:156]   --->   Operation 70 'call' 'call_ln156' <Predicate = true> <Delay = 0.00> <CoreType = "Generic">   --->   Generic Core

State 9 <SV = 5> <Delay = 3.25>
ST_9 : Operation 71 [1/1] (0.00ns)   --->   "%speclooptripcount_ln139 = speclooptripcount void @_ssdm_op_SpecLoopTripCount, i64 7, i64 7, i64 7" [src/generic/fp_generic.c:139]   --->   Operation 71 'speclooptripcount' 'speclooptripcount_ln139' <Predicate = true> <Delay = 0.00>
ST_9 : Operation 72 [1/1] (0.00ns)   --->   "%specloopname_ln156 = specloopname void @_ssdm_op_SpecLoopName, void @empty_74" [src/generic/fp_generic.c:156]   --->   Operation 72 'specloopname' 'specloopname_ln156' <Predicate = true> <Delay = 0.00>
ST_9 : Operation 73 [1/1] (0.00ns)   --->   "%v_35_loc_load = load i64 %v_35_loc"   --->   Operation 73 'load' 'v_35_loc_load' <Predicate = true> <Delay = 0.00>
ST_9 : Operation 74 [1/1] (0.00ns)   --->   "%t_33_loc_load = load i3 %t_33_loc"   --->   Operation 74 'load' 't_33_loc_load' <Predicate = true> <Delay = 0.00>
ST_9 : Operation 75 [1/1] (0.00ns)   --->   "%zext_ln157 = zext i3 %t_33_loc_load" [src/generic/fp_generic.c:157]   --->   Operation 75 'zext' 'zext_ln157' <Predicate = true> <Delay = 0.00>
ST_9 : Operation 76 [1/1] (0.00ns)   --->   "%zext_ln163 = zext i4 %i_74" [src/generic/fp_generic.c:163]   --->   Operation 76 'zext' 'zext_ln163' <Predicate = true> <Delay = 0.00>
ST_9 : Operation 77 [1/1] (0.00ns)   --->   "%c_addr_26 = getelementptr i64 %c, i32 0, i32 %zext_ln163" [src/generic/fp_generic.c:163]   --->   Operation 77 'getelementptr' 'c_addr_26' <Predicate = true> <Delay = 0.00>
ST_9 : Operation 78 [1/1] ( I:3.25ns O:3.25ns )   --->   "%store_ln163 = store i64 %v_35_loc_load, i4 %c_addr_26" [src/generic/fp_generic.c:163]   --->   Operation 78 'store' 'store_ln163' <Predicate = true> <Delay = 3.25> <CoreInst = "RAM">   --->   Core 81 'RAM' <Latency = 1> <II = 1> <Delay = 3.25> <Storage> <Opcode : 'load' 'store'> <Ports = 2> <Width = 64> <Depth = 16> <RAM>
ST_9 : Operation 79 [1/1] (1.58ns)   --->   "%store_ln140 = store i4 %zext_ln157, i4 %u_29" [src/generic/fp_generic.c:140]   --->   Operation 79 'store' 'store_ln140' <Predicate = true> <Delay = 1.58>
ST_9 : Operation 80 [1/1] (0.00ns)   --->   "%br_ln156 = br void %VITIS_LOOP_157_4" [src/generic/fp_generic.c:156]   --->   Operation 80 'br' 'br_ln156' <Predicate = true> <Delay = 0.00>


============================================================
+ Verbose Summary: Binding
============================================================
STG Binding: 
---------------- STG Properties BEGIN ----------------
- Is combinational: 0
- Is one-state seq: 0
- Is datapath-only: 0
- Is pipelined: 0
- Is top level: 0
Port [ Return ] is wired: 1; IO mode=ap_ctrl_hs:ce=0
Port [ a]:  wired=1; compound=1; hidden=0; nouse=0; global=0; static=0; extern=0; dir=0; type=1; pingpong=0; private_global=0; MemPort=[13]; IO mode=ap_memory:ce=0
Port [ a_offset]:  wired=1; compound=0; hidden=0; nouse=0; global=0; static=0; extern=0; dir=0; type=0; pingpong=0; private_global=0; IO mode=ap_none:ce=0
Port [ b]:  wired=1; compound=1; hidden=0; nouse=0; global=0; static=0; extern=0; dir=0; type=1; pingpong=0; private_global=0; MemPort=[13]; IO mode=ap_memory:ce=0
Port [ c]:  wired=1; compound=1; hidden=0; nouse=0; global=0; static=0; extern=0; dir=1; type=1; pingpong=0; private_global=0; MemPort=[03]; IO mode=ap_memory:ce=0
---------------- STG Properties END ------------------

---------------- Datapath Model BEGIN ----------------

<LifeTime>
<method=bitvector/>
indvars_iv31            (alloca           ) [ 0111110000]
i                       (alloca           ) [ 0111110000]
u_016                   (alloca           ) [ 0111110000]
v_017                   (alloca           ) [ 0111110000]
a_offset_read           (read             ) [ 0011110000]
t_33_loc                (alloca           ) [ 0011111111]
v_35_loc                (alloca           ) [ 0011111111]
v_114_loc               (alloca           ) [ 0011110000]
tmp_s                   (bitconcatenate   ) [ 0011111111]
store_ln140             (store            ) [ 0000000000]
store_ln140             (store            ) [ 0000000000]
store_ln139             (store            ) [ 0000000000]
store_ln0               (store            ) [ 0000000000]
br_ln143                (br               ) [ 0000000000]
i_73                    (load             ) [ 0000000000]
u                       (load             ) [ 0001100000]
v_189                   (load             ) [ 0001100000]
icmp_ln143              (icmp             ) [ 0011110000]
add_ln143               (add              ) [ 0000000000]
br_ln143                (br               ) [ 0000000000]
trunc_ln143             (trunc            ) [ 0001110000]
store_ln139             (store            ) [ 0000000000]
u_29                    (alloca           ) [ 0011111111]
v                       (alloca           ) [ 0011111111]
indvars_iv              (alloca           ) [ 0011111111]
i_25                    (alloca           ) [ 0011111111]
store_ln139             (store            ) [ 0000000000]
store_ln0               (store            ) [ 0000000000]
store_ln140             (store            ) [ 0000000000]
store_ln140             (store            ) [ 0000000000]
br_ln156                (br               ) [ 0000000000]
indvars_iv31_load       (load             ) [ 0000100000]
add_ln143_13            (add              ) [ 0000000000]
store_ln143             (store            ) [ 0000000000]
call_ln143              (call             ) [ 0000000000]
speclooptripcount_ln140 (speclooptripcount) [ 0000000000]
specloopname_ln143      (specloopname     ) [ 0000000000]
v_114_loc_load          (load             ) [ 0000000000]
zext_ln150              (zext             ) [ 0000000000]
c_addr_25               (getelementptr    ) [ 0000000000]
store_ln150             (store            ) [ 0000000000]
br_ln143                (br               ) [ 0000000000]
i_74                    (load             ) [ 0000000111]
icmp_ln156              (icmp             ) [ 0000001111]
br_ln156                (br               ) [ 0000000000]
v_load                  (load             ) [ 0000000110]
add_ln156               (add              ) [ 0000000000]
store_ln139             (store            ) [ 0000000000]
v_load49                (load             ) [ 0000000000]
c_addr                  (getelementptr    ) [ 0000000000]
store_ln168             (store            ) [ 0000000000]
ret_ln169               (ret              ) [ 0000000000]
u_29_load               (load             ) [ 0000000010]
indvars_iv_load         (load             ) [ 0000000000]
trunc_ln156             (trunc            ) [ 0000000010]
trunc_ln156_6           (trunc            ) [ 0000000010]
add_ln156_13            (add              ) [ 0000000000]
store_ln156             (store            ) [ 0000000000]
call_ln156              (call             ) [ 0000000000]
speclooptripcount_ln139 (speclooptripcount) [ 0000000000]
specloopname_ln156      (specloopname     ) [ 0000000000]
v_35_loc_load           (load             ) [ 0000000000]
t_33_loc_load           (load             ) [ 0000000000]
zext_ln157              (zext             ) [ 0000000000]
zext_ln163              (zext             ) [ 0000000000]
c_addr_26               (getelementptr    ) [ 0000000000]
store_ln163             (store            ) [ 0000000000]
store_ln140             (store            ) [ 0000000000]
br_ln156                (br               ) [ 0000000000]
</LifeTime>

<model>

<comp_list>
<comp id="0" class="1000" name="a">
<pin_list>
<pin id="1" dir="1" index="0" bw="1" slack="0"/>
</pin_list>
<bind>
<StgValue><ssdm name="a"/><MemPortTyVec>1 3 </MemPortTyVec>
</StgValue>
</bind>
</comp>

<comp id="2" class="1000" name="a_offset">
<pin_list>
<pin id="3" dir="1" index="0" bw="1" slack="0"/>
</pin_list>
<bind>
<StgValue><ssdm name="a_offset"/></StgValue>
</bind>
</comp>

<comp id="4" class="1000" name="b">
<pin_list>
<pin id="5" dir="1" index="0" bw="1" slack="0"/>
</pin_list>
<bind>
<StgValue><ssdm name="b"/><MemPortTyVec>1 3 </MemPortTyVec>
</StgValue>
</bind>
</comp>

<comp id="6" class="1000" name="c">
<pin_list>
<pin id="7" dir="1" index="0" bw="1" slack="0"/>
</pin_list>
<bind>
<StgValue><ssdm name="c"/><MemPortTyVec>0 3 </MemPortTyVec>
</StgValue>
</bind>
</comp>

<comp id="8" class="1001" name="const_8">
<pin_list>
<pin id="9" dir="1" index="0" bw="1" slack="0"/>
</pin_list>
<bind>
<StgValue><ssdm name=""/></StgValue>
</bind>
</comp>

<comp id="10" class="1001" name="const_10">
<pin_list>
<pin id="11" dir="1" index="0" bw="1" slack="0"/>
</pin_list>
<bind>
<StgValue><ssdm name="_ssdm_op_Read.ap_auto.i4"/></StgValue>
</bind>
</comp>

<comp id="12" class="1001" name="const_12">
<pin_list>
<pin id="13" dir="1" index="0" bw="1" slack="0"/>
</pin_list>
<bind>
<StgValue><ssdm name="_ssdm_op_BitConcatenate.i7.i4.i3"/></StgValue>
</bind>
</comp>

<comp id="14" class="1001" name="const_14">
<pin_list>
<pin id="15" dir="1" index="0" bw="1" slack="0"/>
</pin_list>
<bind>
<StgValue><ssdm name=""/></StgValue>
</bind>
</comp>

<comp id="16" class="1001" name="const_16">
<pin_list>
<pin id="17" dir="1" index="0" bw="1" slack="0"/>
</pin_list>
<bind>
<StgValue><ssdm name=""/></StgValue>
</bind>
</comp>

<comp id="18" class="1001" name="const_18">
<pin_list>
<pin id="19" dir="1" index="0" bw="1" slack="0"/>
</pin_list>
<bind>
<StgValue><ssdm name=""/></StgValue>
</bind>
</comp>

<comp id="20" class="1001" name="const_20">
<pin_list>
<pin id="21" dir="1" index="0" bw="1" slack="0"/>
</pin_list>
<bind>
<StgValue><ssdm name=""/></StgValue>
</bind>
</comp>

<comp id="22" class="1001" name="const_22">
<pin_list>
<pin id="23" dir="1" index="0" bw="1" slack="0"/>
</pin_list>
<bind>
<StgValue><ssdm name=""/></StgValue>
</bind>
</comp>

<comp id="24" class="1001" name="const_24">
<pin_list>
<pin id="25" dir="1" index="0" bw="1" slack="0"/>
</pin_list>
<bind>
<StgValue><ssdm name="mp_mul.143_Pipeline_VITIS_LOOP_144_2"/></StgValue>
</bind>
</comp>

<comp id="26" class="1001" name="const_26">
<pin_list>
<pin id="27" dir="1" index="0" bw="1" slack="2147483647"/>
</pin_list>
<bind>
<StgValue><ssdm name="_ssdm_op_SpecLoopTripCount"/></StgValue>
</bind>
</comp>

<comp id="28" class="1001" name="const_28">
<pin_list>
<pin id="29" dir="1" index="0" bw="1" slack="2147483647"/>
</pin_list>
<bind>
<StgValue><ssdm name=""/></StgValue>
</bind>
</comp>

<comp id="30" class="1001" name="const_30">
<pin_list>
<pin id="31" dir="1" index="0" bw="1" slack="2147483647"/>
</pin_list>
<bind>
<StgValue><ssdm name="_ssdm_op_SpecLoopName"/></StgValue>
</bind>
</comp>

<comp id="32" class="1001" name="const_32">
<pin_list>
<pin id="33" dir="1" index="0" bw="1" slack="2147483647"/>
</pin_list>
<bind>
<StgValue><ssdm name="empty"/></StgValue>
</bind>
</comp>

<comp id="34" class="1001" name="const_34">
<pin_list>
<pin id="35" dir="1" index="0" bw="1" slack="0"/>
</pin_list>
<bind>
<StgValue><ssdm name=""/></StgValue>
</bind>
</comp>

<comp id="36" class="1001" name="const_36">
<pin_list>
<pin id="37" dir="1" index="0" bw="1" slack="0"/>
</pin_list>
<bind>
<StgValue><ssdm name=""/></StgValue>
</bind>
</comp>

<comp id="38" class="1001" name="const_38">
<pin_list>
<pin id="39" dir="1" index="0" bw="1" slack="0"/>
</pin_list>
<bind>
<StgValue><ssdm name=""/></StgValue>
</bind>
</comp>

<comp id="40" class="1001" name="const_40">
<pin_list>
<pin id="41" dir="1" index="0" bw="1" slack="0"/>
</pin_list>
<bind>
<StgValue><ssdm name="mp_mul.143_Pipeline_VITIS_LOOP_157_4"/></StgValue>
</bind>
</comp>

<comp id="42" class="1001" name="const_42">
<pin_list>
<pin id="43" dir="1" index="0" bw="1" slack="2147483647"/>
</pin_list>
<bind>
<StgValue><ssdm name=""/></StgValue>
</bind>
</comp>

<comp id="44" class="1001" name="const_44">
<pin_list>
<pin id="45" dir="1" index="0" bw="1" slack="2147483647"/>
</pin_list>
<bind>
<StgValue><ssdm name="empty_74"/></StgValue>
</bind>
</comp>

<comp id="46" class="1004" name="indvars_iv31_fu_46">
<pin_list>
<pin id="47" dir="0" index="0" bw="1" slack="0"/>
<pin id="48" dir="1" index="1" bw="4" slack="0"/>
</pin_list>
<bind>
<opcode="alloca(26) " fcode="alloca"/>
<opset="indvars_iv31/1 "/>
</bind>
</comp>

<comp id="50" class="1004" name="i_fu_50">
<pin_list>
<pin id="51" dir="0" index="0" bw="1" slack="0"/>
<pin id="52" dir="1" index="1" bw="4" slack="0"/>
</pin_list>
<bind>
<opcode="alloca(26) " fcode="alloca"/>
<opset="i/1 "/>
</bind>
</comp>

<comp id="54" class="1004" name="u_016_fu_54">
<pin_list>
<pin id="55" dir="0" index="0" bw="1" slack="0"/>
<pin id="56" dir="1" index="1" bw="4" slack="0"/>
</pin_list>
<bind>
<opcode="alloca(26) " fcode="alloca"/>
<opset="u_016/1 "/>
</bind>
</comp>

<comp id="58" class="1004" name="v_017_fu_58">
<pin_list>
<pin id="59" dir="0" index="0" bw="1" slack="0"/>
<pin id="60" dir="1" index="1" bw="64" slack="0"/>
</pin_list>
<bind>
<opcode="alloca(26) " fcode="alloca"/>
<opset="v_017/1 "/>
</bind>
</comp>

<comp id="62" class="1004" name="t_33_loc_fu_62">
<pin_list>
<pin id="63" dir="0" index="0" bw="1" slack="0"/>
<pin id="64" dir="1" index="1" bw="3" slack="3"/>
</pin_list>
<bind>
<opcode="alloca(26) " fcode="alloca"/>
<opset="t_33_loc/1 "/>
</bind>
</comp>

<comp id="66" class="1004" name="v_35_loc_fu_66">
<pin_list>
<pin id="67" dir="0" index="0" bw="1" slack="0"/>
<pin id="68" dir="1" index="1" bw="64" slack="3"/>
</pin_list>
<bind>
<opcode="alloca(26) " fcode="alloca"/>
<opset="v_35_loc/1 "/>
</bind>
</comp>

<comp id="70" class="1004" name="v_114_loc_fu_70">
<pin_list>
<pin id="71" dir="0" index="0" bw="1" slack="0"/>
<pin id="72" dir="1" index="1" bw="64" slack="2"/>
</pin_list>
<bind>
<opcode="alloca(26) " fcode="alloca"/>
<opset="v_114_loc/1 "/>
</bind>
</comp>

<comp id="74" class="1004" name="u_29_fu_74">
<pin_list>
<pin id="75" dir="0" index="0" bw="1" slack="0"/>
<pin id="76" dir="1" index="1" bw="4" slack="0"/>
</pin_list>
<bind>
<opcode="alloca(26) " fcode="alloca"/>
<opset="u_29/2 "/>
</bind>
</comp>

<comp id="78" class="1004" name="v_fu_78">
<pin_list>
<pin id="79" dir="0" index="0" bw="1" slack="0"/>
<pin id="80" dir="1" index="1" bw="64" slack="0"/>
</pin_list>
<bind>
<opcode="alloca(26) " fcode="alloca"/>
<opset="v/2 "/>
</bind>
</comp>

<comp id="82" class="1004" name="indvars_iv_fu_82">
<pin_list>
<pin id="83" dir="0" index="0" bw="1" slack="0"/>
<pin id="84" dir="1" index="1" bw="4" slack="0"/>
</pin_list>
<bind>
<opcode="alloca(26) " fcode="alloca"/>
<opset="indvars_iv/2 "/>
</bind>
</comp>

<comp id="86" class="1004" name="i_25_fu_86">
<pin_list>
<pin id="87" dir="0" index="0" bw="1" slack="0"/>
<pin id="88" dir="1" index="1" bw="4" slack="0"/>
</pin_list>
<bind>
<opcode="alloca(26) " fcode="alloca"/>
<opset="i_25/2 "/>
</bind>
</comp>

<comp id="90" class="1004" name="a_offset_read_read_fu_90">
<pin_list>
<pin id="91" dir="0" index="0" bw="4" slack="0"/>
<pin id="92" dir="0" index="1" bw="4" slack="0"/>
<pin id="93" dir="1" index="2" bw="4" slack="0"/>
</pin_list>
<bind>
<opcode="read(1150) " fcode="read"/>
<opset="a_offset_read/1 "/>
</bind>
</comp>

<comp id="96" class="1004" name="c_addr_25_gep_fu_96">
<pin_list>
<pin id="97" dir="0" index="0" bw="64" slack="0"/>
<pin id="98" dir="0" index="1" bw="1" slack="0"/>
<pin id="99" dir="0" index="2" bw="3" slack="0"/>
<pin id="100" dir="1" index="3" bw="4" slack="0"/>
</pin_list>
<bind>
<opcode="getelementptr(29) " fcode="getelementptr"/>
<opset="c_addr_25/5 "/>
</bind>
</comp>

<comp id="103" class="1004" name="grp_access_fu_103">
<pin_list>
<pin id="104" dir="0" index="0" bw="4" slack="0"/>
<pin id="105" dir="0" index="1" bw="64" slack="0"/>
<pin id="106" dir="0" index="2" bw="0" slack="2147483647"/>
<pin id="107" dir="1" index="3" bw="64" slack="2147483647"/>
</pin_list>
<bind>
<opcode="store(28) " fcode="store"/>
<opset="store_ln150/5 store_ln168/6 store_ln163/9 "/>
</bind>
</comp>

<comp id="109" class="1004" name="c_addr_gep_fu_109">
<pin_list>
<pin id="110" dir="0" index="0" bw="64" slack="0"/>
<pin id="111" dir="0" index="1" bw="1" slack="0"/>
<pin id="112" dir="0" index="2" bw="5" slack="0"/>
<pin id="113" dir="1" index="3" bw="4" slack="0"/>
</pin_list>
<bind>
<opcode="getelementptr(29) " fcode="getelementptr"/>
<opset="c_addr/6 "/>
</bind>
</comp>

<comp id="118" class="1004" name="c_addr_26_gep_fu_118">
<pin_list>
<pin id="119" dir="0" index="0" bw="64" slack="0"/>
<pin id="120" dir="0" index="1" bw="1" slack="0"/>
<pin id="121" dir="0" index="2" bw="4" slack="0"/>
<pin id="122" dir="1" index="3" bw="4" slack="0"/>
</pin_list>
<bind>
<opcode="getelementptr(29) " fcode="getelementptr"/>
<opset="c_addr_26/9 "/>
</bind>
</comp>

<comp id="126" class="1004" name="grp_mp_mul_143_Pipeline_VITIS_LOOP_144_2_fu_126">
<pin_list>
<pin id="127" dir="0" index="0" bw="0" slack="0"/>
<pin id="128" dir="0" index="1" bw="64" slack="2"/>
<pin id="129" dir="0" index="2" bw="4" slack="2"/>
<pin id="130" dir="0" index="3" bw="4" slack="0"/>
<pin id="131" dir="0" index="4" bw="4" slack="2"/>
<pin id="132" dir="0" index="5" bw="64" slack="0"/>
<pin id="133" dir="0" index="6" bw="3" slack="1"/>
<pin id="134" dir="0" index="7" bw="64" slack="0"/>
<pin id="135" dir="0" index="8" bw="64" slack="2"/>
<pin id="136" dir="0" index="9" bw="64" slack="2"/>
<pin id="137" dir="0" index="10" bw="4" slack="2"/>
<pin id="138" dir="1" index="11" bw="0" slack="2147483647"/>
</pin_list>
<bind>
<opcode="call(48) " fcode="call"/>
<opset="call_ln143/3 "/>
</bind>
</comp>

<comp id="142" class="1004" name="grp_mp_mul_143_Pipeline_VITIS_LOOP_157_4_fu_142">
<pin_list>
<pin id="143" dir="0" index="0" bw="0" slack="0"/>
<pin id="144" dir="0" index="1" bw="3" slack="0"/>
<pin id="145" dir="0" index="2" bw="64" slack="1"/>
<pin id="146" dir="0" index="3" bw="4" slack="0"/>
<pin id="147" dir="0" index="4" bw="7" slack="3"/>
<pin id="148" dir="0" index="5" bw="64" slack="0"/>
<pin id="149" dir="0" index="6" bw="3" slack="0"/>
<pin id="150" dir="0" index="7" bw="64" slack="0"/>
<pin id="151" dir="0" index="8" bw="64" slack="3"/>
<pin id="152" dir="0" index="9" bw="64" slack="2"/>
<pin id="153" dir="0" index="10" bw="3" slack="3"/>
<pin id="154" dir="1" index="11" bw="0" slack="2147483647"/>
</pin_list>
<bind>
<opcode="call(48) " fcode="call"/>
<opset="call_ln156/7 "/>
</bind>
</comp>

<comp id="158" class="1004" name="grp_load_fu_158">
<pin_list>
<pin id="159" dir="0" index="0" bw="64" slack="1"/>
<pin id="160" dir="1" index="1" bw="64" slack="0"/>
</pin_list>
<bind>
<opcode="load(27) " fcode="load"/>
<opset="v_load/6 v_load49/6 "/>
</bind>
</comp>

<comp id="162" class="1004" name="tmp_s_fu_162">
<pin_list>
<pin id="163" dir="0" index="0" bw="7" slack="0"/>
<pin id="164" dir="0" index="1" bw="4" slack="0"/>
<pin id="165" dir="0" index="2" bw="1" slack="0"/>
<pin id="166" dir="1" index="3" bw="7" slack="3"/>
</pin_list>
<bind>
<opcode="bitconcatenate(1004) " fcode="bitconcatenate"/>
<opset="tmp_s/1 "/>
</bind>
</comp>

<comp id="170" class="1004" name="store_ln140_store_fu_170">
<pin_list>
<pin id="171" dir="0" index="0" bw="1" slack="0"/>
<pin id="172" dir="0" index="1" bw="64" slack="0"/>
<pin id="173" dir="1" index="2" bw="0" slack="2147483647"/>
</pin_list>
<bind>
<opcode="store(28) " fcode="store"/>
<opset="store_ln140/1 "/>
</bind>
</comp>

<comp id="175" class="1004" name="store_ln140_store_fu_175">
<pin_list>
<pin id="176" dir="0" index="0" bw="1" slack="0"/>
<pin id="177" dir="0" index="1" bw="4" slack="0"/>
<pin id="178" dir="1" index="2" bw="0" slack="2147483647"/>
</pin_list>
<bind>
<opcode="store(28) " fcode="store"/>
<opset="store_ln140/1 "/>
</bind>
</comp>

<comp id="180" class="1004" name="store_ln139_store_fu_180">
<pin_list>
<pin id="181" dir="0" index="0" bw="1" slack="0"/>
<pin id="182" dir="0" index="1" bw="4" slack="0"/>
<pin id="183" dir="1" index="2" bw="0" slack="2147483647"/>
</pin_list>
<bind>
<opcode="store(28) " fcode="store"/>
<opset="store_ln139/1 "/>
</bind>
</comp>

<comp id="185" class="1004" name="store_ln0_store_fu_185">
<pin_list>
<pin id="186" dir="0" index="0" bw="1" slack="0"/>
<pin id="187" dir="0" index="1" bw="4" slack="0"/>
<pin id="188" dir="1" index="2" bw="0" slack="2147483647"/>
</pin_list>
<bind>
<opcode="store(28) " fcode="store"/>
<opset="store_ln0/1 "/>
</bind>
</comp>

<comp id="190" class="1004" name="i_73_load_fu_190">
<pin_list>
<pin id="191" dir="0" index="0" bw="4" slack="1"/>
<pin id="192" dir="1" index="1" bw="4" slack="0"/>
</pin_list>
<bind>
<opcode="load(27) " fcode="load"/>
<opset="i_73/2 "/>
</bind>
</comp>

<comp id="193" class="1004" name="u_load_fu_193">
<pin_list>
<pin id="194" dir="0" index="0" bw="4" slack="1"/>
<pin id="195" dir="1" index="1" bw="4" slack="0"/>
</pin_list>
<bind>
<opcode="load(27) " fcode="load"/>
<opset="u/2 "/>
</bind>
</comp>

<comp id="196" class="1004" name="v_189_load_fu_196">
<pin_list>
<pin id="197" dir="0" index="0" bw="64" slack="1"/>
<pin id="198" dir="1" index="1" bw="64" slack="0"/>
</pin_list>
<bind>
<opcode="load(27) " fcode="load"/>
<opset="v_189/2 "/>
</bind>
</comp>

<comp id="199" class="1004" name="icmp_ln143_fu_199">
<pin_list>
<pin id="200" dir="0" index="0" bw="4" slack="0"/>
<pin id="201" dir="0" index="1" bw="4" slack="0"/>
<pin id="202" dir="1" index="2" bw="1" slack="2147483647"/>
</pin_list>
<bind>
<opcode="icmp(45) " fcode="icmp"/>
<opset="icmp_ln143/2 "/>
</bind>
</comp>

<comp id="205" class="1004" name="add_ln143_fu_205">
<pin_list>
<pin id="206" dir="0" index="0" bw="4" slack="0"/>
<pin id="207" dir="0" index="1" bw="1" slack="0"/>
<pin id="208" dir="1" index="2" bw="4" slack="0"/>
</pin_list>
<bind>
<opcode="add(8) " fcode="add"/>
<opset="add_ln143/2 "/>
</bind>
</comp>

<comp id="211" class="1004" name="trunc_ln143_fu_211">
<pin_list>
<pin id="212" dir="0" index="0" bw="4" slack="0"/>
<pin id="213" dir="1" index="1" bw="3" slack="1"/>
</pin_list>
<bind>
<opcode="trunc(33) " fcode="trunc"/>
<opset="trunc_ln143/2 "/>
</bind>
</comp>

<comp id="215" class="1004" name="store_ln139_store_fu_215">
<pin_list>
<pin id="216" dir="0" index="0" bw="4" slack="0"/>
<pin id="217" dir="0" index="1" bw="4" slack="1"/>
<pin id="218" dir="1" index="2" bw="0" slack="2147483647"/>
</pin_list>
<bind>
<opcode="store(28) " fcode="store"/>
<opset="store_ln139/2 "/>
</bind>
</comp>

<comp id="220" class="1004" name="store_ln139_store_fu_220">
<pin_list>
<pin id="221" dir="0" index="0" bw="4" slack="0"/>
<pin id="222" dir="0" index="1" bw="4" slack="0"/>
<pin id="223" dir="1" index="2" bw="0" slack="2147483647"/>
</pin_list>
<bind>
<opcode="store(28) " fcode="store"/>
<opset="store_ln139/2 "/>
</bind>
</comp>

<comp id="225" class="1004" name="store_ln0_store_fu_225">
<pin_list>
<pin id="226" dir="0" index="0" bw="1" slack="0"/>
<pin id="227" dir="0" index="1" bw="4" slack="0"/>
<pin id="228" dir="1" index="2" bw="0" slack="2147483647"/>
</pin_list>
<bind>
<opcode="store(28) " fcode="store"/>
<opset="store_ln0/2 "/>
</bind>
</comp>

<comp id="230" class="1004" name="store_ln140_store_fu_230">
<pin_list>
<pin id="231" dir="0" index="0" bw="64" slack="0"/>
<pin id="232" dir="0" index="1" bw="64" slack="0"/>
<pin id="233" dir="1" index="2" bw="0" slack="2147483647"/>
</pin_list>
<bind>
<opcode="store(28) " fcode="store"/>
<opset="store_ln140/2 "/>
</bind>
</comp>

<comp id="235" class="1004" name="store_ln140_store_fu_235">
<pin_list>
<pin id="236" dir="0" index="0" bw="4" slack="0"/>
<pin id="237" dir="0" index="1" bw="4" slack="0"/>
<pin id="238" dir="1" index="2" bw="0" slack="2147483647"/>
</pin_list>
<bind>
<opcode="store(28) " fcode="store"/>
<opset="store_ln140/2 "/>
</bind>
</comp>

<comp id="240" class="1004" name="indvars_iv31_load_load_fu_240">
<pin_list>
<pin id="241" dir="0" index="0" bw="4" slack="2"/>
<pin id="242" dir="1" index="1" bw="4" slack="0"/>
</pin_list>
<bind>
<opcode="load(27) " fcode="load"/>
<opset="indvars_iv31_load/3 "/>
</bind>
</comp>

<comp id="244" class="1004" name="add_ln143_13_fu_244">
<pin_list>
<pin id="245" dir="0" index="0" bw="4" slack="0"/>
<pin id="246" dir="0" index="1" bw="1" slack="0"/>
<pin id="247" dir="1" index="2" bw="4" slack="0"/>
</pin_list>
<bind>
<opcode="add(8) " fcode="add"/>
<opset="add_ln143_13/3 "/>
</bind>
</comp>

<comp id="250" class="1004" name="store_ln143_store_fu_250">
<pin_list>
<pin id="251" dir="0" index="0" bw="4" slack="0"/>
<pin id="252" dir="0" index="1" bw="4" slack="2"/>
<pin id="253" dir="1" index="2" bw="0" slack="2147483647"/>
</pin_list>
<bind>
<opcode="store(28) " fcode="store"/>
<opset="store_ln143/3 "/>
</bind>
</comp>

<comp id="255" class="1004" name="v_114_loc_load_load_fu_255">
<pin_list>
<pin id="256" dir="0" index="0" bw="64" slack="4"/>
<pin id="257" dir="1" index="1" bw="64" slack="0"/>
</pin_list>
<bind>
<opcode="load(27) " fcode="load"/>
<opset="v_114_loc_load/5 "/>
</bind>
</comp>

<comp id="259" class="1004" name="zext_ln150_fu_259">
<pin_list>
<pin id="260" dir="0" index="0" bw="3" slack="3"/>
<pin id="261" dir="1" index="1" bw="32" slack="0"/>
</pin_list>
<bind>
<opcode="zext(34) " fcode="zext"/>
<opset="zext_ln150/5 "/>
</bind>
</comp>

<comp id="263" class="1004" name="i_74_load_fu_263">
<pin_list>
<pin id="264" dir="0" index="0" bw="4" slack="1"/>
<pin id="265" dir="1" index="1" bw="4" slack="0"/>
</pin_list>
<bind>
<opcode="load(27) " fcode="load"/>
<opset="i_74/6 "/>
</bind>
</comp>

<comp id="266" class="1004" name="icmp_ln156_fu_266">
<pin_list>
<pin id="267" dir="0" index="0" bw="4" slack="0"/>
<pin id="268" dir="0" index="1" bw="4" slack="0"/>
<pin id="269" dir="1" index="2" bw="1" slack="2147483647"/>
</pin_list>
<bind>
<opcode="icmp(45) " fcode="icmp"/>
<opset="icmp_ln156/6 "/>
</bind>
</comp>

<comp id="272" class="1004" name="add_ln156_fu_272">
<pin_list>
<pin id="273" dir="0" index="0" bw="4" slack="0"/>
<pin id="274" dir="0" index="1" bw="1" slack="0"/>
<pin id="275" dir="1" index="2" bw="4" slack="0"/>
</pin_list>
<bind>
<opcode="add(8) " fcode="add"/>
<opset="add_ln156/6 "/>
</bind>
</comp>

<comp id="278" class="1004" name="store_ln139_store_fu_278">
<pin_list>
<pin id="279" dir="0" index="0" bw="4" slack="0"/>
<pin id="280" dir="0" index="1" bw="4" slack="1"/>
<pin id="281" dir="1" index="2" bw="0" slack="2147483647"/>
</pin_list>
<bind>
<opcode="store(28) " fcode="store"/>
<opset="store_ln139/6 "/>
</bind>
</comp>

<comp id="283" class="1004" name="u_29_load_load_fu_283">
<pin_list>
<pin id="284" dir="0" index="0" bw="4" slack="2"/>
<pin id="285" dir="1" index="1" bw="4" slack="0"/>
</pin_list>
<bind>
<opcode="load(27) " fcode="load"/>
<opset="u_29_load/7 "/>
</bind>
</comp>

<comp id="287" class="1004" name="indvars_iv_load_load_fu_287">
<pin_list>
<pin id="288" dir="0" index="0" bw="4" slack="2"/>
<pin id="289" dir="1" index="1" bw="4" slack="0"/>
</pin_list>
<bind>
<opcode="load(27) " fcode="load"/>
<opset="indvars_iv_load/7 "/>
</bind>
</comp>

<comp id="290" class="1004" name="trunc_ln156_fu_290">
<pin_list>
<pin id="291" dir="0" index="0" bw="4" slack="0"/>
<pin id="292" dir="1" index="1" bw="3" slack="0"/>
</pin_list>
<bind>
<opcode="trunc(33) " fcode="trunc"/>
<opset="trunc_ln156/7 "/>
</bind>
</comp>

<comp id="295" class="1004" name="trunc_ln156_6_fu_295">
<pin_list>
<pin id="296" dir="0" index="0" bw="4" slack="1"/>
<pin id="297" dir="1" index="1" bw="3" slack="0"/>
</pin_list>
<bind>
<opcode="trunc(33) " fcode="trunc"/>
<opset="trunc_ln156_6/7 "/>
</bind>
</comp>

<comp id="299" class="1004" name="add_ln156_13_fu_299">
<pin_list>
<pin id="300" dir="0" index="0" bw="4" slack="0"/>
<pin id="301" dir="0" index="1" bw="1" slack="0"/>
<pin id="302" dir="1" index="2" bw="4" slack="0"/>
</pin_list>
<bind>
<opcode="add(8) " fcode="add"/>
<opset="add_ln156_13/7 "/>
</bind>
</comp>

<comp id="305" class="1004" name="store_ln156_store_fu_305">
<pin_list>
<pin id="306" dir="0" index="0" bw="4" slack="0"/>
<pin id="307" dir="0" index="1" bw="4" slack="2"/>
<pin id="308" dir="1" index="2" bw="0" slack="2147483647"/>
</pin_list>
<bind>
<opcode="store(28) " fcode="store"/>
<opset="store_ln156/7 "/>
</bind>
</comp>

<comp id="310" class="1004" name="v_35_loc_load_load_fu_310">
<pin_list>
<pin id="311" dir="0" index="0" bw="64" slack="5"/>
<pin id="312" dir="1" index="1" bw="64" slack="0"/>
</pin_list>
<bind>
<opcode="load(27) " fcode="load"/>
<opset="v_35_loc_load/9 "/>
</bind>
</comp>

<comp id="314" class="1004" name="t_33_loc_load_load_fu_314">
<pin_list>
<pin id="315" dir="0" index="0" bw="3" slack="5"/>
<pin id="316" dir="1" index="1" bw="3" slack="0"/>
</pin_list>
<bind>
<opcode="load(27) " fcode="load"/>
<opset="t_33_loc_load/9 "/>
</bind>
</comp>

<comp id="317" class="1004" name="zext_ln157_fu_317">
<pin_list>
<pin id="318" dir="0" index="0" bw="3" slack="0"/>
<pin id="319" dir="1" index="1" bw="4" slack="0"/>
</pin_list>
<bind>
<opcode="zext(34) " fcode="zext"/>
<opset="zext_ln157/9 "/>
</bind>
</comp>

<comp id="321" class="1004" name="zext_ln163_fu_321">
<pin_list>
<pin id="322" dir="0" index="0" bw="4" slack="3"/>
<pin id="323" dir="1" index="1" bw="32" slack="0"/>
</pin_list>
<bind>
<opcode="zext(34) " fcode="zext"/>
<opset="zext_ln163/9 "/>
</bind>
</comp>

<comp id="325" class="1004" name="store_ln140_store_fu_325">
<pin_list>
<pin id="326" dir="0" index="0" bw="3" slack="0"/>
<pin id="327" dir="0" index="1" bw="4" slack="4"/>
<pin id="328" dir="1" index="2" bw="0" slack="2147483647"/>
</pin_list>
<bind>
<opcode="store(28) " fcode="store"/>
<opset="store_ln140/9 "/>
</bind>
</comp>

<comp id="330" class="1005" name="indvars_iv31_reg_330">
<pin_list>
<pin id="331" dir="0" index="0" bw="4" slack="0"/>
<pin id="332" dir="1" index="1" bw="4" slack="0"/>
</pin_list>
<bind>
<opset="indvars_iv31 "/>
</bind>
</comp>

<comp id="337" class="1005" name="i_reg_337">
<pin_list>
<pin id="338" dir="0" index="0" bw="4" slack="0"/>
<pin id="339" dir="1" index="1" bw="4" slack="0"/>
</pin_list>
<bind>
<opset="i "/>
</bind>
</comp>

<comp id="344" class="1005" name="u_016_reg_344">
<pin_list>
<pin id="345" dir="0" index="0" bw="4" slack="0"/>
<pin id="346" dir="1" index="1" bw="4" slack="0"/>
</pin_list>
<bind>
<opset="u_016 "/>
</bind>
</comp>

<comp id="351" class="1005" name="v_017_reg_351">
<pin_list>
<pin id="352" dir="0" index="0" bw="64" slack="0"/>
<pin id="353" dir="1" index="1" bw="64" slack="0"/>
</pin_list>
<bind>
<opset="v_017 "/>
</bind>
</comp>

<comp id="358" class="1005" name="a_offset_read_reg_358">
<pin_list>
<pin id="359" dir="0" index="0" bw="4" slack="2"/>
<pin id="360" dir="1" index="1" bw="4" slack="2"/>
</pin_list>
<bind>
<opset="a_offset_read "/>
</bind>
</comp>

<comp id="363" class="1005" name="t_33_loc_reg_363">
<pin_list>
<pin id="364" dir="0" index="0" bw="3" slack="3"/>
<pin id="365" dir="1" index="1" bw="3" slack="3"/>
</pin_list>
<bind>
<opset="t_33_loc "/>
</bind>
</comp>

<comp id="369" class="1005" name="v_35_loc_reg_369">
<pin_list>
<pin id="370" dir="0" index="0" bw="64" slack="3"/>
<pin id="371" dir="1" index="1" bw="64" slack="3"/>
</pin_list>
<bind>
<opset="v_35_loc "/>
</bind>
</comp>

<comp id="375" class="1005" name="v_114_loc_reg_375">
<pin_list>
<pin id="376" dir="0" index="0" bw="64" slack="2"/>
<pin id="377" dir="1" index="1" bw="64" slack="2"/>
</pin_list>
<bind>
<opset="v_114_loc "/>
</bind>
</comp>

<comp id="381" class="1005" name="tmp_s_reg_381">
<pin_list>
<pin id="382" dir="0" index="0" bw="7" slack="3"/>
<pin id="383" dir="1" index="1" bw="7" slack="3"/>
</pin_list>
<bind>
<opset="tmp_s "/>
</bind>
</comp>

<comp id="386" class="1005" name="u_reg_386">
<pin_list>
<pin id="387" dir="0" index="0" bw="4" slack="2"/>
<pin id="388" dir="1" index="1" bw="4" slack="2"/>
</pin_list>
<bind>
<opset="u "/>
</bind>
</comp>

<comp id="391" class="1005" name="v_189_reg_391">
<pin_list>
<pin id="392" dir="0" index="0" bw="64" slack="2"/>
<pin id="393" dir="1" index="1" bw="64" slack="2"/>
</pin_list>
<bind>
<opset="v_189 "/>
</bind>
</comp>

<comp id="399" class="1005" name="trunc_ln143_reg_399">
<pin_list>
<pin id="400" dir="0" index="0" bw="3" slack="1"/>
<pin id="401" dir="1" index="1" bw="3" slack="1"/>
</pin_list>
<bind>
<opset="trunc_ln143 "/>
</bind>
</comp>

<comp id="405" class="1005" name="u_29_reg_405">
<pin_list>
<pin id="406" dir="0" index="0" bw="4" slack="0"/>
<pin id="407" dir="1" index="1" bw="4" slack="0"/>
</pin_list>
<bind>
<opset="u_29 "/>
</bind>
</comp>

<comp id="412" class="1005" name="v_reg_412">
<pin_list>
<pin id="413" dir="0" index="0" bw="64" slack="0"/>
<pin id="414" dir="1" index="1" bw="64" slack="0"/>
</pin_list>
<bind>
<opset="v "/>
</bind>
</comp>

<comp id="419" class="1005" name="indvars_iv_reg_419">
<pin_list>
<pin id="420" dir="0" index="0" bw="4" slack="0"/>
<pin id="421" dir="1" index="1" bw="4" slack="0"/>
</pin_list>
<bind>
<opset="indvars_iv "/>
</bind>
</comp>

<comp id="426" class="1005" name="i_25_reg_426">
<pin_list>
<pin id="427" dir="0" index="0" bw="4" slack="0"/>
<pin id="428" dir="1" index="1" bw="4" slack="0"/>
</pin_list>
<bind>
<opset="i_25 "/>
</bind>
</comp>

<comp id="433" class="1005" name="indvars_iv31_load_reg_433">
<pin_list>
<pin id="434" dir="0" index="0" bw="4" slack="1"/>
<pin id="435" dir="1" index="1" bw="4" slack="1"/>
</pin_list>
<bind>
<opset="indvars_iv31_load "/>
</bind>
</comp>

<comp id="438" class="1005" name="i_74_reg_438">
<pin_list>
<pin id="439" dir="0" index="0" bw="4" slack="1"/>
<pin id="440" dir="1" index="1" bw="4" slack="1"/>
</pin_list>
<bind>
<opset="i_74 "/>
</bind>
</comp>

<comp id="447" class="1005" name="v_load_reg_447">
<pin_list>
<pin id="448" dir="0" index="0" bw="64" slack="1"/>
<pin id="449" dir="1" index="1" bw="64" slack="1"/>
</pin_list>
<bind>
<opset="v_load "/>
</bind>
</comp>

<comp id="455" class="1005" name="trunc_ln156_reg_455">
<pin_list>
<pin id="456" dir="0" index="0" bw="3" slack="1"/>
<pin id="457" dir="1" index="1" bw="3" slack="1"/>
</pin_list>
<bind>
<opset="trunc_ln156 "/>
</bind>
</comp>

<comp id="460" class="1005" name="trunc_ln156_6_reg_460">
<pin_list>
<pin id="461" dir="0" index="0" bw="3" slack="1"/>
<pin id="462" dir="1" index="1" bw="3" slack="1"/>
</pin_list>
<bind>
<opset="trunc_ln156_6 "/>
</bind>
</comp>

<comp id="465" class="1004" name="grp_fu_465">
<pin_list>
<pin id="466" dir="0" index="0" bw="32" slack="2147483647"/>
<pin id="467" dir="0" index="1" bw="32" slack="2147483647"/>
<pin id="468" dir="1" index="2" bw="64" slack="2147483647"/>
</pin_list>
<bind>
<opcode="mul(12) " fcode="mul"/>
<opset="albl/3 albl/3 "/>
</bind>
</comp>

<comp id="469" class="1004" name="grp_fu_469">
<pin_list>
<pin id="470" dir="0" index="0" bw="32" slack="2147483647"/>
<pin id="471" dir="0" index="1" bw="32" slack="2147483647"/>
<pin id="472" dir="1" index="2" bw="64" slack="2147483647"/>
</pin_list>
<bind>
<opcode="mul(12) " fcode="mul"/>
<opset="albh/3 albh/3 "/>
</bind>
</comp>

<comp id="473" class="1004" name="grp_fu_473">
<pin_list>
<pin id="474" dir="0" index="0" bw="32" slack="2147483647"/>
<pin id="475" dir="0" index="1" bw="32" slack="2147483647"/>
<pin id="476" dir="1" index="2" bw="64" slack="2147483647"/>
</pin_list>
<bind>
<opcode="mul(12) " fcode="mul"/>
<opset="ahbl/3 ahbl/3 "/>
</bind>
</comp>

<comp id="477" class="1004" name="grp_fu_477">
<pin_list>
<pin id="478" dir="0" index="0" bw="32" slack="2147483647"/>
<pin id="479" dir="0" index="1" bw="32" slack="2147483647"/>
<pin id="480" dir="1" index="2" bw="64" slack="2147483647"/>
</pin_list>
<bind>
<opcode="mul(12) " fcode="mul"/>
<opset="ahbh/3 ahbh/3 "/>
</bind>
</comp>

</comp_list>

<net_list>
<net id="49"><net_src comp="8" pin="0"/><net_sink comp="46" pin=0"/></net>

<net id="53"><net_src comp="8" pin="0"/><net_sink comp="50" pin=0"/></net>

<net id="57"><net_src comp="8" pin="0"/><net_sink comp="54" pin=0"/></net>

<net id="61"><net_src comp="8" pin="0"/><net_sink comp="58" pin=0"/></net>

<net id="65"><net_src comp="8" pin="0"/><net_sink comp="62" pin=0"/></net>

<net id="69"><net_src comp="8" pin="0"/><net_sink comp="66" pin=0"/></net>

<net id="73"><net_src comp="8" pin="0"/><net_sink comp="70" pin=0"/></net>

<net id="77"><net_src comp="8" pin="0"/><net_sink comp="74" pin=0"/></net>

<net id="81"><net_src comp="8" pin="0"/><net_sink comp="78" pin=0"/></net>

<net id="85"><net_src comp="8" pin="0"/><net_sink comp="82" pin=0"/></net>

<net id="89"><net_src comp="8" pin="0"/><net_sink comp="86" pin=0"/></net>

<net id="94"><net_src comp="10" pin="0"/><net_sink comp="90" pin=0"/></net>

<net id="95"><net_src comp="2" pin="0"/><net_sink comp="90" pin=1"/></net>

<net id="101"><net_src comp="6" pin="0"/><net_sink comp="96" pin=0"/></net>

<net id="102"><net_src comp="34" pin="0"/><net_sink comp="96" pin=1"/></net>

<net id="108"><net_src comp="96" pin="3"/><net_sink comp="103" pin=0"/></net>

<net id="114"><net_src comp="6" pin="0"/><net_sink comp="109" pin=0"/></net>

<net id="115"><net_src comp="34" pin="0"/><net_sink comp="109" pin=1"/></net>

<net id="116"><net_src comp="38" pin="0"/><net_sink comp="109" pin=2"/></net>

<net id="117"><net_src comp="109" pin="3"/><net_sink comp="103" pin=0"/></net>

<net id="123"><net_src comp="6" pin="0"/><net_sink comp="118" pin=0"/></net>

<net id="124"><net_src comp="34" pin="0"/><net_sink comp="118" pin=1"/></net>

<net id="125"><net_src comp="118" pin="3"/><net_sink comp="103" pin=0"/></net>

<net id="139"><net_src comp="24" pin="0"/><net_sink comp="126" pin=0"/></net>

<net id="140"><net_src comp="0" pin="0"/><net_sink comp="126" pin=5"/></net>

<net id="141"><net_src comp="4" pin="0"/><net_sink comp="126" pin=7"/></net>

<net id="155"><net_src comp="40" pin="0"/><net_sink comp="142" pin=0"/></net>

<net id="156"><net_src comp="0" pin="0"/><net_sink comp="142" pin=5"/></net>

<net id="157"><net_src comp="4" pin="0"/><net_sink comp="142" pin=7"/></net>

<net id="161"><net_src comp="158" pin="1"/><net_sink comp="103" pin=1"/></net>

<net id="167"><net_src comp="12" pin="0"/><net_sink comp="162" pin=0"/></net>

<net id="168"><net_src comp="90" pin="2"/><net_sink comp="162" pin=1"/></net>

<net id="169"><net_src comp="14" pin="0"/><net_sink comp="162" pin=2"/></net>

<net id="174"><net_src comp="16" pin="0"/><net_sink comp="170" pin=0"/></net>

<net id="179"><net_src comp="18" pin="0"/><net_sink comp="175" pin=0"/></net>

<net id="184"><net_src comp="18" pin="0"/><net_sink comp="180" pin=0"/></net>

<net id="189"><net_src comp="20" pin="0"/><net_sink comp="185" pin=0"/></net>

<net id="203"><net_src comp="190" pin="1"/><net_sink comp="199" pin=0"/></net>

<net id="204"><net_src comp="22" pin="0"/><net_sink comp="199" pin=1"/></net>

<net id="209"><net_src comp="190" pin="1"/><net_sink comp="205" pin=0"/></net>

<net id="210"><net_src comp="20" pin="0"/><net_sink comp="205" pin=1"/></net>

<net id="214"><net_src comp="190" pin="1"/><net_sink comp="211" pin=0"/></net>

<net id="219"><net_src comp="205" pin="2"/><net_sink comp="215" pin=0"/></net>

<net id="224"><net_src comp="22" pin="0"/><net_sink comp="220" pin=0"/></net>

<net id="229"><net_src comp="20" pin="0"/><net_sink comp="225" pin=0"/></net>

<net id="234"><net_src comp="196" pin="1"/><net_sink comp="230" pin=0"/></net>

<net id="239"><net_src comp="193" pin="1"/><net_sink comp="235" pin=0"/></net>

<net id="243"><net_src comp="240" pin="1"/><net_sink comp="126" pin=3"/></net>

<net id="248"><net_src comp="240" pin="1"/><net_sink comp="244" pin=0"/></net>

<net id="249"><net_src comp="20" pin="0"/><net_sink comp="244" pin=1"/></net>

<net id="254"><net_src comp="244" pin="2"/><net_sink comp="250" pin=0"/></net>

<net id="258"><net_src comp="255" pin="1"/><net_sink comp="103" pin=1"/></net>

<net id="262"><net_src comp="259" pin="1"/><net_sink comp="96" pin=2"/></net>

<net id="270"><net_src comp="263" pin="1"/><net_sink comp="266" pin=0"/></net>

<net id="271"><net_src comp="36" pin="0"/><net_sink comp="266" pin=1"/></net>

<net id="276"><net_src comp="263" pin="1"/><net_sink comp="272" pin=0"/></net>

<net id="277"><net_src comp="20" pin="0"/><net_sink comp="272" pin=1"/></net>

<net id="282"><net_src comp="272" pin="2"/><net_sink comp="278" pin=0"/></net>

<net id="286"><net_src comp="283" pin="1"/><net_sink comp="142" pin=3"/></net>

<net id="293"><net_src comp="287" pin="1"/><net_sink comp="290" pin=0"/></net>

<net id="294"><net_src comp="290" pin="1"/><net_sink comp="142" pin=1"/></net>

<net id="298"><net_src comp="295" pin="1"/><net_sink comp="142" pin=6"/></net>

<net id="303"><net_src comp="287" pin="1"/><net_sink comp="299" pin=0"/></net>

<net id="304"><net_src comp="20" pin="0"/><net_sink comp="299" pin=1"/></net>

<net id="309"><net_src comp="299" pin="2"/><net_sink comp="305" pin=0"/></net>

<net id="313"><net_src comp="310" pin="1"/><net_sink comp="103" pin=1"/></net>

<net id="320"><net_src comp="314" pin="1"/><net_sink comp="317" pin=0"/></net>

<net id="324"><net_src comp="321" pin="1"/><net_sink comp="118" pin=2"/></net>

<net id="329"><net_src comp="317" pin="1"/><net_sink comp="325" pin=0"/></net>

<net id="333"><net_src comp="46" pin="1"/><net_sink comp="330" pin=0"/></net>

<net id="334"><net_src comp="330" pin="1"/><net_sink comp="185" pin=1"/></net>

<net id="335"><net_src comp="330" pin="1"/><net_sink comp="240" pin=0"/></net>

<net id="336"><net_src comp="330" pin="1"/><net_sink comp="250" pin=1"/></net>

<net id="340"><net_src comp="50" pin="1"/><net_sink comp="337" pin=0"/></net>

<net id="341"><net_src comp="337" pin="1"/><net_sink comp="180" pin=1"/></net>

<net id="342"><net_src comp="337" pin="1"/><net_sink comp="190" pin=0"/></net>

<net id="343"><net_src comp="337" pin="1"/><net_sink comp="215" pin=1"/></net>

<net id="347"><net_src comp="54" pin="1"/><net_sink comp="344" pin=0"/></net>

<net id="348"><net_src comp="344" pin="1"/><net_sink comp="175" pin=1"/></net>

<net id="349"><net_src comp="344" pin="1"/><net_sink comp="193" pin=0"/></net>

<net id="350"><net_src comp="344" pin="1"/><net_sink comp="126" pin=10"/></net>

<net id="354"><net_src comp="58" pin="1"/><net_sink comp="351" pin=0"/></net>

<net id="355"><net_src comp="351" pin="1"/><net_sink comp="170" pin=1"/></net>

<net id="356"><net_src comp="351" pin="1"/><net_sink comp="196" pin=0"/></net>

<net id="357"><net_src comp="351" pin="1"/><net_sink comp="126" pin=9"/></net>

<net id="361"><net_src comp="90" pin="2"/><net_sink comp="358" pin=0"/></net>

<net id="362"><net_src comp="358" pin="1"/><net_sink comp="126" pin=4"/></net>

<net id="366"><net_src comp="62" pin="1"/><net_sink comp="363" pin=0"/></net>

<net id="367"><net_src comp="363" pin="1"/><net_sink comp="142" pin=10"/></net>

<net id="368"><net_src comp="363" pin="1"/><net_sink comp="314" pin=0"/></net>

<net id="372"><net_src comp="66" pin="1"/><net_sink comp="369" pin=0"/></net>

<net id="373"><net_src comp="369" pin="1"/><net_sink comp="142" pin=8"/></net>

<net id="374"><net_src comp="369" pin="1"/><net_sink comp="310" pin=0"/></net>

<net id="378"><net_src comp="70" pin="1"/><net_sink comp="375" pin=0"/></net>

<net id="379"><net_src comp="375" pin="1"/><net_sink comp="126" pin=8"/></net>

<net id="380"><net_src comp="375" pin="1"/><net_sink comp="255" pin=0"/></net>

<net id="384"><net_src comp="162" pin="3"/><net_sink comp="381" pin=0"/></net>

<net id="385"><net_src comp="381" pin="1"/><net_sink comp="142" pin=4"/></net>

<net id="389"><net_src comp="193" pin="1"/><net_sink comp="386" pin=0"/></net>

<net id="390"><net_src comp="386" pin="1"/><net_sink comp="126" pin=2"/></net>

<net id="394"><net_src comp="196" pin="1"/><net_sink comp="391" pin=0"/></net>

<net id="395"><net_src comp="391" pin="1"/><net_sink comp="126" pin=1"/></net>

<net id="402"><net_src comp="211" pin="1"/><net_sink comp="399" pin=0"/></net>

<net id="403"><net_src comp="399" pin="1"/><net_sink comp="126" pin=6"/></net>

<net id="404"><net_src comp="399" pin="1"/><net_sink comp="259" pin=0"/></net>

<net id="408"><net_src comp="74" pin="1"/><net_sink comp="405" pin=0"/></net>

<net id="409"><net_src comp="405" pin="1"/><net_sink comp="235" pin=1"/></net>

<net id="410"><net_src comp="405" pin="1"/><net_sink comp="283" pin=0"/></net>

<net id="411"><net_src comp="405" pin="1"/><net_sink comp="325" pin=1"/></net>

<net id="415"><net_src comp="78" pin="1"/><net_sink comp="412" pin=0"/></net>

<net id="416"><net_src comp="412" pin="1"/><net_sink comp="230" pin=1"/></net>

<net id="417"><net_src comp="412" pin="1"/><net_sink comp="158" pin=0"/></net>

<net id="418"><net_src comp="412" pin="1"/><net_sink comp="142" pin=9"/></net>

<net id="422"><net_src comp="82" pin="1"/><net_sink comp="419" pin=0"/></net>

<net id="423"><net_src comp="419" pin="1"/><net_sink comp="225" pin=1"/></net>

<net id="424"><net_src comp="419" pin="1"/><net_sink comp="287" pin=0"/></net>

<net id="425"><net_src comp="419" pin="1"/><net_sink comp="305" pin=1"/></net>

<net id="429"><net_src comp="86" pin="1"/><net_sink comp="426" pin=0"/></net>

<net id="430"><net_src comp="426" pin="1"/><net_sink comp="220" pin=1"/></net>

<net id="431"><net_src comp="426" pin="1"/><net_sink comp="263" pin=0"/></net>

<net id="432"><net_src comp="426" pin="1"/><net_sink comp="278" pin=1"/></net>

<net id="436"><net_src comp="240" pin="1"/><net_sink comp="433" pin=0"/></net>

<net id="437"><net_src comp="433" pin="1"/><net_sink comp="126" pin=3"/></net>

<net id="441"><net_src comp="263" pin="1"/><net_sink comp="438" pin=0"/></net>

<net id="442"><net_src comp="438" pin="1"/><net_sink comp="295" pin=0"/></net>

<net id="443"><net_src comp="438" pin="1"/><net_sink comp="321" pin=0"/></net>

<net id="450"><net_src comp="158" pin="1"/><net_sink comp="447" pin=0"/></net>

<net id="451"><net_src comp="447" pin="1"/><net_sink comp="142" pin=2"/></net>

<net id="458"><net_src comp="290" pin="1"/><net_sink comp="455" pin=0"/></net>

<net id="459"><net_src comp="455" pin="1"/><net_sink comp="142" pin=1"/></net>

<net id="463"><net_src comp="295" pin="1"/><net_sink comp="460" pin=0"/></net>

<net id="464"><net_src comp="460" pin="1"/><net_sink comp="142" pin=6"/></net>

</net_list>

</model> 
---------------- Datapath Model END ------------------

* FSMD analyzer results:
  - Output states:
	Port: a | {}
	Port: b | {}
	Port: c | {5 6 9 }
 - Input state : 
	Port: mp_mul.143 : a | {3 4 7 8 }
	Port: mp_mul.143 : a_offset | {1 }
	Port: mp_mul.143 : b | {3 4 7 8 }
  - Chain level:
	State 1
		store_ln140 : 1
		store_ln140 : 1
		store_ln139 : 1
		store_ln0 : 1
	State 2
		icmp_ln143 : 1
		add_ln143 : 1
		br_ln143 : 2
		trunc_ln143 : 1
		store_ln139 : 2
		store_ln139 : 1
		store_ln0 : 1
		store_ln140 : 1
		store_ln140 : 1
	State 3
		call_ln143 : 1
		add_ln143_13 : 1
		store_ln143 : 2
	State 4
	State 5
		c_addr_25 : 1
		store_ln150 : 2
	State 6
		icmp_ln156 : 1
		br_ln156 : 2
		add_ln156 : 1
		store_ln139 : 2
		store_ln168 : 1
	State 7
		trunc_ln156 : 1
		call_ln156 : 2
		add_ln156_13 : 1
		store_ln156 : 2
	State 8
	State 9
		zext_ln157 : 1
		c_addr_26 : 1
		store_ln163 : 2
		store_ln140 : 2


============================================================
+ Verbose Summary: Datapath Resource usage 
============================================================

* Functional unit list:
|----------|-------------------------------------------------|---------|---------|---------|---------|
| Operation|                 Functional Unit                 |   DSP   |  Delay  |    FF   |   LUT   |
|----------|-------------------------------------------------|---------|---------|---------|---------|
|   call   | grp_mp_mul_143_Pipeline_VITIS_LOOP_144_2_fu_126 |    16   |  15.88  |   1703  |   1527  |
|          | grp_mp_mul_143_Pipeline_VITIS_LOOP_157_4_fu_142 |    16   |  15.88  |   1706  |   1539  |
|----------|-------------------------------------------------|---------|---------|---------|---------|
|          |                    grp_fu_465                   |    4    |    0    |   165   |    50   |
|    mul   |                    grp_fu_469                   |    4    |    0    |   165   |    50   |
|          |                    grp_fu_473                   |    4    |    0    |   165   |    50   |
|          |                    grp_fu_477                   |    4    |    0    |   165   |    50   |
|----------|-------------------------------------------------|---------|---------|---------|---------|
|          |                 add_ln143_fu_205                |    0    |    0    |    0    |    13   |
|    add   |               add_ln143_13_fu_244               |    0    |    0    |    0    |    13   |
|          |                 add_ln156_fu_272                |    0    |    0    |    0    |    13   |
|          |               add_ln156_13_fu_299               |    0    |    0    |    0    |    13   |
|----------|-------------------------------------------------|---------|---------|---------|---------|
|   icmp   |                icmp_ln143_fu_199                |    0    |    0    |    0    |    13   |
|          |                icmp_ln156_fu_266                |    0    |    0    |    0    |    13   |
|----------|-------------------------------------------------|---------|---------|---------|---------|
|   read   |             a_offset_read_read_fu_90            |    0    |    0    |    0    |    0    |
|----------|-------------------------------------------------|---------|---------|---------|---------|
|bitconcatenate|                   tmp_s_fu_162                  |    0    |    0    |    0    |    0    |
|----------|-------------------------------------------------|---------|---------|---------|---------|
|          |                trunc_ln143_fu_211               |    0    |    0    |    0    |    0    |
|   trunc  |                trunc_ln156_fu_290               |    0    |    0    |    0    |    0    |
|          |               trunc_ln156_6_fu_295              |    0    |    0    |    0    |    0    |
|----------|-------------------------------------------------|---------|---------|---------|---------|
|          |                zext_ln150_fu_259                |    0    |    0    |    0    |    0    |
|   zext   |                zext_ln157_fu_317                |    0    |    0    |    0    |    0    |
|          |                zext_ln163_fu_321                |    0    |    0    |    0    |    0    |
|----------|-------------------------------------------------|---------|---------|---------|---------|
|   Total  |                                                 |    48   |  31.76  |   4069  |   3344  |
|----------|-------------------------------------------------|---------|---------|---------|---------|

Memories:
N/A

* Register list:
+-------------------------+--------+
|                         |   FF   |
+-------------------------+--------+
|  a_offset_read_reg_358  |    4   |
|       i_25_reg_426      |    4   |
|       i_74_reg_438      |    4   |
|        i_reg_337        |    4   |
|indvars_iv31_load_reg_433|    4   |
|   indvars_iv31_reg_330  |    4   |
|    indvars_iv_reg_419   |    4   |
|     t_33_loc_reg_363    |    3   |
|      tmp_s_reg_381      |    7   |
|   trunc_ln143_reg_399   |    3   |
|  trunc_ln156_6_reg_460  |    3   |
|   trunc_ln156_reg_455   |    3   |
|      u_016_reg_344      |    4   |
|       u_29_reg_405      |    4   |
|        u_reg_386        |    4   |
|      v_017_reg_351      |   64   |
|    v_114_loc_reg_375    |   64   |
|      v_189_reg_391      |   64   |
|     v_35_loc_reg_369    |   64   |
|      v_load_reg_447     |   64   |
|        v_reg_412        |   64   |
+-------------------------+--------+
|          Total          |   443  |
+-------------------------+--------+

* Multiplexer (MUX) list: 
|-------------------------------------------------|------|------|------|--------||---------||---------||---------|
|                       Comp                      |  Pin | Size |  BW  | S x BW ||  Delay  ||    FF   ||   LUT   |
|-------------------------------------------------|------|------|------|--------||---------||---------||---------|
|                grp_access_fu_103                |  p0  |   3  |   4  |   12   ||    0    ||    14   |
|                grp_access_fu_103                |  p1  |   3  |  64  |   192  ||    0    ||    14   |
| grp_mp_mul_143_Pipeline_VITIS_LOOP_144_2_fu_126 |  p3  |   2  |   4  |    8   ||    0    ||    9    |
| grp_mp_mul_143_Pipeline_VITIS_LOOP_157_4_fu_142 |  p1  |   2  |   3  |    6   ||    0    ||    9    |
| grp_mp_mul_143_Pipeline_VITIS_LOOP_157_4_fu_142 |  p6  |   2  |   3  |    6   ||    0    ||    9    |
|-------------------------------------------------|------|------|------|--------||---------||---------||---------|
|                      Total                      |      |      |      |   224  ||  8.1786 ||    0    ||    55   |
|-------------------------------------------------|------|------|------|--------||---------||---------||---------|



* Summary:
+-----------+--------+--------+--------+--------+
|           |   DSP  |  Delay |   FF   |   LUT  |
+-----------+--------+--------+--------+--------+
|  Function |   48   |   31   |  4069  |  3344  |
|   Memory  |    -   |    -   |    -   |    -   |
|Multiplexer|    -   |    8   |    0   |   55   |
|  Register |    -   |    -   |   443  |    -   |
+-----------+--------+--------+--------+--------+
|   Total   |   48   |   39   |  4512  |  3399  |
+-----------+--------+--------+--------+--------+
