

================================================================
== Vitis HLS Report for 'mp_mul_1_Pipeline_VITIS_LOOP_236_2'
================================================================
* Date:           Wed Jul 30 16:46:24 2025

* Version:        2024.2.2 (Build 6049644 on Mar  5 2025)
* Project:        sikep503_hls
* Solution:       solution1 (Vivado IP Flow Target)
* Product family: virtexuplus58g
* Target device:  xcvu29p-fsga2577-2L-e


================================================================
== Performance Estimates
================================================================
+ Timing: 
    * Summary: 
    +--------+----------+----------+------------+
    |  Clock |  Target  | Estimated| Uncertainty|
    +--------+----------+----------+------------+
    |ap_clk  |  10.00 ns|  7.006 ns|     2.70 ns|
    +--------+----------+----------+------------+

+ Latency: 
    * Summary: 
    +---------+---------+-----------+----------+-----+-----+------------------------------------------------+
    |  Latency (cycles) |  Latency (absolute)  |  Interval |                    Pipeline                    |
    |   min   |   max   |    min    |    max   | min | max |                      Type                      |
    +---------+---------+-----------+----------+-----+-----+------------------------------------------------+
    |        3|       10|  30.000 ns|  0.100 us|    2|    9|  loop auto-rewind stp (delay=0 clock cycles(s))|
    +---------+---------+-----------+----------+-----+-----+------------------------------------------------+

    + Detail: 
        * Instance: 
        N/A

        * Loop: 
        +--------------------+---------+---------+----------+-----------+-----------+-------+----------+
        |                    |  Latency (cycles) | Iteration|  Initiation Interval  |  Trip |          |
        |      Loop Name     |   min   |   max   |  Latency |  achieved |   target  | Count | Pipelined|
        +--------------------+---------+---------+----------+-----------+-----------+-------+----------+
        |- VITIS_LOOP_236_2  |        1|        8|         2|          1|          1|  1 ~ 8|       yes|
        +--------------------+---------+---------+----------+-----------+-----------+-------+----------+

============================================================
+ Verbose Summary: Synthesis Manager
============================================================
InlineROM: 1
ExposeGlobal: 0
============================================================
+ Verbose Summary: CDFG Model
============================================================
IsTopModel: 0
ResetActiveHigh: 1
IsCombinational: 0
IsDatapathOnly: 0
HasWiredReturn: 1
HasMFsm: 2
HasVarLatency: 1
IsPipeline: 0
IsRtlPipelined: 0
IsInstanceOverlapped: 0
IsDontTouch: 0
HasImplIP: 0
IsGatedGlobalClock: 0

+ Individual pipeline summary: 
  * Pipeline-0: initiation interval (II) = 1, depth = 2


============================================================
+ Verbose Summary: Schedule
============================================================
* Number of FSM states : 2
* Pipeline : 1
  Pipeline-0 : II = 1, D = 2, States = { 1 2 }
* Dataflow Pipeline: 0

* FSM state transitions: 
1 --> 2 
2 --> 

* FSM state operations: 

State 1 <SV = 0> <Delay = 1.67>
ST_1 : Operation 5 [1/1] (0.00ns)   --->   "%v_114 = alloca i32 1" [src/generic/fp_generic.cpp:230]   --->   Operation 5 'alloca' 'v_114' <Predicate = true> <Delay = 0.00>
ST_1 : Operation 6 [1/1] (0.00ns)   --->   "%j = alloca i32 1" [src/generic/fp_generic.cpp:229]   --->   Operation 6 'alloca' 'j' <Predicate = true> <Delay = 0.00>
ST_1 : Operation 7 [1/1] (0.00ns)   --->   "%tmp_150 = read i3 @_ssdm_op_Read.ap_auto.i3, i3 %empty"   --->   Operation 7 'read' 'tmp_150' <Predicate = true> <Delay = 0.00>
ST_1 : Operation 8 [1/1] (0.00ns)   --->   "%indvars_iv31_read = read i4 @_ssdm_op_Read.ap_auto.i4, i4 %indvars_iv31"   --->   Operation 8 'read' 'indvars_iv31_read' <Predicate = true> <Delay = 0.00>
ST_1 : Operation 9 [1/1] (0.00ns)   --->   "%zext_ln234_read = read i4 @_ssdm_op_Read.ap_auto.i4, i4 %zext_ln234"   --->   Operation 9 'read' 'zext_ln234_read' <Predicate = true> <Delay = 0.00>
ST_1 : Operation 10 [1/1] (0.00ns)   --->   "%zext_ln234_cast = zext i4 %zext_ln234_read"   --->   Operation 10 'zext' 'zext_ln234_cast' <Predicate = true> <Delay = 0.00>
ST_1 : Operation 11 [1/1] (0.38ns)   --->   "%store_ln229 = store i4 0, i4 %j" [src/generic/fp_generic.cpp:229]   --->   Operation 11 'store' 'store_ln229' <Predicate = true> <Delay = 0.38>
ST_1 : Operation 12 [1/1] (0.38ns)   --->   "%store_ln230 = store i64 %zext_ln234_cast, i64 %v_114" [src/generic/fp_generic.cpp:230]   --->   Operation 12 'store' 'store_ln230' <Predicate = true> <Delay = 0.38>
ST_1 : Operation 13 [1/1] (0.38ns)   --->   "%store_ln230 = store i4 0, i4 %u_95_out" [src/generic/fp_generic.cpp:230]   --->   Operation 13 'store' 'store_ln230' <Predicate = true> <Delay = 0.38>
ST_1 : Operation 14 [1/1] (0.00ns)   --->   "%br_ln0 = br void %for.inc"   --->   Operation 14 'br' 'br_ln0' <Predicate = true> <Delay = 0.00>
ST_1 : Operation 15 [1/1] (0.00ns)   --->   "%j_48 = load i4 %j" [src/generic/fp_generic.cpp:236]   --->   Operation 15 'load' 'j_48' <Predicate = true> <Delay = 0.00>
ST_1 : Operation 16 [1/1] (0.70ns)   --->   "%icmp_ln236 = icmp_eq  i4 %j_48, i4 %indvars_iv31_read" [src/generic/fp_generic.cpp:236]   --->   Operation 16 'icmp' 'icmp_ln236' <Predicate = true> <Delay = 0.70> <CoreInst = "Cmp">   --->   Core 9 'Cmp' <Latency = 0> <II = 1> <Delay = 0.70> <FuncUnit> <Opcode : 'seteq' 'setne' 'setle' 'setge' 'setlt' 'setgt'> <InPorts = 2> <OutPorts = 1>
ST_1 : Operation 17 [1/1] (0.70ns)   --->   "%add_ln236 = add i4 %j_48, i4 1" [src/generic/fp_generic.cpp:236]   --->   Operation 17 'add' 'add_ln236' <Predicate = true> <Delay = 0.70> <CoreInst = "Adder">   --->   Core 1 'Adder' <Latency = 0> <II = 1> <Delay = 0.70> <FuncUnit> <Opcode : 'add' 'sub'> <InPorts = 2> <OutPorts = 1>
ST_1 : Operation 18 [1/1] (0.00ns)   --->   "%br_ln236 = br i1 %icmp_ln236, void %for.inc.split, void %for.inc22.exitStub" [src/generic/fp_generic.cpp:236]   --->   Operation 18 'br' 'br_ln236' <Predicate = true> <Delay = 0.00>
ST_1 : Operation 19 [1/1] (0.00ns)   --->   "%zext_ln236 = zext i4 %j_48" [src/generic/fp_generic.cpp:236]   --->   Operation 19 'zext' 'zext_ln236' <Predicate = (!icmp_ln236)> <Delay = 0.00>
ST_1 : Operation 20 [1/1] (0.00ns)   --->   "%a_addr = getelementptr i64 %a, i64 0, i64 %zext_ln236" [src/generic/fp_generic.cpp:237]   --->   Operation 20 'getelementptr' 'a_addr' <Predicate = (!icmp_ln236)> <Delay = 0.00>
ST_1 : Operation 21 [1/1] (0.00ns)   --->   "%trunc_ln236 = trunc i4 %j_48" [src/generic/fp_generic.cpp:236]   --->   Operation 21 'trunc' 'trunc_ln236' <Predicate = (!icmp_ln236)> <Delay = 0.00>
ST_1 : Operation 22 [2/2] (0.71ns)   --->   "%a_load = load i4 %a_addr" [src/generic/fp_generic.cpp:237]   --->   Operation 22 'load' 'a_load' <Predicate = (!icmp_ln236)> <Delay = 0.71> <CoreInst = "RAM">   --->   Core 82 'RAM' <Latency = 1> <II = 1> <Delay = 0.71> <Storage> <Opcode : 'load' 'store'> <Ports = 2> <Width = 64> <Depth = 16> <RAM>
ST_1 : Operation 23 [1/1] (0.57ns)   --->   "%sub_ln237 = sub i3 %tmp_150, i3 %trunc_ln236" [src/generic/fp_generic.cpp:237]   --->   Operation 23 'sub' 'sub_ln237' <Predicate = (!icmp_ln236)> <Delay = 0.57> <CoreInst = "Adder">   --->   Core 1 'Adder' <Latency = 0> <II = 1> <Delay = 0.57> <FuncUnit> <Opcode : 'add' 'sub'> <InPorts = 2> <OutPorts = 1>
ST_1 : Operation 24 [1/1] (0.00ns)   --->   "%zext_ln237 = zext i3 %sub_ln237" [src/generic/fp_generic.cpp:237]   --->   Operation 24 'zext' 'zext_ln237' <Predicate = (!icmp_ln236)> <Delay = 0.00>
ST_1 : Operation 25 [1/1] (0.00ns)   --->   "%one_addr = getelementptr i64 %one, i64 0, i64 %zext_ln237" [src/generic/fp_generic.cpp:237]   --->   Operation 25 'getelementptr' 'one_addr' <Predicate = (!icmp_ln236)> <Delay = 0.00>
ST_1 : Operation 26 [2/2] (0.71ns)   --->   "%one_load = load i3 %one_addr" [src/generic/fp_generic.cpp:237]   --->   Operation 26 'load' 'one_load' <Predicate = (!icmp_ln236)> <Delay = 0.71> <CoreInst = "ROM">   --->   Core 100 'ROM' <Latency = 1> <II = 1> <Delay = 0.71> <Storage> <Opcode : 'load'> <Ports = 0> <Width = 64> <Depth = 8> <ROM>
ST_1 : Operation 27 [1/1] (0.38ns)   --->   "%store_ln229 = store i4 %add_ln236, i4 %j" [src/generic/fp_generic.cpp:229]   --->   Operation 27 'store' 'store_ln229' <Predicate = (!icmp_ln236)> <Delay = 0.38>
ST_1 : Operation 57 [1/1] (0.00ns)   --->   "%v_114_load11 = load i64 %v_114"   --->   Operation 57 'load' 'v_114_load11' <Predicate = (icmp_ln236)> <Delay = 0.00>
ST_1 : Operation 58 [1/1] (0.00ns)   --->   "%write_ln0 = write void @_ssdm_op_Write.ap_auto.i64P0A, i64 %v_114_out, i64 %v_114_load11"   --->   Operation 58 'write' 'write_ln0' <Predicate = (icmp_ln236)> <Delay = 0.00>
ST_1 : Operation 59 [1/1] (0.38ns)   --->   "%ret_ln0 = ret"   --->   Operation 59 'ret' 'ret_ln0' <Predicate = (icmp_ln236)> <Delay = 0.38>

State 2 <SV = 1> <Delay = 7.00>
ST_2 : Operation 28 [1/1] (0.00ns)   --->   "%u_95_out_load = load i4 %u_95_out" [src/generic/fp_generic.cpp:239]   --->   Operation 28 'load' 'u_95_out_load' <Predicate = true> <Delay = 0.00>
ST_2 : Operation 29 [1/1] (0.00ns)   --->   "%v_114_load = load i64 %v_114" [src/generic/fp_generic.cpp:238]   --->   Operation 29 'load' 'v_114_load' <Predicate = true> <Delay = 0.00>
ST_2 : Operation 30 [1/1] (0.00ns)   --->   "%specpipeline_ln229 = specpipeline void @_ssdm_op_SpecPipeline, i32 4294967295, i32 0, i32 0, i32 0, void @empty_73" [src/generic/fp_generic.cpp:229]   --->   Operation 30 'specpipeline' 'specpipeline_ln229' <Predicate = true> <Delay = 0.00>
ST_2 : Operation 31 [1/1] (0.00ns)   --->   "%speclooptripcount_ln229 = speclooptripcount void @_ssdm_op_SpecLoopTripCount, i64 1, i64 8, i64 4" [src/generic/fp_generic.cpp:229]   --->   Operation 31 'speclooptripcount' 'speclooptripcount_ln229' <Predicate = true> <Delay = 0.00>
ST_2 : Operation 32 [1/1] (0.00ns)   --->   "%specloopname_ln236 = specloopname void @_ssdm_op_SpecLoopName, void @empty_34" [src/generic/fp_generic.cpp:236]   --->   Operation 32 'specloopname' 'specloopname_ln236' <Predicate = true> <Delay = 0.00>
ST_2 : Operation 33 [1/2] ( I:0.71ns O:0.71ns )   --->   "%a_load = load i4 %a_addr" [src/generic/fp_generic.cpp:237]   --->   Operation 33 'load' 'a_load' <Predicate = true> <Delay = 0.71> <CoreInst = "RAM">   --->   Core 82 'RAM' <Latency = 1> <II = 1> <Delay = 0.71> <Storage> <Opcode : 'load' 'store'> <Ports = 2> <Width = 64> <Depth = 16> <RAM>
ST_2 : Operation 34 [1/1] (0.00ns)   --->   "%al = trunc i64 %a_load" [src/generic/fp_generic.cpp:237]   --->   Operation 34 'trunc' 'al' <Predicate = true> <Delay = 0.00>
ST_2 : Operation 35 [1/2] ( I:0.71ns O:0.71ns )   --->   "%one_load = load i3 %one_addr" [src/generic/fp_generic.cpp:237]   --->   Operation 35 'load' 'one_load' <Predicate = true> <Delay = 0.71> <CoreInst = "ROM">   --->   Core 100 'ROM' <Latency = 1> <II = 1> <Delay = 0.71> <Storage> <Opcode : 'load'> <Ports = 0> <Width = 64> <Depth = 8> <ROM>
ST_2 : Operation 36 [1/1] (0.00ns)   --->   "%bl = trunc i64 %one_load" [src/generic/fp_generic.cpp:113->src/generic/fp_generic.cpp:237]   --->   Operation 36 'trunc' 'bl' <Predicate = true> <Delay = 0.00>
ST_2 : Operation 37 [1/1] (0.00ns) (grouped into LUT with out node temp)   --->   "%trunc_ln = partselect i32 @_ssdm_op_PartSelect.i32.i64.i32.i32, i64 %a_load, i32 32, i32 63" [src/generic/fp_generic.cpp:117->src/generic/fp_generic.cpp:237]   --->   Operation 37 'partselect' 'trunc_ln' <Predicate = true> <Delay = 0.00>
ST_2 : Operation 38 [1/1] (0.00ns)   --->   "%tmp = partselect i32 @_ssdm_op_PartSelect.i32.i64.i32.i32, i64 %one_load, i32 32, i32 63" [src/generic/fp_generic.cpp:116->src/generic/fp_generic.cpp:237]   --->   Operation 38 'partselect' 'tmp' <Predicate = true> <Delay = 0.00>
ST_2 : Operation 39 [1/1] (0.27ns)   --->   "%select_ln117 = select i1 %bl, i32 4294967295, i32 0" [src/generic/fp_generic.cpp:117->src/generic/fp_generic.cpp:237]   --->   Operation 39 'select' 'select_ln117' <Predicate = true> <Delay = 0.27> <CoreInst = "Sel">   --->   Core 73 'Sel' <Latency = 0> <II = 1> <Delay = 0.27> <FuncUnit> <Opcode : 'select'> <InPorts = 3> <OutPorts = 1>
ST_2 : Operation 40 [1/1] (0.00ns) (grouped into LUT with out node v_207)   --->   "%and_ln117 = and i32 %al, i32 %select_ln117" [src/generic/fp_generic.cpp:117->src/generic/fp_generic.cpp:237]   --->   Operation 40 'and' 'and_ln117' <Predicate = true> <Delay = 0.00> <CoreInst = "LogicGate">   --->   Core 74 'LogicGate' <Latency = 0> <II = 1> <Delay = 0.21> <FuncUnit> <Opcode : 'and' 'or' 'xor'> <InPorts = 2> <OutPorts = 1>
ST_2 : Operation 41 [1/1] (3.17ns)   --->   "%mul_ln117 = mul i32 %tmp, i32 %al" [src/generic/fp_generic.cpp:117->src/generic/fp_generic.cpp:237]   --->   Operation 41 'mul' 'mul_ln117' <Predicate = true> <Delay = 3.17> <CoreInst = "Multiplier">   --->   Core 3 'Multiplier' <Latency = 0> <II = 1> <Delay = 3.17> <FuncUnit> <Opcode : 'mul'> <InPorts = 2> <OutPorts = 1>
ST_2 : Operation 42 [1/1] (0.00ns) (grouped into LUT with out node temp)   --->   "%and_ln117_1 = and i32 %trunc_ln, i32 %select_ln117" [src/generic/fp_generic.cpp:117->src/generic/fp_generic.cpp:237]   --->   Operation 42 'and' 'and_ln117_1' <Predicate = true> <Delay = 0.00> <CoreInst = "LogicGate">   --->   Core 74 'LogicGate' <Latency = 0> <II = 1> <Delay = 0.21> <FuncUnit> <Opcode : 'and' 'or' 'xor'> <InPorts = 2> <OutPorts = 1>
ST_2 : Operation 43 [1/1] (0.88ns) (out node of the LUT)   --->   "%temp = add i32 %and_ln117_1, i32 %mul_ln117" [src/generic/fp_generic.cpp:135->src/generic/fp_generic.cpp:237]   --->   Operation 43 'add' 'temp' <Predicate = true> <Delay = 0.88> <CoreInst = "Adder">   --->   Core 1 'Adder' <Latency = 0> <II = 1> <Delay = 0.88> <FuncUnit> <Opcode : 'add' 'sub'> <InPorts = 2> <OutPorts = 1>
ST_2 : Operation 44 [1/1] (0.00ns)   --->   "%shl_ln = bitconcatenate i64 @_ssdm_op_BitConcatenate.i64.i32.i32, i32 %temp, i32 0" [src/generic/fp_generic.cpp:137->src/generic/fp_generic.cpp:237]   --->   Operation 44 'bitconcatenate' 'shl_ln' <Predicate = true> <Delay = 0.00>
ST_2 : Operation 45 [1/1] (0.00ns) (grouped into LUT with out node v_207)   --->   "%or_ln = bitconcatenate i64 @_ssdm_op_BitConcatenate.i64.i32.i32, i32 %temp, i32 %and_ln117" [src/generic/fp_generic.cpp:238]   --->   Operation 45 'bitconcatenate' 'or_ln' <Predicate = true> <Delay = 0.00>
ST_2 : Operation 46 [1/1] (1.14ns) (out node of the LUT)   --->   "%v_207 = add i64 %or_ln, i64 %v_114_load" [src/generic/fp_generic.cpp:238]   --->   Operation 46 'add' 'v_207' <Predicate = true> <Delay = 1.14> <CoreInst = "Adder">   --->   Core 1 'Adder' <Latency = 0> <II = 1> <Delay = 1.14> <FuncUnit> <Opcode : 'add' 'sub'> <InPorts = 2> <OutPorts = 1>
ST_2 : Operation 47 [1/1] (0.00ns) (grouped into LUT with out node v)   --->   "%xor_ln105 = xor i64 %v_207, i64 %shl_ln" [src/config.h:105->src/generic/fp_generic.cpp:238]   --->   Operation 47 'xor' 'xor_ln105' <Predicate = true> <Delay = 0.00> <CoreInst = "LogicGate">   --->   Core 74 'LogicGate' <Latency = 0> <II = 1> <Delay = 0.28> <FuncUnit> <Opcode : 'and' 'or' 'xor'> <InPorts = 2> <OutPorts = 1>
ST_2 : Operation 48 [1/1] (0.00ns) (grouped into LUT with out node v)   --->   "%xor_ln105_61 = xor i64 %shl_ln, i64 %v_114_load" [src/config.h:105->src/generic/fp_generic.cpp:238]   --->   Operation 48 'xor' 'xor_ln105_61' <Predicate = true> <Delay = 0.00> <CoreInst = "LogicGate">   --->   Core 74 'LogicGate' <Latency = 0> <II = 1> <Delay = 0.28> <FuncUnit> <Opcode : 'and' 'or' 'xor'> <InPorts = 2> <OutPorts = 1>
ST_2 : Operation 49 [1/1] (0.00ns) (grouped into LUT with out node v)   --->   "%or_ln105 = or i64 %xor_ln105, i64 %xor_ln105_61" [src/config.h:105->src/generic/fp_generic.cpp:238]   --->   Operation 49 'or' 'or_ln105' <Predicate = true> <Delay = 0.00> <CoreInst = "LogicGate">   --->   Core 74 'LogicGate' <Latency = 0> <II = 1> <Delay = 0.28> <FuncUnit> <Opcode : 'and' 'or' 'xor'> <InPorts = 2> <OutPorts = 1>
ST_2 : Operation 50 [1/1] (0.00ns) (grouped into LUT with out node v)   --->   "%xor_ln105_62 = xor i64 %or_ln105, i64 %v_207" [src/config.h:105->src/generic/fp_generic.cpp:238]   --->   Operation 50 'xor' 'xor_ln105_62' <Predicate = true> <Delay = 0.00> <CoreInst = "LogicGate">   --->   Core 74 'LogicGate' <Latency = 0> <II = 1> <Delay = 0.28> <FuncUnit> <Opcode : 'and' 'or' 'xor'> <InPorts = 2> <OutPorts = 1>
ST_2 : Operation 51 [1/1] (0.00ns) (grouped into LUT with out node v)   --->   "%tempReg = bitselect i1 @_ssdm_op_BitSelect.i1.i64.i32, i64 %xor_ln105_62, i32 63" [src/generic/fp_generic.cpp:231]   --->   Operation 51 'bitselect' 'tempReg' <Predicate = true> <Delay = 0.00>
ST_2 : Operation 52 [1/1] (0.00ns) (grouped into LUT with out node v)   --->   "%zext_ln239 = zext i1 %tempReg" [src/generic/fp_generic.cpp:239]   --->   Operation 52 'zext' 'zext_ln239' <Predicate = true> <Delay = 0.00>
ST_2 : Operation 53 [1/1] (0.70ns) (out node of the LUT)   --->   "%v = add i4 %zext_ln239, i4 %u_95_out_load" [src/generic/fp_generic.cpp:239]   --->   Operation 53 'add' 'v' <Predicate = true> <Delay = 0.70> <CoreInst = "Adder">   --->   Core 1 'Adder' <Latency = 0> <II = 1> <Delay = 0.70> <FuncUnit> <Opcode : 'add' 'sub'> <InPorts = 2> <OutPorts = 1>
ST_2 : Operation 54 [1/1] (0.38ns)   --->   "%store_ln230 = store i64 %v_207, i64 %v_114" [src/generic/fp_generic.cpp:230]   --->   Operation 54 'store' 'store_ln230' <Predicate = true> <Delay = 0.38>
ST_2 : Operation 55 [1/1] (0.38ns)   --->   "%store_ln230 = store i4 %v, i4 %u_95_out" [src/generic/fp_generic.cpp:230]   --->   Operation 55 'store' 'store_ln230' <Predicate = true> <Delay = 0.38>
ST_2 : Operation 56 [1/1] (0.00ns)   --->   "%br_ln236 = br void %for.inc" [src/generic/fp_generic.cpp:236]   --->   Operation 56 'br' 'br_ln236' <Predicate = true> <Delay = 0.00>


============================================================
+ Verbose Summary: Timing violations
============================================================
Target clock period: 10.000ns, clock uncertainty: 2.700ns.

 <State 1>: 1.673ns
The critical path consists of the following:
	'store' operation 0 bit ('store_ln229', src/generic/fp_generic.cpp:229) of constant 0 on local variable 'j', src/generic/fp_generic.cpp:229 [14]  (0.387 ns)
	'load' operation 4 bit ('j', src/generic/fp_generic.cpp:236) on local variable 'j', src/generic/fp_generic.cpp:229 [19]  (0.000 ns)
	'sub' operation 3 bit ('sub_ln237', src/generic/fp_generic.cpp:237) [34]  (0.572 ns)
	'getelementptr' operation 3 bit ('one_addr', src/generic/fp_generic.cpp:237) [36]  (0.000 ns)
	'load' operation 64 bit ('b', src/generic/fp_generic.cpp:237) on array 'one' [37]  (0.714 ns)

 <State 2>: 7.006ns
The critical path consists of the following:
	'load' operation 64 bit ('a', src/generic/fp_generic.cpp:237) on array 'a' [32]  (0.714 ns)
	'mul' operation 32 bit ('mul_ln117', src/generic/fp_generic.cpp:117->src/generic/fp_generic.cpp:237) [43]  (3.170 ns)
	'add' operation 32 bit ('temp', src/generic/fp_generic.cpp:135->src/generic/fp_generic.cpp:237) [45]  (0.880 ns)
	'add' operation 64 bit ('x', src/generic/fp_generic.cpp:238) [48]  (1.147 ns)
	'xor' operation 64 bit ('xor_ln105_62', src/config.h:105->src/generic/fp_generic.cpp:238) [52]  (0.000 ns)
	'add' operation 4 bit ('v', src/generic/fp_generic.cpp:239) [55]  (0.708 ns)
	'store' operation 0 bit ('store_ln230', src/generic/fp_generic.cpp:230) of variable 'v', src/generic/fp_generic.cpp:239 on local variable 'u_95_out' [58]  (0.387 ns)


============================================================
+ Verbose Summary: Binding
============================================================
N/A
* FSMD analyzer results:
  - Output states:
 - Input state : 
  - Chain level:
	State 1
	State 2


============================================================
+ Verbose Summary: Datapath Resource usage 
============================================================
N/A
