

================================================================
== Vitis HLS Report for 'mp_mul_5_Pipeline_VITIS_LOOP_175_2'
================================================================
* Date:           Wed Jul 30 16:59:31 2025

* Version:        2024.2.2 (Build 6049644 on Mar  5 2025)
* Project:        sikep503_hls
* Solution:       solution1 (Vivado IP Flow Target)
* Product family: virtexuplus58g
* Target device:  xcvu29p-fsga2577-2L-e


================================================================
== Performance Estimates
================================================================
+ Timing: 
    * Summary: 
    +--------+----------+----------+------------+
    |  Clock |  Target  | Estimated| Uncertainty|
    +--------+----------+----------+------------+
    |ap_clk  |  10.00 ns|  5.555 ns|     2.70 ns|
    +--------+----------+----------+------------+

+ Latency: 
    * Summary: 
    +---------+---------+-----------+----------+-----+-----+------------------------------------------------+
    |  Latency (cycles) |  Latency (absolute)  |  Interval |                    Pipeline                    |
    |   min   |   max   |    min    |    max   | min | max |                      Type                      |
    +---------+---------+-----------+----------+-----+-----+------------------------------------------------+
    |        4|       11|  40.000 ns|  0.110 us|    2|    9|  loop auto-rewind stp (delay=0 clock cycles(s))|
    +---------+---------+-----------+----------+-----+-----+------------------------------------------------+

    + Detail: 
        * Instance: 
        N/A

        * Loop: 
        +--------------------+---------+---------+----------+-----------+-----------+-------+----------+
        |                    |  Latency (cycles) | Iteration|  Initiation Interval  |  Trip |          |
        |      Loop Name     |   min   |   max   |  Latency |  achieved |   target  | Count | Pipelined|
        +--------------------+---------+---------+----------+-----------+-----------+-------+----------+
        |- VITIS_LOOP_175_2  |        2|        9|         3|          1|          1|  1 ~ 8|       yes|
        +--------------------+---------+---------+----------+-----------+-----------+-------+----------+

============================================================
+ Verbose Summary: Synthesis Manager
============================================================
InlineROM: 1
ExposeGlobal: 0
============================================================
+ Verbose Summary: CDFG Model
============================================================
IsTopModel: 0
ResetActiveHigh: 1
IsCombinational: 0
IsDatapathOnly: 0
HasWiredReturn: 1
HasMFsm: 2
HasVarLatency: 1
IsPipeline: 0
IsRtlPipelined: 0
IsInstanceOverlapped: 0
IsDontTouch: 0
HasImplIP: 0
IsGatedGlobalClock: 0

+ Individual pipeline summary: 
  * Pipeline-0: initiation interval (II) = 1, depth = 3


============================================================
+ Verbose Summary: Schedule
============================================================
* Number of FSM states : 3
* Pipeline : 1
  Pipeline-0 : II = 1, D = 3, States = { 1 2 3 }
* Dataflow Pipeline: 0

* FSM state transitions: 
1 --> 2 
2 --> 3 
3 --> 

* FSM state operations: 

State 1 <SV = 0> <Delay = 1.93>
ST_1 : Operation 6 [1/1] (0.00ns)   --->   "%v = alloca i32 1" [src/generic/fp_generic.cpp:167]   --->   Operation 6 'alloca' 'v' <Predicate = true> <Delay = 0.00>
ST_1 : Operation 7 [1/1] (0.00ns)   --->   "%j = alloca i32 1" [src/generic/fp_generic.cpp:166]   --->   Operation 7 'alloca' 'j' <Predicate = true> <Delay = 0.00>
ST_1 : Operation 8 [1/1] (0.00ns)   --->   "%i_read = read i3 @_ssdm_op_Read.ap_auto.i3, i3 %i"   --->   Operation 8 'read' 'i_read' <Predicate = true> <Delay = 0.00>
ST_1 : Operation 9 [1/1] (0.00ns)   --->   "%indvars_iv94_read = read i4 @_ssdm_op_Read.ap_auto.i4, i4 %indvars_iv94"   --->   Operation 9 'read' 'indvars_iv94_read' <Predicate = true> <Delay = 0.00>
ST_1 : Operation 10 [1/1] (0.00ns)   --->   "%zext_ln172_read = read i4 @_ssdm_op_Read.ap_auto.i4, i4 %zext_ln172"   --->   Operation 10 'read' 'zext_ln172_read' <Predicate = true> <Delay = 0.00>
ST_1 : Operation 11 [1/1] (0.00ns)   --->   "%v_080_read = read i64 @_ssdm_op_Read.ap_auto.i64, i64 %v_080"   --->   Operation 11 'read' 'v_080_read' <Predicate = true> <Delay = 0.00>
ST_1 : Operation 12 [1/1] (0.00ns)   --->   "%i_cast = zext i3 %i_read"   --->   Operation 12 'zext' 'i_cast' <Predicate = true> <Delay = 0.00>
ST_1 : Operation 13 [1/1] (0.00ns)   --->   "%zext_ln172_cast = zext i4 %zext_ln172_read"   --->   Operation 13 'zext' 'zext_ln172_cast' <Predicate = true> <Delay = 0.00>
ST_1 : Operation 14 [1/1] (0.38ns)   --->   "%store_ln166 = store i4 0, i4 %j" [src/generic/fp_generic.cpp:166]   --->   Operation 14 'store' 'store_ln166' <Predicate = true> <Delay = 0.38>
ST_1 : Operation 15 [1/1] (0.38ns)   --->   "%store_ln167 = store i64 %v_080_read, i64 %v" [src/generic/fp_generic.cpp:167]   --->   Operation 15 'store' 'store_ln167' <Predicate = true> <Delay = 0.38>
ST_1 : Operation 16 [1/1] (0.38ns)   --->   "%store_ln167 = store i64 %zext_ln172_cast, i64 %u_146_out" [src/generic/fp_generic.cpp:167]   --->   Operation 16 'store' 'store_ln167' <Predicate = true> <Delay = 0.38>
ST_1 : Operation 17 [1/1] (0.38ns)   --->   "%store_ln167 = store i4 0, i4 %t_out" [src/generic/fp_generic.cpp:167]   --->   Operation 17 'store' 'store_ln167' <Predicate = true> <Delay = 0.38>
ST_1 : Operation 18 [1/1] (0.00ns)   --->   "%br_ln0 = br void %for.inc"   --->   Operation 18 'br' 'br_ln0' <Predicate = true> <Delay = 0.00>
ST_1 : Operation 19 [1/1] (0.00ns)   --->   "%j_17 = load i4 %j" [src/generic/fp_generic.cpp:175]   --->   Operation 19 'load' 'j_17' <Predicate = true> <Delay = 0.00>
ST_1 : Operation 20 [1/1] (0.70ns)   --->   "%icmp_ln175 = icmp_eq  i4 %j_17, i4 %indvars_iv94_read" [src/generic/fp_generic.cpp:175]   --->   Operation 20 'icmp' 'icmp_ln175' <Predicate = true> <Delay = 0.70> <CoreInst = "Cmp">   --->   Core 9 'Cmp' <Latency = 0> <II = 1> <Delay = 0.70> <FuncUnit> <Opcode : 'seteq' 'setne' 'setle' 'setge' 'setlt' 'setgt'> <InPorts = 2> <OutPorts = 1>
ST_1 : Operation 21 [1/1] (0.70ns)   --->   "%add_ln175 = add i4 %j_17, i4 1" [src/generic/fp_generic.cpp:175]   --->   Operation 21 'add' 'add_ln175' <Predicate = true> <Delay = 0.70> <CoreInst = "Adder">   --->   Core 1 'Adder' <Latency = 0> <II = 1> <Delay = 0.70> <FuncUnit> <Opcode : 'add' 'sub'> <InPorts = 2> <OutPorts = 1>
ST_1 : Operation 22 [1/1] (0.00ns)   --->   "%br_ln175 = br i1 %icmp_ln175, void %for.inc.split, void %for.inc24.exitStub" [src/generic/fp_generic.cpp:175]   --->   Operation 22 'br' 'br_ln175' <Predicate = true> <Delay = 0.00>
ST_1 : Operation 23 [1/1] (0.00ns)   --->   "%zext_ln175 = zext i4 %j_17" [src/generic/fp_generic.cpp:175]   --->   Operation 23 'zext' 'zext_ln175' <Predicate = (!icmp_ln175)> <Delay = 0.00>
ST_1 : Operation 24 [1/1] (0.00ns)   --->   "%a_addr = getelementptr i64 %a, i64 0, i64 %zext_ln175" [src/generic/fp_generic.cpp:177]   --->   Operation 24 'getelementptr' 'a_addr' <Predicate = (!icmp_ln175)> <Delay = 0.00>
ST_1 : Operation 25 [2/2] (0.71ns)   --->   "%a_4 = load i3 %a_addr" [src/generic/fp_generic.cpp:177]   --->   Operation 25 'load' 'a_4' <Predicate = (!icmp_ln175)> <Delay = 0.71> <CoreInst = "RAM">   --->   Core 82 'RAM' <Latency = 1> <II = 1> <Delay = 0.71> <Storage> <Opcode : 'load' 'store'> <Ports = 2> <Width = 64> <Depth = 8> <RAM>
ST_1 : Operation 26 [1/1] (0.70ns)   --->   "%sub_ln177 = sub i4 %i_cast, i4 %j_17" [src/generic/fp_generic.cpp:177]   --->   Operation 26 'sub' 'sub_ln177' <Predicate = (!icmp_ln175)> <Delay = 0.70> <CoreInst = "Adder">   --->   Core 1 'Adder' <Latency = 0> <II = 1> <Delay = 0.70> <FuncUnit> <Opcode : 'add' 'sub'> <InPorts = 2> <OutPorts = 1>
ST_1 : Operation 27 [1/1] (0.00ns)   --->   "%trunc_ln177 = trunc i4 %sub_ln177" [src/generic/fp_generic.cpp:177]   --->   Operation 27 'trunc' 'trunc_ln177' <Predicate = (!icmp_ln175)> <Delay = 0.00>
ST_1 : Operation 28 [1/1] (0.00ns)   --->   "%bit_sel1 = bitselect i1 @_ssdm_op_BitSelect.i1.i4.i32, i4 %sub_ln177, i32 3" [src/generic/fp_generic.cpp:177]   --->   Operation 28 'bitselect' 'bit_sel1' <Predicate = (!icmp_ln175)> <Delay = 0.00>
ST_1 : Operation 29 [1/1] (0.12ns)   --->   "%xor_ln177 = xor i1 %bit_sel1, i1 1" [src/generic/fp_generic.cpp:177]   --->   Operation 29 'xor' 'xor_ln177' <Predicate = (!icmp_ln175)> <Delay = 0.12> <CoreInst = "LogicGate">   --->   Core 74 'LogicGate' <Latency = 0> <II = 1> <Delay = 0.12> <FuncUnit> <Opcode : 'and' 'or' 'xor'> <InPorts = 2> <OutPorts = 1>
ST_1 : Operation 30 [1/1] (0.00ns)   --->   "%part_sel = partselect i2 @_ssdm_op_PartSelect.i2.i4.i32.i32, i4 %sub_ln177, i32 1, i32 2" [src/generic/fp_generic.cpp:177]   --->   Operation 30 'partselect' 'part_sel' <Predicate = (!icmp_ln175)> <Delay = 0.00>
ST_1 : Operation 31 [1/1] (0.00ns)   --->   "%add_ln = bitconcatenate i3 @_ssdm_op_BitConcatenate.i3.i1.i2, i1 %xor_ln177, i2 %part_sel" [src/generic/fp_generic.cpp:177]   --->   Operation 31 'bitconcatenate' 'add_ln' <Predicate = (!icmp_ln175)> <Delay = 0.00>
ST_1 : Operation 32 [1/1] (0.00ns)   --->   "%zext_ln177 = zext i3 %add_ln" [src/generic/fp_generic.cpp:177]   --->   Operation 32 'zext' 'zext_ln177' <Predicate = (!icmp_ln175)> <Delay = 0.00>
ST_1 : Operation 33 [1/1] (0.00ns)   --->   "%b_0_addr = getelementptr i64 %b_0, i64 0, i64 %zext_ln177" [src/generic/fp_generic.cpp:177]   --->   Operation 33 'getelementptr' 'b_0_addr' <Predicate = (!icmp_ln175)> <Delay = 0.00>
ST_1 : Operation 34 [1/1] (0.00ns)   --->   "%b_1_addr = getelementptr i64 %b_1, i64 0, i64 %zext_ln177" [src/generic/fp_generic.cpp:177]   --->   Operation 34 'getelementptr' 'b_1_addr' <Predicate = (!icmp_ln175)> <Delay = 0.00>
ST_1 : Operation 35 [2/2] (0.71ns)   --->   "%b_0_load = load i3 %b_0_addr" [src/generic/fp_generic.cpp:177]   --->   Operation 35 'load' 'b_0_load' <Predicate = (!icmp_ln175)> <Delay = 0.71> <CoreInst = "RAM">   --->   Core 82 'RAM' <Latency = 1> <II = 1> <Delay = 0.71> <Storage> <Opcode : 'load' 'store'> <Ports = 2> <Width = 64> <Depth = 8> <RAM>
ST_1 : Operation 36 [2/2] (0.71ns)   --->   "%b_1_load = load i3 %b_1_addr" [src/generic/fp_generic.cpp:177]   --->   Operation 36 'load' 'b_1_load' <Predicate = (!icmp_ln175)> <Delay = 0.71> <CoreInst = "RAM">   --->   Core 82 'RAM' <Latency = 1> <II = 1> <Delay = 0.71> <Storage> <Opcode : 'load' 'store'> <Ports = 2> <Width = 64> <Depth = 8> <RAM>
ST_1 : Operation 37 [1/1] (0.38ns)   --->   "%store_ln166 = store i4 %add_ln175, i4 %j" [src/generic/fp_generic.cpp:166]   --->   Operation 37 'store' 'store_ln166' <Predicate = (!icmp_ln175)> <Delay = 0.38>

State 2 <SV = 1> <Delay = 5.55>
ST_2 : Operation 38 [1/2] ( I:0.71ns O:0.71ns )   --->   "%a_4 = load i3 %a_addr" [src/generic/fp_generic.cpp:177]   --->   Operation 38 'load' 'a_4' <Predicate = true> <Delay = 0.71> <CoreInst = "RAM">   --->   Core 82 'RAM' <Latency = 1> <II = 1> <Delay = 0.71> <Storage> <Opcode : 'load' 'store'> <Ports = 2> <Width = 64> <Depth = 8> <RAM>
ST_2 : Operation 39 [1/2] ( I:0.71ns O:0.71ns )   --->   "%b_0_load = load i3 %b_0_addr" [src/generic/fp_generic.cpp:177]   --->   Operation 39 'load' 'b_0_load' <Predicate = true> <Delay = 0.71> <CoreInst = "RAM">   --->   Core 82 'RAM' <Latency = 1> <II = 1> <Delay = 0.71> <Storage> <Opcode : 'load' 'store'> <Ports = 2> <Width = 64> <Depth = 8> <RAM>
ST_2 : Operation 40 [1/2] ( I:0.71ns O:0.71ns )   --->   "%b_1_load = load i3 %b_1_addr" [src/generic/fp_generic.cpp:177]   --->   Operation 40 'load' 'b_1_load' <Predicate = true> <Delay = 0.71> <CoreInst = "RAM">   --->   Core 82 'RAM' <Latency = 1> <II = 1> <Delay = 0.71> <Storage> <Opcode : 'load' 'store'> <Ports = 2> <Width = 64> <Depth = 8> <RAM>
ST_2 : Operation 41 [1/1] (0.41ns)   --->   "%b = select i1 %trunc_ln177, i64 %b_1_load, i64 %b_0_load" [src/generic/fp_generic.cpp:177]   --->   Operation 41 'select' 'b' <Predicate = true> <Delay = 0.41> <CoreInst = "Sel">   --->   Core 73 'Sel' <Latency = 0> <II = 1> <Delay = 0.41> <FuncUnit> <Opcode : 'select'> <InPorts = 3> <OutPorts = 1>
ST_2 : Operation 42 [1/1] (0.00ns)   --->   "%zext_ln150 = zext i64 %a_4" [src/generic/fp_generic.cpp:150->src/generic/fp_generic.cpp:177]   --->   Operation 42 'zext' 'zext_ln150' <Predicate = true> <Delay = 0.00>
ST_2 : Operation 43 [1/1] (0.00ns)   --->   "%zext_ln150_21 = zext i64 %b" [src/generic/fp_generic.cpp:150->src/generic/fp_generic.cpp:177]   --->   Operation 43 'zext' 'zext_ln150_21' <Predicate = true> <Delay = 0.00>
ST_2 : Operation 44 [1/1] (4.43ns)   --->   "%tmp = mul i128 %zext_ln150_21, i128 %zext_ln150" [src/generic/fp_generic.cpp:150->src/generic/fp_generic.cpp:177]   --->   Operation 44 'mul' 'tmp' <Predicate = true> <Delay = 4.43> <CoreInst = "Multiplier">   --->   Core 3 'Multiplier' <Latency = 0> <II = 1> <Delay = 4.43> <FuncUnit> <Opcode : 'mul'> <InPorts = 2> <OutPorts = 1>
ST_2 : Operation 45 [1/1] (0.00ns)   --->   "%lo = trunc i128 %tmp" [src/generic/fp_generic.cpp:178]   --->   Operation 45 'trunc' 'lo' <Predicate = true> <Delay = 0.00>
ST_2 : Operation 46 [1/1] (0.00ns)   --->   "%hi = partselect i64 @_ssdm_op_PartSelect.i64.i128.i32, i128 %tmp, i32 64" [src/generic/fp_generic.cpp:179]   --->   Operation 46 'partselect' 'hi' <Predicate = true> <Delay = 0.00>
ST_2 : Operation 79 [1/1] (0.00ns)   --->   "%v_load = load i64 %v"   --->   Operation 79 'load' 'v_load' <Predicate = (icmp_ln175)> <Delay = 0.00>
ST_2 : Operation 80 [1/1] (0.00ns)   --->   "%write_ln0 = write void @_ssdm_op_Write.ap_auto.i64P0A, i64 %v_152_out, i64 %v_load"   --->   Operation 80 'write' 'write_ln0' <Predicate = (icmp_ln175)> <Delay = 0.00>
ST_2 : Operation 81 [1/1] (0.38ns)   --->   "%ret_ln0 = ret"   --->   Operation 81 'ret' 'ret_ln0' <Predicate = (icmp_ln175)> <Delay = 0.38>

State 3 <SV = 2> <Delay = 4.82>
ST_3 : Operation 47 [1/1] (0.00ns)   --->   "%t_out_load = load i4 %t_out" [src/generic/fp_generic.cpp:183]   --->   Operation 47 'load' 't_out_load' <Predicate = true> <Delay = 0.00>
ST_3 : Operation 48 [1/1] (0.00ns)   --->   "%u_146_out_load = load i64 %u_146_out" [src/generic/fp_generic.cpp:182]   --->   Operation 48 'load' 'u_146_out_load' <Predicate = true> <Delay = 0.00>
ST_3 : Operation 49 [1/1] (0.00ns)   --->   "%v_load_13 = load i64 %v" [src/generic/fp_generic.cpp:181]   --->   Operation 49 'load' 'v_load_13' <Predicate = true> <Delay = 0.00>
ST_3 : Operation 50 [1/1] (0.00ns)   --->   "%specpipeline_ln166 = specpipeline void @_ssdm_op_SpecPipeline, i32 4294967295, i32 0, i32 0, i32 0, void @empty_73" [src/generic/fp_generic.cpp:166]   --->   Operation 50 'specpipeline' 'specpipeline_ln166' <Predicate = true> <Delay = 0.00>
ST_3 : Operation 51 [1/1] (0.00ns)   --->   "%speclooptripcount_ln166 = speclooptripcount void @_ssdm_op_SpecLoopTripCount, i64 1, i64 8, i64 4" [src/generic/fp_generic.cpp:166]   --->   Operation 51 'speclooptripcount' 'speclooptripcount_ln166' <Predicate = true> <Delay = 0.00>
ST_3 : Operation 52 [1/1] (0.00ns)   --->   "%specloopname_ln175 = specloopname void @_ssdm_op_SpecLoopName, void @empty_34" [src/generic/fp_generic.cpp:175]   --->   Operation 52 'specloopname' 'specloopname_ln175' <Predicate = true> <Delay = 0.00>
ST_3 : Operation 53 [1/1] (1.14ns)   --->   "%v_127 = add i64 %lo, i64 %v_load_13" [src/generic/fp_generic.cpp:181]   --->   Operation 53 'add' 'v_127' <Predicate = true> <Delay = 1.14> <CoreInst = "Adder">   --->   Core 1 'Adder' <Latency = 0> <II = 1> <Delay = 1.14> <FuncUnit> <Opcode : 'add' 'sub'> <InPorts = 2> <OutPorts = 1>
ST_3 : Operation 54 [1/1] (0.00ns) (grouped into LUT with out node tempReg)   --->   "%xor_ln105 = xor i64 %v_127, i64 %lo" [src/config.h:105->src/generic/fp_generic.cpp:181]   --->   Operation 54 'xor' 'xor_ln105' <Predicate = true> <Delay = 0.00> <CoreInst = "LogicGate">   --->   Core 74 'LogicGate' <Latency = 0> <II = 1> <Delay = 0.28> <FuncUnit> <Opcode : 'and' 'or' 'xor'> <InPorts = 2> <OutPorts = 1>
ST_3 : Operation 55 [1/1] (0.00ns) (grouped into LUT with out node tempReg)   --->   "%xor_ln105_46 = xor i64 %lo, i64 %v_load_13" [src/config.h:105->src/generic/fp_generic.cpp:181]   --->   Operation 55 'xor' 'xor_ln105_46' <Predicate = true> <Delay = 0.00> <CoreInst = "LogicGate">   --->   Core 74 'LogicGate' <Latency = 0> <II = 1> <Delay = 0.28> <FuncUnit> <Opcode : 'and' 'or' 'xor'> <InPorts = 2> <OutPorts = 1>
ST_3 : Operation 56 [1/1] (0.00ns) (grouped into LUT with out node tempReg)   --->   "%or_ln105 = or i64 %xor_ln105, i64 %xor_ln105_46" [src/config.h:105->src/generic/fp_generic.cpp:181]   --->   Operation 56 'or' 'or_ln105' <Predicate = true> <Delay = 0.00> <CoreInst = "LogicGate">   --->   Core 74 'LogicGate' <Latency = 0> <II = 1> <Delay = 0.28> <FuncUnit> <Opcode : 'and' 'or' 'xor'> <InPorts = 2> <OutPorts = 1>
ST_3 : Operation 57 [1/1] (0.00ns) (grouped into LUT with out node tempReg)   --->   "%xor_ln105_47 = xor i64 %or_ln105, i64 %v_127" [src/config.h:105->src/generic/fp_generic.cpp:181]   --->   Operation 57 'xor' 'xor_ln105_47' <Predicate = true> <Delay = 0.00> <CoreInst = "LogicGate">   --->   Core 74 'LogicGate' <Latency = 0> <II = 1> <Delay = 0.28> <FuncUnit> <Opcode : 'and' 'or' 'xor'> <InPorts = 2> <OutPorts = 1>
ST_3 : Operation 58 [1/1] (0.00ns) (grouped into LUT with out node tempReg)   --->   "%carry = bitselect i1 @_ssdm_op_BitSelect.i1.i64.i32, i64 %xor_ln105_47, i32 63" [src/config.h:105->src/generic/fp_generic.cpp:181]   --->   Operation 58 'bitselect' 'carry' <Predicate = true> <Delay = 0.00>
ST_3 : Operation 59 [1/1] (0.00ns) (grouped into LUT with out node tempReg)   --->   "%zext_ln105 = zext i1 %carry" [src/config.h:105->src/generic/fp_generic.cpp:181]   --->   Operation 59 'zext' 'zext_ln105' <Predicate = true> <Delay = 0.00>
ST_3 : Operation 60 [1/1] (1.14ns) (out node of the LUT)   --->   "%tempReg = add i64 %hi, i64 %zext_ln105" [src/generic/fp_generic.cpp:182]   --->   Operation 60 'add' 'tempReg' <Predicate = true> <Delay = 1.14> <CoreInst = "Adder">   --->   Core 1 'Adder' <Latency = 0> <II = 1> <Delay = 1.14> <FuncUnit> <Opcode : 'add' 'sub'> <InPorts = 2> <OutPorts = 1>
ST_3 : Operation 61 [1/1] (1.14ns)   --->   "%v_128 = add i64 %tempReg, i64 %u_146_out_load" [src/generic/fp_generic.cpp:182]   --->   Operation 61 'add' 'v_128' <Predicate = true> <Delay = 1.14> <CoreInst = "Adder">   --->   Core 1 'Adder' <Latency = 0> <II = 1> <Delay = 1.14> <FuncUnit> <Opcode : 'add' 'sub'> <InPorts = 2> <OutPorts = 1>
ST_3 : Operation 62 [1/1] (0.00ns) (grouped into LUT with out node xor_ln182_6)   --->   "%xor_ln182 = xor i64 %v_128, i64 %tempReg" [src/generic/fp_generic.cpp:182]   --->   Operation 62 'xor' 'xor_ln182' <Predicate = true> <Delay = 0.00> <CoreInst = "LogicGate">   --->   Core 74 'LogicGate' <Latency = 0> <II = 1> <Delay = 0.28> <FuncUnit> <Opcode : 'and' 'or' 'xor'> <InPorts = 2> <OutPorts = 1>
ST_3 : Operation 63 [1/1] (0.00ns) (grouped into LUT with out node xor_ln182_6)   --->   "%xor_ln182_4 = xor i64 %tempReg, i64 %u_146_out_load" [src/generic/fp_generic.cpp:182]   --->   Operation 63 'xor' 'xor_ln182_4' <Predicate = true> <Delay = 0.00> <CoreInst = "LogicGate">   --->   Core 74 'LogicGate' <Latency = 0> <II = 1> <Delay = 0.28> <FuncUnit> <Opcode : 'and' 'or' 'xor'> <InPorts = 2> <OutPorts = 1>
ST_3 : Operation 64 [1/1] (0.00ns) (grouped into LUT with out node xor_ln182_6)   --->   "%or_ln182 = or i64 %xor_ln182, i64 %xor_ln182_4" [src/generic/fp_generic.cpp:182]   --->   Operation 64 'or' 'or_ln182' <Predicate = true> <Delay = 0.00> <CoreInst = "LogicGate">   --->   Core 74 'LogicGate' <Latency = 0> <II = 1> <Delay = 0.28> <FuncUnit> <Opcode : 'and' 'or' 'xor'> <InPorts = 2> <OutPorts = 1>
ST_3 : Operation 65 [1/1] (0.00ns) (grouped into LUT with out node u)   --->   "%bit_sel = bitselect i1 @_ssdm_op_BitSelect.i1.i64.i64, i64 %tempReg, i64 63" [src/generic/fp_generic.cpp:182]   --->   Operation 65 'bitselect' 'bit_sel' <Predicate = true> <Delay = 0.00>
ST_3 : Operation 66 [1/1] (0.00ns) (grouped into LUT with out node u)   --->   "%xor_ln182_5 = xor i1 %bit_sel, i1 1" [src/generic/fp_generic.cpp:182]   --->   Operation 66 'xor' 'xor_ln182_5' <Predicate = true> <Delay = 0.00> <CoreInst = "LogicGate">   --->   Core 74 'LogicGate' <Latency = 0> <II = 1> <Delay = 0.12> <FuncUnit> <Opcode : 'and' 'or' 'xor'> <InPorts = 2> <OutPorts = 1>
ST_3 : Operation 67 [1/1] (0.00ns) (grouped into LUT with out node u)   --->   "%trunc_ln182 = trunc i64 %tempReg" [src/generic/fp_generic.cpp:182]   --->   Operation 67 'trunc' 'trunc_ln182' <Predicate = true> <Delay = 0.00>
ST_3 : Operation 68 [1/1] (0.00ns) (grouped into LUT with out node u)   --->   "%xor_ln182_s = bitconcatenate i64 @_ssdm_op_BitConcatenate.i64.i1.i63, i1 %xor_ln182_5, i63 %trunc_ln182" [src/generic/fp_generic.cpp:182]   --->   Operation 68 'bitconcatenate' 'xor_ln182_s' <Predicate = true> <Delay = 0.00>
ST_3 : Operation 69 [1/1] (0.00ns) (grouped into LUT with out node u)   --->   "%and_ln182 = and i64 %xor_ln182_s, i64 %hi" [src/generic/fp_generic.cpp:182]   --->   Operation 69 'and' 'and_ln182' <Predicate = true> <Delay = 0.00> <CoreInst = "LogicGate">   --->   Core 74 'LogicGate' <Latency = 0> <II = 1> <Delay = 0.28> <FuncUnit> <Opcode : 'and' 'or' 'xor'> <InPorts = 2> <OutPorts = 1>
ST_3 : Operation 70 [1/1] (0.28ns) (out node of the LUT)   --->   "%xor_ln182_6 = xor i64 %or_ln182, i64 %v_128" [src/generic/fp_generic.cpp:182]   --->   Operation 70 'xor' 'xor_ln182_6' <Predicate = true> <Delay = 0.28> <CoreInst = "LogicGate">   --->   Core 74 'LogicGate' <Latency = 0> <II = 1> <Delay = 0.28> <FuncUnit> <Opcode : 'and' 'or' 'xor'> <InPorts = 2> <OutPorts = 1>
ST_3 : Operation 71 [1/1] (0.00ns) (grouped into LUT with out node u)   --->   "%or_ln182_2 = or i64 %xor_ln182_6, i64 %and_ln182" [src/generic/fp_generic.cpp:182]   --->   Operation 71 'or' 'or_ln182_2' <Predicate = true> <Delay = 0.00> <CoreInst = "LogicGate">   --->   Core 74 'LogicGate' <Latency = 0> <II = 1> <Delay = 0.28> <FuncUnit> <Opcode : 'and' 'or' 'xor'> <InPorts = 2> <OutPorts = 1>
ST_3 : Operation 72 [1/1] (0.00ns) (grouped into LUT with out node u)   --->   "%tmp_102 = bitselect i1 @_ssdm_op_BitSelect.i1.i64.i32, i64 %or_ln182_2, i32 63" [src/generic/fp_generic.cpp:183]   --->   Operation 72 'bitselect' 'tmp_102' <Predicate = true> <Delay = 0.00>
ST_3 : Operation 73 [1/1] (0.00ns) (grouped into LUT with out node u)   --->   "%zext_ln183 = zext i1 %tmp_102" [src/generic/fp_generic.cpp:183]   --->   Operation 73 'zext' 'zext_ln183' <Predicate = true> <Delay = 0.00>
ST_3 : Operation 74 [1/1] (0.70ns) (out node of the LUT)   --->   "%u = add i4 %zext_ln183, i4 %t_out_load" [src/generic/fp_generic.cpp:183]   --->   Operation 74 'add' 'u' <Predicate = true> <Delay = 0.70> <CoreInst = "Adder">   --->   Core 1 'Adder' <Latency = 0> <II = 1> <Delay = 0.70> <FuncUnit> <Opcode : 'add' 'sub'> <InPorts = 2> <OutPorts = 1>
ST_3 : Operation 75 [1/1] (0.38ns)   --->   "%store_ln167 = store i64 %v_127, i64 %v" [src/generic/fp_generic.cpp:167]   --->   Operation 75 'store' 'store_ln167' <Predicate = true> <Delay = 0.38>
ST_3 : Operation 76 [1/1] (0.38ns)   --->   "%store_ln167 = store i64 %v_128, i64 %u_146_out" [src/generic/fp_generic.cpp:167]   --->   Operation 76 'store' 'store_ln167' <Predicate = true> <Delay = 0.38>
ST_3 : Operation 77 [1/1] (0.38ns)   --->   "%store_ln167 = store i4 %u, i4 %t_out" [src/generic/fp_generic.cpp:167]   --->   Operation 77 'store' 'store_ln167' <Predicate = true> <Delay = 0.38>
ST_3 : Operation 78 [1/1] (0.00ns)   --->   "%br_ln175 = br void %for.inc" [src/generic/fp_generic.cpp:175]   --->   Operation 78 'br' 'br_ln175' <Predicate = true> <Delay = 0.00>


============================================================
+ Verbose Summary: Timing violations
============================================================
Target clock period: 10.000ns, clock uncertainty: 2.700ns.

 <State 1>: 1.931ns
The critical path consists of the following:
	'store' operation 0 bit ('store_ln166', src/generic/fp_generic.cpp:166) of constant 0 on local variable 'j', src/generic/fp_generic.cpp:166 [19]  (0.387 ns)
	'load' operation 4 bit ('j', src/generic/fp_generic.cpp:175) on local variable 'j', src/generic/fp_generic.cpp:166 [25]  (0.000 ns)
	'sub' operation 4 bit ('sub_ln177', src/generic/fp_generic.cpp:177) [39]  (0.708 ns)
	'xor' operation 1 bit ('xor_ln177', src/generic/fp_generic.cpp:177) [42]  (0.122 ns)
	'getelementptr' operation 3 bit ('b_0_addr', src/generic/fp_generic.cpp:177) [46]  (0.000 ns)
	'load' operation 64 bit ('b_0_load', src/generic/fp_generic.cpp:177) on array 'b_0' [48]  (0.714 ns)

 <State 2>: 5.555ns
The critical path consists of the following:
	'load' operation 64 bit ('b_0_load', src/generic/fp_generic.cpp:177) on array 'b_0' [48]  (0.714 ns)
	'select' operation 64 bit ('b', src/generic/fp_generic.cpp:177) [50]  (0.411 ns)
	'mul' operation 128 bit ('tmp', src/generic/fp_generic.cpp:150->src/generic/fp_generic.cpp:177) [53]  (4.430 ns)

 <State 3>: 4.825ns
The critical path consists of the following:
	'load' operation 64 bit ('v_load_13', src/generic/fp_generic.cpp:181) on local variable 'v', src/generic/fp_generic.cpp:167 [32]  (0.000 ns)
	'add' operation 64 bit ('x', src/generic/fp_generic.cpp:181) [56]  (1.147 ns)
	'xor' operation 64 bit ('xor_ln105_47', src/config.h:105->src/generic/fp_generic.cpp:181) [60]  (0.000 ns)
	'add' operation 64 bit ('tempReg', src/generic/fp_generic.cpp:182) [63]  (1.147 ns)
	'add' operation 64 bit ('v', src/generic/fp_generic.cpp:182) [64]  (1.147 ns)
	'xor' operation 64 bit ('xor_ln182_6', src/generic/fp_generic.cpp:182) [73]  (0.289 ns)
	'or' operation 64 bit ('or_ln182_2', src/generic/fp_generic.cpp:182) [74]  (0.000 ns)
	'add' operation 4 bit ('u', src/generic/fp_generic.cpp:183) [77]  (0.708 ns)
	'store' operation 0 bit ('store_ln167', src/generic/fp_generic.cpp:167) of variable 'u', src/generic/fp_generic.cpp:183 on local variable 't_out' [81]  (0.387 ns)


============================================================
+ Verbose Summary: Binding
============================================================
N/A
* FSMD analyzer results:
  - Output states:
 - Input state : 
  - Chain level:
	State 1
	State 2
	State 3


============================================================
+ Verbose Summary: Datapath Resource usage 
============================================================
N/A
