

================================================================
== Vitis HLS Report for 'mp_mul_10_Pipeline_VITIS_LOOP_245_2'
================================================================
* Date:           Wed Jul 30 15:22:45 2025

* Version:        2024.2.2 (Build 6049644 on Mar  5 2025)
* Project:        sikep503_hls
* Solution:       solution1 (Vivado IP Flow Target)
* Product family: virtexuplus58g
* Target device:  xcvu29p-fsga2577-2L-e


================================================================
== Performance Estimates
================================================================
+ Timing: 
    * Summary: 
    +--------+----------+----------+------------+
    |  Clock |  Target  | Estimated| Uncertainty|
    +--------+----------+----------+------------+
    |ap_clk  |  10.00 ns|  6.710 ns|     2.70 ns|
    +--------+----------+----------+------------+

+ Latency: 
    * Summary: 
    +---------+---------+-----------+----------+-----+-----+------------------------------------------------+
    |  Latency (cycles) |  Latency (absolute)  |  Interval |                    Pipeline                    |
    |   min   |   max   |    min    |    max   | min | max |                      Type                      |
    +---------+---------+-----------+----------+-----+-----+------------------------------------------------+
    |        5|       12|  50.000 ns|  0.120 us|    2|    9|  loop auto-rewind stp (delay=0 clock cycles(s))|
    +---------+---------+-----------+----------+-----+-----+------------------------------------------------+

    + Detail: 
        * Instance: 
        N/A

        * Loop: 
        +--------------------+---------+---------+----------+-----------+-----------+-------+----------+
        |                    |  Latency (cycles) | Iteration|  Initiation Interval  |  Trip |          |
        |      Loop Name     |   min   |   max   |  Latency |  achieved |   target  | Count | Pipelined|
        +--------------------+---------+---------+----------+-----------+-----------+-------+----------+
        |- VITIS_LOOP_245_2  |        3|       10|         4|          1|          1|  1 ~ 8|       yes|
        +--------------------+---------+---------+----------+-----------+-----------+-------+----------+

============================================================
+ Verbose Summary: Synthesis Manager
============================================================
InlineROM: 1
ExposeGlobal: 0
============================================================
+ Verbose Summary: CDFG Model
============================================================
IsTopModel: 0
ResetActiveHigh: 1
IsCombinational: 0
IsDatapathOnly: 0
HasWiredReturn: 1
HasMFsm: 2
HasVarLatency: 1
IsPipeline: 0
IsRtlPipelined: 0
IsInstanceOverlapped: 0
IsDontTouch: 0
HasImplIP: 0
IsGatedGlobalClock: 0

+ Individual pipeline summary: 
  * Pipeline-0: initiation interval (II) = 1, depth = 4


============================================================
+ Verbose Summary: Schedule
============================================================
* Number of FSM states : 4
* Pipeline : 1
  Pipeline-0 : II = 1, D = 4, States = { 1 2 3 4 }
* Dataflow Pipeline: 0

* FSM state transitions: 
1 --> 2 
2 --> 3 
3 --> 4 
4 --> 

* FSM state operations: 

State 1 <SV = 0> <Delay = 1.59>
ST_1 : Operation 7 [1/1] (0.00ns)   --->   "%v_114 = alloca i32 1" [src/generic/fp_generic.cpp:239]   --->   Operation 7 'alloca' 'v_114' <Predicate = true> <Delay = 0.00>
ST_1 : Operation 8 [1/1] (0.00ns)   --->   "%j = alloca i32 1" [src/generic/fp_generic.cpp:238]   --->   Operation 8 'alloca' 'j' <Predicate = true> <Delay = 0.00>
ST_1 : Operation 9 [1/1] (0.00ns)   --->   "%tmp_340 = read i3 @_ssdm_op_Read.ap_auto.i3, i3 %empty"   --->   Operation 9 'read' 'tmp_340' <Predicate = true> <Delay = 0.00>
ST_1 : Operation 10 [1/1] (0.00ns)   --->   "%a_read_154 = read i64 @_ssdm_op_Read.ap_auto.i64, i64 %a_read_70"   --->   Operation 10 'read' 'a_read_154' <Predicate = true> <Delay = 0.00>
ST_1 : Operation 11 [1/1] (0.00ns)   --->   "%a_read_155 = read i64 @_ssdm_op_Read.ap_auto.i64, i64 %a_read_69"   --->   Operation 11 'read' 'a_read_155' <Predicate = true> <Delay = 0.00>
ST_1 : Operation 12 [1/1] (0.00ns)   --->   "%a_read_156 = read i64 @_ssdm_op_Read.ap_auto.i64, i64 %a_read_68"   --->   Operation 12 'read' 'a_read_156' <Predicate = true> <Delay = 0.00>
ST_1 : Operation 13 [1/1] (0.00ns)   --->   "%a_read_157 = read i64 @_ssdm_op_Read.ap_auto.i64, i64 %a_read_67"   --->   Operation 13 'read' 'a_read_157' <Predicate = true> <Delay = 0.00>
ST_1 : Operation 14 [1/1] (0.00ns)   --->   "%a_read_158 = read i64 @_ssdm_op_Read.ap_auto.i64, i64 %a_read_66"   --->   Operation 14 'read' 'a_read_158' <Predicate = true> <Delay = 0.00>
ST_1 : Operation 15 [1/1] (0.00ns)   --->   "%a_read_159 = read i64 @_ssdm_op_Read.ap_auto.i64, i64 %a_read_65"   --->   Operation 15 'read' 'a_read_159' <Predicate = true> <Delay = 0.00>
ST_1 : Operation 16 [1/1] (0.00ns)   --->   "%a_read_160 = read i64 @_ssdm_op_Read.ap_auto.i64, i64 %a_read_64"   --->   Operation 16 'read' 'a_read_160' <Predicate = true> <Delay = 0.00>
ST_1 : Operation 17 [1/1] (0.00ns)   --->   "%a_read_161 = read i64 @_ssdm_op_Read.ap_auto.i64, i64 %a_read"   --->   Operation 17 'read' 'a_read_161' <Predicate = true> <Delay = 0.00>
ST_1 : Operation 18 [1/1] (0.00ns)   --->   "%indvars_iv31_read = read i4 @_ssdm_op_Read.ap_auto.i4, i4 %indvars_iv31"   --->   Operation 18 'read' 'indvars_iv31_read' <Predicate = true> <Delay = 0.00>
ST_1 : Operation 19 [1/1] (0.00ns)   --->   "%zext_ln243_read = read i4 @_ssdm_op_Read.ap_auto.i4, i4 %zext_ln243"   --->   Operation 19 'read' 'zext_ln243_read' <Predicate = true> <Delay = 0.00>
ST_1 : Operation 20 [1/1] (0.00ns)   --->   "%v_017_read = read i64 @_ssdm_op_Read.ap_auto.i64, i64 %v_017"   --->   Operation 20 'read' 'v_017_read' <Predicate = true> <Delay = 0.00>
ST_1 : Operation 21 [1/1] (0.00ns)   --->   "%zext_ln243_cast = zext i4 %zext_ln243_read"   --->   Operation 21 'zext' 'zext_ln243_cast' <Predicate = true> <Delay = 0.00>
ST_1 : Operation 22 [1/1] (0.38ns)   --->   "%store_ln238 = store i4 0, i4 %j" [src/generic/fp_generic.cpp:238]   --->   Operation 22 'store' 'store_ln238' <Predicate = true> <Delay = 0.38>
ST_1 : Operation 23 [1/1] (0.38ns)   --->   "%store_ln239 = store i64 %v_017_read, i64 %v_114" [src/generic/fp_generic.cpp:239]   --->   Operation 23 'store' 'store_ln239' <Predicate = true> <Delay = 0.38>
ST_1 : Operation 24 [1/1] (0.38ns)   --->   "%store_ln239 = store i64 %zext_ln243_cast, i64 %u_100_out" [src/generic/fp_generic.cpp:239]   --->   Operation 24 'store' 'store_ln239' <Predicate = true> <Delay = 0.38>
ST_1 : Operation 25 [1/1] (0.38ns)   --->   "%store_ln239 = store i4 0, i4 %t_out" [src/generic/fp_generic.cpp:239]   --->   Operation 25 'store' 'store_ln239' <Predicate = true> <Delay = 0.38>
ST_1 : Operation 26 [1/1] (0.00ns)   --->   "%br_ln0 = br void %for.inc"   --->   Operation 26 'br' 'br_ln0' <Predicate = true> <Delay = 0.00>
ST_1 : Operation 27 [1/1] (0.00ns)   --->   "%j_69 = load i4 %j" [src/generic/fp_generic.cpp:245]   --->   Operation 27 'load' 'j_69' <Predicate = true> <Delay = 0.00>
ST_1 : Operation 28 [1/1] (0.70ns)   --->   "%icmp_ln245 = icmp_eq  i4 %j_69, i4 %indvars_iv31_read" [src/generic/fp_generic.cpp:245]   --->   Operation 28 'icmp' 'icmp_ln245' <Predicate = true> <Delay = 0.70> <CoreInst = "Cmp">   --->   Core 9 'Cmp' <Latency = 0> <II = 1> <Delay = 0.70> <FuncUnit> <Opcode : 'seteq' 'setne' 'setle' 'setge' 'setlt' 'setgt'> <InPorts = 2> <OutPorts = 1>
ST_1 : Operation 29 [1/1] (0.70ns)   --->   "%add_ln245 = add i4 %j_69, i4 1" [src/generic/fp_generic.cpp:245]   --->   Operation 29 'add' 'add_ln245' <Predicate = true> <Delay = 0.70> <CoreInst = "Adder">   --->   Core 1 'Adder' <Latency = 0> <II = 1> <Delay = 0.70> <FuncUnit> <Opcode : 'add' 'sub'> <InPorts = 2> <OutPorts = 1>
ST_1 : Operation 30 [1/1] (0.00ns)   --->   "%br_ln245 = br i1 %icmp_ln245, void %for.inc.split, void %for.inc22.exitStub" [src/generic/fp_generic.cpp:245]   --->   Operation 30 'br' 'br_ln245' <Predicate = true> <Delay = 0.00>
ST_1 : Operation 31 [1/1] (0.00ns)   --->   "%trunc_ln245 = trunc i4 %j_69" [src/generic/fp_generic.cpp:245]   --->   Operation 31 'trunc' 'trunc_ln245' <Predicate = (!icmp_ln245)> <Delay = 0.00>
ST_1 : Operation 32 [1/1] (0.58ns)   --->   "%tmp = sparsemux i64 @_ssdm_op_SparseMux.ap_auto.8i64.i64.i3, i3 0, i64 %a_read_161, i3 1, i64 %a_read_160, i3 2, i64 %a_read_159, i3 3, i64 %a_read_158, i3 4, i64 %a_read_157, i3 5, i64 %a_read_156, i3 6, i64 %a_read_155, i3 7, i64 %a_read_154, i64 0, i3 %trunc_ln245" [src/generic/fp_generic.cpp:246]   --->   Operation 32 'sparsemux' 'tmp' <Predicate = (!icmp_ln245)> <Delay = 0.58> <CoreInst = "BinarySparseMux_DontCare">   --->   Core 159 'BinarySparseMux_DontCare' <Latency = 0> <II = 1> <Delay = 0.58> <FuncUnit> <Opcode : 'sparsemux'> <InPorts = 2> <OutPorts = 1>
ST_1 : Operation 33 [1/1] (0.57ns)   --->   "%sub_ln246 = sub i3 %tmp_340, i3 %trunc_ln245" [src/generic/fp_generic.cpp:246]   --->   Operation 33 'sub' 'sub_ln246' <Predicate = (!icmp_ln245)> <Delay = 0.57> <CoreInst = "Adder">   --->   Core 1 'Adder' <Latency = 0> <II = 1> <Delay = 0.57> <FuncUnit> <Opcode : 'add' 'sub'> <InPorts = 2> <OutPorts = 1>
ST_1 : Operation 34 [1/1] (0.00ns)   --->   "%zext_ln246 = zext i3 %sub_ln246" [src/generic/fp_generic.cpp:246]   --->   Operation 34 'zext' 'zext_ln246' <Predicate = (!icmp_ln245)> <Delay = 0.00>
ST_1 : Operation 35 [1/1] (0.00ns)   --->   "%one_addr = getelementptr i1 %one, i64 0, i64 %zext_ln246" [src/generic/fp_generic.cpp:246]   --->   Operation 35 'getelementptr' 'one_addr' <Predicate = (!icmp_ln245)> <Delay = 0.00>
ST_1 : Operation 36 [2/2] (0.63ns)   --->   "%one_load = load i3 %one_addr" [src/generic/fp_generic.cpp:246]   --->   Operation 36 'load' 'one_load' <Predicate = (!icmp_ln245)> <Delay = 0.63> <CoreInst = "ROM">   --->   Core 100 'ROM' <Latency = 1> <II = 1> <Delay = 0.63> <Storage> <Opcode : 'load'> <Ports = 0> <Width = 1> <Depth = 8> <ROM>
ST_1 : Operation 37 [1/1] (0.38ns)   --->   "%store_ln238 = store i4 %add_ln245, i4 %j" [src/generic/fp_generic.cpp:238]   --->   Operation 37 'store' 'store_ln238' <Predicate = (!icmp_ln245)> <Delay = 0.38>

State 2 <SV = 1> <Delay = 0.63>
ST_2 : Operation 38 [1/2] ( I:0.63ns O:0.63ns )   --->   "%one_load = load i3 %one_addr" [src/generic/fp_generic.cpp:246]   --->   Operation 38 'load' 'one_load' <Predicate = true> <Delay = 0.63> <CoreInst = "ROM">   --->   Core 100 'ROM' <Latency = 1> <II = 1> <Delay = 0.63> <Storage> <Opcode : 'load'> <Ports = 0> <Width = 1> <Depth = 8> <ROM>

State 3 <SV = 2> <Delay = 6.71>
ST_3 : Operation 39 [1/1] (0.00ns)   --->   "%zext_ln246_9 = zext i1 %one_load" [src/generic/fp_generic.cpp:246]   --->   Operation 39 'zext' 'zext_ln246_9' <Predicate = true> <Delay = 0.00>
ST_3 : Operation 40 [2/2] (6.71ns)   --->   "%call_ret6 = call i128 @digit_x_digit, i64 %tmp, i64 %zext_ln246_9" [src/generic/fp_generic.cpp:246]   --->   Operation 40 'call' 'call_ret6' <Predicate = (!icmp_ln245)> <Delay = 6.71> <CoreType = "Generic">   --->   Generic Core
ST_3 : Operation 76 [1/1] (0.00ns)   --->   "%v_114_load15 = load i64 %v_114"   --->   Operation 76 'load' 'v_114_load15' <Predicate = (icmp_ln245)> <Delay = 0.00>
ST_3 : Operation 77 [1/1] (0.00ns)   --->   "%write_ln0 = write void @_ssdm_op_Write.ap_auto.i64P0A, i64 %v_114_out, i64 %v_114_load15"   --->   Operation 77 'write' 'write_ln0' <Predicate = (icmp_ln245)> <Delay = 0.00>
ST_3 : Operation 78 [1/1] (0.38ns)   --->   "%ret_ln0 = ret"   --->   Operation 78 'ret' 'ret_ln0' <Predicate = (icmp_ln245)> <Delay = 0.38>

State 4 <SV = 3> <Delay = 6.26>
ST_4 : Operation 41 [1/1] (0.00ns)   --->   "%t_out_load = load i4 %t_out" [src/generic/fp_generic.cpp:249]   --->   Operation 41 'load' 't_out_load' <Predicate = true> <Delay = 0.00>
ST_4 : Operation 42 [1/1] (0.00ns)   --->   "%u_100_out_load = load i64 %u_100_out" [src/generic/fp_generic.cpp:248]   --->   Operation 42 'load' 'u_100_out_load' <Predicate = true> <Delay = 0.00>
ST_4 : Operation 43 [1/1] (0.00ns)   --->   "%v_114_load = load i64 %v_114" [src/generic/fp_generic.cpp:247]   --->   Operation 43 'load' 'v_114_load' <Predicate = true> <Delay = 0.00>
ST_4 : Operation 44 [1/1] (0.00ns)   --->   "%specpipeline_ln238 = specpipeline void @_ssdm_op_SpecPipeline, i32 4294967295, i32 0, i32 0, i32 0, void @empty_34" [src/generic/fp_generic.cpp:238]   --->   Operation 44 'specpipeline' 'specpipeline_ln238' <Predicate = true> <Delay = 0.00>
ST_4 : Operation 45 [1/1] (0.00ns)   --->   "%speclooptripcount_ln238 = speclooptripcount void @_ssdm_op_SpecLoopTripCount, i64 1, i64 8, i64 4" [src/generic/fp_generic.cpp:238]   --->   Operation 45 'speclooptripcount' 'speclooptripcount_ln238' <Predicate = true> <Delay = 0.00>
ST_4 : Operation 46 [1/1] (0.00ns)   --->   "%specloopname_ln245 = specloopname void @_ssdm_op_SpecLoopName, void @empty_87" [src/generic/fp_generic.cpp:245]   --->   Operation 46 'specloopname' 'specloopname_ln245' <Predicate = true> <Delay = 0.00>
ST_4 : Operation 47 [1/2] (1.43ns)   --->   "%call_ret6 = call i128 @digit_x_digit, i64 %tmp, i64 %zext_ln246_9" [src/generic/fp_generic.cpp:246]   --->   Operation 47 'call' 'call_ret6' <Predicate = (!icmp_ln245)> <Delay = 1.43> <CoreType = "Generic">   --->   Generic Core
ST_4 : Operation 48 [1/1] (0.00ns)   --->   "%UV = extractvalue i128 %call_ret6" [src/generic/fp_generic.cpp:246]   --->   Operation 48 'extractvalue' 'UV' <Predicate = true> <Delay = 0.00>
ST_4 : Operation 49 [1/1] (0.00ns)   --->   "%UV_132 = extractvalue i128 %call_ret6" [src/generic/fp_generic.cpp:246]   --->   Operation 49 'extractvalue' 'UV_132' <Predicate = true> <Delay = 0.00>
ST_4 : Operation 50 [1/1] (1.14ns)   --->   "%v_287 = add i64 %UV, i64 %v_114_load" [src/generic/fp_generic.cpp:247]   --->   Operation 50 'add' 'v_287' <Predicate = true> <Delay = 1.14> <CoreInst = "Adder">   --->   Core 1 'Adder' <Latency = 0> <II = 1> <Delay = 1.14> <FuncUnit> <Opcode : 'add' 'sub'> <InPorts = 2> <OutPorts = 1>
ST_4 : Operation 51 [1/1] (0.00ns) (grouped into LUT with out node tempReg)   --->   "%xor_ln105 = xor i64 %v_287, i64 %UV" [src/config.h:105->src/generic/fp_generic.cpp:247]   --->   Operation 51 'xor' 'xor_ln105' <Predicate = true> <Delay = 0.00> <CoreInst = "LogicGate">   --->   Core 74 'LogicGate' <Latency = 0> <II = 1> <Delay = 0.28> <FuncUnit> <Opcode : 'and' 'or' 'xor'> <InPorts = 2> <OutPorts = 1>
ST_4 : Operation 52 [1/1] (0.00ns) (grouped into LUT with out node tempReg)   --->   "%xor_ln105_31 = xor i64 %UV, i64 %v_114_load" [src/config.h:105->src/generic/fp_generic.cpp:247]   --->   Operation 52 'xor' 'xor_ln105_31' <Predicate = true> <Delay = 0.00> <CoreInst = "LogicGate">   --->   Core 74 'LogicGate' <Latency = 0> <II = 1> <Delay = 0.28> <FuncUnit> <Opcode : 'and' 'or' 'xor'> <InPorts = 2> <OutPorts = 1>
ST_4 : Operation 53 [1/1] (0.00ns) (grouped into LUT with out node tempReg)   --->   "%or_ln105 = or i64 %xor_ln105, i64 %xor_ln105_31" [src/config.h:105->src/generic/fp_generic.cpp:247]   --->   Operation 53 'or' 'or_ln105' <Predicate = true> <Delay = 0.00> <CoreInst = "LogicGate">   --->   Core 74 'LogicGate' <Latency = 0> <II = 1> <Delay = 0.28> <FuncUnit> <Opcode : 'and' 'or' 'xor'> <InPorts = 2> <OutPorts = 1>
ST_4 : Operation 54 [1/1] (0.00ns) (grouped into LUT with out node tempReg)   --->   "%xor_ln105_32 = xor i64 %or_ln105, i64 %v_287" [src/config.h:105->src/generic/fp_generic.cpp:247]   --->   Operation 54 'xor' 'xor_ln105_32' <Predicate = true> <Delay = 0.00> <CoreInst = "LogicGate">   --->   Core 74 'LogicGate' <Latency = 0> <II = 1> <Delay = 0.28> <FuncUnit> <Opcode : 'and' 'or' 'xor'> <InPorts = 2> <OutPorts = 1>
ST_4 : Operation 55 [1/1] (0.00ns) (grouped into LUT with out node tempReg)   --->   "%carry = bitselect i1 @_ssdm_op_BitSelect.i1.i64.i32, i64 %xor_ln105_32, i32 63" [src/config.h:105->src/generic/fp_generic.cpp:247]   --->   Operation 55 'bitselect' 'carry' <Predicate = true> <Delay = 0.00>
ST_4 : Operation 56 [1/1] (0.00ns) (grouped into LUT with out node tempReg)   --->   "%zext_ln105 = zext i1 %carry" [src/config.h:105->src/generic/fp_generic.cpp:247]   --->   Operation 56 'zext' 'zext_ln105' <Predicate = true> <Delay = 0.00>
ST_4 : Operation 57 [1/1] (1.14ns) (out node of the LUT)   --->   "%tempReg = add i64 %UV_132, i64 %zext_ln105" [src/generic/fp_generic.cpp:248]   --->   Operation 57 'add' 'tempReg' <Predicate = true> <Delay = 1.14> <CoreInst = "Adder">   --->   Core 1 'Adder' <Latency = 0> <II = 1> <Delay = 1.14> <FuncUnit> <Opcode : 'add' 'sub'> <InPorts = 2> <OutPorts = 1>
ST_4 : Operation 58 [1/1] (1.14ns)   --->   "%v = add i64 %tempReg, i64 %u_100_out_load" [src/generic/fp_generic.cpp:248]   --->   Operation 58 'add' 'v' <Predicate = true> <Delay = 1.14> <CoreInst = "Adder">   --->   Core 1 'Adder' <Latency = 0> <II = 1> <Delay = 1.14> <FuncUnit> <Opcode : 'add' 'sub'> <InPorts = 2> <OutPorts = 1>
ST_4 : Operation 59 [1/1] (0.00ns) (grouped into LUT with out node xor_ln248_21)   --->   "%xor_ln248 = xor i64 %v, i64 %tempReg" [src/generic/fp_generic.cpp:248]   --->   Operation 59 'xor' 'xor_ln248' <Predicate = true> <Delay = 0.00> <CoreInst = "LogicGate">   --->   Core 74 'LogicGate' <Latency = 0> <II = 1> <Delay = 0.28> <FuncUnit> <Opcode : 'and' 'or' 'xor'> <InPorts = 2> <OutPorts = 1>
ST_4 : Operation 60 [1/1] (0.00ns) (grouped into LUT with out node xor_ln248_21)   --->   "%xor_ln248_19 = xor i64 %tempReg, i64 %u_100_out_load" [src/generic/fp_generic.cpp:248]   --->   Operation 60 'xor' 'xor_ln248_19' <Predicate = true> <Delay = 0.00> <CoreInst = "LogicGate">   --->   Core 74 'LogicGate' <Latency = 0> <II = 1> <Delay = 0.28> <FuncUnit> <Opcode : 'and' 'or' 'xor'> <InPorts = 2> <OutPorts = 1>
ST_4 : Operation 61 [1/1] (0.00ns) (grouped into LUT with out node xor_ln248_21)   --->   "%or_ln248 = or i64 %xor_ln248, i64 %xor_ln248_19" [src/generic/fp_generic.cpp:248]   --->   Operation 61 'or' 'or_ln248' <Predicate = true> <Delay = 0.00> <CoreInst = "LogicGate">   --->   Core 74 'LogicGate' <Latency = 0> <II = 1> <Delay = 0.28> <FuncUnit> <Opcode : 'and' 'or' 'xor'> <InPorts = 2> <OutPorts = 1>
ST_4 : Operation 62 [1/1] (0.00ns) (grouped into LUT with out node u)   --->   "%bit_sel = bitselect i1 @_ssdm_op_BitSelect.i1.i64.i64, i64 %tempReg, i64 63" [src/generic/fp_generic.cpp:248]   --->   Operation 62 'bitselect' 'bit_sel' <Predicate = true> <Delay = 0.00>
ST_4 : Operation 63 [1/1] (0.00ns) (grouped into LUT with out node u)   --->   "%xor_ln248_94 = xor i1 %bit_sel, i1 1" [src/generic/fp_generic.cpp:248]   --->   Operation 63 'xor' 'xor_ln248_94' <Predicate = true> <Delay = 0.00> <CoreInst = "LogicGate">   --->   Core 74 'LogicGate' <Latency = 0> <II = 1> <Delay = 0.12> <FuncUnit> <Opcode : 'and' 'or' 'xor'> <InPorts = 2> <OutPorts = 1>
ST_4 : Operation 64 [1/1] (0.00ns) (grouped into LUT with out node u)   --->   "%trunc_ln248 = trunc i64 %tempReg" [src/generic/fp_generic.cpp:248]   --->   Operation 64 'trunc' 'trunc_ln248' <Predicate = true> <Delay = 0.00>
ST_4 : Operation 65 [1/1] (0.00ns) (grouped into LUT with out node u)   --->   "%xor_ln248_s = bitconcatenate i64 @_ssdm_op_BitConcatenate.i64.i1.i63, i1 %xor_ln248_94, i63 %trunc_ln248" [src/generic/fp_generic.cpp:248]   --->   Operation 65 'bitconcatenate' 'xor_ln248_s' <Predicate = true> <Delay = 0.00>
ST_4 : Operation 66 [1/1] (0.00ns) (grouped into LUT with out node u)   --->   "%and_ln248 = and i64 %xor_ln248_s, i64 %UV_132" [src/generic/fp_generic.cpp:248]   --->   Operation 66 'and' 'and_ln248' <Predicate = true> <Delay = 0.00> <CoreInst = "LogicGate">   --->   Core 74 'LogicGate' <Latency = 0> <II = 1> <Delay = 0.28> <FuncUnit> <Opcode : 'and' 'or' 'xor'> <InPorts = 2> <OutPorts = 1>
ST_4 : Operation 67 [1/1] (0.28ns) (out node of the LUT)   --->   "%xor_ln248_21 = xor i64 %or_ln248, i64 %v" [src/generic/fp_generic.cpp:248]   --->   Operation 67 'xor' 'xor_ln248_21' <Predicate = true> <Delay = 0.28> <CoreInst = "LogicGate">   --->   Core 74 'LogicGate' <Latency = 0> <II = 1> <Delay = 0.28> <FuncUnit> <Opcode : 'and' 'or' 'xor'> <InPorts = 2> <OutPorts = 1>
ST_4 : Operation 68 [1/1] (0.00ns) (grouped into LUT with out node u)   --->   "%or_ln248_7 = or i64 %xor_ln248_21, i64 %and_ln248" [src/generic/fp_generic.cpp:248]   --->   Operation 68 'or' 'or_ln248_7' <Predicate = true> <Delay = 0.00> <CoreInst = "LogicGate">   --->   Core 74 'LogicGate' <Latency = 0> <II = 1> <Delay = 0.28> <FuncUnit> <Opcode : 'and' 'or' 'xor'> <InPorts = 2> <OutPorts = 1>
ST_4 : Operation 69 [1/1] (0.00ns) (grouped into LUT with out node u)   --->   "%tmp_342 = bitselect i1 @_ssdm_op_BitSelect.i1.i64.i32, i64 %or_ln248_7, i32 63" [src/generic/fp_generic.cpp:249]   --->   Operation 69 'bitselect' 'tmp_342' <Predicate = true> <Delay = 0.00>
ST_4 : Operation 70 [1/1] (0.00ns) (grouped into LUT with out node u)   --->   "%zext_ln249 = zext i1 %tmp_342" [src/generic/fp_generic.cpp:249]   --->   Operation 70 'zext' 'zext_ln249' <Predicate = true> <Delay = 0.00>
ST_4 : Operation 71 [1/1] (0.70ns) (out node of the LUT)   --->   "%u = add i4 %zext_ln249, i4 %t_out_load" [src/generic/fp_generic.cpp:249]   --->   Operation 71 'add' 'u' <Predicate = true> <Delay = 0.70> <CoreInst = "Adder">   --->   Core 1 'Adder' <Latency = 0> <II = 1> <Delay = 0.70> <FuncUnit> <Opcode : 'add' 'sub'> <InPorts = 2> <OutPorts = 1>
ST_4 : Operation 72 [1/1] (0.38ns)   --->   "%store_ln239 = store i64 %v_287, i64 %v_114" [src/generic/fp_generic.cpp:239]   --->   Operation 72 'store' 'store_ln239' <Predicate = true> <Delay = 0.38>
ST_4 : Operation 73 [1/1] (0.38ns)   --->   "%store_ln239 = store i64 %v, i64 %u_100_out" [src/generic/fp_generic.cpp:239]   --->   Operation 73 'store' 'store_ln239' <Predicate = true> <Delay = 0.38>
ST_4 : Operation 74 [1/1] (0.38ns)   --->   "%store_ln239 = store i4 %u, i4 %t_out" [src/generic/fp_generic.cpp:239]   --->   Operation 74 'store' 'store_ln239' <Predicate = true> <Delay = 0.38>
ST_4 : Operation 75 [1/1] (0.00ns)   --->   "%br_ln245 = br void %for.inc" [src/generic/fp_generic.cpp:245]   --->   Operation 75 'br' 'br_ln245' <Predicate = true> <Delay = 0.00>


============================================================
+ Verbose Summary: Timing violations
============================================================
Target clock period: 10.000ns, clock uncertainty: 2.700ns.

 <State 1>: 1.598ns
The critical path consists of the following:
	'store' operation 0 bit ('store_ln238', src/generic/fp_generic.cpp:238) of constant 0 on local variable 'j', src/generic/fp_generic.cpp:238 [32]  (0.387 ns)
	'load' operation 4 bit ('j', src/generic/fp_generic.cpp:245) on local variable 'j', src/generic/fp_generic.cpp:238 [38]  (0.000 ns)
	'sub' operation 3 bit ('sub_ln246', src/generic/fp_generic.cpp:246) [51]  (0.572 ns)
	'getelementptr' operation 3 bit ('one_addr', src/generic/fp_generic.cpp:246) [53]  (0.000 ns)
	'load' operation 1 bit ('one_load', src/generic/fp_generic.cpp:246) on array 'one' [54]  (0.639 ns)

 <State 2>: 0.639ns
The critical path consists of the following:
	'load' operation 1 bit ('one_load', src/generic/fp_generic.cpp:246) on array 'one' [54]  (0.639 ns)

 <State 3>: 6.710ns
The critical path consists of the following:
	'call' operation 128 bit ('call_ret6', src/generic/fp_generic.cpp:246) to 'digit_x_digit' [56]  (6.710 ns)

 <State 4>: 6.261ns
The critical path consists of the following:
	'call' operation 128 bit ('call_ret6', src/generic/fp_generic.cpp:246) to 'digit_x_digit' [56]  (1.436 ns)
	'add' operation 64 bit ('x', src/generic/fp_generic.cpp:247) [59]  (1.147 ns)
	'xor' operation 64 bit ('xor_ln105_32', src/config.h:105->src/generic/fp_generic.cpp:247) [63]  (0.000 ns)
	'add' operation 64 bit ('tempReg', src/generic/fp_generic.cpp:248) [66]  (1.147 ns)
	'add' operation 64 bit ('v', src/generic/fp_generic.cpp:248) [67]  (1.147 ns)
	'xor' operation 64 bit ('xor_ln248_21', src/generic/fp_generic.cpp:248) [76]  (0.289 ns)
	'or' operation 64 bit ('or_ln248_7', src/generic/fp_generic.cpp:248) [77]  (0.000 ns)
	'add' operation 4 bit ('u', src/generic/fp_generic.cpp:249) [80]  (0.708 ns)
	'store' operation 0 bit ('store_ln239', src/generic/fp_generic.cpp:239) of variable 'u', src/generic/fp_generic.cpp:249 on local variable 't_out' [84]  (0.387 ns)


============================================================
+ Verbose Summary: Binding
============================================================
N/A
* FSMD analyzer results:
  - Output states:
 - Input state : 
  - Chain level:
	State 1
	State 2
	State 3
	State 4


============================================================
+ Verbose Summary: Datapath Resource usage 
============================================================
N/A
