

================================================================
== Vitis HLS Report for 'mp_mul_89_Pipeline_VITIS_LOOP_245_2'
================================================================
* Date:           Wed Jul 30 15:20:47 2025

* Version:        2024.2.2 (Build 6049644 on Mar  5 2025)
* Project:        sikep503_hls
* Solution:       solution1 (Vivado IP Flow Target)
* Product family: virtexuplus58g
* Target device:  xcvu29p-fsga2577-2L-e


================================================================
== Performance Estimates
================================================================
+ Timing: 
    * Summary: 
    +--------+----------+----------+------------+
    |  Clock |  Target  | Estimated| Uncertainty|
    +--------+----------+----------+------------+
    |ap_clk  |  10.00 ns|  6.710 ns|     2.70 ns|
    +--------+----------+----------+------------+

+ Latency: 
    * Summary: 
    +---------+---------+-----------+----------+-----+-----+------------------------------------------------+
    |  Latency (cycles) |  Latency (absolute)  |  Interval |                    Pipeline                    |
    |   min   |   max   |    min    |    max   | min | max |                      Type                      |
    +---------+---------+-----------+----------+-----+-----+------------------------------------------------+
    |        5|       12|  50.000 ns|  0.120 us|    2|    9|  loop auto-rewind stp (delay=0 clock cycles(s))|
    +---------+---------+-----------+----------+-----+-----+------------------------------------------------+

    + Detail: 
        * Instance: 
        +--------------------------+---------------+---------+---------+-----------+-----------+-----+-----+---------+
        |                          |               |  Latency (cycles) |   Latency (absolute)  |  Interval | Pipeline|
        |         Instance         |     Module    |   min   |   max   |    min    |    max    | min | max |   Type  |
        +--------------------------+---------------+---------+---------+-----------+-----------+-----+-----+---------+
        |grp_digit_x_digit_fu_202  |digit_x_digit  |        1|        1|  10.000 ns|  10.000 ns|    1|    1|      yes|
        +--------------------------+---------------+---------+---------+-----------+-----------+-----+-----+---------+

        * Loop: 
        +--------------------+---------+---------+----------+-----------+-----------+-------+----------+
        |                    |  Latency (cycles) | Iteration|  Initiation Interval  |  Trip |          |
        |      Loop Name     |   min   |   max   |  Latency |  achieved |   target  | Count | Pipelined|
        +--------------------+---------+---------+----------+-----------+-----------+-------+----------+
        |- VITIS_LOOP_245_2  |        3|       10|         4|          1|          1|  1 ~ 8|       yes|
        +--------------------+---------+---------+----------+-----------+-----------+-------+----------+

============================================================
+ Verbose Summary: Synthesis Manager
============================================================
InlineROM: 1
ExposeGlobal: 0
============================================================
+ Verbose Summary: CDFG Model
============================================================
IsTopModel: 0
ResetActiveHigh: 1
IsCombinational: 0
IsDatapathOnly: 0
HasWiredReturn: 1
HasMFsm: 2
HasVarLatency: 1
IsPipeline: 0
IsRtlPipelined: 0
IsInstanceOverlapped: 0
IsDontTouch: 0
HasImplIP: 0
IsGatedGlobalClock: 0

+ Individual pipeline summary: 
  * Pipeline-0: initiation interval (II) = 1, depth = 4


============================================================
+ Verbose Summary: Schedule
============================================================
* Number of FSM states : 4
* Pipeline : 1
  Pipeline-0 : II = 1, D = 4, States = { 1 2 3 4 }
* Dataflow Pipeline: 0

* FSM state transitions: 
1 --> 2 
2 --> 3 
3 --> 4 
4 --> 

* FSM state operations: 

State 1 <SV = 0> <Delay = 1.80>
ST_1 : Operation 7 [1/1] (0.00ns)   --->   "%v_114 = alloca i32 1" [src/generic/fp_generic.cpp:239]   --->   Operation 7 'alloca' 'v_114' <Predicate = true> <Delay = 0.00>
ST_1 : Operation 8 [1/1] (0.00ns)   --->   "%j = alloca i32 1" [src/generic/fp_generic.cpp:238]   --->   Operation 8 'alloca' 'j' <Predicate = true> <Delay = 0.00>
ST_1 : Operation 9 [1/1] (0.00ns)   --->   "%i_read = read i3 @_ssdm_op_Read.ap_auto.i3, i3 %i"   --->   Operation 9 'read' 'i_read' <Predicate = true> <Delay = 0.00>
ST_1 : Operation 10 [1/1] (0.00ns)   --->   "%t1_i_i_7_load_read = read i64 @_ssdm_op_Read.ap_auto.i64, i64 %t1_i_i_7_load"   --->   Operation 10 'read' 't1_i_i_7_load_read' <Predicate = true> <Delay = 0.00>
ST_1 : Operation 11 [1/1] (0.00ns)   --->   "%t1_i_i_6_load_read = read i64 @_ssdm_op_Read.ap_auto.i64, i64 %t1_i_i_6_load"   --->   Operation 11 'read' 't1_i_i_6_load_read' <Predicate = true> <Delay = 0.00>
ST_1 : Operation 12 [1/1] (0.00ns)   --->   "%t1_i_i_5_load_read = read i64 @_ssdm_op_Read.ap_auto.i64, i64 %t1_i_i_5_load"   --->   Operation 12 'read' 't1_i_i_5_load_read' <Predicate = true> <Delay = 0.00>
ST_1 : Operation 13 [1/1] (0.00ns)   --->   "%t1_i_i_4_load_read = read i64 @_ssdm_op_Read.ap_auto.i64, i64 %t1_i_i_4_load"   --->   Operation 13 'read' 't1_i_i_4_load_read' <Predicate = true> <Delay = 0.00>
ST_1 : Operation 14 [1/1] (0.00ns)   --->   "%t1_i_i_3_load_read = read i64 @_ssdm_op_Read.ap_auto.i64, i64 %t1_i_i_3_load"   --->   Operation 14 'read' 't1_i_i_3_load_read' <Predicate = true> <Delay = 0.00>
ST_1 : Operation 15 [1/1] (0.00ns)   --->   "%t1_i_i_2_load_read = read i64 @_ssdm_op_Read.ap_auto.i64, i64 %t1_i_i_2_load"   --->   Operation 15 'read' 't1_i_i_2_load_read' <Predicate = true> <Delay = 0.00>
ST_1 : Operation 16 [1/1] (0.00ns)   --->   "%t1_i_i_1_load_read = read i64 @_ssdm_op_Read.ap_auto.i64, i64 %t1_i_i_1_load"   --->   Operation 16 'read' 't1_i_i_1_load_read' <Predicate = true> <Delay = 0.00>
ST_1 : Operation 17 [1/1] (0.00ns)   --->   "%t1_i_i_0_load_read = read i64 @_ssdm_op_Read.ap_auto.i64, i64 %t1_i_i_0_load"   --->   Operation 17 'read' 't1_i_i_0_load_read' <Predicate = true> <Delay = 0.00>
ST_1 : Operation 18 [1/1] (0.00ns)   --->   "%indvars_iv31_read = read i4 @_ssdm_op_Read.ap_auto.i4, i4 %indvars_iv31"   --->   Operation 18 'read' 'indvars_iv31_read' <Predicate = true> <Delay = 0.00>
ST_1 : Operation 19 [1/1] (0.00ns)   --->   "%zext_ln243_read = read i4 @_ssdm_op_Read.ap_auto.i4, i4 %zext_ln243"   --->   Operation 19 'read' 'zext_ln243_read' <Predicate = true> <Delay = 0.00>
ST_1 : Operation 20 [1/1] (0.00ns)   --->   "%v_017_read = read i64 @_ssdm_op_Read.ap_auto.i64, i64 %v_017"   --->   Operation 20 'read' 'v_017_read' <Predicate = true> <Delay = 0.00>
ST_1 : Operation 21 [1/1] (0.00ns)   --->   "%i_cast = zext i3 %i_read"   --->   Operation 21 'zext' 'i_cast' <Predicate = true> <Delay = 0.00>
ST_1 : Operation 22 [1/1] (0.00ns)   --->   "%zext_ln243_cast = zext i4 %zext_ln243_read"   --->   Operation 22 'zext' 'zext_ln243_cast' <Predicate = true> <Delay = 0.00>
ST_1 : Operation 23 [1/1] (0.38ns)   --->   "%store_ln238 = store i4 0, i4 %j" [src/generic/fp_generic.cpp:238]   --->   Operation 23 'store' 'store_ln238' <Predicate = true> <Delay = 0.38>
ST_1 : Operation 24 [1/1] (0.38ns)   --->   "%store_ln239 = store i64 %v_017_read, i64 %v_114" [src/generic/fp_generic.cpp:239]   --->   Operation 24 'store' 'store_ln239' <Predicate = true> <Delay = 0.38>
ST_1 : Operation 25 [1/1] (0.38ns)   --->   "%store_ln239 = store i64 %zext_ln243_cast, i64 %u_103_out" [src/generic/fp_generic.cpp:239]   --->   Operation 25 'store' 'store_ln239' <Predicate = true> <Delay = 0.38>
ST_1 : Operation 26 [1/1] (0.38ns)   --->   "%store_ln239 = store i4 0, i4 %t_out" [src/generic/fp_generic.cpp:239]   --->   Operation 26 'store' 'store_ln239' <Predicate = true> <Delay = 0.38>
ST_1 : Operation 27 [1/1] (0.00ns)   --->   "%br_ln0 = br void %for.inc"   --->   Operation 27 'br' 'br_ln0' <Predicate = true> <Delay = 0.00>
ST_1 : Operation 28 [1/1] (0.00ns)   --->   "%j_36 = load i4 %j" [src/generic/fp_generic.cpp:245]   --->   Operation 28 'load' 'j_36' <Predicate = true> <Delay = 0.00>
ST_1 : Operation 29 [1/1] (0.70ns)   --->   "%icmp_ln245 = icmp_eq  i4 %j_36, i4 %indvars_iv31_read" [src/generic/fp_generic.cpp:245]   --->   Operation 29 'icmp' 'icmp_ln245' <Predicate = true> <Delay = 0.70> <CoreInst = "Cmp">   --->   Core 9 'Cmp' <Latency = 0> <II = 1> <Delay = 0.70> <FuncUnit> <Opcode : 'seteq' 'setne' 'setle' 'setge' 'setlt' 'setgt'> <InPorts = 2> <OutPorts = 1>
ST_1 : Operation 30 [1/1] (0.70ns)   --->   "%add_ln245 = add i4 %j_36, i4 1" [src/generic/fp_generic.cpp:245]   --->   Operation 30 'add' 'add_ln245' <Predicate = true> <Delay = 0.70> <CoreInst = "Adder">   --->   Core 1 'Adder' <Latency = 0> <II = 1> <Delay = 0.70> <FuncUnit> <Opcode : 'add' 'sub'> <InPorts = 2> <OutPorts = 1>
ST_1 : Operation 31 [1/1] (0.00ns)   --->   "%br_ln245 = br i1 %icmp_ln245, void %for.inc.split, void %for.inc22.exitStub" [src/generic/fp_generic.cpp:245]   --->   Operation 31 'br' 'br_ln245' <Predicate = true> <Delay = 0.00>
ST_1 : Operation 32 [1/1] (0.00ns)   --->   "%trunc_ln245 = trunc i4 %j_36" [src/generic/fp_generic.cpp:245]   --->   Operation 32 'trunc' 'trunc_ln245' <Predicate = (!icmp_ln245)> <Delay = 0.00>
ST_1 : Operation 33 [1/1] (0.58ns)   --->   "%tmp = sparsemux i64 @_ssdm_op_SparseMux.ap_auto.8i64.i64.i3, i3 0, i64 %t1_i_i_0_load_read, i3 1, i64 %t1_i_i_1_load_read, i3 2, i64 %t1_i_i_2_load_read, i3 3, i64 %t1_i_i_3_load_read, i3 4, i64 %t1_i_i_4_load_read, i3 5, i64 %t1_i_i_5_load_read, i3 6, i64 %t1_i_i_6_load_read, i3 7, i64 %t1_i_i_7_load_read, i64 0, i3 %trunc_ln245" [src/generic/fp_generic.cpp:246]   --->   Operation 33 'sparsemux' 'tmp' <Predicate = (!icmp_ln245)> <Delay = 0.58> <CoreInst = "BinarySparseMux_DontCare">   --->   Core 159 'BinarySparseMux_DontCare' <Latency = 0> <II = 1> <Delay = 0.58> <FuncUnit> <Opcode : 'sparsemux'> <InPorts = 2> <OutPorts = 1>
ST_1 : Operation 34 [1/1] (0.70ns)   --->   "%sub_ln246 = sub i4 %i_cast, i4 %j_36" [src/generic/fp_generic.cpp:246]   --->   Operation 34 'sub' 'sub_ln246' <Predicate = (!icmp_ln245)> <Delay = 0.70> <CoreInst = "Adder">   --->   Core 1 'Adder' <Latency = 0> <II = 1> <Delay = 0.70> <FuncUnit> <Opcode : 'add' 'sub'> <InPorts = 2> <OutPorts = 1>
ST_1 : Operation 35 [1/1] (0.00ns)   --->   "%zext_ln246 = zext i4 %sub_ln246" [src/generic/fp_generic.cpp:246]   --->   Operation 35 'zext' 'zext_ln246' <Predicate = (!icmp_ln245)> <Delay = 0.00>
ST_1 : Operation 36 [1/1] (0.00ns)   --->   "%R_Z_addr = getelementptr i64 %R_Z, i64 0, i64 %zext_ln246" [src/generic/fp_generic.cpp:246]   --->   Operation 36 'getelementptr' 'R_Z_addr' <Predicate = (!icmp_ln245)> <Delay = 0.00>
ST_1 : Operation 37 [2/2] (0.71ns)   --->   "%R_Z_load = load i4 %R_Z_addr" [src/generic/fp_generic.cpp:246]   --->   Operation 37 'load' 'R_Z_load' <Predicate = (!icmp_ln245)> <Delay = 0.71> <CoreInst = "RAM">   --->   Core 82 'RAM' <Latency = 1> <II = 1> <Delay = 0.71> <Storage> <Opcode : 'load' 'store'> <Ports = 2> <Width = 64> <Depth = 16> <RAM>
ST_1 : Operation 38 [1/1] (0.38ns)   --->   "%store_ln238 = store i4 %add_ln245, i4 %j" [src/generic/fp_generic.cpp:238]   --->   Operation 38 'store' 'store_ln238' <Predicate = (!icmp_ln245)> <Delay = 0.38>

State 2 <SV = 1> <Delay = 0.71>
ST_2 : Operation 39 [1/2] ( I:0.71ns O:0.71ns )   --->   "%R_Z_load = load i4 %R_Z_addr" [src/generic/fp_generic.cpp:246]   --->   Operation 39 'load' 'R_Z_load' <Predicate = true> <Delay = 0.71> <CoreInst = "RAM">   --->   Core 82 'RAM' <Latency = 1> <II = 1> <Delay = 0.71> <Storage> <Opcode : 'load' 'store'> <Ports = 2> <Width = 64> <Depth = 16> <RAM>

State 3 <SV = 2> <Delay = 6.71>
ST_3 : Operation 40 [2/2] (6.71ns)   --->   "%call_ret6 = call i128 @digit_x_digit, i64 %tmp, i64 %R_Z_load" [src/generic/fp_generic.cpp:246]   --->   Operation 40 'call' 'call_ret6' <Predicate = (!icmp_ln245)> <Delay = 6.71> <CoreType = "Generic">   --->   Generic Core
ST_3 : Operation 76 [1/1] (0.00ns)   --->   "%v_114_load_5 = load i64 %v_114"   --->   Operation 76 'load' 'v_114_load_5' <Predicate = (icmp_ln245)> <Delay = 0.00>
ST_3 : Operation 77 [1/1] (0.00ns)   --->   "%write_ln0 = write void @_ssdm_op_Write.ap_auto.i64P0A, i64 %v_114_out, i64 %v_114_load_5"   --->   Operation 77 'write' 'write_ln0' <Predicate = (icmp_ln245)> <Delay = 0.00>
ST_3 : Operation 78 [1/1] (0.38ns)   --->   "%ret_ln0 = ret"   --->   Operation 78 'ret' 'ret_ln0' <Predicate = (icmp_ln245)> <Delay = 0.38>

State 4 <SV = 3> <Delay = 6.26>
ST_4 : Operation 41 [1/1] (0.00ns)   --->   "%t_out_load = load i4 %t_out" [src/generic/fp_generic.cpp:249]   --->   Operation 41 'load' 't_out_load' <Predicate = true> <Delay = 0.00>
ST_4 : Operation 42 [1/1] (0.00ns)   --->   "%u_103_out_load = load i64 %u_103_out" [src/generic/fp_generic.cpp:248]   --->   Operation 42 'load' 'u_103_out_load' <Predicate = true> <Delay = 0.00>
ST_4 : Operation 43 [1/1] (0.00ns)   --->   "%v_114_load = load i64 %v_114" [src/generic/fp_generic.cpp:247]   --->   Operation 43 'load' 'v_114_load' <Predicate = true> <Delay = 0.00>
ST_4 : Operation 44 [1/1] (0.00ns)   --->   "%specpipeline_ln238 = specpipeline void @_ssdm_op_SpecPipeline, i32 4294967295, i32 0, i32 0, i32 0, void @empty_34" [src/generic/fp_generic.cpp:238]   --->   Operation 44 'specpipeline' 'specpipeline_ln238' <Predicate = true> <Delay = 0.00>
ST_4 : Operation 45 [1/1] (0.00ns)   --->   "%speclooptripcount_ln238 = speclooptripcount void @_ssdm_op_SpecLoopTripCount, i64 1, i64 8, i64 4" [src/generic/fp_generic.cpp:238]   --->   Operation 45 'speclooptripcount' 'speclooptripcount_ln238' <Predicate = true> <Delay = 0.00>
ST_4 : Operation 46 [1/1] (0.00ns)   --->   "%specloopname_ln245 = specloopname void @_ssdm_op_SpecLoopName, void @empty_87" [src/generic/fp_generic.cpp:245]   --->   Operation 46 'specloopname' 'specloopname_ln245' <Predicate = true> <Delay = 0.00>
ST_4 : Operation 47 [1/2] (1.43ns)   --->   "%call_ret6 = call i128 @digit_x_digit, i64 %tmp, i64 %R_Z_load" [src/generic/fp_generic.cpp:246]   --->   Operation 47 'call' 'call_ret6' <Predicate = (!icmp_ln245)> <Delay = 1.43> <CoreType = "Generic">   --->   Generic Core
ST_4 : Operation 48 [1/1] (0.00ns)   --->   "%UV = extractvalue i128 %call_ret6" [src/generic/fp_generic.cpp:246]   --->   Operation 48 'extractvalue' 'UV' <Predicate = true> <Delay = 0.00>
ST_4 : Operation 49 [1/1] (0.00ns)   --->   "%UV_66 = extractvalue i128 %call_ret6" [src/generic/fp_generic.cpp:246]   --->   Operation 49 'extractvalue' 'UV_66' <Predicate = true> <Delay = 0.00>
ST_4 : Operation 50 [1/1] (1.14ns)   --->   "%v_218 = add i64 %UV, i64 %v_114_load" [src/generic/fp_generic.cpp:247]   --->   Operation 50 'add' 'v_218' <Predicate = true> <Delay = 1.14> <CoreInst = "Adder">   --->   Core 1 'Adder' <Latency = 0> <II = 1> <Delay = 1.14> <FuncUnit> <Opcode : 'add' 'sub'> <InPorts = 2> <OutPorts = 1>
ST_4 : Operation 51 [1/1] (0.00ns) (grouped into LUT with out node tempReg)   --->   "%xor_ln105 = xor i64 %v_218, i64 %UV" [src/config.h:105->src/generic/fp_generic.cpp:247]   --->   Operation 51 'xor' 'xor_ln105' <Predicate = true> <Delay = 0.00> <CoreInst = "LogicGate">   --->   Core 74 'LogicGate' <Latency = 0> <II = 1> <Delay = 0.28> <FuncUnit> <Opcode : 'and' 'or' 'xor'> <InPorts = 2> <OutPorts = 1>
ST_4 : Operation 52 [1/1] (0.00ns) (grouped into LUT with out node tempReg)   --->   "%xor_ln105_36 = xor i64 %UV, i64 %v_114_load" [src/config.h:105->src/generic/fp_generic.cpp:247]   --->   Operation 52 'xor' 'xor_ln105_36' <Predicate = true> <Delay = 0.00> <CoreInst = "LogicGate">   --->   Core 74 'LogicGate' <Latency = 0> <II = 1> <Delay = 0.28> <FuncUnit> <Opcode : 'and' 'or' 'xor'> <InPorts = 2> <OutPorts = 1>
ST_4 : Operation 53 [1/1] (0.00ns) (grouped into LUT with out node tempReg)   --->   "%or_ln105 = or i64 %xor_ln105, i64 %xor_ln105_36" [src/config.h:105->src/generic/fp_generic.cpp:247]   --->   Operation 53 'or' 'or_ln105' <Predicate = true> <Delay = 0.00> <CoreInst = "LogicGate">   --->   Core 74 'LogicGate' <Latency = 0> <II = 1> <Delay = 0.28> <FuncUnit> <Opcode : 'and' 'or' 'xor'> <InPorts = 2> <OutPorts = 1>
ST_4 : Operation 54 [1/1] (0.00ns) (grouped into LUT with out node tempReg)   --->   "%xor_ln105_37 = xor i64 %or_ln105, i64 %v_218" [src/config.h:105->src/generic/fp_generic.cpp:247]   --->   Operation 54 'xor' 'xor_ln105_37' <Predicate = true> <Delay = 0.00> <CoreInst = "LogicGate">   --->   Core 74 'LogicGate' <Latency = 0> <II = 1> <Delay = 0.28> <FuncUnit> <Opcode : 'and' 'or' 'xor'> <InPorts = 2> <OutPorts = 1>
ST_4 : Operation 55 [1/1] (0.00ns) (grouped into LUT with out node tempReg)   --->   "%carry = bitselect i1 @_ssdm_op_BitSelect.i1.i64.i32, i64 %xor_ln105_37, i32 63" [src/config.h:105->src/generic/fp_generic.cpp:247]   --->   Operation 55 'bitselect' 'carry' <Predicate = true> <Delay = 0.00>
ST_4 : Operation 56 [1/1] (0.00ns) (grouped into LUT with out node tempReg)   --->   "%zext_ln105 = zext i1 %carry" [src/config.h:105->src/generic/fp_generic.cpp:247]   --->   Operation 56 'zext' 'zext_ln105' <Predicate = true> <Delay = 0.00>
ST_4 : Operation 57 [1/1] (1.14ns) (out node of the LUT)   --->   "%tempReg = add i64 %UV_66, i64 %zext_ln105" [src/generic/fp_generic.cpp:248]   --->   Operation 57 'add' 'tempReg' <Predicate = true> <Delay = 1.14> <CoreInst = "Adder">   --->   Core 1 'Adder' <Latency = 0> <II = 1> <Delay = 1.14> <FuncUnit> <Opcode : 'add' 'sub'> <InPorts = 2> <OutPorts = 1>
ST_4 : Operation 58 [1/1] (1.14ns)   --->   "%v = add i64 %tempReg, i64 %u_103_out_load" [src/generic/fp_generic.cpp:248]   --->   Operation 58 'add' 'v' <Predicate = true> <Delay = 1.14> <CoreInst = "Adder">   --->   Core 1 'Adder' <Latency = 0> <II = 1> <Delay = 1.14> <FuncUnit> <Opcode : 'add' 'sub'> <InPorts = 2> <OutPorts = 1>
ST_4 : Operation 59 [1/1] (0.00ns) (grouped into LUT with out node xor_ln248_23)   --->   "%xor_ln248 = xor i64 %v, i64 %tempReg" [src/generic/fp_generic.cpp:248]   --->   Operation 59 'xor' 'xor_ln248' <Predicate = true> <Delay = 0.00> <CoreInst = "LogicGate">   --->   Core 74 'LogicGate' <Latency = 0> <II = 1> <Delay = 0.28> <FuncUnit> <Opcode : 'and' 'or' 'xor'> <InPorts = 2> <OutPorts = 1>
ST_4 : Operation 60 [1/1] (0.00ns) (grouped into LUT with out node xor_ln248_23)   --->   "%xor_ln248_21 = xor i64 %tempReg, i64 %u_103_out_load" [src/generic/fp_generic.cpp:248]   --->   Operation 60 'xor' 'xor_ln248_21' <Predicate = true> <Delay = 0.00> <CoreInst = "LogicGate">   --->   Core 74 'LogicGate' <Latency = 0> <II = 1> <Delay = 0.28> <FuncUnit> <Opcode : 'and' 'or' 'xor'> <InPorts = 2> <OutPorts = 1>
ST_4 : Operation 61 [1/1] (0.00ns) (grouped into LUT with out node xor_ln248_23)   --->   "%or_ln248 = or i64 %xor_ln248, i64 %xor_ln248_21" [src/generic/fp_generic.cpp:248]   --->   Operation 61 'or' 'or_ln248' <Predicate = true> <Delay = 0.00> <CoreInst = "LogicGate">   --->   Core 74 'LogicGate' <Latency = 0> <II = 1> <Delay = 0.28> <FuncUnit> <Opcode : 'and' 'or' 'xor'> <InPorts = 2> <OutPorts = 1>
ST_4 : Operation 62 [1/1] (0.00ns) (grouped into LUT with out node u)   --->   "%bit_sel = bitselect i1 @_ssdm_op_BitSelect.i1.i64.i64, i64 %tempReg, i64 63" [src/generic/fp_generic.cpp:248]   --->   Operation 62 'bitselect' 'bit_sel' <Predicate = true> <Delay = 0.00>
ST_4 : Operation 63 [1/1] (0.00ns) (grouped into LUT with out node u)   --->   "%xor_ln248_22 = xor i1 %bit_sel, i1 1" [src/generic/fp_generic.cpp:248]   --->   Operation 63 'xor' 'xor_ln248_22' <Predicate = true> <Delay = 0.00> <CoreInst = "LogicGate">   --->   Core 74 'LogicGate' <Latency = 0> <II = 1> <Delay = 0.12> <FuncUnit> <Opcode : 'and' 'or' 'xor'> <InPorts = 2> <OutPorts = 1>
ST_4 : Operation 64 [1/1] (0.00ns) (grouped into LUT with out node u)   --->   "%trunc_ln248 = trunc i64 %tempReg" [src/generic/fp_generic.cpp:248]   --->   Operation 64 'trunc' 'trunc_ln248' <Predicate = true> <Delay = 0.00>
ST_4 : Operation 65 [1/1] (0.00ns) (grouped into LUT with out node u)   --->   "%xor_ln248_s = bitconcatenate i64 @_ssdm_op_BitConcatenate.i64.i1.i63, i1 %xor_ln248_22, i63 %trunc_ln248" [src/generic/fp_generic.cpp:248]   --->   Operation 65 'bitconcatenate' 'xor_ln248_s' <Predicate = true> <Delay = 0.00>
ST_4 : Operation 66 [1/1] (0.00ns) (grouped into LUT with out node u)   --->   "%and_ln248 = and i64 %xor_ln248_s, i64 %UV_66" [src/generic/fp_generic.cpp:248]   --->   Operation 66 'and' 'and_ln248' <Predicate = true> <Delay = 0.00> <CoreInst = "LogicGate">   --->   Core 74 'LogicGate' <Latency = 0> <II = 1> <Delay = 0.28> <FuncUnit> <Opcode : 'and' 'or' 'xor'> <InPorts = 2> <OutPorts = 1>
ST_4 : Operation 67 [1/1] (0.28ns) (out node of the LUT)   --->   "%xor_ln248_23 = xor i64 %or_ln248, i64 %v" [src/generic/fp_generic.cpp:248]   --->   Operation 67 'xor' 'xor_ln248_23' <Predicate = true> <Delay = 0.28> <CoreInst = "LogicGate">   --->   Core 74 'LogicGate' <Latency = 0> <II = 1> <Delay = 0.28> <FuncUnit> <Opcode : 'and' 'or' 'xor'> <InPorts = 2> <OutPorts = 1>
ST_4 : Operation 68 [1/1] (0.00ns) (grouped into LUT with out node u)   --->   "%or_ln248_7 = or i64 %xor_ln248_23, i64 %and_ln248" [src/generic/fp_generic.cpp:248]   --->   Operation 68 'or' 'or_ln248_7' <Predicate = true> <Delay = 0.00> <CoreInst = "LogicGate">   --->   Core 74 'LogicGate' <Latency = 0> <II = 1> <Delay = 0.28> <FuncUnit> <Opcode : 'and' 'or' 'xor'> <InPorts = 2> <OutPorts = 1>
ST_4 : Operation 69 [1/1] (0.00ns) (grouped into LUT with out node u)   --->   "%tmp_202 = bitselect i1 @_ssdm_op_BitSelect.i1.i64.i32, i64 %or_ln248_7, i32 63" [src/generic/fp_generic.cpp:249]   --->   Operation 69 'bitselect' 'tmp_202' <Predicate = true> <Delay = 0.00>
ST_4 : Operation 70 [1/1] (0.00ns) (grouped into LUT with out node u)   --->   "%zext_ln249 = zext i1 %tmp_202" [src/generic/fp_generic.cpp:249]   --->   Operation 70 'zext' 'zext_ln249' <Predicate = true> <Delay = 0.00>
ST_4 : Operation 71 [1/1] (0.70ns) (out node of the LUT)   --->   "%u = add i4 %zext_ln249, i4 %t_out_load" [src/generic/fp_generic.cpp:249]   --->   Operation 71 'add' 'u' <Predicate = true> <Delay = 0.70> <CoreInst = "Adder">   --->   Core 1 'Adder' <Latency = 0> <II = 1> <Delay = 0.70> <FuncUnit> <Opcode : 'add' 'sub'> <InPorts = 2> <OutPorts = 1>
ST_4 : Operation 72 [1/1] (0.38ns)   --->   "%store_ln239 = store i64 %v_218, i64 %v_114" [src/generic/fp_generic.cpp:239]   --->   Operation 72 'store' 'store_ln239' <Predicate = true> <Delay = 0.38>
ST_4 : Operation 73 [1/1] (0.38ns)   --->   "%store_ln239 = store i64 %v, i64 %u_103_out" [src/generic/fp_generic.cpp:239]   --->   Operation 73 'store' 'store_ln239' <Predicate = true> <Delay = 0.38>
ST_4 : Operation 74 [1/1] (0.38ns)   --->   "%store_ln239 = store i4 %u, i4 %t_out" [src/generic/fp_generic.cpp:239]   --->   Operation 74 'store' 'store_ln239' <Predicate = true> <Delay = 0.38>
ST_4 : Operation 75 [1/1] (0.00ns)   --->   "%br_ln245 = br void %for.inc" [src/generic/fp_generic.cpp:245]   --->   Operation 75 'br' 'br_ln245' <Predicate = true> <Delay = 0.00>


============================================================
+ Verbose Summary: Binding
============================================================
STG Binding: 
---------------- STG Properties BEGIN ----------------
- Is combinational: 0
- Is one-state seq: 0
- Is datapath-only: 0
- Is pipelined: 0
- Is top level: 0
Port [ Return ] is wired: 1; IO mode=ap_ctrl_hs:ce=0
Port [ v_017]:  wired=1; compound=0; hidden=0; nouse=0; global=0; static=0; extern=0; dir=0; type=0; pingpong=0; private_global=0; IO mode=ap_none:ce=0
Port [ zext_ln243]:  wired=1; compound=0; hidden=0; nouse=0; global=0; static=0; extern=0; dir=0; type=0; pingpong=0; private_global=0; IO mode=ap_none:ce=0
Port [ indvars_iv31]:  wired=1; compound=0; hidden=0; nouse=0; global=0; static=0; extern=0; dir=0; type=0; pingpong=0; private_global=0; IO mode=ap_none:ce=0
Port [ t1_i_i_0_load]:  wired=1; compound=0; hidden=0; nouse=0; global=0; static=0; extern=0; dir=0; type=0; pingpong=0; private_global=0; IO mode=ap_none:ce=0
Port [ t1_i_i_1_load]:  wired=1; compound=0; hidden=0; nouse=0; global=0; static=0; extern=0; dir=0; type=0; pingpong=0; private_global=0; IO mode=ap_none:ce=0
Port [ t1_i_i_2_load]:  wired=1; compound=0; hidden=0; nouse=0; global=0; static=0; extern=0; dir=0; type=0; pingpong=0; private_global=0; IO mode=ap_none:ce=0
Port [ t1_i_i_3_load]:  wired=1; compound=0; hidden=0; nouse=0; global=0; static=0; extern=0; dir=0; type=0; pingpong=0; private_global=0; IO mode=ap_none:ce=0
Port [ t1_i_i_4_load]:  wired=1; compound=0; hidden=0; nouse=0; global=0; static=0; extern=0; dir=0; type=0; pingpong=0; private_global=0; IO mode=ap_none:ce=0
Port [ t1_i_i_5_load]:  wired=1; compound=0; hidden=0; nouse=0; global=0; static=0; extern=0; dir=0; type=0; pingpong=0; private_global=0; IO mode=ap_none:ce=0
Port [ t1_i_i_6_load]:  wired=1; compound=0; hidden=0; nouse=0; global=0; static=0; extern=0; dir=0; type=0; pingpong=0; private_global=0; IO mode=ap_none:ce=0
Port [ t1_i_i_7_load]:  wired=1; compound=0; hidden=0; nouse=0; global=0; static=0; extern=0; dir=0; type=0; pingpong=0; private_global=0; IO mode=ap_none:ce=0
Port [ i]:  wired=1; compound=0; hidden=0; nouse=0; global=0; static=0; extern=0; dir=0; type=0; pingpong=0; private_global=0; IO mode=ap_none:ce=0
Port [ R_Z]:  wired=1; compound=1; hidden=0; nouse=0; global=0; static=0; extern=0; dir=0; type=1; pingpong=0; private_global=0; MemPort=[13]; IO mode=ap_memory:ce=0
Port [ v_114_out]:  wired=1; compound=0; hidden=0; nouse=0; global=0; static=0; extern=0; dir=1; type=0; pingpong=0; private_global=0; IO mode=ap_vld:ce=0
Port [ u_103_out]:  wired=1; compound=0; hidden=0; nouse=0; global=0; static=0; extern=0; dir=2; type=0; pingpong=0; private_global=0; IO mode=ap_ovld:ce=0
Port [ t_out]:  wired=1; compound=0; hidden=0; nouse=0; global=0; static=0; extern=0; dir=2; type=0; pingpong=0; private_global=0; IO mode=ap_ovld:ce=0
---------------- STG Properties END ------------------

---------------- Datapath Model BEGIN ----------------

<LifeTime>
<method=bitvector/>
v_114                   (alloca           ) [ 01111]
j                       (alloca           ) [ 01000]
i_read                  (read             ) [ 00000]
t1_i_i_7_load_read      (read             ) [ 00000]
t1_i_i_6_load_read      (read             ) [ 00000]
t1_i_i_5_load_read      (read             ) [ 00000]
t1_i_i_4_load_read      (read             ) [ 00000]
t1_i_i_3_load_read      (read             ) [ 00000]
t1_i_i_2_load_read      (read             ) [ 00000]
t1_i_i_1_load_read      (read             ) [ 00000]
t1_i_i_0_load_read      (read             ) [ 00000]
indvars_iv31_read       (read             ) [ 00000]
zext_ln243_read         (read             ) [ 00000]
v_017_read              (read             ) [ 00000]
i_cast                  (zext             ) [ 00000]
zext_ln243_cast         (zext             ) [ 00000]
store_ln238             (store            ) [ 00000]
store_ln239             (store            ) [ 00000]
store_ln239             (store            ) [ 00000]
store_ln239             (store            ) [ 00000]
br_ln0                  (br               ) [ 00000]
j_36                    (load             ) [ 00000]
icmp_ln245              (icmp             ) [ 01111]
add_ln245               (add              ) [ 00000]
br_ln245                (br               ) [ 00000]
trunc_ln245             (trunc            ) [ 00000]
tmp                     (sparsemux        ) [ 01110]
sub_ln246               (sub              ) [ 00000]
zext_ln246              (zext             ) [ 00000]
R_Z_addr                (getelementptr    ) [ 01100]
store_ln238             (store            ) [ 00000]
R_Z_load                (load             ) [ 01010]
t_out_load              (load             ) [ 00000]
u_103_out_load          (load             ) [ 00000]
v_114_load              (load             ) [ 00000]
specpipeline_ln238      (specpipeline     ) [ 00000]
speclooptripcount_ln238 (speclooptripcount) [ 00000]
specloopname_ln245      (specloopname     ) [ 00000]
call_ret6               (call             ) [ 00000]
UV                      (extractvalue     ) [ 00000]
UV_66                   (extractvalue     ) [ 00000]
v_218                   (add              ) [ 00000]
xor_ln105               (xor              ) [ 00000]
xor_ln105_36            (xor              ) [ 00000]
or_ln105                (or               ) [ 00000]
xor_ln105_37            (xor              ) [ 00000]
carry                   (bitselect        ) [ 00000]
zext_ln105              (zext             ) [ 00000]
tempReg                 (add              ) [ 00000]
v                       (add              ) [ 00000]
xor_ln248               (xor              ) [ 00000]
xor_ln248_21            (xor              ) [ 00000]
or_ln248                (or               ) [ 00000]
bit_sel                 (bitselect        ) [ 00000]
xor_ln248_22            (xor              ) [ 00000]
trunc_ln248             (trunc            ) [ 00000]
xor_ln248_s             (bitconcatenate   ) [ 00000]
and_ln248               (and              ) [ 00000]
xor_ln248_23            (xor              ) [ 00000]
or_ln248_7              (or               ) [ 00000]
tmp_202                 (bitselect        ) [ 00000]
zext_ln249              (zext             ) [ 00000]
u                       (add              ) [ 00000]
store_ln239             (store            ) [ 00000]
store_ln239             (store            ) [ 00000]
store_ln239             (store            ) [ 00000]
br_ln245                (br               ) [ 00000]
v_114_load_5            (load             ) [ 00000]
write_ln0               (write            ) [ 00000]
ret_ln0                 (ret              ) [ 00000]
</LifeTime>

<model>

<comp_list>
<comp id="0" class="1000" name="v_017">
<pin_list>
<pin id="1" dir="1" index="0" bw="1" slack="0"/>
</pin_list>
<bind>
<StgValue><ssdm name="v_017"/></StgValue>
</bind>
</comp>

<comp id="2" class="1000" name="zext_ln243">
<pin_list>
<pin id="3" dir="1" index="0" bw="1" slack="0"/>
</pin_list>
<bind>
<StgValue><ssdm name="zext_ln243"/></StgValue>
</bind>
</comp>

<comp id="4" class="1000" name="indvars_iv31">
<pin_list>
<pin id="5" dir="1" index="0" bw="1" slack="0"/>
</pin_list>
<bind>
<StgValue><ssdm name="indvars_iv31"/></StgValue>
</bind>
</comp>

<comp id="6" class="1000" name="t1_i_i_0_load">
<pin_list>
<pin id="7" dir="1" index="0" bw="1" slack="0"/>
</pin_list>
<bind>
<StgValue><ssdm name="t1_i_i_0_load"/></StgValue>
</bind>
</comp>

<comp id="8" class="1000" name="t1_i_i_1_load">
<pin_list>
<pin id="9" dir="1" index="0" bw="1" slack="0"/>
</pin_list>
<bind>
<StgValue><ssdm name="t1_i_i_1_load"/></StgValue>
</bind>
</comp>

<comp id="10" class="1000" name="t1_i_i_2_load">
<pin_list>
<pin id="11" dir="1" index="0" bw="1" slack="0"/>
</pin_list>
<bind>
<StgValue><ssdm name="t1_i_i_2_load"/></StgValue>
</bind>
</comp>

<comp id="12" class="1000" name="t1_i_i_3_load">
<pin_list>
<pin id="13" dir="1" index="0" bw="1" slack="0"/>
</pin_list>
<bind>
<StgValue><ssdm name="t1_i_i_3_load"/></StgValue>
</bind>
</comp>

<comp id="14" class="1000" name="t1_i_i_4_load">
<pin_list>
<pin id="15" dir="1" index="0" bw="1" slack="0"/>
</pin_list>
<bind>
<StgValue><ssdm name="t1_i_i_4_load"/></StgValue>
</bind>
</comp>

<comp id="16" class="1000" name="t1_i_i_5_load">
<pin_list>
<pin id="17" dir="1" index="0" bw="1" slack="0"/>
</pin_list>
<bind>
<StgValue><ssdm name="t1_i_i_5_load"/></StgValue>
</bind>
</comp>

<comp id="18" class="1000" name="t1_i_i_6_load">
<pin_list>
<pin id="19" dir="1" index="0" bw="1" slack="0"/>
</pin_list>
<bind>
<StgValue><ssdm name="t1_i_i_6_load"/></StgValue>
</bind>
</comp>

<comp id="20" class="1000" name="t1_i_i_7_load">
<pin_list>
<pin id="21" dir="1" index="0" bw="1" slack="0"/>
</pin_list>
<bind>
<StgValue><ssdm name="t1_i_i_7_load"/></StgValue>
</bind>
</comp>

<comp id="22" class="1000" name="i">
<pin_list>
<pin id="23" dir="1" index="0" bw="1" slack="0"/>
</pin_list>
<bind>
<StgValue><ssdm name="i"/></StgValue>
</bind>
</comp>

<comp id="24" class="1000" name="R_Z">
<pin_list>
<pin id="25" dir="1" index="0" bw="1" slack="0"/>
</pin_list>
<bind>
<StgValue><ssdm name="R_Z"/><MemPortTyVec>1 3 </MemPortTyVec>
</StgValue>
</bind>
</comp>

<comp id="26" class="1000" name="v_114_out">
<pin_list>
<pin id="27" dir="1" index="0" bw="1" slack="0"/>
</pin_list>
<bind>
<StgValue><ssdm name="v_114_out"/></StgValue>
</bind>
</comp>

<comp id="28" class="1000" name="u_103_out">
<pin_list>
<pin id="29" dir="1" index="0" bw="1" slack="0"/>
</pin_list>
<bind>
<StgValue><ssdm name="u_103_out"/></StgValue>
</bind>
</comp>

<comp id="30" class="1000" name="t_out">
<pin_list>
<pin id="31" dir="1" index="0" bw="1" slack="0"/>
</pin_list>
<bind>
<StgValue><ssdm name="t_out"/></StgValue>
</bind>
</comp>

<comp id="32" class="1001" name="const_32">
<pin_list>
<pin id="33" dir="1" index="0" bw="1" slack="0"/>
</pin_list>
<bind>
<StgValue><ssdm name=""/></StgValue>
</bind>
</comp>

<comp id="34" class="1001" name="const_34">
<pin_list>
<pin id="35" dir="1" index="0" bw="1" slack="0"/>
</pin_list>
<bind>
<StgValue><ssdm name="_ssdm_op_Read.ap_auto.i3"/></StgValue>
</bind>
</comp>

<comp id="36" class="1001" name="const_36">
<pin_list>
<pin id="37" dir="1" index="0" bw="1" slack="0"/>
</pin_list>
<bind>
<StgValue><ssdm name="_ssdm_op_Read.ap_auto.i64"/></StgValue>
</bind>
</comp>

<comp id="38" class="1001" name="const_38">
<pin_list>
<pin id="39" dir="1" index="0" bw="1" slack="0"/>
</pin_list>
<bind>
<StgValue><ssdm name="_ssdm_op_Read.ap_auto.i4"/></StgValue>
</bind>
</comp>

<comp id="40" class="1001" name="const_40">
<pin_list>
<pin id="41" dir="1" index="0" bw="1" slack="0"/>
</pin_list>
<bind>
<StgValue><ssdm name=""/></StgValue>
</bind>
</comp>

<comp id="42" class="1001" name="const_42">
<pin_list>
<pin id="43" dir="1" index="0" bw="1" slack="0"/>
</pin_list>
<bind>
<StgValue><ssdm name=""/></StgValue>
</bind>
</comp>

<comp id="44" class="1001" name="const_44">
<pin_list>
<pin id="45" dir="1" index="0" bw="1" slack="0"/>
</pin_list>
<bind>
<StgValue><ssdm name="_ssdm_op_SparseMux.ap_auto.8i64.i64.i3"/></StgValue>
</bind>
</comp>

<comp id="46" class="1001" name="const_46">
<pin_list>
<pin id="47" dir="1" index="0" bw="1" slack="0"/>
</pin_list>
<bind>
<StgValue><ssdm name=""/></StgValue>
</bind>
</comp>

<comp id="48" class="1001" name="const_48">
<pin_list>
<pin id="49" dir="1" index="0" bw="1" slack="0"/>
</pin_list>
<bind>
<StgValue><ssdm name=""/></StgValue>
</bind>
</comp>

<comp id="50" class="1001" name="const_50">
<pin_list>
<pin id="51" dir="1" index="0" bw="1" slack="0"/>
</pin_list>
<bind>
<StgValue><ssdm name=""/></StgValue>
</bind>
</comp>

<comp id="52" class="1001" name="const_52">
<pin_list>
<pin id="53" dir="1" index="0" bw="1" slack="0"/>
</pin_list>
<bind>
<StgValue><ssdm name=""/></StgValue>
</bind>
</comp>

<comp id="54" class="1001" name="const_54">
<pin_list>
<pin id="55" dir="1" index="0" bw="1" slack="0"/>
</pin_list>
<bind>
<StgValue><ssdm name=""/></StgValue>
</bind>
</comp>

<comp id="56" class="1001" name="const_56">
<pin_list>
<pin id="57" dir="1" index="0" bw="1" slack="0"/>
</pin_list>
<bind>
<StgValue><ssdm name=""/></StgValue>
</bind>
</comp>

<comp id="58" class="1001" name="const_58">
<pin_list>
<pin id="59" dir="1" index="0" bw="1" slack="0"/>
</pin_list>
<bind>
<StgValue><ssdm name=""/></StgValue>
</bind>
</comp>

<comp id="60" class="1001" name="const_60">
<pin_list>
<pin id="61" dir="1" index="0" bw="1" slack="0"/>
</pin_list>
<bind>
<StgValue><ssdm name=""/></StgValue>
</bind>
</comp>

<comp id="62" class="1001" name="const_62">
<pin_list>
<pin id="63" dir="1" index="0" bw="1" slack="0"/>
</pin_list>
<bind>
<StgValue><ssdm name=""/></StgValue>
</bind>
</comp>

<comp id="64" class="1001" name="const_64">
<pin_list>
<pin id="65" dir="1" index="0" bw="1" slack="0"/>
</pin_list>
<bind>
<StgValue><ssdm name=""/></StgValue>
</bind>
</comp>

<comp id="66" class="1001" name="const_66">
<pin_list>
<pin id="67" dir="1" index="0" bw="1" slack="0"/>
</pin_list>
<bind>
<StgValue><ssdm name="digit_x_digit"/></StgValue>
</bind>
</comp>

<comp id="68" class="1001" name="const_68">
<pin_list>
<pin id="69" dir="1" index="0" bw="1" slack="2147483647"/>
</pin_list>
<bind>
<StgValue><ssdm name="_ssdm_op_SpecPipeline"/></StgValue>
</bind>
</comp>

<comp id="70" class="1001" name="const_70">
<pin_list>
<pin id="71" dir="1" index="0" bw="1" slack="2147483647"/>
</pin_list>
<bind>
<StgValue><ssdm name=""/></StgValue>
</bind>
</comp>

<comp id="72" class="1001" name="const_72">
<pin_list>
<pin id="73" dir="1" index="0" bw="1" slack="2147483647"/>
</pin_list>
<bind>
<StgValue><ssdm name=""/></StgValue>
</bind>
</comp>

<comp id="74" class="1001" name="const_74">
<pin_list>
<pin id="75" dir="1" index="0" bw="1" slack="2147483647"/>
</pin_list>
<bind>
<StgValue><ssdm name="empty_34"/></StgValue>
</bind>
</comp>

<comp id="76" class="1001" name="const_76">
<pin_list>
<pin id="77" dir="1" index="0" bw="1" slack="2147483647"/>
</pin_list>
<bind>
<StgValue><ssdm name="_ssdm_op_SpecLoopTripCount"/></StgValue>
</bind>
</comp>

<comp id="78" class="1001" name="const_78">
<pin_list>
<pin id="79" dir="1" index="0" bw="1" slack="2147483647"/>
</pin_list>
<bind>
<StgValue><ssdm name=""/></StgValue>
</bind>
</comp>

<comp id="80" class="1001" name="const_80">
<pin_list>
<pin id="81" dir="1" index="0" bw="1" slack="2147483647"/>
</pin_list>
<bind>
<StgValue><ssdm name=""/></StgValue>
</bind>
</comp>

<comp id="82" class="1001" name="const_82">
<pin_list>
<pin id="83" dir="1" index="0" bw="1" slack="2147483647"/>
</pin_list>
<bind>
<StgValue><ssdm name=""/></StgValue>
</bind>
</comp>

<comp id="84" class="1001" name="const_84">
<pin_list>
<pin id="85" dir="1" index="0" bw="1" slack="2147483647"/>
</pin_list>
<bind>
<StgValue><ssdm name="_ssdm_op_SpecLoopName"/></StgValue>
</bind>
</comp>

<comp id="86" class="1001" name="const_86">
<pin_list>
<pin id="87" dir="1" index="0" bw="1" slack="2147483647"/>
</pin_list>
<bind>
<StgValue><ssdm name="empty_87"/></StgValue>
</bind>
</comp>

<comp id="88" class="1001" name="const_88">
<pin_list>
<pin id="89" dir="1" index="0" bw="1" slack="0"/>
</pin_list>
<bind>
<StgValue><ssdm name="_ssdm_op_BitSelect.i1.i64.i32"/></StgValue>
</bind>
</comp>

<comp id="90" class="1001" name="const_90">
<pin_list>
<pin id="91" dir="1" index="0" bw="1" slack="0"/>
</pin_list>
<bind>
<StgValue><ssdm name=""/></StgValue>
</bind>
</comp>

<comp id="92" class="1001" name="const_92">
<pin_list>
<pin id="93" dir="1" index="0" bw="1" slack="0"/>
</pin_list>
<bind>
<StgValue><ssdm name="_ssdm_op_BitSelect.i1.i64.i64"/></StgValue>
</bind>
</comp>

<comp id="94" class="1001" name="const_94">
<pin_list>
<pin id="95" dir="1" index="0" bw="1" slack="0"/>
</pin_list>
<bind>
<StgValue><ssdm name=""/></StgValue>
</bind>
</comp>

<comp id="96" class="1001" name="const_96">
<pin_list>
<pin id="97" dir="1" index="0" bw="1" slack="0"/>
</pin_list>
<bind>
<StgValue><ssdm name=""/></StgValue>
</bind>
</comp>

<comp id="98" class="1001" name="const_98">
<pin_list>
<pin id="99" dir="1" index="0" bw="1" slack="0"/>
</pin_list>
<bind>
<StgValue><ssdm name="_ssdm_op_BitConcatenate.i64.i1.i63"/></StgValue>
</bind>
</comp>

<comp id="100" class="1001" name="const_100">
<pin_list>
<pin id="101" dir="1" index="0" bw="1" slack="0"/>
</pin_list>
<bind>
<StgValue><ssdm name="_ssdm_op_Write.ap_auto.i64P0A"/></StgValue>
</bind>
</comp>

<comp id="102" class="1004" name="v_114_fu_102">
<pin_list>
<pin id="103" dir="0" index="0" bw="1" slack="0"/>
<pin id="104" dir="1" index="1" bw="64" slack="0"/>
</pin_list>
<bind>
<opcode="alloca(26) " fcode="alloca"/>
<opset="v_114/1 "/>
</bind>
</comp>

<comp id="106" class="1004" name="j_fu_106">
<pin_list>
<pin id="107" dir="0" index="0" bw="1" slack="0"/>
<pin id="108" dir="1" index="1" bw="4" slack="0"/>
</pin_list>
<bind>
<opcode="alloca(26) " fcode="alloca"/>
<opset="j/1 "/>
</bind>
</comp>

<comp id="110" class="1004" name="i_read_read_fu_110">
<pin_list>
<pin id="111" dir="0" index="0" bw="3" slack="0"/>
<pin id="112" dir="0" index="1" bw="3" slack="0"/>
<pin id="113" dir="1" index="2" bw="3" slack="0"/>
</pin_list>
<bind>
<opcode="read(1150) " fcode="read"/>
<opset="i_read/1 "/>
</bind>
</comp>

<comp id="116" class="1004" name="t1_i_i_7_load_read_read_fu_116">
<pin_list>
<pin id="117" dir="0" index="0" bw="64" slack="0"/>
<pin id="118" dir="0" index="1" bw="64" slack="0"/>
<pin id="119" dir="1" index="2" bw="64" slack="0"/>
</pin_list>
<bind>
<opcode="read(1150) " fcode="read"/>
<opset="t1_i_i_7_load_read/1 "/>
</bind>
</comp>

<comp id="122" class="1004" name="t1_i_i_6_load_read_read_fu_122">
<pin_list>
<pin id="123" dir="0" index="0" bw="64" slack="0"/>
<pin id="124" dir="0" index="1" bw="64" slack="0"/>
<pin id="125" dir="1" index="2" bw="64" slack="0"/>
</pin_list>
<bind>
<opcode="read(1150) " fcode="read"/>
<opset="t1_i_i_6_load_read/1 "/>
</bind>
</comp>

<comp id="128" class="1004" name="t1_i_i_5_load_read_read_fu_128">
<pin_list>
<pin id="129" dir="0" index="0" bw="64" slack="0"/>
<pin id="130" dir="0" index="1" bw="64" slack="0"/>
<pin id="131" dir="1" index="2" bw="64" slack="0"/>
</pin_list>
<bind>
<opcode="read(1150) " fcode="read"/>
<opset="t1_i_i_5_load_read/1 "/>
</bind>
</comp>

<comp id="134" class="1004" name="t1_i_i_4_load_read_read_fu_134">
<pin_list>
<pin id="135" dir="0" index="0" bw="64" slack="0"/>
<pin id="136" dir="0" index="1" bw="64" slack="0"/>
<pin id="137" dir="1" index="2" bw="64" slack="0"/>
</pin_list>
<bind>
<opcode="read(1150) " fcode="read"/>
<opset="t1_i_i_4_load_read/1 "/>
</bind>
</comp>

<comp id="140" class="1004" name="t1_i_i_3_load_read_read_fu_140">
<pin_list>
<pin id="141" dir="0" index="0" bw="64" slack="0"/>
<pin id="142" dir="0" index="1" bw="64" slack="0"/>
<pin id="143" dir="1" index="2" bw="64" slack="0"/>
</pin_list>
<bind>
<opcode="read(1150) " fcode="read"/>
<opset="t1_i_i_3_load_read/1 "/>
</bind>
</comp>

<comp id="146" class="1004" name="t1_i_i_2_load_read_read_fu_146">
<pin_list>
<pin id="147" dir="0" index="0" bw="64" slack="0"/>
<pin id="148" dir="0" index="1" bw="64" slack="0"/>
<pin id="149" dir="1" index="2" bw="64" slack="0"/>
</pin_list>
<bind>
<opcode="read(1150) " fcode="read"/>
<opset="t1_i_i_2_load_read/1 "/>
</bind>
</comp>

<comp id="152" class="1004" name="t1_i_i_1_load_read_read_fu_152">
<pin_list>
<pin id="153" dir="0" index="0" bw="64" slack="0"/>
<pin id="154" dir="0" index="1" bw="64" slack="0"/>
<pin id="155" dir="1" index="2" bw="64" slack="0"/>
</pin_list>
<bind>
<opcode="read(1150) " fcode="read"/>
<opset="t1_i_i_1_load_read/1 "/>
</bind>
</comp>

<comp id="158" class="1004" name="t1_i_i_0_load_read_read_fu_158">
<pin_list>
<pin id="159" dir="0" index="0" bw="64" slack="0"/>
<pin id="160" dir="0" index="1" bw="64" slack="0"/>
<pin id="161" dir="1" index="2" bw="64" slack="0"/>
</pin_list>
<bind>
<opcode="read(1150) " fcode="read"/>
<opset="t1_i_i_0_load_read/1 "/>
</bind>
</comp>

<comp id="164" class="1004" name="indvars_iv31_read_read_fu_164">
<pin_list>
<pin id="165" dir="0" index="0" bw="4" slack="0"/>
<pin id="166" dir="0" index="1" bw="4" slack="0"/>
<pin id="167" dir="1" index="2" bw="4" slack="0"/>
</pin_list>
<bind>
<opcode="read(1150) " fcode="read"/>
<opset="indvars_iv31_read/1 "/>
</bind>
</comp>

<comp id="170" class="1004" name="zext_ln243_read_read_fu_170">
<pin_list>
<pin id="171" dir="0" index="0" bw="4" slack="0"/>
<pin id="172" dir="0" index="1" bw="4" slack="0"/>
<pin id="173" dir="1" index="2" bw="4" slack="0"/>
</pin_list>
<bind>
<opcode="read(1150) " fcode="read"/>
<opset="zext_ln243_read/1 "/>
</bind>
</comp>

<comp id="176" class="1004" name="v_017_read_read_fu_176">
<pin_list>
<pin id="177" dir="0" index="0" bw="64" slack="0"/>
<pin id="178" dir="0" index="1" bw="64" slack="0"/>
<pin id="179" dir="1" index="2" bw="64" slack="0"/>
</pin_list>
<bind>
<opcode="read(1150) " fcode="read"/>
<opset="v_017_read/1 "/>
</bind>
</comp>

<comp id="182" class="1004" name="write_ln0_write_fu_182">
<pin_list>
<pin id="183" dir="0" index="0" bw="0" slack="0"/>
<pin id="184" dir="0" index="1" bw="64" slack="0"/>
<pin id="185" dir="0" index="2" bw="64" slack="0"/>
<pin id="186" dir="1" index="3" bw="0" slack="2147483647"/>
</pin_list>
<bind>
<opcode="write(1151) " fcode="write"/>
<opset="write_ln0/3 "/>
</bind>
</comp>

<comp id="189" class="1004" name="R_Z_addr_gep_fu_189">
<pin_list>
<pin id="190" dir="0" index="0" bw="64" slack="0"/>
<pin id="191" dir="0" index="1" bw="1" slack="0"/>
<pin id="192" dir="0" index="2" bw="4" slack="0"/>
<pin id="193" dir="1" index="3" bw="4" slack="0"/>
</pin_list>
<bind>
<opcode="getelementptr(29) " fcode="getelementptr"/>
<opset="R_Z_addr/1 "/>
</bind>
</comp>

<comp id="196" class="1004" name="grp_access_fu_196">
<pin_list>
<pin id="197" dir="0" index="0" bw="4" slack="0"/>
<pin id="198" dir="0" index="1" bw="64" slack="2147483647"/>
<pin id="199" dir="0" index="2" bw="0" slack="2147483647"/>
<pin id="200" dir="1" index="3" bw="64" slack="1"/>
</pin_list>
<bind>
<opcode="load(27) " fcode="load"/>
<opset="R_Z_load/1 "/>
</bind>
</comp>

<comp id="202" class="1004" name="grp_digit_x_digit_fu_202">
<pin_list>
<pin id="203" dir="0" index="0" bw="128" slack="0"/>
<pin id="204" dir="0" index="1" bw="64" slack="2"/>
<pin id="205" dir="0" index="2" bw="64" slack="1"/>
<pin id="206" dir="1" index="3" bw="128" slack="0"/>
</pin_list>
<bind>
<opcode="call(48) " fcode="call"/>
<opset="call_ret6/3 "/>
</bind>
</comp>

<comp id="208" class="1004" name="i_cast_fu_208">
<pin_list>
<pin id="209" dir="0" index="0" bw="3" slack="0"/>
<pin id="210" dir="1" index="1" bw="4" slack="0"/>
</pin_list>
<bind>
<opcode="zext(34) " fcode="zext"/>
<opset="i_cast/1 "/>
</bind>
</comp>

<comp id="212" class="1004" name="zext_ln243_cast_fu_212">
<pin_list>
<pin id="213" dir="0" index="0" bw="4" slack="0"/>
<pin id="214" dir="1" index="1" bw="64" slack="0"/>
</pin_list>
<bind>
<opcode="zext(34) " fcode="zext"/>
<opset="zext_ln243_cast/1 "/>
</bind>
</comp>

<comp id="216" class="1004" name="store_ln238_store_fu_216">
<pin_list>
<pin id="217" dir="0" index="0" bw="1" slack="0"/>
<pin id="218" dir="0" index="1" bw="4" slack="0"/>
<pin id="219" dir="1" index="2" bw="0" slack="2147483647"/>
</pin_list>
<bind>
<opcode="store(28) " fcode="store"/>
<opset="store_ln238/1 "/>
</bind>
</comp>

<comp id="221" class="1004" name="store_ln239_store_fu_221">
<pin_list>
<pin id="222" dir="0" index="0" bw="64" slack="0"/>
<pin id="223" dir="0" index="1" bw="64" slack="0"/>
<pin id="224" dir="1" index="2" bw="0" slack="2147483647"/>
</pin_list>
<bind>
<opcode="store(28) " fcode="store"/>
<opset="store_ln239/1 "/>
</bind>
</comp>

<comp id="226" class="1004" name="store_ln239_store_fu_226">
<pin_list>
<pin id="227" dir="0" index="0" bw="4" slack="0"/>
<pin id="228" dir="0" index="1" bw="64" slack="0"/>
<pin id="229" dir="1" index="2" bw="0" slack="2147483647"/>
</pin_list>
<bind>
<opcode="store(28) " fcode="store"/>
<opset="store_ln239/1 "/>
</bind>
</comp>

<comp id="232" class="1004" name="store_ln239_store_fu_232">
<pin_list>
<pin id="233" dir="0" index="0" bw="1" slack="0"/>
<pin id="234" dir="0" index="1" bw="4" slack="0"/>
<pin id="235" dir="1" index="2" bw="0" slack="2147483647"/>
</pin_list>
<bind>
<opcode="store(28) " fcode="store"/>
<opset="store_ln239/1 "/>
</bind>
</comp>

<comp id="238" class="1004" name="j_36_load_fu_238">
<pin_list>
<pin id="239" dir="0" index="0" bw="4" slack="0"/>
<pin id="240" dir="1" index="1" bw="4" slack="0"/>
</pin_list>
<bind>
<opcode="load(27) " fcode="load"/>
<opset="j_36/1 "/>
</bind>
</comp>

<comp id="241" class="1004" name="icmp_ln245_fu_241">
<pin_list>
<pin id="242" dir="0" index="0" bw="4" slack="0"/>
<pin id="243" dir="0" index="1" bw="4" slack="0"/>
<pin id="244" dir="1" index="2" bw="1" slack="2"/>
</pin_list>
<bind>
<opcode="icmp(45) " fcode="icmp"/>
<opset="icmp_ln245/1 "/>
</bind>
</comp>

<comp id="247" class="1004" name="add_ln245_fu_247">
<pin_list>
<pin id="248" dir="0" index="0" bw="4" slack="0"/>
<pin id="249" dir="0" index="1" bw="1" slack="0"/>
<pin id="250" dir="1" index="2" bw="4" slack="0"/>
</pin_list>
<bind>
<opcode="add(8) " fcode="add"/>
<opset="add_ln245/1 "/>
</bind>
</comp>

<comp id="253" class="1004" name="trunc_ln245_fu_253">
<pin_list>
<pin id="254" dir="0" index="0" bw="4" slack="0"/>
<pin id="255" dir="1" index="1" bw="3" slack="0"/>
</pin_list>
<bind>
<opcode="trunc(33) " fcode="trunc"/>
<opset="trunc_ln245/1 "/>
</bind>
</comp>

<comp id="257" class="1004" name="tmp_fu_257">
<pin_list>
<pin id="258" dir="0" index="0" bw="64" slack="0"/>
<pin id="259" dir="0" index="1" bw="3" slack="0"/>
<pin id="260" dir="0" index="2" bw="64" slack="0"/>
<pin id="261" dir="0" index="3" bw="3" slack="0"/>
<pin id="262" dir="0" index="4" bw="64" slack="0"/>
<pin id="263" dir="0" index="5" bw="3" slack="0"/>
<pin id="264" dir="0" index="6" bw="64" slack="0"/>
<pin id="265" dir="0" index="7" bw="3" slack="0"/>
<pin id="266" dir="0" index="8" bw="64" slack="0"/>
<pin id="267" dir="0" index="9" bw="3" slack="0"/>
<pin id="268" dir="0" index="10" bw="64" slack="0"/>
<pin id="269" dir="0" index="11" bw="3" slack="0"/>
<pin id="270" dir="0" index="12" bw="64" slack="0"/>
<pin id="271" dir="0" index="13" bw="3" slack="0"/>
<pin id="272" dir="0" index="14" bw="64" slack="0"/>
<pin id="273" dir="0" index="15" bw="3" slack="0"/>
<pin id="274" dir="0" index="16" bw="64" slack="0"/>
<pin id="275" dir="0" index="17" bw="64" slack="0"/>
<pin id="276" dir="0" index="18" bw="3" slack="0"/>
<pin id="277" dir="1" index="19" bw="64" slack="2"/>
</pin_list>
<bind>
<opcode="sparsemux(1197) " fcode="sparsemux"/>
<opset="tmp/1 "/>
</bind>
</comp>

<comp id="297" class="1004" name="sub_ln246_fu_297">
<pin_list>
<pin id="298" dir="0" index="0" bw="3" slack="0"/>
<pin id="299" dir="0" index="1" bw="4" slack="0"/>
<pin id="300" dir="1" index="2" bw="4" slack="0"/>
</pin_list>
<bind>
<opcode="sub(10) " fcode="sub"/>
<opset="sub_ln246/1 "/>
</bind>
</comp>

<comp id="303" class="1004" name="zext_ln246_fu_303">
<pin_list>
<pin id="304" dir="0" index="0" bw="4" slack="0"/>
<pin id="305" dir="1" index="1" bw="64" slack="0"/>
</pin_list>
<bind>
<opcode="zext(34) " fcode="zext"/>
<opset="zext_ln246/1 "/>
</bind>
</comp>

<comp id="308" class="1004" name="store_ln238_store_fu_308">
<pin_list>
<pin id="309" dir="0" index="0" bw="4" slack="0"/>
<pin id="310" dir="0" index="1" bw="4" slack="0"/>
<pin id="311" dir="1" index="2" bw="0" slack="2147483647"/>
</pin_list>
<bind>
<opcode="store(28) " fcode="store"/>
<opset="store_ln238/1 "/>
</bind>
</comp>

<comp id="313" class="1004" name="t_out_load_load_fu_313">
<pin_list>
<pin id="314" dir="0" index="0" bw="4" slack="0"/>
<pin id="315" dir="1" index="1" bw="4" slack="0"/>
</pin_list>
<bind>
<opcode="load(27) " fcode="load"/>
<opset="t_out_load/4 "/>
</bind>
</comp>

<comp id="317" class="1004" name="u_103_out_load_load_fu_317">
<pin_list>
<pin id="318" dir="0" index="0" bw="64" slack="0"/>
<pin id="319" dir="1" index="1" bw="64" slack="0"/>
</pin_list>
<bind>
<opcode="load(27) " fcode="load"/>
<opset="u_103_out_load/4 "/>
</bind>
</comp>

<comp id="321" class="1004" name="v_114_load_load_fu_321">
<pin_list>
<pin id="322" dir="0" index="0" bw="64" slack="3"/>
<pin id="323" dir="1" index="1" bw="64" slack="0"/>
</pin_list>
<bind>
<opcode="load(27) " fcode="load"/>
<opset="v_114_load/4 "/>
</bind>
</comp>

<comp id="324" class="1004" name="UV_fu_324">
<pin_list>
<pin id="325" dir="0" index="0" bw="128" slack="0"/>
<pin id="326" dir="1" index="1" bw="64" slack="0"/>
</pin_list>
<bind>
<opcode="extractvalue(56) " fcode="extractvalue"/>
<opset="UV/4 "/>
</bind>
</comp>

<comp id="328" class="1004" name="UV_66_fu_328">
<pin_list>
<pin id="329" dir="0" index="0" bw="128" slack="0"/>
<pin id="330" dir="1" index="1" bw="64" slack="0"/>
</pin_list>
<bind>
<opcode="extractvalue(56) " fcode="extractvalue"/>
<opset="UV_66/4 "/>
</bind>
</comp>

<comp id="332" class="1004" name="v_218_fu_332">
<pin_list>
<pin id="333" dir="0" index="0" bw="64" slack="0"/>
<pin id="334" dir="0" index="1" bw="64" slack="0"/>
<pin id="335" dir="1" index="2" bw="64" slack="0"/>
</pin_list>
<bind>
<opcode="add(8) " fcode="add"/>
<opset="v_218/4 "/>
</bind>
</comp>

<comp id="338" class="1004" name="xor_ln105_fu_338">
<pin_list>
<pin id="339" dir="0" index="0" bw="64" slack="0"/>
<pin id="340" dir="0" index="1" bw="64" slack="0"/>
<pin id="341" dir="1" index="2" bw="64" slack="0"/>
</pin_list>
<bind>
<opcode="xor(25) " fcode="xor"/>
<opset="xor_ln105/4 "/>
</bind>
</comp>

<comp id="344" class="1004" name="xor_ln105_36_fu_344">
<pin_list>
<pin id="345" dir="0" index="0" bw="64" slack="0"/>
<pin id="346" dir="0" index="1" bw="64" slack="0"/>
<pin id="347" dir="1" index="2" bw="64" slack="0"/>
</pin_list>
<bind>
<opcode="xor(25) " fcode="xor"/>
<opset="xor_ln105_36/4 "/>
</bind>
</comp>

<comp id="350" class="1004" name="or_ln105_fu_350">
<pin_list>
<pin id="351" dir="0" index="0" bw="64" slack="0"/>
<pin id="352" dir="0" index="1" bw="64" slack="0"/>
<pin id="353" dir="1" index="2" bw="64" slack="0"/>
</pin_list>
<bind>
<opcode="or(24) " fcode="or"/>
<opset="or_ln105/4 "/>
</bind>
</comp>

<comp id="356" class="1004" name="xor_ln105_37_fu_356">
<pin_list>
<pin id="357" dir="0" index="0" bw="64" slack="0"/>
<pin id="358" dir="0" index="1" bw="64" slack="0"/>
<pin id="359" dir="1" index="2" bw="64" slack="0"/>
</pin_list>
<bind>
<opcode="xor(25) " fcode="xor"/>
<opset="xor_ln105_37/4 "/>
</bind>
</comp>

<comp id="362" class="1004" name="carry_fu_362">
<pin_list>
<pin id="363" dir="0" index="0" bw="1" slack="0"/>
<pin id="364" dir="0" index="1" bw="64" slack="0"/>
<pin id="365" dir="0" index="2" bw="7" slack="0"/>
<pin id="366" dir="1" index="3" bw="1" slack="0"/>
</pin_list>
<bind>
<opcode="bitselect(1000) " fcode="bitselect"/>
<opset="carry/4 "/>
</bind>
</comp>

<comp id="370" class="1004" name="zext_ln105_fu_370">
<pin_list>
<pin id="371" dir="0" index="0" bw="1" slack="0"/>
<pin id="372" dir="1" index="1" bw="64" slack="0"/>
</pin_list>
<bind>
<opcode="zext(34) " fcode="zext"/>
<opset="zext_ln105/4 "/>
</bind>
</comp>

<comp id="374" class="1004" name="tempReg_fu_374">
<pin_list>
<pin id="375" dir="0" index="0" bw="64" slack="0"/>
<pin id="376" dir="0" index="1" bw="1" slack="0"/>
<pin id="377" dir="1" index="2" bw="64" slack="0"/>
</pin_list>
<bind>
<opcode="add(8) " fcode="add"/>
<opset="tempReg/4 "/>
</bind>
</comp>

<comp id="380" class="1004" name="v_fu_380">
<pin_list>
<pin id="381" dir="0" index="0" bw="64" slack="0"/>
<pin id="382" dir="0" index="1" bw="64" slack="0"/>
<pin id="383" dir="1" index="2" bw="64" slack="0"/>
</pin_list>
<bind>
<opcode="add(8) " fcode="add"/>
<opset="v/4 "/>
</bind>
</comp>

<comp id="386" class="1004" name="xor_ln248_fu_386">
<pin_list>
<pin id="387" dir="0" index="0" bw="64" slack="0"/>
<pin id="388" dir="0" index="1" bw="64" slack="0"/>
<pin id="389" dir="1" index="2" bw="64" slack="0"/>
</pin_list>
<bind>
<opcode="xor(25) " fcode="xor"/>
<opset="xor_ln248/4 "/>
</bind>
</comp>

<comp id="392" class="1004" name="xor_ln248_21_fu_392">
<pin_list>
<pin id="393" dir="0" index="0" bw="64" slack="0"/>
<pin id="394" dir="0" index="1" bw="64" slack="0"/>
<pin id="395" dir="1" index="2" bw="64" slack="0"/>
</pin_list>
<bind>
<opcode="xor(25) " fcode="xor"/>
<opset="xor_ln248_21/4 "/>
</bind>
</comp>

<comp id="398" class="1004" name="or_ln248_fu_398">
<pin_list>
<pin id="399" dir="0" index="0" bw="64" slack="0"/>
<pin id="400" dir="0" index="1" bw="64" slack="0"/>
<pin id="401" dir="1" index="2" bw="64" slack="0"/>
</pin_list>
<bind>
<opcode="or(24) " fcode="or"/>
<opset="or_ln248/4 "/>
</bind>
</comp>

<comp id="404" class="1004" name="bit_sel_fu_404">
<pin_list>
<pin id="405" dir="0" index="0" bw="1" slack="0"/>
<pin id="406" dir="0" index="1" bw="64" slack="0"/>
<pin id="407" dir="0" index="2" bw="7" slack="0"/>
<pin id="408" dir="1" index="3" bw="1" slack="0"/>
</pin_list>
<bind>
<opcode="bitselect(1000) " fcode="bitselect"/>
<opset="bit_sel/4 "/>
</bind>
</comp>

<comp id="412" class="1004" name="xor_ln248_22_fu_412">
<pin_list>
<pin id="413" dir="0" index="0" bw="1" slack="0"/>
<pin id="414" dir="0" index="1" bw="1" slack="0"/>
<pin id="415" dir="1" index="2" bw="1" slack="0"/>
</pin_list>
<bind>
<opcode="xor(25) " fcode="xor"/>
<opset="xor_ln248_22/4 "/>
</bind>
</comp>

<comp id="418" class="1004" name="trunc_ln248_fu_418">
<pin_list>
<pin id="419" dir="0" index="0" bw="64" slack="0"/>
<pin id="420" dir="1" index="1" bw="63" slack="0"/>
</pin_list>
<bind>
<opcode="trunc(33) " fcode="trunc"/>
<opset="trunc_ln248/4 "/>
</bind>
</comp>

<comp id="422" class="1004" name="xor_ln248_s_fu_422">
<pin_list>
<pin id="423" dir="0" index="0" bw="64" slack="0"/>
<pin id="424" dir="0" index="1" bw="1" slack="0"/>
<pin id="425" dir="0" index="2" bw="63" slack="0"/>
<pin id="426" dir="1" index="3" bw="64" slack="0"/>
</pin_list>
<bind>
<opcode="bitconcatenate(1004) " fcode="bitconcatenate"/>
<opset="xor_ln248_s/4 "/>
</bind>
</comp>

<comp id="430" class="1004" name="and_ln248_fu_430">
<pin_list>
<pin id="431" dir="0" index="0" bw="64" slack="0"/>
<pin id="432" dir="0" index="1" bw="64" slack="0"/>
<pin id="433" dir="1" index="2" bw="64" slack="0"/>
</pin_list>
<bind>
<opcode="and(23) " fcode="and"/>
<opset="and_ln248/4 "/>
</bind>
</comp>

<comp id="436" class="1004" name="xor_ln248_23_fu_436">
<pin_list>
<pin id="437" dir="0" index="0" bw="64" slack="0"/>
<pin id="438" dir="0" index="1" bw="64" slack="0"/>
<pin id="439" dir="1" index="2" bw="64" slack="0"/>
</pin_list>
<bind>
<opcode="xor(25) " fcode="xor"/>
<opset="xor_ln248_23/4 "/>
</bind>
</comp>

<comp id="442" class="1004" name="or_ln248_7_fu_442">
<pin_list>
<pin id="443" dir="0" index="0" bw="64" slack="0"/>
<pin id="444" dir="0" index="1" bw="64" slack="0"/>
<pin id="445" dir="1" index="2" bw="64" slack="0"/>
</pin_list>
<bind>
<opcode="or(24) " fcode="or"/>
<opset="or_ln248_7/4 "/>
</bind>
</comp>

<comp id="448" class="1004" name="tmp_202_fu_448">
<pin_list>
<pin id="449" dir="0" index="0" bw="1" slack="0"/>
<pin id="450" dir="0" index="1" bw="64" slack="0"/>
<pin id="451" dir="0" index="2" bw="7" slack="0"/>
<pin id="452" dir="1" index="3" bw="1" slack="0"/>
</pin_list>
<bind>
<opcode="bitselect(1000) " fcode="bitselect"/>
<opset="tmp_202/4 "/>
</bind>
</comp>

<comp id="456" class="1004" name="zext_ln249_fu_456">
<pin_list>
<pin id="457" dir="0" index="0" bw="1" slack="0"/>
<pin id="458" dir="1" index="1" bw="4" slack="0"/>
</pin_list>
<bind>
<opcode="zext(34) " fcode="zext"/>
<opset="zext_ln249/4 "/>
</bind>
</comp>

<comp id="460" class="1004" name="u_fu_460">
<pin_list>
<pin id="461" dir="0" index="0" bw="1" slack="0"/>
<pin id="462" dir="0" index="1" bw="4" slack="0"/>
<pin id="463" dir="1" index="2" bw="4" slack="0"/>
</pin_list>
<bind>
<opcode="add(8) " fcode="add"/>
<opset="u/4 "/>
</bind>
</comp>

<comp id="466" class="1004" name="store_ln239_store_fu_466">
<pin_list>
<pin id="467" dir="0" index="0" bw="64" slack="0"/>
<pin id="468" dir="0" index="1" bw="64" slack="3"/>
<pin id="469" dir="1" index="2" bw="0" slack="2147483647"/>
</pin_list>
<bind>
<opcode="store(28) " fcode="store"/>
<opset="store_ln239/4 "/>
</bind>
</comp>

<comp id="471" class="1004" name="store_ln239_store_fu_471">
<pin_list>
<pin id="472" dir="0" index="0" bw="64" slack="0"/>
<pin id="473" dir="0" index="1" bw="64" slack="0"/>
<pin id="474" dir="1" index="2" bw="0" slack="2147483647"/>
</pin_list>
<bind>
<opcode="store(28) " fcode="store"/>
<opset="store_ln239/4 "/>
</bind>
</comp>

<comp id="477" class="1004" name="store_ln239_store_fu_477">
<pin_list>
<pin id="478" dir="0" index="0" bw="4" slack="0"/>
<pin id="479" dir="0" index="1" bw="4" slack="0"/>
<pin id="480" dir="1" index="2" bw="0" slack="2147483647"/>
</pin_list>
<bind>
<opcode="store(28) " fcode="store"/>
<opset="store_ln239/4 "/>
</bind>
</comp>

<comp id="483" class="1004" name="v_114_load_5_load_fu_483">
<pin_list>
<pin id="484" dir="0" index="0" bw="64" slack="2"/>
<pin id="485" dir="1" index="1" bw="64" slack="0"/>
</pin_list>
<bind>
<opcode="load(27) " fcode="load"/>
<opset="v_114_load_5/3 "/>
</bind>
</comp>

<comp id="487" class="1005" name="v_114_reg_487">
<pin_list>
<pin id="488" dir="0" index="0" bw="64" slack="0"/>
<pin id="489" dir="1" index="1" bw="64" slack="0"/>
</pin_list>
<bind>
<opset="v_114 "/>
</bind>
</comp>

<comp id="495" class="1005" name="j_reg_495">
<pin_list>
<pin id="496" dir="0" index="0" bw="4" slack="0"/>
<pin id="497" dir="1" index="1" bw="4" slack="0"/>
</pin_list>
<bind>
<opset="j "/>
</bind>
</comp>

<comp id="502" class="1005" name="icmp_ln245_reg_502">
<pin_list>
<pin id="503" dir="0" index="0" bw="1" slack="2"/>
<pin id="504" dir="1" index="1" bw="1" slack="2147483647"/>
</pin_list>
<bind>
<opset="icmp_ln245 "/>
</bind>
</comp>

<comp id="506" class="1005" name="tmp_reg_506">
<pin_list>
<pin id="507" dir="0" index="0" bw="64" slack="2"/>
<pin id="508" dir="1" index="1" bw="64" slack="2"/>
</pin_list>
<bind>
<opset="tmp "/>
</bind>
</comp>

<comp id="511" class="1005" name="R_Z_addr_reg_511">
<pin_list>
<pin id="512" dir="0" index="0" bw="4" slack="1"/>
<pin id="513" dir="1" index="1" bw="4" slack="1"/>
</pin_list>
<bind>
<opset="R_Z_addr "/>
</bind>
</comp>

<comp id="516" class="1005" name="R_Z_load_reg_516">
<pin_list>
<pin id="517" dir="0" index="0" bw="64" slack="1"/>
<pin id="518" dir="1" index="1" bw="64" slack="1"/>
</pin_list>
<bind>
<opset="R_Z_load "/>
</bind>
</comp>

</comp_list>

<net_list>
<net id="105"><net_src comp="32" pin="0"/><net_sink comp="102" pin=0"/></net>

<net id="109"><net_src comp="32" pin="0"/><net_sink comp="106" pin=0"/></net>

<net id="114"><net_src comp="34" pin="0"/><net_sink comp="110" pin=0"/></net>

<net id="115"><net_src comp="22" pin="0"/><net_sink comp="110" pin=1"/></net>

<net id="120"><net_src comp="36" pin="0"/><net_sink comp="116" pin=0"/></net>

<net id="121"><net_src comp="20" pin="0"/><net_sink comp="116" pin=1"/></net>

<net id="126"><net_src comp="36" pin="0"/><net_sink comp="122" pin=0"/></net>

<net id="127"><net_src comp="18" pin="0"/><net_sink comp="122" pin=1"/></net>

<net id="132"><net_src comp="36" pin="0"/><net_sink comp="128" pin=0"/></net>

<net id="133"><net_src comp="16" pin="0"/><net_sink comp="128" pin=1"/></net>

<net id="138"><net_src comp="36" pin="0"/><net_sink comp="134" pin=0"/></net>

<net id="139"><net_src comp="14" pin="0"/><net_sink comp="134" pin=1"/></net>

<net id="144"><net_src comp="36" pin="0"/><net_sink comp="140" pin=0"/></net>

<net id="145"><net_src comp="12" pin="0"/><net_sink comp="140" pin=1"/></net>

<net id="150"><net_src comp="36" pin="0"/><net_sink comp="146" pin=0"/></net>

<net id="151"><net_src comp="10" pin="0"/><net_sink comp="146" pin=1"/></net>

<net id="156"><net_src comp="36" pin="0"/><net_sink comp="152" pin=0"/></net>

<net id="157"><net_src comp="8" pin="0"/><net_sink comp="152" pin=1"/></net>

<net id="162"><net_src comp="36" pin="0"/><net_sink comp="158" pin=0"/></net>

<net id="163"><net_src comp="6" pin="0"/><net_sink comp="158" pin=1"/></net>

<net id="168"><net_src comp="38" pin="0"/><net_sink comp="164" pin=0"/></net>

<net id="169"><net_src comp="4" pin="0"/><net_sink comp="164" pin=1"/></net>

<net id="174"><net_src comp="38" pin="0"/><net_sink comp="170" pin=0"/></net>

<net id="175"><net_src comp="2" pin="0"/><net_sink comp="170" pin=1"/></net>

<net id="180"><net_src comp="36" pin="0"/><net_sink comp="176" pin=0"/></net>

<net id="181"><net_src comp="0" pin="0"/><net_sink comp="176" pin=1"/></net>

<net id="187"><net_src comp="100" pin="0"/><net_sink comp="182" pin=0"/></net>

<net id="188"><net_src comp="26" pin="0"/><net_sink comp="182" pin=1"/></net>

<net id="194"><net_src comp="24" pin="0"/><net_sink comp="189" pin=0"/></net>

<net id="195"><net_src comp="64" pin="0"/><net_sink comp="189" pin=1"/></net>

<net id="201"><net_src comp="189" pin="3"/><net_sink comp="196" pin=0"/></net>

<net id="207"><net_src comp="66" pin="0"/><net_sink comp="202" pin=0"/></net>

<net id="211"><net_src comp="110" pin="2"/><net_sink comp="208" pin=0"/></net>

<net id="215"><net_src comp="170" pin="2"/><net_sink comp="212" pin=0"/></net>

<net id="220"><net_src comp="40" pin="0"/><net_sink comp="216" pin=0"/></net>

<net id="225"><net_src comp="176" pin="2"/><net_sink comp="221" pin=0"/></net>

<net id="230"><net_src comp="212" pin="1"/><net_sink comp="226" pin=0"/></net>

<net id="231"><net_src comp="28" pin="0"/><net_sink comp="226" pin=1"/></net>

<net id="236"><net_src comp="40" pin="0"/><net_sink comp="232" pin=0"/></net>

<net id="237"><net_src comp="30" pin="0"/><net_sink comp="232" pin=1"/></net>

<net id="245"><net_src comp="238" pin="1"/><net_sink comp="241" pin=0"/></net>

<net id="246"><net_src comp="164" pin="2"/><net_sink comp="241" pin=1"/></net>

<net id="251"><net_src comp="238" pin="1"/><net_sink comp="247" pin=0"/></net>

<net id="252"><net_src comp="42" pin="0"/><net_sink comp="247" pin=1"/></net>

<net id="256"><net_src comp="238" pin="1"/><net_sink comp="253" pin=0"/></net>

<net id="278"><net_src comp="44" pin="0"/><net_sink comp="257" pin=0"/></net>

<net id="279"><net_src comp="46" pin="0"/><net_sink comp="257" pin=1"/></net>

<net id="280"><net_src comp="158" pin="2"/><net_sink comp="257" pin=2"/></net>

<net id="281"><net_src comp="48" pin="0"/><net_sink comp="257" pin=3"/></net>

<net id="282"><net_src comp="152" pin="2"/><net_sink comp="257" pin=4"/></net>

<net id="283"><net_src comp="50" pin="0"/><net_sink comp="257" pin=5"/></net>

<net id="284"><net_src comp="146" pin="2"/><net_sink comp="257" pin=6"/></net>

<net id="285"><net_src comp="52" pin="0"/><net_sink comp="257" pin=7"/></net>

<net id="286"><net_src comp="140" pin="2"/><net_sink comp="257" pin=8"/></net>

<net id="287"><net_src comp="54" pin="0"/><net_sink comp="257" pin=9"/></net>

<net id="288"><net_src comp="134" pin="2"/><net_sink comp="257" pin=10"/></net>

<net id="289"><net_src comp="56" pin="0"/><net_sink comp="257" pin=11"/></net>

<net id="290"><net_src comp="128" pin="2"/><net_sink comp="257" pin=12"/></net>

<net id="291"><net_src comp="58" pin="0"/><net_sink comp="257" pin=13"/></net>

<net id="292"><net_src comp="122" pin="2"/><net_sink comp="257" pin=14"/></net>

<net id="293"><net_src comp="60" pin="0"/><net_sink comp="257" pin=15"/></net>

<net id="294"><net_src comp="116" pin="2"/><net_sink comp="257" pin=16"/></net>

<net id="295"><net_src comp="62" pin="0"/><net_sink comp="257" pin=17"/></net>

<net id="296"><net_src comp="253" pin="1"/><net_sink comp="257" pin=18"/></net>

<net id="301"><net_src comp="208" pin="1"/><net_sink comp="297" pin=0"/></net>

<net id="302"><net_src comp="238" pin="1"/><net_sink comp="297" pin=1"/></net>

<net id="306"><net_src comp="297" pin="2"/><net_sink comp="303" pin=0"/></net>

<net id="307"><net_src comp="303" pin="1"/><net_sink comp="189" pin=2"/></net>

<net id="312"><net_src comp="247" pin="2"/><net_sink comp="308" pin=0"/></net>

<net id="316"><net_src comp="30" pin="0"/><net_sink comp="313" pin=0"/></net>

<net id="320"><net_src comp="28" pin="0"/><net_sink comp="317" pin=0"/></net>

<net id="327"><net_src comp="202" pin="3"/><net_sink comp="324" pin=0"/></net>

<net id="331"><net_src comp="202" pin="3"/><net_sink comp="328" pin=0"/></net>

<net id="336"><net_src comp="324" pin="1"/><net_sink comp="332" pin=0"/></net>

<net id="337"><net_src comp="321" pin="1"/><net_sink comp="332" pin=1"/></net>

<net id="342"><net_src comp="332" pin="2"/><net_sink comp="338" pin=0"/></net>

<net id="343"><net_src comp="324" pin="1"/><net_sink comp="338" pin=1"/></net>

<net id="348"><net_src comp="324" pin="1"/><net_sink comp="344" pin=0"/></net>

<net id="349"><net_src comp="321" pin="1"/><net_sink comp="344" pin=1"/></net>

<net id="354"><net_src comp="338" pin="2"/><net_sink comp="350" pin=0"/></net>

<net id="355"><net_src comp="344" pin="2"/><net_sink comp="350" pin=1"/></net>

<net id="360"><net_src comp="350" pin="2"/><net_sink comp="356" pin=0"/></net>

<net id="361"><net_src comp="332" pin="2"/><net_sink comp="356" pin=1"/></net>

<net id="367"><net_src comp="88" pin="0"/><net_sink comp="362" pin=0"/></net>

<net id="368"><net_src comp="356" pin="2"/><net_sink comp="362" pin=1"/></net>

<net id="369"><net_src comp="90" pin="0"/><net_sink comp="362" pin=2"/></net>

<net id="373"><net_src comp="362" pin="3"/><net_sink comp="370" pin=0"/></net>

<net id="378"><net_src comp="328" pin="1"/><net_sink comp="374" pin=0"/></net>

<net id="379"><net_src comp="370" pin="1"/><net_sink comp="374" pin=1"/></net>

<net id="384"><net_src comp="374" pin="2"/><net_sink comp="380" pin=0"/></net>

<net id="385"><net_src comp="317" pin="1"/><net_sink comp="380" pin=1"/></net>

<net id="390"><net_src comp="380" pin="2"/><net_sink comp="386" pin=0"/></net>

<net id="391"><net_src comp="374" pin="2"/><net_sink comp="386" pin=1"/></net>

<net id="396"><net_src comp="374" pin="2"/><net_sink comp="392" pin=0"/></net>

<net id="397"><net_src comp="317" pin="1"/><net_sink comp="392" pin=1"/></net>

<net id="402"><net_src comp="386" pin="2"/><net_sink comp="398" pin=0"/></net>

<net id="403"><net_src comp="392" pin="2"/><net_sink comp="398" pin=1"/></net>

<net id="409"><net_src comp="92" pin="0"/><net_sink comp="404" pin=0"/></net>

<net id="410"><net_src comp="374" pin="2"/><net_sink comp="404" pin=1"/></net>

<net id="411"><net_src comp="94" pin="0"/><net_sink comp="404" pin=2"/></net>

<net id="416"><net_src comp="404" pin="3"/><net_sink comp="412" pin=0"/></net>

<net id="417"><net_src comp="96" pin="0"/><net_sink comp="412" pin=1"/></net>

<net id="421"><net_src comp="374" pin="2"/><net_sink comp="418" pin=0"/></net>

<net id="427"><net_src comp="98" pin="0"/><net_sink comp="422" pin=0"/></net>

<net id="428"><net_src comp="412" pin="2"/><net_sink comp="422" pin=1"/></net>

<net id="429"><net_src comp="418" pin="1"/><net_sink comp="422" pin=2"/></net>

<net id="434"><net_src comp="422" pin="3"/><net_sink comp="430" pin=0"/></net>

<net id="435"><net_src comp="328" pin="1"/><net_sink comp="430" pin=1"/></net>

<net id="440"><net_src comp="398" pin="2"/><net_sink comp="436" pin=0"/></net>

<net id="441"><net_src comp="380" pin="2"/><net_sink comp="436" pin=1"/></net>

<net id="446"><net_src comp="436" pin="2"/><net_sink comp="442" pin=0"/></net>

<net id="447"><net_src comp="430" pin="2"/><net_sink comp="442" pin=1"/></net>

<net id="453"><net_src comp="88" pin="0"/><net_sink comp="448" pin=0"/></net>

<net id="454"><net_src comp="442" pin="2"/><net_sink comp="448" pin=1"/></net>

<net id="455"><net_src comp="90" pin="0"/><net_sink comp="448" pin=2"/></net>

<net id="459"><net_src comp="448" pin="3"/><net_sink comp="456" pin=0"/></net>

<net id="464"><net_src comp="456" pin="1"/><net_sink comp="460" pin=0"/></net>

<net id="465"><net_src comp="313" pin="1"/><net_sink comp="460" pin=1"/></net>

<net id="470"><net_src comp="332" pin="2"/><net_sink comp="466" pin=0"/></net>

<net id="475"><net_src comp="380" pin="2"/><net_sink comp="471" pin=0"/></net>

<net id="476"><net_src comp="28" pin="0"/><net_sink comp="471" pin=1"/></net>

<net id="481"><net_src comp="460" pin="2"/><net_sink comp="477" pin=0"/></net>

<net id="482"><net_src comp="30" pin="0"/><net_sink comp="477" pin=1"/></net>

<net id="486"><net_src comp="483" pin="1"/><net_sink comp="182" pin=2"/></net>

<net id="490"><net_src comp="102" pin="1"/><net_sink comp="487" pin=0"/></net>

<net id="491"><net_src comp="487" pin="1"/><net_sink comp="221" pin=1"/></net>

<net id="492"><net_src comp="487" pin="1"/><net_sink comp="321" pin=0"/></net>

<net id="493"><net_src comp="487" pin="1"/><net_sink comp="466" pin=1"/></net>

<net id="494"><net_src comp="487" pin="1"/><net_sink comp="483" pin=0"/></net>

<net id="498"><net_src comp="106" pin="1"/><net_sink comp="495" pin=0"/></net>

<net id="499"><net_src comp="495" pin="1"/><net_sink comp="216" pin=1"/></net>

<net id="500"><net_src comp="495" pin="1"/><net_sink comp="238" pin=0"/></net>

<net id="501"><net_src comp="495" pin="1"/><net_sink comp="308" pin=1"/></net>

<net id="505"><net_src comp="241" pin="2"/><net_sink comp="502" pin=0"/></net>

<net id="509"><net_src comp="257" pin="19"/><net_sink comp="506" pin=0"/></net>

<net id="510"><net_src comp="506" pin="1"/><net_sink comp="202" pin=1"/></net>

<net id="514"><net_src comp="189" pin="3"/><net_sink comp="511" pin=0"/></net>

<net id="515"><net_src comp="511" pin="1"/><net_sink comp="196" pin=0"/></net>

<net id="519"><net_src comp="196" pin="3"/><net_sink comp="516" pin=0"/></net>

<net id="520"><net_src comp="516" pin="1"/><net_sink comp="202" pin=2"/></net>

</net_list>

</model> 
---------------- Datapath Model END ------------------

* FSMD analyzer results:
  - Output states:
	Port: v_114_out | {3 }
	Port: u_103_out | {1 4 }
	Port: t_out | {1 4 }
 - Input state : 
	Port: mp_mul.89_Pipeline_VITIS_LOOP_245_2 : v_017 | {1 }
	Port: mp_mul.89_Pipeline_VITIS_LOOP_245_2 : zext_ln243 | {1 }
	Port: mp_mul.89_Pipeline_VITIS_LOOP_245_2 : indvars_iv31 | {1 }
	Port: mp_mul.89_Pipeline_VITIS_LOOP_245_2 : t1_i_i_0_load | {1 }
	Port: mp_mul.89_Pipeline_VITIS_LOOP_245_2 : t1_i_i_1_load | {1 }
	Port: mp_mul.89_Pipeline_VITIS_LOOP_245_2 : t1_i_i_2_load | {1 }
	Port: mp_mul.89_Pipeline_VITIS_LOOP_245_2 : t1_i_i_3_load | {1 }
	Port: mp_mul.89_Pipeline_VITIS_LOOP_245_2 : t1_i_i_4_load | {1 }
	Port: mp_mul.89_Pipeline_VITIS_LOOP_245_2 : t1_i_i_5_load | {1 }
	Port: mp_mul.89_Pipeline_VITIS_LOOP_245_2 : t1_i_i_6_load | {1 }
	Port: mp_mul.89_Pipeline_VITIS_LOOP_245_2 : t1_i_i_7_load | {1 }
	Port: mp_mul.89_Pipeline_VITIS_LOOP_245_2 : i | {1 }
	Port: mp_mul.89_Pipeline_VITIS_LOOP_245_2 : R_Z | {1 2 }
	Port: mp_mul.89_Pipeline_VITIS_LOOP_245_2 : u_103_out | {4 }
	Port: mp_mul.89_Pipeline_VITIS_LOOP_245_2 : t_out | {4 }
  - Chain level:
	State 1
		store_ln238 : 1
		store_ln239 : 1
		j_36 : 1
		icmp_ln245 : 2
		add_ln245 : 2
		br_ln245 : 3
		trunc_ln245 : 2
		tmp : 3
		sub_ln246 : 1
		zext_ln246 : 2
		R_Z_addr : 3
		R_Z_load : 4
		store_ln238 : 3
	State 2
	State 3
		write_ln0 : 1
	State 4
		UV : 1
		UV_66 : 1
		v_218 : 2
		xor_ln105 : 3
		xor_ln105_36 : 2
		or_ln105 : 3
		xor_ln105_37 : 3
		carry : 3
		zext_ln105 : 4
		tempReg : 5
		v : 6
		xor_ln248 : 7
		xor_ln248_21 : 6
		or_ln248 : 7
		bit_sel : 6
		xor_ln248_22 : 7
		trunc_ln248 : 6
		xor_ln248_s : 7
		and_ln248 : 8
		xor_ln248_23 : 7
		or_ln248_7 : 8
		tmp_202 : 8
		zext_ln249 : 9
		u : 10
		store_ln239 : 3
		store_ln239 : 7
		store_ln239 : 11


============================================================
+ Verbose Summary: Datapath Resource usage 
============================================================

* Functional unit list:
|----------|--------------------------------|---------|---------|---------|
| Operation|         Functional Unit        |   DSP   |    FF   |   LUT   |
|----------|--------------------------------|---------|---------|---------|
|   call   |    grp_digit_x_digit_fu_202    |    16   |   130   |   476   |
|----------|--------------------------------|---------|---------|---------|
|          |        xor_ln105_fu_338        |    0    |    0    |    64   |
|          |       xor_ln105_36_fu_344      |    0    |    0    |    64   |
|          |       xor_ln105_37_fu_356      |    0    |    0    |    64   |
|    xor   |        xor_ln248_fu_386        |    0    |    0    |    64   |
|          |       xor_ln248_21_fu_392      |    0    |    0    |    64   |
|          |       xor_ln248_22_fu_412      |    0    |    0    |    2    |
|          |       xor_ln248_23_fu_436      |    0    |    0    |    64   |
|----------|--------------------------------|---------|---------|---------|
|          |        add_ln245_fu_247        |    0    |    0    |    12   |
|          |          v_218_fu_332          |    0    |    0    |    71   |
|    add   |         tempReg_fu_374         |    0    |    0    |    71   |
|          |            v_fu_380            |    0    |    0    |    71   |
|          |            u_fu_460            |    0    |    0    |    12   |
|----------|--------------------------------|---------|---------|---------|
|          |         or_ln105_fu_350        |    0    |    0    |    64   |
|    or    |         or_ln248_fu_398        |    0    |    0    |    64   |
|          |        or_ln248_7_fu_442       |    0    |    0    |    64   |
|----------|--------------------------------|---------|---------|---------|
|    and   |        and_ln248_fu_430        |    0    |    0    |    64   |
|----------|--------------------------------|---------|---------|---------|
| sparsemux|           tmp_fu_257           |    0    |    0    |    43   |
|----------|--------------------------------|---------|---------|---------|
|   icmp   |        icmp_ln245_fu_241       |    0    |    0    |    12   |
|----------|--------------------------------|---------|---------|---------|
|    sub   |        sub_ln246_fu_297        |    0    |    0    |    12   |
|----------|--------------------------------|---------|---------|---------|
|          |       i_read_read_fu_110       |    0    |    0    |    0    |
|          | t1_i_i_7_load_read_read_fu_116 |    0    |    0    |    0    |
|          | t1_i_i_6_load_read_read_fu_122 |    0    |    0    |    0    |
|          | t1_i_i_5_load_read_read_fu_128 |    0    |    0    |    0    |
|          | t1_i_i_4_load_read_read_fu_134 |    0    |    0    |    0    |
|   read   | t1_i_i_3_load_read_read_fu_140 |    0    |    0    |    0    |
|          | t1_i_i_2_load_read_read_fu_146 |    0    |    0    |    0    |
|          | t1_i_i_1_load_read_read_fu_152 |    0    |    0    |    0    |
|          | t1_i_i_0_load_read_read_fu_158 |    0    |    0    |    0    |
|          |  indvars_iv31_read_read_fu_164 |    0    |    0    |    0    |
|          |   zext_ln243_read_read_fu_170  |    0    |    0    |    0    |
|          |     v_017_read_read_fu_176     |    0    |    0    |    0    |
|----------|--------------------------------|---------|---------|---------|
|   write  |     write_ln0_write_fu_182     |    0    |    0    |    0    |
|----------|--------------------------------|---------|---------|---------|
|          |          i_cast_fu_208         |    0    |    0    |    0    |
|          |     zext_ln243_cast_fu_212     |    0    |    0    |    0    |
|   zext   |        zext_ln246_fu_303       |    0    |    0    |    0    |
|          |        zext_ln105_fu_370       |    0    |    0    |    0    |
|          |        zext_ln249_fu_456       |    0    |    0    |    0    |
|----------|--------------------------------|---------|---------|---------|
|   trunc  |       trunc_ln245_fu_253       |    0    |    0    |    0    |
|          |       trunc_ln248_fu_418       |    0    |    0    |    0    |
|----------|--------------------------------|---------|---------|---------|
|extractvalue|            UV_fu_324           |    0    |    0    |    0    |
|          |          UV_66_fu_328          |    0    |    0    |    0    |
|----------|--------------------------------|---------|---------|---------|
|          |          carry_fu_362          |    0    |    0    |    0    |
| bitselect|         bit_sel_fu_404         |    0    |    0    |    0    |
|          |         tmp_202_fu_448         |    0    |    0    |    0    |
|----------|--------------------------------|---------|---------|---------|
|bitconcatenate|       xor_ln248_s_fu_422       |    0    |    0    |    0    |
|----------|--------------------------------|---------|---------|---------|
|   Total  |                                |    16   |   130   |   1422  |
|----------|--------------------------------|---------|---------|---------|

Memories:
N/A

* Register list:
+------------------+--------+
|                  |   FF   |
+------------------+--------+
| R_Z_addr_reg_511 |    4   |
| R_Z_load_reg_516 |   64   |
|icmp_ln245_reg_502|    1   |
|     j_reg_495    |    4   |
|    tmp_reg_506   |   64   |
|   v_114_reg_487  |   64   |
+------------------+--------+
|       Total      |   201  |
+------------------+--------+

* Multiplexer (MUX) list: 
|-------------------|------|------|------|--------||---------||---------||---------|
|        Comp       |  Pin | Size |  BW  | S x BW ||  Delay  ||    FF   ||   LUT   |
|-------------------|------|------|------|--------||---------||---------||---------|
| grp_access_fu_196 |  p0  |   2  |   4  |    8   ||    0    ||    9    |
|-------------------|------|------|------|--------||---------||---------||---------|
|       Total       |      |      |      |    8   ||  0.387  ||    0    ||    9    |
|-------------------|------|------|------|--------||---------||---------||---------|



* Summary:
+-----------+--------+--------+--------+--------+
|           |   DSP  |  Delay |   FF   |   LUT  |
+-----------+--------+--------+--------+--------+
|  Function |   16   |    -   |   130  |  1422  |
|   Memory  |    -   |    -   |    -   |    -   |
|Multiplexer|    -   |    0   |    0   |    9   |
|  Register |    -   |    -   |   201  |    -   |
+-----------+--------+--------+--------+--------+
|   Total   |   16   |    0   |   331  |  1431  |
+-----------+--------+--------+--------+--------+
