

================================================================
== Vitis HLS Report for 'mul_5121_Pipeline_VITIS_LOOP_84_3'
================================================================
* Date:           Fri Oct 24 17:52:38 2025

* Version:        2024.2.2 (Build 6049644 on Mar  5 2025)
* Project:        sikep503_hls
* Solution:       solution1 (Vivado IP Flow Target)
* Product family: virtexuplus58g
* Target device:  xcvu29p-fsga2577-2L-e


================================================================
== Performance Estimates
================================================================
+ Timing: 
    * Summary: 
    +--------+----------+----------+------------+
    |  Clock |  Target  | Estimated| Uncertainty|
    +--------+----------+----------+------------+
    |ap_clk  |  10.00 ns|  6.678 ns|     2.70 ns|
    +--------+----------+----------+------------+

+ Latency: 
    * Summary: 
    +---------+---------+-----------+----------+-----+-----+------------------------------------------------+
    |  Latency (cycles) |  Latency (absolute)  |  Interval |                    Pipeline                    |
    |   min   |   max   |    min    |    max   | min | max |                      Type                      |
    +---------+---------+-----------+----------+-----+-----+------------------------------------------------+
    |        5|       19|  50.000 ns|  0.190 us|    4|   18|  loop auto-rewind stp (delay=0 clock cycles(s))|
    +---------+---------+-----------+----------+-----+-----+------------------------------------------------+

    + Detail: 
        * Instance: 
        N/A

        * Loop: 
        +-------------------+---------+---------+----------+-----------+-----------+-------+----------+
        |                   |  Latency (cycles) | Iteration|  Initiation Interval  |  Trip |          |
        |     Loop Name     |   min   |   max   |  Latency |  achieved |   target  | Count | Pipelined|
        +-------------------+---------+---------+----------+-----------+-----------+-------+----------+
        |- VITIS_LOOP_84_3  |        3|       17|         4|          2|          1|  1 ~ 8|       yes|
        +-------------------+---------+---------+----------+-----------+-----------+-------+----------+

============================================================
+ Verbose Summary: Synthesis Manager
============================================================
InlineROM: 1
ExposeGlobal: 0
============================================================
+ Verbose Summary: CDFG Model
============================================================
IsTopModel: 0
ResetActiveHigh: 1
IsCombinational: 0
IsDatapathOnly: 0
HasWiredReturn: 1
HasMFsm: 2
HasVarLatency: 1
IsPipeline: 0
IsRtlPipelined: 0
IsInstanceOverlapped: 0
IsDontTouch: 0
HasImplIP: 0
IsGatedGlobalClock: 0

+ Individual pipeline summary: 
  * Pipeline-0: initiation interval (II) = 2, depth = 4


============================================================
+ Verbose Summary: Schedule
============================================================
* Number of FSM states : 4
* Pipeline : 1
  Pipeline-0 : II = 2, D = 4, States = { 1 2 3 4 }
* Dataflow Pipeline: 0

* FSM state transitions: 
1 --> 2 
2 --> 3 
3 --> 4 
4 --> 

* FSM state operations: 

State 1 <SV = 0> <Delay = 1.48>
ST_1 : Operation 7 [1/1] (0.00ns)   --->   "%j = alloca i32 1" [src/generic/mpx_iface_tvu_mul.hpp:84]   --->   Operation 7 'alloca' 'j' <Predicate = true> <Delay = 0.00>
ST_1 : Operation 8 [1/1] (0.00ns)   --->   "%v_201 = alloca i32 1" [src/generic/mpx_iface_tvu_mul.hpp:138->src/generic/mpx_iface_tvu_mul.hpp:95]   --->   Operation 8 'alloca' 'v_201' <Predicate = true> <Delay = 0.00>
ST_1 : Operation 9 [1/1] (0.00ns)   --->   "%i_33_read = read i3 @_ssdm_op_Read.ap_auto.i3, i3 %i_33"   --->   Operation 9 'read' 'i_33_read' <Predicate = true> <Delay = 0.00>
ST_1 : Operation 10 [1/1] (0.00ns)   --->   "%indvars_iv140_read = read i4 @_ssdm_op_Read.ap_auto.i4, i4 %indvars_iv140"   --->   Operation 10 'read' 'indvars_iv140_read' <Predicate = true> <Delay = 0.00>
ST_1 : Operation 11 [1/1] (0.00ns)   --->   "%zext_ln81_15_read = read i4 @_ssdm_op_Read.ap_auto.i4, i4 %zext_ln81_15"   --->   Operation 11 'read' 'zext_ln81_15_read' <Predicate = true> <Delay = 0.00>
ST_1 : Operation 12 [1/1] (0.00ns)   --->   "%v_read = read i64 @_ssdm_op_Read.ap_auto.i64, i64 %v"   --->   Operation 12 'read' 'v_read' <Predicate = true> <Delay = 0.00>
ST_1 : Operation 13 [1/1] (0.00ns)   --->   "%i_33_cast = zext i3 %i_33_read"   --->   Operation 13 'zext' 'i_33_cast' <Predicate = true> <Delay = 0.00>
ST_1 : Operation 14 [1/1] (0.00ns)   --->   "%zext_ln81_15_cast = zext i4 %zext_ln81_15_read"   --->   Operation 14 'zext' 'zext_ln81_15_cast' <Predicate = true> <Delay = 0.00>
ST_1 : Operation 15 [1/1] (0.00ns)   --->   "%specmemcore_ln0 = specmemcore void @_ssdm_op_SpecMemCore, i64 %b, i64 666, i64 17, i64 18446744073709551615"   --->   Operation 15 'specmemcore' 'specmemcore_ln0' <Predicate = true> <Delay = 0.00>
ST_1 : Operation 16 [1/1] (0.38ns)   --->   "%store_ln138 = store i64 %v_read, i64 %v_201" [src/generic/mpx_iface_tvu_mul.hpp:138->src/generic/mpx_iface_tvu_mul.hpp:95]   --->   Operation 16 'store' 'store_ln138' <Predicate = true> <Delay = 0.38>
ST_1 : Operation 17 [1/1] (0.38ns)   --->   "%store_ln138 = store i64 %zext_ln81_15_cast, i64 %u_180_out" [src/generic/mpx_iface_tvu_mul.hpp:138->src/generic/mpx_iface_tvu_mul.hpp:96]   --->   Operation 17 'store' 'store_ln138' <Predicate = true> <Delay = 0.38>
ST_1 : Operation 18 [1/1] (0.38ns)   --->   "%store_ln84 = store i4 0, i4 %j" [src/generic/mpx_iface_tvu_mul.hpp:84]   --->   Operation 18 'store' 'store_ln84' <Predicate = true> <Delay = 0.38>
ST_1 : Operation 19 [1/1] (0.38ns)   --->   "%store_ln77 = store i4 0, i4 %t_out" [src/generic/mpx_iface_tvu_mul.hpp:77]   --->   Operation 19 'store' 'store_ln77' <Predicate = true> <Delay = 0.38>
ST_1 : Operation 20 [1/1] (0.00ns)   --->   "%br_ln0 = br void %for.inc21"   --->   Operation 20 'br' 'br_ln0' <Predicate = true> <Delay = 0.00>
ST_1 : Operation 21 [1/1] (0.00ns)   --->   "%j_31 = load i4 %j" [src/generic/mpx_iface_tvu_mul.hpp:84]   --->   Operation 21 'load' 'j_31' <Predicate = true> <Delay = 0.00>
ST_1 : Operation 22 [1/1] (0.70ns)   --->   "%icmp_ln84 = icmp_eq  i4 %j_31, i4 %indvars_iv140_read" [src/generic/mpx_iface_tvu_mul.hpp:84]   --->   Operation 22 'icmp' 'icmp_ln84' <Predicate = true> <Delay = 0.70> <CoreInst = "Cmp">   --->   Core 9 'Cmp' <Latency = 0> <II = 1> <Delay = 0.70> <FuncUnit> <Opcode : 'seteq' 'setne' 'setle' 'setge' 'setlt' 'setgt'> <InPorts = 2> <OutPorts = 1>
ST_1 : Operation 23 [1/1] (0.70ns)   --->   "%add_ln84 = add i4 %j_31, i4 1" [src/generic/mpx_iface_tvu_mul.hpp:84]   --->   Operation 23 'add' 'add_ln84' <Predicate = true> <Delay = 0.70> <CoreInst = "Adder">   --->   Core 1 'Adder' <Latency = 0> <II = 1> <Delay = 0.70> <FuncUnit> <Opcode : 'add' 'sub'> <InPorts = 2> <OutPorts = 1>
ST_1 : Operation 24 [1/1] (0.00ns)   --->   "%br_ln84 = br i1 %icmp_ln84, void %for.inc21.split, void %for.inc26.exitStub" [src/generic/mpx_iface_tvu_mul.hpp:84]   --->   Operation 24 'br' 'br_ln84' <Predicate = true> <Delay = 0.00>
ST_1 : Operation 25 [1/1] (0.00ns)   --->   "%zext_ln84 = zext i4 %j_31" [src/generic/mpx_iface_tvu_mul.hpp:84]   --->   Operation 25 'zext' 'zext_ln84' <Predicate = (!icmp_ln84)> <Delay = 0.00>
ST_1 : Operation 26 [1/1] (0.00ns)   --->   "%b_addr = getelementptr i64 %b, i64 0, i64 %zext_ln84" [src/generic/mpx_iface_tvu_mul.hpp:90]   --->   Operation 26 'getelementptr' 'b_addr' <Predicate = (!icmp_ln84)> <Delay = 0.00>
ST_1 : Operation 27 [2/2] (0.71ns)   --->   "%b_load_1 = load i5 %b_addr" [src/generic/mpx_iface_tvu_mul.hpp:90]   --->   Operation 27 'load' 'b_load_1' <Predicate = (!icmp_ln84)> <Delay = 0.71> <CoreInst = "RAM_1P">   --->   Core 87 'RAM_1P' <Latency = 1> <II = 1> <Delay = 0.71> <Storage> <Opcode : 'load' 'store'> <Ports = 1> <Width = 64> <Depth = 24> <RAM>
ST_1 : Operation 28 [1/1] (0.70ns)   --->   "%sub_ln90 = sub i4 %i_33_cast, i4 %j_31" [src/generic/mpx_iface_tvu_mul.hpp:90]   --->   Operation 28 'sub' 'sub_ln90' <Predicate = (!icmp_ln84)> <Delay = 0.70> <CoreInst = "Adder">   --->   Core 1 'Adder' <Latency = 0> <II = 1> <Delay = 0.70> <FuncUnit> <Opcode : 'add' 'sub'> <InPorts = 2> <OutPorts = 1>
ST_1 : Operation 29 [1/1] (0.00ns)   --->   "%bit_sel = bitselect i1 @_ssdm_op_BitSelect.i1.i4.i4, i4 %sub_ln90, i4 3" [src/generic/mpx_iface_tvu_mul.hpp:90]   --->   Operation 29 'bitselect' 'bit_sel' <Predicate = (!icmp_ln84)> <Delay = 0.00>
ST_1 : Operation 30 [1/1] (0.00ns)   --->   "%trunc_ln90 = trunc i4 %sub_ln90" [src/generic/mpx_iface_tvu_mul.hpp:90]   --->   Operation 30 'trunc' 'trunc_ln90' <Predicate = (!icmp_ln84)> <Delay = 0.00>
ST_1 : Operation 31 [1/1] (0.38ns)   --->   "%store_ln84 = store i4 %add_ln84, i4 %j" [src/generic/mpx_iface_tvu_mul.hpp:84]   --->   Operation 31 'store' 'store_ln84' <Predicate = (!icmp_ln84)> <Delay = 0.38>

State 2 <SV = 1> <Delay = 0.83>
ST_2 : Operation 32 [1/2] ( I:0.71ns O:0.71ns )   --->   "%b_load_1 = load i5 %b_addr" [src/generic/mpx_iface_tvu_mul.hpp:90]   --->   Operation 32 'load' 'b_load_1' <Predicate = (!icmp_ln84)> <Delay = 0.71> <CoreInst = "RAM_1P">   --->   Core 87 'RAM_1P' <Latency = 1> <II = 1> <Delay = 0.71> <Storage> <Opcode : 'load' 'store'> <Ports = 1> <Width = 64> <Depth = 24> <RAM>
ST_2 : Operation 33 [1/1] (0.12ns)   --->   "%xor_ln90 = xor i1 %bit_sel, i1 1" [src/generic/mpx_iface_tvu_mul.hpp:90]   --->   Operation 33 'xor' 'xor_ln90' <Predicate = (!icmp_ln84)> <Delay = 0.12> <CoreInst = "LogicGate">   --->   Core 74 'LogicGate' <Latency = 0> <II = 1> <Delay = 0.12> <FuncUnit> <Opcode : 'and' 'or' 'xor'> <InPorts = 2> <OutPorts = 1>
ST_2 : Operation 34 [1/1] (0.00ns)   --->   "%add_ln = bitconcatenate i4 @_ssdm_op_BitConcatenate.i4.i1.i3, i1 %xor_ln90, i3 %trunc_ln90" [src/generic/mpx_iface_tvu_mul.hpp:90]   --->   Operation 34 'bitconcatenate' 'add_ln' <Predicate = (!icmp_ln84)> <Delay = 0.00>
ST_2 : Operation 35 [1/1] (0.00ns)   --->   "%zext_ln90_26 = zext i4 %add_ln" [src/generic/mpx_iface_tvu_mul.hpp:90]   --->   Operation 35 'zext' 'zext_ln90_26' <Predicate = (!icmp_ln84)> <Delay = 0.00>
ST_2 : Operation 36 [1/1] (0.00ns)   --->   "%b_addr_1 = getelementptr i64 %b, i64 0, i64 %zext_ln90_26" [src/generic/mpx_iface_tvu_mul.hpp:90]   --->   Operation 36 'getelementptr' 'b_addr_1' <Predicate = (!icmp_ln84)> <Delay = 0.00>
ST_2 : Operation 37 [2/2] (0.71ns)   --->   "%b_load = load i5 %b_addr_1" [src/generic/mpx_iface_tvu_mul.hpp:90]   --->   Operation 37 'load' 'b_load' <Predicate = (!icmp_ln84)> <Delay = 0.71> <CoreInst = "RAM_1P">   --->   Core 87 'RAM_1P' <Latency = 1> <II = 1> <Delay = 0.71> <Storage> <Opcode : 'load' 'store'> <Ports = 1> <Width = 64> <Depth = 24> <RAM>
ST_2 : Operation 68 [1/1] (0.00ns)   --->   "%v_201_load_1 = load i64 %v_201"   --->   Operation 68 'load' 'v_201_load_1' <Predicate = (icmp_ln84)> <Delay = 0.00>
ST_2 : Operation 69 [1/1] (0.00ns)   --->   "%write_ln0 = write void @_ssdm_op_Write.ap_auto.i64P0A, i64 %v_201_out, i64 %v_201_load_1"   --->   Operation 69 'write' 'write_ln0' <Predicate = (icmp_ln84)> <Delay = 0.00>
ST_2 : Operation 70 [1/1] (0.38ns)   --->   "%ret_ln0 = ret"   --->   Operation 70 'ret' 'ret_ln0' <Predicate = (icmp_ln84)> <Delay = 0.38>

State 3 <SV = 2> <Delay = 6.67>
ST_3 : Operation 38 [1/1] (0.00ns)   --->   "%v_201_load = load i64 %v_201" [src/generic/mpx_iface_tvu_mul.hpp:140->src/generic/mpx_iface_tvu_mul.hpp:95]   --->   Operation 38 'load' 'v_201_load' <Predicate = true> <Delay = 0.00>
ST_3 : Operation 39 [1/1] (0.00ns)   --->   "%zext_ln90 = zext i64 %b_load_1" [src/generic/mpx_iface_tvu_mul.hpp:90]   --->   Operation 39 'zext' 'zext_ln90' <Predicate = true> <Delay = 0.00>
ST_3 : Operation 40 [1/2] ( I:0.71ns O:0.71ns )   --->   "%b_load = load i5 %b_addr_1" [src/generic/mpx_iface_tvu_mul.hpp:90]   --->   Operation 40 'load' 'b_load' <Predicate = true> <Delay = 0.71> <CoreInst = "RAM_1P">   --->   Core 87 'RAM_1P' <Latency = 1> <II = 1> <Delay = 0.71> <Storage> <Opcode : 'load' 'store'> <Ports = 1> <Width = 64> <Depth = 24> <RAM>
ST_3 : Operation 41 [1/1] (0.00ns)   --->   "%zext_ln90_20 = zext i64 %b_load" [src/generic/mpx_iface_tvu_mul.hpp:90]   --->   Operation 41 'zext' 'zext_ln90_20' <Predicate = true> <Delay = 0.00>
ST_3 : Operation 42 [1/1] (4.43ns)   --->   "%prod = mul i128 %zext_ln90_20, i128 %zext_ln90" [src/generic/mpx_iface_tvu_mul.hpp:90]   --->   Operation 42 'mul' 'prod' <Predicate = true> <Delay = 4.43> <CoreInst = "Multiplier">   --->   Core 3 'Multiplier' <Latency = 0> <II = 1> <Delay = 4.43> <FuncUnit> <Opcode : 'mul'> <InPorts = 2> <OutPorts = 1>
ST_3 : Operation 43 [1/1] (0.00ns)   --->   "%lo = trunc i128 %prod" [src/generic/mpx_iface_tvu_mul.hpp:91]   --->   Operation 43 'trunc' 'lo' <Predicate = true> <Delay = 0.00>
ST_3 : Operation 44 [1/1] (0.00ns)   --->   "%hi = partselect i64 @_ssdm_op_PartSelect.i64.i128.i32, i128 %prod, i32 64" [src/generic/mpx_iface_tvu_mul.hpp:92]   --->   Operation 44 'partselect' 'hi' <Predicate = true> <Delay = 0.00>
ST_3 : Operation 45 [1/1] (0.00ns)   --->   "%zext_ln140 = zext i64 %lo" [src/generic/mpx_iface_tvu_mul.hpp:140->src/generic/mpx_iface_tvu_mul.hpp:95]   --->   Operation 45 'zext' 'zext_ln140' <Predicate = true> <Delay = 0.00>
ST_3 : Operation 46 [1/1] (0.00ns)   --->   "%zext_ln140_82 = zext i64 %v_201_load" [src/generic/mpx_iface_tvu_mul.hpp:140->src/generic/mpx_iface_tvu_mul.hpp:95]   --->   Operation 46 'zext' 'zext_ln140_82' <Predicate = true> <Delay = 0.00>
ST_3 : Operation 47 [1/1] (1.14ns)   --->   "%v_141 = add i64 %lo, i64 %v_201_load" [src/generic/mpx_iface_tvu_mul.hpp:140->src/generic/mpx_iface_tvu_mul.hpp:95]   --->   Operation 47 'add' 'v_141' <Predicate = true> <Delay = 1.14> <CoreInst = "Adder">   --->   Core 1 'Adder' <Latency = 0> <II = 1> <Delay = 1.14> <FuncUnit> <Opcode : 'add' 'sub'> <InPorts = 2> <OutPorts = 1>
ST_3 : Operation 48 [1/1] (1.14ns)   --->   "%sum = add i65 %zext_ln140, i65 %zext_ln140_82" [src/generic/mpx_iface_tvu_mul.hpp:140->src/generic/mpx_iface_tvu_mul.hpp:95]   --->   Operation 48 'add' 'sum' <Predicate = true> <Delay = 1.14> <CoreInst = "Adder">   --->   Core 1 'Adder' <Latency = 0> <II = 1> <Delay = 1.14> <FuncUnit> <Opcode : 'add' 'sub'> <InPorts = 2> <OutPorts = 1>
ST_3 : Operation 49 [1/1] (0.00ns)   --->   "%tmp = bitselect i1 @_ssdm_op_BitSelect.i1.i65.i32, i65 %sum, i32 64" [src/generic/mpx_iface_tvu_mul.hpp:142->src/generic/mpx_iface_tvu_mul.hpp:95]   --->   Operation 49 'bitselect' 'tmp' <Predicate = true> <Delay = 0.00>
ST_3 : Operation 50 [1/1] (0.38ns)   --->   "%store_ln138 = store i64 %v_141, i64 %v_201" [src/generic/mpx_iface_tvu_mul.hpp:138->src/generic/mpx_iface_tvu_mul.hpp:95]   --->   Operation 50 'store' 'store_ln138' <Predicate = true> <Delay = 0.38>

State 4 <SV = 3> <Delay = 1.94>
ST_4 : Operation 51 [1/1] (0.00ns)   --->   "%t_out_load = load i4 %t_out" [src/generic/mpx_iface_tvu_mul.hpp:97]   --->   Operation 51 'load' 't_out_load' <Predicate = true> <Delay = 0.00>
ST_4 : Operation 52 [1/1] (0.00ns)   --->   "%u_180_out_load = load i64 %u_180_out" [src/generic/mpx_iface_tvu_mul.hpp:140->src/generic/mpx_iface_tvu_mul.hpp:96]   --->   Operation 52 'load' 'u_180_out_load' <Predicate = true> <Delay = 0.00>
ST_4 : Operation 53 [1/1] (0.00ns)   --->   "%specpipeline_ln87 = specpipeline void @_ssdm_op_SpecPipeline, i32 1, i32 0, i32 0, i32 0, void @empty_102" [src/generic/mpx_iface_tvu_mul.hpp:87]   --->   Operation 53 'specpipeline' 'specpipeline_ln87' <Predicate = true> <Delay = 0.00>
ST_4 : Operation 54 [1/1] (0.00ns)   --->   "%speclooptripcount_ln86 = speclooptripcount void @_ssdm_op_SpecLoopTripCount, i64 1, i64 8, i64 4" [src/generic/mpx_iface_tvu_mul.hpp:86]   --->   Operation 54 'speclooptripcount' 'speclooptripcount_ln86' <Predicate = true> <Delay = 0.00>
ST_4 : Operation 55 [1/1] (0.00ns)   --->   "%specloopname_ln84 = specloopname void @_ssdm_op_SpecLoopName, void @empty_29" [src/generic/mpx_iface_tvu_mul.hpp:84]   --->   Operation 55 'specloopname' 'specloopname_ln84' <Predicate = true> <Delay = 0.00>
ST_4 : Operation 56 [1/1] (0.00ns)   --->   "%zext_ln140_83 = zext i64 %hi" [src/generic/mpx_iface_tvu_mul.hpp:140->src/generic/mpx_iface_tvu_mul.hpp:96]   --->   Operation 56 'zext' 'zext_ln140_83' <Predicate = true> <Delay = 0.00>
ST_4 : Operation 57 [1/1] (0.00ns)   --->   "%zext_ln140_84 = zext i64 %u_180_out_load" [src/generic/mpx_iface_tvu_mul.hpp:140->src/generic/mpx_iface_tvu_mul.hpp:96]   --->   Operation 57 'zext' 'zext_ln140_84' <Predicate = true> <Delay = 0.00>
ST_4 : Operation 58 [1/1] (0.00ns)   --->   "%zext_ln140_85 = zext i1 %tmp" [src/generic/mpx_iface_tvu_mul.hpp:140->src/generic/mpx_iface_tvu_mul.hpp:96]   --->   Operation 58 'zext' 'zext_ln140_85' <Predicate = true> <Delay = 0.00>
ST_4 : Operation 59 [1/1] (0.00ns) (grouped into TernaryAdder)   --->   "%add_ln140 = add i65 %zext_ln140_83, i65 %zext_ln140_84" [src/generic/mpx_iface_tvu_mul.hpp:140->src/generic/mpx_iface_tvu_mul.hpp:96]   --->   Operation 59 'add' 'add_ln140' <Predicate = true> <Delay = 0.00> <CoreInst = "TAddSub">   --->   Core 10 'TAddSub' <Latency = 0> <II = 1> <Delay = 0.42> <IPBlock> <Opcode : '' 'add' 'sub'> <InPorts = 3> <OutPorts = 1> <Sync> <CReg>
ST_4 : Operation 60 [1/1] (0.84ns) (root node of TernaryAdder)   --->   "%sum_33 = add i65 %add_ln140, i65 %zext_ln140_85" [src/generic/mpx_iface_tvu_mul.hpp:140->src/generic/mpx_iface_tvu_mul.hpp:96]   --->   Operation 60 'add' 'sum_33' <Predicate = true> <Delay = 0.84> <CoreInst = "TAddSub">   --->   Core 10 'TAddSub' <Latency = 0> <II = 1> <Delay = 0.42> <IPBlock> <Opcode : '' 'add' 'sub'> <InPorts = 3> <OutPorts = 1> <Sync> <CReg>
ST_4 : Operation 61 [1/1] (0.00ns)   --->   "%u = trunc i65 %sum_33" [src/generic/mpx_iface_tvu_mul.hpp:141->src/generic/mpx_iface_tvu_mul.hpp:96]   --->   Operation 61 'trunc' 'u' <Predicate = true> <Delay = 0.00>
ST_4 : Operation 62 [1/1] (0.00ns)   --->   "%tmp_139 = bitselect i1 @_ssdm_op_BitSelect.i1.i65.i32, i65 %sum_33, i32 64" [src/generic/mpx_iface_tvu_mul.hpp:142->src/generic/mpx_iface_tvu_mul.hpp:96]   --->   Operation 62 'bitselect' 'tmp_139' <Predicate = true> <Delay = 0.00>
ST_4 : Operation 63 [1/1] (0.00ns)   --->   "%zext_ln97 = zext i1 %tmp_139" [src/generic/mpx_iface_tvu_mul.hpp:97]   --->   Operation 63 'zext' 'zext_ln97' <Predicate = true> <Delay = 0.00>
ST_4 : Operation 64 [1/1] (0.70ns)   --->   "%t = add i4 %zext_ln97, i4 %t_out_load" [src/generic/mpx_iface_tvu_mul.hpp:97]   --->   Operation 64 'add' 't' <Predicate = true> <Delay = 0.70> <CoreInst = "Adder">   --->   Core 1 'Adder' <Latency = 0> <II = 1> <Delay = 0.70> <FuncUnit> <Opcode : 'add' 'sub'> <InPorts = 2> <OutPorts = 1>
ST_4 : Operation 65 [1/1] (0.38ns)   --->   "%store_ln138 = store i64 %u, i64 %u_180_out" [src/generic/mpx_iface_tvu_mul.hpp:138->src/generic/mpx_iface_tvu_mul.hpp:96]   --->   Operation 65 'store' 'store_ln138' <Predicate = true> <Delay = 0.38>
ST_4 : Operation 66 [1/1] (0.38ns)   --->   "%store_ln77 = store i4 %t, i4 %t_out" [src/generic/mpx_iface_tvu_mul.hpp:77]   --->   Operation 66 'store' 'store_ln77' <Predicate = true> <Delay = 0.38>
ST_4 : Operation 67 [1/1] (0.00ns)   --->   "%br_ln84 = br void %for.inc21" [src/generic/mpx_iface_tvu_mul.hpp:84]   --->   Operation 67 'br' 'br_ln84' <Predicate = true> <Delay = 0.00>


============================================================
+ Verbose Summary: Timing violations
============================================================
Target clock period: 10.000ns, clock uncertainty: 2.700ns.

 <State 1>: 1.482ns
The critical path consists of the following:
	'store' operation 0 bit ('store_ln84', src/generic/mpx_iface_tvu_mul.hpp:84) of constant 0 on local variable 'j', src/generic/mpx_iface_tvu_mul.hpp:84 [20]  (0.387 ns)
	'load' operation 4 bit ('j', src/generic/mpx_iface_tvu_mul.hpp:84) on local variable 'j', src/generic/mpx_iface_tvu_mul.hpp:84 [24]  (0.000 ns)
	'icmp' operation 1 bit ('icmp_ln84', src/generic/mpx_iface_tvu_mul.hpp:84) [25]  (0.708 ns)
	'store' operation 0 bit ('store_ln84', src/generic/mpx_iface_tvu_mul.hpp:84) of variable 'add_ln84', src/generic/mpx_iface_tvu_mul.hpp:84 on local variable 'j', src/generic/mpx_iface_tvu_mul.hpp:84 [67]  (0.387 ns)

 <State 2>: 0.836ns
The critical path consists of the following:
	'xor' operation 1 bit ('xor_ln90', src/generic/mpx_iface_tvu_mul.hpp:90) [41]  (0.122 ns)
	'getelementptr' operation 5 bit ('b_addr_1', src/generic/mpx_iface_tvu_mul.hpp:90) [45]  (0.000 ns)
	'load' operation 64 bit ('b_load', src/generic/mpx_iface_tvu_mul.hpp:90) on array 'b' [46]  (0.714 ns)

 <State 3>: 6.678ns
The critical path consists of the following:
	'load' operation 64 bit ('b_load', src/generic/mpx_iface_tvu_mul.hpp:90) on array 'b' [46]  (0.714 ns)
	'mul' operation 128 bit ('prod', src/generic/mpx_iface_tvu_mul.hpp:90) [48]  (4.430 ns)
	'add' operation 64 bit ('v', src/generic/mpx_iface_tvu_mul.hpp:140->src/generic/mpx_iface_tvu_mul.hpp:95) [53]  (1.147 ns)
	'store' operation 0 bit ('store_ln138', src/generic/mpx_iface_tvu_mul.hpp:138->src/generic/mpx_iface_tvu_mul.hpp:95) of variable 'v', src/generic/mpx_iface_tvu_mul.hpp:140->src/generic/mpx_iface_tvu_mul.hpp:95 on local variable 'b', src/generic/mpx_iface_tvu_mul.hpp:138->src/generic/mpx_iface_tvu_mul.hpp:95 [65]  (0.387 ns)

 <State 4>: 1.942ns
The critical path consists of the following:
	'load' operation 64 bit ('u_180_out_load', src/generic/mpx_iface_tvu_mul.hpp:140->src/generic/mpx_iface_tvu_mul.hpp:96) on local variable 'u_180_out' [30]  (0.000 ns)
	'add' operation 65 bit ('add_ln140', src/generic/mpx_iface_tvu_mul.hpp:140->src/generic/mpx_iface_tvu_mul.hpp:96) [59]  (0.000 ns)
	'add' operation 65 bit ('sum', src/generic/mpx_iface_tvu_mul.hpp:140->src/generic/mpx_iface_tvu_mul.hpp:96) [60]  (0.846 ns)
	'add' operation 4 bit ('t', src/generic/mpx_iface_tvu_mul.hpp:97) [64]  (0.708 ns)
	'store' operation 0 bit ('store_ln77', src/generic/mpx_iface_tvu_mul.hpp:77) of variable 't', src/generic/mpx_iface_tvu_mul.hpp:97 on local variable 't_out' [68]  (0.387 ns)


============================================================
+ Verbose Summary: Binding
============================================================
N/A
* FSMD analyzer results:
  - Output states:
 - Input state : 
  - Chain level:
	State 1
	State 2
	State 3
	State 4


============================================================
+ Verbose Summary: Datapath Resource usage 
============================================================
N/A
