

================================================================
== Vitis HLS Report for 'mul_14'
================================================================
* Date:           Wed Oct  8 20:36:55 2025

* Version:        2024.2.2 (Build 6049644 on Mar  5 2025)
* Project:        sikep503_hls
* Solution:       solution1 (Vivado IP Flow Target)
* Product family: virtexuplus58g
* Target device:  xcvu29p-fsga2577-2L-e


================================================================
== Performance Estimates
================================================================
+ Timing: 
    * Summary: 
    +--------+----------+----------+------------+
    |  Clock |  Target  | Estimated| Uncertainty|
    +--------+----------+----------+------------+
    |ap_clk  |  10.00 ns|  6.336 ns|     2.70 ns|
    +--------+----------+----------+------------+

+ Latency: 
    * Summary: 
    +---------+---------+----------+----------+-----+-----+---------+
    |  Latency (cycles) |  Latency (absolute) |  Interval | Pipeline|
    |   min   |   max   |    min   |    max   | min | max |   Type  |
    +---------+---------+----------+----------+-----+-----+---------+
    |      132|      244|  1.320 us|  2.440 us|  132|  244|       no|
    +---------+---------+----------+----------+-----+-----+---------+

    + Detail: 
        * Instance: 
        +---------------------------------------------+----------------------------------+---------+---------+-----------+----------+-----+-----+------------------------------------------------+
        |                                             |                                  |  Latency (cycles) |  Latency (absolute)  |  Interval |                    Pipeline                    |
        |                   Instance                  |              Module              |   min   |   max   |    min    |    max   | min | max |                      Type                      |
        +---------------------------------------------+----------------------------------+---------+---------+-----------+----------+-----+-----+------------------------------------------------+
        |grp_mul_14_Pipeline_VITIS_LOOP_188_1_fu_97   |mul_14_Pipeline_VITIS_LOOP_188_1  |       18|       18|   0.180 us|  0.180 us|   17|   17|  loop auto-rewind stp (delay=0 clock cycles(s))|
        |grp_mul_14_Pipeline_VITIS_LOOP_215_3_fu_103  |mul_14_Pipeline_VITIS_LOOP_215_3  |        4|       11|  40.000 ns|  0.110 us|    2|    9|  loop auto-rewind stp (delay=0 clock cycles(s))|
        +---------------------------------------------+----------------------------------+---------+---------+-----------+----------+-----+-----+------------------------------------------------+

        * Loop: 
        +--------------------+---------+---------+----------+-----------+-----------+------+----------+
        |                    |  Latency (cycles) | Iteration|  Initiation Interval  | Trip |          |
        |      Loop Name     |   min   |   max   |  Latency |  achieved |   target  | Count| Pipelined|
        +--------------------+---------+---------+----------+-----------+-----------+------+----------+
        |- VITIS_LOOP_207_2  |      112|      224|    7 ~ 14|          -|          -|    16|        no|
        +--------------------+---------+---------+----------+-----------+-----------+------+----------+

============================================================
+ Verbose Summary: Synthesis Manager
============================================================
InlineROM: 1
ExposeGlobal: 0
============================================================
+ Verbose Summary: CDFG Model
============================================================
IsTopModel: 0
ResetActiveHigh: 1
IsCombinational: 0
IsDatapathOnly: 0
HasWiredReturn: 1
HasMFsm: 0
HasVarLatency: 1
IsPipeline: 0
IsRtlPipelined: 0
IsInstanceOverlapped: 0
IsDontTouch: 0
HasImplIP: 0
IsGatedGlobalClock: 0


============================================================
+ Verbose Summary: Schedule
============================================================
* Number of FSM states : 5
* Pipeline : 0
* Dataflow Pipeline: 0

* FSM state transitions: 
1 --> 2 
2 --> 3 
3 --> 4 
4 --> 5 
5 --> 3 

* FSM state operations: 

State 1 <SV = 0> <Delay = 0.38>
ST_1 : Operation 6 [1/1] (0.00ns)   --->   "%sum = alloca i32 1" [src/generic/mpx_camba_mul.hpp:213]   --->   Operation 6 'alloca' 'sum' <Predicate = true> <Delay = 0.00>
ST_1 : Operation 7 [1/1] (0.00ns)   --->   "%t = alloca i32 1" [src/generic/mpx_camba_mul.hpp:207]   --->   Operation 7 'alloca' 't' <Predicate = true> <Delay = 0.00>
ST_1 : Operation 8 [1/1] (0.00ns)   --->   "%sum_17_loc = alloca i64 1"   --->   Operation 8 'alloca' 'sum_17_loc' <Predicate = true> <Delay = 0.00>
ST_1 : Operation 9 [2/2] (0.00ns)   --->   "%call_ln0 = call void @mul.14_Pipeline_VITIS_LOOP_188_1, i64 %c"   --->   Operation 9 'call' 'call_ln0' <Predicate = true> <Delay = 0.00> <CoreType = "Generic">   --->   Generic Core
ST_1 : Operation 10 [1/1] (0.38ns)   --->   "%store_ln207 = store i5 0, i5 %t" [src/generic/mpx_camba_mul.hpp:207]   --->   Operation 10 'store' 'store_ln207' <Predicate = true> <Delay = 0.38>
ST_1 : Operation 11 [1/1] (0.38ns)   --->   "%store_ln213 = store i69 0, i69 %sum" [src/generic/mpx_camba_mul.hpp:213]   --->   Operation 11 'store' 'store_ln213' <Predicate = true> <Delay = 0.38>

State 2 <SV = 1> <Delay = 1.48>
ST_2 : Operation 12 [1/1] (0.00ns)   --->   "%specmemcore_ln0 = specmemcore void @_ssdm_op_SpecMemCore, i64 %a, i64 666, i64 17, i64 18446744073709551615"   --->   Operation 12 'specmemcore' 'specmemcore_ln0' <Predicate = true> <Delay = 0.00>
ST_2 : Operation 13 [1/1] (0.00ns)   --->   "%specmemcore_ln0 = specmemcore void @_ssdm_op_SpecMemCore, i64 %b_1, i64 666, i64 17, i64 18446744073709551615"   --->   Operation 13 'specmemcore' 'specmemcore_ln0' <Predicate = true> <Delay = 0.00>
ST_2 : Operation 14 [1/1] (0.00ns)   --->   "%specmemcore_ln0 = specmemcore void @_ssdm_op_SpecMemCore, i64 %b_0, i64 666, i64 17, i64 18446744073709551615"   --->   Operation 14 'specmemcore' 'specmemcore_ln0' <Predicate = true> <Delay = 0.00>
ST_2 : Operation 15 [1/1] (0.00ns)   --->   "%specmemcore_ln0 = specmemcore void @_ssdm_op_SpecMemCore, i64 %c, i64 666, i64 207, i64 18446744073709551615"   --->   Operation 15 'specmemcore' 'specmemcore_ln0' <Predicate = true> <Delay = 0.00>
ST_2 : Operation 16 [1/2] (1.48ns)   --->   "%call_ln0 = call void @mul.14_Pipeline_VITIS_LOOP_188_1, i64 %c"   --->   Operation 16 'call' 'call_ln0' <Predicate = true> <Delay = 1.48> <CoreType = "Generic">   --->   Generic Core
ST_2 : Operation 17 [1/1] (0.00ns)   --->   "%br_ln207 = br void %for.body8" [src/generic/mpx_camba_mul.hpp:207]   --->   Operation 17 'br' 'br_ln207' <Predicate = true> <Delay = 0.00>

State 3 <SV = 2> <Delay = 1.44>
ST_3 : Operation 18 [1/1] (0.00ns)   --->   "%pack_wi = load i5 %t" [src/generic/mpx_camba_mul.hpp:207]   --->   Operation 18 'load' 'pack_wi' <Predicate = true> <Delay = 0.00>
ST_3 : Operation 19 [1/1] (0.70ns)   --->   "%icmp_ln207_8 = icmp_eq  i5 %pack_wi, i5 16" [src/generic/mpx_camba_mul.hpp:207]   --->   Operation 19 'icmp' 'icmp_ln207_8' <Predicate = true> <Delay = 0.70> <CoreInst = "Cmp">   --->   Core 9 'Cmp' <Latency = 0> <II = 1> <Delay = 0.70> <FuncUnit> <Opcode : 'seteq' 'setne' 'setle' 'setge' 'setlt' 'setgt'> <InPorts = 2> <OutPorts = 1>
ST_3 : Operation 20 [1/1] (0.70ns)   --->   "%pack_wi_22 = add i5 %pack_wi, i5 1" [src/generic/mpx_camba_mul.hpp:167->src/generic/mpx_camba_mul.hpp:231]   --->   Operation 20 'add' 'pack_wi_22' <Predicate = true> <Delay = 0.70> <CoreInst = "Adder">   --->   Core 1 'Adder' <Latency = 0> <II = 1> <Delay = 0.70> <FuncUnit> <Opcode : 'add' 'sub'> <InPorts = 2> <OutPorts = 1>
ST_3 : Operation 21 [1/1] (0.00ns)   --->   "%br_ln207 = br i1 %icmp_ln207_8, void %for.body8.split, void %_ZN3mpx9PackedOpsImLj8ELb1EE11ChunkPacker5flushEv.exit" [src/generic/mpx_camba_mul.hpp:207]   --->   Operation 21 'br' 'br_ln207' <Predicate = true> <Delay = 0.00>
ST_3 : Operation 22 [1/1] (0.00ns)   --->   "%sum_load = load i69 %sum"   --->   Operation 22 'load' 'sum_load' <Predicate = (!icmp_ln207_8)> <Delay = 0.00>
ST_3 : Operation 23 [1/1] (0.00ns)   --->   "%trunc_ln207 = trunc i5 %pack_wi" [src/generic/mpx_camba_mul.hpp:207]   --->   Operation 23 'trunc' 'trunc_ln207' <Predicate = (!icmp_ln207_8)> <Delay = 0.00>
ST_3 : Operation 24 [1/1] (0.00ns)   --->   "%tmp = partselect i2 @_ssdm_op_PartSelect.i2.i5.i32.i32, i5 %pack_wi, i32 3, i32 4" [src/generic/mpx_camba_mul.hpp:207]   --->   Operation 24 'partselect' 'tmp' <Predicate = (!icmp_ln207_8)> <Delay = 0.00>
ST_3 : Operation 25 [1/1] (0.43ns)   --->   "%icmp_ln207 = icmp_ne  i2 %tmp, i2 0" [src/generic/mpx_camba_mul.hpp:207]   --->   Operation 25 'icmp' 'icmp_ln207' <Predicate = (!icmp_ln207_8)> <Delay = 0.43> <CoreInst = "Cmp">   --->   Core 9 'Cmp' <Latency = 0> <II = 1> <Delay = 0.43> <FuncUnit> <Opcode : 'seteq' 'setne' 'setle' 'setge' 'setlt' 'setgt'> <InPorts = 2> <OutPorts = 1>
ST_3 : Operation 26 [1/1] (0.70ns)   --->   "%add_ln207 = add i4 %trunc_ln207, i4 9" [src/generic/mpx_camba_mul.hpp:207]   --->   Operation 26 'add' 'add_ln207' <Predicate = (!icmp_ln207_8)> <Delay = 0.70> <CoreInst = "Adder">   --->   Core 1 'Adder' <Latency = 0> <II = 1> <Delay = 0.70> <FuncUnit> <Opcode : 'add' 'sub'> <InPorts = 2> <OutPorts = 1>
ST_3 : Operation 27 [1/1] (0.35ns)   --->   "%select_ln207 = select i1 %icmp_ln207, i4 %add_ln207, i4 0" [src/generic/mpx_camba_mul.hpp:207]   --->   Operation 27 'select' 'select_ln207' <Predicate = (!icmp_ln207_8)> <Delay = 0.35> <CoreInst = "Sel">   --->   Core 73 'Sel' <Latency = 0> <II = 1> <Delay = 0.35> <FuncUnit> <Opcode : 'select'> <InPorts = 3> <OutPorts = 1>
ST_3 : Operation 28 [1/1] (0.00ns)   --->   "%trunc_ln207_22 = trunc i5 %pack_wi" [src/generic/mpx_camba_mul.hpp:207]   --->   Operation 28 'trunc' 'trunc_ln207_22' <Predicate = (!icmp_ln207_8)> <Delay = 0.00>
ST_3 : Operation 29 [1/1] (0.70ns)   --->   "%icmp_ln210 = icmp_ult  i5 %pack_wi, i5 7" [src/generic/mpx_camba_mul.hpp:210]   --->   Operation 29 'icmp' 'icmp_ln210' <Predicate = (!icmp_ln207_8)> <Delay = 0.70> <CoreInst = "Cmp">   --->   Core 9 'Cmp' <Latency = 0> <II = 1> <Delay = 0.70> <FuncUnit> <Opcode : 'seteq' 'setne' 'setle' 'setge' 'setlt' 'setgt'> <InPorts = 2> <OutPorts = 1>
ST_3 : Operation 30 [1/1] (0.35ns)   --->   "%j_start = select i1 %icmp_ln210, i4 0, i4 %add_ln207" [src/generic/mpx_camba_mul.hpp:210]   --->   Operation 30 'select' 'j_start' <Predicate = (!icmp_ln207_8)> <Delay = 0.35> <CoreInst = "Sel">   --->   Core 73 'Sel' <Latency = 0> <II = 1> <Delay = 0.35> <FuncUnit> <Opcode : 'select'> <InPorts = 3> <OutPorts = 1>
ST_3 : Operation 31 [1/1] (0.27ns)   --->   "%j_end = select i1 %icmp_ln210, i3 %trunc_ln207_22, i3 7" [src/generic/mpx_camba_mul.hpp:211]   --->   Operation 31 'select' 'j_end' <Predicate = (!icmp_ln207_8)> <Delay = 0.27> <CoreInst = "Sel">   --->   Core 73 'Sel' <Latency = 0> <II = 1> <Delay = 0.27> <FuncUnit> <Opcode : 'select'> <InPorts = 3> <OutPorts = 1>
ST_3 : Operation 32 [2/2] (0.38ns)   --->   "%call_ln207 = call void @mul.14_Pipeline_VITIS_LOOP_215_3, i4 %select_ln207, i4 %j_start, i69 %sum_load, i3 %j_end, i4 %trunc_ln207, i64 %a, i64 %b_0, i64 %b_1, i133 %sum_17_loc" [src/generic/mpx_camba_mul.hpp:207]   --->   Operation 32 'call' 'call_ln207' <Predicate = (!icmp_ln207_8)> <Delay = 0.38> <CoreType = "Generic">   --->   Generic Core
ST_3 : Operation 33 [1/1] (0.38ns)   --->   "%store_ln207 = store i5 %pack_wi_22, i5 %t" [src/generic/mpx_camba_mul.hpp:207]   --->   Operation 33 'store' 'store_ln207' <Predicate = (!icmp_ln207_8)> <Delay = 0.38>
ST_3 : Operation 34 [1/1] (0.38ns)   --->   "%ret_ln240 = ret" [src/generic/mpx_camba_mul.hpp:240]   --->   Operation 34 'ret' 'ret_ln240' <Predicate = (icmp_ln207_8)> <Delay = 0.38>

State 4 <SV = 3> <Delay = 0.00>
ST_4 : Operation 35 [1/2] (0.00ns)   --->   "%call_ln207 = call void @mul.14_Pipeline_VITIS_LOOP_215_3, i4 %select_ln207, i4 %j_start, i69 %sum_load, i3 %j_end, i4 %trunc_ln207, i64 %a, i64 %b_0, i64 %b_1, i133 %sum_17_loc" [src/generic/mpx_camba_mul.hpp:207]   --->   Operation 35 'call' 'call_ln207' <Predicate = true> <Delay = 0.00> <CoreType = "Generic">   --->   Generic Core

State 5 <SV = 4> <Delay = 0.71>
ST_5 : Operation 36 [1/1] (0.00ns)   --->   "%zext_ln207 = zext i5 %pack_wi" [src/generic/mpx_camba_mul.hpp:207]   --->   Operation 36 'zext' 'zext_ln207' <Predicate = true> <Delay = 0.00>
ST_5 : Operation 37 [1/1] (0.00ns)   --->   "%specpipeline_ln208 = specpipeline void @_ssdm_op_SpecPipeline, i32 1, i32 0, i32 0, i32 0, void @empty_73" [src/generic/mpx_camba_mul.hpp:208]   --->   Operation 37 'specpipeline' 'specpipeline_ln208' <Predicate = true> <Delay = 0.00>
ST_5 : Operation 38 [1/1] (0.00ns)   --->   "%speclooptripcount_ln201 = speclooptripcount void @_ssdm_op_SpecLoopTripCount, i64 16, i64 16, i64 16" [src/generic/mpx_camba_mul.hpp:201]   --->   Operation 38 'speclooptripcount' 'speclooptripcount_ln201' <Predicate = true> <Delay = 0.00>
ST_5 : Operation 39 [1/1] (0.00ns)   --->   "%specloopname_ln207 = specloopname void @_ssdm_op_SpecLoopName, void @empty_83" [src/generic/mpx_camba_mul.hpp:207]   --->   Operation 39 'specloopname' 'specloopname_ln207' <Predicate = true> <Delay = 0.00>
ST_5 : Operation 40 [1/1] (0.00ns)   --->   "%sum_17_loc_load = load i133 %sum_17_loc"   --->   Operation 40 'load' 'sum_17_loc_load' <Predicate = true> <Delay = 0.00>
ST_5 : Operation 41 [1/1] (0.00ns)   --->   "%out = trunc i133 %sum_17_loc_load" [src/generic/mpx_camba_mul.hpp:230]   --->   Operation 41 'trunc' 'out' <Predicate = true> <Delay = 0.00>
ST_5 : Operation 42 [1/1] (0.00ns)   --->   "%c_addr = getelementptr i64 %c, i64 0, i64 %zext_ln207" [src/generic/mpx_camba_mul.hpp:166->src/generic/mpx_camba_mul.hpp:231]   --->   Operation 42 'getelementptr' 'c_addr' <Predicate = true> <Delay = 0.00>
ST_5 : Operation 43 [1/1] ( I:0.71ns O:0.71ns )   --->   "%store_ln166 = store i64 %out, i4 %c_addr" [src/generic/mpx_camba_mul.hpp:166->src/generic/mpx_camba_mul.hpp:231]   --->   Operation 43 'store' 'store_ln166' <Predicate = true> <Delay = 0.71> <CoreInst = "RAM_1P">   --->   Core 87 'RAM_1P' <Latency = 1> <II = 1> <Delay = 0.71> <Storage> <Opcode : 'load' 'store'> <Ports = 1> <Width = 64> <Depth = 16> <RAM>
ST_5 : Operation 44 [1/1] (0.00ns)   --->   "%trunc_ln = partselect i69 @_ssdm_op_PartSelect.i69.i133.i32.i32, i133 %sum_17_loc_load, i32 64, i32 132" [src/generic/mpx_camba_mul.hpp:204]   --->   Operation 44 'partselect' 'trunc_ln' <Predicate = true> <Delay = 0.00>
ST_5 : Operation 45 [1/1] (0.38ns)   --->   "%store_ln213 = store i69 %trunc_ln, i69 %sum" [src/generic/mpx_camba_mul.hpp:213]   --->   Operation 45 'store' 'store_ln213' <Predicate = true> <Delay = 0.38>
ST_5 : Operation 46 [1/1] (0.00ns)   --->   "%br_ln207 = br void %for.body8" [src/generic/mpx_camba_mul.hpp:207]   --->   Operation 46 'br' 'br_ln207' <Predicate = true> <Delay = 0.00>


============================================================
+ Verbose Summary: Binding
============================================================
STG Binding: 
---------------- STG Properties BEGIN ----------------
- Is combinational: 0
- Is one-state seq: 0
- Is datapath-only: 0
- Is pipelined: 0
- Is top level: 0
Port [ Return ] is wired: 1; IO mode=ap_ctrl_hs:ce=0
Port [ a]:  wired=1; compound=1; hidden=0; nouse=0; global=0; static=0; extern=0; dir=0; type=1; pingpong=0; private_global=0; MemPort=[1]; IO mode=ap_memory:ce=0
Port [ b_0]:  wired=1; compound=1; hidden=0; nouse=0; global=0; static=0; extern=0; dir=0; type=1; pingpong=0; private_global=0; MemPort=[1]; IO mode=ap_memory:ce=0
Port [ b_1]:  wired=1; compound=1; hidden=0; nouse=0; global=0; static=0; extern=0; dir=0; type=1; pingpong=0; private_global=0; MemPort=[1]; IO mode=ap_memory:ce=0
Port [ c]:  wired=1; compound=1; hidden=0; nouse=0; global=0; static=0; extern=0; dir=1; type=1; pingpong=0; private_global=0; MemPort=[0]; IO mode=ap_memory:ce=0
---------------- STG Properties END ------------------

---------------- Datapath Model BEGIN ----------------

<LifeTime>
<method=bitvector/>
sum                     (alloca           ) [ 011111]
t                       (alloca           ) [ 011111]
sum_17_loc              (alloca           ) [ 001111]
store_ln207             (store            ) [ 000000]
store_ln213             (store            ) [ 000000]
specmemcore_ln0         (specmemcore      ) [ 000000]
specmemcore_ln0         (specmemcore      ) [ 000000]
specmemcore_ln0         (specmemcore      ) [ 000000]
specmemcore_ln0         (specmemcore      ) [ 000000]
call_ln0                (call             ) [ 000000]
br_ln207                (br               ) [ 000000]
pack_wi                 (load             ) [ 000011]
icmp_ln207_8            (icmp             ) [ 000111]
pack_wi_22              (add              ) [ 000000]
br_ln207                (br               ) [ 000000]
sum_load                (load             ) [ 000010]
trunc_ln207             (trunc            ) [ 000010]
tmp                     (partselect       ) [ 000000]
icmp_ln207              (icmp             ) [ 000000]
add_ln207               (add              ) [ 000000]
select_ln207            (select           ) [ 000010]
trunc_ln207_22          (trunc            ) [ 000000]
icmp_ln210              (icmp             ) [ 000000]
j_start                 (select           ) [ 000010]
j_end                   (select           ) [ 000010]
store_ln207             (store            ) [ 000000]
ret_ln240               (ret              ) [ 000000]
call_ln207              (call             ) [ 000000]
zext_ln207              (zext             ) [ 000000]
specpipeline_ln208      (specpipeline     ) [ 000000]
speclooptripcount_ln201 (speclooptripcount) [ 000000]
specloopname_ln207      (specloopname     ) [ 000000]
sum_17_loc_load         (load             ) [ 000000]
out                     (trunc            ) [ 000000]
c_addr                  (getelementptr    ) [ 000000]
store_ln166             (store            ) [ 000000]
trunc_ln                (partselect       ) [ 000000]
store_ln213             (store            ) [ 000000]
br_ln207                (br               ) [ 000000]
</LifeTime>

<model>

<comp_list>
<comp id="0" class="1000" name="a">
<pin_list>
<pin id="1" dir="1" index="0" bw="1" slack="0"/>
</pin_list>
<bind>
<StgValue><ssdm name="a"/><MemPortTyVec>1 </MemPortTyVec>
</StgValue>
</bind>
</comp>

<comp id="2" class="1000" name="b_0">
<pin_list>
<pin id="3" dir="1" index="0" bw="1" slack="0"/>
</pin_list>
<bind>
<StgValue><ssdm name="b_0"/><MemPortTyVec>1 </MemPortTyVec>
</StgValue>
</bind>
</comp>

<comp id="4" class="1000" name="b_1">
<pin_list>
<pin id="5" dir="1" index="0" bw="1" slack="0"/>
</pin_list>
<bind>
<StgValue><ssdm name="b_1"/><MemPortTyVec>1 </MemPortTyVec>
</StgValue>
</bind>
</comp>

<comp id="6" class="1000" name="c">
<pin_list>
<pin id="7" dir="1" index="0" bw="1" slack="0"/>
</pin_list>
<bind>
<StgValue><ssdm name="c"/><MemPortTyVec>0 </MemPortTyVec>
</StgValue>
</bind>
</comp>

<comp id="8" class="1001" name="const_8">
<pin_list>
<pin id="9" dir="1" index="0" bw="1" slack="0"/>
</pin_list>
<bind>
<StgValue><ssdm name=""/></StgValue>
</bind>
</comp>

<comp id="10" class="1001" name="const_10">
<pin_list>
<pin id="11" dir="1" index="0" bw="1" slack="0"/>
</pin_list>
<bind>
<StgValue><ssdm name=""/></StgValue>
</bind>
</comp>

<comp id="12" class="1001" name="const_12">
<pin_list>
<pin id="13" dir="1" index="0" bw="1" slack="0"/>
</pin_list>
<bind>
<StgValue><ssdm name="mul.14_Pipeline_VITIS_LOOP_188_1"/></StgValue>
</bind>
</comp>

<comp id="14" class="1001" name="const_14">
<pin_list>
<pin id="15" dir="1" index="0" bw="1" slack="0"/>
</pin_list>
<bind>
<StgValue><ssdm name=""/></StgValue>
</bind>
</comp>

<comp id="16" class="1001" name="const_16">
<pin_list>
<pin id="17" dir="1" index="0" bw="1" slack="0"/>
</pin_list>
<bind>
<StgValue><ssdm name=""/></StgValue>
</bind>
</comp>

<comp id="18" class="1001" name="const_18">
<pin_list>
<pin id="19" dir="1" index="0" bw="1" slack="2147483647"/>
</pin_list>
<bind>
<StgValue><ssdm name="_ssdm_op_SpecMemCore"/></StgValue>
</bind>
</comp>

<comp id="20" class="1001" name="const_20">
<pin_list>
<pin id="21" dir="1" index="0" bw="1" slack="2147483647"/>
</pin_list>
<bind>
<StgValue><ssdm name=""/></StgValue>
</bind>
</comp>

<comp id="22" class="1001" name="const_22">
<pin_list>
<pin id="23" dir="1" index="0" bw="1" slack="2147483647"/>
</pin_list>
<bind>
<StgValue><ssdm name=""/></StgValue>
</bind>
</comp>

<comp id="24" class="1001" name="const_24">
<pin_list>
<pin id="25" dir="1" index="0" bw="1" slack="2147483647"/>
</pin_list>
<bind>
<StgValue><ssdm name=""/></StgValue>
</bind>
</comp>

<comp id="26" class="1001" name="const_26">
<pin_list>
<pin id="27" dir="1" index="0" bw="1" slack="2147483647"/>
</pin_list>
<bind>
<StgValue><ssdm name=""/></StgValue>
</bind>
</comp>

<comp id="28" class="1001" name="const_28">
<pin_list>
<pin id="29" dir="1" index="0" bw="1" slack="0"/>
</pin_list>
<bind>
<StgValue><ssdm name=""/></StgValue>
</bind>
</comp>

<comp id="30" class="1001" name="const_30">
<pin_list>
<pin id="31" dir="1" index="0" bw="1" slack="0"/>
</pin_list>
<bind>
<StgValue><ssdm name=""/></StgValue>
</bind>
</comp>

<comp id="32" class="1001" name="const_32">
<pin_list>
<pin id="33" dir="1" index="0" bw="1" slack="0"/>
</pin_list>
<bind>
<StgValue><ssdm name="_ssdm_op_PartSelect.i2.i5.i32.i32"/></StgValue>
</bind>
</comp>

<comp id="34" class="1001" name="const_34">
<pin_list>
<pin id="35" dir="1" index="0" bw="1" slack="0"/>
</pin_list>
<bind>
<StgValue><ssdm name=""/></StgValue>
</bind>
</comp>

<comp id="36" class="1001" name="const_36">
<pin_list>
<pin id="37" dir="1" index="0" bw="1" slack="0"/>
</pin_list>
<bind>
<StgValue><ssdm name=""/></StgValue>
</bind>
</comp>

<comp id="38" class="1001" name="const_38">
<pin_list>
<pin id="39" dir="1" index="0" bw="1" slack="0"/>
</pin_list>
<bind>
<StgValue><ssdm name=""/></StgValue>
</bind>
</comp>

<comp id="40" class="1001" name="const_40">
<pin_list>
<pin id="41" dir="1" index="0" bw="1" slack="0"/>
</pin_list>
<bind>
<StgValue><ssdm name=""/></StgValue>
</bind>
</comp>

<comp id="42" class="1001" name="const_42">
<pin_list>
<pin id="43" dir="1" index="0" bw="1" slack="0"/>
</pin_list>
<bind>
<StgValue><ssdm name=""/></StgValue>
</bind>
</comp>

<comp id="44" class="1001" name="const_44">
<pin_list>
<pin id="45" dir="1" index="0" bw="1" slack="0"/>
</pin_list>
<bind>
<StgValue><ssdm name=""/></StgValue>
</bind>
</comp>

<comp id="46" class="1001" name="const_46">
<pin_list>
<pin id="47" dir="1" index="0" bw="1" slack="0"/>
</pin_list>
<bind>
<StgValue><ssdm name=""/></StgValue>
</bind>
</comp>

<comp id="48" class="1001" name="const_48">
<pin_list>
<pin id="49" dir="1" index="0" bw="1" slack="0"/>
</pin_list>
<bind>
<StgValue><ssdm name="mul.14_Pipeline_VITIS_LOOP_215_3"/></StgValue>
</bind>
</comp>

<comp id="50" class="1001" name="const_50">
<pin_list>
<pin id="51" dir="1" index="0" bw="1" slack="2147483647"/>
</pin_list>
<bind>
<StgValue><ssdm name="_ssdm_op_SpecPipeline"/></StgValue>
</bind>
</comp>

<comp id="52" class="1001" name="const_52">
<pin_list>
<pin id="53" dir="1" index="0" bw="1" slack="2147483647"/>
</pin_list>
<bind>
<StgValue><ssdm name=""/></StgValue>
</bind>
</comp>

<comp id="54" class="1001" name="const_54">
<pin_list>
<pin id="55" dir="1" index="0" bw="1" slack="2147483647"/>
</pin_list>
<bind>
<StgValue><ssdm name="empty_73"/></StgValue>
</bind>
</comp>

<comp id="56" class="1001" name="const_56">
<pin_list>
<pin id="57" dir="1" index="0" bw="1" slack="2147483647"/>
</pin_list>
<bind>
<StgValue><ssdm name="_ssdm_op_SpecLoopTripCount"/></StgValue>
</bind>
</comp>

<comp id="58" class="1001" name="const_58">
<pin_list>
<pin id="59" dir="1" index="0" bw="1" slack="2147483647"/>
</pin_list>
<bind>
<StgValue><ssdm name=""/></StgValue>
</bind>
</comp>

<comp id="60" class="1001" name="const_60">
<pin_list>
<pin id="61" dir="1" index="0" bw="1" slack="2147483647"/>
</pin_list>
<bind>
<StgValue><ssdm name="_ssdm_op_SpecLoopName"/></StgValue>
</bind>
</comp>

<comp id="62" class="1001" name="const_62">
<pin_list>
<pin id="63" dir="1" index="0" bw="1" slack="2147483647"/>
</pin_list>
<bind>
<StgValue><ssdm name="empty_83"/></StgValue>
</bind>
</comp>

<comp id="64" class="1001" name="const_64">
<pin_list>
<pin id="65" dir="1" index="0" bw="1" slack="0"/>
</pin_list>
<bind>
<StgValue><ssdm name=""/></StgValue>
</bind>
</comp>

<comp id="66" class="1001" name="const_66">
<pin_list>
<pin id="67" dir="1" index="0" bw="1" slack="0"/>
</pin_list>
<bind>
<StgValue><ssdm name="_ssdm_op_PartSelect.i69.i133.i32.i32"/></StgValue>
</bind>
</comp>

<comp id="68" class="1001" name="const_68">
<pin_list>
<pin id="69" dir="1" index="0" bw="1" slack="0"/>
</pin_list>
<bind>
<StgValue><ssdm name=""/></StgValue>
</bind>
</comp>

<comp id="70" class="1001" name="const_70">
<pin_list>
<pin id="71" dir="1" index="0" bw="1" slack="0"/>
</pin_list>
<bind>
<StgValue><ssdm name=""/></StgValue>
</bind>
</comp>

<comp id="72" class="1004" name="sum_fu_72">
<pin_list>
<pin id="73" dir="0" index="0" bw="1" slack="0"/>
<pin id="74" dir="1" index="1" bw="69" slack="0"/>
</pin_list>
<bind>
<opcode="alloca(26) " fcode="alloca"/>
<opset="sum/1 "/>
</bind>
</comp>

<comp id="76" class="1004" name="t_fu_76">
<pin_list>
<pin id="77" dir="0" index="0" bw="1" slack="0"/>
<pin id="78" dir="1" index="1" bw="5" slack="0"/>
</pin_list>
<bind>
<opcode="alloca(26) " fcode="alloca"/>
<opset="t/1 "/>
</bind>
</comp>

<comp id="80" class="1004" name="sum_17_loc_fu_80">
<pin_list>
<pin id="81" dir="0" index="0" bw="1" slack="0"/>
<pin id="82" dir="1" index="1" bw="133" slack="2"/>
</pin_list>
<bind>
<opcode="alloca(26) " fcode="alloca"/>
<opset="sum_17_loc/1 "/>
</bind>
</comp>

<comp id="84" class="1004" name="c_addr_gep_fu_84">
<pin_list>
<pin id="85" dir="0" index="0" bw="64" slack="0"/>
<pin id="86" dir="0" index="1" bw="1" slack="0"/>
<pin id="87" dir="0" index="2" bw="5" slack="0"/>
<pin id="88" dir="1" index="3" bw="4" slack="0"/>
</pin_list>
<bind>
<opcode="getelementptr(29) " fcode="getelementptr"/>
<opset="c_addr/5 "/>
</bind>
</comp>

<comp id="91" class="1004" name="store_ln166_access_fu_91">
<pin_list>
<pin id="92" dir="0" index="0" bw="4" slack="0"/>
<pin id="93" dir="0" index="1" bw="64" slack="0"/>
<pin id="94" dir="0" index="2" bw="0" slack="2147483647"/>
<pin id="95" dir="1" index="3" bw="64" slack="2147483647"/>
</pin_list>
<bind>
<opcode="store(28) " fcode="store"/>
<opset="store_ln166/5 "/>
</bind>
</comp>

<comp id="97" class="1004" name="grp_mul_14_Pipeline_VITIS_LOOP_188_1_fu_97">
<pin_list>
<pin id="98" dir="0" index="0" bw="0" slack="0"/>
<pin id="99" dir="0" index="1" bw="64" slack="0"/>
<pin id="100" dir="1" index="2" bw="0" slack="2147483647"/>
</pin_list>
<bind>
<opcode="call(48) " fcode="call"/>
<opset="call_ln0/1 "/>
</bind>
</comp>

<comp id="103" class="1004" name="grp_mul_14_Pipeline_VITIS_LOOP_215_3_fu_103">
<pin_list>
<pin id="104" dir="0" index="0" bw="0" slack="0"/>
<pin id="105" dir="0" index="1" bw="4" slack="0"/>
<pin id="106" dir="0" index="2" bw="4" slack="0"/>
<pin id="107" dir="0" index="3" bw="69" slack="0"/>
<pin id="108" dir="0" index="4" bw="3" slack="0"/>
<pin id="109" dir="0" index="5" bw="4" slack="0"/>
<pin id="110" dir="0" index="6" bw="64" slack="0"/>
<pin id="111" dir="0" index="7" bw="64" slack="0"/>
<pin id="112" dir="0" index="8" bw="64" slack="0"/>
<pin id="113" dir="0" index="9" bw="133" slack="2"/>
<pin id="114" dir="1" index="10" bw="0" slack="2147483647"/>
</pin_list>
<bind>
<opcode="call(48) " fcode="call"/>
<opset="call_ln207/3 "/>
</bind>
</comp>

<comp id="119" class="1004" name="store_ln207_store_fu_119">
<pin_list>
<pin id="120" dir="0" index="0" bw="1" slack="0"/>
<pin id="121" dir="0" index="1" bw="5" slack="0"/>
<pin id="122" dir="1" index="2" bw="0" slack="2147483647"/>
</pin_list>
<bind>
<opcode="store(28) " fcode="store"/>
<opset="store_ln207/1 "/>
</bind>
</comp>

<comp id="124" class="1004" name="store_ln213_store_fu_124">
<pin_list>
<pin id="125" dir="0" index="0" bw="1" slack="0"/>
<pin id="126" dir="0" index="1" bw="69" slack="0"/>
<pin id="127" dir="1" index="2" bw="0" slack="2147483647"/>
</pin_list>
<bind>
<opcode="store(28) " fcode="store"/>
<opset="store_ln213/1 "/>
</bind>
</comp>

<comp id="129" class="1004" name="pack_wi_load_fu_129">
<pin_list>
<pin id="130" dir="0" index="0" bw="5" slack="2"/>
<pin id="131" dir="1" index="1" bw="5" slack="0"/>
</pin_list>
<bind>
<opcode="load(27) " fcode="load"/>
<opset="pack_wi/3 "/>
</bind>
</comp>

<comp id="132" class="1004" name="icmp_ln207_8_fu_132">
<pin_list>
<pin id="133" dir="0" index="0" bw="5" slack="0"/>
<pin id="134" dir="0" index="1" bw="5" slack="0"/>
<pin id="135" dir="1" index="2" bw="1" slack="2147483647"/>
</pin_list>
<bind>
<opcode="icmp(45) " fcode="icmp"/>
<opset="icmp_ln207_8/3 "/>
</bind>
</comp>

<comp id="138" class="1004" name="pack_wi_22_fu_138">
<pin_list>
<pin id="139" dir="0" index="0" bw="5" slack="0"/>
<pin id="140" dir="0" index="1" bw="1" slack="0"/>
<pin id="141" dir="1" index="2" bw="5" slack="0"/>
</pin_list>
<bind>
<opcode="add(8) " fcode="add"/>
<opset="pack_wi_22/3 "/>
</bind>
</comp>

<comp id="144" class="1004" name="sum_load_load_fu_144">
<pin_list>
<pin id="145" dir="0" index="0" bw="69" slack="2"/>
<pin id="146" dir="1" index="1" bw="69" slack="0"/>
</pin_list>
<bind>
<opcode="load(27) " fcode="load"/>
<opset="sum_load/3 "/>
</bind>
</comp>

<comp id="148" class="1004" name="trunc_ln207_fu_148">
<pin_list>
<pin id="149" dir="0" index="0" bw="5" slack="0"/>
<pin id="150" dir="1" index="1" bw="4" slack="0"/>
</pin_list>
<bind>
<opcode="trunc(33) " fcode="trunc"/>
<opset="trunc_ln207/3 "/>
</bind>
</comp>

<comp id="153" class="1004" name="tmp_fu_153">
<pin_list>
<pin id="154" dir="0" index="0" bw="2" slack="0"/>
<pin id="155" dir="0" index="1" bw="5" slack="0"/>
<pin id="156" dir="0" index="2" bw="3" slack="0"/>
<pin id="157" dir="0" index="3" bw="4" slack="0"/>
<pin id="158" dir="1" index="4" bw="2" slack="0"/>
</pin_list>
<bind>
<opcode="partselect(1002) " fcode="partselect"/>
<opset="tmp/3 "/>
</bind>
</comp>

<comp id="163" class="1004" name="icmp_ln207_fu_163">
<pin_list>
<pin id="164" dir="0" index="0" bw="2" slack="0"/>
<pin id="165" dir="0" index="1" bw="1" slack="0"/>
<pin id="166" dir="1" index="2" bw="1" slack="0"/>
</pin_list>
<bind>
<opcode="icmp(45) " fcode="icmp"/>
<opset="icmp_ln207/3 "/>
</bind>
</comp>

<comp id="169" class="1004" name="add_ln207_fu_169">
<pin_list>
<pin id="170" dir="0" index="0" bw="4" slack="0"/>
<pin id="171" dir="0" index="1" bw="4" slack="0"/>
<pin id="172" dir="1" index="2" bw="4" slack="0"/>
</pin_list>
<bind>
<opcode="add(8) " fcode="add"/>
<opset="add_ln207/3 "/>
</bind>
</comp>

<comp id="175" class="1004" name="select_ln207_fu_175">
<pin_list>
<pin id="176" dir="0" index="0" bw="1" slack="0"/>
<pin id="177" dir="0" index="1" bw="4" slack="0"/>
<pin id="178" dir="0" index="2" bw="1" slack="0"/>
<pin id="179" dir="1" index="3" bw="4" slack="0"/>
</pin_list>
<bind>
<opcode="select(49) " fcode="select"/>
<opset="select_ln207/3 "/>
</bind>
</comp>

<comp id="184" class="1004" name="trunc_ln207_22_fu_184">
<pin_list>
<pin id="185" dir="0" index="0" bw="5" slack="0"/>
<pin id="186" dir="1" index="1" bw="3" slack="0"/>
</pin_list>
<bind>
<opcode="trunc(33) " fcode="trunc"/>
<opset="trunc_ln207_22/3 "/>
</bind>
</comp>

<comp id="188" class="1004" name="icmp_ln210_fu_188">
<pin_list>
<pin id="189" dir="0" index="0" bw="5" slack="0"/>
<pin id="190" dir="0" index="1" bw="4" slack="0"/>
<pin id="191" dir="1" index="2" bw="1" slack="0"/>
</pin_list>
<bind>
<opcode="icmp(45) " fcode="icmp"/>
<opset="icmp_ln210/3 "/>
</bind>
</comp>

<comp id="194" class="1004" name="j_start_fu_194">
<pin_list>
<pin id="195" dir="0" index="0" bw="1" slack="0"/>
<pin id="196" dir="0" index="1" bw="1" slack="0"/>
<pin id="197" dir="0" index="2" bw="4" slack="0"/>
<pin id="198" dir="1" index="3" bw="4" slack="0"/>
</pin_list>
<bind>
<opcode="select(49) " fcode="select"/>
<opset="j_start/3 "/>
</bind>
</comp>

<comp id="203" class="1004" name="j_end_fu_203">
<pin_list>
<pin id="204" dir="0" index="0" bw="1" slack="0"/>
<pin id="205" dir="0" index="1" bw="3" slack="0"/>
<pin id="206" dir="0" index="2" bw="1" slack="0"/>
<pin id="207" dir="1" index="3" bw="3" slack="0"/>
</pin_list>
<bind>
<opcode="select(49) " fcode="select"/>
<opset="j_end/3 "/>
</bind>
</comp>

<comp id="212" class="1004" name="store_ln207_store_fu_212">
<pin_list>
<pin id="213" dir="0" index="0" bw="5" slack="0"/>
<pin id="214" dir="0" index="1" bw="5" slack="2"/>
<pin id="215" dir="1" index="2" bw="0" slack="2147483647"/>
</pin_list>
<bind>
<opcode="store(28) " fcode="store"/>
<opset="store_ln207/3 "/>
</bind>
</comp>

<comp id="217" class="1004" name="zext_ln207_fu_217">
<pin_list>
<pin id="218" dir="0" index="0" bw="5" slack="2"/>
<pin id="219" dir="1" index="1" bw="64" slack="0"/>
</pin_list>
<bind>
<opcode="zext(34) " fcode="zext"/>
<opset="zext_ln207/5 "/>
</bind>
</comp>

<comp id="221" class="1004" name="sum_17_loc_load_load_fu_221">
<pin_list>
<pin id="222" dir="0" index="0" bw="133" slack="4"/>
<pin id="223" dir="1" index="1" bw="133" slack="0"/>
</pin_list>
<bind>
<opcode="load(27) " fcode="load"/>
<opset="sum_17_loc_load/5 "/>
</bind>
</comp>

<comp id="224" class="1004" name="out_fu_224">
<pin_list>
<pin id="225" dir="0" index="0" bw="133" slack="0"/>
<pin id="226" dir="1" index="1" bw="64" slack="0"/>
</pin_list>
<bind>
<opcode="trunc(33) " fcode="trunc"/>
<opset="out/5 "/>
</bind>
</comp>

<comp id="229" class="1004" name="trunc_ln_fu_229">
<pin_list>
<pin id="230" dir="0" index="0" bw="69" slack="0"/>
<pin id="231" dir="0" index="1" bw="133" slack="0"/>
<pin id="232" dir="0" index="2" bw="8" slack="0"/>
<pin id="233" dir="0" index="3" bw="9" slack="0"/>
<pin id="234" dir="1" index="4" bw="69" slack="0"/>
</pin_list>
<bind>
<opcode="partselect(1002) " fcode="partselect"/>
<opset="trunc_ln/5 "/>
</bind>
</comp>

<comp id="239" class="1004" name="store_ln213_store_fu_239">
<pin_list>
<pin id="240" dir="0" index="0" bw="69" slack="0"/>
<pin id="241" dir="0" index="1" bw="69" slack="4"/>
<pin id="242" dir="1" index="2" bw="0" slack="2147483647"/>
</pin_list>
<bind>
<opcode="store(28) " fcode="store"/>
<opset="store_ln213/5 "/>
</bind>
</comp>

<comp id="244" class="1005" name="sum_reg_244">
<pin_list>
<pin id="245" dir="0" index="0" bw="69" slack="0"/>
<pin id="246" dir="1" index="1" bw="69" slack="0"/>
</pin_list>
<bind>
<opset="sum "/>
</bind>
</comp>

<comp id="251" class="1005" name="t_reg_251">
<pin_list>
<pin id="252" dir="0" index="0" bw="5" slack="0"/>
<pin id="253" dir="1" index="1" bw="5" slack="0"/>
</pin_list>
<bind>
<opset="t "/>
</bind>
</comp>

<comp id="258" class="1005" name="sum_17_loc_reg_258">
<pin_list>
<pin id="259" dir="0" index="0" bw="133" slack="2"/>
<pin id="260" dir="1" index="1" bw="133" slack="2"/>
</pin_list>
<bind>
<opset="sum_17_loc "/>
</bind>
</comp>

<comp id="264" class="1005" name="pack_wi_reg_264">
<pin_list>
<pin id="265" dir="0" index="0" bw="5" slack="2"/>
<pin id="266" dir="1" index="1" bw="5" slack="2"/>
</pin_list>
<bind>
<opset="pack_wi "/>
</bind>
</comp>

<comp id="275" class="1005" name="trunc_ln207_reg_275">
<pin_list>
<pin id="276" dir="0" index="0" bw="4" slack="1"/>
<pin id="277" dir="1" index="1" bw="4" slack="1"/>
</pin_list>
<bind>
<opset="trunc_ln207 "/>
</bind>
</comp>

<comp id="280" class="1005" name="select_ln207_reg_280">
<pin_list>
<pin id="281" dir="0" index="0" bw="4" slack="1"/>
<pin id="282" dir="1" index="1" bw="4" slack="1"/>
</pin_list>
<bind>
<opset="select_ln207 "/>
</bind>
</comp>

<comp id="285" class="1005" name="j_start_reg_285">
<pin_list>
<pin id="286" dir="0" index="0" bw="4" slack="1"/>
<pin id="287" dir="1" index="1" bw="4" slack="1"/>
</pin_list>
<bind>
<opset="j_start "/>
</bind>
</comp>

<comp id="290" class="1005" name="j_end_reg_290">
<pin_list>
<pin id="291" dir="0" index="0" bw="3" slack="1"/>
<pin id="292" dir="1" index="1" bw="3" slack="1"/>
</pin_list>
<bind>
<opset="j_end "/>
</bind>
</comp>

</comp_list>

<net_list>
<net id="75"><net_src comp="8" pin="0"/><net_sink comp="72" pin=0"/></net>

<net id="79"><net_src comp="8" pin="0"/><net_sink comp="76" pin=0"/></net>

<net id="83"><net_src comp="10" pin="0"/><net_sink comp="80" pin=0"/></net>

<net id="89"><net_src comp="6" pin="0"/><net_sink comp="84" pin=0"/></net>

<net id="90"><net_src comp="64" pin="0"/><net_sink comp="84" pin=1"/></net>

<net id="96"><net_src comp="84" pin="3"/><net_sink comp="91" pin=0"/></net>

<net id="101"><net_src comp="12" pin="0"/><net_sink comp="97" pin=0"/></net>

<net id="102"><net_src comp="6" pin="0"/><net_sink comp="97" pin=1"/></net>

<net id="115"><net_src comp="48" pin="0"/><net_sink comp="103" pin=0"/></net>

<net id="116"><net_src comp="0" pin="0"/><net_sink comp="103" pin=6"/></net>

<net id="117"><net_src comp="2" pin="0"/><net_sink comp="103" pin=7"/></net>

<net id="118"><net_src comp="4" pin="0"/><net_sink comp="103" pin=8"/></net>

<net id="123"><net_src comp="14" pin="0"/><net_sink comp="119" pin=0"/></net>

<net id="128"><net_src comp="16" pin="0"/><net_sink comp="124" pin=0"/></net>

<net id="136"><net_src comp="129" pin="1"/><net_sink comp="132" pin=0"/></net>

<net id="137"><net_src comp="28" pin="0"/><net_sink comp="132" pin=1"/></net>

<net id="142"><net_src comp="129" pin="1"/><net_sink comp="138" pin=0"/></net>

<net id="143"><net_src comp="30" pin="0"/><net_sink comp="138" pin=1"/></net>

<net id="147"><net_src comp="144" pin="1"/><net_sink comp="103" pin=3"/></net>

<net id="151"><net_src comp="129" pin="1"/><net_sink comp="148" pin=0"/></net>

<net id="152"><net_src comp="148" pin="1"/><net_sink comp="103" pin=5"/></net>

<net id="159"><net_src comp="32" pin="0"/><net_sink comp="153" pin=0"/></net>

<net id="160"><net_src comp="129" pin="1"/><net_sink comp="153" pin=1"/></net>

<net id="161"><net_src comp="34" pin="0"/><net_sink comp="153" pin=2"/></net>

<net id="162"><net_src comp="36" pin="0"/><net_sink comp="153" pin=3"/></net>

<net id="167"><net_src comp="153" pin="4"/><net_sink comp="163" pin=0"/></net>

<net id="168"><net_src comp="38" pin="0"/><net_sink comp="163" pin=1"/></net>

<net id="173"><net_src comp="148" pin="1"/><net_sink comp="169" pin=0"/></net>

<net id="174"><net_src comp="40" pin="0"/><net_sink comp="169" pin=1"/></net>

<net id="180"><net_src comp="163" pin="2"/><net_sink comp="175" pin=0"/></net>

<net id="181"><net_src comp="169" pin="2"/><net_sink comp="175" pin=1"/></net>

<net id="182"><net_src comp="42" pin="0"/><net_sink comp="175" pin=2"/></net>

<net id="183"><net_src comp="175" pin="3"/><net_sink comp="103" pin=1"/></net>

<net id="187"><net_src comp="129" pin="1"/><net_sink comp="184" pin=0"/></net>

<net id="192"><net_src comp="129" pin="1"/><net_sink comp="188" pin=0"/></net>

<net id="193"><net_src comp="44" pin="0"/><net_sink comp="188" pin=1"/></net>

<net id="199"><net_src comp="188" pin="2"/><net_sink comp="194" pin=0"/></net>

<net id="200"><net_src comp="42" pin="0"/><net_sink comp="194" pin=1"/></net>

<net id="201"><net_src comp="169" pin="2"/><net_sink comp="194" pin=2"/></net>

<net id="202"><net_src comp="194" pin="3"/><net_sink comp="103" pin=2"/></net>

<net id="208"><net_src comp="188" pin="2"/><net_sink comp="203" pin=0"/></net>

<net id="209"><net_src comp="184" pin="1"/><net_sink comp="203" pin=1"/></net>

<net id="210"><net_src comp="46" pin="0"/><net_sink comp="203" pin=2"/></net>

<net id="211"><net_src comp="203" pin="3"/><net_sink comp="103" pin=4"/></net>

<net id="216"><net_src comp="138" pin="2"/><net_sink comp="212" pin=0"/></net>

<net id="220"><net_src comp="217" pin="1"/><net_sink comp="84" pin=2"/></net>

<net id="227"><net_src comp="221" pin="1"/><net_sink comp="224" pin=0"/></net>

<net id="228"><net_src comp="224" pin="1"/><net_sink comp="91" pin=1"/></net>

<net id="235"><net_src comp="66" pin="0"/><net_sink comp="229" pin=0"/></net>

<net id="236"><net_src comp="221" pin="1"/><net_sink comp="229" pin=1"/></net>

<net id="237"><net_src comp="68" pin="0"/><net_sink comp="229" pin=2"/></net>

<net id="238"><net_src comp="70" pin="0"/><net_sink comp="229" pin=3"/></net>

<net id="243"><net_src comp="229" pin="4"/><net_sink comp="239" pin=0"/></net>

<net id="247"><net_src comp="72" pin="1"/><net_sink comp="244" pin=0"/></net>

<net id="248"><net_src comp="244" pin="1"/><net_sink comp="124" pin=1"/></net>

<net id="249"><net_src comp="244" pin="1"/><net_sink comp="144" pin=0"/></net>

<net id="250"><net_src comp="244" pin="1"/><net_sink comp="239" pin=1"/></net>

<net id="254"><net_src comp="76" pin="1"/><net_sink comp="251" pin=0"/></net>

<net id="255"><net_src comp="251" pin="1"/><net_sink comp="119" pin=1"/></net>

<net id="256"><net_src comp="251" pin="1"/><net_sink comp="129" pin=0"/></net>

<net id="257"><net_src comp="251" pin="1"/><net_sink comp="212" pin=1"/></net>

<net id="261"><net_src comp="80" pin="1"/><net_sink comp="258" pin=0"/></net>

<net id="262"><net_src comp="258" pin="1"/><net_sink comp="103" pin=9"/></net>

<net id="263"><net_src comp="258" pin="1"/><net_sink comp="221" pin=0"/></net>

<net id="267"><net_src comp="129" pin="1"/><net_sink comp="264" pin=0"/></net>

<net id="268"><net_src comp="264" pin="1"/><net_sink comp="217" pin=0"/></net>

<net id="278"><net_src comp="148" pin="1"/><net_sink comp="275" pin=0"/></net>

<net id="279"><net_src comp="275" pin="1"/><net_sink comp="103" pin=5"/></net>

<net id="283"><net_src comp="175" pin="3"/><net_sink comp="280" pin=0"/></net>

<net id="284"><net_src comp="280" pin="1"/><net_sink comp="103" pin=1"/></net>

<net id="288"><net_src comp="194" pin="3"/><net_sink comp="285" pin=0"/></net>

<net id="289"><net_src comp="285" pin="1"/><net_sink comp="103" pin=2"/></net>

<net id="293"><net_src comp="203" pin="3"/><net_sink comp="290" pin=0"/></net>

<net id="294"><net_src comp="290" pin="1"/><net_sink comp="103" pin=4"/></net>

</net_list>

</model> 
---------------- Datapath Model END ------------------

* FSMD analyzer results:
  - Output states:
	Port: c | {1 2 5 }
 - Input state : 
	Port: mul.14 : a | {3 4 }
	Port: mul.14 : b_0 | {3 4 }
	Port: mul.14 : b_1 | {3 4 }
  - Chain level:
	State 1
		store_ln207 : 1
		store_ln213 : 1
	State 2
	State 3
		icmp_ln207_8 : 1
		pack_wi_22 : 1
		br_ln207 : 2
		trunc_ln207 : 1
		tmp : 1
		icmp_ln207 : 2
		add_ln207 : 2
		select_ln207 : 3
		trunc_ln207_22 : 1
		icmp_ln210 : 1
		j_start : 3
		j_end : 2
		call_ln207 : 4
		store_ln207 : 2
	State 4
	State 5
		out : 1
		c_addr : 1
		store_ln166 : 2
		trunc_ln : 1
		store_ln213 : 2


============================================================
+ Verbose Summary: Datapath Resource usage 
============================================================

* Functional unit list:
|----------|---------------------------------------------|---------|---------|---------|---------|
| Operation|               Functional Unit               |   DSP   |  Delay  |    FF   |   LUT   |
|----------|---------------------------------------------|---------|---------|---------|---------|
|   call   |  grp_mul_14_Pipeline_VITIS_LOOP_188_1_fu_97 |    0    |    0    |    5    |    24   |
|          | grp_mul_14_Pipeline_VITIS_LOOP_215_3_fu_103 |    16   |  1.161  |   338   |   557   |
|----------|---------------------------------------------|---------|---------|---------|---------|
|          |             icmp_ln207_8_fu_132             |    0    |    0    |    0    |    12   |
|   icmp   |              icmp_ln207_fu_163              |    0    |    0    |    0    |    9    |
|          |              icmp_ln210_fu_188              |    0    |    0    |    0    |    12   |
|----------|---------------------------------------------|---------|---------|---------|---------|
|    add   |              pack_wi_22_fu_138              |    0    |    0    |    0    |    12   |
|          |               add_ln207_fu_169              |    0    |    0    |    0    |    12   |
|----------|---------------------------------------------|---------|---------|---------|---------|
|          |             select_ln207_fu_175             |    0    |    0    |    0    |    4    |
|  select  |                j_start_fu_194               |    0    |    0    |    0    |    4    |
|          |                 j_end_fu_203                |    0    |    0    |    0    |    3    |
|----------|---------------------------------------------|---------|---------|---------|---------|
|          |              trunc_ln207_fu_148             |    0    |    0    |    0    |    0    |
|   trunc  |            trunc_ln207_22_fu_184            |    0    |    0    |    0    |    0    |
|          |                  out_fu_224                 |    0    |    0    |    0    |    0    |
|----------|---------------------------------------------|---------|---------|---------|---------|
|partselect|                  tmp_fu_153                 |    0    |    0    |    0    |    0    |
|          |               trunc_ln_fu_229               |    0    |    0    |    0    |    0    |
|----------|---------------------------------------------|---------|---------|---------|---------|
|   zext   |              zext_ln207_fu_217              |    0    |    0    |    0    |    0    |
|----------|---------------------------------------------|---------|---------|---------|---------|
|   Total  |                                             |    16   |  1.161  |   343   |   649   |
|----------|---------------------------------------------|---------|---------|---------|---------|

Memories:
N/A

* Register list:
+--------------------+--------+
|                    |   FF   |
+--------------------+--------+
|    j_end_reg_290   |    3   |
|   j_start_reg_285  |    4   |
|   pack_wi_reg_264  |    5   |
|select_ln207_reg_280|    4   |
| sum_17_loc_reg_258 |   133  |
|     sum_reg_244    |   69   |
|      t_reg_251     |    5   |
| trunc_ln207_reg_275|    4   |
+--------------------+--------+
|        Total       |   227  |
+--------------------+--------+

* Multiplexer (MUX) list: 
|---------------------------------------------|------|------|------|--------||---------||---------||---------|
|                     Comp                    |  Pin | Size |  BW  | S x BW ||  Delay  ||    FF   ||   LUT   |
|---------------------------------------------|------|------|------|--------||---------||---------||---------|
| grp_mul_14_Pipeline_VITIS_LOOP_215_3_fu_103 |  p1  |   2  |   4  |    8   ||    0    ||    9    |
| grp_mul_14_Pipeline_VITIS_LOOP_215_3_fu_103 |  p2  |   2  |   4  |    8   ||    0    ||    9    |
| grp_mul_14_Pipeline_VITIS_LOOP_215_3_fu_103 |  p4  |   2  |   3  |    6   ||    0    ||    9    |
| grp_mul_14_Pipeline_VITIS_LOOP_215_3_fu_103 |  p5  |   2  |   4  |    8   ||    0    ||    9    |
|---------------------------------------------|------|------|------|--------||---------||---------||---------|
|                    Total                    |      |      |      |   30   ||  1.548  ||    0    ||    36   |
|---------------------------------------------|------|------|------|--------||---------||---------||---------|



* Summary:
+-----------+--------+--------+--------+--------+
|           |   DSP  |  Delay |   FF   |   LUT  |
+-----------+--------+--------+--------+--------+
|  Function |   16   |    1   |   343  |   649  |
|   Memory  |    -   |    -   |    -   |    -   |
|Multiplexer|    -   |    1   |    0   |   36   |
|  Register |    -   |    -   |   227  |    -   |
+-----------+--------+--------+--------+--------+
|   Total   |   16   |    2   |   570  |   685  |
+-----------+--------+--------+--------+--------+
