

================================================================
== Vitis HLS Report for 'mul_5125'
================================================================
* Date:           Mon Oct 20 16:15:44 2025

* Version:        2024.2.2 (Build 6049644 on Mar  5 2025)
* Project:        sikep503_hls
* Solution:       solution1 (Vivado IP Flow Target)
* Product family: virtexuplus58g
* Target device:  xcvu29p-fsga2577-2L-e


================================================================
== Performance Estimates
================================================================
+ Timing: 
    * Summary: 
    +--------+----------+----------+------------+
    |  Clock |  Target  | Estimated| Uncertainty|
    +--------+----------+----------+------------+
    |ap_clk  |  10.00 ns|  7.130 ns|     2.70 ns|
    +--------+----------+----------+------------+

+ Latency: 
    * Summary: 
    +---------+---------+----------+----------+-----+-----+---------+
    |  Latency (cycles) |  Latency (absolute) |  Interval | Pipeline|
    |   min   |   max   |    min   |    max   | min | max |   Type  |
    +---------+---------+----------+----------+-----+-----+---------+
    |      125|      198|  1.250 us|  1.980 us|  125|  198|       no|
    +---------+---------+----------+----------+-----+-----+---------+

    + Detail: 
        * Instance: 
        +--------------------------------------------------+---------------------------------------+---------+---------+-----------+-----------+-----+-----+------------------------------------------------+
        |                                                  |                                       |  Latency (cycles) |   Latency (absolute)  |  Interval |                    Pipeline                    |
        |                     Instance                     |                 Module                |   min   |   max   |    min    |    max    | min | max |                      Type                      |
        +--------------------------------------------------+---------------------------------------+---------+---------+-----------+-----------+-----+-----+------------------------------------------------+
        |grp_mul_5125_Pipeline_VITIS_LOOP_188_1_fu_165     |mul_5125_Pipeline_VITIS_LOOP_188_1     |       18|       18|   0.180 us|   0.180 us|   17|   17|  loop auto-rewind stp (delay=0 clock cycles(s))|
        |grp_mul_5125_Pipeline_VITIS_LOOP_215_3_fu_171     |mul_5125_Pipeline_VITIS_LOOP_215_3     |        6|       12|  60.000 ns|   0.120 us|    4|   10|  loop auto-rewind stp (delay=0 clock cycles(s))|
        |grp_mul_5125_Pipeline_VITIS_LOOP_142_1105_fu_186  |mul_5125_Pipeline_VITIS_LOOP_142_1105  |        3|        4|  30.000 ns|  40.000 ns|    2|    3|  loop auto-rewind stp (delay=0 clock cycles(s))|
        |grp_mul_5125_Pipeline_VITIS_LOOP_142_1_fu_199     |mul_5125_Pipeline_VITIS_LOOP_142_1     |        2|        3|  20.000 ns|  30.000 ns|    1|    2|  loop auto-rewind stp (delay=0 clock cycles(s))|
        |grp_mul_5125_Pipeline_VITIS_LOOP_177_1_fu_209     |mul_5125_Pipeline_VITIS_LOOP_177_1     |        2|       18|  20.000 ns|   0.180 us|    1|   17|  loop auto-rewind stp (delay=0 clock cycles(s))|
        +--------------------------------------------------+---------------------------------------+---------+---------+-----------+-----------+-----+-----+------------------------------------------------+

        * Loop: 
        +--------------------+---------+---------+----------+-----------+-----------+------+----------+
        |                    |  Latency (cycles) | Iteration|  Initiation Interval  | Trip |          |
        |      Loop Name     |   min   |   max   |  Latency |  achieved |   target  | Count| Pipelined|
        +--------------------+---------+---------+----------+-----------+-----------+------+----------+
        |- VITIS_LOOP_207_2  |       96|      152|   12 ~ 19|          -|          -|     8|        no|
        +--------------------+---------+---------+----------+-----------+-----------+------+----------+

============================================================
+ Verbose Summary: Synthesis Manager
============================================================
InlineROM: 1
ExposeGlobal: 0
============================================================
+ Verbose Summary: CDFG Model
============================================================
IsTopModel: 0
ResetActiveHigh: 1
IsCombinational: 0
IsDatapathOnly: 0
HasWiredReturn: 1
HasMFsm: 0
HasVarLatency: 1
IsPipeline: 0
IsRtlPipelined: 0
IsInstanceOverlapped: 0
IsDontTouch: 0
HasImplIP: 0
IsGatedGlobalClock: 0


============================================================
+ Verbose Summary: Schedule
============================================================
* Number of FSM states : 10
* Pipeline : 0
* Dataflow Pipeline: 0

* FSM state transitions: 
1 --> 2 
2 --> 3 
3 --> 4 7 
4 --> 5 
5 --> 6 
6 --> 3 
7 --> 8 
8 --> 9 
9 --> 10 
10 --> 

* FSM state operations: 

State 1 <SV = 0> <Delay = 0.38>
ST_1 : Operation 11 [1/1] (0.00ns)   --->   "%x = alloca i32 1" [src/generic/mpx_comba_mul.hpp:138->src/generic/mpx_comba_mul.hpp:237]   --->   Operation 11 'alloca' 'x' <Predicate = true> <Delay = 0.00>
ST_1 : Operation 12 [1/1] (0.00ns)   --->   "%pack_wi = alloca i32 1" [src/generic/mpx_comba_mul.hpp:201]   --->   Operation 12 'alloca' 'pack_wi' <Predicate = true> <Delay = 0.00>
ST_1 : Operation 13 [1/1] (0.00ns)   --->   "%pack_used = alloca i32 1" [src/generic/mpx_comba_mul.hpp:201]   --->   Operation 13 'alloca' 'pack_used' <Predicate = true> <Delay = 0.00>
ST_1 : Operation 14 [1/1] (0.00ns)   --->   "%pack_cur = alloca i32 1" [src/generic/mpx_comba_mul.hpp:201]   --->   Operation 14 'alloca' 'pack_cur' <Predicate = true> <Delay = 0.00>
ST_1 : Operation 15 [1/1] (0.00ns)   --->   "%sum = alloca i32 1" [src/generic/mpx_comba_mul.hpp:213]   --->   Operation 15 'alloca' 'sum' <Predicate = true> <Delay = 0.00>
ST_1 : Operation 16 [1/1] (0.00ns)   --->   "%t = alloca i32 1" [src/generic/mpx_comba_mul.hpp:207]   --->   Operation 16 'alloca' 't' <Predicate = true> <Delay = 0.00>
ST_1 : Operation 17 [1/1] (0.00ns)   --->   "%pack_cur_3_loc = alloca i64 1"   --->   Operation 17 'alloca' 'pack_cur_3_loc' <Predicate = true> <Delay = 0.00>
ST_1 : Operation 18 [1/1] (0.00ns)   --->   "%pack_used_3_loc = alloca i64 1"   --->   Operation 18 'alloca' 'pack_used_3_loc' <Predicate = true> <Delay = 0.00>
ST_1 : Operation 19 [1/1] (0.00ns)   --->   "%pack_wi_3_loc = alloca i64 1"   --->   Operation 19 'alloca' 'pack_wi_3_loc' <Predicate = true> <Delay = 0.00>
ST_1 : Operation 20 [1/1] (0.00ns)   --->   "%sum_19_loc = alloca i64 1"   --->   Operation 20 'alloca' 'sum_19_loc' <Predicate = true> <Delay = 0.00>
ST_1 : Operation 21 [2/2] (0.00ns)   --->   "%call_ln0 = call void @mul.5125_Pipeline_VITIS_LOOP_188_1, i64 %c"   --->   Operation 21 'call' 'call_ln0' <Predicate = true> <Delay = 0.00> <CoreType = "Generic">   --->   Generic Core
ST_1 : Operation 22 [1/1] (0.38ns)   --->   "%store_ln207 = store i4 0, i4 %t" [src/generic/mpx_comba_mul.hpp:207]   --->   Operation 22 'store' 'store_ln207' <Predicate = true> <Delay = 0.38>
ST_1 : Operation 23 [1/1] (0.38ns)   --->   "%store_ln213 = store i132 0, i132 %sum" [src/generic/mpx_comba_mul.hpp:213]   --->   Operation 23 'store' 'store_ln213' <Predicate = true> <Delay = 0.38>
ST_1 : Operation 24 [1/1] (0.00ns)   --->   "%store_ln201 = store i64 0, i64 %pack_cur" [src/generic/mpx_comba_mul.hpp:201]   --->   Operation 24 'store' 'store_ln201' <Predicate = true> <Delay = 0.00>
ST_1 : Operation 25 [1/1] (0.00ns)   --->   "%store_ln201 = store i32 0, i32 %pack_used" [src/generic/mpx_comba_mul.hpp:201]   --->   Operation 25 'store' 'store_ln201' <Predicate = true> <Delay = 0.00>
ST_1 : Operation 26 [1/1] (0.00ns)   --->   "%store_ln201 = store i32 0, i32 %pack_wi" [src/generic/mpx_comba_mul.hpp:201]   --->   Operation 26 'store' 'store_ln201' <Predicate = true> <Delay = 0.00>
ST_1 : Operation 27 [1/1] (0.38ns)   --->   "%store_ln138 = store i128 0, i128 %x" [src/generic/mpx_comba_mul.hpp:138->src/generic/mpx_comba_mul.hpp:237]   --->   Operation 27 'store' 'store_ln138' <Predicate = true> <Delay = 0.38>

State 2 <SV = 1> <Delay = 1.48>
ST_2 : Operation 28 [1/1] (0.00ns)   --->   "%a_offset_read = read i4 @_ssdm_op_Read.ap_auto.i4, i4 %a_offset"   --->   Operation 28 'read' 'a_offset_read' <Predicate = true> <Delay = 0.00>
ST_2 : Operation 29 [1/1] (0.00ns)   --->   "%tmp = bitconcatenate i7 @_ssdm_op_BitConcatenate.i7.i4.i3, i4 %a_offset_read, i3 0" [src/generic/mpx_comba_mul.hpp:94->src/generic/mpx_comba_mul.hpp:223]   --->   Operation 29 'bitconcatenate' 'tmp' <Predicate = true> <Delay = 0.00>
ST_2 : Operation 30 [1/1] (0.00ns)   --->   "%specmemcore_ln0 = specmemcore void @_ssdm_op_SpecMemCore, i64 %b, i64 666, i64 17, i64 18446744073709551615"   --->   Operation 30 'specmemcore' 'specmemcore_ln0' <Predicate = true> <Delay = 0.00>
ST_2 : Operation 31 [1/1] (0.00ns)   --->   "%specmemcore_ln0 = specmemcore void @_ssdm_op_SpecMemCore, i64 %a, i64 666, i64 17, i64 18446744073709551615"   --->   Operation 31 'specmemcore' 'specmemcore_ln0' <Predicate = true> <Delay = 0.00>
ST_2 : Operation 32 [1/1] (0.00ns)   --->   "%specmemcore_ln0 = specmemcore void @_ssdm_op_SpecMemCore, i64 %c, i64 666, i64 207, i64 18446744073709551615"   --->   Operation 32 'specmemcore' 'specmemcore_ln0' <Predicate = true> <Delay = 0.00>
ST_2 : Operation 33 [1/2] (1.48ns)   --->   "%call_ln0 = call void @mul.5125_Pipeline_VITIS_LOOP_188_1, i64 %c"   --->   Operation 33 'call' 'call_ln0' <Predicate = true> <Delay = 1.48> <CoreType = "Generic">   --->   Generic Core
ST_2 : Operation 34 [1/1] (0.00ns)   --->   "%br_ln138 = br void %for.body8" [src/generic/mpx_comba_mul.hpp:138->src/generic/mpx_comba_mul.hpp:237]   --->   Operation 34 'br' 'br_ln138' <Predicate = true> <Delay = 0.00>

State 3 <SV = 2> <Delay = 1.37>
ST_3 : Operation 35 [1/1] (0.00ns)   --->   "%t_54 = load i4 %t" [src/generic/mpx_comba_mul.hpp:207]   --->   Operation 35 'load' 't_54' <Predicate = true> <Delay = 0.00>
ST_3 : Operation 36 [1/1] (0.70ns)   --->   "%icmp_ln207 = icmp_eq  i4 %t_54, i4 8" [src/generic/mpx_comba_mul.hpp:207]   --->   Operation 36 'icmp' 'icmp_ln207' <Predicate = true> <Delay = 0.70> <CoreInst = "Cmp">   --->   Core 9 'Cmp' <Latency = 0> <II = 1> <Delay = 0.70> <FuncUnit> <Opcode : 'seteq' 'setne' 'setle' 'setge' 'setlt' 'setgt'> <InPorts = 2> <OutPorts = 1>
ST_3 : Operation 37 [1/1] (0.70ns)   --->   "%t_55 = add i4 %t_54, i4 1" [src/generic/mpx_comba_mul.hpp:207]   --->   Operation 37 'add' 't_55' <Predicate = true> <Delay = 0.70> <CoreInst = "Adder">   --->   Core 1 'Adder' <Latency = 0> <II = 1> <Delay = 0.70> <FuncUnit> <Opcode : 'add' 'sub'> <InPorts = 2> <OutPorts = 1>
ST_3 : Operation 38 [1/1] (0.00ns)   --->   "%br_ln207 = br i1 %icmp_ln207, void %for.body8.split, void %while.cond.i8.preheader" [src/generic/mpx_comba_mul.hpp:207]   --->   Operation 38 'br' 'br_ln207' <Predicate = true> <Delay = 0.00>
ST_3 : Operation 39 [1/1] (0.00ns)   --->   "%sum_load = load i132 %sum"   --->   Operation 39 'load' 'sum_load' <Predicate = (!icmp_ln207)> <Delay = 0.00>
ST_3 : Operation 40 [1/1] (0.00ns)   --->   "%trunc_ln207 = trunc i4 %t_54" [src/generic/mpx_comba_mul.hpp:207]   --->   Operation 40 'trunc' 'trunc_ln207' <Predicate = (!icmp_ln207)> <Delay = 0.00>
ST_3 : Operation 41 [1/1] (0.00ns)   --->   "%tmp_163 = partselect i2 @_ssdm_op_PartSelect.i2.i4.i32.i32, i4 %t_54, i32 2, i32 3" [src/generic/mpx_comba_mul.hpp:207]   --->   Operation 41 'partselect' 'tmp_163' <Predicate = (!icmp_ln207)> <Delay = 0.00>
ST_3 : Operation 42 [1/1] (0.43ns)   --->   "%icmp_ln207_10 = icmp_ne  i2 %tmp_163, i2 0" [src/generic/mpx_comba_mul.hpp:207]   --->   Operation 42 'icmp' 'icmp_ln207_10' <Predicate = (!icmp_ln207)> <Delay = 0.43> <CoreInst = "Cmp">   --->   Core 9 'Cmp' <Latency = 0> <II = 1> <Delay = 0.43> <FuncUnit> <Opcode : 'seteq' 'setne' 'setle' 'setge' 'setlt' 'setgt'> <InPorts = 2> <OutPorts = 1>
ST_3 : Operation 43 [1/1] (0.57ns)   --->   "%add_ln207 = add i3 %trunc_ln207, i3 5" [src/generic/mpx_comba_mul.hpp:207]   --->   Operation 43 'add' 'add_ln207' <Predicate = (!icmp_ln207)> <Delay = 0.57> <CoreInst = "Adder">   --->   Core 1 'Adder' <Latency = 0> <II = 1> <Delay = 0.57> <FuncUnit> <Opcode : 'add' 'sub'> <InPorts = 2> <OutPorts = 1>
ST_3 : Operation 44 [1/1] (0.27ns)   --->   "%select_ln207 = select i1 %icmp_ln207_10, i3 %add_ln207, i3 0" [src/generic/mpx_comba_mul.hpp:207]   --->   Operation 44 'select' 'select_ln207' <Predicate = (!icmp_ln207)> <Delay = 0.27> <CoreInst = "Sel">   --->   Core 73 'Sel' <Latency = 0> <II = 1> <Delay = 0.27> <FuncUnit> <Opcode : 'select'> <InPorts = 3> <OutPorts = 1>
ST_3 : Operation 45 [1/1] (0.00ns)   --->   "%trunc_ln207_19 = trunc i4 %t_54" [src/generic/mpx_comba_mul.hpp:207]   --->   Operation 45 'trunc' 'trunc_ln207_19' <Predicate = (!icmp_ln207)> <Delay = 0.00>
ST_3 : Operation 46 [1/1] (0.70ns)   --->   "%icmp_ln210 = icmp_ult  i4 %t_54, i4 3" [src/generic/mpx_comba_mul.hpp:210]   --->   Operation 46 'icmp' 'icmp_ln210' <Predicate = (!icmp_ln207)> <Delay = 0.70> <CoreInst = "Cmp">   --->   Core 9 'Cmp' <Latency = 0> <II = 1> <Delay = 0.70> <FuncUnit> <Opcode : 'seteq' 'setne' 'setle' 'setge' 'setlt' 'setgt'> <InPorts = 2> <OutPorts = 1>
ST_3 : Operation 47 [1/1] (0.27ns)   --->   "%j_start = select i1 %icmp_ln210, i3 0, i3 %add_ln207" [src/generic/mpx_comba_mul.hpp:210]   --->   Operation 47 'select' 'j_start' <Predicate = (!icmp_ln207)> <Delay = 0.27> <CoreInst = "Sel">   --->   Core 73 'Sel' <Latency = 0> <II = 1> <Delay = 0.27> <FuncUnit> <Opcode : 'select'> <InPorts = 3> <OutPorts = 1>
ST_3 : Operation 48 [1/1] (0.27ns)   --->   "%j_end = select i1 %icmp_ln210, i2 %trunc_ln207_19, i2 3" [src/generic/mpx_comba_mul.hpp:211]   --->   Operation 48 'select' 'j_end' <Predicate = (!icmp_ln207)> <Delay = 0.27> <CoreInst = "Sel">   --->   Core 73 'Sel' <Latency = 0> <II = 1> <Delay = 0.27> <FuncUnit> <Opcode : 'select'> <InPorts = 3> <OutPorts = 1>
ST_3 : Operation 49 [2/2] (0.38ns)   --->   "%call_ln207 = call void @mul.5125_Pipeline_VITIS_LOOP_215_3, i3 %select_ln207, i3 %j_start, i132 %sum_load, i2 %j_end, i3 %trunc_ln207, i7 %tmp, i64 %a, i64 %b, i260 %sum_19_loc" [src/generic/mpx_comba_mul.hpp:207]   --->   Operation 49 'call' 'call_ln207' <Predicate = (!icmp_ln207)> <Delay = 0.38> <CoreType = "Generic">   --->   Generic Core
ST_3 : Operation 50 [1/1] (0.38ns)   --->   "%store_ln207 = store i4 %t_55, i4 %t" [src/generic/mpx_comba_mul.hpp:207]   --->   Operation 50 'store' 'store_ln207' <Predicate = (!icmp_ln207)> <Delay = 0.38>
ST_3 : Operation 51 [1/1] (0.00ns)   --->   "%x_load = load i128 %x"   --->   Operation 51 'load' 'x_load' <Predicate = (icmp_ln207)> <Delay = 0.00>
ST_3 : Operation 52 [1/1] (0.00ns)   --->   "%pack_wi_load = load i32 %pack_wi"   --->   Operation 52 'load' 'pack_wi_load' <Predicate = (icmp_ln207)> <Delay = 0.00>
ST_3 : Operation 53 [1/1] (0.00ns)   --->   "%pack_used_load = load i32 %pack_used"   --->   Operation 53 'load' 'pack_used_load' <Predicate = (icmp_ln207)> <Delay = 0.00>
ST_3 : Operation 54 [1/1] (0.00ns)   --->   "%pack_cur_load = load i64 %pack_cur"   --->   Operation 54 'load' 'pack_cur_load' <Predicate = (icmp_ln207)> <Delay = 0.00>
ST_3 : Operation 55 [2/2] (0.41ns)   --->   "%call_ln0 = call void @mul.5125_Pipeline_VITIS_LOOP_142_1105, i32 %pack_wi_load, i32 %pack_used_load, i64 %pack_cur_load, i128 %x_load, i64 %c, i32 %pack_wi_3_loc, i32 %pack_used_3_loc, i64 %pack_cur_3_loc"   --->   Operation 55 'call' 'call_ln0' <Predicate = (icmp_ln207)> <Delay = 0.41> <CoreType = "Generic">   --->   Generic Core

State 4 <SV = 3> <Delay = 0.00>
ST_4 : Operation 56 [1/2] (0.00ns)   --->   "%call_ln207 = call void @mul.5125_Pipeline_VITIS_LOOP_215_3, i3 %select_ln207, i3 %j_start, i132 %sum_load, i2 %j_end, i3 %trunc_ln207, i7 %tmp, i64 %a, i64 %b, i260 %sum_19_loc" [src/generic/mpx_comba_mul.hpp:207]   --->   Operation 56 'call' 'call_ln207' <Predicate = true> <Delay = 0.00> <CoreType = "Generic">   --->   Generic Core

State 5 <SV = 4> <Delay = 0.38>
ST_5 : Operation 57 [1/1] (0.00ns)   --->   "%sum_19_loc_load = load i260 %sum_19_loc"   --->   Operation 57 'load' 'sum_19_loc_load' <Predicate = true> <Delay = 0.00>
ST_5 : Operation 58 [1/1] (0.00ns)   --->   "%out = trunc i260 %sum_19_loc_load" [src/generic/mpx_comba_mul.hpp:230]   --->   Operation 58 'trunc' 'out' <Predicate = true> <Delay = 0.00>
ST_5 : Operation 59 [2/2] (0.00ns)   --->   "%call_ln230 = call void @mul.5125_Pipeline_VITIS_LOOP_142_1, i128 %out, i64 %c, i32 %pack_wi, i32 %pack_used, i64 %pack_cur" [src/generic/mpx_comba_mul.hpp:230]   --->   Operation 59 'call' 'call_ln230' <Predicate = true> <Delay = 0.00> <CoreType = "Generic">   --->   Generic Core
ST_5 : Operation 60 [1/1] (0.00ns)   --->   "%trunc_ln207_s = partselect i132 @_ssdm_op_PartSelect.i132.i260.i32.i32, i260 %sum_19_loc_load, i32 128, i32 259" [src/generic/mpx_comba_mul.hpp:207]   --->   Operation 60 'partselect' 'trunc_ln207_s' <Predicate = true> <Delay = 0.00>
ST_5 : Operation 61 [1/1] (0.00ns)   --->   "%trunc_ln207_4 = partselect i128 @_ssdm_op_PartSelect.i128.i260.i32.i32, i260 %sum_19_loc_load, i32 128, i32 255" [src/generic/mpx_comba_mul.hpp:207]   --->   Operation 61 'partselect' 'trunc_ln207_4' <Predicate = true> <Delay = 0.00>
ST_5 : Operation 62 [1/1] (0.38ns)   --->   "%store_ln213 = store i132 %trunc_ln207_s, i132 %sum" [src/generic/mpx_comba_mul.hpp:213]   --->   Operation 62 'store' 'store_ln213' <Predicate = true> <Delay = 0.38>
ST_5 : Operation 63 [1/1] (0.38ns)   --->   "%store_ln138 = store i128 %trunc_ln207_4, i128 %x" [src/generic/mpx_comba_mul.hpp:138->src/generic/mpx_comba_mul.hpp:237]   --->   Operation 63 'store' 'store_ln138' <Predicate = true> <Delay = 0.38>

State 6 <SV = 5> <Delay = 3.25>
ST_6 : Operation 64 [1/1] (0.00ns)   --->   "%specpipeline_ln208 = specpipeline void @_ssdm_op_SpecPipeline, i32 1, i32 0, i32 0, i32 0, void @empty_102" [src/generic/mpx_comba_mul.hpp:208]   --->   Operation 64 'specpipeline' 'specpipeline_ln208' <Predicate = true> <Delay = 0.00>
ST_6 : Operation 65 [1/1] (0.00ns)   --->   "%speclooptripcount_ln201 = speclooptripcount void @_ssdm_op_SpecLoopTripCount, i64 8, i64 8, i64 8" [src/generic/mpx_comba_mul.hpp:201]   --->   Operation 65 'speclooptripcount' 'speclooptripcount_ln201' <Predicate = true> <Delay = 0.00>
ST_6 : Operation 66 [1/1] (0.00ns)   --->   "%specloopname_ln207 = specloopname void @_ssdm_op_SpecLoopName, void @empty_86" [src/generic/mpx_comba_mul.hpp:207]   --->   Operation 66 'specloopname' 'specloopname_ln207' <Predicate = true> <Delay = 0.00>
ST_6 : Operation 67 [1/2] (3.25ns)   --->   "%call_ln230 = call void @mul.5125_Pipeline_VITIS_LOOP_142_1, i128 %out, i64 %c, i32 %pack_wi, i32 %pack_used, i64 %pack_cur" [src/generic/mpx_comba_mul.hpp:230]   --->   Operation 67 'call' 'call_ln230' <Predicate = true> <Delay = 3.25> <CoreType = "Generic">   --->   Generic Core
ST_6 : Operation 68 [1/1] (0.00ns)   --->   "%br_ln207 = br void %for.body8" [src/generic/mpx_comba_mul.hpp:207]   --->   Operation 68 'br' 'br_ln207' <Predicate = true> <Delay = 0.00>

State 7 <SV = 3> <Delay = 1.26>
ST_7 : Operation 69 [1/2] (1.26ns)   --->   "%call_ln0 = call void @mul.5125_Pipeline_VITIS_LOOP_142_1105, i32 %pack_wi_load, i32 %pack_used_load, i64 %pack_cur_load, i128 %x_load, i64 %c, i32 %pack_wi_3_loc, i32 %pack_used_3_loc, i64 %pack_cur_3_loc"   --->   Operation 69 'call' 'call_ln0' <Predicate = true> <Delay = 1.26> <CoreType = "Generic">   --->   Generic Core

State 8 <SV = 4> <Delay = 1.71>
ST_8 : Operation 70 [1/1] (0.00ns)   --->   "%pack_wi_3_loc_load = load i32 %pack_wi_3_loc"   --->   Operation 70 'load' 'pack_wi_3_loc_load' <Predicate = true> <Delay = 0.00>
ST_8 : Operation 71 [1/1] (0.00ns)   --->   "%pack_used_3_loc_load = load i32 %pack_used_3_loc"   --->   Operation 71 'load' 'pack_used_3_loc_load' <Predicate = true> <Delay = 0.00>
ST_8 : Operation 72 [1/1] (0.00ns)   --->   "%pack_cur_3_loc_load = load i64 %pack_cur_3_loc"   --->   Operation 72 'load' 'pack_cur_3_loc_load' <Predicate = true> <Delay = 0.00>
ST_8 : Operation 73 [1/1] (0.88ns)   --->   "%icmp_ln173 = icmp_ne  i32 %pack_used_3_loc_load, i32 0" [src/generic/mpx_comba_mul.hpp:173->src/generic/mpx_comba_mul.hpp:239]   --->   Operation 73 'icmp' 'icmp_ln173' <Predicate = true> <Delay = 0.88> <CoreInst = "Cmp">   --->   Core 9 'Cmp' <Latency = 0> <II = 1> <Delay = 0.88> <FuncUnit> <Opcode : 'seteq' 'setne' 'setle' 'setge' 'setlt' 'setgt'> <InPorts = 2> <OutPorts = 1>
ST_8 : Operation 74 [1/1] (0.00ns)   --->   "%tmp_162 = partselect i28 @_ssdm_op_PartSelect.i28.i32.i32.i32, i32 %pack_wi_3_loc_load, i32 4, i32 31" [src/generic/mpx_comba_mul.hpp:173->src/generic/mpx_comba_mul.hpp:239]   --->   Operation 74 'partselect' 'tmp_162' <Predicate = true> <Delay = 0.00>
ST_8 : Operation 75 [1/1] (0.85ns)   --->   "%icmp_ln173_12 = icmp_eq  i28 %tmp_162, i28 0" [src/generic/mpx_comba_mul.hpp:173->src/generic/mpx_comba_mul.hpp:239]   --->   Operation 75 'icmp' 'icmp_ln173_12' <Predicate = true> <Delay = 0.85> <CoreInst = "Cmp">   --->   Core 9 'Cmp' <Latency = 0> <II = 1> <Delay = 0.85> <FuncUnit> <Opcode : 'seteq' 'setne' 'setle' 'setge' 'setlt' 'setgt'> <InPorts = 2> <OutPorts = 1>
ST_8 : Operation 76 [1/1] (0.12ns)   --->   "%and_ln173 = and i1 %icmp_ln173, i1 %icmp_ln173_12" [src/generic/mpx_comba_mul.hpp:173->src/generic/mpx_comba_mul.hpp:239]   --->   Operation 76 'and' 'and_ln173' <Predicate = true> <Delay = 0.12> <CoreInst = "LogicGate">   --->   Core 74 'LogicGate' <Latency = 0> <II = 1> <Delay = 0.12> <FuncUnit> <Opcode : 'and' 'or' 'xor'> <InPorts = 2> <OutPorts = 1>
ST_8 : Operation 77 [1/1] (0.38ns)   --->   "%br_ln173 = br i1 %and_ln173, void %while.body.i.preheader, void %if.then.i" [src/generic/mpx_comba_mul.hpp:173->src/generic/mpx_comba_mul.hpp:239]   --->   Operation 77 'br' 'br_ln173' <Predicate = true> <Delay = 0.38>
ST_8 : Operation 78 [1/1] (0.00ns)   --->   "%zext_ln174 = zext i32 %pack_wi_3_loc_load" [src/generic/mpx_comba_mul.hpp:174->src/generic/mpx_comba_mul.hpp:239]   --->   Operation 78 'zext' 'zext_ln174' <Predicate = (and_ln173)> <Delay = 0.00>
ST_8 : Operation 79 [1/1] (0.00ns)   --->   "%c_addr = getelementptr i64 %c, i64 0, i64 %zext_ln174" [src/generic/mpx_comba_mul.hpp:174->src/generic/mpx_comba_mul.hpp:239]   --->   Operation 79 'getelementptr' 'c_addr' <Predicate = (and_ln173)> <Delay = 0.00>
ST_8 : Operation 80 [1/1] ( I:0.71ns O:0.71ns )   --->   "%store_ln174 = store i64 %pack_cur_3_loc_load, i4 %c_addr" [src/generic/mpx_comba_mul.hpp:174->src/generic/mpx_comba_mul.hpp:239]   --->   Operation 80 'store' 'store_ln174' <Predicate = (and_ln173)> <Delay = 0.71> <CoreInst = "RAM_1P">   --->   Core 87 'RAM_1P' <Latency = 1> <II = 1> <Delay = 0.71> <Storage> <Opcode : 'load' 'store'> <Ports = 1> <Width = 64> <Depth = 16> <RAM>
ST_8 : Operation 81 [1/1] (0.88ns)   --->   "%pack_wi_60 = add i32 %pack_wi_3_loc_load, i32 1" [src/generic/mpx_comba_mul.hpp:175->src/generic/mpx_comba_mul.hpp:239]   --->   Operation 81 'add' 'pack_wi_60' <Predicate = (and_ln173)> <Delay = 0.88> <CoreInst = "Adder">   --->   Core 1 'Adder' <Latency = 0> <II = 1> <Delay = 0.88> <FuncUnit> <Opcode : 'add' 'sub'> <InPorts = 2> <OutPorts = 1>
ST_8 : Operation 82 [1/1] (0.38ns)   --->   "%br_ln176 = br void %while.body.i.preheader" [src/generic/mpx_comba_mul.hpp:176->src/generic/mpx_comba_mul.hpp:239]   --->   Operation 82 'br' 'br_ln176' <Predicate = (and_ln173)> <Delay = 0.38>

State 9 <SV = 5> <Delay = 1.95>
ST_9 : Operation 83 [1/1] (0.00ns)   --->   "%pack_wi_52_ph = phi i32 %pack_wi_3_loc_load, void %while.cond.i8.preheader, i32 %pack_wi_60, void %if.then.i"   --->   Operation 83 'phi' 'pack_wi_52_ph' <Predicate = true> <Delay = 0.00>
ST_9 : Operation 84 [2/2] (1.95ns)   --->   "%call_ln175 = call void @mul.5125_Pipeline_VITIS_LOOP_177_1, i32 %pack_wi_52_ph, i64 %c" [src/generic/mpx_comba_mul.hpp:175->src/generic/mpx_comba_mul.hpp:239]   --->   Operation 84 'call' 'call_ln175' <Predicate = true> <Delay = 1.95> <CoreType = "Generic">   --->   Generic Core

State 10 <SV = 6> <Delay = 1.63>
ST_10 : Operation 85 [1/2] (1.63ns)   --->   "%call_ln175 = call void @mul.5125_Pipeline_VITIS_LOOP_177_1, i32 %pack_wi_52_ph, i64 %c" [src/generic/mpx_comba_mul.hpp:175->src/generic/mpx_comba_mul.hpp:239]   --->   Operation 85 'call' 'call_ln175' <Predicate = true> <Delay = 1.63> <CoreType = "Generic">   --->   Generic Core
ST_10 : Operation 86 [1/1] (0.38ns)   --->   "%ret_ln240 = ret" [src/generic/mpx_comba_mul.hpp:240]   --->   Operation 86 'ret' 'ret_ln240' <Predicate = true> <Delay = 0.38>


============================================================
+ Verbose Summary: Binding
============================================================
STG Binding: 
---------------- STG Properties BEGIN ----------------
- Is combinational: 0
- Is one-state seq: 0
- Is datapath-only: 0
- Is pipelined: 0
- Is top level: 0
Port [ Return ] is wired: 1; IO mode=ap_ctrl_hs:ce=0
Port [ a]:  wired=1; compound=1; hidden=0; nouse=0; global=0; static=0; extern=0; dir=0; type=1; pingpong=0; private_global=0; MemPort=[1]; IO mode=ap_memory:ce=0
Port [ a_offset]:  wired=1; compound=0; hidden=0; nouse=0; global=0; static=0; extern=0; dir=0; type=0; pingpong=0; private_global=0; IO mode=ap_none:ce=0
Port [ b]:  wired=1; compound=1; hidden=0; nouse=0; global=0; static=0; extern=0; dir=0; type=1; pingpong=0; private_global=0; MemPort=[1]; IO mode=ap_memory:ce=0
Port [ c]:  wired=1; compound=1; hidden=0; nouse=0; global=0; static=0; extern=0; dir=1; type=1; pingpong=0; private_global=0; MemPort=[0]; IO mode=ap_memory:ce=0
---------------- STG Properties END ------------------

---------------- Datapath Model BEGIN ----------------

<LifeTime>
<method=bitvector/>
x                       (alloca           ) [ 01111110000]
pack_wi                 (alloca           ) [ 01111110000]
pack_used               (alloca           ) [ 01111110000]
pack_cur                (alloca           ) [ 01111110000]
sum                     (alloca           ) [ 01111110000]
t                       (alloca           ) [ 01111110000]
pack_cur_3_loc          (alloca           ) [ 00111111100]
pack_used_3_loc         (alloca           ) [ 00111111100]
pack_wi_3_loc           (alloca           ) [ 00111111100]
sum_19_loc              (alloca           ) [ 00111110000]
store_ln207             (store            ) [ 00000000000]
store_ln213             (store            ) [ 00000000000]
store_ln201             (store            ) [ 00000000000]
store_ln201             (store            ) [ 00000000000]
store_ln201             (store            ) [ 00000000000]
store_ln138             (store            ) [ 00000000000]
a_offset_read           (read             ) [ 00000000000]
tmp                     (bitconcatenate   ) [ 00011110000]
specmemcore_ln0         (specmemcore      ) [ 00000000000]
specmemcore_ln0         (specmemcore      ) [ 00000000000]
specmemcore_ln0         (specmemcore      ) [ 00000000000]
call_ln0                (call             ) [ 00000000000]
br_ln138                (br               ) [ 00000000000]
t_54                    (load             ) [ 00000000000]
icmp_ln207              (icmp             ) [ 00011110000]
t_55                    (add              ) [ 00000000000]
br_ln207                (br               ) [ 00000000000]
sum_load                (load             ) [ 00001000000]
trunc_ln207             (trunc            ) [ 00001000000]
tmp_163                 (partselect       ) [ 00000000000]
icmp_ln207_10           (icmp             ) [ 00000000000]
add_ln207               (add              ) [ 00000000000]
select_ln207            (select           ) [ 00001000000]
trunc_ln207_19          (trunc            ) [ 00000000000]
icmp_ln210              (icmp             ) [ 00000000000]
j_start                 (select           ) [ 00001000000]
j_end                   (select           ) [ 00001000000]
store_ln207             (store            ) [ 00000000000]
x_load                  (load             ) [ 00000001000]
pack_wi_load            (load             ) [ 00000001000]
pack_used_load          (load             ) [ 00000001000]
pack_cur_load           (load             ) [ 00000001000]
call_ln207              (call             ) [ 00000000000]
sum_19_loc_load         (load             ) [ 00000000000]
out                     (trunc            ) [ 00000010000]
trunc_ln207_s           (partselect       ) [ 00000000000]
trunc_ln207_4           (partselect       ) [ 00000000000]
store_ln213             (store            ) [ 00000000000]
store_ln138             (store            ) [ 00000000000]
specpipeline_ln208      (specpipeline     ) [ 00000000000]
speclooptripcount_ln201 (speclooptripcount) [ 00000000000]
specloopname_ln207      (specloopname     ) [ 00000000000]
call_ln230              (call             ) [ 00000000000]
br_ln207                (br               ) [ 00000000000]
call_ln0                (call             ) [ 00000000000]
pack_wi_3_loc_load      (load             ) [ 00000000110]
pack_used_3_loc_load    (load             ) [ 00000000000]
pack_cur_3_loc_load     (load             ) [ 00000000000]
icmp_ln173              (icmp             ) [ 00000000000]
tmp_162                 (partselect       ) [ 00000000000]
icmp_ln173_12           (icmp             ) [ 00000000000]
and_ln173               (and              ) [ 00000000100]
br_ln173                (br               ) [ 00000000110]
zext_ln174              (zext             ) [ 00000000000]
c_addr                  (getelementptr    ) [ 00000000000]
store_ln174             (store            ) [ 00000000000]
pack_wi_60              (add              ) [ 00000000110]
br_ln176                (br               ) [ 00000000110]
pack_wi_52_ph           (phi              ) [ 00000000011]
call_ln175              (call             ) [ 00000000000]
ret_ln240               (ret              ) [ 00000000000]
</LifeTime>

<model>

<comp_list>
<comp id="0" class="1000" name="a">
<pin_list>
<pin id="1" dir="1" index="0" bw="1" slack="0"/>
</pin_list>
<bind>
<StgValue><ssdm name="a"/><MemPortTyVec>1 </MemPortTyVec>
</StgValue>
</bind>
</comp>

<comp id="2" class="1000" name="a_offset">
<pin_list>
<pin id="3" dir="1" index="0" bw="1" slack="0"/>
</pin_list>
<bind>
<StgValue><ssdm name="a_offset"/></StgValue>
</bind>
</comp>

<comp id="4" class="1000" name="b">
<pin_list>
<pin id="5" dir="1" index="0" bw="1" slack="0"/>
</pin_list>
<bind>
<StgValue><ssdm name="b"/><MemPortTyVec>1 </MemPortTyVec>
</StgValue>
</bind>
</comp>

<comp id="6" class="1000" name="c">
<pin_list>
<pin id="7" dir="1" index="0" bw="1" slack="0"/>
</pin_list>
<bind>
<StgValue><ssdm name="c"/><MemPortTyVec>0 </MemPortTyVec>
</StgValue>
</bind>
</comp>

<comp id="8" class="1001" name="const_8">
<pin_list>
<pin id="9" dir="1" index="0" bw="1" slack="0"/>
</pin_list>
<bind>
<StgValue><ssdm name=""/></StgValue>
</bind>
</comp>

<comp id="10" class="1001" name="const_10">
<pin_list>
<pin id="11" dir="1" index="0" bw="1" slack="0"/>
</pin_list>
<bind>
<StgValue><ssdm name=""/></StgValue>
</bind>
</comp>

<comp id="12" class="1001" name="const_12">
<pin_list>
<pin id="13" dir="1" index="0" bw="1" slack="0"/>
</pin_list>
<bind>
<StgValue><ssdm name="mul.5125_Pipeline_VITIS_LOOP_188_1"/></StgValue>
</bind>
</comp>

<comp id="14" class="1001" name="const_14">
<pin_list>
<pin id="15" dir="1" index="0" bw="1" slack="0"/>
</pin_list>
<bind>
<StgValue><ssdm name=""/></StgValue>
</bind>
</comp>

<comp id="16" class="1001" name="const_16">
<pin_list>
<pin id="17" dir="1" index="0" bw="1" slack="0"/>
</pin_list>
<bind>
<StgValue><ssdm name=""/></StgValue>
</bind>
</comp>

<comp id="18" class="1001" name="const_18">
<pin_list>
<pin id="19" dir="1" index="0" bw="1" slack="0"/>
</pin_list>
<bind>
<StgValue><ssdm name=""/></StgValue>
</bind>
</comp>

<comp id="20" class="1001" name="const_20">
<pin_list>
<pin id="21" dir="1" index="0" bw="1" slack="0"/>
</pin_list>
<bind>
<StgValue><ssdm name=""/></StgValue>
</bind>
</comp>

<comp id="22" class="1001" name="const_22">
<pin_list>
<pin id="23" dir="1" index="0" bw="1" slack="0"/>
</pin_list>
<bind>
<StgValue><ssdm name=""/></StgValue>
</bind>
</comp>

<comp id="24" class="1001" name="const_24">
<pin_list>
<pin id="25" dir="1" index="0" bw="1" slack="0"/>
</pin_list>
<bind>
<StgValue><ssdm name="_ssdm_op_Read.ap_auto.i4"/></StgValue>
</bind>
</comp>

<comp id="26" class="1001" name="const_26">
<pin_list>
<pin id="27" dir="1" index="0" bw="1" slack="0"/>
</pin_list>
<bind>
<StgValue><ssdm name="_ssdm_op_BitConcatenate.i7.i4.i3"/></StgValue>
</bind>
</comp>

<comp id="28" class="1001" name="const_28">
<pin_list>
<pin id="29" dir="1" index="0" bw="1" slack="0"/>
</pin_list>
<bind>
<StgValue><ssdm name=""/></StgValue>
</bind>
</comp>

<comp id="30" class="1001" name="const_30">
<pin_list>
<pin id="31" dir="1" index="0" bw="1" slack="2147483647"/>
</pin_list>
<bind>
<StgValue><ssdm name="_ssdm_op_SpecMemCore"/></StgValue>
</bind>
</comp>

<comp id="32" class="1001" name="const_32">
<pin_list>
<pin id="33" dir="1" index="0" bw="1" slack="2147483647"/>
</pin_list>
<bind>
<StgValue><ssdm name=""/></StgValue>
</bind>
</comp>

<comp id="34" class="1001" name="const_34">
<pin_list>
<pin id="35" dir="1" index="0" bw="1" slack="2147483647"/>
</pin_list>
<bind>
<StgValue><ssdm name=""/></StgValue>
</bind>
</comp>

<comp id="36" class="1001" name="const_36">
<pin_list>
<pin id="37" dir="1" index="0" bw="1" slack="2147483647"/>
</pin_list>
<bind>
<StgValue><ssdm name=""/></StgValue>
</bind>
</comp>

<comp id="38" class="1001" name="const_38">
<pin_list>
<pin id="39" dir="1" index="0" bw="1" slack="2147483647"/>
</pin_list>
<bind>
<StgValue><ssdm name=""/></StgValue>
</bind>
</comp>

<comp id="40" class="1001" name="const_40">
<pin_list>
<pin id="41" dir="1" index="0" bw="1" slack="0"/>
</pin_list>
<bind>
<StgValue><ssdm name=""/></StgValue>
</bind>
</comp>

<comp id="42" class="1001" name="const_42">
<pin_list>
<pin id="43" dir="1" index="0" bw="1" slack="0"/>
</pin_list>
<bind>
<StgValue><ssdm name=""/></StgValue>
</bind>
</comp>

<comp id="44" class="1001" name="const_44">
<pin_list>
<pin id="45" dir="1" index="0" bw="1" slack="0"/>
</pin_list>
<bind>
<StgValue><ssdm name="_ssdm_op_PartSelect.i2.i4.i32.i32"/></StgValue>
</bind>
</comp>

<comp id="46" class="1001" name="const_46">
<pin_list>
<pin id="47" dir="1" index="0" bw="1" slack="0"/>
</pin_list>
<bind>
<StgValue><ssdm name=""/></StgValue>
</bind>
</comp>

<comp id="48" class="1001" name="const_48">
<pin_list>
<pin id="49" dir="1" index="0" bw="1" slack="0"/>
</pin_list>
<bind>
<StgValue><ssdm name=""/></StgValue>
</bind>
</comp>

<comp id="50" class="1001" name="const_50">
<pin_list>
<pin id="51" dir="1" index="0" bw="1" slack="0"/>
</pin_list>
<bind>
<StgValue><ssdm name=""/></StgValue>
</bind>
</comp>

<comp id="52" class="1001" name="const_52">
<pin_list>
<pin id="53" dir="1" index="0" bw="1" slack="0"/>
</pin_list>
<bind>
<StgValue><ssdm name=""/></StgValue>
</bind>
</comp>

<comp id="54" class="1001" name="const_54">
<pin_list>
<pin id="55" dir="1" index="0" bw="1" slack="0"/>
</pin_list>
<bind>
<StgValue><ssdm name=""/></StgValue>
</bind>
</comp>

<comp id="56" class="1001" name="const_56">
<pin_list>
<pin id="57" dir="1" index="0" bw="1" slack="0"/>
</pin_list>
<bind>
<StgValue><ssdm name=""/></StgValue>
</bind>
</comp>

<comp id="58" class="1001" name="const_58">
<pin_list>
<pin id="59" dir="1" index="0" bw="1" slack="0"/>
</pin_list>
<bind>
<StgValue><ssdm name="mul.5125_Pipeline_VITIS_LOOP_215_3"/></StgValue>
</bind>
</comp>

<comp id="60" class="1001" name="const_60">
<pin_list>
<pin id="61" dir="1" index="0" bw="1" slack="0"/>
</pin_list>
<bind>
<StgValue><ssdm name="mul.5125_Pipeline_VITIS_LOOP_142_1105"/></StgValue>
</bind>
</comp>

<comp id="62" class="1001" name="const_62">
<pin_list>
<pin id="63" dir="1" index="0" bw="1" slack="0"/>
</pin_list>
<bind>
<StgValue><ssdm name="mul.5125_Pipeline_VITIS_LOOP_142_1"/></StgValue>
</bind>
</comp>

<comp id="64" class="1001" name="const_64">
<pin_list>
<pin id="65" dir="1" index="0" bw="1" slack="0"/>
</pin_list>
<bind>
<StgValue><ssdm name="_ssdm_op_PartSelect.i132.i260.i32.i32"/></StgValue>
</bind>
</comp>

<comp id="66" class="1001" name="const_66">
<pin_list>
<pin id="67" dir="1" index="0" bw="1" slack="0"/>
</pin_list>
<bind>
<StgValue><ssdm name=""/></StgValue>
</bind>
</comp>

<comp id="68" class="1001" name="const_68">
<pin_list>
<pin id="69" dir="1" index="0" bw="1" slack="0"/>
</pin_list>
<bind>
<StgValue><ssdm name=""/></StgValue>
</bind>
</comp>

<comp id="70" class="1001" name="const_70">
<pin_list>
<pin id="71" dir="1" index="0" bw="1" slack="0"/>
</pin_list>
<bind>
<StgValue><ssdm name="_ssdm_op_PartSelect.i128.i260.i32.i32"/></StgValue>
</bind>
</comp>

<comp id="72" class="1001" name="const_72">
<pin_list>
<pin id="73" dir="1" index="0" bw="1" slack="0"/>
</pin_list>
<bind>
<StgValue><ssdm name=""/></StgValue>
</bind>
</comp>

<comp id="74" class="1001" name="const_74">
<pin_list>
<pin id="75" dir="1" index="0" bw="1" slack="2147483647"/>
</pin_list>
<bind>
<StgValue><ssdm name="_ssdm_op_SpecPipeline"/></StgValue>
</bind>
</comp>

<comp id="76" class="1001" name="const_76">
<pin_list>
<pin id="77" dir="1" index="0" bw="1" slack="2147483647"/>
</pin_list>
<bind>
<StgValue><ssdm name="empty_102"/></StgValue>
</bind>
</comp>

<comp id="78" class="1001" name="const_78">
<pin_list>
<pin id="79" dir="1" index="0" bw="1" slack="2147483647"/>
</pin_list>
<bind>
<StgValue><ssdm name="_ssdm_op_SpecLoopTripCount"/></StgValue>
</bind>
</comp>

<comp id="80" class="1001" name="const_80">
<pin_list>
<pin id="81" dir="1" index="0" bw="1" slack="2147483647"/>
</pin_list>
<bind>
<StgValue><ssdm name=""/></StgValue>
</bind>
</comp>

<comp id="82" class="1001" name="const_82">
<pin_list>
<pin id="83" dir="1" index="0" bw="1" slack="2147483647"/>
</pin_list>
<bind>
<StgValue><ssdm name="_ssdm_op_SpecLoopName"/></StgValue>
</bind>
</comp>

<comp id="84" class="1001" name="const_84">
<pin_list>
<pin id="85" dir="1" index="0" bw="1" slack="2147483647"/>
</pin_list>
<bind>
<StgValue><ssdm name="empty_86"/></StgValue>
</bind>
</comp>

<comp id="86" class="1001" name="const_86">
<pin_list>
<pin id="87" dir="1" index="0" bw="1" slack="0"/>
</pin_list>
<bind>
<StgValue><ssdm name="_ssdm_op_PartSelect.i28.i32.i32.i32"/></StgValue>
</bind>
</comp>

<comp id="88" class="1001" name="const_88">
<pin_list>
<pin id="89" dir="1" index="0" bw="1" slack="0"/>
</pin_list>
<bind>
<StgValue><ssdm name=""/></StgValue>
</bind>
</comp>

<comp id="90" class="1001" name="const_90">
<pin_list>
<pin id="91" dir="1" index="0" bw="1" slack="0"/>
</pin_list>
<bind>
<StgValue><ssdm name=""/></StgValue>
</bind>
</comp>

<comp id="92" class="1001" name="const_92">
<pin_list>
<pin id="93" dir="1" index="0" bw="1" slack="0"/>
</pin_list>
<bind>
<StgValue><ssdm name=""/></StgValue>
</bind>
</comp>

<comp id="94" class="1001" name="const_94">
<pin_list>
<pin id="95" dir="1" index="0" bw="1" slack="0"/>
</pin_list>
<bind>
<StgValue><ssdm name="mul.5125_Pipeline_VITIS_LOOP_177_1"/></StgValue>
</bind>
</comp>

<comp id="96" class="1004" name="x_fu_96">
<pin_list>
<pin id="97" dir="0" index="0" bw="1" slack="0"/>
<pin id="98" dir="1" index="1" bw="128" slack="0"/>
</pin_list>
<bind>
<opcode="alloca(26) " fcode="alloca"/>
<opset="x/1 "/>
</bind>
</comp>

<comp id="100" class="1004" name="pack_wi_fu_100">
<pin_list>
<pin id="101" dir="0" index="0" bw="1" slack="0"/>
<pin id="102" dir="1" index="1" bw="32" slack="0"/>
</pin_list>
<bind>
<opcode="alloca(26) " fcode="alloca"/>
<opset="pack_wi/1 "/>
</bind>
</comp>

<comp id="104" class="1004" name="pack_used_fu_104">
<pin_list>
<pin id="105" dir="0" index="0" bw="1" slack="0"/>
<pin id="106" dir="1" index="1" bw="32" slack="0"/>
</pin_list>
<bind>
<opcode="alloca(26) " fcode="alloca"/>
<opset="pack_used/1 "/>
</bind>
</comp>

<comp id="108" class="1004" name="pack_cur_fu_108">
<pin_list>
<pin id="109" dir="0" index="0" bw="1" slack="0"/>
<pin id="110" dir="1" index="1" bw="64" slack="0"/>
</pin_list>
<bind>
<opcode="alloca(26) " fcode="alloca"/>
<opset="pack_cur/1 "/>
</bind>
</comp>

<comp id="112" class="1004" name="sum_fu_112">
<pin_list>
<pin id="113" dir="0" index="0" bw="1" slack="0"/>
<pin id="114" dir="1" index="1" bw="132" slack="0"/>
</pin_list>
<bind>
<opcode="alloca(26) " fcode="alloca"/>
<opset="sum/1 "/>
</bind>
</comp>

<comp id="116" class="1004" name="t_fu_116">
<pin_list>
<pin id="117" dir="0" index="0" bw="1" slack="0"/>
<pin id="118" dir="1" index="1" bw="4" slack="0"/>
</pin_list>
<bind>
<opcode="alloca(26) " fcode="alloca"/>
<opset="t/1 "/>
</bind>
</comp>

<comp id="120" class="1004" name="pack_cur_3_loc_fu_120">
<pin_list>
<pin id="121" dir="0" index="0" bw="1" slack="0"/>
<pin id="122" dir="1" index="1" bw="64" slack="2"/>
</pin_list>
<bind>
<opcode="alloca(26) " fcode="alloca"/>
<opset="pack_cur_3_loc/1 "/>
</bind>
</comp>

<comp id="124" class="1004" name="pack_used_3_loc_fu_124">
<pin_list>
<pin id="125" dir="0" index="0" bw="1" slack="0"/>
<pin id="126" dir="1" index="1" bw="32" slack="2"/>
</pin_list>
<bind>
<opcode="alloca(26) " fcode="alloca"/>
<opset="pack_used_3_loc/1 "/>
</bind>
</comp>

<comp id="128" class="1004" name="pack_wi_3_loc_fu_128">
<pin_list>
<pin id="129" dir="0" index="0" bw="1" slack="0"/>
<pin id="130" dir="1" index="1" bw="32" slack="2"/>
</pin_list>
<bind>
<opcode="alloca(26) " fcode="alloca"/>
<opset="pack_wi_3_loc/1 "/>
</bind>
</comp>

<comp id="132" class="1004" name="sum_19_loc_fu_132">
<pin_list>
<pin id="133" dir="0" index="0" bw="1" slack="0"/>
<pin id="134" dir="1" index="1" bw="260" slack="2"/>
</pin_list>
<bind>
<opcode="alloca(26) " fcode="alloca"/>
<opset="sum_19_loc/1 "/>
</bind>
</comp>

<comp id="136" class="1004" name="a_offset_read_read_fu_136">
<pin_list>
<pin id="137" dir="0" index="0" bw="4" slack="0"/>
<pin id="138" dir="0" index="1" bw="4" slack="0"/>
<pin id="139" dir="1" index="2" bw="4" slack="0"/>
</pin_list>
<bind>
<opcode="read(1150) " fcode="read"/>
<opset="a_offset_read/2 "/>
</bind>
</comp>

<comp id="142" class="1004" name="c_addr_gep_fu_142">
<pin_list>
<pin id="143" dir="0" index="0" bw="64" slack="0"/>
<pin id="144" dir="0" index="1" bw="1" slack="0"/>
<pin id="145" dir="0" index="2" bw="32" slack="0"/>
<pin id="146" dir="1" index="3" bw="4" slack="0"/>
</pin_list>
<bind>
<opcode="getelementptr(29) " fcode="getelementptr"/>
<opset="c_addr/8 "/>
</bind>
</comp>

<comp id="149" class="1004" name="store_ln174_access_fu_149">
<pin_list>
<pin id="150" dir="0" index="0" bw="4" slack="0"/>
<pin id="151" dir="0" index="1" bw="64" slack="0"/>
<pin id="152" dir="0" index="2" bw="0" slack="2147483647"/>
<pin id="153" dir="1" index="3" bw="64" slack="2147483647"/>
</pin_list>
<bind>
<opcode="store(28) " fcode="store"/>
<opset="store_ln174/8 "/>
</bind>
</comp>

<comp id="155" class="1005" name="pack_wi_52_ph_reg_155">
<pin_list>
<pin id="156" dir="0" index="0" bw="32" slack="1"/>
<pin id="157" dir="1" index="1" bw="32" slack="2147483647"/>
</pin_list>
<bind>
<opset="pack_wi_52_ph (phireg) "/>
</bind>
</comp>

<comp id="158" class="1004" name="pack_wi_52_ph_phi_fu_158">
<pin_list>
<pin id="159" dir="0" index="0" bw="32" slack="2147483647"/>
<pin id="160" dir="0" index="1" bw="0" slack="2147483647"/>
<pin id="161" dir="0" index="2" bw="32" slack="1"/>
<pin id="162" dir="0" index="3" bw="0" slack="2147483647"/>
<pin id="163" dir="1" index="4" bw="32" slack="0"/>
</pin_list>
<bind>
<opcode="phi(47) " fcode="phi"/>
<opset="pack_wi_52_ph/9 "/>
</bind>
</comp>

<comp id="165" class="1004" name="grp_mul_5125_Pipeline_VITIS_LOOP_188_1_fu_165">
<pin_list>
<pin id="166" dir="0" index="0" bw="0" slack="0"/>
<pin id="167" dir="0" index="1" bw="64" slack="0"/>
<pin id="168" dir="1" index="2" bw="0" slack="2147483647"/>
</pin_list>
<bind>
<opcode="call(48) " fcode="call"/>
<opset="call_ln0/1 "/>
</bind>
</comp>

<comp id="171" class="1004" name="grp_mul_5125_Pipeline_VITIS_LOOP_215_3_fu_171">
<pin_list>
<pin id="172" dir="0" index="0" bw="0" slack="0"/>
<pin id="173" dir="0" index="1" bw="3" slack="0"/>
<pin id="174" dir="0" index="2" bw="3" slack="0"/>
<pin id="175" dir="0" index="3" bw="132" slack="0"/>
<pin id="176" dir="0" index="4" bw="2" slack="0"/>
<pin id="177" dir="0" index="5" bw="3" slack="0"/>
<pin id="178" dir="0" index="6" bw="7" slack="1"/>
<pin id="179" dir="0" index="7" bw="64" slack="0"/>
<pin id="180" dir="0" index="8" bw="64" slack="0"/>
<pin id="181" dir="0" index="9" bw="260" slack="2"/>
<pin id="182" dir="1" index="10" bw="0" slack="2147483647"/>
</pin_list>
<bind>
<opcode="call(48) " fcode="call"/>
<opset="call_ln207/3 "/>
</bind>
</comp>

<comp id="186" class="1004" name="grp_mul_5125_Pipeline_VITIS_LOOP_142_1105_fu_186">
<pin_list>
<pin id="187" dir="0" index="0" bw="0" slack="0"/>
<pin id="188" dir="0" index="1" bw="32" slack="0"/>
<pin id="189" dir="0" index="2" bw="32" slack="0"/>
<pin id="190" dir="0" index="3" bw="64" slack="0"/>
<pin id="191" dir="0" index="4" bw="128" slack="0"/>
<pin id="192" dir="0" index="5" bw="64" slack="0"/>
<pin id="193" dir="0" index="6" bw="32" slack="2"/>
<pin id="194" dir="0" index="7" bw="32" slack="2"/>
<pin id="195" dir="0" index="8" bw="64" slack="2"/>
<pin id="196" dir="1" index="9" bw="0" slack="2147483647"/>
</pin_list>
<bind>
<opcode="call(48) " fcode="call"/>
<opset="call_ln0/3 "/>
</bind>
</comp>

<comp id="199" class="1004" name="grp_mul_5125_Pipeline_VITIS_LOOP_142_1_fu_199">
<pin_list>
<pin id="200" dir="0" index="0" bw="0" slack="0"/>
<pin id="201" dir="0" index="1" bw="128" slack="0"/>
<pin id="202" dir="0" index="2" bw="64" slack="0"/>
<pin id="203" dir="0" index="3" bw="32" slack="4"/>
<pin id="204" dir="0" index="4" bw="32" slack="4"/>
<pin id="205" dir="0" index="5" bw="64" slack="4"/>
<pin id="206" dir="1" index="6" bw="0" slack="2147483647"/>
</pin_list>
<bind>
<opcode="call(48) " fcode="call"/>
<opset="call_ln230/5 "/>
</bind>
</comp>

<comp id="209" class="1004" name="grp_mul_5125_Pipeline_VITIS_LOOP_177_1_fu_209">
<pin_list>
<pin id="210" dir="0" index="0" bw="0" slack="0"/>
<pin id="211" dir="0" index="1" bw="32" slack="0"/>
<pin id="212" dir="0" index="2" bw="64" slack="0"/>
<pin id="213" dir="1" index="3" bw="0" slack="2147483647"/>
</pin_list>
<bind>
<opcode="call(48) " fcode="call"/>
<opset="call_ln175/9 "/>
</bind>
</comp>

<comp id="217" class="1004" name="store_ln207_store_fu_217">
<pin_list>
<pin id="218" dir="0" index="0" bw="1" slack="0"/>
<pin id="219" dir="0" index="1" bw="4" slack="0"/>
<pin id="220" dir="1" index="2" bw="0" slack="2147483647"/>
</pin_list>
<bind>
<opcode="store(28) " fcode="store"/>
<opset="store_ln207/1 "/>
</bind>
</comp>

<comp id="222" class="1004" name="store_ln213_store_fu_222">
<pin_list>
<pin id="223" dir="0" index="0" bw="1" slack="0"/>
<pin id="224" dir="0" index="1" bw="132" slack="0"/>
<pin id="225" dir="1" index="2" bw="0" slack="2147483647"/>
</pin_list>
<bind>
<opcode="store(28) " fcode="store"/>
<opset="store_ln213/1 "/>
</bind>
</comp>

<comp id="227" class="1004" name="store_ln201_store_fu_227">
<pin_list>
<pin id="228" dir="0" index="0" bw="1" slack="0"/>
<pin id="229" dir="0" index="1" bw="64" slack="0"/>
<pin id="230" dir="1" index="2" bw="0" slack="2147483647"/>
</pin_list>
<bind>
<opcode="store(28) " fcode="store"/>
<opset="store_ln201/1 "/>
</bind>
</comp>

<comp id="232" class="1004" name="store_ln201_store_fu_232">
<pin_list>
<pin id="233" dir="0" index="0" bw="1" slack="0"/>
<pin id="234" dir="0" index="1" bw="32" slack="0"/>
<pin id="235" dir="1" index="2" bw="0" slack="2147483647"/>
</pin_list>
<bind>
<opcode="store(28) " fcode="store"/>
<opset="store_ln201/1 "/>
</bind>
</comp>

<comp id="237" class="1004" name="store_ln201_store_fu_237">
<pin_list>
<pin id="238" dir="0" index="0" bw="1" slack="0"/>
<pin id="239" dir="0" index="1" bw="32" slack="0"/>
<pin id="240" dir="1" index="2" bw="0" slack="2147483647"/>
</pin_list>
<bind>
<opcode="store(28) " fcode="store"/>
<opset="store_ln201/1 "/>
</bind>
</comp>

<comp id="242" class="1004" name="store_ln138_store_fu_242">
<pin_list>
<pin id="243" dir="0" index="0" bw="1" slack="0"/>
<pin id="244" dir="0" index="1" bw="128" slack="0"/>
<pin id="245" dir="1" index="2" bw="0" slack="2147483647"/>
</pin_list>
<bind>
<opcode="store(28) " fcode="store"/>
<opset="store_ln138/1 "/>
</bind>
</comp>

<comp id="247" class="1004" name="tmp_fu_247">
<pin_list>
<pin id="248" dir="0" index="0" bw="7" slack="0"/>
<pin id="249" dir="0" index="1" bw="4" slack="0"/>
<pin id="250" dir="0" index="2" bw="1" slack="0"/>
<pin id="251" dir="1" index="3" bw="7" slack="1"/>
</pin_list>
<bind>
<opcode="bitconcatenate(1004) " fcode="bitconcatenate"/>
<opset="tmp/2 "/>
</bind>
</comp>

<comp id="255" class="1004" name="t_54_load_fu_255">
<pin_list>
<pin id="256" dir="0" index="0" bw="4" slack="2"/>
<pin id="257" dir="1" index="1" bw="4" slack="0"/>
</pin_list>
<bind>
<opcode="load(27) " fcode="load"/>
<opset="t_54/3 "/>
</bind>
</comp>

<comp id="258" class="1004" name="icmp_ln207_fu_258">
<pin_list>
<pin id="259" dir="0" index="0" bw="4" slack="0"/>
<pin id="260" dir="0" index="1" bw="4" slack="0"/>
<pin id="261" dir="1" index="2" bw="1" slack="2147483647"/>
</pin_list>
<bind>
<opcode="icmp(45) " fcode="icmp"/>
<opset="icmp_ln207/3 "/>
</bind>
</comp>

<comp id="264" class="1004" name="t_55_fu_264">
<pin_list>
<pin id="265" dir="0" index="0" bw="4" slack="0"/>
<pin id="266" dir="0" index="1" bw="1" slack="0"/>
<pin id="267" dir="1" index="2" bw="4" slack="0"/>
</pin_list>
<bind>
<opcode="add(8) " fcode="add"/>
<opset="t_55/3 "/>
</bind>
</comp>

<comp id="270" class="1004" name="sum_load_load_fu_270">
<pin_list>
<pin id="271" dir="0" index="0" bw="132" slack="2"/>
<pin id="272" dir="1" index="1" bw="132" slack="0"/>
</pin_list>
<bind>
<opcode="load(27) " fcode="load"/>
<opset="sum_load/3 "/>
</bind>
</comp>

<comp id="274" class="1004" name="trunc_ln207_fu_274">
<pin_list>
<pin id="275" dir="0" index="0" bw="4" slack="0"/>
<pin id="276" dir="1" index="1" bw="3" slack="0"/>
</pin_list>
<bind>
<opcode="trunc(33) " fcode="trunc"/>
<opset="trunc_ln207/3 "/>
</bind>
</comp>

<comp id="279" class="1004" name="tmp_163_fu_279">
<pin_list>
<pin id="280" dir="0" index="0" bw="2" slack="0"/>
<pin id="281" dir="0" index="1" bw="4" slack="0"/>
<pin id="282" dir="0" index="2" bw="3" slack="0"/>
<pin id="283" dir="0" index="3" bw="3" slack="0"/>
<pin id="284" dir="1" index="4" bw="2" slack="0"/>
</pin_list>
<bind>
<opcode="partselect(1002) " fcode="partselect"/>
<opset="tmp_163/3 "/>
</bind>
</comp>

<comp id="289" class="1004" name="icmp_ln207_10_fu_289">
<pin_list>
<pin id="290" dir="0" index="0" bw="2" slack="0"/>
<pin id="291" dir="0" index="1" bw="1" slack="0"/>
<pin id="292" dir="1" index="2" bw="1" slack="0"/>
</pin_list>
<bind>
<opcode="icmp(45) " fcode="icmp"/>
<opset="icmp_ln207_10/3 "/>
</bind>
</comp>

<comp id="295" class="1004" name="add_ln207_fu_295">
<pin_list>
<pin id="296" dir="0" index="0" bw="3" slack="0"/>
<pin id="297" dir="0" index="1" bw="3" slack="0"/>
<pin id="298" dir="1" index="2" bw="3" slack="0"/>
</pin_list>
<bind>
<opcode="add(8) " fcode="add"/>
<opset="add_ln207/3 "/>
</bind>
</comp>

<comp id="301" class="1004" name="select_ln207_fu_301">
<pin_list>
<pin id="302" dir="0" index="0" bw="1" slack="0"/>
<pin id="303" dir="0" index="1" bw="3" slack="0"/>
<pin id="304" dir="0" index="2" bw="1" slack="0"/>
<pin id="305" dir="1" index="3" bw="3" slack="0"/>
</pin_list>
<bind>
<opcode="select(49) " fcode="select"/>
<opset="select_ln207/3 "/>
</bind>
</comp>

<comp id="310" class="1004" name="trunc_ln207_19_fu_310">
<pin_list>
<pin id="311" dir="0" index="0" bw="4" slack="0"/>
<pin id="312" dir="1" index="1" bw="2" slack="0"/>
</pin_list>
<bind>
<opcode="trunc(33) " fcode="trunc"/>
<opset="trunc_ln207_19/3 "/>
</bind>
</comp>

<comp id="314" class="1004" name="icmp_ln210_fu_314">
<pin_list>
<pin id="315" dir="0" index="0" bw="4" slack="0"/>
<pin id="316" dir="0" index="1" bw="3" slack="0"/>
<pin id="317" dir="1" index="2" bw="1" slack="0"/>
</pin_list>
<bind>
<opcode="icmp(45) " fcode="icmp"/>
<opset="icmp_ln210/3 "/>
</bind>
</comp>

<comp id="320" class="1004" name="j_start_fu_320">
<pin_list>
<pin id="321" dir="0" index="0" bw="1" slack="0"/>
<pin id="322" dir="0" index="1" bw="1" slack="0"/>
<pin id="323" dir="0" index="2" bw="3" slack="0"/>
<pin id="324" dir="1" index="3" bw="3" slack="0"/>
</pin_list>
<bind>
<opcode="select(49) " fcode="select"/>
<opset="j_start/3 "/>
</bind>
</comp>

<comp id="329" class="1004" name="j_end_fu_329">
<pin_list>
<pin id="330" dir="0" index="0" bw="1" slack="0"/>
<pin id="331" dir="0" index="1" bw="2" slack="0"/>
<pin id="332" dir="0" index="2" bw="1" slack="0"/>
<pin id="333" dir="1" index="3" bw="2" slack="0"/>
</pin_list>
<bind>
<opcode="select(49) " fcode="select"/>
<opset="j_end/3 "/>
</bind>
</comp>

<comp id="338" class="1004" name="store_ln207_store_fu_338">
<pin_list>
<pin id="339" dir="0" index="0" bw="4" slack="0"/>
<pin id="340" dir="0" index="1" bw="4" slack="2"/>
<pin id="341" dir="1" index="2" bw="0" slack="2147483647"/>
</pin_list>
<bind>
<opcode="store(28) " fcode="store"/>
<opset="store_ln207/3 "/>
</bind>
</comp>

<comp id="343" class="1004" name="x_load_load_fu_343">
<pin_list>
<pin id="344" dir="0" index="0" bw="128" slack="2"/>
<pin id="345" dir="1" index="1" bw="128" slack="0"/>
</pin_list>
<bind>
<opcode="load(27) " fcode="load"/>
<opset="x_load/3 "/>
</bind>
</comp>

<comp id="347" class="1004" name="pack_wi_load_load_fu_347">
<pin_list>
<pin id="348" dir="0" index="0" bw="32" slack="2"/>
<pin id="349" dir="1" index="1" bw="32" slack="0"/>
</pin_list>
<bind>
<opcode="load(27) " fcode="load"/>
<opset="pack_wi_load/3 "/>
</bind>
</comp>

<comp id="351" class="1004" name="pack_used_load_load_fu_351">
<pin_list>
<pin id="352" dir="0" index="0" bw="32" slack="2"/>
<pin id="353" dir="1" index="1" bw="32" slack="0"/>
</pin_list>
<bind>
<opcode="load(27) " fcode="load"/>
<opset="pack_used_load/3 "/>
</bind>
</comp>

<comp id="355" class="1004" name="pack_cur_load_load_fu_355">
<pin_list>
<pin id="356" dir="0" index="0" bw="64" slack="2"/>
<pin id="357" dir="1" index="1" bw="64" slack="0"/>
</pin_list>
<bind>
<opcode="load(27) " fcode="load"/>
<opset="pack_cur_load/3 "/>
</bind>
</comp>

<comp id="359" class="1004" name="sum_19_loc_load_load_fu_359">
<pin_list>
<pin id="360" dir="0" index="0" bw="260" slack="4"/>
<pin id="361" dir="1" index="1" bw="260" slack="0"/>
</pin_list>
<bind>
<opcode="load(27) " fcode="load"/>
<opset="sum_19_loc_load/5 "/>
</bind>
</comp>

<comp id="362" class="1004" name="out_fu_362">
<pin_list>
<pin id="363" dir="0" index="0" bw="260" slack="0"/>
<pin id="364" dir="1" index="1" bw="128" slack="0"/>
</pin_list>
<bind>
<opcode="trunc(33) " fcode="trunc"/>
<opset="out/5 "/>
</bind>
</comp>

<comp id="367" class="1004" name="trunc_ln207_s_fu_367">
<pin_list>
<pin id="368" dir="0" index="0" bw="132" slack="0"/>
<pin id="369" dir="0" index="1" bw="260" slack="0"/>
<pin id="370" dir="0" index="2" bw="9" slack="0"/>
<pin id="371" dir="0" index="3" bw="10" slack="0"/>
<pin id="372" dir="1" index="4" bw="132" slack="0"/>
</pin_list>
<bind>
<opcode="partselect(1002) " fcode="partselect"/>
<opset="trunc_ln207_s/5 "/>
</bind>
</comp>

<comp id="377" class="1004" name="trunc_ln207_4_fu_377">
<pin_list>
<pin id="378" dir="0" index="0" bw="128" slack="0"/>
<pin id="379" dir="0" index="1" bw="260" slack="0"/>
<pin id="380" dir="0" index="2" bw="9" slack="0"/>
<pin id="381" dir="0" index="3" bw="9" slack="0"/>
<pin id="382" dir="1" index="4" bw="128" slack="0"/>
</pin_list>
<bind>
<opcode="partselect(1002) " fcode="partselect"/>
<opset="trunc_ln207_4/5 "/>
</bind>
</comp>

<comp id="387" class="1004" name="store_ln213_store_fu_387">
<pin_list>
<pin id="388" dir="0" index="0" bw="132" slack="0"/>
<pin id="389" dir="0" index="1" bw="132" slack="4"/>
<pin id="390" dir="1" index="2" bw="0" slack="2147483647"/>
</pin_list>
<bind>
<opcode="store(28) " fcode="store"/>
<opset="store_ln213/5 "/>
</bind>
</comp>

<comp id="392" class="1004" name="store_ln138_store_fu_392">
<pin_list>
<pin id="393" dir="0" index="0" bw="128" slack="0"/>
<pin id="394" dir="0" index="1" bw="128" slack="4"/>
<pin id="395" dir="1" index="2" bw="0" slack="2147483647"/>
</pin_list>
<bind>
<opcode="store(28) " fcode="store"/>
<opset="store_ln138/5 "/>
</bind>
</comp>

<comp id="397" class="1004" name="pack_wi_3_loc_load_load_fu_397">
<pin_list>
<pin id="398" dir="0" index="0" bw="32" slack="4"/>
<pin id="399" dir="1" index="1" bw="32" slack="0"/>
</pin_list>
<bind>
<opcode="load(27) " fcode="load"/>
<opset="pack_wi_3_loc_load/8 "/>
</bind>
</comp>

<comp id="400" class="1004" name="pack_used_3_loc_load_load_fu_400">
<pin_list>
<pin id="401" dir="0" index="0" bw="32" slack="4"/>
<pin id="402" dir="1" index="1" bw="32" slack="0"/>
</pin_list>
<bind>
<opcode="load(27) " fcode="load"/>
<opset="pack_used_3_loc_load/8 "/>
</bind>
</comp>

<comp id="403" class="1004" name="pack_cur_3_loc_load_load_fu_403">
<pin_list>
<pin id="404" dir="0" index="0" bw="64" slack="4"/>
<pin id="405" dir="1" index="1" bw="64" slack="0"/>
</pin_list>
<bind>
<opcode="load(27) " fcode="load"/>
<opset="pack_cur_3_loc_load/8 "/>
</bind>
</comp>

<comp id="407" class="1004" name="icmp_ln173_fu_407">
<pin_list>
<pin id="408" dir="0" index="0" bw="32" slack="0"/>
<pin id="409" dir="0" index="1" bw="1" slack="0"/>
<pin id="410" dir="1" index="2" bw="1" slack="0"/>
</pin_list>
<bind>
<opcode="icmp(45) " fcode="icmp"/>
<opset="icmp_ln173/8 "/>
</bind>
</comp>

<comp id="413" class="1004" name="tmp_162_fu_413">
<pin_list>
<pin id="414" dir="0" index="0" bw="28" slack="0"/>
<pin id="415" dir="0" index="1" bw="32" slack="0"/>
<pin id="416" dir="0" index="2" bw="4" slack="0"/>
<pin id="417" dir="0" index="3" bw="6" slack="0"/>
<pin id="418" dir="1" index="4" bw="28" slack="0"/>
</pin_list>
<bind>
<opcode="partselect(1002) " fcode="partselect"/>
<opset="tmp_162/8 "/>
</bind>
</comp>

<comp id="423" class="1004" name="icmp_ln173_12_fu_423">
<pin_list>
<pin id="424" dir="0" index="0" bw="28" slack="0"/>
<pin id="425" dir="0" index="1" bw="1" slack="0"/>
<pin id="426" dir="1" index="2" bw="1" slack="0"/>
</pin_list>
<bind>
<opcode="icmp(45) " fcode="icmp"/>
<opset="icmp_ln173_12/8 "/>
</bind>
</comp>

<comp id="429" class="1004" name="and_ln173_fu_429">
<pin_list>
<pin id="430" dir="0" index="0" bw="1" slack="0"/>
<pin id="431" dir="0" index="1" bw="1" slack="0"/>
<pin id="432" dir="1" index="2" bw="1" slack="2147483647"/>
</pin_list>
<bind>
<opcode="and(23) " fcode="and"/>
<opset="and_ln173/8 "/>
</bind>
</comp>

<comp id="435" class="1004" name="zext_ln174_fu_435">
<pin_list>
<pin id="436" dir="0" index="0" bw="32" slack="0"/>
<pin id="437" dir="1" index="1" bw="64" slack="0"/>
</pin_list>
<bind>
<opcode="zext(34) " fcode="zext"/>
<opset="zext_ln174/8 "/>
</bind>
</comp>

<comp id="440" class="1004" name="pack_wi_60_fu_440">
<pin_list>
<pin id="441" dir="0" index="0" bw="32" slack="0"/>
<pin id="442" dir="0" index="1" bw="1" slack="0"/>
<pin id="443" dir="1" index="2" bw="32" slack="1"/>
</pin_list>
<bind>
<opcode="add(8) " fcode="add"/>
<opset="pack_wi_60/8 "/>
</bind>
</comp>

<comp id="446" class="1005" name="x_reg_446">
<pin_list>
<pin id="447" dir="0" index="0" bw="128" slack="0"/>
<pin id="448" dir="1" index="1" bw="128" slack="0"/>
</pin_list>
<bind>
<opset="x "/>
</bind>
</comp>

<comp id="453" class="1005" name="pack_wi_reg_453">
<pin_list>
<pin id="454" dir="0" index="0" bw="32" slack="0"/>
<pin id="455" dir="1" index="1" bw="32" slack="0"/>
</pin_list>
<bind>
<opset="pack_wi "/>
</bind>
</comp>

<comp id="460" class="1005" name="pack_used_reg_460">
<pin_list>
<pin id="461" dir="0" index="0" bw="32" slack="0"/>
<pin id="462" dir="1" index="1" bw="32" slack="0"/>
</pin_list>
<bind>
<opset="pack_used "/>
</bind>
</comp>

<comp id="467" class="1005" name="pack_cur_reg_467">
<pin_list>
<pin id="468" dir="0" index="0" bw="64" slack="0"/>
<pin id="469" dir="1" index="1" bw="64" slack="0"/>
</pin_list>
<bind>
<opset="pack_cur "/>
</bind>
</comp>

<comp id="474" class="1005" name="sum_reg_474">
<pin_list>
<pin id="475" dir="0" index="0" bw="132" slack="0"/>
<pin id="476" dir="1" index="1" bw="132" slack="0"/>
</pin_list>
<bind>
<opset="sum "/>
</bind>
</comp>

<comp id="481" class="1005" name="t_reg_481">
<pin_list>
<pin id="482" dir="0" index="0" bw="4" slack="0"/>
<pin id="483" dir="1" index="1" bw="4" slack="0"/>
</pin_list>
<bind>
<opset="t "/>
</bind>
</comp>

<comp id="488" class="1005" name="pack_cur_3_loc_reg_488">
<pin_list>
<pin id="489" dir="0" index="0" bw="64" slack="2"/>
<pin id="490" dir="1" index="1" bw="64" slack="2"/>
</pin_list>
<bind>
<opset="pack_cur_3_loc "/>
</bind>
</comp>

<comp id="494" class="1005" name="pack_used_3_loc_reg_494">
<pin_list>
<pin id="495" dir="0" index="0" bw="32" slack="2"/>
<pin id="496" dir="1" index="1" bw="32" slack="2"/>
</pin_list>
<bind>
<opset="pack_used_3_loc "/>
</bind>
</comp>

<comp id="500" class="1005" name="pack_wi_3_loc_reg_500">
<pin_list>
<pin id="501" dir="0" index="0" bw="32" slack="2"/>
<pin id="502" dir="1" index="1" bw="32" slack="2"/>
</pin_list>
<bind>
<opset="pack_wi_3_loc "/>
</bind>
</comp>

<comp id="506" class="1005" name="sum_19_loc_reg_506">
<pin_list>
<pin id="507" dir="0" index="0" bw="260" slack="2"/>
<pin id="508" dir="1" index="1" bw="260" slack="2"/>
</pin_list>
<bind>
<opset="sum_19_loc "/>
</bind>
</comp>

<comp id="512" class="1005" name="tmp_reg_512">
<pin_list>
<pin id="513" dir="0" index="0" bw="7" slack="1"/>
<pin id="514" dir="1" index="1" bw="7" slack="1"/>
</pin_list>
<bind>
<opset="tmp "/>
</bind>
</comp>

<comp id="523" class="1005" name="trunc_ln207_reg_523">
<pin_list>
<pin id="524" dir="0" index="0" bw="3" slack="1"/>
<pin id="525" dir="1" index="1" bw="3" slack="1"/>
</pin_list>
<bind>
<opset="trunc_ln207 "/>
</bind>
</comp>

<comp id="528" class="1005" name="select_ln207_reg_528">
<pin_list>
<pin id="529" dir="0" index="0" bw="3" slack="1"/>
<pin id="530" dir="1" index="1" bw="3" slack="1"/>
</pin_list>
<bind>
<opset="select_ln207 "/>
</bind>
</comp>

<comp id="533" class="1005" name="j_start_reg_533">
<pin_list>
<pin id="534" dir="0" index="0" bw="3" slack="1"/>
<pin id="535" dir="1" index="1" bw="3" slack="1"/>
</pin_list>
<bind>
<opset="j_start "/>
</bind>
</comp>

<comp id="538" class="1005" name="j_end_reg_538">
<pin_list>
<pin id="539" dir="0" index="0" bw="2" slack="1"/>
<pin id="540" dir="1" index="1" bw="2" slack="1"/>
</pin_list>
<bind>
<opset="j_end "/>
</bind>
</comp>

<comp id="543" class="1005" name="x_load_reg_543">
<pin_list>
<pin id="544" dir="0" index="0" bw="128" slack="1"/>
<pin id="545" dir="1" index="1" bw="128" slack="1"/>
</pin_list>
<bind>
<opset="x_load "/>
</bind>
</comp>

<comp id="548" class="1005" name="pack_wi_load_reg_548">
<pin_list>
<pin id="549" dir="0" index="0" bw="32" slack="1"/>
<pin id="550" dir="1" index="1" bw="32" slack="1"/>
</pin_list>
<bind>
<opset="pack_wi_load "/>
</bind>
</comp>

<comp id="553" class="1005" name="pack_used_load_reg_553">
<pin_list>
<pin id="554" dir="0" index="0" bw="32" slack="1"/>
<pin id="555" dir="1" index="1" bw="32" slack="1"/>
</pin_list>
<bind>
<opset="pack_used_load "/>
</bind>
</comp>

<comp id="558" class="1005" name="pack_cur_load_reg_558">
<pin_list>
<pin id="559" dir="0" index="0" bw="64" slack="1"/>
<pin id="560" dir="1" index="1" bw="64" slack="1"/>
</pin_list>
<bind>
<opset="pack_cur_load "/>
</bind>
</comp>

<comp id="563" class="1005" name="out_reg_563">
<pin_list>
<pin id="564" dir="0" index="0" bw="128" slack="1"/>
<pin id="565" dir="1" index="1" bw="128" slack="1"/>
</pin_list>
<bind>
<opset="out "/>
</bind>
</comp>

<comp id="574" class="1005" name="pack_wi_60_reg_574">
<pin_list>
<pin id="575" dir="0" index="0" bw="32" slack="1"/>
<pin id="576" dir="1" index="1" bw="32" slack="1"/>
</pin_list>
<bind>
<opset="pack_wi_60 "/>
</bind>
</comp>

</comp_list>

<net_list>
<net id="99"><net_src comp="8" pin="0"/><net_sink comp="96" pin=0"/></net>

<net id="103"><net_src comp="8" pin="0"/><net_sink comp="100" pin=0"/></net>

<net id="107"><net_src comp="8" pin="0"/><net_sink comp="104" pin=0"/></net>

<net id="111"><net_src comp="8" pin="0"/><net_sink comp="108" pin=0"/></net>

<net id="115"><net_src comp="8" pin="0"/><net_sink comp="112" pin=0"/></net>

<net id="119"><net_src comp="8" pin="0"/><net_sink comp="116" pin=0"/></net>

<net id="123"><net_src comp="10" pin="0"/><net_sink comp="120" pin=0"/></net>

<net id="127"><net_src comp="10" pin="0"/><net_sink comp="124" pin=0"/></net>

<net id="131"><net_src comp="10" pin="0"/><net_sink comp="128" pin=0"/></net>

<net id="135"><net_src comp="10" pin="0"/><net_sink comp="132" pin=0"/></net>

<net id="140"><net_src comp="24" pin="0"/><net_sink comp="136" pin=0"/></net>

<net id="141"><net_src comp="2" pin="0"/><net_sink comp="136" pin=1"/></net>

<net id="147"><net_src comp="6" pin="0"/><net_sink comp="142" pin=0"/></net>

<net id="148"><net_src comp="18" pin="0"/><net_sink comp="142" pin=1"/></net>

<net id="154"><net_src comp="142" pin="3"/><net_sink comp="149" pin=0"/></net>

<net id="164"><net_src comp="158" pin="4"/><net_sink comp="155" pin=0"/></net>

<net id="169"><net_src comp="12" pin="0"/><net_sink comp="165" pin=0"/></net>

<net id="170"><net_src comp="6" pin="0"/><net_sink comp="165" pin=1"/></net>

<net id="183"><net_src comp="58" pin="0"/><net_sink comp="171" pin=0"/></net>

<net id="184"><net_src comp="0" pin="0"/><net_sink comp="171" pin=7"/></net>

<net id="185"><net_src comp="4" pin="0"/><net_sink comp="171" pin=8"/></net>

<net id="197"><net_src comp="60" pin="0"/><net_sink comp="186" pin=0"/></net>

<net id="198"><net_src comp="6" pin="0"/><net_sink comp="186" pin=5"/></net>

<net id="207"><net_src comp="62" pin="0"/><net_sink comp="199" pin=0"/></net>

<net id="208"><net_src comp="6" pin="0"/><net_sink comp="199" pin=2"/></net>

<net id="214"><net_src comp="94" pin="0"/><net_sink comp="209" pin=0"/></net>

<net id="215"><net_src comp="158" pin="4"/><net_sink comp="209" pin=1"/></net>

<net id="216"><net_src comp="6" pin="0"/><net_sink comp="209" pin=2"/></net>

<net id="221"><net_src comp="14" pin="0"/><net_sink comp="217" pin=0"/></net>

<net id="226"><net_src comp="16" pin="0"/><net_sink comp="222" pin=0"/></net>

<net id="231"><net_src comp="18" pin="0"/><net_sink comp="227" pin=0"/></net>

<net id="236"><net_src comp="20" pin="0"/><net_sink comp="232" pin=0"/></net>

<net id="241"><net_src comp="20" pin="0"/><net_sink comp="237" pin=0"/></net>

<net id="246"><net_src comp="22" pin="0"/><net_sink comp="242" pin=0"/></net>

<net id="252"><net_src comp="26" pin="0"/><net_sink comp="247" pin=0"/></net>

<net id="253"><net_src comp="136" pin="2"/><net_sink comp="247" pin=1"/></net>

<net id="254"><net_src comp="28" pin="0"/><net_sink comp="247" pin=2"/></net>

<net id="262"><net_src comp="255" pin="1"/><net_sink comp="258" pin=0"/></net>

<net id="263"><net_src comp="40" pin="0"/><net_sink comp="258" pin=1"/></net>

<net id="268"><net_src comp="255" pin="1"/><net_sink comp="264" pin=0"/></net>

<net id="269"><net_src comp="42" pin="0"/><net_sink comp="264" pin=1"/></net>

<net id="273"><net_src comp="270" pin="1"/><net_sink comp="171" pin=3"/></net>

<net id="277"><net_src comp="255" pin="1"/><net_sink comp="274" pin=0"/></net>

<net id="278"><net_src comp="274" pin="1"/><net_sink comp="171" pin=5"/></net>

<net id="285"><net_src comp="44" pin="0"/><net_sink comp="279" pin=0"/></net>

<net id="286"><net_src comp="255" pin="1"/><net_sink comp="279" pin=1"/></net>

<net id="287"><net_src comp="46" pin="0"/><net_sink comp="279" pin=2"/></net>

<net id="288"><net_src comp="48" pin="0"/><net_sink comp="279" pin=3"/></net>

<net id="293"><net_src comp="279" pin="4"/><net_sink comp="289" pin=0"/></net>

<net id="294"><net_src comp="50" pin="0"/><net_sink comp="289" pin=1"/></net>

<net id="299"><net_src comp="274" pin="1"/><net_sink comp="295" pin=0"/></net>

<net id="300"><net_src comp="52" pin="0"/><net_sink comp="295" pin=1"/></net>

<net id="306"><net_src comp="289" pin="2"/><net_sink comp="301" pin=0"/></net>

<net id="307"><net_src comp="295" pin="2"/><net_sink comp="301" pin=1"/></net>

<net id="308"><net_src comp="28" pin="0"/><net_sink comp="301" pin=2"/></net>

<net id="309"><net_src comp="301" pin="3"/><net_sink comp="171" pin=1"/></net>

<net id="313"><net_src comp="255" pin="1"/><net_sink comp="310" pin=0"/></net>

<net id="318"><net_src comp="255" pin="1"/><net_sink comp="314" pin=0"/></net>

<net id="319"><net_src comp="54" pin="0"/><net_sink comp="314" pin=1"/></net>

<net id="325"><net_src comp="314" pin="2"/><net_sink comp="320" pin=0"/></net>

<net id="326"><net_src comp="28" pin="0"/><net_sink comp="320" pin=1"/></net>

<net id="327"><net_src comp="295" pin="2"/><net_sink comp="320" pin=2"/></net>

<net id="328"><net_src comp="320" pin="3"/><net_sink comp="171" pin=2"/></net>

<net id="334"><net_src comp="314" pin="2"/><net_sink comp="329" pin=0"/></net>

<net id="335"><net_src comp="310" pin="1"/><net_sink comp="329" pin=1"/></net>

<net id="336"><net_src comp="56" pin="0"/><net_sink comp="329" pin=2"/></net>

<net id="337"><net_src comp="329" pin="3"/><net_sink comp="171" pin=4"/></net>

<net id="342"><net_src comp="264" pin="2"/><net_sink comp="338" pin=0"/></net>

<net id="346"><net_src comp="343" pin="1"/><net_sink comp="186" pin=4"/></net>

<net id="350"><net_src comp="347" pin="1"/><net_sink comp="186" pin=1"/></net>

<net id="354"><net_src comp="351" pin="1"/><net_sink comp="186" pin=2"/></net>

<net id="358"><net_src comp="355" pin="1"/><net_sink comp="186" pin=3"/></net>

<net id="365"><net_src comp="359" pin="1"/><net_sink comp="362" pin=0"/></net>

<net id="366"><net_src comp="362" pin="1"/><net_sink comp="199" pin=1"/></net>

<net id="373"><net_src comp="64" pin="0"/><net_sink comp="367" pin=0"/></net>

<net id="374"><net_src comp="359" pin="1"/><net_sink comp="367" pin=1"/></net>

<net id="375"><net_src comp="66" pin="0"/><net_sink comp="367" pin=2"/></net>

<net id="376"><net_src comp="68" pin="0"/><net_sink comp="367" pin=3"/></net>

<net id="383"><net_src comp="70" pin="0"/><net_sink comp="377" pin=0"/></net>

<net id="384"><net_src comp="359" pin="1"/><net_sink comp="377" pin=1"/></net>

<net id="385"><net_src comp="66" pin="0"/><net_sink comp="377" pin=2"/></net>

<net id="386"><net_src comp="72" pin="0"/><net_sink comp="377" pin=3"/></net>

<net id="391"><net_src comp="367" pin="4"/><net_sink comp="387" pin=0"/></net>

<net id="396"><net_src comp="377" pin="4"/><net_sink comp="392" pin=0"/></net>

<net id="406"><net_src comp="403" pin="1"/><net_sink comp="149" pin=1"/></net>

<net id="411"><net_src comp="400" pin="1"/><net_sink comp="407" pin=0"/></net>

<net id="412"><net_src comp="20" pin="0"/><net_sink comp="407" pin=1"/></net>

<net id="419"><net_src comp="86" pin="0"/><net_sink comp="413" pin=0"/></net>

<net id="420"><net_src comp="397" pin="1"/><net_sink comp="413" pin=1"/></net>

<net id="421"><net_src comp="88" pin="0"/><net_sink comp="413" pin=2"/></net>

<net id="422"><net_src comp="90" pin="0"/><net_sink comp="413" pin=3"/></net>

<net id="427"><net_src comp="413" pin="4"/><net_sink comp="423" pin=0"/></net>

<net id="428"><net_src comp="92" pin="0"/><net_sink comp="423" pin=1"/></net>

<net id="433"><net_src comp="407" pin="2"/><net_sink comp="429" pin=0"/></net>

<net id="434"><net_src comp="423" pin="2"/><net_sink comp="429" pin=1"/></net>

<net id="438"><net_src comp="397" pin="1"/><net_sink comp="435" pin=0"/></net>

<net id="439"><net_src comp="435" pin="1"/><net_sink comp="142" pin=2"/></net>

<net id="444"><net_src comp="397" pin="1"/><net_sink comp="440" pin=0"/></net>

<net id="445"><net_src comp="8" pin="0"/><net_sink comp="440" pin=1"/></net>

<net id="449"><net_src comp="96" pin="1"/><net_sink comp="446" pin=0"/></net>

<net id="450"><net_src comp="446" pin="1"/><net_sink comp="242" pin=1"/></net>

<net id="451"><net_src comp="446" pin="1"/><net_sink comp="343" pin=0"/></net>

<net id="452"><net_src comp="446" pin="1"/><net_sink comp="392" pin=1"/></net>

<net id="456"><net_src comp="100" pin="1"/><net_sink comp="453" pin=0"/></net>

<net id="457"><net_src comp="453" pin="1"/><net_sink comp="237" pin=1"/></net>

<net id="458"><net_src comp="453" pin="1"/><net_sink comp="347" pin=0"/></net>

<net id="459"><net_src comp="453" pin="1"/><net_sink comp="199" pin=3"/></net>

<net id="463"><net_src comp="104" pin="1"/><net_sink comp="460" pin=0"/></net>

<net id="464"><net_src comp="460" pin="1"/><net_sink comp="232" pin=1"/></net>

<net id="465"><net_src comp="460" pin="1"/><net_sink comp="351" pin=0"/></net>

<net id="466"><net_src comp="460" pin="1"/><net_sink comp="199" pin=4"/></net>

<net id="470"><net_src comp="108" pin="1"/><net_sink comp="467" pin=0"/></net>

<net id="471"><net_src comp="467" pin="1"/><net_sink comp="227" pin=1"/></net>

<net id="472"><net_src comp="467" pin="1"/><net_sink comp="355" pin=0"/></net>

<net id="473"><net_src comp="467" pin="1"/><net_sink comp="199" pin=5"/></net>

<net id="477"><net_src comp="112" pin="1"/><net_sink comp="474" pin=0"/></net>

<net id="478"><net_src comp="474" pin="1"/><net_sink comp="222" pin=1"/></net>

<net id="479"><net_src comp="474" pin="1"/><net_sink comp="270" pin=0"/></net>

<net id="480"><net_src comp="474" pin="1"/><net_sink comp="387" pin=1"/></net>

<net id="484"><net_src comp="116" pin="1"/><net_sink comp="481" pin=0"/></net>

<net id="485"><net_src comp="481" pin="1"/><net_sink comp="217" pin=1"/></net>

<net id="486"><net_src comp="481" pin="1"/><net_sink comp="255" pin=0"/></net>

<net id="487"><net_src comp="481" pin="1"/><net_sink comp="338" pin=1"/></net>

<net id="491"><net_src comp="120" pin="1"/><net_sink comp="488" pin=0"/></net>

<net id="492"><net_src comp="488" pin="1"/><net_sink comp="186" pin=8"/></net>

<net id="493"><net_src comp="488" pin="1"/><net_sink comp="403" pin=0"/></net>

<net id="497"><net_src comp="124" pin="1"/><net_sink comp="494" pin=0"/></net>

<net id="498"><net_src comp="494" pin="1"/><net_sink comp="186" pin=7"/></net>

<net id="499"><net_src comp="494" pin="1"/><net_sink comp="400" pin=0"/></net>

<net id="503"><net_src comp="128" pin="1"/><net_sink comp="500" pin=0"/></net>

<net id="504"><net_src comp="500" pin="1"/><net_sink comp="186" pin=6"/></net>

<net id="505"><net_src comp="500" pin="1"/><net_sink comp="397" pin=0"/></net>

<net id="509"><net_src comp="132" pin="1"/><net_sink comp="506" pin=0"/></net>

<net id="510"><net_src comp="506" pin="1"/><net_sink comp="171" pin=9"/></net>

<net id="511"><net_src comp="506" pin="1"/><net_sink comp="359" pin=0"/></net>

<net id="515"><net_src comp="247" pin="3"/><net_sink comp="512" pin=0"/></net>

<net id="516"><net_src comp="512" pin="1"/><net_sink comp="171" pin=6"/></net>

<net id="526"><net_src comp="274" pin="1"/><net_sink comp="523" pin=0"/></net>

<net id="527"><net_src comp="523" pin="1"/><net_sink comp="171" pin=5"/></net>

<net id="531"><net_src comp="301" pin="3"/><net_sink comp="528" pin=0"/></net>

<net id="532"><net_src comp="528" pin="1"/><net_sink comp="171" pin=1"/></net>

<net id="536"><net_src comp="320" pin="3"/><net_sink comp="533" pin=0"/></net>

<net id="537"><net_src comp="533" pin="1"/><net_sink comp="171" pin=2"/></net>

<net id="541"><net_src comp="329" pin="3"/><net_sink comp="538" pin=0"/></net>

<net id="542"><net_src comp="538" pin="1"/><net_sink comp="171" pin=4"/></net>

<net id="546"><net_src comp="343" pin="1"/><net_sink comp="543" pin=0"/></net>

<net id="547"><net_src comp="543" pin="1"/><net_sink comp="186" pin=4"/></net>

<net id="551"><net_src comp="347" pin="1"/><net_sink comp="548" pin=0"/></net>

<net id="552"><net_src comp="548" pin="1"/><net_sink comp="186" pin=1"/></net>

<net id="556"><net_src comp="351" pin="1"/><net_sink comp="553" pin=0"/></net>

<net id="557"><net_src comp="553" pin="1"/><net_sink comp="186" pin=2"/></net>

<net id="561"><net_src comp="355" pin="1"/><net_sink comp="558" pin=0"/></net>

<net id="562"><net_src comp="558" pin="1"/><net_sink comp="186" pin=3"/></net>

<net id="566"><net_src comp="362" pin="1"/><net_sink comp="563" pin=0"/></net>

<net id="567"><net_src comp="563" pin="1"/><net_sink comp="199" pin=1"/></net>

<net id="577"><net_src comp="440" pin="2"/><net_sink comp="574" pin=0"/></net>

<net id="578"><net_src comp="574" pin="1"/><net_sink comp="158" pin=2"/></net>

</net_list>

</model> 
---------------- Datapath Model END ------------------

* FSMD analyzer results:
  - Output states:
	Port: c | {1 2 3 5 6 7 8 9 10 }
 - Input state : 
	Port: mul.5125 : a | {3 4 }
	Port: mul.5125 : a_offset | {2 }
	Port: mul.5125 : b | {3 4 }
  - Chain level:
	State 1
		store_ln207 : 1
		store_ln213 : 1
		store_ln201 : 1
		store_ln201 : 1
		store_ln201 : 1
		store_ln138 : 1
	State 2
	State 3
		icmp_ln207 : 1
		t_55 : 1
		br_ln207 : 2
		trunc_ln207 : 1
		tmp_163 : 1
		icmp_ln207_10 : 2
		add_ln207 : 2
		select_ln207 : 3
		trunc_ln207_19 : 1
		icmp_ln210 : 1
		j_start : 3
		j_end : 2
		call_ln207 : 4
		store_ln207 : 2
		call_ln0 : 1
	State 4
	State 5
		out : 1
		call_ln230 : 2
		trunc_ln207_s : 1
		trunc_ln207_4 : 1
		store_ln213 : 2
		store_ln138 : 2
	State 6
	State 7
	State 8
		icmp_ln173 : 1
		tmp_162 : 1
		icmp_ln173_12 : 2
		and_ln173 : 3
		br_ln173 : 3
		zext_ln174 : 1
		c_addr : 2
		store_ln174 : 3
		pack_wi_60 : 1
	State 9
		call_ln175 : 1
	State 10


============================================================
+ Verbose Summary: Datapath Resource usage 
============================================================

* Functional unit list:
|----------|--------------------------------------------------|---------|---------|---------|---------|
| Operation|                  Functional Unit                 |   DSP   |  Delay  |    FF   |   LUT   |
|----------|--------------------------------------------------|---------|---------|---------|---------|
|          |   grp_mul_5125_Pipeline_VITIS_LOOP_188_1_fu_165  |    0    |    0    |    5    |    24   |
|          |   grp_mul_5125_Pipeline_VITIS_LOOP_215_3_fu_171  |    50   | 0.905429|   899   |   1038  |
|   call   | grp_mul_5125_Pipeline_VITIS_LOOP_142_1105_fu_186 |    0    |    0    |   320   |   1370  |
|          |   grp_mul_5125_Pipeline_VITIS_LOOP_142_1_fu_199  |    0    |    0    |   192   |   1359  |
|          |   grp_mul_5125_Pipeline_VITIS_LOOP_177_1_fu_209  |    0    |    0    |    32   |    74   |
|----------|--------------------------------------------------|---------|---------|---------|---------|
|          |                 icmp_ln207_fu_258                |    0    |    0    |    0    |    12   |
|          |               icmp_ln207_10_fu_289               |    0    |    0    |    0    |    9    |
|   icmp   |                 icmp_ln210_fu_314                |    0    |    0    |    0    |    12   |
|          |                 icmp_ln173_fu_407                |    0    |    0    |    0    |    39   |
|          |               icmp_ln173_12_fu_423               |    0    |    0    |    0    |    35   |
|----------|--------------------------------------------------|---------|---------|---------|---------|
|          |                    t_55_fu_264                   |    0    |    0    |    0    |    12   |
|    add   |                 add_ln207_fu_295                 |    0    |    0    |    0    |    10   |
|          |                 pack_wi_60_fu_440                |    0    |    0    |    0    |    39   |
|----------|--------------------------------------------------|---------|---------|---------|---------|
|          |                select_ln207_fu_301               |    0    |    0    |    0    |    3    |
|  select  |                  j_start_fu_320                  |    0    |    0    |    0    |    3    |
|          |                   j_end_fu_329                   |    0    |    0    |    0    |    2    |
|----------|--------------------------------------------------|---------|---------|---------|---------|
|    and   |                 and_ln173_fu_429                 |    0    |    0    |    0    |    2    |
|----------|--------------------------------------------------|---------|---------|---------|---------|
|   read   |             a_offset_read_read_fu_136            |    0    |    0    |    0    |    0    |
|----------|--------------------------------------------------|---------|---------|---------|---------|
|bitconcatenate|                    tmp_fu_247                    |    0    |    0    |    0    |    0    |
|----------|--------------------------------------------------|---------|---------|---------|---------|
|          |                trunc_ln207_fu_274                |    0    |    0    |    0    |    0    |
|   trunc  |               trunc_ln207_19_fu_310              |    0    |    0    |    0    |    0    |
|          |                    out_fu_362                    |    0    |    0    |    0    |    0    |
|----------|--------------------------------------------------|---------|---------|---------|---------|
|          |                  tmp_163_fu_279                  |    0    |    0    |    0    |    0    |
|partselect|               trunc_ln207_s_fu_367               |    0    |    0    |    0    |    0    |
|          |               trunc_ln207_4_fu_377               |    0    |    0    |    0    |    0    |
|          |                  tmp_162_fu_413                  |    0    |    0    |    0    |    0    |
|----------|--------------------------------------------------|---------|---------|---------|---------|
|   zext   |                 zext_ln174_fu_435                |    0    |    0    |    0    |    0    |
|----------|--------------------------------------------------|---------|---------|---------|---------|
|   Total  |                                                  |    50   | 0.905429|   1448  |   4043  |
|----------|--------------------------------------------------|---------|---------|---------|---------|

Memories:
N/A

* Register list:
+-----------------------+--------+
|                       |   FF   |
+-----------------------+--------+
|     j_end_reg_538     |    2   |
|    j_start_reg_533    |    3   |
|      out_reg_563      |   128  |
| pack_cur_3_loc_reg_488|   64   |
| pack_cur_load_reg_558 |   64   |
|    pack_cur_reg_467   |   64   |
|pack_used_3_loc_reg_494|   32   |
| pack_used_load_reg_553|   32   |
|   pack_used_reg_460   |   32   |
| pack_wi_3_loc_reg_500 |   32   |
| pack_wi_52_ph_reg_155 |   32   |
|   pack_wi_60_reg_574  |   32   |
|  pack_wi_load_reg_548 |   32   |
|    pack_wi_reg_453    |   32   |
|  select_ln207_reg_528 |    3   |
|   sum_19_loc_reg_506  |   260  |
|      sum_reg_474      |   132  |
|       t_reg_481       |    4   |
|      tmp_reg_512      |    7   |
|  trunc_ln207_reg_523  |    3   |
|     x_load_reg_543    |   128  |
|       x_reg_446       |   128  |
+-----------------------+--------+
|         Total         |  1246  |
+-----------------------+--------+

* Multiplexer (MUX) list: 
|--------------------------------------------------|------|------|------|--------||---------||---------||---------|
|                       Comp                       |  Pin | Size |  BW  | S x BW ||  Delay  ||    FF   ||   LUT   |
|--------------------------------------------------|------|------|------|--------||---------||---------||---------|
|   grp_mul_5125_Pipeline_VITIS_LOOP_215_3_fu_171  |  p1  |   2  |   3  |    6   ||    0    ||    9    |
|   grp_mul_5125_Pipeline_VITIS_LOOP_215_3_fu_171  |  p2  |   2  |   3  |    6   ||    0    ||    9    |
|   grp_mul_5125_Pipeline_VITIS_LOOP_215_3_fu_171  |  p4  |   2  |   2  |    4   ||    0    ||    9    |
|   grp_mul_5125_Pipeline_VITIS_LOOP_215_3_fu_171  |  p5  |   2  |   3  |    6   ||    0    ||    9    |
| grp_mul_5125_Pipeline_VITIS_LOOP_142_1105_fu_186 |  p1  |   2  |  32  |   64   ||    0    ||    9    |
| grp_mul_5125_Pipeline_VITIS_LOOP_142_1105_fu_186 |  p2  |   2  |  32  |   64   ||    0    ||    9    |
| grp_mul_5125_Pipeline_VITIS_LOOP_142_1105_fu_186 |  p3  |   2  |  64  |   128  ||    0    ||    9    |
| grp_mul_5125_Pipeline_VITIS_LOOP_142_1105_fu_186 |  p4  |   2  |  128 |   256  ||    0    ||    9    |
|   grp_mul_5125_Pipeline_VITIS_LOOP_142_1_fu_199  |  p1  |   2  |  128 |   256  ||    0    ||    9    |
|--------------------------------------------------|------|------|------|--------||---------||---------||---------|
|                       Total                      |      |      |      |   790  ||  3.483  ||    0    ||    81   |
|--------------------------------------------------|------|------|------|--------||---------||---------||---------|



* Summary:
+-----------+--------+--------+--------+--------+
|           |   DSP  |  Delay |   FF   |   LUT  |
+-----------+--------+--------+--------+--------+
|  Function |   50   |    0   |  1448  |  4043  |
|   Memory  |    -   |    -   |    -   |    -   |
|Multiplexer|    -   |    3   |    0   |   81   |
|  Register |    -   |    -   |  1246  |    -   |
+-----------+--------+--------+--------+--------+
|   Total   |   50   |    4   |  2694  |  4124  |
+-----------+--------+--------+--------+--------+
