

================================================================
== Vitis HLS Report for 'mul_Pipeline_VITIS_LOOP_84_3'
================================================================
* Date:           Fri Oct 24 17:55:51 2025

* Version:        2024.2.2 (Build 6049644 on Mar  5 2025)
* Project:        sikep503_hls
* Solution:       solution1 (Vivado IP Flow Target)
* Product family: virtexuplus58g
* Target device:  xcvu29p-fsga2577-2L-e


================================================================
== Performance Estimates
================================================================
+ Timing: 
    * Summary: 
    +--------+----------+----------+------------+
    |  Clock |  Target  | Estimated| Uncertainty|
    +--------+----------+----------+------------+
    |ap_clk  |  10.00 ns|  6.678 ns|     2.70 ns|
    +--------+----------+----------+------------+

+ Latency: 
    * Summary: 
    +---------+---------+-----------+----------+-----+-----+------------------------------------------------+
    |  Latency (cycles) |  Latency (absolute)  |  Interval |                    Pipeline                    |
    |   min   |   max   |    min    |    max   | min | max |                      Type                      |
    +---------+---------+-----------+----------+-----+-----+------------------------------------------------+
    |        4|       11|  40.000 ns|  0.110 us|    2|    9|  loop auto-rewind stp (delay=0 clock cycles(s))|
    +---------+---------+-----------+----------+-----+-----+------------------------------------------------+

    + Detail: 
        * Instance: 
        N/A

        * Loop: 
        +-------------------+---------+---------+----------+-----------+-----------+-------+----------+
        |                   |  Latency (cycles) | Iteration|  Initiation Interval  |  Trip |          |
        |     Loop Name     |   min   |   max   |  Latency |  achieved |   target  | Count | Pipelined|
        +-------------------+---------+---------+----------+-----------+-----------+-------+----------+
        |- VITIS_LOOP_84_3  |        2|        9|         3|          1|          1|  1 ~ 8|       yes|
        +-------------------+---------+---------+----------+-----------+-----------+-------+----------+



================================================================
== Utilization Estimates
================================================================
* Summary: 
+---------------------+---------+-------+---------+---------+------+
|         Name        | BRAM_18K|  DSP  |    FF   |   LUT   | URAM |
+---------------------+---------+-------+---------+---------+------+
|DSP                  |        -|      -|        -|        -|     -|
|Expression           |        -|      -|        0|      321|     -|
|FIFO                 |        -|      -|        -|        -|     -|
|Instance             |        -|     16|        0|       45|     -|
|Memory               |        -|      -|        -|        -|     -|
|Multiplexer          |        -|      -|        0|       73|     -|
|Register             |        -|      -|      139|        -|     -|
+---------------------+---------+-------+---------+---------+------+
|Total                |        0|     16|      139|      439|     0|
+---------------------+---------+-------+---------+---------+------+
|Available SLR        |     1344|   3072|   864000|   432000|   320|
+---------------------+---------+-------+---------+---------+------+
|Utilization SLR (%)  |        0|     ~0|       ~0|       ~0|     0|
+---------------------+---------+-------+---------+---------+------+
|Available            |     5376|  12288|  3456000|  1728000|  1280|
+---------------------+---------+-------+---------+---------+------+
|Utilization (%)      |        0|     ~0|       ~0|       ~0|     0|
+---------------------+---------+-------+---------+---------+------+

+ Detail: 
    * Instance: 
    +----------------------------+-----------------------+---------+----+---+----+-----+
    |          Instance          |         Module        | BRAM_18K| DSP| FF| LUT| URAM|
    +----------------------------+-----------------------+---------+----+---+----+-----+
    |mul_64ns_64ns_128_1_1_U392  |mul_64ns_64ns_128_1_1  |        0|  16|  0|  45|    0|
    +----------------------------+-----------------------+---------+----+---+----+-----+
    |Total                       |                       |        0|  16|  0|  45|    0|
    +----------------------------+-----------------------+---------+----+---+----+-----+

    * DSP: 
    N/A

    * Memory: 
    N/A

    * FIFO: 
    N/A

    * Expression: 
    +---------------------+----------+----+---+----+------------+------------+
    |    Variable Name    | Operation| DSP| FF| LUT| Bitwidth P0| Bitwidth P1|
    +---------------------+----------+----+---+----+------------+------------+
    |add_ln140_fu_277_p2  |         +|   0|  0|  65|          65|          65|
    |add_ln84_fu_170_p2   |         +|   0|  0|  12|           4|           1|
    |sum_1_fu_283_p2      |         +|   0|  0|  65|          65|          65|
    |sum_fu_240_p2        |         +|   0|  0|  72|          65|          65|
    |t_fu_305_p2          |         +|   0|  0|  12|           4|           4|
    |v_111_fu_234_p2      |         +|   0|  0|  71|          64|          64|
    |sub_ln90_fu_185_p2   |         -|   0|  0|  10|           3|           3|
    |icmp_ln84_fu_164_p2  |      icmp|   0|  0|  12|           4|           4|
    |ap_enable_pp0        |       xor|   0|  0|   2|           1|           2|
    +---------------------+----------+----+---+----+------------+------------+
    |Total                |          |   0|  0| 321|         275|         273|
    +---------------------+----------+----+---+----+------------+------------+

    * Multiplexer: 
    +-------------------------+----+-----------+-----+-----------+
    |           Name          | LUT| Input Size| Bits| Total Bits|
    +-------------------------+----+-----------+-----+-----------+
    |ap_done_int              |   9|          2|    1|          2|
    |ap_enable_reg_pp0_iter1  |   9|          2|    1|          2|
    |ap_sig_allocacmp_j_14    |   9|          2|    4|          8|
    |j_fu_66                  |   9|          2|    4|          8|
    |t_out_o                  |  14|          3|    4|         12|
    |u_234_out_o              |  14|          3|   64|        192|
    |v_255_fu_70              |   9|          2|   64|        128|
    +-------------------------+----+-----------+-----+-----------+
    |Total                    |  73|         16|  142|        352|
    +-------------------------+----+-----------+-----+-----------+

    * Register: 
    +----------------------------------+----+----+-----+-----------+
    |               Name               | FF | LUT| Bits| Const Bits|
    +----------------------------------+----+----+-----+-----------+
    |ap_CS_fsm                         |   1|   0|    1|          0|
    |ap_done_reg                       |   1|   0|    1|          0|
    |ap_enable_reg_pp0_iter1           |   1|   0|    1|          0|
    |ap_enable_reg_pp0_iter2           |   1|   0|    1|          0|
    |ap_loop_exit_ready_pp0_iter1_reg  |   1|   0|    1|          0|
    |hi_reg_356                        |  64|   0|   64|          0|
    |icmp_ln84_reg_342                 |   1|   0|    1|          0|
    |j_fu_66                           |   4|   0|    4|          0|
    |tmp_93_reg_361                    |   1|   0|    1|          0|
    |v_255_fu_70                       |  64|   0|   64|          0|
    +----------------------------------+----+----+-----+-----------+
    |Total                             | 139|   0|  139|          0|
    +----------------------------------+----+----+-----+-----------+



================================================================
== Interface
================================================================
* Summary: 
+--------------------+-----+-----+------------+------------------------------+--------------+
|      RTL Ports     | Dir | Bits|  Protocol  |         Source Object        |    C Type    |
+--------------------+-----+-----+------------+------------------------------+--------------+
|ap_clk              |   in|    1|  ap_ctrl_hs|  mul_Pipeline_VITIS_LOOP_84_3|  return value|
|ap_rst              |   in|    1|  ap_ctrl_hs|  mul_Pipeline_VITIS_LOOP_84_3|  return value|
|ap_start            |   in|    1|  ap_ctrl_hs|  mul_Pipeline_VITIS_LOOP_84_3|  return value|
|ap_done             |  out|    1|  ap_ctrl_hs|  mul_Pipeline_VITIS_LOOP_84_3|  return value|
|ap_idle             |  out|    1|  ap_ctrl_hs|  mul_Pipeline_VITIS_LOOP_84_3|  return value|
|ap_ready            |  out|    1|  ap_ctrl_hs|  mul_Pipeline_VITIS_LOOP_84_3|  return value|
|v                   |   in|   64|     ap_none|                             v|        scalar|
|zext_ln81_24        |   in|    4|     ap_none|                  zext_ln81_24|        scalar|
|indvars_iv140       |   in|    4|     ap_none|                 indvars_iv140|        scalar|
|a_address0          |  out|    3|   ap_memory|                             a|         array|
|a_ce0               |  out|    1|   ap_memory|                             a|         array|
|a_q0                |   in|   64|   ap_memory|                             a|         array|
|empty               |   in|    3|     ap_none|                         empty|        scalar|
|b_address0          |  out|    3|   ap_memory|                             b|         array|
|b_ce0               |  out|    1|   ap_memory|                             b|         array|
|b_q0                |   in|   64|   ap_memory|                             b|         array|
|v_255_out           |  out|   64|      ap_vld|                     v_255_out|       pointer|
|v_255_out_ap_vld    |  out|    1|      ap_vld|                     v_255_out|       pointer|
|u_234_out_i         |   in|   64|     ap_ovld|                     u_234_out|       pointer|
|u_234_out_o         |  out|   64|     ap_ovld|                     u_234_out|       pointer|
|u_234_out_o_ap_vld  |  out|    1|     ap_ovld|                     u_234_out|       pointer|
|t_out_i             |   in|    4|     ap_ovld|                         t_out|       pointer|
|t_out_o             |  out|    4|     ap_ovld|                         t_out|       pointer|
|t_out_o_ap_vld      |  out|    1|     ap_ovld|                         t_out|       pointer|
+--------------------+-----+-----+------------+------------------------------+--------------+

============================================================
+ Verbose Summary: Synthesis Manager
============================================================
InlineROM: 1
ExposeGlobal: 0
============================================================
+ Verbose Summary: CDFG Model
============================================================
IsTopModel: 0
ResetActiveHigh: 1
IsCombinational: 2
IsDatapathOnly: 2
HasWiredReturn: 1
HasMFsm: 2
HasVarLatency: 1
IsPipeline: 0
IsRtlPipelined: 0
IsInstanceOverlapped: 0
IsDontTouch: 0
HasImplIP: 0
IsGatedGlobalClock: 0

+ Individual pipeline summary: 
  * Pipeline-0: initiation interval (II) = 1, depth = 3


============================================================
+ Verbose Summary: Schedule
============================================================
* Number of FSM states : 3
* Pipeline : 1
  Pipeline-0 : II = 1, D = 3, States = { 1 2 3 }
* Dataflow Pipeline: 0

* FSM state transitions: 
1 --> 2 
2 --> 3 
3 --> 

* FSM state operations: 

State 1 <SV = 0> <Delay = 1.67>
ST_1 : Operation 6 [1/1] (0.00ns)   --->   "%j = alloca i32 1" [src/generic/mpx_iface_tvu_mul.hpp:84]   --->   Operation 6 'alloca' 'j' <Predicate = true> <Delay = 0.00>
ST_1 : Operation 7 [1/1] (0.00ns)   --->   "%v_255 = alloca i32 1" [src/generic/mpx_iface_tvu_mul.hpp:138->src/generic/mpx_iface_tvu_mul.hpp:95]   --->   Operation 7 'alloca' 'v_255' <Predicate = true> <Delay = 0.00>
ST_1 : Operation 8 [1/1] (0.00ns)   --->   "%tmp = read i3 @_ssdm_op_Read.ap_auto.i3, i3 %empty"   --->   Operation 8 'read' 'tmp' <Predicate = true> <Delay = 0.00>
ST_1 : Operation 9 [1/1] (0.00ns)   --->   "%indvars_iv140_read = read i4 @_ssdm_op_Read.ap_auto.i4, i4 %indvars_iv140"   --->   Operation 9 'read' 'indvars_iv140_read' <Predicate = true> <Delay = 0.00>
ST_1 : Operation 10 [1/1] (0.00ns)   --->   "%zext_ln81_24_read = read i4 @_ssdm_op_Read.ap_auto.i4, i4 %zext_ln81_24"   --->   Operation 10 'read' 'zext_ln81_24_read' <Predicate = true> <Delay = 0.00>
ST_1 : Operation 11 [1/1] (0.00ns)   --->   "%v_read = read i64 @_ssdm_op_Read.ap_auto.i64, i64 %v"   --->   Operation 11 'read' 'v_read' <Predicate = true> <Delay = 0.00>
ST_1 : Operation 12 [1/1] (0.00ns)   --->   "%zext_ln81_24_cast = zext i4 %zext_ln81_24_read"   --->   Operation 12 'zext' 'zext_ln81_24_cast' <Predicate = true> <Delay = 0.00>
ST_1 : Operation 13 [1/1] (0.00ns)   --->   "%specmemcore_ln0 = specmemcore void @_ssdm_op_SpecMemCore, i64 %a, i64 666, i64 17, i64 18446744073709551615"   --->   Operation 13 'specmemcore' 'specmemcore_ln0' <Predicate = true> <Delay = 0.00>
ST_1 : Operation 14 [1/1] (0.00ns)   --->   "%specmemcore_ln0 = specmemcore void @_ssdm_op_SpecMemCore, i64 %b, i64 666, i64 17, i64 18446744073709551615"   --->   Operation 14 'specmemcore' 'specmemcore_ln0' <Predicate = true> <Delay = 0.00>
ST_1 : Operation 15 [1/1] (0.38ns)   --->   "%store_ln138 = store i64 %v_read, i64 %v_255" [src/generic/mpx_iface_tvu_mul.hpp:138->src/generic/mpx_iface_tvu_mul.hpp:95]   --->   Operation 15 'store' 'store_ln138' <Predicate = true> <Delay = 0.38>
ST_1 : Operation 16 [1/1] (0.38ns)   --->   "%store_ln138 = store i64 %zext_ln81_24_cast, i64 %u_234_out" [src/generic/mpx_iface_tvu_mul.hpp:138->src/generic/mpx_iface_tvu_mul.hpp:96]   --->   Operation 16 'store' 'store_ln138' <Predicate = true> <Delay = 0.38>
ST_1 : Operation 17 [1/1] (0.38ns)   --->   "%store_ln84 = store i4 0, i4 %j" [src/generic/mpx_iface_tvu_mul.hpp:84]   --->   Operation 17 'store' 'store_ln84' <Predicate = true> <Delay = 0.38>
ST_1 : Operation 18 [1/1] (0.38ns)   --->   "%store_ln77 = store i4 0, i4 %t_out" [src/generic/mpx_iface_tvu_mul.hpp:77]   --->   Operation 18 'store' 'store_ln77' <Predicate = true> <Delay = 0.38>
ST_1 : Operation 19 [1/1] (0.00ns)   --->   "%br_ln0 = br void %for.inc21"   --->   Operation 19 'br' 'br_ln0' <Predicate = true> <Delay = 0.00>
ST_1 : Operation 20 [1/1] (0.00ns)   --->   "%j_14 = load i4 %j" [src/generic/mpx_iface_tvu_mul.hpp:84]   --->   Operation 20 'load' 'j_14' <Predicate = true> <Delay = 0.00>
ST_1 : Operation 21 [1/1] (0.70ns)   --->   "%icmp_ln84 = icmp_eq  i4 %j_14, i4 %indvars_iv140_read" [src/generic/mpx_iface_tvu_mul.hpp:84]   --->   Operation 21 'icmp' 'icmp_ln84' <Predicate = true> <Delay = 0.70> <CoreInst = "Cmp">   --->   Core 9 'Cmp' <Latency = 0> <II = 1> <Delay = 0.70> <FuncUnit> <Opcode : 'seteq' 'setne' 'setle' 'setge' 'setlt' 'setgt'> <InPorts = 2> <OutPorts = 1>
ST_1 : Operation 22 [1/1] (0.70ns)   --->   "%add_ln84 = add i4 %j_14, i4 1" [src/generic/mpx_iface_tvu_mul.hpp:84]   --->   Operation 22 'add' 'add_ln84' <Predicate = true> <Delay = 0.70> <CoreInst = "Adder">   --->   Core 1 'Adder' <Latency = 0> <II = 1> <Delay = 0.70> <FuncUnit> <Opcode : 'add' 'sub'> <InPorts = 2> <OutPorts = 1>
ST_1 : Operation 23 [1/1] (0.00ns)   --->   "%br_ln84 = br i1 %icmp_ln84, void %for.inc21.split, void %for.inc26.exitStub" [src/generic/mpx_iface_tvu_mul.hpp:84]   --->   Operation 23 'br' 'br_ln84' <Predicate = true> <Delay = 0.00>
ST_1 : Operation 24 [1/1] (0.00ns)   --->   "%zext_ln84 = zext i4 %j_14" [src/generic/mpx_iface_tvu_mul.hpp:84]   --->   Operation 24 'zext' 'zext_ln84' <Predicate = (!icmp_ln84)> <Delay = 0.00>
ST_1 : Operation 25 [1/1] (0.00ns)   --->   "%a_addr = getelementptr i64 %a, i64 0, i64 %zext_ln84" [src/generic/mpx_iface_tvu_mul.hpp:90]   --->   Operation 25 'getelementptr' 'a_addr' <Predicate = (!icmp_ln84)> <Delay = 0.00>
ST_1 : Operation 26 [1/1] (0.00ns)   --->   "%trunc_ln84 = trunc i4 %j_14" [src/generic/mpx_iface_tvu_mul.hpp:84]   --->   Operation 26 'trunc' 'trunc_ln84' <Predicate = (!icmp_ln84)> <Delay = 0.00>
ST_1 : Operation 27 [2/2] (0.71ns)   --->   "%a_load = load i3 %a_addr" [src/generic/mpx_iface_tvu_mul.hpp:90]   --->   Operation 27 'load' 'a_load' <Predicate = (!icmp_ln84)> <Delay = 0.71> <CoreInst = "RAM_1P">   --->   Core 87 'RAM_1P' <Latency = 1> <II = 1> <Delay = 0.71> <Storage> <Opcode : 'load' 'store'> <Ports = 1> <Width = 64> <Depth = 8> <RAM>
ST_1 : Operation 28 [1/1] (0.57ns)   --->   "%sub_ln90 = sub i3 %tmp, i3 %trunc_ln84" [src/generic/mpx_iface_tvu_mul.hpp:90]   --->   Operation 28 'sub' 'sub_ln90' <Predicate = (!icmp_ln84)> <Delay = 0.57> <CoreInst = "Adder">   --->   Core 1 'Adder' <Latency = 0> <II = 1> <Delay = 0.57> <FuncUnit> <Opcode : 'add' 'sub'> <InPorts = 2> <OutPorts = 1>
ST_1 : Operation 29 [1/1] (0.00ns)   --->   "%zext_ln90_1 = zext i3 %sub_ln90" [src/generic/mpx_iface_tvu_mul.hpp:90]   --->   Operation 29 'zext' 'zext_ln90_1' <Predicate = (!icmp_ln84)> <Delay = 0.00>
ST_1 : Operation 30 [1/1] (0.00ns)   --->   "%b_addr = getelementptr i64 %b, i64 0, i64 %zext_ln90_1" [src/generic/mpx_iface_tvu_mul.hpp:90]   --->   Operation 30 'getelementptr' 'b_addr' <Predicate = (!icmp_ln84)> <Delay = 0.00>
ST_1 : Operation 31 [2/2] (0.71ns)   --->   "%b_load = load i3 %b_addr" [src/generic/mpx_iface_tvu_mul.hpp:90]   --->   Operation 31 'load' 'b_load' <Predicate = (!icmp_ln84)> <Delay = 0.71> <CoreInst = "RAM_1P">   --->   Core 87 'RAM_1P' <Latency = 1> <II = 1> <Delay = 0.71> <Storage> <Opcode : 'load' 'store'> <Ports = 1> <Width = 64> <Depth = 8> <RAM>
ST_1 : Operation 32 [1/1] (0.38ns)   --->   "%store_ln84 = store i4 %add_ln84, i4 %j" [src/generic/mpx_iface_tvu_mul.hpp:84]   --->   Operation 32 'store' 'store_ln84' <Predicate = (!icmp_ln84)> <Delay = 0.38>

State 2 <SV = 1> <Delay = 6.67>
ST_2 : Operation 33 [1/1] (0.00ns)   --->   "%v_255_load = load i64 %v_255" [src/generic/mpx_iface_tvu_mul.hpp:140->src/generic/mpx_iface_tvu_mul.hpp:95]   --->   Operation 33 'load' 'v_255_load' <Predicate = true> <Delay = 0.00>
ST_2 : Operation 34 [1/2] ( I:0.71ns O:0.71ns )   --->   "%a_load = load i3 %a_addr" [src/generic/mpx_iface_tvu_mul.hpp:90]   --->   Operation 34 'load' 'a_load' <Predicate = true> <Delay = 0.71> <CoreInst = "RAM_1P">   --->   Core 87 'RAM_1P' <Latency = 1> <II = 1> <Delay = 0.71> <Storage> <Opcode : 'load' 'store'> <Ports = 1> <Width = 64> <Depth = 8> <RAM>
ST_2 : Operation 35 [1/1] (0.00ns)   --->   "%zext_ln90 = zext i64 %a_load" [src/generic/mpx_iface_tvu_mul.hpp:90]   --->   Operation 35 'zext' 'zext_ln90' <Predicate = true> <Delay = 0.00>
ST_2 : Operation 36 [1/2] ( I:0.71ns O:0.71ns )   --->   "%b_load = load i3 %b_addr" [src/generic/mpx_iface_tvu_mul.hpp:90]   --->   Operation 36 'load' 'b_load' <Predicate = true> <Delay = 0.71> <CoreInst = "RAM_1P">   --->   Core 87 'RAM_1P' <Latency = 1> <II = 1> <Delay = 0.71> <Storage> <Opcode : 'load' 'store'> <Ports = 1> <Width = 64> <Depth = 8> <RAM>
ST_2 : Operation 37 [1/1] (0.00ns)   --->   "%zext_ln90_2 = zext i64 %b_load" [src/generic/mpx_iface_tvu_mul.hpp:90]   --->   Operation 37 'zext' 'zext_ln90_2' <Predicate = true> <Delay = 0.00>
ST_2 : Operation 38 [1/1] (4.43ns)   --->   "%prod = mul i128 %zext_ln90_2, i128 %zext_ln90" [src/generic/mpx_iface_tvu_mul.hpp:90]   --->   Operation 38 'mul' 'prod' <Predicate = true> <Delay = 4.43> <CoreInst = "Multiplier">   --->   Core 3 'Multiplier' <Latency = 0> <II = 1> <Delay = 4.43> <FuncUnit> <Opcode : 'mul'> <InPorts = 2> <OutPorts = 1>
ST_2 : Operation 39 [1/1] (0.00ns)   --->   "%lo = trunc i128 %prod" [src/generic/mpx_iface_tvu_mul.hpp:91]   --->   Operation 39 'trunc' 'lo' <Predicate = true> <Delay = 0.00>
ST_2 : Operation 40 [1/1] (0.00ns)   --->   "%hi = partselect i64 @_ssdm_op_PartSelect.i64.i128.i32, i128 %prod, i32 64" [src/generic/mpx_iface_tvu_mul.hpp:92]   --->   Operation 40 'partselect' 'hi' <Predicate = true> <Delay = 0.00>
ST_2 : Operation 41 [1/1] (0.00ns)   --->   "%zext_ln140 = zext i64 %lo" [src/generic/mpx_iface_tvu_mul.hpp:140->src/generic/mpx_iface_tvu_mul.hpp:95]   --->   Operation 41 'zext' 'zext_ln140' <Predicate = true> <Delay = 0.00>
ST_2 : Operation 42 [1/1] (0.00ns)   --->   "%zext_ln140_1 = zext i64 %v_255_load" [src/generic/mpx_iface_tvu_mul.hpp:140->src/generic/mpx_iface_tvu_mul.hpp:95]   --->   Operation 42 'zext' 'zext_ln140_1' <Predicate = true> <Delay = 0.00>
ST_2 : Operation 43 [1/1] (1.14ns)   --->   "%v_111 = add i64 %lo, i64 %v_255_load" [src/generic/mpx_iface_tvu_mul.hpp:140->src/generic/mpx_iface_tvu_mul.hpp:95]   --->   Operation 43 'add' 'v_111' <Predicate = true> <Delay = 1.14> <CoreInst = "Adder">   --->   Core 1 'Adder' <Latency = 0> <II = 1> <Delay = 1.14> <FuncUnit> <Opcode : 'add' 'sub'> <InPorts = 2> <OutPorts = 1>
ST_2 : Operation 44 [1/1] (1.14ns)   --->   "%sum = add i65 %zext_ln140, i65 %zext_ln140_1" [src/generic/mpx_iface_tvu_mul.hpp:140->src/generic/mpx_iface_tvu_mul.hpp:95]   --->   Operation 44 'add' 'sum' <Predicate = true> <Delay = 1.14> <CoreInst = "Adder">   --->   Core 1 'Adder' <Latency = 0> <II = 1> <Delay = 1.15> <FuncUnit> <Opcode : 'add' 'sub'> <InPorts = 2> <OutPorts = 1>
ST_2 : Operation 45 [1/1] (0.00ns)   --->   "%tmp_93 = bitselect i1 @_ssdm_op_BitSelect.i1.i65.i32, i65 %sum, i32 64" [src/generic/mpx_iface_tvu_mul.hpp:142->src/generic/mpx_iface_tvu_mul.hpp:95]   --->   Operation 45 'bitselect' 'tmp_93' <Predicate = true> <Delay = 0.00>
ST_2 : Operation 46 [1/1] (0.38ns)   --->   "%store_ln138 = store i64 %v_111, i64 %v_255" [src/generic/mpx_iface_tvu_mul.hpp:138->src/generic/mpx_iface_tvu_mul.hpp:95]   --->   Operation 46 'store' 'store_ln138' <Predicate = true> <Delay = 0.38>
ST_2 : Operation 64 [1/1] (0.00ns)   --->   "%v_255_load_1 = load i64 %v_255"   --->   Operation 64 'load' 'v_255_load_1' <Predicate = (icmp_ln84)> <Delay = 0.00>
ST_2 : Operation 65 [1/1] (0.00ns)   --->   "%write_ln0 = write void @_ssdm_op_Write.ap_auto.i64P0A, i64 %v_255_out, i64 %v_255_load_1"   --->   Operation 65 'write' 'write_ln0' <Predicate = (icmp_ln84)> <Delay = 0.00>
ST_2 : Operation 66 [1/1] (0.38ns)   --->   "%ret_ln0 = ret"   --->   Operation 66 'ret' 'ret_ln0' <Predicate = (icmp_ln84)> <Delay = 0.38>

State 3 <SV = 2> <Delay = 1.94>
ST_3 : Operation 47 [1/1] (0.00ns)   --->   "%t_out_load = load i4 %t_out" [src/generic/mpx_iface_tvu_mul.hpp:97]   --->   Operation 47 'load' 't_out_load' <Predicate = true> <Delay = 0.00>
ST_3 : Operation 48 [1/1] (0.00ns)   --->   "%u_234_out_load = load i64 %u_234_out" [src/generic/mpx_iface_tvu_mul.hpp:140->src/generic/mpx_iface_tvu_mul.hpp:96]   --->   Operation 48 'load' 'u_234_out_load' <Predicate = true> <Delay = 0.00>
ST_3 : Operation 49 [1/1] (0.00ns)   --->   "%specpipeline_ln87 = specpipeline void @_ssdm_op_SpecPipeline, i32 1, i32 0, i32 0, i32 0, void @empty_102" [src/generic/mpx_iface_tvu_mul.hpp:87]   --->   Operation 49 'specpipeline' 'specpipeline_ln87' <Predicate = true> <Delay = 0.00>
ST_3 : Operation 50 [1/1] (0.00ns)   --->   "%speclooptripcount_ln86 = speclooptripcount void @_ssdm_op_SpecLoopTripCount, i64 1, i64 8, i64 4" [src/generic/mpx_iface_tvu_mul.hpp:86]   --->   Operation 50 'speclooptripcount' 'speclooptripcount_ln86' <Predicate = true> <Delay = 0.00>
ST_3 : Operation 51 [1/1] (0.00ns)   --->   "%specloopname_ln84 = specloopname void @_ssdm_op_SpecLoopName, void @empty_29" [src/generic/mpx_iface_tvu_mul.hpp:84]   --->   Operation 51 'specloopname' 'specloopname_ln84' <Predicate = true> <Delay = 0.00>
ST_3 : Operation 52 [1/1] (0.00ns)   --->   "%zext_ln140_2 = zext i64 %hi" [src/generic/mpx_iface_tvu_mul.hpp:140->src/generic/mpx_iface_tvu_mul.hpp:96]   --->   Operation 52 'zext' 'zext_ln140_2' <Predicate = true> <Delay = 0.00>
ST_3 : Operation 53 [1/1] (0.00ns)   --->   "%zext_ln140_3 = zext i64 %u_234_out_load" [src/generic/mpx_iface_tvu_mul.hpp:140->src/generic/mpx_iface_tvu_mul.hpp:96]   --->   Operation 53 'zext' 'zext_ln140_3' <Predicate = true> <Delay = 0.00>
ST_3 : Operation 54 [1/1] (0.00ns)   --->   "%zext_ln140_4 = zext i1 %tmp_93" [src/generic/mpx_iface_tvu_mul.hpp:140->src/generic/mpx_iface_tvu_mul.hpp:96]   --->   Operation 54 'zext' 'zext_ln140_4' <Predicate = true> <Delay = 0.00>
ST_3 : Operation 55 [1/1] (0.00ns) (grouped into TernaryAdder)   --->   "%add_ln140 = add i65 %zext_ln140_2, i65 %zext_ln140_3" [src/generic/mpx_iface_tvu_mul.hpp:140->src/generic/mpx_iface_tvu_mul.hpp:96]   --->   Operation 55 'add' 'add_ln140' <Predicate = true> <Delay = 0.00> <CoreInst = "TAddSub">   --->   Core 10 'TAddSub' <Latency = 0> <II = 1> <Delay = 0.42> <IPBlock> <Opcode : '' 'add' 'sub'> <InPorts = 3> <OutPorts = 1> <Sync> <CReg>
ST_3 : Operation 56 [1/1] (0.84ns) (root node of TernaryAdder)   --->   "%sum_1 = add i65 %add_ln140, i65 %zext_ln140_4" [src/generic/mpx_iface_tvu_mul.hpp:140->src/generic/mpx_iface_tvu_mul.hpp:96]   --->   Operation 56 'add' 'sum_1' <Predicate = true> <Delay = 0.84> <CoreInst = "TAddSub">   --->   Core 10 'TAddSub' <Latency = 0> <II = 1> <Delay = 0.42> <IPBlock> <Opcode : '' 'add' 'sub'> <InPorts = 3> <OutPorts = 1> <Sync> <CReg>
ST_3 : Operation 57 [1/1] (0.00ns)   --->   "%u = trunc i65 %sum_1" [src/generic/mpx_iface_tvu_mul.hpp:141->src/generic/mpx_iface_tvu_mul.hpp:96]   --->   Operation 57 'trunc' 'u' <Predicate = true> <Delay = 0.00>
ST_3 : Operation 58 [1/1] (0.00ns)   --->   "%tmp_94 = bitselect i1 @_ssdm_op_BitSelect.i1.i65.i32, i65 %sum_1, i32 64" [src/generic/mpx_iface_tvu_mul.hpp:142->src/generic/mpx_iface_tvu_mul.hpp:96]   --->   Operation 58 'bitselect' 'tmp_94' <Predicate = true> <Delay = 0.00>
ST_3 : Operation 59 [1/1] (0.00ns)   --->   "%zext_ln97 = zext i1 %tmp_94" [src/generic/mpx_iface_tvu_mul.hpp:97]   --->   Operation 59 'zext' 'zext_ln97' <Predicate = true> <Delay = 0.00>
ST_3 : Operation 60 [1/1] (0.70ns)   --->   "%t = add i4 %zext_ln97, i4 %t_out_load" [src/generic/mpx_iface_tvu_mul.hpp:97]   --->   Operation 60 'add' 't' <Predicate = true> <Delay = 0.70> <CoreInst = "Adder">   --->   Core 1 'Adder' <Latency = 0> <II = 1> <Delay = 0.70> <FuncUnit> <Opcode : 'add' 'sub'> <InPorts = 2> <OutPorts = 1>
ST_3 : Operation 61 [1/1] (0.38ns)   --->   "%store_ln138 = store i64 %u, i64 %u_234_out" [src/generic/mpx_iface_tvu_mul.hpp:138->src/generic/mpx_iface_tvu_mul.hpp:96]   --->   Operation 61 'store' 'store_ln138' <Predicate = true> <Delay = 0.38>
ST_3 : Operation 62 [1/1] (0.38ns)   --->   "%store_ln77 = store i4 %t, i4 %t_out" [src/generic/mpx_iface_tvu_mul.hpp:77]   --->   Operation 62 'store' 'store_ln77' <Predicate = true> <Delay = 0.38>
ST_3 : Operation 63 [1/1] (0.00ns)   --->   "%br_ln84 = br void %for.inc21" [src/generic/mpx_iface_tvu_mul.hpp:84]   --->   Operation 63 'br' 'br_ln84' <Predicate = true> <Delay = 0.00>


============================================================
+ Verbose Summary: Binding
============================================================
STG Binding: 
---------------- STG Properties BEGIN ----------------
- Is combinational: 0
- Is one-state seq: 0
- Is datapath-only: 0
- Is pipelined: 0
- Is top level: 0
Port [ Return ] is wired: 1; IO mode=ap_ctrl_hs:ce=0
Port [ v]:  wired=1; compound=0; hidden=0; nouse=0; global=0; static=0; extern=0; dir=0; type=0; pingpong=0; private_global=0; IO mode=ap_none:ce=0
Port [ zext_ln81_24]:  wired=1; compound=0; hidden=0; nouse=0; global=0; static=0; extern=0; dir=0; type=0; pingpong=0; private_global=0; IO mode=ap_none:ce=0
Port [ indvars_iv140]:  wired=1; compound=0; hidden=0; nouse=0; global=0; static=0; extern=0; dir=0; type=0; pingpong=0; private_global=0; IO mode=ap_none:ce=0
Port [ a]:  wired=1; compound=1; hidden=0; nouse=0; global=0; static=0; extern=0; dir=0; type=1; pingpong=0; private_global=0; MemPort=[1]; IO mode=ap_memory:ce=0
Port [ empty]:  wired=1; compound=0; hidden=0; nouse=0; global=0; static=0; extern=0; dir=0; type=0; pingpong=0; private_global=0; IO mode=ap_none:ce=0
Port [ b]:  wired=1; compound=1; hidden=0; nouse=0; global=0; static=0; extern=0; dir=0; type=1; pingpong=0; private_global=0; MemPort=[1]; IO mode=ap_memory:ce=0
Port [ v_255_out]:  wired=1; compound=0; hidden=0; nouse=0; global=0; static=0; extern=0; dir=1; type=0; pingpong=0; private_global=0; IO mode=ap_vld:ce=0
Port [ u_234_out]:  wired=1; compound=0; hidden=0; nouse=0; global=0; static=0; extern=0; dir=2; type=0; pingpong=0; private_global=0; IO mode=ap_ovld:ce=0
Port [ t_out]:  wired=1; compound=0; hidden=0; nouse=0; global=0; static=0; extern=0; dir=2; type=0; pingpong=0; private_global=0; IO mode=ap_ovld:ce=0
---------------- STG Properties END ------------------

---------------- Datapath Model BEGIN ----------------

<LifeTime>
<method=bitvector/>
j                      (alloca           ) [ 0100]
v_255                  (alloca           ) [ 0110]
tmp                    (read             ) [ 0000]
indvars_iv140_read     (read             ) [ 0000]
zext_ln81_24_read      (read             ) [ 0000]
v_read                 (read             ) [ 0000]
zext_ln81_24_cast      (zext             ) [ 0000]
specmemcore_ln0        (specmemcore      ) [ 0000]
specmemcore_ln0        (specmemcore      ) [ 0000]
store_ln138            (store            ) [ 0000]
store_ln138            (store            ) [ 0000]
store_ln84             (store            ) [ 0000]
store_ln77             (store            ) [ 0000]
br_ln0                 (br               ) [ 0000]
j_14                   (load             ) [ 0000]
icmp_ln84              (icmp             ) [ 0110]
add_ln84               (add              ) [ 0000]
br_ln84                (br               ) [ 0000]
zext_ln84              (zext             ) [ 0000]
a_addr                 (getelementptr    ) [ 0110]
trunc_ln84             (trunc            ) [ 0000]
sub_ln90               (sub              ) [ 0000]
zext_ln90_1            (zext             ) [ 0000]
b_addr                 (getelementptr    ) [ 0110]
store_ln84             (store            ) [ 0000]
v_255_load             (load             ) [ 0000]
a_load                 (load             ) [ 0000]
zext_ln90              (zext             ) [ 0000]
b_load                 (load             ) [ 0000]
zext_ln90_2            (zext             ) [ 0000]
prod                   (mul              ) [ 0000]
lo                     (trunc            ) [ 0000]
hi                     (partselect       ) [ 0101]
zext_ln140             (zext             ) [ 0000]
zext_ln140_1           (zext             ) [ 0000]
v_111                  (add              ) [ 0000]
sum                    (add              ) [ 0000]
tmp_93                 (bitselect        ) [ 0101]
store_ln138            (store            ) [ 0000]
t_out_load             (load             ) [ 0000]
u_234_out_load         (load             ) [ 0000]
specpipeline_ln87      (specpipeline     ) [ 0000]
speclooptripcount_ln86 (speclooptripcount) [ 0000]
specloopname_ln84      (specloopname     ) [ 0000]
zext_ln140_2           (zext             ) [ 0000]
zext_ln140_3           (zext             ) [ 0000]
zext_ln140_4           (zext             ) [ 0000]
add_ln140              (add              ) [ 0000]
sum_1                  (add              ) [ 0000]
u                      (trunc            ) [ 0000]
tmp_94                 (bitselect        ) [ 0000]
zext_ln97              (zext             ) [ 0000]
t                      (add              ) [ 0000]
store_ln138            (store            ) [ 0000]
store_ln77             (store            ) [ 0000]
br_ln84                (br               ) [ 0000]
v_255_load_1           (load             ) [ 0000]
write_ln0              (write            ) [ 0000]
ret_ln0                (ret              ) [ 0000]
</LifeTime>

<model>

<comp_list>
<comp id="0" class="1000" name="v">
<pin_list>
<pin id="1" dir="1" index="0" bw="1" slack="0"/>
</pin_list>
<bind>
<StgValue><ssdm name="v"/></StgValue>
</bind>
</comp>

<comp id="2" class="1000" name="zext_ln81_24">
<pin_list>
<pin id="3" dir="1" index="0" bw="1" slack="0"/>
</pin_list>
<bind>
<StgValue><ssdm name="zext_ln81_24"/></StgValue>
</bind>
</comp>

<comp id="4" class="1000" name="indvars_iv140">
<pin_list>
<pin id="5" dir="1" index="0" bw="1" slack="0"/>
</pin_list>
<bind>
<StgValue><ssdm name="indvars_iv140"/></StgValue>
</bind>
</comp>

<comp id="6" class="1000" name="a">
<pin_list>
<pin id="7" dir="1" index="0" bw="1" slack="0"/>
</pin_list>
<bind>
<StgValue><ssdm name="a"/><MemPortTyVec>1 </MemPortTyVec>
</StgValue>
</bind>
</comp>

<comp id="8" class="1000" name="empty">
<pin_list>
<pin id="9" dir="1" index="0" bw="1" slack="0"/>
</pin_list>
<bind>
<StgValue><ssdm name="empty"/></StgValue>
</bind>
</comp>

<comp id="10" class="1000" name="b">
<pin_list>
<pin id="11" dir="1" index="0" bw="1" slack="0"/>
</pin_list>
<bind>
<StgValue><ssdm name="b"/><MemPortTyVec>1 </MemPortTyVec>
</StgValue>
</bind>
</comp>

<comp id="12" class="1000" name="v_255_out">
<pin_list>
<pin id="13" dir="1" index="0" bw="1" slack="0"/>
</pin_list>
<bind>
<StgValue><ssdm name="v_255_out"/></StgValue>
</bind>
</comp>

<comp id="14" class="1000" name="u_234_out">
<pin_list>
<pin id="15" dir="1" index="0" bw="1" slack="0"/>
</pin_list>
<bind>
<StgValue><ssdm name="u_234_out"/></StgValue>
</bind>
</comp>

<comp id="16" class="1000" name="t_out">
<pin_list>
<pin id="17" dir="1" index="0" bw="1" slack="0"/>
</pin_list>
<bind>
<StgValue><ssdm name="t_out"/></StgValue>
</bind>
</comp>

<comp id="18" class="1001" name="const_18">
<pin_list>
<pin id="19" dir="1" index="0" bw="1" slack="0"/>
</pin_list>
<bind>
<StgValue><ssdm name=""/></StgValue>
</bind>
</comp>

<comp id="20" class="1001" name="const_20">
<pin_list>
<pin id="21" dir="1" index="0" bw="1" slack="0"/>
</pin_list>
<bind>
<StgValue><ssdm name="_ssdm_op_Read.ap_auto.i3"/></StgValue>
</bind>
</comp>

<comp id="22" class="1001" name="const_22">
<pin_list>
<pin id="23" dir="1" index="0" bw="1" slack="0"/>
</pin_list>
<bind>
<StgValue><ssdm name="_ssdm_op_Read.ap_auto.i4"/></StgValue>
</bind>
</comp>

<comp id="24" class="1001" name="const_24">
<pin_list>
<pin id="25" dir="1" index="0" bw="1" slack="0"/>
</pin_list>
<bind>
<StgValue><ssdm name="_ssdm_op_Read.ap_auto.i64"/></StgValue>
</bind>
</comp>

<comp id="26" class="1001" name="const_26">
<pin_list>
<pin id="27" dir="1" index="0" bw="1" slack="2147483647"/>
</pin_list>
<bind>
<StgValue><ssdm name="_ssdm_op_SpecMemCore"/></StgValue>
</bind>
</comp>

<comp id="28" class="1001" name="const_28">
<pin_list>
<pin id="29" dir="1" index="0" bw="1" slack="2147483647"/>
</pin_list>
<bind>
<StgValue><ssdm name=""/></StgValue>
</bind>
</comp>

<comp id="30" class="1001" name="const_30">
<pin_list>
<pin id="31" dir="1" index="0" bw="1" slack="2147483647"/>
</pin_list>
<bind>
<StgValue><ssdm name=""/></StgValue>
</bind>
</comp>

<comp id="32" class="1001" name="const_32">
<pin_list>
<pin id="33" dir="1" index="0" bw="1" slack="2147483647"/>
</pin_list>
<bind>
<StgValue><ssdm name=""/></StgValue>
</bind>
</comp>

<comp id="34" class="1001" name="const_34">
<pin_list>
<pin id="35" dir="1" index="0" bw="1" slack="0"/>
</pin_list>
<bind>
<StgValue><ssdm name=""/></StgValue>
</bind>
</comp>

<comp id="36" class="1001" name="const_36">
<pin_list>
<pin id="37" dir="1" index="0" bw="1" slack="0"/>
</pin_list>
<bind>
<StgValue><ssdm name=""/></StgValue>
</bind>
</comp>

<comp id="38" class="1001" name="const_38">
<pin_list>
<pin id="39" dir="1" index="0" bw="1" slack="0"/>
</pin_list>
<bind>
<StgValue><ssdm name=""/></StgValue>
</bind>
</comp>

<comp id="40" class="1001" name="const_40">
<pin_list>
<pin id="41" dir="1" index="0" bw="1" slack="0"/>
</pin_list>
<bind>
<StgValue><ssdm name="_ssdm_op_PartSelect.i64.i128.i32"/></StgValue>
</bind>
</comp>

<comp id="42" class="1001" name="const_42">
<pin_list>
<pin id="43" dir="1" index="0" bw="1" slack="0"/>
</pin_list>
<bind>
<StgValue><ssdm name=""/></StgValue>
</bind>
</comp>

<comp id="44" class="1001" name="const_44">
<pin_list>
<pin id="45" dir="1" index="0" bw="1" slack="0"/>
</pin_list>
<bind>
<StgValue><ssdm name="_ssdm_op_BitSelect.i1.i65.i32"/></StgValue>
</bind>
</comp>

<comp id="46" class="1001" name="const_46">
<pin_list>
<pin id="47" dir="1" index="0" bw="1" slack="2147483647"/>
</pin_list>
<bind>
<StgValue><ssdm name="_ssdm_op_SpecPipeline"/></StgValue>
</bind>
</comp>

<comp id="48" class="1001" name="const_48">
<pin_list>
<pin id="49" dir="1" index="0" bw="1" slack="2147483647"/>
</pin_list>
<bind>
<StgValue><ssdm name=""/></StgValue>
</bind>
</comp>

<comp id="50" class="1001" name="const_50">
<pin_list>
<pin id="51" dir="1" index="0" bw="1" slack="2147483647"/>
</pin_list>
<bind>
<StgValue><ssdm name="empty_102"/></StgValue>
</bind>
</comp>

<comp id="52" class="1001" name="const_52">
<pin_list>
<pin id="53" dir="1" index="0" bw="1" slack="2147483647"/>
</pin_list>
<bind>
<StgValue><ssdm name="_ssdm_op_SpecLoopTripCount"/></StgValue>
</bind>
</comp>

<comp id="54" class="1001" name="const_54">
<pin_list>
<pin id="55" dir="1" index="0" bw="1" slack="2147483647"/>
</pin_list>
<bind>
<StgValue><ssdm name=""/></StgValue>
</bind>
</comp>

<comp id="56" class="1001" name="const_56">
<pin_list>
<pin id="57" dir="1" index="0" bw="1" slack="2147483647"/>
</pin_list>
<bind>
<StgValue><ssdm name=""/></StgValue>
</bind>
</comp>

<comp id="58" class="1001" name="const_58">
<pin_list>
<pin id="59" dir="1" index="0" bw="1" slack="2147483647"/>
</pin_list>
<bind>
<StgValue><ssdm name=""/></StgValue>
</bind>
</comp>

<comp id="60" class="1001" name="const_60">
<pin_list>
<pin id="61" dir="1" index="0" bw="1" slack="2147483647"/>
</pin_list>
<bind>
<StgValue><ssdm name="_ssdm_op_SpecLoopName"/></StgValue>
</bind>
</comp>

<comp id="62" class="1001" name="const_62">
<pin_list>
<pin id="63" dir="1" index="0" bw="1" slack="2147483647"/>
</pin_list>
<bind>
<StgValue><ssdm name="empty_29"/></StgValue>
</bind>
</comp>

<comp id="64" class="1001" name="const_64">
<pin_list>
<pin id="65" dir="1" index="0" bw="1" slack="0"/>
</pin_list>
<bind>
<StgValue><ssdm name="_ssdm_op_Write.ap_auto.i64P0A"/></StgValue>
</bind>
</comp>

<comp id="66" class="1004" name="j_fu_66">
<pin_list>
<pin id="67" dir="0" index="0" bw="1" slack="0"/>
<pin id="68" dir="1" index="1" bw="4" slack="0"/>
</pin_list>
<bind>
<opcode="alloca(26) " fcode="alloca"/>
<opset="j/1 "/>
</bind>
</comp>

<comp id="70" class="1004" name="v_255_fu_70">
<pin_list>
<pin id="71" dir="0" index="0" bw="1" slack="0"/>
<pin id="72" dir="1" index="1" bw="64" slack="0"/>
</pin_list>
<bind>
<opcode="alloca(26) " fcode="alloca"/>
<opset="v_255/1 "/>
</bind>
</comp>

<comp id="74" class="1004" name="tmp_read_fu_74">
<pin_list>
<pin id="75" dir="0" index="0" bw="3" slack="0"/>
<pin id="76" dir="0" index="1" bw="3" slack="0"/>
<pin id="77" dir="1" index="2" bw="3" slack="0"/>
</pin_list>
<bind>
<opcode="read(1150) " fcode="read"/>
<opset="tmp/1 "/>
</bind>
</comp>

<comp id="80" class="1004" name="indvars_iv140_read_read_fu_80">
<pin_list>
<pin id="81" dir="0" index="0" bw="4" slack="0"/>
<pin id="82" dir="0" index="1" bw="4" slack="0"/>
<pin id="83" dir="1" index="2" bw="4" slack="0"/>
</pin_list>
<bind>
<opcode="read(1150) " fcode="read"/>
<opset="indvars_iv140_read/1 "/>
</bind>
</comp>

<comp id="86" class="1004" name="zext_ln81_24_read_read_fu_86">
<pin_list>
<pin id="87" dir="0" index="0" bw="4" slack="0"/>
<pin id="88" dir="0" index="1" bw="4" slack="0"/>
<pin id="89" dir="1" index="2" bw="4" slack="0"/>
</pin_list>
<bind>
<opcode="read(1150) " fcode="read"/>
<opset="zext_ln81_24_read/1 "/>
</bind>
</comp>

<comp id="92" class="1004" name="v_read_read_fu_92">
<pin_list>
<pin id="93" dir="0" index="0" bw="64" slack="0"/>
<pin id="94" dir="0" index="1" bw="64" slack="0"/>
<pin id="95" dir="1" index="2" bw="64" slack="0"/>
</pin_list>
<bind>
<opcode="read(1150) " fcode="read"/>
<opset="v_read/1 "/>
</bind>
</comp>

<comp id="98" class="1004" name="write_ln0_write_fu_98">
<pin_list>
<pin id="99" dir="0" index="0" bw="0" slack="0"/>
<pin id="100" dir="0" index="1" bw="64" slack="0"/>
<pin id="101" dir="0" index="2" bw="64" slack="0"/>
<pin id="102" dir="1" index="3" bw="0" slack="2147483647"/>
</pin_list>
<bind>
<opcode="write(1151) " fcode="write"/>
<opset="write_ln0/2 "/>
</bind>
</comp>

<comp id="105" class="1004" name="a_addr_gep_fu_105">
<pin_list>
<pin id="106" dir="0" index="0" bw="64" slack="0"/>
<pin id="107" dir="0" index="1" bw="1" slack="0"/>
<pin id="108" dir="0" index="2" bw="4" slack="0"/>
<pin id="109" dir="1" index="3" bw="3" slack="0"/>
</pin_list>
<bind>
<opcode="getelementptr(29) " fcode="getelementptr"/>
<opset="a_addr/1 "/>
</bind>
</comp>

<comp id="112" class="1004" name="grp_access_fu_112">
<pin_list>
<pin id="113" dir="0" index="0" bw="3" slack="0"/>
<pin id="114" dir="0" index="1" bw="64" slack="2147483647"/>
<pin id="115" dir="0" index="2" bw="0" slack="2147483647"/>
<pin id="116" dir="1" index="3" bw="64" slack="0"/>
</pin_list>
<bind>
<opcode="load(27) " fcode="load"/>
<opset="a_load/1 "/>
</bind>
</comp>

<comp id="118" class="1004" name="b_addr_gep_fu_118">
<pin_list>
<pin id="119" dir="0" index="0" bw="64" slack="0"/>
<pin id="120" dir="0" index="1" bw="1" slack="0"/>
<pin id="121" dir="0" index="2" bw="3" slack="0"/>
<pin id="122" dir="1" index="3" bw="3" slack="0"/>
</pin_list>
<bind>
<opcode="getelementptr(29) " fcode="getelementptr"/>
<opset="b_addr/1 "/>
</bind>
</comp>

<comp id="125" class="1004" name="grp_access_fu_125">
<pin_list>
<pin id="126" dir="0" index="0" bw="3" slack="0"/>
<pin id="127" dir="0" index="1" bw="64" slack="2147483647"/>
<pin id="128" dir="0" index="2" bw="0" slack="2147483647"/>
<pin id="129" dir="1" index="3" bw="64" slack="0"/>
</pin_list>
<bind>
<opcode="load(27) " fcode="load"/>
<opset="b_load/1 "/>
</bind>
</comp>

<comp id="131" class="1004" name="prod_fu_131">
<pin_list>
<pin id="132" dir="0" index="0" bw="64" slack="0"/>
<pin id="133" dir="0" index="1" bw="64" slack="0"/>
<pin id="134" dir="1" index="2" bw="128" slack="0"/>
</pin_list>
<bind>
<opcode="mul(12) " fcode="mul"/>
<opset="prod/2 "/>
</bind>
</comp>

<comp id="135" class="1004" name="zext_ln81_24_cast_fu_135">
<pin_list>
<pin id="136" dir="0" index="0" bw="4" slack="0"/>
<pin id="137" dir="1" index="1" bw="64" slack="0"/>
</pin_list>
<bind>
<opcode="zext(34) " fcode="zext"/>
<opset="zext_ln81_24_cast/1 "/>
</bind>
</comp>

<comp id="139" class="1004" name="store_ln138_store_fu_139">
<pin_list>
<pin id="140" dir="0" index="0" bw="64" slack="0"/>
<pin id="141" dir="0" index="1" bw="64" slack="0"/>
<pin id="142" dir="1" index="2" bw="0" slack="2147483647"/>
</pin_list>
<bind>
<opcode="store(28) " fcode="store"/>
<opset="store_ln138/1 "/>
</bind>
</comp>

<comp id="144" class="1004" name="store_ln138_store_fu_144">
<pin_list>
<pin id="145" dir="0" index="0" bw="4" slack="0"/>
<pin id="146" dir="0" index="1" bw="64" slack="0"/>
<pin id="147" dir="1" index="2" bw="0" slack="2147483647"/>
</pin_list>
<bind>
<opcode="store(28) " fcode="store"/>
<opset="store_ln138/1 "/>
</bind>
</comp>

<comp id="150" class="1004" name="store_ln84_store_fu_150">
<pin_list>
<pin id="151" dir="0" index="0" bw="1" slack="0"/>
<pin id="152" dir="0" index="1" bw="4" slack="0"/>
<pin id="153" dir="1" index="2" bw="0" slack="2147483647"/>
</pin_list>
<bind>
<opcode="store(28) " fcode="store"/>
<opset="store_ln84/1 "/>
</bind>
</comp>

<comp id="155" class="1004" name="store_ln77_store_fu_155">
<pin_list>
<pin id="156" dir="0" index="0" bw="1" slack="0"/>
<pin id="157" dir="0" index="1" bw="4" slack="0"/>
<pin id="158" dir="1" index="2" bw="0" slack="2147483647"/>
</pin_list>
<bind>
<opcode="store(28) " fcode="store"/>
<opset="store_ln77/1 "/>
</bind>
</comp>

<comp id="161" class="1004" name="j_14_load_fu_161">
<pin_list>
<pin id="162" dir="0" index="0" bw="4" slack="0"/>
<pin id="163" dir="1" index="1" bw="4" slack="0"/>
</pin_list>
<bind>
<opcode="load(27) " fcode="load"/>
<opset="j_14/1 "/>
</bind>
</comp>

<comp id="164" class="1004" name="icmp_ln84_fu_164">
<pin_list>
<pin id="165" dir="0" index="0" bw="4" slack="0"/>
<pin id="166" dir="0" index="1" bw="4" slack="0"/>
<pin id="167" dir="1" index="2" bw="1" slack="1"/>
</pin_list>
<bind>
<opcode="icmp(45) " fcode="icmp"/>
<opset="icmp_ln84/1 "/>
</bind>
</comp>

<comp id="170" class="1004" name="add_ln84_fu_170">
<pin_list>
<pin id="171" dir="0" index="0" bw="4" slack="0"/>
<pin id="172" dir="0" index="1" bw="1" slack="0"/>
<pin id="173" dir="1" index="2" bw="4" slack="0"/>
</pin_list>
<bind>
<opcode="add(8) " fcode="add"/>
<opset="add_ln84/1 "/>
</bind>
</comp>

<comp id="176" class="1004" name="zext_ln84_fu_176">
<pin_list>
<pin id="177" dir="0" index="0" bw="4" slack="0"/>
<pin id="178" dir="1" index="1" bw="64" slack="0"/>
</pin_list>
<bind>
<opcode="zext(34) " fcode="zext"/>
<opset="zext_ln84/1 "/>
</bind>
</comp>

<comp id="181" class="1004" name="trunc_ln84_fu_181">
<pin_list>
<pin id="182" dir="0" index="0" bw="4" slack="0"/>
<pin id="183" dir="1" index="1" bw="3" slack="0"/>
</pin_list>
<bind>
<opcode="trunc(33) " fcode="trunc"/>
<opset="trunc_ln84/1 "/>
</bind>
</comp>

<comp id="185" class="1004" name="sub_ln90_fu_185">
<pin_list>
<pin id="186" dir="0" index="0" bw="3" slack="0"/>
<pin id="187" dir="0" index="1" bw="3" slack="0"/>
<pin id="188" dir="1" index="2" bw="3" slack="0"/>
</pin_list>
<bind>
<opcode="sub(10) " fcode="sub"/>
<opset="sub_ln90/1 "/>
</bind>
</comp>

<comp id="191" class="1004" name="zext_ln90_1_fu_191">
<pin_list>
<pin id="192" dir="0" index="0" bw="3" slack="0"/>
<pin id="193" dir="1" index="1" bw="64" slack="0"/>
</pin_list>
<bind>
<opcode="zext(34) " fcode="zext"/>
<opset="zext_ln90_1/1 "/>
</bind>
</comp>

<comp id="196" class="1004" name="store_ln84_store_fu_196">
<pin_list>
<pin id="197" dir="0" index="0" bw="4" slack="0"/>
<pin id="198" dir="0" index="1" bw="4" slack="0"/>
<pin id="199" dir="1" index="2" bw="0" slack="2147483647"/>
</pin_list>
<bind>
<opcode="store(28) " fcode="store"/>
<opset="store_ln84/1 "/>
</bind>
</comp>

<comp id="201" class="1004" name="v_255_load_load_fu_201">
<pin_list>
<pin id="202" dir="0" index="0" bw="64" slack="1"/>
<pin id="203" dir="1" index="1" bw="64" slack="0"/>
</pin_list>
<bind>
<opcode="load(27) " fcode="load"/>
<opset="v_255_load/2 "/>
</bind>
</comp>

<comp id="204" class="1004" name="zext_ln90_fu_204">
<pin_list>
<pin id="205" dir="0" index="0" bw="64" slack="0"/>
<pin id="206" dir="1" index="1" bw="128" slack="0"/>
</pin_list>
<bind>
<opcode="zext(34) " fcode="zext"/>
<opset="zext_ln90/2 "/>
</bind>
</comp>

<comp id="209" class="1004" name="zext_ln90_2_fu_209">
<pin_list>
<pin id="210" dir="0" index="0" bw="64" slack="0"/>
<pin id="211" dir="1" index="1" bw="128" slack="0"/>
</pin_list>
<bind>
<opcode="zext(34) " fcode="zext"/>
<opset="zext_ln90_2/2 "/>
</bind>
</comp>

<comp id="214" class="1004" name="lo_fu_214">
<pin_list>
<pin id="215" dir="0" index="0" bw="128" slack="0"/>
<pin id="216" dir="1" index="1" bw="64" slack="0"/>
</pin_list>
<bind>
<opcode="trunc(33) " fcode="trunc"/>
<opset="lo/2 "/>
</bind>
</comp>

<comp id="218" class="1004" name="hi_fu_218">
<pin_list>
<pin id="219" dir="0" index="0" bw="64" slack="0"/>
<pin id="220" dir="0" index="1" bw="128" slack="0"/>
<pin id="221" dir="0" index="2" bw="8" slack="0"/>
<pin id="222" dir="1" index="3" bw="64" slack="1"/>
</pin_list>
<bind>
<opcode="partselect(1002) " fcode="partselect"/>
<opset="hi/2 "/>
</bind>
</comp>

<comp id="226" class="1004" name="zext_ln140_fu_226">
<pin_list>
<pin id="227" dir="0" index="0" bw="64" slack="0"/>
<pin id="228" dir="1" index="1" bw="65" slack="0"/>
</pin_list>
<bind>
<opcode="zext(34) " fcode="zext"/>
<opset="zext_ln140/2 "/>
</bind>
</comp>

<comp id="230" class="1004" name="zext_ln140_1_fu_230">
<pin_list>
<pin id="231" dir="0" index="0" bw="64" slack="0"/>
<pin id="232" dir="1" index="1" bw="65" slack="0"/>
</pin_list>
<bind>
<opcode="zext(34) " fcode="zext"/>
<opset="zext_ln140_1/2 "/>
</bind>
</comp>

<comp id="234" class="1004" name="v_111_fu_234">
<pin_list>
<pin id="235" dir="0" index="0" bw="64" slack="0"/>
<pin id="236" dir="0" index="1" bw="64" slack="0"/>
<pin id="237" dir="1" index="2" bw="64" slack="0"/>
</pin_list>
<bind>
<opcode="add(8) " fcode="add"/>
<opset="v_111/2 "/>
</bind>
</comp>

<comp id="240" class="1004" name="sum_fu_240">
<pin_list>
<pin id="241" dir="0" index="0" bw="64" slack="0"/>
<pin id="242" dir="0" index="1" bw="64" slack="0"/>
<pin id="243" dir="1" index="2" bw="65" slack="0"/>
</pin_list>
<bind>
<opcode="add(8) " fcode="add"/>
<opset="sum/2 "/>
</bind>
</comp>

<comp id="246" class="1004" name="tmp_93_fu_246">
<pin_list>
<pin id="247" dir="0" index="0" bw="1" slack="0"/>
<pin id="248" dir="0" index="1" bw="65" slack="0"/>
<pin id="249" dir="0" index="2" bw="8" slack="0"/>
<pin id="250" dir="1" index="3" bw="1" slack="1"/>
</pin_list>
<bind>
<opcode="bitselect(1000) " fcode="bitselect"/>
<opset="tmp_93/2 "/>
</bind>
</comp>

<comp id="254" class="1004" name="store_ln138_store_fu_254">
<pin_list>
<pin id="255" dir="0" index="0" bw="64" slack="0"/>
<pin id="256" dir="0" index="1" bw="64" slack="1"/>
<pin id="257" dir="1" index="2" bw="0" slack="2147483647"/>
</pin_list>
<bind>
<opcode="store(28) " fcode="store"/>
<opset="store_ln138/2 "/>
</bind>
</comp>

<comp id="259" class="1004" name="t_out_load_load_fu_259">
<pin_list>
<pin id="260" dir="0" index="0" bw="4" slack="0"/>
<pin id="261" dir="1" index="1" bw="4" slack="0"/>
</pin_list>
<bind>
<opcode="load(27) " fcode="load"/>
<opset="t_out_load/3 "/>
</bind>
</comp>

<comp id="263" class="1004" name="u_234_out_load_load_fu_263">
<pin_list>
<pin id="264" dir="0" index="0" bw="64" slack="0"/>
<pin id="265" dir="1" index="1" bw="64" slack="0"/>
</pin_list>
<bind>
<opcode="load(27) " fcode="load"/>
<opset="u_234_out_load/3 "/>
</bind>
</comp>

<comp id="267" class="1004" name="zext_ln140_2_fu_267">
<pin_list>
<pin id="268" dir="0" index="0" bw="64" slack="1"/>
<pin id="269" dir="1" index="1" bw="65" slack="0"/>
</pin_list>
<bind>
<opcode="zext(34) " fcode="zext"/>
<opset="zext_ln140_2/3 "/>
</bind>
</comp>

<comp id="270" class="1004" name="zext_ln140_3_fu_270">
<pin_list>
<pin id="271" dir="0" index="0" bw="64" slack="0"/>
<pin id="272" dir="1" index="1" bw="65" slack="0"/>
</pin_list>
<bind>
<opcode="zext(34) " fcode="zext"/>
<opset="zext_ln140_3/3 "/>
</bind>
</comp>

<comp id="274" class="1004" name="zext_ln140_4_fu_274">
<pin_list>
<pin id="275" dir="0" index="0" bw="1" slack="1"/>
<pin id="276" dir="1" index="1" bw="65" slack="0"/>
</pin_list>
<bind>
<opcode="zext(34) " fcode="zext"/>
<opset="zext_ln140_4/3 "/>
</bind>
</comp>

<comp id="277" class="1004" name="add_ln140_fu_277">
<pin_list>
<pin id="278" dir="0" index="0" bw="64" slack="0"/>
<pin id="279" dir="0" index="1" bw="64" slack="0"/>
<pin id="280" dir="1" index="2" bw="65" slack="0"/>
</pin_list>
<bind>
<opcode="add(8) " fcode="add"/>
<opset="add_ln140/3 "/>
</bind>
</comp>

<comp id="283" class="1004" name="sum_1_fu_283">
<pin_list>
<pin id="284" dir="0" index="0" bw="65" slack="0"/>
<pin id="285" dir="0" index="1" bw="1" slack="0"/>
<pin id="286" dir="1" index="2" bw="65" slack="0"/>
</pin_list>
<bind>
<opcode="add(8) " fcode="add"/>
<opset="sum_1/3 "/>
</bind>
</comp>

<comp id="289" class="1004" name="u_fu_289">
<pin_list>
<pin id="290" dir="0" index="0" bw="65" slack="0"/>
<pin id="291" dir="1" index="1" bw="64" slack="0"/>
</pin_list>
<bind>
<opcode="trunc(33) " fcode="trunc"/>
<opset="u/3 "/>
</bind>
</comp>

<comp id="293" class="1004" name="tmp_94_fu_293">
<pin_list>
<pin id="294" dir="0" index="0" bw="1" slack="0"/>
<pin id="295" dir="0" index="1" bw="65" slack="0"/>
<pin id="296" dir="0" index="2" bw="8" slack="0"/>
<pin id="297" dir="1" index="3" bw="1" slack="0"/>
</pin_list>
<bind>
<opcode="bitselect(1000) " fcode="bitselect"/>
<opset="tmp_94/3 "/>
</bind>
</comp>

<comp id="301" class="1004" name="zext_ln97_fu_301">
<pin_list>
<pin id="302" dir="0" index="0" bw="1" slack="0"/>
<pin id="303" dir="1" index="1" bw="4" slack="0"/>
</pin_list>
<bind>
<opcode="zext(34) " fcode="zext"/>
<opset="zext_ln97/3 "/>
</bind>
</comp>

<comp id="305" class="1004" name="t_fu_305">
<pin_list>
<pin id="306" dir="0" index="0" bw="1" slack="0"/>
<pin id="307" dir="0" index="1" bw="4" slack="0"/>
<pin id="308" dir="1" index="2" bw="4" slack="0"/>
</pin_list>
<bind>
<opcode="add(8) " fcode="add"/>
<opset="t/3 "/>
</bind>
</comp>

<comp id="311" class="1004" name="store_ln138_store_fu_311">
<pin_list>
<pin id="312" dir="0" index="0" bw="64" slack="0"/>
<pin id="313" dir="0" index="1" bw="64" slack="0"/>
<pin id="314" dir="1" index="2" bw="0" slack="2147483647"/>
</pin_list>
<bind>
<opcode="store(28) " fcode="store"/>
<opset="store_ln138/3 "/>
</bind>
</comp>

<comp id="317" class="1004" name="store_ln77_store_fu_317">
<pin_list>
<pin id="318" dir="0" index="0" bw="4" slack="0"/>
<pin id="319" dir="0" index="1" bw="4" slack="0"/>
<pin id="320" dir="1" index="2" bw="0" slack="2147483647"/>
</pin_list>
<bind>
<opcode="store(28) " fcode="store"/>
<opset="store_ln77/3 "/>
</bind>
</comp>

<comp id="323" class="1004" name="v_255_load_1_load_fu_323">
<pin_list>
<pin id="324" dir="0" index="0" bw="64" slack="1"/>
<pin id="325" dir="1" index="1" bw="64" slack="0"/>
</pin_list>
<bind>
<opcode="load(27) " fcode="load"/>
<opset="v_255_load_1/2 "/>
</bind>
</comp>

<comp id="327" class="1005" name="j_reg_327">
<pin_list>
<pin id="328" dir="0" index="0" bw="4" slack="0"/>
<pin id="329" dir="1" index="1" bw="4" slack="0"/>
</pin_list>
<bind>
<opset="j "/>
</bind>
</comp>

<comp id="334" class="1005" name="v_255_reg_334">
<pin_list>
<pin id="335" dir="0" index="0" bw="64" slack="0"/>
<pin id="336" dir="1" index="1" bw="64" slack="0"/>
</pin_list>
<bind>
<opset="v_255 "/>
</bind>
</comp>

<comp id="342" class="1005" name="icmp_ln84_reg_342">
<pin_list>
<pin id="343" dir="0" index="0" bw="1" slack="1"/>
<pin id="344" dir="1" index="1" bw="1" slack="2147483647"/>
</pin_list>
<bind>
<opset="icmp_ln84 "/>
</bind>
</comp>

<comp id="346" class="1005" name="a_addr_reg_346">
<pin_list>
<pin id="347" dir="0" index="0" bw="3" slack="1"/>
<pin id="348" dir="1" index="1" bw="3" slack="1"/>
</pin_list>
<bind>
<opset="a_addr "/>
</bind>
</comp>

<comp id="351" class="1005" name="b_addr_reg_351">
<pin_list>
<pin id="352" dir="0" index="0" bw="3" slack="1"/>
<pin id="353" dir="1" index="1" bw="3" slack="1"/>
</pin_list>
<bind>
<opset="b_addr "/>
</bind>
</comp>

<comp id="356" class="1005" name="hi_reg_356">
<pin_list>
<pin id="357" dir="0" index="0" bw="64" slack="1"/>
<pin id="358" dir="1" index="1" bw="64" slack="1"/>
</pin_list>
<bind>
<opset="hi "/>
</bind>
</comp>

<comp id="361" class="1005" name="tmp_93_reg_361">
<pin_list>
<pin id="362" dir="0" index="0" bw="1" slack="1"/>
<pin id="363" dir="1" index="1" bw="1" slack="1"/>
</pin_list>
<bind>
<opset="tmp_93 "/>
</bind>
</comp>

</comp_list>

<net_list>
<net id="69"><net_src comp="18" pin="0"/><net_sink comp="66" pin=0"/></net>

<net id="73"><net_src comp="18" pin="0"/><net_sink comp="70" pin=0"/></net>

<net id="78"><net_src comp="20" pin="0"/><net_sink comp="74" pin=0"/></net>

<net id="79"><net_src comp="8" pin="0"/><net_sink comp="74" pin=1"/></net>

<net id="84"><net_src comp="22" pin="0"/><net_sink comp="80" pin=0"/></net>

<net id="85"><net_src comp="4" pin="0"/><net_sink comp="80" pin=1"/></net>

<net id="90"><net_src comp="22" pin="0"/><net_sink comp="86" pin=0"/></net>

<net id="91"><net_src comp="2" pin="0"/><net_sink comp="86" pin=1"/></net>

<net id="96"><net_src comp="24" pin="0"/><net_sink comp="92" pin=0"/></net>

<net id="97"><net_src comp="0" pin="0"/><net_sink comp="92" pin=1"/></net>

<net id="103"><net_src comp="64" pin="0"/><net_sink comp="98" pin=0"/></net>

<net id="104"><net_src comp="12" pin="0"/><net_sink comp="98" pin=1"/></net>

<net id="110"><net_src comp="6" pin="0"/><net_sink comp="105" pin=0"/></net>

<net id="111"><net_src comp="38" pin="0"/><net_sink comp="105" pin=1"/></net>

<net id="117"><net_src comp="105" pin="3"/><net_sink comp="112" pin=0"/></net>

<net id="123"><net_src comp="10" pin="0"/><net_sink comp="118" pin=0"/></net>

<net id="124"><net_src comp="38" pin="0"/><net_sink comp="118" pin=1"/></net>

<net id="130"><net_src comp="118" pin="3"/><net_sink comp="125" pin=0"/></net>

<net id="138"><net_src comp="86" pin="2"/><net_sink comp="135" pin=0"/></net>

<net id="143"><net_src comp="92" pin="2"/><net_sink comp="139" pin=0"/></net>

<net id="148"><net_src comp="135" pin="1"/><net_sink comp="144" pin=0"/></net>

<net id="149"><net_src comp="14" pin="0"/><net_sink comp="144" pin=1"/></net>

<net id="154"><net_src comp="34" pin="0"/><net_sink comp="150" pin=0"/></net>

<net id="159"><net_src comp="34" pin="0"/><net_sink comp="155" pin=0"/></net>

<net id="160"><net_src comp="16" pin="0"/><net_sink comp="155" pin=1"/></net>

<net id="168"><net_src comp="161" pin="1"/><net_sink comp="164" pin=0"/></net>

<net id="169"><net_src comp="80" pin="2"/><net_sink comp="164" pin=1"/></net>

<net id="174"><net_src comp="161" pin="1"/><net_sink comp="170" pin=0"/></net>

<net id="175"><net_src comp="36" pin="0"/><net_sink comp="170" pin=1"/></net>

<net id="179"><net_src comp="161" pin="1"/><net_sink comp="176" pin=0"/></net>

<net id="180"><net_src comp="176" pin="1"/><net_sink comp="105" pin=2"/></net>

<net id="184"><net_src comp="161" pin="1"/><net_sink comp="181" pin=0"/></net>

<net id="189"><net_src comp="74" pin="2"/><net_sink comp="185" pin=0"/></net>

<net id="190"><net_src comp="181" pin="1"/><net_sink comp="185" pin=1"/></net>

<net id="194"><net_src comp="185" pin="2"/><net_sink comp="191" pin=0"/></net>

<net id="195"><net_src comp="191" pin="1"/><net_sink comp="118" pin=2"/></net>

<net id="200"><net_src comp="170" pin="2"/><net_sink comp="196" pin=0"/></net>

<net id="207"><net_src comp="112" pin="3"/><net_sink comp="204" pin=0"/></net>

<net id="208"><net_src comp="204" pin="1"/><net_sink comp="131" pin=1"/></net>

<net id="212"><net_src comp="125" pin="3"/><net_sink comp="209" pin=0"/></net>

<net id="213"><net_src comp="209" pin="1"/><net_sink comp="131" pin=0"/></net>

<net id="217"><net_src comp="131" pin="2"/><net_sink comp="214" pin=0"/></net>

<net id="223"><net_src comp="40" pin="0"/><net_sink comp="218" pin=0"/></net>

<net id="224"><net_src comp="131" pin="2"/><net_sink comp="218" pin=1"/></net>

<net id="225"><net_src comp="42" pin="0"/><net_sink comp="218" pin=2"/></net>

<net id="229"><net_src comp="214" pin="1"/><net_sink comp="226" pin=0"/></net>

<net id="233"><net_src comp="201" pin="1"/><net_sink comp="230" pin=0"/></net>

<net id="238"><net_src comp="214" pin="1"/><net_sink comp="234" pin=0"/></net>

<net id="239"><net_src comp="201" pin="1"/><net_sink comp="234" pin=1"/></net>

<net id="244"><net_src comp="226" pin="1"/><net_sink comp="240" pin=0"/></net>

<net id="245"><net_src comp="230" pin="1"/><net_sink comp="240" pin=1"/></net>

<net id="251"><net_src comp="44" pin="0"/><net_sink comp="246" pin=0"/></net>

<net id="252"><net_src comp="240" pin="2"/><net_sink comp="246" pin=1"/></net>

<net id="253"><net_src comp="42" pin="0"/><net_sink comp="246" pin=2"/></net>

<net id="258"><net_src comp="234" pin="2"/><net_sink comp="254" pin=0"/></net>

<net id="262"><net_src comp="16" pin="0"/><net_sink comp="259" pin=0"/></net>

<net id="266"><net_src comp="14" pin="0"/><net_sink comp="263" pin=0"/></net>

<net id="273"><net_src comp="263" pin="1"/><net_sink comp="270" pin=0"/></net>

<net id="281"><net_src comp="267" pin="1"/><net_sink comp="277" pin=0"/></net>

<net id="282"><net_src comp="270" pin="1"/><net_sink comp="277" pin=1"/></net>

<net id="287"><net_src comp="277" pin="2"/><net_sink comp="283" pin=0"/></net>

<net id="288"><net_src comp="274" pin="1"/><net_sink comp="283" pin=1"/></net>

<net id="292"><net_src comp="283" pin="2"/><net_sink comp="289" pin=0"/></net>

<net id="298"><net_src comp="44" pin="0"/><net_sink comp="293" pin=0"/></net>

<net id="299"><net_src comp="283" pin="2"/><net_sink comp="293" pin=1"/></net>

<net id="300"><net_src comp="42" pin="0"/><net_sink comp="293" pin=2"/></net>

<net id="304"><net_src comp="293" pin="3"/><net_sink comp="301" pin=0"/></net>

<net id="309"><net_src comp="301" pin="1"/><net_sink comp="305" pin=0"/></net>

<net id="310"><net_src comp="259" pin="1"/><net_sink comp="305" pin=1"/></net>

<net id="315"><net_src comp="289" pin="1"/><net_sink comp="311" pin=0"/></net>

<net id="316"><net_src comp="14" pin="0"/><net_sink comp="311" pin=1"/></net>

<net id="321"><net_src comp="305" pin="2"/><net_sink comp="317" pin=0"/></net>

<net id="322"><net_src comp="16" pin="0"/><net_sink comp="317" pin=1"/></net>

<net id="326"><net_src comp="323" pin="1"/><net_sink comp="98" pin=2"/></net>

<net id="330"><net_src comp="66" pin="1"/><net_sink comp="327" pin=0"/></net>

<net id="331"><net_src comp="327" pin="1"/><net_sink comp="150" pin=1"/></net>

<net id="332"><net_src comp="327" pin="1"/><net_sink comp="161" pin=0"/></net>

<net id="333"><net_src comp="327" pin="1"/><net_sink comp="196" pin=1"/></net>

<net id="337"><net_src comp="70" pin="1"/><net_sink comp="334" pin=0"/></net>

<net id="338"><net_src comp="334" pin="1"/><net_sink comp="139" pin=1"/></net>

<net id="339"><net_src comp="334" pin="1"/><net_sink comp="201" pin=0"/></net>

<net id="340"><net_src comp="334" pin="1"/><net_sink comp="254" pin=1"/></net>

<net id="341"><net_src comp="334" pin="1"/><net_sink comp="323" pin=0"/></net>

<net id="345"><net_src comp="164" pin="2"/><net_sink comp="342" pin=0"/></net>

<net id="349"><net_src comp="105" pin="3"/><net_sink comp="346" pin=0"/></net>

<net id="350"><net_src comp="346" pin="1"/><net_sink comp="112" pin=0"/></net>

<net id="354"><net_src comp="118" pin="3"/><net_sink comp="351" pin=0"/></net>

<net id="355"><net_src comp="351" pin="1"/><net_sink comp="125" pin=0"/></net>

<net id="359"><net_src comp="218" pin="3"/><net_sink comp="356" pin=0"/></net>

<net id="360"><net_src comp="356" pin="1"/><net_sink comp="267" pin=0"/></net>

<net id="364"><net_src comp="246" pin="3"/><net_sink comp="361" pin=0"/></net>

<net id="365"><net_src comp="361" pin="1"/><net_sink comp="274" pin=0"/></net>

</net_list>

</model> 
---------------- Datapath Model END ------------------

* FSMD analyzer results:
  - Output states:
	Port: a | {}
	Port: b | {}
	Port: v_255_out | {2 }
	Port: u_234_out | {1 3 }
	Port: t_out | {1 3 }
 - Input state : 
	Port: mul_Pipeline_VITIS_LOOP_84_3 : v | {1 }
	Port: mul_Pipeline_VITIS_LOOP_84_3 : zext_ln81_24 | {1 }
	Port: mul_Pipeline_VITIS_LOOP_84_3 : indvars_iv140 | {1 }
	Port: mul_Pipeline_VITIS_LOOP_84_3 : a | {1 2 }
	Port: mul_Pipeline_VITIS_LOOP_84_3 : empty | {1 }
	Port: mul_Pipeline_VITIS_LOOP_84_3 : b | {1 2 }
	Port: mul_Pipeline_VITIS_LOOP_84_3 : u_234_out | {3 }
	Port: mul_Pipeline_VITIS_LOOP_84_3 : t_out | {3 }
  - Chain level:
	State 1
		store_ln138 : 1
		store_ln84 : 1
		j_14 : 1
		icmp_ln84 : 2
		add_ln84 : 2
		br_ln84 : 3
		zext_ln84 : 2
		a_addr : 3
		trunc_ln84 : 2
		a_load : 4
		sub_ln90 : 3
		zext_ln90_1 : 4
		b_addr : 5
		b_load : 6
		store_ln84 : 3
	State 2
		zext_ln90 : 1
		zext_ln90_2 : 1
		prod : 2
		lo : 3
		hi : 3
		zext_ln140 : 4
		zext_ln140_1 : 1
		v_111 : 4
		sum : 5
		tmp_93 : 6
		store_ln138 : 5
		write_ln0 : 1
	State 3
		zext_ln140_3 : 1
		add_ln140 : 2
		sum_1 : 3
		u : 4
		tmp_94 : 4
		zext_ln97 : 5
		t : 6
		store_ln138 : 5
		store_ln77 : 7


============================================================
+ Verbose Summary: Datapath Resource usage 
============================================================

* Functional unit list:
|----------|-------------------------------|---------|---------|---------|
| Operation|        Functional Unit        |   DSP   |    FF   |   LUT   |
|----------|-------------------------------|---------|---------|---------|
|          |        add_ln84_fu_170        |    0    |    0    |    12   |
|          |          v_111_fu_234         |    0    |    0    |    71   |
|    add   |           sum_fu_240          |    0    |    0    |    71   |
|          |        add_ln140_fu_277       |    0    |    0    |    64   |
|          |          sum_1_fu_283         |    0    |    0    |    65   |
|          |            t_fu_305           |    0    |    0    |    12   |
|----------|-------------------------------|---------|---------|---------|
|    mul   |          prod_fu_131          |    16   |    0    |    45   |
|----------|-------------------------------|---------|---------|---------|
|   icmp   |        icmp_ln84_fu_164       |    0    |    0    |    12   |
|----------|-------------------------------|---------|---------|---------|
|    sub   |        sub_ln90_fu_185        |    0    |    0    |    10   |
|----------|-------------------------------|---------|---------|---------|
|          |         tmp_read_fu_74        |    0    |    0    |    0    |
|   read   | indvars_iv140_read_read_fu_80 |    0    |    0    |    0    |
|          |  zext_ln81_24_read_read_fu_86 |    0    |    0    |    0    |
|          |       v_read_read_fu_92       |    0    |    0    |    0    |
|----------|-------------------------------|---------|---------|---------|
|   write  |     write_ln0_write_fu_98     |    0    |    0    |    0    |
|----------|-------------------------------|---------|---------|---------|
|          |    zext_ln81_24_cast_fu_135   |    0    |    0    |    0    |
|          |        zext_ln84_fu_176       |    0    |    0    |    0    |
|          |       zext_ln90_1_fu_191      |    0    |    0    |    0    |
|          |        zext_ln90_fu_204       |    0    |    0    |    0    |
|          |       zext_ln90_2_fu_209      |    0    |    0    |    0    |
|   zext   |       zext_ln140_fu_226       |    0    |    0    |    0    |
|          |      zext_ln140_1_fu_230      |    0    |    0    |    0    |
|          |      zext_ln140_2_fu_267      |    0    |    0    |    0    |
|          |      zext_ln140_3_fu_270      |    0    |    0    |    0    |
|          |      zext_ln140_4_fu_274      |    0    |    0    |    0    |
|          |        zext_ln97_fu_301       |    0    |    0    |    0    |
|----------|-------------------------------|---------|---------|---------|
|          |       trunc_ln84_fu_181       |    0    |    0    |    0    |
|   trunc  |           lo_fu_214           |    0    |    0    |    0    |
|          |            u_fu_289           |    0    |    0    |    0    |
|----------|-------------------------------|---------|---------|---------|
|partselect|           hi_fu_218           |    0    |    0    |    0    |
|----------|-------------------------------|---------|---------|---------|
| bitselect|         tmp_93_fu_246         |    0    |    0    |    0    |
|          |         tmp_94_fu_293         |    0    |    0    |    0    |
|----------|-------------------------------|---------|---------|---------|
|   Total  |                               |    16   |    0    |   362   |
|----------|-------------------------------|---------|---------|---------|

Memories:
N/A

* Register list:
+-----------------+--------+
|                 |   FF   |
+-----------------+--------+
|  a_addr_reg_346 |    3   |
|  b_addr_reg_351 |    3   |
|    hi_reg_356   |   64   |
|icmp_ln84_reg_342|    1   |
|    j_reg_327    |    4   |
|  tmp_93_reg_361 |    1   |
|  v_255_reg_334  |   64   |
+-----------------+--------+
|      Total      |   140  |
+-----------------+--------+

* Multiplexer (MUX) list: 
|-------------------|------|------|------|--------||---------||---------||---------|
|        Comp       |  Pin | Size |  BW  | S x BW ||  Delay  ||    FF   ||   LUT   |
|-------------------|------|------|------|--------||---------||---------||---------|
| grp_access_fu_112 |  p0  |   2  |   3  |    6   ||    0    ||    9    |
| grp_access_fu_125 |  p0  |   2  |   3  |    6   ||    0    ||    9    |
|-------------------|------|------|------|--------||---------||---------||---------|
|       Total       |      |      |      |   12   ||  0.774  ||    0    ||    18   |
|-------------------|------|------|------|--------||---------||---------||---------|



* Summary:
+-----------+--------+--------+--------+--------+
|           |   DSP  |  Delay |   FF   |   LUT  |
+-----------+--------+--------+--------+--------+
|  Function |   16   |    -   |    0   |   362  |
|   Memory  |    -   |    -   |    -   |    -   |
|Multiplexer|    -   |    0   |    0   |   18   |
|  Register |    -   |    -   |   140  |    -   |
+-----------+--------+--------+--------+--------+
|   Total   |   16   |    0   |   140  |   380  |
+-----------+--------+--------+--------+--------+
