

================================================================
== Vitis HLS Report for 'mul_Pipeline_VITIS_LOOP_215_3'
================================================================
* Date:           Mon Oct 20 16:13:26 2025

* Version:        2024.2.2 (Build 6049644 on Mar  5 2025)
* Project:        sikep503_hls
* Solution:       solution1 (Vivado IP Flow Target)
* Product family: virtexuplus58g
* Target device:  xcvu29p-fsga2577-2L-e


================================================================
== Performance Estimates
================================================================
+ Timing: 
    * Summary: 
    +--------+----------+----------+------------+
    |  Clock |  Target  | Estimated| Uncertainty|
    +--------+----------+----------+------------+
    |ap_clk  |  10.00 ns|  7.130 ns|     2.70 ns|
    +--------+----------+----------+------------+

+ Latency: 
    * Summary: 
    +---------+---------+-----------+----------+-----+-----+------------------------------------------------+
    |  Latency (cycles) |  Latency (absolute)  |  Interval |                    Pipeline                    |
    |   min   |   max   |    min    |    max   | min | max |                      Type                      |
    +---------+---------+-----------+----------+-----+-----+------------------------------------------------+
    |        5|       11|  50.000 ns|  0.110 us|    4|   10|  loop auto-rewind stp (delay=0 clock cycles(s))|
    +---------+---------+-----------+----------+-----+-----+------------------------------------------------+

    + Detail: 
        * Instance: 
        N/A

        * Loop: 
        +--------------------+---------+---------+----------+-----------+-----------+-------+----------+
        |                    |  Latency (cycles) | Iteration|  Initiation Interval  |  Trip |          |
        |      Loop Name     |   min   |   max   |  Latency |  achieved |   target  | Count | Pipelined|
        +--------------------+---------+---------+----------+-----------+-----------+-------+----------+
        |- VITIS_LOOP_215_3  |        3|        9|         4|          2|          1|  1 ~ 4|       yes|
        +--------------------+---------+---------+----------+-----------+-----------+-------+----------+

============================================================
+ Verbose Summary: Synthesis Manager
============================================================
InlineROM: 1
ExposeGlobal: 0
============================================================
+ Verbose Summary: CDFG Model
============================================================
IsTopModel: 0
ResetActiveHigh: 1
IsCombinational: 0
IsDatapathOnly: 0
HasWiredReturn: 1
HasMFsm: 2
HasVarLatency: 1
IsPipeline: 0
IsRtlPipelined: 0
IsInstanceOverlapped: 0
IsDontTouch: 0
HasImplIP: 0
IsGatedGlobalClock: 0

+ Individual pipeline summary: 
  * Pipeline-0: initiation interval (II) = 2, depth = 5


============================================================
+ Verbose Summary: Schedule
============================================================
* Number of FSM states : 5
* Pipeline : 1
  Pipeline-0 : II = 2, D = 5, States = { 1 2 3 4 5 }
* Dataflow Pipeline: 0

* FSM state transitions: 
1 --> 2 
2 --> 3 
3 --> 4 
4 --> 5 
5 --> 

* FSM state operations: 

State 1 <SV = 0> <Delay = 0.38>
ST_1 : Operation 7 [1/1] (0.00ns)   --->   "%sum = alloca i32 1" [src/generic/mpx_comba_mul.hpp:213]   --->   Operation 7 'alloca' 'sum' <Predicate = true> <Delay = 0.00>
ST_1 : Operation 8 [1/1] (0.00ns)   --->   "%j_0796 = alloca i32 1"   --->   Operation 8 'alloca' 'j_0796' <Predicate = true> <Delay = 0.00>
ST_1 : Operation 9 [1/1] (0.00ns)   --->   "%indvars_iv7 = alloca i32 1"   --->   Operation 9 'alloca' 'indvars_iv7' <Predicate = true> <Delay = 0.00>
ST_1 : Operation 10 [1/1] (0.00ns)   --->   "%zext_ln207_24_read = read i3 @_ssdm_op_Read.ap_auto.i3, i3 %zext_ln207_24"   --->   Operation 10 'read' 'zext_ln207_24_read' <Predicate = true> <Delay = 0.00>
ST_1 : Operation 11 [1/1] (0.00ns)   --->   "%zext_ln215_read = read i2 @_ssdm_op_Read.ap_auto.i2, i2 %zext_ln215"   --->   Operation 11 'read' 'zext_ln215_read' <Predicate = true> <Delay = 0.00>
ST_1 : Operation 12 [1/1] (0.00ns)   --->   "%zext_ln207_read = read i132 @_ssdm_op_Read.ap_auto.i132, i132 %zext_ln207"   --->   Operation 12 'read' 'zext_ln207_read' <Predicate = true> <Delay = 0.00>
ST_1 : Operation 13 [1/1] (0.00ns)   --->   "%zext_ln210_read = read i3 @_ssdm_op_Read.ap_auto.i3, i3 %zext_ln210"   --->   Operation 13 'read' 'zext_ln210_read' <Predicate = true> <Delay = 0.00>
ST_1 : Operation 14 [1/1] (0.00ns)   --->   "%select_ln207_read = read i3 @_ssdm_op_Read.ap_auto.i3, i3 %select_ln207"   --->   Operation 14 'read' 'select_ln207_read' <Predicate = true> <Delay = 0.00>
ST_1 : Operation 15 [1/1] (0.00ns)   --->   "%zext_ln207_24_cast = zext i3 %zext_ln207_24_read"   --->   Operation 15 'zext' 'zext_ln207_24_cast' <Predicate = true> <Delay = 0.00>
ST_1 : Operation 16 [1/1] (0.00ns)   --->   "%zext_ln215_cast = zext i2 %zext_ln215_read"   --->   Operation 16 'zext' 'zext_ln215_cast' <Predicate = true> <Delay = 0.00>
ST_1 : Operation 17 [1/1] (0.00ns)   --->   "%zext_ln207_cast = zext i132 %zext_ln207_read"   --->   Operation 17 'zext' 'zext_ln207_cast' <Predicate = true> <Delay = 0.00>
ST_1 : Operation 18 [1/1] (0.00ns)   --->   "%zext_ln210_cast = zext i3 %zext_ln210_read"   --->   Operation 18 'zext' 'zext_ln210_cast' <Predicate = true> <Delay = 0.00>
ST_1 : Operation 19 [1/1] (0.00ns)   --->   "%specmemcore_ln0 = specmemcore void @_ssdm_op_SpecMemCore, i64 %a, i64 666, i64 17, i64 18446744073709551615"   --->   Operation 19 'specmemcore' 'specmemcore_ln0' <Predicate = true> <Delay = 0.00>
ST_1 : Operation 20 [1/1] (0.00ns)   --->   "%specmemcore_ln0 = specmemcore void @_ssdm_op_SpecMemCore, i64 %b, i64 666, i64 17, i64 18446744073709551615"   --->   Operation 20 'specmemcore' 'specmemcore_ln0' <Predicate = true> <Delay = 0.00>
ST_1 : Operation 21 [1/1] (0.38ns)   --->   "%store_ln0 = store i3 %select_ln207_read, i3 %indvars_iv7"   --->   Operation 21 'store' 'store_ln0' <Predicate = true> <Delay = 0.38>
ST_1 : Operation 22 [1/1] (0.38ns)   --->   "%store_ln0 = store i32 %zext_ln210_cast, i32 %j_0796"   --->   Operation 22 'store' 'store_ln0' <Predicate = true> <Delay = 0.38>
ST_1 : Operation 23 [1/1] (0.38ns)   --->   "%store_ln213 = store i260 %zext_ln207_cast, i260 %sum" [src/generic/mpx_comba_mul.hpp:213]   --->   Operation 23 'store' 'store_ln213' <Predicate = true> <Delay = 0.38>
ST_1 : Operation 24 [1/1] (0.00ns)   --->   "%br_ln0 = br void %for.body22"   --->   Operation 24 'br' 'br_ln0' <Predicate = true> <Delay = 0.00>

State 2 <SV = 1> <Delay = 1.66>
ST_2 : Operation 25 [1/1] (0.00ns)   --->   "%indvars_iv7_load = load i3 %indvars_iv7" [src/generic/mpx_comba_mul.hpp:215]   --->   Operation 25 'load' 'indvars_iv7_load' <Predicate = true> <Delay = 0.00>
ST_2 : Operation 26 [1/1] (0.57ns)   --->   "%icmp_ln215 = icmp_ugt  i3 %indvars_iv7_load, i3 %zext_ln215_cast" [src/generic/mpx_comba_mul.hpp:215]   --->   Operation 26 'icmp' 'icmp_ln215' <Predicate = true> <Delay = 0.57> <CoreInst = "Cmp">   --->   Core 9 'Cmp' <Latency = 0> <II = 1> <Delay = 0.57> <FuncUnit> <Opcode : 'seteq' 'setne' 'setle' 'setge' 'setlt' 'setgt'> <InPorts = 2> <OutPorts = 1>
ST_2 : Operation 27 [1/1] (0.00ns)   --->   "%br_ln215 = br i1 %icmp_ln215, void %for.body22.split_ifconv, void %for.end32.loopexit.exitStub" [src/generic/mpx_comba_mul.hpp:215]   --->   Operation 27 'br' 'br_ln215' <Predicate = true> <Delay = 0.00>
ST_2 : Operation 28 [1/1] (0.00ns)   --->   "%j_0796_load = load i32 %j_0796" [src/generic/mpx_comba_mul.hpp:89->src/generic/mpx_comba_mul.hpp:223]   --->   Operation 28 'load' 'j_0796_load' <Predicate = (!icmp_ln215)> <Delay = 0.00>
ST_2 : Operation 29 [1/1] (0.00ns)   --->   "%trunc_ln215 = trunc i32 %j_0796_load" [src/generic/mpx_comba_mul.hpp:215]   --->   Operation 29 'trunc' 'trunc_ln215' <Predicate = (!icmp_ln215)> <Delay = 0.00>
ST_2 : Operation 30 [1/1] (0.83ns)   --->   "%ib = sub i25 %zext_ln207_24_cast, i25 %trunc_ln215" [src/generic/mpx_comba_mul.hpp:89->src/generic/mpx_comba_mul.hpp:224]   --->   Operation 30 'sub' 'ib' <Predicate = (!icmp_ln215)> <Delay = 0.83> <CoreInst = "Adder">   --->   Core 1 'Adder' <Latency = 0> <II = 1> <Delay = 0.83> <FuncUnit> <Opcode : 'add' 'sub'> <InPorts = 2> <OutPorts = 1>
ST_2 : Operation 31 [1/1] (0.00ns)   --->   "%wi = bitconcatenate i26 @_ssdm_op_BitConcatenate.i26.i25.i1, i25 %trunc_ln215, i1 0" [src/generic/mpx_comba_mul.hpp:89->src/generic/mpx_comba_mul.hpp:223]   --->   Operation 31 'bitconcatenate' 'wi' <Predicate = (!icmp_ln215)> <Delay = 0.00>
ST_2 : Operation 32 [1/1] (0.00ns)   --->   "%tmp = partselect i23 @_ssdm_op_PartSelect.i23.i32.i32.i32, i32 %j_0796_load, i32 2, i32 24" [src/generic/mpx_comba_mul.hpp:90->src/generic/mpx_comba_mul.hpp:223]   --->   Operation 32 'partselect' 'tmp' <Predicate = (!icmp_ln215)> <Delay = 0.00>
ST_2 : Operation 33 [1/1] (0.82ns)   --->   "%icmp_ln90 = icmp_ne  i23 %tmp, i23 0" [src/generic/mpx_comba_mul.hpp:90->src/generic/mpx_comba_mul.hpp:223]   --->   Operation 33 'icmp' 'icmp_ln90' <Predicate = (!icmp_ln215)> <Delay = 0.82> <CoreInst = "Cmp">   --->   Core 9 'Cmp' <Latency = 0> <II = 1> <Delay = 0.82> <FuncUnit> <Opcode : 'seteq' 'setne' 'setle' 'setge' 'setlt' 'setgt'> <InPorts = 2> <OutPorts = 1>
ST_2 : Operation 34 [1/1] (0.00ns)   --->   "%zext_ln94 = zext i26 %wi" [src/generic/mpx_comba_mul.hpp:94->src/generic/mpx_comba_mul.hpp:223]   --->   Operation 34 'zext' 'zext_ln94' <Predicate = (!icmp_ln215)> <Delay = 0.00>
ST_2 : Operation 35 [1/1] (0.00ns)   --->   "%a_addr = getelementptr i64 %a, i64 0, i64 %zext_ln94" [src/generic/mpx_comba_mul.hpp:94->src/generic/mpx_comba_mul.hpp:223]   --->   Operation 35 'getelementptr' 'a_addr' <Predicate = (!icmp_ln215)> <Delay = 0.00>
ST_2 : Operation 36 [2/2] (0.71ns)   --->   "%lo = load i3 %a_addr" [src/generic/mpx_comba_mul.hpp:94->src/generic/mpx_comba_mul.hpp:223]   --->   Operation 36 'load' 'lo' <Predicate = (!icmp_ln215)> <Delay = 0.71> <CoreInst = "RAM_1P">   --->   Core 87 'RAM_1P' <Latency = 1> <II = 1> <Delay = 0.71> <Storage> <Opcode : 'load' 'store'> <Ports = 1> <Width = 64> <Depth = 8> <RAM>
ST_2 : Operation 37 [1/1] (0.00ns)   --->   "%trunc_ln89 = trunc i32 %j_0796_load" [src/generic/mpx_comba_mul.hpp:89->src/generic/mpx_comba_mul.hpp:223]   --->   Operation 37 'trunc' 'trunc_ln89' <Predicate = (!icmp_ln215)> <Delay = 0.00>
ST_2 : Operation 38 [1/1] (0.00ns)   --->   "%wi_2 = bitconcatenate i26 @_ssdm_op_BitConcatenate.i26.i25.i1, i25 %ib, i1 0" [src/generic/mpx_comba_mul.hpp:89->src/generic/mpx_comba_mul.hpp:224]   --->   Operation 38 'bitconcatenate' 'wi_2' <Predicate = (!icmp_ln215)> <Delay = 0.00>
ST_2 : Operation 39 [1/1] (0.00ns)   --->   "%tmp_93 = partselect i23 @_ssdm_op_PartSelect.i23.i25.i32.i32, i25 %ib, i32 2, i32 24" [src/generic/mpx_comba_mul.hpp:90->src/generic/mpx_comba_mul.hpp:224]   --->   Operation 39 'partselect' 'tmp_93' <Predicate = (!icmp_ln215)> <Delay = 0.00>
ST_2 : Operation 40 [1/1] (0.82ns)   --->   "%icmp_ln90_1 = icmp_ne  i23 %tmp_93, i23 0" [src/generic/mpx_comba_mul.hpp:90->src/generic/mpx_comba_mul.hpp:224]   --->   Operation 40 'icmp' 'icmp_ln90_1' <Predicate = (!icmp_ln215)> <Delay = 0.82> <CoreInst = "Cmp">   --->   Core 9 'Cmp' <Latency = 0> <II = 1> <Delay = 0.82> <FuncUnit> <Opcode : 'seteq' 'setne' 'setle' 'setge' 'setlt' 'setgt'> <InPorts = 2> <OutPorts = 1>
ST_2 : Operation 41 [1/1] (0.00ns)   --->   "%zext_ln94_2 = zext i26 %wi_2" [src/generic/mpx_comba_mul.hpp:94->src/generic/mpx_comba_mul.hpp:224]   --->   Operation 41 'zext' 'zext_ln94_2' <Predicate = (!icmp_ln215)> <Delay = 0.00>
ST_2 : Operation 42 [1/1] (0.00ns)   --->   "%b_addr = getelementptr i64 %b, i64 0, i64 %zext_ln94_2" [src/generic/mpx_comba_mul.hpp:94->src/generic/mpx_comba_mul.hpp:224]   --->   Operation 42 'getelementptr' 'b_addr' <Predicate = (!icmp_ln215)> <Delay = 0.00>
ST_2 : Operation 43 [2/2] (0.71ns)   --->   "%lo_2 = load i3 %b_addr" [src/generic/mpx_comba_mul.hpp:94->src/generic/mpx_comba_mul.hpp:224]   --->   Operation 43 'load' 'lo_2' <Predicate = (!icmp_ln215)> <Delay = 0.71> <CoreInst = "RAM_1P">   --->   Core 87 'RAM_1P' <Latency = 1> <II = 1> <Delay = 0.71> <Storage> <Opcode : 'load' 'store'> <Ports = 1> <Width = 64> <Depth = 8> <RAM>
ST_2 : Operation 44 [1/1] (0.00ns)   --->   "%trunc_ln89_1 = trunc i25 %ib" [src/generic/mpx_comba_mul.hpp:89->src/generic/mpx_comba_mul.hpp:224]   --->   Operation 44 'trunc' 'trunc_ln89_1' <Predicate = (!icmp_ln215)> <Delay = 0.00>
ST_2 : Operation 45 [1/1] (0.88ns)   --->   "%j = add i32 %j_0796_load, i32 1" [src/generic/mpx_comba_mul.hpp:215]   --->   Operation 45 'add' 'j' <Predicate = (!icmp_ln215)> <Delay = 0.88> <CoreInst = "Adder">   --->   Core 1 'Adder' <Latency = 0> <II = 1> <Delay = 0.88> <FuncUnit> <Opcode : 'add' 'sub'> <InPorts = 2> <OutPorts = 1>
ST_2 : Operation 46 [1/1] (0.57ns)   --->   "%add_ln215 = add i3 %indvars_iv7_load, i3 1" [src/generic/mpx_comba_mul.hpp:215]   --->   Operation 46 'add' 'add_ln215' <Predicate = (!icmp_ln215)> <Delay = 0.57> <CoreInst = "Adder">   --->   Core 1 'Adder' <Latency = 0> <II = 1> <Delay = 0.57> <FuncUnit> <Opcode : 'add' 'sub'> <InPorts = 2> <OutPorts = 1>
ST_2 : Operation 47 [1/1] (0.38ns)   --->   "%store_ln215 = store i3 %add_ln215, i3 %indvars_iv7" [src/generic/mpx_comba_mul.hpp:215]   --->   Operation 47 'store' 'store_ln215' <Predicate = (!icmp_ln215)> <Delay = 0.38>
ST_2 : Operation 48 [1/1] (0.38ns)   --->   "%store_ln215 = store i32 %j, i32 %j_0796" [src/generic/mpx_comba_mul.hpp:215]   --->   Operation 48 'store' 'store_ln215' <Predicate = (!icmp_ln215)> <Delay = 0.38>

State 3 <SV = 2> <Delay = 0.71>
ST_3 : Operation 49 [1/2] ( I:0.71ns O:0.71ns )   --->   "%lo = load i3 %a_addr" [src/generic/mpx_comba_mul.hpp:94->src/generic/mpx_comba_mul.hpp:223]   --->   Operation 49 'load' 'lo' <Predicate = (!icmp_ln215)> <Delay = 0.71> <CoreInst = "RAM_1P">   --->   Core 87 'RAM_1P' <Latency = 1> <II = 1> <Delay = 0.71> <Storage> <Opcode : 'load' 'store'> <Ports = 1> <Width = 64> <Depth = 8> <RAM>
ST_3 : Operation 50 [1/1] (0.00ns)   --->   "%wi_1 = bitconcatenate i3 @_ssdm_op_BitConcatenate.i3.i2.i1, i2 %trunc_ln89, i1 1" [src/generic/mpx_comba_mul.hpp:89->src/generic/mpx_comba_mul.hpp:223]   --->   Operation 50 'bitconcatenate' 'wi_1' <Predicate = (!icmp_ln215 & !icmp_ln90)> <Delay = 0.00>
ST_3 : Operation 51 [1/1] (0.00ns)   --->   "%zext_ln94_1 = zext i3 %wi_1" [src/generic/mpx_comba_mul.hpp:94->src/generic/mpx_comba_mul.hpp:223]   --->   Operation 51 'zext' 'zext_ln94_1' <Predicate = (!icmp_ln215 & !icmp_ln90)> <Delay = 0.00>
ST_3 : Operation 52 [1/1] (0.00ns)   --->   "%a_addr_1 = getelementptr i64 %a, i64 0, i64 %zext_ln94_1" [src/generic/mpx_comba_mul.hpp:94->src/generic/mpx_comba_mul.hpp:223]   --->   Operation 52 'getelementptr' 'a_addr_1' <Predicate = (!icmp_ln215 & !icmp_ln90)> <Delay = 0.00>
ST_3 : Operation 53 [2/2] (0.71ns)   --->   "%lo_1 = load i3 %a_addr_1" [src/generic/mpx_comba_mul.hpp:94->src/generic/mpx_comba_mul.hpp:223]   --->   Operation 53 'load' 'lo_1' <Predicate = (!icmp_ln215 & !icmp_ln90)> <Delay = 0.71> <CoreInst = "RAM_1P">   --->   Core 87 'RAM_1P' <Latency = 1> <II = 1> <Delay = 0.71> <Storage> <Opcode : 'load' 'store'> <Ports = 1> <Width = 64> <Depth = 8> <RAM>
ST_3 : Operation 54 [1/2] ( I:0.71ns O:0.71ns )   --->   "%lo_2 = load i3 %b_addr" [src/generic/mpx_comba_mul.hpp:94->src/generic/mpx_comba_mul.hpp:224]   --->   Operation 54 'load' 'lo_2' <Predicate = (!icmp_ln215)> <Delay = 0.71> <CoreInst = "RAM_1P">   --->   Core 87 'RAM_1P' <Latency = 1> <II = 1> <Delay = 0.71> <Storage> <Opcode : 'load' 'store'> <Ports = 1> <Width = 64> <Depth = 8> <RAM>
ST_3 : Operation 55 [1/1] (0.00ns)   --->   "%wi_3 = bitconcatenate i3 @_ssdm_op_BitConcatenate.i3.i2.i1, i2 %trunc_ln89_1, i1 1" [src/generic/mpx_comba_mul.hpp:89->src/generic/mpx_comba_mul.hpp:224]   --->   Operation 55 'bitconcatenate' 'wi_3' <Predicate = (!icmp_ln215 & !icmp_ln90_1)> <Delay = 0.00>
ST_3 : Operation 56 [1/1] (0.00ns)   --->   "%zext_ln94_3 = zext i3 %wi_3" [src/generic/mpx_comba_mul.hpp:94->src/generic/mpx_comba_mul.hpp:224]   --->   Operation 56 'zext' 'zext_ln94_3' <Predicate = (!icmp_ln215 & !icmp_ln90_1)> <Delay = 0.00>
ST_3 : Operation 57 [1/1] (0.00ns)   --->   "%b_addr_1 = getelementptr i64 %b, i64 0, i64 %zext_ln94_3" [src/generic/mpx_comba_mul.hpp:94->src/generic/mpx_comba_mul.hpp:224]   --->   Operation 57 'getelementptr' 'b_addr_1' <Predicate = (!icmp_ln215 & !icmp_ln90_1)> <Delay = 0.00>
ST_3 : Operation 58 [2/2] (0.71ns)   --->   "%lo_3 = load i3 %b_addr_1" [src/generic/mpx_comba_mul.hpp:94->src/generic/mpx_comba_mul.hpp:224]   --->   Operation 58 'load' 'lo_3' <Predicate = (!icmp_ln215 & !icmp_ln90_1)> <Delay = 0.71> <CoreInst = "RAM_1P">   --->   Core 87 'RAM_1P' <Latency = 1> <II = 1> <Delay = 0.71> <Storage> <Opcode : 'load' 'store'> <Ports = 1> <Width = 64> <Depth = 8> <RAM>
ST_3 : Operation 76 [1/1] (0.00ns)   --->   "%sum_load = load i260 %sum"   --->   Operation 76 'load' 'sum_load' <Predicate = (icmp_ln215)> <Delay = 0.00>
ST_3 : Operation 77 [1/1] (0.00ns)   --->   "%write_ln0 = write void @_ssdm_op_Write.ap_auto.i260P0A, i260 %sum_19_out, i260 %sum_load"   --->   Operation 77 'write' 'write_ln0' <Predicate = (icmp_ln215)> <Delay = 0.00>
ST_3 : Operation 78 [1/1] (0.38ns)   --->   "%ret_ln0 = ret"   --->   Operation 78 'ret' 'ret_ln0' <Predicate = (icmp_ln215)> <Delay = 0.38>

State 4 <SV = 3> <Delay = 7.13>
ST_4 : Operation 59 [1/2] ( I:0.71ns O:0.71ns )   --->   "%lo_1 = load i3 %a_addr_1" [src/generic/mpx_comba_mul.hpp:94->src/generic/mpx_comba_mul.hpp:223]   --->   Operation 59 'load' 'lo_1' <Predicate = (!icmp_ln90)> <Delay = 0.71> <CoreInst = "RAM_1P">   --->   Core 87 'RAM_1P' <Latency = 1> <II = 1> <Delay = 0.71> <Storage> <Opcode : 'load' 'store'> <Ports = 1> <Width = 64> <Depth = 8> <RAM>
ST_4 : Operation 60 [1/1] (0.00ns)   --->   "%out = bitconcatenate i128 @_ssdm_op_BitConcatenate.i128.i64.i64, i64 %lo_1, i64 %lo" [src/generic/mpx_comba_mul.hpp:119->src/generic/mpx_comba_mul.hpp:223]   --->   Operation 60 'bitconcatenate' 'out' <Predicate = (!icmp_ln90)> <Delay = 0.00>
ST_4 : Operation 61 [1/1] (0.34ns)   --->   "%out_4 = select i1 %icmp_ln90, i128 0, i128 %out" [src/generic/mpx_comba_mul.hpp:90->src/generic/mpx_comba_mul.hpp:223]   --->   Operation 61 'select' 'out_4' <Predicate = true> <Delay = 0.34> <CoreInst = "Sel">   --->   Core 73 'Sel' <Latency = 0> <II = 1> <Delay = 0.34> <FuncUnit> <Opcode : 'select'> <InPorts = 3> <OutPorts = 1>
ST_4 : Operation 62 [1/2] ( I:0.71ns O:0.71ns )   --->   "%lo_3 = load i3 %b_addr_1" [src/generic/mpx_comba_mul.hpp:94->src/generic/mpx_comba_mul.hpp:224]   --->   Operation 62 'load' 'lo_3' <Predicate = (!icmp_ln90_1)> <Delay = 0.71> <CoreInst = "RAM_1P">   --->   Core 87 'RAM_1P' <Latency = 1> <II = 1> <Delay = 0.71> <Storage> <Opcode : 'load' 'store'> <Ports = 1> <Width = 64> <Depth = 8> <RAM>
ST_4 : Operation 63 [1/1] (0.00ns)   --->   "%out_2 = bitconcatenate i128 @_ssdm_op_BitConcatenate.i128.i64.i64, i64 %lo_3, i64 %lo_2" [src/generic/mpx_comba_mul.hpp:119->src/generic/mpx_comba_mul.hpp:224]   --->   Operation 63 'bitconcatenate' 'out_2' <Predicate = (!icmp_ln90_1)> <Delay = 0.00>
ST_4 : Operation 64 [1/1] (0.34ns)   --->   "%out_5 = select i1 %icmp_ln90_1, i128 0, i128 %out_2" [src/generic/mpx_comba_mul.hpp:90->src/generic/mpx_comba_mul.hpp:224]   --->   Operation 64 'select' 'out_5' <Predicate = true> <Delay = 0.34> <CoreInst = "Sel">   --->   Core 73 'Sel' <Latency = 0> <II = 1> <Delay = 0.34> <FuncUnit> <Opcode : 'select'> <InPorts = 3> <OutPorts = 1>
ST_4 : Operation 65 [1/1] (0.00ns)   --->   "%zext_ln226 = zext i128 %out_4" [src/generic/mpx_comba_mul.hpp:226]   --->   Operation 65 'zext' 'zext_ln226' <Predicate = true> <Delay = 0.00>
ST_4 : Operation 66 [1/1] (0.00ns)   --->   "%zext_ln226_1 = zext i128 %out_5" [src/generic/mpx_comba_mul.hpp:226]   --->   Operation 66 'zext' 'zext_ln226_1' <Predicate = true> <Delay = 0.00>
ST_4 : Operation 67 [1/1] (6.07ns)   --->   "%p = mul i256 %zext_ln226_1, i256 %zext_ln226" [src/generic/mpx_comba_mul.hpp:226]   --->   Operation 67 'mul' 'p' <Predicate = true> <Delay = 6.07> <CoreInst = "Multiplier">   --->   Core 3 'Multiplier' <Latency = 0> <II = 1> <Delay = 6.07> <FuncUnit> <Opcode : 'mul'> <InPorts = 2> <OutPorts = 1>

State 5 <SV = 4> <Delay = 2.45>
ST_5 : Operation 68 [1/1] (0.00ns)   --->   "%sum_load_1 = load i260 %sum" [src/generic/mpx_comba_mul.hpp:227]   --->   Operation 68 'load' 'sum_load_1' <Predicate = true> <Delay = 0.00>
ST_5 : Operation 69 [1/1] (0.00ns)   --->   "%specpipeline_ln216 = specpipeline void @_ssdm_op_SpecPipeline, i32 1, i32 0, i32 0, i32 0, void @empty_102" [src/generic/mpx_comba_mul.hpp:216]   --->   Operation 69 'specpipeline' 'specpipeline_ln216' <Predicate = true> <Delay = 0.00>
ST_5 : Operation 70 [1/1] (0.00ns)   --->   "%speclooptripcount_ln217 = speclooptripcount void @_ssdm_op_SpecLoopTripCount, i64 1, i64 4, i64 2" [src/generic/mpx_comba_mul.hpp:217]   --->   Operation 70 'speclooptripcount' 'speclooptripcount_ln217' <Predicate = true> <Delay = 0.00>
ST_5 : Operation 71 [1/1] (0.00ns)   --->   "%specloopname_ln215 = specloopname void @_ssdm_op_SpecLoopName, void @empty_29" [src/generic/mpx_comba_mul.hpp:215]   --->   Operation 71 'specloopname' 'specloopname_ln215' <Predicate = true> <Delay = 0.00>
ST_5 : Operation 72 [1/1] (0.00ns)   --->   "%zext_ln227 = zext i256 %p" [src/generic/mpx_comba_mul.hpp:227]   --->   Operation 72 'zext' 'zext_ln227' <Predicate = true> <Delay = 0.00>
ST_5 : Operation 73 [1/1] (2.06ns)   --->   "%sum_1 = add i260 %zext_ln227, i260 %sum_load_1" [src/generic/mpx_comba_mul.hpp:227]   --->   Operation 73 'add' 'sum_1' <Predicate = true> <Delay = 2.06> <CoreInst = "Adder">   --->   Core 1 'Adder' <Latency = 0> <II = 1> <Delay = 2.06> <FuncUnit> <Opcode : 'add' 'sub'> <InPorts = 2> <OutPorts = 1>
ST_5 : Operation 74 [1/1] (0.38ns)   --->   "%store_ln213 = store i260 %sum_1, i260 %sum" [src/generic/mpx_comba_mul.hpp:213]   --->   Operation 74 'store' 'store_ln213' <Predicate = true> <Delay = 0.38>
ST_5 : Operation 75 [1/1] (0.00ns)   --->   "%br_ln215 = br void %for.body22" [src/generic/mpx_comba_mul.hpp:215]   --->   Operation 75 'br' 'br_ln215' <Predicate = true> <Delay = 0.00>


============================================================
+ Verbose Summary: Binding
============================================================
STG Binding: 
---------------- STG Properties BEGIN ----------------
- Is combinational: 0
- Is one-state seq: 0
- Is datapath-only: 0
- Is pipelined: 0
- Is top level: 0
Port [ Return ] is wired: 1; IO mode=ap_ctrl_hs:ce=0
Port [ select_ln207]:  wired=1; compound=0; hidden=0; nouse=0; global=0; static=0; extern=0; dir=0; type=0; pingpong=0; private_global=0; IO mode=ap_none:ce=0
Port [ zext_ln210]:  wired=1; compound=0; hidden=0; nouse=0; global=0; static=0; extern=0; dir=0; type=0; pingpong=0; private_global=0; IO mode=ap_none:ce=0
Port [ zext_ln207]:  wired=1; compound=0; hidden=0; nouse=0; global=0; static=0; extern=0; dir=0; type=0; pingpong=0; private_global=0; IO mode=ap_none:ce=0
Port [ zext_ln215]:  wired=1; compound=0; hidden=0; nouse=0; global=0; static=0; extern=0; dir=0; type=0; pingpong=0; private_global=0; IO mode=ap_none:ce=0
Port [ zext_ln207_24]:  wired=1; compound=0; hidden=0; nouse=0; global=0; static=0; extern=0; dir=0; type=0; pingpong=0; private_global=0; IO mode=ap_none:ce=0
Port [ a]:  wired=1; compound=1; hidden=0; nouse=0; global=0; static=0; extern=0; dir=0; type=1; pingpong=0; private_global=0; MemPort=[1]; IO mode=ap_memory:ce=0
Port [ b]:  wired=1; compound=1; hidden=0; nouse=0; global=0; static=0; extern=0; dir=0; type=1; pingpong=0; private_global=0; MemPort=[1]; IO mode=ap_memory:ce=0
Port [ sum_19_out]:  wired=1; compound=0; hidden=0; nouse=0; global=0; static=0; extern=0; dir=1; type=0; pingpong=0; private_global=0; IO mode=ap_vld:ce=0
---------------- STG Properties END ------------------

---------------- Datapath Model BEGIN ----------------

<LifeTime>
<method=bitvector/>
sum                     (alloca           ) [ 011111]
j_0796                  (alloca           ) [ 011000]
indvars_iv7             (alloca           ) [ 011000]
zext_ln207_24_read      (read             ) [ 000000]
zext_ln215_read         (read             ) [ 000000]
zext_ln207_read         (read             ) [ 000000]
zext_ln210_read         (read             ) [ 000000]
select_ln207_read       (read             ) [ 000000]
zext_ln207_24_cast      (zext             ) [ 001000]
zext_ln215_cast         (zext             ) [ 001000]
zext_ln207_cast         (zext             ) [ 000000]
zext_ln210_cast         (zext             ) [ 000000]
specmemcore_ln0         (specmemcore      ) [ 000000]
specmemcore_ln0         (specmemcore      ) [ 000000]
store_ln0               (store            ) [ 000000]
store_ln0               (store            ) [ 000000]
store_ln213             (store            ) [ 000000]
br_ln0                  (br               ) [ 000000]
indvars_iv7_load        (load             ) [ 000000]
icmp_ln215              (icmp             ) [ 011100]
br_ln215                (br               ) [ 000000]
j_0796_load             (load             ) [ 000000]
trunc_ln215             (trunc            ) [ 000000]
ib                      (sub              ) [ 000000]
wi                      (bitconcatenate   ) [ 000000]
tmp                     (partselect       ) [ 000000]
icmp_ln90               (icmp             ) [ 011110]
zext_ln94               (zext             ) [ 000000]
a_addr                  (getelementptr    ) [ 010100]
trunc_ln89              (trunc            ) [ 010100]
wi_2                    (bitconcatenate   ) [ 000000]
tmp_93                  (partselect       ) [ 000000]
icmp_ln90_1             (icmp             ) [ 011110]
zext_ln94_2             (zext             ) [ 000000]
b_addr                  (getelementptr    ) [ 010100]
trunc_ln89_1            (trunc            ) [ 010100]
j                       (add              ) [ 000000]
add_ln215               (add              ) [ 000000]
store_ln215             (store            ) [ 000000]
store_ln215             (store            ) [ 000000]
lo                      (load             ) [ 001010]
wi_1                    (bitconcatenate   ) [ 000000]
zext_ln94_1             (zext             ) [ 000000]
a_addr_1                (getelementptr    ) [ 001010]
lo_2                    (load             ) [ 001010]
wi_3                    (bitconcatenate   ) [ 000000]
zext_ln94_3             (zext             ) [ 000000]
b_addr_1                (getelementptr    ) [ 001010]
lo_1                    (load             ) [ 000000]
out                     (bitconcatenate   ) [ 000000]
out_4                   (select           ) [ 000000]
lo_3                    (load             ) [ 000000]
out_2                   (bitconcatenate   ) [ 000000]
out_5                   (select           ) [ 000000]
zext_ln226              (zext             ) [ 000000]
zext_ln226_1            (zext             ) [ 000000]
p                       (mul              ) [ 010001]
sum_load_1              (load             ) [ 000000]
specpipeline_ln216      (specpipeline     ) [ 000000]
speclooptripcount_ln217 (speclooptripcount) [ 000000]
specloopname_ln215      (specloopname     ) [ 000000]
zext_ln227              (zext             ) [ 000000]
sum_1                   (add              ) [ 000000]
store_ln213             (store            ) [ 000000]
br_ln215                (br               ) [ 000000]
sum_load                (load             ) [ 000000]
write_ln0               (write            ) [ 000000]
ret_ln0                 (ret              ) [ 000000]
</LifeTime>

<model>

<comp_list>
<comp id="0" class="1000" name="select_ln207">
<pin_list>
<pin id="1" dir="1" index="0" bw="1" slack="0"/>
</pin_list>
<bind>
<StgValue><ssdm name="select_ln207"/></StgValue>
</bind>
</comp>

<comp id="2" class="1000" name="zext_ln210">
<pin_list>
<pin id="3" dir="1" index="0" bw="1" slack="0"/>
</pin_list>
<bind>
<StgValue><ssdm name="zext_ln210"/></StgValue>
</bind>
</comp>

<comp id="4" class="1000" name="zext_ln207">
<pin_list>
<pin id="5" dir="1" index="0" bw="1" slack="0"/>
</pin_list>
<bind>
<StgValue><ssdm name="zext_ln207"/></StgValue>
</bind>
</comp>

<comp id="6" class="1000" name="zext_ln215">
<pin_list>
<pin id="7" dir="1" index="0" bw="1" slack="0"/>
</pin_list>
<bind>
<StgValue><ssdm name="zext_ln215"/></StgValue>
</bind>
</comp>

<comp id="8" class="1000" name="zext_ln207_24">
<pin_list>
<pin id="9" dir="1" index="0" bw="1" slack="0"/>
</pin_list>
<bind>
<StgValue><ssdm name="zext_ln207_24"/></StgValue>
</bind>
</comp>

<comp id="10" class="1000" name="a">
<pin_list>
<pin id="11" dir="1" index="0" bw="1" slack="0"/>
</pin_list>
<bind>
<StgValue><ssdm name="a"/><MemPortTyVec>1 </MemPortTyVec>
</StgValue>
</bind>
</comp>

<comp id="12" class="1000" name="b">
<pin_list>
<pin id="13" dir="1" index="0" bw="1" slack="0"/>
</pin_list>
<bind>
<StgValue><ssdm name="b"/><MemPortTyVec>1 </MemPortTyVec>
</StgValue>
</bind>
</comp>

<comp id="14" class="1000" name="sum_19_out">
<pin_list>
<pin id="15" dir="1" index="0" bw="1" slack="0"/>
</pin_list>
<bind>
<StgValue><ssdm name="sum_19_out"/></StgValue>
</bind>
</comp>

<comp id="16" class="1001" name="const_16">
<pin_list>
<pin id="17" dir="1" index="0" bw="1" slack="0"/>
</pin_list>
<bind>
<StgValue><ssdm name=""/></StgValue>
</bind>
</comp>

<comp id="18" class="1001" name="const_18">
<pin_list>
<pin id="19" dir="1" index="0" bw="1" slack="0"/>
</pin_list>
<bind>
<StgValue><ssdm name="_ssdm_op_Read.ap_auto.i3"/></StgValue>
</bind>
</comp>

<comp id="20" class="1001" name="const_20">
<pin_list>
<pin id="21" dir="1" index="0" bw="1" slack="0"/>
</pin_list>
<bind>
<StgValue><ssdm name="_ssdm_op_Read.ap_auto.i2"/></StgValue>
</bind>
</comp>

<comp id="22" class="1001" name="const_22">
<pin_list>
<pin id="23" dir="1" index="0" bw="1" slack="0"/>
</pin_list>
<bind>
<StgValue><ssdm name="_ssdm_op_Read.ap_auto.i132"/></StgValue>
</bind>
</comp>

<comp id="24" class="1001" name="const_24">
<pin_list>
<pin id="25" dir="1" index="0" bw="1" slack="2147483647"/>
</pin_list>
<bind>
<StgValue><ssdm name="_ssdm_op_SpecMemCore"/></StgValue>
</bind>
</comp>

<comp id="26" class="1001" name="const_26">
<pin_list>
<pin id="27" dir="1" index="0" bw="1" slack="2147483647"/>
</pin_list>
<bind>
<StgValue><ssdm name=""/></StgValue>
</bind>
</comp>

<comp id="28" class="1001" name="const_28">
<pin_list>
<pin id="29" dir="1" index="0" bw="1" slack="2147483647"/>
</pin_list>
<bind>
<StgValue><ssdm name=""/></StgValue>
</bind>
</comp>

<comp id="30" class="1001" name="const_30">
<pin_list>
<pin id="31" dir="1" index="0" bw="1" slack="2147483647"/>
</pin_list>
<bind>
<StgValue><ssdm name=""/></StgValue>
</bind>
</comp>

<comp id="32" class="1001" name="const_32">
<pin_list>
<pin id="33" dir="1" index="0" bw="1" slack="0"/>
</pin_list>
<bind>
<StgValue><ssdm name="_ssdm_op_BitConcatenate.i26.i25.i1"/></StgValue>
</bind>
</comp>

<comp id="34" class="1001" name="const_34">
<pin_list>
<pin id="35" dir="1" index="0" bw="1" slack="0"/>
</pin_list>
<bind>
<StgValue><ssdm name=""/></StgValue>
</bind>
</comp>

<comp id="36" class="1001" name="const_36">
<pin_list>
<pin id="37" dir="1" index="0" bw="1" slack="0"/>
</pin_list>
<bind>
<StgValue><ssdm name="_ssdm_op_PartSelect.i23.i32.i32.i32"/></StgValue>
</bind>
</comp>

<comp id="38" class="1001" name="const_38">
<pin_list>
<pin id="39" dir="1" index="0" bw="1" slack="0"/>
</pin_list>
<bind>
<StgValue><ssdm name=""/></StgValue>
</bind>
</comp>

<comp id="40" class="1001" name="const_40">
<pin_list>
<pin id="41" dir="1" index="0" bw="1" slack="0"/>
</pin_list>
<bind>
<StgValue><ssdm name=""/></StgValue>
</bind>
</comp>

<comp id="42" class="1001" name="const_42">
<pin_list>
<pin id="43" dir="1" index="0" bw="1" slack="0"/>
</pin_list>
<bind>
<StgValue><ssdm name=""/></StgValue>
</bind>
</comp>

<comp id="44" class="1001" name="const_44">
<pin_list>
<pin id="45" dir="1" index="0" bw="1" slack="0"/>
</pin_list>
<bind>
<StgValue><ssdm name=""/></StgValue>
</bind>
</comp>

<comp id="46" class="1001" name="const_46">
<pin_list>
<pin id="47" dir="1" index="0" bw="1" slack="0"/>
</pin_list>
<bind>
<StgValue><ssdm name="_ssdm_op_PartSelect.i23.i25.i32.i32"/></StgValue>
</bind>
</comp>

<comp id="48" class="1001" name="const_48">
<pin_list>
<pin id="49" dir="1" index="0" bw="1" slack="0"/>
</pin_list>
<bind>
<StgValue><ssdm name=""/></StgValue>
</bind>
</comp>

<comp id="50" class="1001" name="const_50">
<pin_list>
<pin id="51" dir="1" index="0" bw="1" slack="0"/>
</pin_list>
<bind>
<StgValue><ssdm name="_ssdm_op_BitConcatenate.i3.i2.i1"/></StgValue>
</bind>
</comp>

<comp id="52" class="1001" name="const_52">
<pin_list>
<pin id="53" dir="1" index="0" bw="1" slack="0"/>
</pin_list>
<bind>
<StgValue><ssdm name=""/></StgValue>
</bind>
</comp>

<comp id="54" class="1001" name="const_54">
<pin_list>
<pin id="55" dir="1" index="0" bw="1" slack="0"/>
</pin_list>
<bind>
<StgValue><ssdm name="_ssdm_op_BitConcatenate.i128.i64.i64"/></StgValue>
</bind>
</comp>

<comp id="56" class="1001" name="const_56">
<pin_list>
<pin id="57" dir="1" index="0" bw="1" slack="0"/>
</pin_list>
<bind>
<StgValue><ssdm name=""/></StgValue>
</bind>
</comp>

<comp id="58" class="1001" name="const_58">
<pin_list>
<pin id="59" dir="1" index="0" bw="1" slack="2147483647"/>
</pin_list>
<bind>
<StgValue><ssdm name="_ssdm_op_SpecPipeline"/></StgValue>
</bind>
</comp>

<comp id="60" class="1001" name="const_60">
<pin_list>
<pin id="61" dir="1" index="0" bw="1" slack="2147483647"/>
</pin_list>
<bind>
<StgValue><ssdm name=""/></StgValue>
</bind>
</comp>

<comp id="62" class="1001" name="const_62">
<pin_list>
<pin id="63" dir="1" index="0" bw="1" slack="2147483647"/>
</pin_list>
<bind>
<StgValue><ssdm name="empty_102"/></StgValue>
</bind>
</comp>

<comp id="64" class="1001" name="const_64">
<pin_list>
<pin id="65" dir="1" index="0" bw="1" slack="2147483647"/>
</pin_list>
<bind>
<StgValue><ssdm name="_ssdm_op_SpecLoopTripCount"/></StgValue>
</bind>
</comp>

<comp id="66" class="1001" name="const_66">
<pin_list>
<pin id="67" dir="1" index="0" bw="1" slack="2147483647"/>
</pin_list>
<bind>
<StgValue><ssdm name=""/></StgValue>
</bind>
</comp>

<comp id="68" class="1001" name="const_68">
<pin_list>
<pin id="69" dir="1" index="0" bw="1" slack="2147483647"/>
</pin_list>
<bind>
<StgValue><ssdm name=""/></StgValue>
</bind>
</comp>

<comp id="70" class="1001" name="const_70">
<pin_list>
<pin id="71" dir="1" index="0" bw="1" slack="2147483647"/>
</pin_list>
<bind>
<StgValue><ssdm name=""/></StgValue>
</bind>
</comp>

<comp id="72" class="1001" name="const_72">
<pin_list>
<pin id="73" dir="1" index="0" bw="1" slack="2147483647"/>
</pin_list>
<bind>
<StgValue><ssdm name="_ssdm_op_SpecLoopName"/></StgValue>
</bind>
</comp>

<comp id="74" class="1001" name="const_74">
<pin_list>
<pin id="75" dir="1" index="0" bw="1" slack="2147483647"/>
</pin_list>
<bind>
<StgValue><ssdm name="empty_29"/></StgValue>
</bind>
</comp>

<comp id="76" class="1001" name="const_76">
<pin_list>
<pin id="77" dir="1" index="0" bw="1" slack="0"/>
</pin_list>
<bind>
<StgValue><ssdm name="_ssdm_op_Write.ap_auto.i260P0A"/></StgValue>
</bind>
</comp>

<comp id="78" class="1004" name="sum_fu_78">
<pin_list>
<pin id="79" dir="0" index="0" bw="1" slack="0"/>
<pin id="80" dir="1" index="1" bw="260" slack="0"/>
</pin_list>
<bind>
<opcode="alloca(26) " fcode="alloca"/>
<opset="sum/1 "/>
</bind>
</comp>

<comp id="82" class="1004" name="j_0796_fu_82">
<pin_list>
<pin id="83" dir="0" index="0" bw="1" slack="0"/>
<pin id="84" dir="1" index="1" bw="32" slack="0"/>
</pin_list>
<bind>
<opcode="alloca(26) " fcode="alloca"/>
<opset="j_0796/1 "/>
</bind>
</comp>

<comp id="86" class="1004" name="indvars_iv7_fu_86">
<pin_list>
<pin id="87" dir="0" index="0" bw="1" slack="0"/>
<pin id="88" dir="1" index="1" bw="3" slack="0"/>
</pin_list>
<bind>
<opcode="alloca(26) " fcode="alloca"/>
<opset="indvars_iv7/1 "/>
</bind>
</comp>

<comp id="90" class="1004" name="zext_ln207_24_read_read_fu_90">
<pin_list>
<pin id="91" dir="0" index="0" bw="3" slack="0"/>
<pin id="92" dir="0" index="1" bw="3" slack="0"/>
<pin id="93" dir="1" index="2" bw="3" slack="0"/>
</pin_list>
<bind>
<opcode="read(1150) " fcode="read"/>
<opset="zext_ln207_24_read/1 "/>
</bind>
</comp>

<comp id="96" class="1004" name="zext_ln215_read_read_fu_96">
<pin_list>
<pin id="97" dir="0" index="0" bw="2" slack="0"/>
<pin id="98" dir="0" index="1" bw="2" slack="0"/>
<pin id="99" dir="1" index="2" bw="2" slack="0"/>
</pin_list>
<bind>
<opcode="read(1150) " fcode="read"/>
<opset="zext_ln215_read/1 "/>
</bind>
</comp>

<comp id="102" class="1004" name="zext_ln207_read_read_fu_102">
<pin_list>
<pin id="103" dir="0" index="0" bw="132" slack="0"/>
<pin id="104" dir="0" index="1" bw="132" slack="0"/>
<pin id="105" dir="1" index="2" bw="132" slack="0"/>
</pin_list>
<bind>
<opcode="read(1150) " fcode="read"/>
<opset="zext_ln207_read/1 "/>
</bind>
</comp>

<comp id="108" class="1004" name="zext_ln210_read_read_fu_108">
<pin_list>
<pin id="109" dir="0" index="0" bw="3" slack="0"/>
<pin id="110" dir="0" index="1" bw="3" slack="0"/>
<pin id="111" dir="1" index="2" bw="3" slack="0"/>
</pin_list>
<bind>
<opcode="read(1150) " fcode="read"/>
<opset="zext_ln210_read/1 "/>
</bind>
</comp>

<comp id="114" class="1004" name="select_ln207_read_read_fu_114">
<pin_list>
<pin id="115" dir="0" index="0" bw="3" slack="0"/>
<pin id="116" dir="0" index="1" bw="3" slack="0"/>
<pin id="117" dir="1" index="2" bw="3" slack="0"/>
</pin_list>
<bind>
<opcode="read(1150) " fcode="read"/>
<opset="select_ln207_read/1 "/>
</bind>
</comp>

<comp id="120" class="1004" name="write_ln0_write_fu_120">
<pin_list>
<pin id="121" dir="0" index="0" bw="0" slack="0"/>
<pin id="122" dir="0" index="1" bw="260" slack="0"/>
<pin id="123" dir="0" index="2" bw="260" slack="0"/>
<pin id="124" dir="1" index="3" bw="0" slack="2147483647"/>
</pin_list>
<bind>
<opcode="write(1151) " fcode="write"/>
<opset="write_ln0/3 "/>
</bind>
</comp>

<comp id="127" class="1004" name="a_addr_gep_fu_127">
<pin_list>
<pin id="128" dir="0" index="0" bw="64" slack="0"/>
<pin id="129" dir="0" index="1" bw="1" slack="0"/>
<pin id="130" dir="0" index="2" bw="26" slack="0"/>
<pin id="131" dir="1" index="3" bw="3" slack="0"/>
</pin_list>
<bind>
<opcode="getelementptr(29) " fcode="getelementptr"/>
<opset="a_addr/2 "/>
</bind>
</comp>

<comp id="134" class="1004" name="grp_access_fu_134">
<pin_list>
<pin id="135" dir="0" index="0" bw="3" slack="0"/>
<pin id="136" dir="0" index="1" bw="64" slack="2147483647"/>
<pin id="137" dir="0" index="2" bw="0" slack="2147483647"/>
<pin id="138" dir="1" index="3" bw="64" slack="0"/>
</pin_list>
<bind>
<opcode="load(27) " fcode="load"/>
<opset="lo/2 lo_1/3 "/>
</bind>
</comp>

<comp id="140" class="1004" name="b_addr_gep_fu_140">
<pin_list>
<pin id="141" dir="0" index="0" bw="64" slack="0"/>
<pin id="142" dir="0" index="1" bw="1" slack="0"/>
<pin id="143" dir="0" index="2" bw="26" slack="0"/>
<pin id="144" dir="1" index="3" bw="3" slack="0"/>
</pin_list>
<bind>
<opcode="getelementptr(29) " fcode="getelementptr"/>
<opset="b_addr/2 "/>
</bind>
</comp>

<comp id="147" class="1004" name="grp_access_fu_147">
<pin_list>
<pin id="148" dir="0" index="0" bw="3" slack="0"/>
<pin id="149" dir="0" index="1" bw="64" slack="2147483647"/>
<pin id="150" dir="0" index="2" bw="0" slack="2147483647"/>
<pin id="151" dir="1" index="3" bw="64" slack="0"/>
</pin_list>
<bind>
<opcode="load(27) " fcode="load"/>
<opset="lo_2/2 lo_3/3 "/>
</bind>
</comp>

<comp id="153" class="1004" name="a_addr_1_gep_fu_153">
<pin_list>
<pin id="154" dir="0" index="0" bw="64" slack="0"/>
<pin id="155" dir="0" index="1" bw="1" slack="0"/>
<pin id="156" dir="0" index="2" bw="3" slack="0"/>
<pin id="157" dir="1" index="3" bw="3" slack="0"/>
</pin_list>
<bind>
<opcode="getelementptr(29) " fcode="getelementptr"/>
<opset="a_addr_1/3 "/>
</bind>
</comp>

<comp id="161" class="1004" name="b_addr_1_gep_fu_161">
<pin_list>
<pin id="162" dir="0" index="0" bw="64" slack="0"/>
<pin id="163" dir="0" index="1" bw="1" slack="0"/>
<pin id="164" dir="0" index="2" bw="3" slack="0"/>
<pin id="165" dir="1" index="3" bw="3" slack="0"/>
</pin_list>
<bind>
<opcode="getelementptr(29) " fcode="getelementptr"/>
<opset="b_addr_1/3 "/>
</bind>
</comp>

<comp id="169" class="1004" name="p_fu_169">
<pin_list>
<pin id="170" dir="0" index="0" bw="128" slack="0"/>
<pin id="171" dir="0" index="1" bw="128" slack="0"/>
<pin id="172" dir="1" index="2" bw="256" slack="1"/>
</pin_list>
<bind>
<opcode="mul(12) " fcode="mul"/>
<opset="p/4 "/>
</bind>
</comp>

<comp id="173" class="1004" name="zext_ln207_24_cast_fu_173">
<pin_list>
<pin id="174" dir="0" index="0" bw="3" slack="0"/>
<pin id="175" dir="1" index="1" bw="25" slack="1"/>
</pin_list>
<bind>
<opcode="zext(34) " fcode="zext"/>
<opset="zext_ln207_24_cast/1 "/>
</bind>
</comp>

<comp id="177" class="1004" name="zext_ln215_cast_fu_177">
<pin_list>
<pin id="178" dir="0" index="0" bw="2" slack="0"/>
<pin id="179" dir="1" index="1" bw="3" slack="1"/>
</pin_list>
<bind>
<opcode="zext(34) " fcode="zext"/>
<opset="zext_ln215_cast/1 "/>
</bind>
</comp>

<comp id="181" class="1004" name="zext_ln207_cast_fu_181">
<pin_list>
<pin id="182" dir="0" index="0" bw="132" slack="0"/>
<pin id="183" dir="1" index="1" bw="260" slack="0"/>
</pin_list>
<bind>
<opcode="zext(34) " fcode="zext"/>
<opset="zext_ln207_cast/1 "/>
</bind>
</comp>

<comp id="185" class="1004" name="zext_ln210_cast_fu_185">
<pin_list>
<pin id="186" dir="0" index="0" bw="3" slack="0"/>
<pin id="187" dir="1" index="1" bw="32" slack="0"/>
</pin_list>
<bind>
<opcode="zext(34) " fcode="zext"/>
<opset="zext_ln210_cast/1 "/>
</bind>
</comp>

<comp id="189" class="1004" name="store_ln0_store_fu_189">
<pin_list>
<pin id="190" dir="0" index="0" bw="3" slack="0"/>
<pin id="191" dir="0" index="1" bw="3" slack="0"/>
<pin id="192" dir="1" index="2" bw="0" slack="2147483647"/>
</pin_list>
<bind>
<opcode="store(28) " fcode="store"/>
<opset="store_ln0/1 "/>
</bind>
</comp>

<comp id="194" class="1004" name="store_ln0_store_fu_194">
<pin_list>
<pin id="195" dir="0" index="0" bw="3" slack="0"/>
<pin id="196" dir="0" index="1" bw="32" slack="0"/>
<pin id="197" dir="1" index="2" bw="0" slack="2147483647"/>
</pin_list>
<bind>
<opcode="store(28) " fcode="store"/>
<opset="store_ln0/1 "/>
</bind>
</comp>

<comp id="199" class="1004" name="store_ln213_store_fu_199">
<pin_list>
<pin id="200" dir="0" index="0" bw="132" slack="0"/>
<pin id="201" dir="0" index="1" bw="260" slack="0"/>
<pin id="202" dir="1" index="2" bw="0" slack="2147483647"/>
</pin_list>
<bind>
<opcode="store(28) " fcode="store"/>
<opset="store_ln213/1 "/>
</bind>
</comp>

<comp id="204" class="1004" name="indvars_iv7_load_load_fu_204">
<pin_list>
<pin id="205" dir="0" index="0" bw="3" slack="1"/>
<pin id="206" dir="1" index="1" bw="3" slack="0"/>
</pin_list>
<bind>
<opcode="load(27) " fcode="load"/>
<opset="indvars_iv7_load/2 "/>
</bind>
</comp>

<comp id="207" class="1004" name="icmp_ln215_fu_207">
<pin_list>
<pin id="208" dir="0" index="0" bw="3" slack="0"/>
<pin id="209" dir="0" index="1" bw="2" slack="1"/>
<pin id="210" dir="1" index="2" bw="1" slack="1"/>
</pin_list>
<bind>
<opcode="icmp(45) " fcode="icmp"/>
<opset="icmp_ln215/2 "/>
</bind>
</comp>

<comp id="212" class="1004" name="j_0796_load_load_fu_212">
<pin_list>
<pin id="213" dir="0" index="0" bw="32" slack="1"/>
<pin id="214" dir="1" index="1" bw="32" slack="0"/>
</pin_list>
<bind>
<opcode="load(27) " fcode="load"/>
<opset="j_0796_load/2 "/>
</bind>
</comp>

<comp id="215" class="1004" name="trunc_ln215_fu_215">
<pin_list>
<pin id="216" dir="0" index="0" bw="32" slack="0"/>
<pin id="217" dir="1" index="1" bw="25" slack="0"/>
</pin_list>
<bind>
<opcode="trunc(33) " fcode="trunc"/>
<opset="trunc_ln215/2 "/>
</bind>
</comp>

<comp id="219" class="1004" name="ib_fu_219">
<pin_list>
<pin id="220" dir="0" index="0" bw="3" slack="1"/>
<pin id="221" dir="0" index="1" bw="25" slack="0"/>
<pin id="222" dir="1" index="2" bw="25" slack="0"/>
</pin_list>
<bind>
<opcode="sub(10) " fcode="sub"/>
<opset="ib/2 "/>
</bind>
</comp>

<comp id="224" class="1004" name="wi_fu_224">
<pin_list>
<pin id="225" dir="0" index="0" bw="26" slack="0"/>
<pin id="226" dir="0" index="1" bw="25" slack="0"/>
<pin id="227" dir="0" index="2" bw="1" slack="0"/>
<pin id="228" dir="1" index="3" bw="26" slack="0"/>
</pin_list>
<bind>
<opcode="bitconcatenate(1004) " fcode="bitconcatenate"/>
<opset="wi/2 "/>
</bind>
</comp>

<comp id="232" class="1004" name="tmp_fu_232">
<pin_list>
<pin id="233" dir="0" index="0" bw="23" slack="0"/>
<pin id="234" dir="0" index="1" bw="32" slack="0"/>
<pin id="235" dir="0" index="2" bw="3" slack="0"/>
<pin id="236" dir="0" index="3" bw="6" slack="0"/>
<pin id="237" dir="1" index="4" bw="23" slack="0"/>
</pin_list>
<bind>
<opcode="partselect(1002) " fcode="partselect"/>
<opset="tmp/2 "/>
</bind>
</comp>

<comp id="242" class="1004" name="icmp_ln90_fu_242">
<pin_list>
<pin id="243" dir="0" index="0" bw="23" slack="0"/>
<pin id="244" dir="0" index="1" bw="1" slack="0"/>
<pin id="245" dir="1" index="2" bw="1" slack="1"/>
</pin_list>
<bind>
<opcode="icmp(45) " fcode="icmp"/>
<opset="icmp_ln90/2 "/>
</bind>
</comp>

<comp id="248" class="1004" name="zext_ln94_fu_248">
<pin_list>
<pin id="249" dir="0" index="0" bw="26" slack="0"/>
<pin id="250" dir="1" index="1" bw="64" slack="0"/>
</pin_list>
<bind>
<opcode="zext(34) " fcode="zext"/>
<opset="zext_ln94/2 "/>
</bind>
</comp>

<comp id="253" class="1004" name="trunc_ln89_fu_253">
<pin_list>
<pin id="254" dir="0" index="0" bw="32" slack="0"/>
<pin id="255" dir="1" index="1" bw="2" slack="1"/>
</pin_list>
<bind>
<opcode="trunc(33) " fcode="trunc"/>
<opset="trunc_ln89/2 "/>
</bind>
</comp>

<comp id="257" class="1004" name="wi_2_fu_257">
<pin_list>
<pin id="258" dir="0" index="0" bw="26" slack="0"/>
<pin id="259" dir="0" index="1" bw="25" slack="0"/>
<pin id="260" dir="0" index="2" bw="1" slack="0"/>
<pin id="261" dir="1" index="3" bw="26" slack="0"/>
</pin_list>
<bind>
<opcode="bitconcatenate(1004) " fcode="bitconcatenate"/>
<opset="wi_2/2 "/>
</bind>
</comp>

<comp id="265" class="1004" name="tmp_93_fu_265">
<pin_list>
<pin id="266" dir="0" index="0" bw="23" slack="0"/>
<pin id="267" dir="0" index="1" bw="25" slack="0"/>
<pin id="268" dir="0" index="2" bw="3" slack="0"/>
<pin id="269" dir="0" index="3" bw="6" slack="0"/>
<pin id="270" dir="1" index="4" bw="23" slack="0"/>
</pin_list>
<bind>
<opcode="partselect(1002) " fcode="partselect"/>
<opset="tmp_93/2 "/>
</bind>
</comp>

<comp id="275" class="1004" name="icmp_ln90_1_fu_275">
<pin_list>
<pin id="276" dir="0" index="0" bw="23" slack="0"/>
<pin id="277" dir="0" index="1" bw="1" slack="0"/>
<pin id="278" dir="1" index="2" bw="1" slack="1"/>
</pin_list>
<bind>
<opcode="icmp(45) " fcode="icmp"/>
<opset="icmp_ln90_1/2 "/>
</bind>
</comp>

<comp id="281" class="1004" name="zext_ln94_2_fu_281">
<pin_list>
<pin id="282" dir="0" index="0" bw="26" slack="0"/>
<pin id="283" dir="1" index="1" bw="64" slack="0"/>
</pin_list>
<bind>
<opcode="zext(34) " fcode="zext"/>
<opset="zext_ln94_2/2 "/>
</bind>
</comp>

<comp id="286" class="1004" name="trunc_ln89_1_fu_286">
<pin_list>
<pin id="287" dir="0" index="0" bw="25" slack="0"/>
<pin id="288" dir="1" index="1" bw="2" slack="1"/>
</pin_list>
<bind>
<opcode="trunc(33) " fcode="trunc"/>
<opset="trunc_ln89_1/2 "/>
</bind>
</comp>

<comp id="290" class="1004" name="j_fu_290">
<pin_list>
<pin id="291" dir="0" index="0" bw="32" slack="0"/>
<pin id="292" dir="0" index="1" bw="1" slack="0"/>
<pin id="293" dir="1" index="2" bw="32" slack="0"/>
</pin_list>
<bind>
<opcode="add(8) " fcode="add"/>
<opset="j/2 "/>
</bind>
</comp>

<comp id="296" class="1004" name="add_ln215_fu_296">
<pin_list>
<pin id="297" dir="0" index="0" bw="3" slack="0"/>
<pin id="298" dir="0" index="1" bw="1" slack="0"/>
<pin id="299" dir="1" index="2" bw="3" slack="0"/>
</pin_list>
<bind>
<opcode="add(8) " fcode="add"/>
<opset="add_ln215/2 "/>
</bind>
</comp>

<comp id="302" class="1004" name="store_ln215_store_fu_302">
<pin_list>
<pin id="303" dir="0" index="0" bw="3" slack="0"/>
<pin id="304" dir="0" index="1" bw="3" slack="1"/>
<pin id="305" dir="1" index="2" bw="0" slack="2147483647"/>
</pin_list>
<bind>
<opcode="store(28) " fcode="store"/>
<opset="store_ln215/2 "/>
</bind>
</comp>

<comp id="307" class="1004" name="store_ln215_store_fu_307">
<pin_list>
<pin id="308" dir="0" index="0" bw="32" slack="0"/>
<pin id="309" dir="0" index="1" bw="32" slack="1"/>
<pin id="310" dir="1" index="2" bw="0" slack="2147483647"/>
</pin_list>
<bind>
<opcode="store(28) " fcode="store"/>
<opset="store_ln215/2 "/>
</bind>
</comp>

<comp id="312" class="1004" name="wi_1_fu_312">
<pin_list>
<pin id="313" dir="0" index="0" bw="3" slack="0"/>
<pin id="314" dir="0" index="1" bw="2" slack="1"/>
<pin id="315" dir="0" index="2" bw="1" slack="0"/>
<pin id="316" dir="1" index="3" bw="3" slack="0"/>
</pin_list>
<bind>
<opcode="bitconcatenate(1004) " fcode="bitconcatenate"/>
<opset="wi_1/3 "/>
</bind>
</comp>

<comp id="319" class="1004" name="zext_ln94_1_fu_319">
<pin_list>
<pin id="320" dir="0" index="0" bw="3" slack="0"/>
<pin id="321" dir="1" index="1" bw="64" slack="0"/>
</pin_list>
<bind>
<opcode="zext(34) " fcode="zext"/>
<opset="zext_ln94_1/3 "/>
</bind>
</comp>

<comp id="324" class="1004" name="wi_3_fu_324">
<pin_list>
<pin id="325" dir="0" index="0" bw="3" slack="0"/>
<pin id="326" dir="0" index="1" bw="2" slack="1"/>
<pin id="327" dir="0" index="2" bw="1" slack="0"/>
<pin id="328" dir="1" index="3" bw="3" slack="0"/>
</pin_list>
<bind>
<opcode="bitconcatenate(1004) " fcode="bitconcatenate"/>
<opset="wi_3/3 "/>
</bind>
</comp>

<comp id="331" class="1004" name="zext_ln94_3_fu_331">
<pin_list>
<pin id="332" dir="0" index="0" bw="3" slack="0"/>
<pin id="333" dir="1" index="1" bw="64" slack="0"/>
</pin_list>
<bind>
<opcode="zext(34) " fcode="zext"/>
<opset="zext_ln94_3/3 "/>
</bind>
</comp>

<comp id="336" class="1004" name="out_fu_336">
<pin_list>
<pin id="337" dir="0" index="0" bw="128" slack="0"/>
<pin id="338" dir="0" index="1" bw="64" slack="0"/>
<pin id="339" dir="0" index="2" bw="64" slack="1"/>
<pin id="340" dir="1" index="3" bw="128" slack="0"/>
</pin_list>
<bind>
<opcode="bitconcatenate(1004) " fcode="bitconcatenate"/>
<opset="out/4 "/>
</bind>
</comp>

<comp id="343" class="1004" name="out_4_fu_343">
<pin_list>
<pin id="344" dir="0" index="0" bw="1" slack="2"/>
<pin id="345" dir="0" index="1" bw="1" slack="0"/>
<pin id="346" dir="0" index="2" bw="128" slack="0"/>
<pin id="347" dir="1" index="3" bw="128" slack="0"/>
</pin_list>
<bind>
<opcode="select(49) " fcode="select"/>
<opset="out_4/4 "/>
</bind>
</comp>

<comp id="350" class="1004" name="out_2_fu_350">
<pin_list>
<pin id="351" dir="0" index="0" bw="128" slack="0"/>
<pin id="352" dir="0" index="1" bw="64" slack="0"/>
<pin id="353" dir="0" index="2" bw="64" slack="1"/>
<pin id="354" dir="1" index="3" bw="128" slack="0"/>
</pin_list>
<bind>
<opcode="bitconcatenate(1004) " fcode="bitconcatenate"/>
<opset="out_2/4 "/>
</bind>
</comp>

<comp id="357" class="1004" name="out_5_fu_357">
<pin_list>
<pin id="358" dir="0" index="0" bw="1" slack="2"/>
<pin id="359" dir="0" index="1" bw="1" slack="0"/>
<pin id="360" dir="0" index="2" bw="128" slack="0"/>
<pin id="361" dir="1" index="3" bw="128" slack="0"/>
</pin_list>
<bind>
<opcode="select(49) " fcode="select"/>
<opset="out_5/4 "/>
</bind>
</comp>

<comp id="364" class="1004" name="zext_ln226_fu_364">
<pin_list>
<pin id="365" dir="0" index="0" bw="128" slack="0"/>
<pin id="366" dir="1" index="1" bw="256" slack="0"/>
</pin_list>
<bind>
<opcode="zext(34) " fcode="zext"/>
<opset="zext_ln226/4 "/>
</bind>
</comp>

<comp id="369" class="1004" name="zext_ln226_1_fu_369">
<pin_list>
<pin id="370" dir="0" index="0" bw="128" slack="0"/>
<pin id="371" dir="1" index="1" bw="256" slack="0"/>
</pin_list>
<bind>
<opcode="zext(34) " fcode="zext"/>
<opset="zext_ln226_1/4 "/>
</bind>
</comp>

<comp id="374" class="1004" name="sum_load_1_load_fu_374">
<pin_list>
<pin id="375" dir="0" index="0" bw="260" slack="4"/>
<pin id="376" dir="1" index="1" bw="260" slack="0"/>
</pin_list>
<bind>
<opcode="load(27) " fcode="load"/>
<opset="sum_load_1/5 "/>
</bind>
</comp>

<comp id="377" class="1004" name="zext_ln227_fu_377">
<pin_list>
<pin id="378" dir="0" index="0" bw="256" slack="1"/>
<pin id="379" dir="1" index="1" bw="260" slack="0"/>
</pin_list>
<bind>
<opcode="zext(34) " fcode="zext"/>
<opset="zext_ln227/5 "/>
</bind>
</comp>

<comp id="380" class="1004" name="sum_1_fu_380">
<pin_list>
<pin id="381" dir="0" index="0" bw="256" slack="0"/>
<pin id="382" dir="0" index="1" bw="260" slack="0"/>
<pin id="383" dir="1" index="2" bw="260" slack="0"/>
</pin_list>
<bind>
<opcode="add(8) " fcode="add"/>
<opset="sum_1/5 "/>
</bind>
</comp>

<comp id="386" class="1004" name="store_ln213_store_fu_386">
<pin_list>
<pin id="387" dir="0" index="0" bw="260" slack="0"/>
<pin id="388" dir="0" index="1" bw="260" slack="4"/>
<pin id="389" dir="1" index="2" bw="0" slack="2147483647"/>
</pin_list>
<bind>
<opcode="store(28) " fcode="store"/>
<opset="store_ln213/5 "/>
</bind>
</comp>

<comp id="391" class="1004" name="sum_load_load_fu_391">
<pin_list>
<pin id="392" dir="0" index="0" bw="260" slack="2"/>
<pin id="393" dir="1" index="1" bw="260" slack="0"/>
</pin_list>
<bind>
<opcode="load(27) " fcode="load"/>
<opset="sum_load/3 "/>
</bind>
</comp>

<comp id="395" class="1005" name="sum_reg_395">
<pin_list>
<pin id="396" dir="0" index="0" bw="260" slack="0"/>
<pin id="397" dir="1" index="1" bw="260" slack="0"/>
</pin_list>
<bind>
<opset="sum "/>
</bind>
</comp>

<comp id="403" class="1005" name="j_0796_reg_403">
<pin_list>
<pin id="404" dir="0" index="0" bw="32" slack="0"/>
<pin id="405" dir="1" index="1" bw="32" slack="0"/>
</pin_list>
<bind>
<opset="j_0796 "/>
</bind>
</comp>

<comp id="410" class="1005" name="indvars_iv7_reg_410">
<pin_list>
<pin id="411" dir="0" index="0" bw="3" slack="0"/>
<pin id="412" dir="1" index="1" bw="3" slack="0"/>
</pin_list>
<bind>
<opset="indvars_iv7 "/>
</bind>
</comp>

<comp id="417" class="1005" name="zext_ln207_24_cast_reg_417">
<pin_list>
<pin id="418" dir="0" index="0" bw="25" slack="1"/>
<pin id="419" dir="1" index="1" bw="25" slack="1"/>
</pin_list>
<bind>
<opset="zext_ln207_24_cast "/>
</bind>
</comp>

<comp id="422" class="1005" name="zext_ln215_cast_reg_422">
<pin_list>
<pin id="423" dir="0" index="0" bw="3" slack="1"/>
<pin id="424" dir="1" index="1" bw="3" slack="1"/>
</pin_list>
<bind>
<opset="zext_ln215_cast "/>
</bind>
</comp>

<comp id="427" class="1005" name="icmp_ln215_reg_427">
<pin_list>
<pin id="428" dir="0" index="0" bw="1" slack="1"/>
<pin id="429" dir="1" index="1" bw="1" slack="2147483647"/>
</pin_list>
<bind>
<opset="icmp_ln215 "/>
</bind>
</comp>

<comp id="431" class="1005" name="icmp_ln90_reg_431">
<pin_list>
<pin id="432" dir="0" index="0" bw="1" slack="1"/>
<pin id="433" dir="1" index="1" bw="1" slack="2"/>
</pin_list>
<bind>
<opset="icmp_ln90 "/>
</bind>
</comp>

<comp id="436" class="1005" name="a_addr_reg_436">
<pin_list>
<pin id="437" dir="0" index="0" bw="3" slack="1"/>
<pin id="438" dir="1" index="1" bw="3" slack="1"/>
</pin_list>
<bind>
<opset="a_addr "/>
</bind>
</comp>

<comp id="441" class="1005" name="trunc_ln89_reg_441">
<pin_list>
<pin id="442" dir="0" index="0" bw="2" slack="1"/>
<pin id="443" dir="1" index="1" bw="2" slack="1"/>
</pin_list>
<bind>
<opset="trunc_ln89 "/>
</bind>
</comp>

<comp id="446" class="1005" name="icmp_ln90_1_reg_446">
<pin_list>
<pin id="447" dir="0" index="0" bw="1" slack="1"/>
<pin id="448" dir="1" index="1" bw="1" slack="2"/>
</pin_list>
<bind>
<opset="icmp_ln90_1 "/>
</bind>
</comp>

<comp id="451" class="1005" name="b_addr_reg_451">
<pin_list>
<pin id="452" dir="0" index="0" bw="3" slack="1"/>
<pin id="453" dir="1" index="1" bw="3" slack="1"/>
</pin_list>
<bind>
<opset="b_addr "/>
</bind>
</comp>

<comp id="456" class="1005" name="trunc_ln89_1_reg_456">
<pin_list>
<pin id="457" dir="0" index="0" bw="2" slack="1"/>
<pin id="458" dir="1" index="1" bw="2" slack="1"/>
</pin_list>
<bind>
<opset="trunc_ln89_1 "/>
</bind>
</comp>

<comp id="461" class="1005" name="lo_reg_461">
<pin_list>
<pin id="462" dir="0" index="0" bw="64" slack="1"/>
<pin id="463" dir="1" index="1" bw="64" slack="1"/>
</pin_list>
<bind>
<opset="lo "/>
</bind>
</comp>

<comp id="466" class="1005" name="a_addr_1_reg_466">
<pin_list>
<pin id="467" dir="0" index="0" bw="3" slack="1"/>
<pin id="468" dir="1" index="1" bw="3" slack="1"/>
</pin_list>
<bind>
<opset="a_addr_1 "/>
</bind>
</comp>

<comp id="471" class="1005" name="lo_2_reg_471">
<pin_list>
<pin id="472" dir="0" index="0" bw="64" slack="1"/>
<pin id="473" dir="1" index="1" bw="64" slack="1"/>
</pin_list>
<bind>
<opset="lo_2 "/>
</bind>
</comp>

<comp id="476" class="1005" name="b_addr_1_reg_476">
<pin_list>
<pin id="477" dir="0" index="0" bw="3" slack="1"/>
<pin id="478" dir="1" index="1" bw="3" slack="1"/>
</pin_list>
<bind>
<opset="b_addr_1 "/>
</bind>
</comp>

<comp id="481" class="1005" name="p_reg_481">
<pin_list>
<pin id="482" dir="0" index="0" bw="256" slack="1"/>
<pin id="483" dir="1" index="1" bw="256" slack="1"/>
</pin_list>
<bind>
<opset="p "/>
</bind>
</comp>

</comp_list>

<net_list>
<net id="81"><net_src comp="16" pin="0"/><net_sink comp="78" pin=0"/></net>

<net id="85"><net_src comp="16" pin="0"/><net_sink comp="82" pin=0"/></net>

<net id="89"><net_src comp="16" pin="0"/><net_sink comp="86" pin=0"/></net>

<net id="94"><net_src comp="18" pin="0"/><net_sink comp="90" pin=0"/></net>

<net id="95"><net_src comp="8" pin="0"/><net_sink comp="90" pin=1"/></net>

<net id="100"><net_src comp="20" pin="0"/><net_sink comp="96" pin=0"/></net>

<net id="101"><net_src comp="6" pin="0"/><net_sink comp="96" pin=1"/></net>

<net id="106"><net_src comp="22" pin="0"/><net_sink comp="102" pin=0"/></net>

<net id="107"><net_src comp="4" pin="0"/><net_sink comp="102" pin=1"/></net>

<net id="112"><net_src comp="18" pin="0"/><net_sink comp="108" pin=0"/></net>

<net id="113"><net_src comp="2" pin="0"/><net_sink comp="108" pin=1"/></net>

<net id="118"><net_src comp="18" pin="0"/><net_sink comp="114" pin=0"/></net>

<net id="119"><net_src comp="0" pin="0"/><net_sink comp="114" pin=1"/></net>

<net id="125"><net_src comp="76" pin="0"/><net_sink comp="120" pin=0"/></net>

<net id="126"><net_src comp="14" pin="0"/><net_sink comp="120" pin=1"/></net>

<net id="132"><net_src comp="10" pin="0"/><net_sink comp="127" pin=0"/></net>

<net id="133"><net_src comp="44" pin="0"/><net_sink comp="127" pin=1"/></net>

<net id="139"><net_src comp="127" pin="3"/><net_sink comp="134" pin=0"/></net>

<net id="145"><net_src comp="12" pin="0"/><net_sink comp="140" pin=0"/></net>

<net id="146"><net_src comp="44" pin="0"/><net_sink comp="140" pin=1"/></net>

<net id="152"><net_src comp="140" pin="3"/><net_sink comp="147" pin=0"/></net>

<net id="158"><net_src comp="10" pin="0"/><net_sink comp="153" pin=0"/></net>

<net id="159"><net_src comp="44" pin="0"/><net_sink comp="153" pin=1"/></net>

<net id="160"><net_src comp="153" pin="3"/><net_sink comp="134" pin=0"/></net>

<net id="166"><net_src comp="12" pin="0"/><net_sink comp="161" pin=0"/></net>

<net id="167"><net_src comp="44" pin="0"/><net_sink comp="161" pin=1"/></net>

<net id="168"><net_src comp="161" pin="3"/><net_sink comp="147" pin=0"/></net>

<net id="176"><net_src comp="90" pin="2"/><net_sink comp="173" pin=0"/></net>

<net id="180"><net_src comp="96" pin="2"/><net_sink comp="177" pin=0"/></net>

<net id="184"><net_src comp="102" pin="2"/><net_sink comp="181" pin=0"/></net>

<net id="188"><net_src comp="108" pin="2"/><net_sink comp="185" pin=0"/></net>

<net id="193"><net_src comp="114" pin="2"/><net_sink comp="189" pin=0"/></net>

<net id="198"><net_src comp="185" pin="1"/><net_sink comp="194" pin=0"/></net>

<net id="203"><net_src comp="181" pin="1"/><net_sink comp="199" pin=0"/></net>

<net id="211"><net_src comp="204" pin="1"/><net_sink comp="207" pin=0"/></net>

<net id="218"><net_src comp="212" pin="1"/><net_sink comp="215" pin=0"/></net>

<net id="223"><net_src comp="215" pin="1"/><net_sink comp="219" pin=1"/></net>

<net id="229"><net_src comp="32" pin="0"/><net_sink comp="224" pin=0"/></net>

<net id="230"><net_src comp="215" pin="1"/><net_sink comp="224" pin=1"/></net>

<net id="231"><net_src comp="34" pin="0"/><net_sink comp="224" pin=2"/></net>

<net id="238"><net_src comp="36" pin="0"/><net_sink comp="232" pin=0"/></net>

<net id="239"><net_src comp="212" pin="1"/><net_sink comp="232" pin=1"/></net>

<net id="240"><net_src comp="38" pin="0"/><net_sink comp="232" pin=2"/></net>

<net id="241"><net_src comp="40" pin="0"/><net_sink comp="232" pin=3"/></net>

<net id="246"><net_src comp="232" pin="4"/><net_sink comp="242" pin=0"/></net>

<net id="247"><net_src comp="42" pin="0"/><net_sink comp="242" pin=1"/></net>

<net id="251"><net_src comp="224" pin="3"/><net_sink comp="248" pin=0"/></net>

<net id="252"><net_src comp="248" pin="1"/><net_sink comp="127" pin=2"/></net>

<net id="256"><net_src comp="212" pin="1"/><net_sink comp="253" pin=0"/></net>

<net id="262"><net_src comp="32" pin="0"/><net_sink comp="257" pin=0"/></net>

<net id="263"><net_src comp="219" pin="2"/><net_sink comp="257" pin=1"/></net>

<net id="264"><net_src comp="34" pin="0"/><net_sink comp="257" pin=2"/></net>

<net id="271"><net_src comp="46" pin="0"/><net_sink comp="265" pin=0"/></net>

<net id="272"><net_src comp="219" pin="2"/><net_sink comp="265" pin=1"/></net>

<net id="273"><net_src comp="38" pin="0"/><net_sink comp="265" pin=2"/></net>

<net id="274"><net_src comp="40" pin="0"/><net_sink comp="265" pin=3"/></net>

<net id="279"><net_src comp="265" pin="4"/><net_sink comp="275" pin=0"/></net>

<net id="280"><net_src comp="42" pin="0"/><net_sink comp="275" pin=1"/></net>

<net id="284"><net_src comp="257" pin="3"/><net_sink comp="281" pin=0"/></net>

<net id="285"><net_src comp="281" pin="1"/><net_sink comp="140" pin=2"/></net>

<net id="289"><net_src comp="219" pin="2"/><net_sink comp="286" pin=0"/></net>

<net id="294"><net_src comp="212" pin="1"/><net_sink comp="290" pin=0"/></net>

<net id="295"><net_src comp="16" pin="0"/><net_sink comp="290" pin=1"/></net>

<net id="300"><net_src comp="204" pin="1"/><net_sink comp="296" pin=0"/></net>

<net id="301"><net_src comp="48" pin="0"/><net_sink comp="296" pin=1"/></net>

<net id="306"><net_src comp="296" pin="2"/><net_sink comp="302" pin=0"/></net>

<net id="311"><net_src comp="290" pin="2"/><net_sink comp="307" pin=0"/></net>

<net id="317"><net_src comp="50" pin="0"/><net_sink comp="312" pin=0"/></net>

<net id="318"><net_src comp="52" pin="0"/><net_sink comp="312" pin=2"/></net>

<net id="322"><net_src comp="312" pin="3"/><net_sink comp="319" pin=0"/></net>

<net id="323"><net_src comp="319" pin="1"/><net_sink comp="153" pin=2"/></net>

<net id="329"><net_src comp="50" pin="0"/><net_sink comp="324" pin=0"/></net>

<net id="330"><net_src comp="52" pin="0"/><net_sink comp="324" pin=2"/></net>

<net id="334"><net_src comp="324" pin="3"/><net_sink comp="331" pin=0"/></net>

<net id="335"><net_src comp="331" pin="1"/><net_sink comp="161" pin=2"/></net>

<net id="341"><net_src comp="54" pin="0"/><net_sink comp="336" pin=0"/></net>

<net id="342"><net_src comp="134" pin="3"/><net_sink comp="336" pin=1"/></net>

<net id="348"><net_src comp="56" pin="0"/><net_sink comp="343" pin=1"/></net>

<net id="349"><net_src comp="336" pin="3"/><net_sink comp="343" pin=2"/></net>

<net id="355"><net_src comp="54" pin="0"/><net_sink comp="350" pin=0"/></net>

<net id="356"><net_src comp="147" pin="3"/><net_sink comp="350" pin=1"/></net>

<net id="362"><net_src comp="56" pin="0"/><net_sink comp="357" pin=1"/></net>

<net id="363"><net_src comp="350" pin="3"/><net_sink comp="357" pin=2"/></net>

<net id="367"><net_src comp="343" pin="3"/><net_sink comp="364" pin=0"/></net>

<net id="368"><net_src comp="364" pin="1"/><net_sink comp="169" pin=1"/></net>

<net id="372"><net_src comp="357" pin="3"/><net_sink comp="369" pin=0"/></net>

<net id="373"><net_src comp="369" pin="1"/><net_sink comp="169" pin=0"/></net>

<net id="384"><net_src comp="377" pin="1"/><net_sink comp="380" pin=0"/></net>

<net id="385"><net_src comp="374" pin="1"/><net_sink comp="380" pin=1"/></net>

<net id="390"><net_src comp="380" pin="2"/><net_sink comp="386" pin=0"/></net>

<net id="394"><net_src comp="391" pin="1"/><net_sink comp="120" pin=2"/></net>

<net id="398"><net_src comp="78" pin="1"/><net_sink comp="395" pin=0"/></net>

<net id="399"><net_src comp="395" pin="1"/><net_sink comp="199" pin=1"/></net>

<net id="400"><net_src comp="395" pin="1"/><net_sink comp="374" pin=0"/></net>

<net id="401"><net_src comp="395" pin="1"/><net_sink comp="386" pin=1"/></net>

<net id="402"><net_src comp="395" pin="1"/><net_sink comp="391" pin=0"/></net>

<net id="406"><net_src comp="82" pin="1"/><net_sink comp="403" pin=0"/></net>

<net id="407"><net_src comp="403" pin="1"/><net_sink comp="194" pin=1"/></net>

<net id="408"><net_src comp="403" pin="1"/><net_sink comp="212" pin=0"/></net>

<net id="409"><net_src comp="403" pin="1"/><net_sink comp="307" pin=1"/></net>

<net id="413"><net_src comp="86" pin="1"/><net_sink comp="410" pin=0"/></net>

<net id="414"><net_src comp="410" pin="1"/><net_sink comp="189" pin=1"/></net>

<net id="415"><net_src comp="410" pin="1"/><net_sink comp="204" pin=0"/></net>

<net id="416"><net_src comp="410" pin="1"/><net_sink comp="302" pin=1"/></net>

<net id="420"><net_src comp="173" pin="1"/><net_sink comp="417" pin=0"/></net>

<net id="421"><net_src comp="417" pin="1"/><net_sink comp="219" pin=0"/></net>

<net id="425"><net_src comp="177" pin="1"/><net_sink comp="422" pin=0"/></net>

<net id="426"><net_src comp="422" pin="1"/><net_sink comp="207" pin=1"/></net>

<net id="430"><net_src comp="207" pin="2"/><net_sink comp="427" pin=0"/></net>

<net id="434"><net_src comp="242" pin="2"/><net_sink comp="431" pin=0"/></net>

<net id="435"><net_src comp="431" pin="1"/><net_sink comp="343" pin=0"/></net>

<net id="439"><net_src comp="127" pin="3"/><net_sink comp="436" pin=0"/></net>

<net id="440"><net_src comp="436" pin="1"/><net_sink comp="134" pin=0"/></net>

<net id="444"><net_src comp="253" pin="1"/><net_sink comp="441" pin=0"/></net>

<net id="445"><net_src comp="441" pin="1"/><net_sink comp="312" pin=1"/></net>

<net id="449"><net_src comp="275" pin="2"/><net_sink comp="446" pin=0"/></net>

<net id="450"><net_src comp="446" pin="1"/><net_sink comp="357" pin=0"/></net>

<net id="454"><net_src comp="140" pin="3"/><net_sink comp="451" pin=0"/></net>

<net id="455"><net_src comp="451" pin="1"/><net_sink comp="147" pin=0"/></net>

<net id="459"><net_src comp="286" pin="1"/><net_sink comp="456" pin=0"/></net>

<net id="460"><net_src comp="456" pin="1"/><net_sink comp="324" pin=1"/></net>

<net id="464"><net_src comp="134" pin="3"/><net_sink comp="461" pin=0"/></net>

<net id="465"><net_src comp="461" pin="1"/><net_sink comp="336" pin=2"/></net>

<net id="469"><net_src comp="153" pin="3"/><net_sink comp="466" pin=0"/></net>

<net id="470"><net_src comp="466" pin="1"/><net_sink comp="134" pin=0"/></net>

<net id="474"><net_src comp="147" pin="3"/><net_sink comp="471" pin=0"/></net>

<net id="475"><net_src comp="471" pin="1"/><net_sink comp="350" pin=2"/></net>

<net id="479"><net_src comp="161" pin="3"/><net_sink comp="476" pin=0"/></net>

<net id="480"><net_src comp="476" pin="1"/><net_sink comp="147" pin=0"/></net>

<net id="484"><net_src comp="169" pin="2"/><net_sink comp="481" pin=0"/></net>

<net id="485"><net_src comp="481" pin="1"/><net_sink comp="377" pin=0"/></net>

</net_list>

</model> 
---------------- Datapath Model END ------------------

* FSMD analyzer results:
  - Output states:
	Port: sum_19_out | {3 }
 - Input state : 
	Port: mul_Pipeline_VITIS_LOOP_215_3 : select_ln207 | {1 }
	Port: mul_Pipeline_VITIS_LOOP_215_3 : zext_ln210 | {1 }
	Port: mul_Pipeline_VITIS_LOOP_215_3 : zext_ln207 | {1 }
	Port: mul_Pipeline_VITIS_LOOP_215_3 : zext_ln215 | {1 }
	Port: mul_Pipeline_VITIS_LOOP_215_3 : zext_ln207_24 | {1 }
	Port: mul_Pipeline_VITIS_LOOP_215_3 : a | {2 3 4 }
	Port: mul_Pipeline_VITIS_LOOP_215_3 : b | {2 3 4 }
  - Chain level:
	State 1
		store_ln0 : 1
		store_ln213 : 1
	State 2
		icmp_ln215 : 1
		br_ln215 : 2
		trunc_ln215 : 1
		ib : 2
		wi : 2
		tmp : 1
		icmp_ln90 : 2
		zext_ln94 : 3
		a_addr : 4
		lo : 5
		trunc_ln89 : 1
		wi_2 : 3
		tmp_93 : 3
		icmp_ln90_1 : 4
		zext_ln94_2 : 4
		b_addr : 5
		lo_2 : 6
		trunc_ln89_1 : 3
		j : 1
		add_ln215 : 1
		store_ln215 : 2
		store_ln215 : 2
	State 3
		zext_ln94_1 : 1
		a_addr_1 : 2
		lo_1 : 3
		zext_ln94_3 : 1
		b_addr_1 : 2
		lo_3 : 3
		write_ln0 : 1
	State 4
		out : 1
		out_4 : 2
		out_2 : 1
		out_5 : 2
		zext_ln226 : 3
		zext_ln226_1 : 3
		p : 4
	State 5
		sum_1 : 1
		store_ln213 : 2


============================================================
+ Verbose Summary: Datapath Resource usage 
============================================================

* Functional unit list:
|----------|-------------------------------|---------|---------|---------|
| Operation|        Functional Unit        |   DSP   |    FF   |   LUT   |
|----------|-------------------------------|---------|---------|---------|
|    mul   |            p_fu_169           |    50   |    0    |   307   |
|----------|-------------------------------|---------|---------|---------|
|          |            j_fu_290           |    0    |    0    |    39   |
|    add   |        add_ln215_fu_296       |    0    |    0    |    10   |
|          |          sum_1_fu_380         |    0    |    0    |   266   |
|----------|-------------------------------|---------|---------|---------|
|  select  |          out_4_fu_343         |    0    |    0    |   123   |
|          |          out_5_fu_357         |    0    |    0    |   123   |
|----------|-------------------------------|---------|---------|---------|
|          |       icmp_ln215_fu_207       |    0    |    0    |    10   |
|   icmp   |        icmp_ln90_fu_242       |    0    |    0    |    30   |
|          |       icmp_ln90_1_fu_275      |    0    |    0    |    30   |
|----------|-------------------------------|---------|---------|---------|
|    sub   |           ib_fu_219           |    0    |    0    |    32   |
|----------|-------------------------------|---------|---------|---------|
|          | zext_ln207_24_read_read_fu_90 |    0    |    0    |    0    |
|          |   zext_ln215_read_read_fu_96  |    0    |    0    |    0    |
|   read   |  zext_ln207_read_read_fu_102  |    0    |    0    |    0    |
|          |  zext_ln210_read_read_fu_108  |    0    |    0    |    0    |
|          | select_ln207_read_read_fu_114 |    0    |    0    |    0    |
|----------|-------------------------------|---------|---------|---------|
|   write  |     write_ln0_write_fu_120    |    0    |    0    |    0    |
|----------|-------------------------------|---------|---------|---------|
|          |   zext_ln207_24_cast_fu_173   |    0    |    0    |    0    |
|          |     zext_ln215_cast_fu_177    |    0    |    0    |    0    |
|          |     zext_ln207_cast_fu_181    |    0    |    0    |    0    |
|          |     zext_ln210_cast_fu_185    |    0    |    0    |    0    |
|          |        zext_ln94_fu_248       |    0    |    0    |    0    |
|   zext   |       zext_ln94_2_fu_281      |    0    |    0    |    0    |
|          |       zext_ln94_1_fu_319      |    0    |    0    |    0    |
|          |       zext_ln94_3_fu_331      |    0    |    0    |    0    |
|          |       zext_ln226_fu_364       |    0    |    0    |    0    |
|          |      zext_ln226_1_fu_369      |    0    |    0    |    0    |
|          |       zext_ln227_fu_377       |    0    |    0    |    0    |
|----------|-------------------------------|---------|---------|---------|
|          |       trunc_ln215_fu_215      |    0    |    0    |    0    |
|   trunc  |       trunc_ln89_fu_253       |    0    |    0    |    0    |
|          |      trunc_ln89_1_fu_286      |    0    |    0    |    0    |
|----------|-------------------------------|---------|---------|---------|
|          |           wi_fu_224           |    0    |    0    |    0    |
|          |          wi_2_fu_257          |    0    |    0    |    0    |
|bitconcatenate|          wi_1_fu_312          |    0    |    0    |    0    |
|          |          wi_3_fu_324          |    0    |    0    |    0    |
|          |           out_fu_336          |    0    |    0    |    0    |
|          |          out_2_fu_350         |    0    |    0    |    0    |
|----------|-------------------------------|---------|---------|---------|
|partselect|           tmp_fu_232          |    0    |    0    |    0    |
|          |         tmp_93_fu_265         |    0    |    0    |    0    |
|----------|-------------------------------|---------|---------|---------|
|   Total  |                               |    50   |    0    |   970   |
|----------|-------------------------------|---------|---------|---------|

Memories:
N/A

* Register list:
+--------------------------+--------+
|                          |   FF   |
+--------------------------+--------+
|     a_addr_1_reg_466     |    3   |
|      a_addr_reg_436      |    3   |
|     b_addr_1_reg_476     |    3   |
|      b_addr_reg_451      |    3   |
|    icmp_ln215_reg_427    |    1   |
|    icmp_ln90_1_reg_446   |    1   |
|     icmp_ln90_reg_431    |    1   |
|    indvars_iv7_reg_410   |    3   |
|      j_0796_reg_403      |   32   |
|       lo_2_reg_471       |   64   |
|        lo_reg_461        |   64   |
|         p_reg_481        |   256  |
|        sum_reg_395       |   260  |
|   trunc_ln89_1_reg_456   |    2   |
|    trunc_ln89_reg_441    |    2   |
|zext_ln207_24_cast_reg_417|   25   |
|  zext_ln215_cast_reg_422 |    3   |
+--------------------------+--------+
|           Total          |   726  |
+--------------------------+--------+

* Multiplexer (MUX) list: 
|-------------------|------|------|------|--------||---------||---------||---------|
|        Comp       |  Pin | Size |  BW  | S x BW ||  Delay  ||    FF   ||   LUT   |
|-------------------|------|------|------|--------||---------||---------||---------|
| grp_access_fu_134 |  p0  |   4  |   3  |   12   ||    0    ||    20   |
| grp_access_fu_147 |  p0  |   4  |   3  |   12   ||    0    ||    20   |
|-------------------|------|------|------|--------||---------||---------||---------|
|       Total       |      |      |      |   24   || 0.905429||    0    ||    40   |
|-------------------|------|------|------|--------||---------||---------||---------|



* Summary:
+-----------+--------+--------+--------+--------+
|           |   DSP  |  Delay |   FF   |   LUT  |
+-----------+--------+--------+--------+--------+
|  Function |   50   |    -   |    0   |   970  |
|   Memory  |    -   |    -   |    -   |    -   |
|Multiplexer|    -   |    0   |    0   |   40   |
|  Register |    -   |    -   |   726  |    -   |
+-----------+--------+--------+--------+--------+
|   Total   |   50   |    0   |   726  |  1010  |
+-----------+--------+--------+--------+--------+
