

================================================================
== Vitis HLS Report for 'rdc_mont_14186_Pipeline_VITIS_LOOP_182_1'
================================================================
* Date:           Wed Jul  2 14:03:00 2025

* Version:        2024.2.2 (Build 6049644 on Mar  5 2025)
* Project:        sikep503_hls
* Solution:       solution1 (Vivado IP Flow Target)
* Product family: zynq
* Target device:  xc7z045-ffg900-2


================================================================
== Performance Estimates
================================================================
+ Timing: 
    * Summary: 
    +--------+----------+----------+------------+
    |  Clock |  Target  | Estimated| Uncertainty|
    +--------+----------+----------+------------+
    |ap_clk  |  10.00 ns|  5.066 ns|     2.70 ns|
    +--------+----------+----------+------------+

+ Latency: 
    * Summary: 
    +---------+---------+----------+----------+-----+-----+------------------------------------------------+
    |  Latency (cycles) |  Latency (absolute) |  Interval |                    Pipeline                    |
    |   min   |   max   |    min   |    max   | min | max |                      Type                      |
    +---------+---------+----------+----------+-----+-----+------------------------------------------------+
    |       10|       10|  0.100 us|  0.100 us|    9|    9|  loop auto-rewind stp (delay=0 clock cycles(s))|
    +---------+---------+----------+----------+-----+-----+------------------------------------------------+

    + Detail: 
        * Instance: 
        N/A

        * Loop: 
        +--------------------+---------+---------+----------+-----------+-----------+------+----------+
        |                    |  Latency (cycles) | Iteration|  Initiation Interval  | Trip |          |
        |      Loop Name     |   min   |   max   |  Latency |  achieved |   target  | Count| Pipelined|
        +--------------------+---------+---------+----------+-----------+-----------+------+----------+
        |- VITIS_LOOP_182_1  |        8|        8|         1|          1|          1|     8|       yes|
        +--------------------+---------+---------+----------+-----------+-----------+------+----------+

============================================================
+ Verbose Summary: Synthesis Manager
============================================================
InlineROM: 1
ExposeGlobal: 0
============================================================
+ Verbose Summary: CDFG Model
============================================================
IsTopModel: 0
ResetActiveHigh: 1
IsCombinational: 0
IsDatapathOnly: 0
HasWiredReturn: 1
HasMFsm: 2
HasVarLatency: 1
IsPipeline: 0
IsRtlPipelined: 0
IsInstanceOverlapped: 0
IsDontTouch: 0
HasImplIP: 0
IsGatedGlobalClock: 0

+ Individual pipeline summary: 
  * Pipeline-0: initiation interval (II) = 1, depth = 1


============================================================
+ Verbose Summary: Schedule
============================================================
* Number of FSM states : 1
* Pipeline : 1
  Pipeline-0 : II = 1, D = 1, States = { 1 }
* Dataflow Pipeline: 0

* FSM state transitions: 
1 --> 

* FSM state operations: 

State 1 <SV = 0> <Delay = 5.06>
ST_1 : Operation 4 [1/1] (0.00ns)   --->   "%i = alloca i32 1" [src/generic/fp_generic.c:179]   --->   Operation 4 'alloca' 'i' <Predicate = true> <Delay = 0.00>
ST_1 : Operation 5 [1/1] (0.00ns)   --->   "%zext_ln183_read = read i4 @_ssdm_op_Read.ap_auto.i4, i4 %zext_ln183"   --->   Operation 5 'read' 'zext_ln183_read' <Predicate = true> <Delay = 0.00>
ST_1 : Operation 6 [1/1] (1.29ns)   --->   "%store_ln179 = store i4 0, i4 %i" [src/generic/fp_generic.c:179]   --->   Operation 6 'store' 'store_ln179' <Predicate = true> <Delay = 1.29>
ST_1 : Operation 7 [1/1] (0.00ns)   --->   "%br_ln0 = br void %for.inc"   --->   Operation 7 'br' 'br_ln0' <Predicate = true> <Delay = 0.00>
ST_1 : Operation 8 [1/1] (0.00ns)   --->   "%i_16 = load i4 %i" [src/generic/fp_generic.c:183]   --->   Operation 8 'load' 'i_16' <Predicate = true> <Delay = 0.00>
ST_1 : Operation 9 [1/1] (0.99ns)   --->   "%icmp_ln182 = icmp_eq  i4 %i_16, i4 8" [src/generic/fp_generic.c:182]   --->   Operation 9 'icmp' 'icmp_ln182' <Predicate = true> <Delay = 0.99> <CoreInst = "Cmp">   --->   Core 9 'Cmp' <Latency = 0> <II = 1> <Delay = 0.99> <FuncUnit> <Opcode : 'seteq' 'setne' 'setle' 'setge' 'setlt' 'setgt'> <InPorts = 2> <OutPorts = 1>
ST_1 : Operation 10 [1/1] (0.99ns)   --->   "%add_ln182 = add i4 %i_16, i4 1" [src/generic/fp_generic.c:182]   --->   Operation 10 'add' 'add_ln182' <Predicate = true> <Delay = 0.99> <CoreInst = "Adder">   --->   Core 1 'Adder' <Latency = 0> <II = 1> <Delay = 0.99> <FuncUnit> <Opcode : 'add' 'sub'> <InPorts = 2> <OutPorts = 1>
ST_1 : Operation 11 [1/1] (0.00ns)   --->   "%br_ln182 = br i1 %icmp_ln182, void %for.inc.split, void %VITIS_LOOP_187_3.preheader.exitStub" [src/generic/fp_generic.c:182]   --->   Operation 11 'br' 'br_ln182' <Predicate = true> <Delay = 0.00>
ST_1 : Operation 12 [1/1] (0.99ns)   --->   "%add_ln183 = add i4 %zext_ln183_read, i4 %i_16" [src/generic/fp_generic.c:183]   --->   Operation 12 'add' 'add_ln183' <Predicate = (!icmp_ln182)> <Delay = 0.99> <CoreInst = "Adder">   --->   Core 1 'Adder' <Latency = 0> <II = 1> <Delay = 0.99> <FuncUnit> <Opcode : 'add' 'sub'> <InPorts = 2> <OutPorts = 1>
ST_1 : Operation 13 [1/1] (0.00ns)   --->   "%zext_ln183_4 = zext i4 %add_ln183" [src/generic/fp_generic.c:183]   --->   Operation 13 'zext' 'zext_ln183_4' <Predicate = (!icmp_ln182)> <Delay = 0.00>
ST_1 : Operation 14 [1/1] (0.00ns)   --->   "%mc_addr = getelementptr i64 %mc, i64 0, i64 %zext_ln183_4" [src/generic/fp_generic.c:183]   --->   Operation 14 'getelementptr' 'mc_addr' <Predicate = (!icmp_ln182)> <Delay = 0.00>
ST_1 : Operation 15 [1/1] (0.00ns)   --->   "%specpipeline_ln179 = specpipeline void @_ssdm_op_SpecPipeline, i32 4294967295, i32 0, i32 0, i32 0, void @empty_56" [src/generic/fp_generic.c:179]   --->   Operation 15 'specpipeline' 'specpipeline_ln179' <Predicate = (!icmp_ln182)> <Delay = 0.00>
ST_1 : Operation 16 [1/1] (0.00ns)   --->   "%speclooptripcount_ln179 = speclooptripcount void @_ssdm_op_SpecLoopTripCount, i64 8, i64 8, i64 8" [src/generic/fp_generic.c:179]   --->   Operation 16 'speclooptripcount' 'speclooptripcount_ln179' <Predicate = (!icmp_ln182)> <Delay = 0.00>
ST_1 : Operation 17 [1/1] (0.00ns)   --->   "%specloopname_ln182 = specloopname void @_ssdm_op_SpecLoopName, void @empty_97" [src/generic/fp_generic.c:182]   --->   Operation 17 'specloopname' 'specloopname_ln182' <Predicate = (!icmp_ln182)> <Delay = 0.00>
ST_1 : Operation 18 [1/1] ( I:2.77ns O:2.77ns )   --->   "%store_ln183 = store i64 0, i4 %mc_addr" [src/generic/fp_generic.c:183]   --->   Operation 18 'store' 'store_ln183' <Predicate = (!icmp_ln182)> <Delay = 2.77> <CoreInst = "RAM">   --->   Core 81 'RAM' <Latency = 1> <II = 1> <Delay = 2.77> <Storage> <Opcode : 'load' 'store'> <Ports = 2> <Width = 64> <Depth = 16> <RAM>
ST_1 : Operation 19 [1/1] (1.29ns)   --->   "%store_ln179 = store i4 %add_ln182, i4 %i" [src/generic/fp_generic.c:179]   --->   Operation 19 'store' 'store_ln179' <Predicate = (!icmp_ln182)> <Delay = 1.29>
ST_1 : Operation 20 [1/1] (0.00ns)   --->   "%br_ln182 = br void %for.inc" [src/generic/fp_generic.c:182]   --->   Operation 20 'br' 'br_ln182' <Predicate = (!icmp_ln182)> <Delay = 0.00>
ST_1 : Operation 21 [1/1] (1.29ns)   --->   "%ret_ln0 = ret"   --->   Operation 21 'ret' 'ret_ln0' <Predicate = (icmp_ln182)> <Delay = 1.29>


============================================================
+ Verbose Summary: Binding
============================================================
STG Binding: 
---------------- STG Properties BEGIN ----------------
- Is combinational: 0
- Is one-state seq: 0
- Is datapath-only: 0
- Is pipelined: 0
- Is top level: 0
Port [ Return ] is wired: 1; IO mode=ap_ctrl_hs:ce=0
Port [ mc]:  wired=1; compound=1; hidden=0; nouse=0; global=0; static=0; extern=0; dir=1; type=1; pingpong=0; private_global=0; MemPort=[03]; IO mode=ap_memory:ce=0
Port [ zext_ln183]:  wired=1; compound=0; hidden=0; nouse=0; global=0; static=0; extern=0; dir=0; type=0; pingpong=0; private_global=0; IO mode=ap_none:ce=0
---------------- STG Properties END ------------------

---------------- Datapath Model BEGIN ----------------

<LifeTime>
<method=bitvector/>
i                       (alloca           ) [ 01]
zext_ln183_read         (read             ) [ 00]
store_ln179             (store            ) [ 00]
br_ln0                  (br               ) [ 00]
i_16                    (load             ) [ 00]
icmp_ln182              (icmp             ) [ 01]
add_ln182               (add              ) [ 00]
br_ln182                (br               ) [ 00]
add_ln183               (add              ) [ 00]
zext_ln183_4            (zext             ) [ 00]
mc_addr                 (getelementptr    ) [ 00]
specpipeline_ln179      (specpipeline     ) [ 00]
speclooptripcount_ln179 (speclooptripcount) [ 00]
specloopname_ln182      (specloopname     ) [ 00]
store_ln183             (store            ) [ 00]
store_ln179             (store            ) [ 00]
br_ln182                (br               ) [ 00]
ret_ln0                 (ret              ) [ 00]
</LifeTime>

<model>

<comp_list>
<comp id="0" class="1000" name="mc">
<pin_list>
<pin id="1" dir="1" index="0" bw="1" slack="0"/>
</pin_list>
<bind>
<StgValue><ssdm name="mc"/><MemPortTyVec>0 3 </MemPortTyVec>
</StgValue>
</bind>
</comp>

<comp id="2" class="1000" name="zext_ln183">
<pin_list>
<pin id="3" dir="1" index="0" bw="1" slack="0"/>
</pin_list>
<bind>
<StgValue><ssdm name="zext_ln183"/></StgValue>
</bind>
</comp>

<comp id="4" class="1001" name="const_4">
<pin_list>
<pin id="5" dir="1" index="0" bw="1" slack="0"/>
</pin_list>
<bind>
<StgValue><ssdm name=""/></StgValue>
</bind>
</comp>

<comp id="6" class="1001" name="const_6">
<pin_list>
<pin id="7" dir="1" index="0" bw="1" slack="0"/>
</pin_list>
<bind>
<StgValue><ssdm name="_ssdm_op_Read.ap_auto.i4"/></StgValue>
</bind>
</comp>

<comp id="8" class="1001" name="const_8">
<pin_list>
<pin id="9" dir="1" index="0" bw="1" slack="0"/>
</pin_list>
<bind>
<StgValue><ssdm name=""/></StgValue>
</bind>
</comp>

<comp id="10" class="1001" name="const_10">
<pin_list>
<pin id="11" dir="1" index="0" bw="1" slack="0"/>
</pin_list>
<bind>
<StgValue><ssdm name=""/></StgValue>
</bind>
</comp>

<comp id="12" class="1001" name="const_12">
<pin_list>
<pin id="13" dir="1" index="0" bw="1" slack="0"/>
</pin_list>
<bind>
<StgValue><ssdm name=""/></StgValue>
</bind>
</comp>

<comp id="14" class="1001" name="const_14">
<pin_list>
<pin id="15" dir="1" index="0" bw="1" slack="0"/>
</pin_list>
<bind>
<StgValue><ssdm name=""/></StgValue>
</bind>
</comp>

<comp id="16" class="1001" name="const_16">
<pin_list>
<pin id="17" dir="1" index="0" bw="1" slack="2147483647"/>
</pin_list>
<bind>
<StgValue><ssdm name="_ssdm_op_SpecPipeline"/></StgValue>
</bind>
</comp>

<comp id="18" class="1001" name="const_18">
<pin_list>
<pin id="19" dir="1" index="0" bw="1" slack="2147483647"/>
</pin_list>
<bind>
<StgValue><ssdm name=""/></StgValue>
</bind>
</comp>

<comp id="20" class="1001" name="const_20">
<pin_list>
<pin id="21" dir="1" index="0" bw="1" slack="2147483647"/>
</pin_list>
<bind>
<StgValue><ssdm name=""/></StgValue>
</bind>
</comp>

<comp id="22" class="1001" name="const_22">
<pin_list>
<pin id="23" dir="1" index="0" bw="1" slack="2147483647"/>
</pin_list>
<bind>
<StgValue><ssdm name="empty_56"/></StgValue>
</bind>
</comp>

<comp id="24" class="1001" name="const_24">
<pin_list>
<pin id="25" dir="1" index="0" bw="1" slack="2147483647"/>
</pin_list>
<bind>
<StgValue><ssdm name="_ssdm_op_SpecLoopTripCount"/></StgValue>
</bind>
</comp>

<comp id="26" class="1001" name="const_26">
<pin_list>
<pin id="27" dir="1" index="0" bw="1" slack="2147483647"/>
</pin_list>
<bind>
<StgValue><ssdm name=""/></StgValue>
</bind>
</comp>

<comp id="28" class="1001" name="const_28">
<pin_list>
<pin id="29" dir="1" index="0" bw="1" slack="2147483647"/>
</pin_list>
<bind>
<StgValue><ssdm name="_ssdm_op_SpecLoopName"/></StgValue>
</bind>
</comp>

<comp id="30" class="1001" name="const_30">
<pin_list>
<pin id="31" dir="1" index="0" bw="1" slack="2147483647"/>
</pin_list>
<bind>
<StgValue><ssdm name="empty_97"/></StgValue>
</bind>
</comp>

<comp id="32" class="1004" name="i_fu_32">
<pin_list>
<pin id="33" dir="0" index="0" bw="1" slack="0"/>
<pin id="34" dir="1" index="1" bw="4" slack="0"/>
</pin_list>
<bind>
<opcode="alloca(26) " fcode="alloca"/>
<opset="i/1 "/>
</bind>
</comp>

<comp id="36" class="1004" name="zext_ln183_read_read_fu_36">
<pin_list>
<pin id="37" dir="0" index="0" bw="4" slack="0"/>
<pin id="38" dir="0" index="1" bw="4" slack="0"/>
<pin id="39" dir="1" index="2" bw="4" slack="0"/>
</pin_list>
<bind>
<opcode="read(1150) " fcode="read"/>
<opset="zext_ln183_read/1 "/>
</bind>
</comp>

<comp id="42" class="1004" name="mc_addr_gep_fu_42">
<pin_list>
<pin id="43" dir="0" index="0" bw="64" slack="0"/>
<pin id="44" dir="0" index="1" bw="1" slack="0"/>
<pin id="45" dir="0" index="2" bw="4" slack="0"/>
<pin id="46" dir="1" index="3" bw="4" slack="0"/>
</pin_list>
<bind>
<opcode="getelementptr(29) " fcode="getelementptr"/>
<opset="mc_addr/1 "/>
</bind>
</comp>

<comp id="49" class="1004" name="store_ln183_access_fu_49">
<pin_list>
<pin id="50" dir="0" index="0" bw="4" slack="0"/>
<pin id="51" dir="0" index="1" bw="64" slack="0"/>
<pin id="52" dir="0" index="2" bw="0" slack="2147483647"/>
<pin id="53" dir="1" index="3" bw="64" slack="2147483647"/>
</pin_list>
<bind>
<opcode="store(28) " fcode="store"/>
<opset="store_ln183/1 "/>
</bind>
</comp>

<comp id="56" class="1004" name="store_ln179_store_fu_56">
<pin_list>
<pin id="57" dir="0" index="0" bw="1" slack="0"/>
<pin id="58" dir="0" index="1" bw="4" slack="0"/>
<pin id="59" dir="1" index="2" bw="0" slack="2147483647"/>
</pin_list>
<bind>
<opcode="store(28) " fcode="store"/>
<opset="store_ln179/1 "/>
</bind>
</comp>

<comp id="61" class="1004" name="i_16_load_fu_61">
<pin_list>
<pin id="62" dir="0" index="0" bw="4" slack="0"/>
<pin id="63" dir="1" index="1" bw="4" slack="0"/>
</pin_list>
<bind>
<opcode="load(27) " fcode="load"/>
<opset="i_16/1 "/>
</bind>
</comp>

<comp id="64" class="1004" name="icmp_ln182_fu_64">
<pin_list>
<pin id="65" dir="0" index="0" bw="4" slack="0"/>
<pin id="66" dir="0" index="1" bw="4" slack="0"/>
<pin id="67" dir="1" index="2" bw="1" slack="2147483647"/>
</pin_list>
<bind>
<opcode="icmp(45) " fcode="icmp"/>
<opset="icmp_ln182/1 "/>
</bind>
</comp>

<comp id="70" class="1004" name="add_ln182_fu_70">
<pin_list>
<pin id="71" dir="0" index="0" bw="4" slack="0"/>
<pin id="72" dir="0" index="1" bw="1" slack="0"/>
<pin id="73" dir="1" index="2" bw="4" slack="0"/>
</pin_list>
<bind>
<opcode="add(8) " fcode="add"/>
<opset="add_ln182/1 "/>
</bind>
</comp>

<comp id="76" class="1004" name="add_ln183_fu_76">
<pin_list>
<pin id="77" dir="0" index="0" bw="4" slack="0"/>
<pin id="78" dir="0" index="1" bw="4" slack="0"/>
<pin id="79" dir="1" index="2" bw="4" slack="0"/>
</pin_list>
<bind>
<opcode="add(8) " fcode="add"/>
<opset="add_ln183/1 "/>
</bind>
</comp>

<comp id="82" class="1004" name="zext_ln183_4_fu_82">
<pin_list>
<pin id="83" dir="0" index="0" bw="4" slack="0"/>
<pin id="84" dir="1" index="1" bw="64" slack="0"/>
</pin_list>
<bind>
<opcode="zext(34) " fcode="zext"/>
<opset="zext_ln183_4/1 "/>
</bind>
</comp>

<comp id="87" class="1004" name="store_ln179_store_fu_87">
<pin_list>
<pin id="88" dir="0" index="0" bw="4" slack="0"/>
<pin id="89" dir="0" index="1" bw="4" slack="0"/>
<pin id="90" dir="1" index="2" bw="0" slack="2147483647"/>
</pin_list>
<bind>
<opcode="store(28) " fcode="store"/>
<opset="store_ln179/1 "/>
</bind>
</comp>

<comp id="92" class="1005" name="i_reg_92">
<pin_list>
<pin id="93" dir="0" index="0" bw="4" slack="0"/>
<pin id="94" dir="1" index="1" bw="4" slack="0"/>
</pin_list>
<bind>
<opset="i "/>
</bind>
</comp>

</comp_list>

<net_list>
<net id="35"><net_src comp="4" pin="0"/><net_sink comp="32" pin=0"/></net>

<net id="40"><net_src comp="6" pin="0"/><net_sink comp="36" pin=0"/></net>

<net id="41"><net_src comp="2" pin="0"/><net_sink comp="36" pin=1"/></net>

<net id="47"><net_src comp="0" pin="0"/><net_sink comp="42" pin=0"/></net>

<net id="48"><net_src comp="14" pin="0"/><net_sink comp="42" pin=1"/></net>

<net id="54"><net_src comp="14" pin="0"/><net_sink comp="49" pin=1"/></net>

<net id="55"><net_src comp="42" pin="3"/><net_sink comp="49" pin=0"/></net>

<net id="60"><net_src comp="8" pin="0"/><net_sink comp="56" pin=0"/></net>

<net id="68"><net_src comp="61" pin="1"/><net_sink comp="64" pin=0"/></net>

<net id="69"><net_src comp="10" pin="0"/><net_sink comp="64" pin=1"/></net>

<net id="74"><net_src comp="61" pin="1"/><net_sink comp="70" pin=0"/></net>

<net id="75"><net_src comp="12" pin="0"/><net_sink comp="70" pin=1"/></net>

<net id="80"><net_src comp="36" pin="2"/><net_sink comp="76" pin=0"/></net>

<net id="81"><net_src comp="61" pin="1"/><net_sink comp="76" pin=1"/></net>

<net id="85"><net_src comp="76" pin="2"/><net_sink comp="82" pin=0"/></net>

<net id="86"><net_src comp="82" pin="1"/><net_sink comp="42" pin=2"/></net>

<net id="91"><net_src comp="70" pin="2"/><net_sink comp="87" pin=0"/></net>

<net id="95"><net_src comp="32" pin="1"/><net_sink comp="92" pin=0"/></net>

<net id="96"><net_src comp="92" pin="1"/><net_sink comp="56" pin=1"/></net>

<net id="97"><net_src comp="92" pin="1"/><net_sink comp="61" pin=0"/></net>

<net id="98"><net_src comp="92" pin="1"/><net_sink comp="87" pin=1"/></net>

</net_list>

</model> 
---------------- Datapath Model END ------------------

* FSMD analyzer results:
  - Output states:
	Port: mc | {1 }
 - Input state : 
	Port: rdc_mont.14186_Pipeline_VITIS_LOOP_182_1 : zext_ln183 | {1 }
  - Chain level:
	State 1
		store_ln179 : 1
		i_16 : 1
		icmp_ln182 : 2
		add_ln182 : 2
		br_ln182 : 3
		add_ln183 : 2
		zext_ln183_4 : 3
		mc_addr : 4
		store_ln183 : 5
		store_ln179 : 3


============================================================
+ Verbose Summary: Datapath Resource usage 
============================================================

* Functional unit list:
|----------|----------------------------|---------|---------|
| Operation|       Functional Unit      |    FF   |   LUT   |
|----------|----------------------------|---------|---------|
|    add   |       add_ln182_fu_70      |    0    |    6    |
|          |       add_ln183_fu_76      |    0    |    6    |
|----------|----------------------------|---------|---------|
|   icmp   |      icmp_ln182_fu_64      |    0    |    6    |
|----------|----------------------------|---------|---------|
|   read   | zext_ln183_read_read_fu_36 |    0    |    0    |
|----------|----------------------------|---------|---------|
|   zext   |     zext_ln183_4_fu_82     |    0    |    0    |
|----------|----------------------------|---------|---------|
|   Total  |                            |    0    |    18   |
|----------|----------------------------|---------|---------|

Memories:
N/A

* Register list:
+--------+--------+
|        |   FF   |
+--------+--------+
|i_reg_92|    4   |
+--------+--------+
|  Total |    4   |
+--------+--------+

* Multiplexer (MUX) list: 
|--------|------|------|------|--------|
|  Comp  |  Pin | Size |  BW  | S x BW |
|--------|------|------|------|--------|
|  Total |      |      |      |    0   |
|--------|------|------|------|--------|



* Summary:
+-----------+--------+--------+
|           |   FF   |   LUT  |
+-----------+--------+--------+
|  Function |    0   |   18   |
|   Memory  |    -   |    -   |
|Multiplexer|    -   |    -   |
|  Register |    4   |    -   |
+-----------+--------+--------+
|   Total   |    4   |   18   |
+-----------+--------+--------+
