

================================================================
== Vitis HLS Report for 'rdc_mont_9_Pipeline_VITIS_LOOP_306_1'
================================================================
* Date:           Mon Oct 20 14:21:07 2025

* Version:        2024.2.2 (Build 6049644 on Mar  5 2025)
* Project:        sikep503_hls
* Solution:       solution1 (Vivado IP Flow Target)
* Product family: virtexuplus58g
* Target device:  xcvu29p-fsga2577-2L-e


================================================================
== Performance Estimates
================================================================
+ Timing: 
    * Summary: 
    +--------+----------+----------+------------+
    |  Clock |  Target  | Estimated| Uncertainty|
    +--------+----------+----------+------------+
    |ap_clk  |  10.00 ns|  1.809 ns|     2.70 ns|
    +--------+----------+----------+------------+

+ Latency: 
    * Summary: 
    +---------+---------+----------+----------+-----+-----+------------------------------------------------+
    |  Latency (cycles) |  Latency (absolute) |  Interval |                    Pipeline                    |
    |   min   |   max   |    min   |    max   | min | max |                      Type                      |
    +---------+---------+----------+----------+-----+-----+------------------------------------------------+
    |       10|       10|  0.100 us|  0.100 us|    9|    9|  loop auto-rewind stp (delay=0 clock cycles(s))|
    +---------+---------+----------+----------+-----+-----+------------------------------------------------+

    + Detail: 
        * Instance: 
        N/A

        * Loop: 
        +--------------------+---------+---------+----------+-----------+-----------+------+----------+
        |                    |  Latency (cycles) | Iteration|  Initiation Interval  | Trip |          |
        |      Loop Name     |   min   |   max   |  Latency |  achieved |   target  | Count| Pipelined|
        +--------------------+---------+---------+----------+-----------+-----------+------+----------+
        |- VITIS_LOOP_306_1  |        8|        8|         1|          1|          1|     8|       yes|
        +--------------------+---------+---------+----------+-----------+-----------+------+----------+

============================================================
+ Verbose Summary: Synthesis Manager
============================================================
InlineROM: 1
ExposeGlobal: 0
============================================================
+ Verbose Summary: CDFG Model
============================================================
IsTopModel: 0
ResetActiveHigh: 1
IsCombinational: 0
IsDatapathOnly: 0
HasWiredReturn: 1
HasMFsm: 2
HasVarLatency: 1
IsPipeline: 0
IsRtlPipelined: 0
IsInstanceOverlapped: 0
IsDontTouch: 0
HasImplIP: 0
IsGatedGlobalClock: 0

+ Individual pipeline summary: 
  * Pipeline-0: initiation interval (II) = 1, depth = 1


============================================================
+ Verbose Summary: Schedule
============================================================
* Number of FSM states : 1
* Pipeline : 1
  Pipeline-0 : II = 1, D = 1, States = { 1 }
* Dataflow Pipeline: 0

* FSM state transitions: 
1 --> 

* FSM state operations: 

State 1 <SV = 0> <Delay = 1.80>
ST_1 : Operation 4 [1/1] (0.00ns)   --->   "%i = alloca i32 1" [src/generic/fp_generic.cpp:302]   --->   Operation 4 'alloca' 'i' <Predicate = true> <Delay = 0.00>
ST_1 : Operation 5 [1/1] (0.00ns)   --->   "%mc_1_offset_read = read i4 @_ssdm_op_Read.ap_auto.i4, i4 %mc_1_offset"   --->   Operation 5 'read' 'mc_1_offset_read' <Predicate = true> <Delay = 0.00>
ST_1 : Operation 6 [1/1] (0.00ns)   --->   "%mc_0_offset_read = read i4 @_ssdm_op_Read.ap_auto.i4, i4 %mc_0_offset"   --->   Operation 6 'read' 'mc_0_offset_read' <Predicate = true> <Delay = 0.00>
ST_1 : Operation 7 [1/1] (0.00ns)   --->   "%zext_ln308_15 = read i6 @_ssdm_op_Read.ap_auto.i6, i6 %zext_ln308_1"   --->   Operation 7 'read' 'zext_ln308_15' <Predicate = true> <Delay = 0.00>
ST_1 : Operation 8 [1/1] (0.00ns)   --->   "%zext_ln3084 = read i6 @_ssdm_op_Read.ap_auto.i6, i6 %zext_ln308"   --->   Operation 8 'read' 'zext_ln3084' <Predicate = true> <Delay = 0.00>
ST_1 : Operation 9 [1/1] (0.00ns)   --->   "%specmemcore_ln0 = specmemcore void @_ssdm_op_SpecMemCore, i64 %mc_0, i64 666, i64 207, i64 18446744073709551615"   --->   Operation 9 'specmemcore' 'specmemcore_ln0' <Predicate = true> <Delay = 0.00>
ST_1 : Operation 10 [1/1] (0.00ns)   --->   "%specmemcore_ln0 = specmemcore void @_ssdm_op_SpecMemCore, i64 %mc_1, i64 666, i64 207, i64 18446744073709551615"   --->   Operation 10 'specmemcore' 'specmemcore_ln0' <Predicate = true> <Delay = 0.00>
ST_1 : Operation 11 [1/1] (0.38ns)   --->   "%store_ln302 = store i4 0, i4 %i" [src/generic/fp_generic.cpp:302]   --->   Operation 11 'store' 'store_ln302' <Predicate = true> <Delay = 0.38>
ST_1 : Operation 12 [1/1] (0.00ns)   --->   "%br_ln0 = br void %for.inc"   --->   Operation 12 'br' 'br_ln0' <Predicate = true> <Delay = 0.00>
ST_1 : Operation 13 [1/1] (0.00ns)   --->   "%i_4 = load i4 %i" [src/generic/fp_generic.cpp:306]   --->   Operation 13 'load' 'i_4' <Predicate = true> <Delay = 0.00>
ST_1 : Operation 14 [1/1] (0.70ns)   --->   "%icmp_ln306 = icmp_eq  i4 %i_4, i4 8" [src/generic/fp_generic.cpp:306]   --->   Operation 14 'icmp' 'icmp_ln306' <Predicate = true> <Delay = 0.70> <CoreInst = "Cmp">   --->   Core 9 'Cmp' <Latency = 0> <II = 1> <Delay = 0.70> <FuncUnit> <Opcode : 'seteq' 'setne' 'setle' 'setge' 'setlt' 'setgt'> <InPorts = 2> <OutPorts = 1>
ST_1 : Operation 15 [1/1] (0.70ns)   --->   "%add_ln306 = add i4 %i_4, i4 1" [src/generic/fp_generic.cpp:306]   --->   Operation 15 'add' 'add_ln306' <Predicate = true> <Delay = 0.70> <CoreInst = "Adder">   --->   Core 1 'Adder' <Latency = 0> <II = 1> <Delay = 0.70> <FuncUnit> <Opcode : 'add' 'sub'> <InPorts = 2> <OutPorts = 1>
ST_1 : Operation 16 [1/1] (0.00ns)   --->   "%br_ln306 = br i1 %icmp_ln306, void %for.inc.split, void %VITIS_LOOP_314_3.preheader.exitStub" [src/generic/fp_generic.cpp:306]   --->   Operation 16 'br' 'br_ln306' <Predicate = true> <Delay = 0.00>
ST_1 : Operation 17 [1/1] (0.00ns)   --->   "%trunc_ln306 = trunc i4 %i_4" [src/generic/fp_generic.cpp:306]   --->   Operation 17 'trunc' 'trunc_ln306' <Predicate = (!icmp_ln306)> <Delay = 0.00>
ST_1 : Operation 18 [1/1] (0.00ns)   --->   "%specpipeline_ln302 = specpipeline void @_ssdm_op_SpecPipeline, i32 4294967295, i32 0, i32 0, i32 0, void @empty_104" [src/generic/fp_generic.cpp:302]   --->   Operation 18 'specpipeline' 'specpipeline_ln302' <Predicate = (!icmp_ln306)> <Delay = 0.00>
ST_1 : Operation 19 [1/1] (0.00ns)   --->   "%speclooptripcount_ln302 = speclooptripcount void @_ssdm_op_SpecLoopTripCount, i64 8, i64 8, i64 8" [src/generic/fp_generic.cpp:302]   --->   Operation 19 'speclooptripcount' 'speclooptripcount_ln302' <Predicate = (!icmp_ln306)> <Delay = 0.00>
ST_1 : Operation 20 [1/1] (0.00ns)   --->   "%specloopname_ln306 = specloopname void @_ssdm_op_SpecLoopName, void @empty_29" [src/generic/fp_generic.cpp:306]   --->   Operation 20 'specloopname' 'specloopname_ln306' <Predicate = (!icmp_ln306)> <Delay = 0.00>
ST_1 : Operation 21 [1/1] (0.00ns)   --->   "%lshr_ln = partselect i2 @_ssdm_op_PartSelect.i2.i4.i32.i32, i4 %i_4, i32 1, i32 2" [src/generic/fp_generic.cpp:302]   --->   Operation 21 'partselect' 'lshr_ln' <Predicate = (!icmp_ln306)> <Delay = 0.00>
ST_1 : Operation 22 [1/1] (0.00ns)   --->   "%tmp_6 = bitconcatenate i6 @_ssdm_op_BitConcatenate.i6.i4.i2, i4 %mc_0_offset_read, i2 %lshr_ln" [src/generic/fp_generic.cpp:308]   --->   Operation 22 'bitconcatenate' 'tmp_6' <Predicate = (!icmp_ln306)> <Delay = 0.00>
ST_1 : Operation 23 [1/1] (0.00ns)   --->   "%zext_ln308_2 = zext i6 %tmp_6" [src/generic/fp_generic.cpp:308]   --->   Operation 23 'zext' 'zext_ln308_2' <Predicate = (!icmp_ln306)> <Delay = 0.00>
ST_1 : Operation 24 [1/1] (0.00ns)   --->   "%mc_0_addr = getelementptr i64 %mc_0, i64 0, i64 %zext_ln308_2" [src/generic/fp_generic.cpp:308]   --->   Operation 24 'getelementptr' 'mc_0_addr' <Predicate = (!icmp_ln306)> <Delay = 0.00>
ST_1 : Operation 25 [1/1] (0.00ns)   --->   "%tmp_8 = bitconcatenate i6 @_ssdm_op_BitConcatenate.i6.i4.i2, i4 %mc_1_offset_read, i2 %lshr_ln" [src/generic/fp_generic.cpp:308]   --->   Operation 25 'bitconcatenate' 'tmp_8' <Predicate = (!icmp_ln306)> <Delay = 0.00>
ST_1 : Operation 26 [1/1] (0.00ns)   --->   "%zext_ln308_3 = zext i6 %tmp_8" [src/generic/fp_generic.cpp:308]   --->   Operation 26 'zext' 'zext_ln308_3' <Predicate = (!icmp_ln306)> <Delay = 0.00>
ST_1 : Operation 27 [1/1] (0.00ns)   --->   "%mc_1_addr = getelementptr i64 %mc_1, i64 0, i64 %zext_ln308_3" [src/generic/fp_generic.cpp:308]   --->   Operation 27 'getelementptr' 'mc_1_addr' <Predicate = (!icmp_ln306)> <Delay = 0.00>
ST_1 : Operation 28 [1/1] (0.00ns)   --->   "%br_ln308 = br i1 %trunc_ln306, void %arrayidx2.case.0, void %arrayidx2.case.1" [src/generic/fp_generic.cpp:308]   --->   Operation 28 'br' 'br_ln308' <Predicate = (!icmp_ln306)> <Delay = 0.00>
ST_1 : Operation 29 [1/1] ( I:0.71ns O:0.71ns )   --->   "%store_ln308 = store i64 0, i6 %mc_0_addr" [src/generic/fp_generic.cpp:308]   --->   Operation 29 'store' 'store_ln308' <Predicate = (!icmp_ln306 & !trunc_ln306)> <Delay = 0.71> <CoreInst = "RAM_1P">   --->   Core 87 'RAM_1P' <Latency = 1> <II = 1> <Delay = 0.71> <Storage> <Opcode : 'load' 'store'> <Ports = 1> <Width = 64> <Depth = 60> <RAM>
ST_1 : Operation 30 [1/1] (0.00ns)   --->   "%br_ln308 = br void %arrayidx2.exit" [src/generic/fp_generic.cpp:308]   --->   Operation 30 'br' 'br_ln308' <Predicate = (!icmp_ln306 & !trunc_ln306)> <Delay = 0.00>
ST_1 : Operation 31 [1/1] ( I:0.71ns O:0.71ns )   --->   "%store_ln308 = store i64 0, i6 %mc_1_addr" [src/generic/fp_generic.cpp:308]   --->   Operation 31 'store' 'store_ln308' <Predicate = (!icmp_ln306 & trunc_ln306)> <Delay = 0.71> <CoreInst = "RAM_1P">   --->   Core 87 'RAM_1P' <Latency = 1> <II = 1> <Delay = 0.71> <Storage> <Opcode : 'load' 'store'> <Ports = 1> <Width = 64> <Depth = 60> <RAM>
ST_1 : Operation 32 [1/1] (0.00ns)   --->   "%br_ln308 = br void %arrayidx2.exit" [src/generic/fp_generic.cpp:308]   --->   Operation 32 'br' 'br_ln308' <Predicate = (!icmp_ln306 & trunc_ln306)> <Delay = 0.00>
ST_1 : Operation 33 [1/1] (0.38ns)   --->   "%store_ln302 = store i4 %add_ln306, i4 %i" [src/generic/fp_generic.cpp:302]   --->   Operation 33 'store' 'store_ln302' <Predicate = (!icmp_ln306)> <Delay = 0.38>
ST_1 : Operation 34 [1/1] (0.00ns)   --->   "%br_ln306 = br void %for.inc" [src/generic/fp_generic.cpp:306]   --->   Operation 34 'br' 'br_ln306' <Predicate = (!icmp_ln306)> <Delay = 0.00>
ST_1 : Operation 35 [1/1] (0.38ns)   --->   "%ret_ln0 = ret"   --->   Operation 35 'ret' 'ret_ln0' <Predicate = (icmp_ln306)> <Delay = 0.38>


============================================================
+ Verbose Summary: Timing violations
============================================================
Target clock period: 10.000ns, clock uncertainty: 2.700ns.

 <State 1>: 1.809ns
The critical path consists of the following:
	'store' operation 0 bit ('store_ln302', src/generic/fp_generic.cpp:302) of constant 0 on local variable 'i', src/generic/fp_generic.cpp:302 [14]  (0.387 ns)
	'load' operation 4 bit ('i', src/generic/fp_generic.cpp:306) on local variable 'i', src/generic/fp_generic.cpp:302 [17]  (0.000 ns)
	'icmp' operation 1 bit ('icmp_ln306', src/generic/fp_generic.cpp:306) [18]  (0.708 ns)
	'store' operation 0 bit ('store_ln308', src/generic/fp_generic.cpp:308) of constant 0 on array 'mc_0' [35]  (0.714 ns)


============================================================
+ Verbose Summary: Binding
============================================================
N/A
* FSMD analyzer results:
  - Output states:
 - Input state : 
  - Chain level:
	State 1


============================================================
+ Verbose Summary: Datapath Resource usage 
============================================================
N/A
