

================================================================
== Vitis HLS Report for 'rdc_mont_3_Pipeline_VITIS_LOOP_290_3'
================================================================
* Date:           Wed Jul 30 15:00:10 2025

* Version:        2024.2.2 (Build 6049644 on Mar  5 2025)
* Project:        sikep503_hls
* Solution:       solution1 (Vivado IP Flow Target)
* Product family: virtexuplus58g
* Target device:  xcvu29p-fsga2577-2L-e


================================================================
== Performance Estimates
================================================================
+ Timing: 
    * Summary: 
    +--------+----------+----------+------------+
    |  Clock |  Target  | Estimated| Uncertainty|
    +--------+----------+----------+------------+
    |ap_clk  |  10.00 ns|  5.264 ns|     2.70 ns|
    +--------+----------+----------+------------+

+ Latency: 
    * Summary: 
    +---------+---------+-----------+----------+-----+-----+------------------------------------------------+
    |  Latency (cycles) |  Latency (absolute)  |  Interval |                    Pipeline                    |
    |   min   |   max   |    min    |    max   | min | max |                      Type                      |
    +---------+---------+-----------+----------+-----+-----+------------------------------------------------+
    |        2|       10|  20.000 ns|  0.100 us|    1|    8|  loop auto-rewind stp (delay=0 clock cycles(s))|
    +---------+---------+-----------+----------+-----+-----+------------------------------------------------+

    + Detail: 
        * Instance: 
        +------------------------------+-------------------+---------+---------+----------+----------+-----+-----+---------+
        |                              |                   |  Latency (cycles) |  Latency (absolute) |  Interval | Pipeline|
        |           Instance           |       Module      |   min   |   max   |    min   |    max   | min | max |   Type  |
        +------------------------------+-------------------+---------+---------+----------+----------+-----+-----+---------+
        |tmp_digit_x_digit_hls_fu_177  |digit_x_digit_hls  |        0|        0|      0 ns|      0 ns|    1|    1|      yes|
        +------------------------------+-------------------+---------+---------+----------+----------+-----+-----+---------+

        * Loop: 
        +--------------------+---------+---------+----------+-----------+-----------+-------+----------+
        |                    |  Latency (cycles) | Iteration|  Initiation Interval  |  Trip |          |
        |      Loop Name     |   min   |   max   |  Latency |  achieved |   target  | Count | Pipelined|
        +--------------------+---------+---------+----------+-----------+-----------+-------+----------+
        |- VITIS_LOOP_290_3  |        0|        8|         3|          1|          1|  0 ~ 7|       yes|
        +--------------------+---------+---------+----------+-----------+-----------+-------+----------+

============================================================
+ Verbose Summary: Synthesis Manager
============================================================
InlineROM: 1
ExposeGlobal: 0
============================================================
+ Verbose Summary: CDFG Model
============================================================
IsTopModel: 0
ResetActiveHigh: 1
IsCombinational: 0
IsDatapathOnly: 0
HasWiredReturn: 1
HasMFsm: 2
HasVarLatency: 1
IsPipeline: 0
IsRtlPipelined: 0
IsInstanceOverlapped: 0
IsDontTouch: 0
HasImplIP: 0
IsGatedGlobalClock: 0

+ Individual pipeline summary: 
  * Pipeline-0: initiation interval (II) = 1, depth = 3


============================================================
+ Verbose Summary: Schedule
============================================================
* Number of FSM states : 3
* Pipeline : 1
  Pipeline-0 : II = 1, D = 3, States = { 1 2 3 }
* Dataflow Pipeline: 0

* FSM state transitions: 
1 --> 2 
2 --> 3 
3 --> 

* FSM state operations: 

State 1 <SV = 0> <Delay = 1.67>
ST_1 : Operation 6 [1/1] (0.00ns)   --->   "%j = alloca i32 1" [src/generic/fp_generic.cpp:277]   --->   Operation 6 'alloca' 'j' <Predicate = true> <Delay = 0.00>
ST_1 : Operation 7 [1/1] (0.00ns)   --->   "%t = alloca i32 1" [src/generic/fp_generic.cpp:278]   --->   Operation 7 'alloca' 't' <Predicate = true> <Delay = 0.00>
ST_1 : Operation 8 [1/1] (0.00ns)   --->   "%u_86 = alloca i32 1" [src/generic/fp_generic.cpp:278]   --->   Operation 8 'alloca' 'u_86' <Predicate = true> <Delay = 0.00>
ST_1 : Operation 9 [1/1] (0.00ns)   --->   "%v = alloca i32 1" [src/generic/fp_generic.cpp:278]   --->   Operation 9 'alloca' 'v' <Predicate = true> <Delay = 0.00>
ST_1 : Operation 10 [1/1] (0.00ns)   --->   "%tmp_124 = read i3 @_ssdm_op_Read.ap_auto.i3, i3 %empty"   --->   Operation 10 'read' 'tmp_124' <Predicate = true> <Delay = 0.00>
ST_1 : Operation 11 [1/1] (0.00ns)   --->   "%add_ln290_read = read i4 @_ssdm_op_Read.ap_auto.i4, i4 %add_ln290"   --->   Operation 11 'read' 'add_ln290_read' <Predicate = true> <Delay = 0.00>
ST_1 : Operation 12 [1/1] (0.00ns)   --->   "%mc_offset_read = read i1 @_ssdm_op_Read.ap_auto.i1, i1 %mc_offset"   --->   Operation 12 'read' 'mc_offset_read' <Predicate = true> <Delay = 0.00>
ST_1 : Operation 13 [1/1] (0.00ns)   --->   "%i_19_read = read i3 @_ssdm_op_Read.ap_auto.i3, i3 %i_19"   --->   Operation 13 'read' 'i_19_read' <Predicate = true> <Delay = 0.00>
ST_1 : Operation 14 [1/1] (0.00ns)   --->   "%u_read = read i64 @_ssdm_op_Read.ap_auto.i64, i64 %u"   --->   Operation 14 'read' 'u_read' <Predicate = true> <Delay = 0.00>
ST_1 : Operation 15 [1/1] (0.00ns)   --->   "%v_088_read = read i64 @_ssdm_op_Read.ap_auto.i64, i64 %v_088"   --->   Operation 15 'read' 'v_088_read' <Predicate = true> <Delay = 0.00>
ST_1 : Operation 16 [1/1] (0.38ns)   --->   "%store_ln278 = store i64 %v_088_read, i64 %v" [src/generic/fp_generic.cpp:278]   --->   Operation 16 'store' 'store_ln278' <Predicate = true> <Delay = 0.38>
ST_1 : Operation 17 [1/1] (0.38ns)   --->   "%store_ln278 = store i64 %u_read, i64 %u_86" [src/generic/fp_generic.cpp:278]   --->   Operation 17 'store' 'store_ln278' <Predicate = true> <Delay = 0.38>
ST_1 : Operation 18 [1/1] (0.38ns)   --->   "%store_ln278 = store i64 0, i64 %t" [src/generic/fp_generic.cpp:278]   --->   Operation 18 'store' 'store_ln278' <Predicate = true> <Delay = 0.38>
ST_1 : Operation 19 [1/1] (0.38ns)   --->   "%store_ln277 = store i3 0, i3 %j" [src/generic/fp_generic.cpp:277]   --->   Operation 19 'store' 'store_ln277' <Predicate = true> <Delay = 0.38>
ST_1 : Operation 20 [1/1] (0.00ns)   --->   "%br_ln0 = br void %for.body6"   --->   Operation 20 'br' 'br_ln0' <Predicate = true> <Delay = 0.00>
ST_1 : Operation 21 [1/1] (0.00ns)   --->   "%j_18 = load i3 %j" [src/generic/fp_generic.cpp:290]   --->   Operation 21 'load' 'j_18' <Predicate = true> <Delay = 0.00>
ST_1 : Operation 22 [1/1] (0.00ns)   --->   "%zext_ln290 = zext i3 %j_18" [src/generic/fp_generic.cpp:290]   --->   Operation 22 'zext' 'zext_ln290' <Predicate = true> <Delay = 0.00>
ST_1 : Operation 23 [1/1] (0.57ns)   --->   "%icmp_ln290 = icmp_eq  i3 %j_18, i3 %i_19_read" [src/generic/fp_generic.cpp:290]   --->   Operation 23 'icmp' 'icmp_ln290' <Predicate = true> <Delay = 0.57> <CoreInst = "Cmp">   --->   Core 9 'Cmp' <Latency = 0> <II = 1> <Delay = 0.57> <FuncUnit> <Opcode : 'seteq' 'setne' 'setle' 'setge' 'setlt' 'setgt'> <InPorts = 2> <OutPorts = 1>
ST_1 : Operation 24 [1/1] (0.57ns)   --->   "%add_ln290_9 = add i3 %j_18, i3 1" [src/generic/fp_generic.cpp:290]   --->   Operation 24 'add' 'add_ln290_9' <Predicate = true> <Delay = 0.57> <CoreInst = "Adder">   --->   Core 1 'Adder' <Latency = 0> <II = 1> <Delay = 0.57> <FuncUnit> <Opcode : 'add' 'sub'> <InPorts = 2> <OutPorts = 1>
ST_1 : Operation 25 [1/1] (0.00ns)   --->   "%br_ln290 = br i1 %icmp_ln290, void %for.body6.split, void %for.inc53.loopexit.exitStub" [src/generic/fp_generic.cpp:290]   --->   Operation 25 'br' 'br_ln290' <Predicate = true> <Delay = 0.00>
ST_1 : Operation 26 [1/1] (0.00ns)   --->   "%tmp_s = bitconcatenate i4 @_ssdm_op_BitConcatenate.i4.i1.i3, i1 %mc_offset_read, i3 %j_18" [src/generic/fp_generic.cpp:294]   --->   Operation 26 'bitconcatenate' 'tmp_s' <Predicate = (!icmp_ln290)> <Delay = 0.00>
ST_1 : Operation 27 [1/1] (0.00ns)   --->   "%zext_ln294_4 = zext i4 %tmp_s" [src/generic/fp_generic.cpp:294]   --->   Operation 27 'zext' 'zext_ln294_4' <Predicate = (!icmp_ln290)> <Delay = 0.00>
ST_1 : Operation 28 [1/1] (0.00ns)   --->   "%mc_addr = getelementptr i64 %mc, i64 0, i64 %zext_ln294_4" [src/generic/fp_generic.cpp:294]   --->   Operation 28 'getelementptr' 'mc_addr' <Predicate = (!icmp_ln290)> <Delay = 0.00>
ST_1 : Operation 29 [1/1] (0.00ns)   --->   "%specpipeline_ln278 = specpipeline void @_ssdm_op_SpecPipeline, i32 4294967295, i32 0, i32 0, i32 0, void @empty_34" [src/generic/fp_generic.cpp:278]   --->   Operation 29 'specpipeline' 'specpipeline_ln278' <Predicate = (!icmp_ln290)> <Delay = 0.00>
ST_1 : Operation 30 [1/1] (0.00ns)   --->   "%speclooptripcount_ln278 = speclooptripcount void @_ssdm_op_SpecLoopTripCount, i64 0, i64 7, i64 3" [src/generic/fp_generic.cpp:278]   --->   Operation 30 'speclooptripcount' 'speclooptripcount_ln278' <Predicate = (!icmp_ln290)> <Delay = 0.00>
ST_1 : Operation 31 [1/1] (0.00ns)   --->   "%specloopname_ln290 = specloopname void @_ssdm_op_SpecLoopName, void @empty_26" [src/generic/fp_generic.cpp:290]   --->   Operation 31 'specloopname' 'specloopname_ln290' <Predicate = (!icmp_ln290)> <Delay = 0.00>
ST_1 : Operation 32 [1/1] (0.70ns)   --->   "%icmp_ln292 = icmp_ult  i4 %zext_ln290, i4 %add_ln290_read" [src/generic/fp_generic.cpp:292]   --->   Operation 32 'icmp' 'icmp_ln292' <Predicate = (!icmp_ln290)> <Delay = 0.70> <CoreInst = "Cmp">   --->   Core 9 'Cmp' <Latency = 0> <II = 1> <Delay = 0.70> <FuncUnit> <Opcode : 'seteq' 'setne' 'setle' 'setge' 'setlt' 'setgt'> <InPorts = 2> <OutPorts = 1>
ST_1 : Operation 33 [1/1] (0.00ns)   --->   "%br_ln292 = br i1 %icmp_ln292, void %for.inc30, void %if.then" [src/generic/fp_generic.cpp:292]   --->   Operation 33 'br' 'br_ln292' <Predicate = (!icmp_ln290)> <Delay = 0.00>
ST_1 : Operation 34 [2/2] (0.71ns)   --->   "%mc_load = load i4 %mc_addr" [src/generic/fp_generic.cpp:294]   --->   Operation 34 'load' 'mc_load' <Predicate = (!icmp_ln290 & icmp_ln292)> <Delay = 0.71> <CoreInst = "RAM">   --->   Core 82 'RAM' <Latency = 1> <II = 1> <Delay = 0.71> <Storage> <Opcode : 'load' 'store'> <Ports = 2> <Width = 64> <Depth = 16> <RAM>
ST_1 : Operation 35 [1/1] (0.57ns)   --->   "%sub_ln294 = sub i3 %tmp_124, i3 %j_18" [src/generic/fp_generic.cpp:294]   --->   Operation 35 'sub' 'sub_ln294' <Predicate = (!icmp_ln290 & icmp_ln292)> <Delay = 0.57> <CoreInst = "Adder">   --->   Core 1 'Adder' <Latency = 0> <II = 1> <Delay = 0.57> <FuncUnit> <Opcode : 'add' 'sub'> <InPorts = 2> <OutPorts = 1>
ST_1 : Operation 36 [1/1] (0.00ns)   --->   "%zext_ln294 = zext i3 %sub_ln294" [src/generic/fp_generic.cpp:294]   --->   Operation 36 'zext' 'zext_ln294' <Predicate = (!icmp_ln290 & icmp_ln292)> <Delay = 0.00>
ST_1 : Operation 37 [1/1] (0.00ns)   --->   "%p503p1_1_addr = getelementptr i64 %p503p1_1, i64 0, i64 %zext_ln294" [src/generic/fp_generic.cpp:294]   --->   Operation 37 'getelementptr' 'p503p1_1_addr' <Predicate = (!icmp_ln290 & icmp_ln292)> <Delay = 0.00>
ST_1 : Operation 38 [2/2] (0.71ns)   --->   "%p503p1_1_load = load i3 %p503p1_1_addr" [src/generic/fp_generic.cpp:294]   --->   Operation 38 'load' 'p503p1_1_load' <Predicate = (!icmp_ln290 & icmp_ln292)> <Delay = 0.71> <CoreInst = "ROM">   --->   Core 100 'ROM' <Latency = 1> <II = 1> <Delay = 0.71> <Storage> <Opcode : 'load'> <Ports = 0> <Width = 64> <Depth = 8> <ROM>
ST_1 : Operation 39 [1/1] (0.38ns)   --->   "%store_ln277 = store i3 %add_ln290_9, i3 %j" [src/generic/fp_generic.cpp:277]   --->   Operation 39 'store' 'store_ln277' <Predicate = (!icmp_ln290)> <Delay = 0.38>
ST_1 : Operation 40 [1/1] (0.00ns)   --->   "%br_ln290 = br void %for.body6" [src/generic/fp_generic.cpp:290]   --->   Operation 40 'br' 'br_ln290' <Predicate = (!icmp_ln290)> <Delay = 0.00>

State 2 <SV = 1> <Delay = 5.14>
ST_2 : Operation 41 [1/2] ( I:0.71ns O:0.71ns )   --->   "%mc_load = load i4 %mc_addr" [src/generic/fp_generic.cpp:294]   --->   Operation 41 'load' 'mc_load' <Predicate = (icmp_ln292)> <Delay = 0.71> <CoreInst = "RAM">   --->   Core 82 'RAM' <Latency = 1> <II = 1> <Delay = 0.71> <Storage> <Opcode : 'load' 'store'> <Ports = 2> <Width = 64> <Depth = 16> <RAM>
ST_2 : Operation 42 [1/2] ( I:0.71ns O:0.71ns )   --->   "%p503p1_1_load = load i3 %p503p1_1_addr" [src/generic/fp_generic.cpp:294]   --->   Operation 42 'load' 'p503p1_1_load' <Predicate = (icmp_ln292)> <Delay = 0.71> <CoreInst = "ROM">   --->   Core 100 'ROM' <Latency = 1> <II = 1> <Delay = 0.71> <Storage> <Opcode : 'load'> <Ports = 0> <Width = 64> <Depth = 8> <ROM>
ST_2 : Operation 43 [1/1] (4.43ns)   --->   "%tmp = call i128 @digit_x_digit_hls, i64 %mc_load, i64 %p503p1_1_load" [src/generic/fp_generic.cpp:294]   --->   Operation 43 'call' 'tmp' <Predicate = (!icmp_ln290 & icmp_ln292)> <Delay = 4.43> <CoreType = "Generic">   --->   Generic Core
ST_2 : Operation 44 [1/1] (0.00ns)   --->   "%lo = trunc i128 %tmp" [src/generic/fp_generic.cpp:295]   --->   Operation 44 'trunc' 'lo' <Predicate = (icmp_ln292)> <Delay = 0.00>
ST_2 : Operation 45 [1/1] (0.00ns)   --->   "%hi = partselect i64 @_ssdm_op_PartSelect.i64.i128.i32, i128 %tmp, i32 64" [src/generic/fp_generic.cpp:296]   --->   Operation 45 'partselect' 'hi' <Predicate = (icmp_ln292)> <Delay = 0.00>
ST_2 : Operation 76 [1/1] (0.00ns)   --->   "%t_load_13 = load i64 %t"   --->   Operation 76 'load' 't_load_13' <Predicate = (icmp_ln290)> <Delay = 0.00>
ST_2 : Operation 77 [1/1] (0.00ns)   --->   "%u_86_load_2 = load i64 %u_86"   --->   Operation 77 'load' 'u_86_load_2' <Predicate = (icmp_ln290)> <Delay = 0.00>
ST_2 : Operation 78 [1/1] (0.00ns)   --->   "%v_load = load i64 %v"   --->   Operation 78 'load' 'v_load' <Predicate = (icmp_ln290)> <Delay = 0.00>
ST_2 : Operation 79 [1/1] (0.00ns)   --->   "%write_ln0 = write void @_ssdm_op_Write.ap_auto.i64P0A, i64 %v_153_out, i64 %v_load"   --->   Operation 79 'write' 'write_ln0' <Predicate = (icmp_ln290)> <Delay = 0.00>
ST_2 : Operation 80 [1/1] (0.00ns)   --->   "%write_ln0 = write void @_ssdm_op_Write.ap_auto.i64P0A, i64 %u_86_out, i64 %u_86_load_2"   --->   Operation 80 'write' 'write_ln0' <Predicate = (icmp_ln290)> <Delay = 0.00>
ST_2 : Operation 81 [1/1] (0.00ns)   --->   "%write_ln0 = write void @_ssdm_op_Write.ap_auto.i64P0A, i64 %t_out, i64 %t_load_13"   --->   Operation 81 'write' 'write_ln0' <Predicate = (icmp_ln290)> <Delay = 0.00>
ST_2 : Operation 82 [1/1] (0.38ns)   --->   "%ret_ln0 = ret"   --->   Operation 82 'ret' 'ret_ln0' <Predicate = (icmp_ln290)> <Delay = 0.38>

State 3 <SV = 2> <Delay = 5.26>
ST_3 : Operation 46 [1/1] (0.00ns)   --->   "%t_load = load i64 %t" [src/generic/fp_generic.cpp:299]   --->   Operation 46 'load' 't_load' <Predicate = (icmp_ln292)> <Delay = 0.00>
ST_3 : Operation 47 [1/1] (0.00ns)   --->   "%u_86_load = load i64 %u_86" [src/generic/fp_generic.cpp:298]   --->   Operation 47 'load' 'u_86_load' <Predicate = (icmp_ln292)> <Delay = 0.00>
ST_3 : Operation 48 [1/1] (0.00ns)   --->   "%v_load_18 = load i64 %v" [src/generic/fp_generic.cpp:297]   --->   Operation 48 'load' 'v_load_18' <Predicate = (icmp_ln292)> <Delay = 0.00>
ST_3 : Operation 49 [1/1] (1.14ns)   --->   "%v_152 = add i64 %lo, i64 %v_load_18" [src/generic/fp_generic.cpp:297]   --->   Operation 49 'add' 'v_152' <Predicate = (icmp_ln292)> <Delay = 1.14> <CoreInst = "Adder">   --->   Core 1 'Adder' <Latency = 0> <II = 1> <Delay = 1.14> <FuncUnit> <Opcode : 'add' 'sub'> <InPorts = 2> <OutPorts = 1>
ST_3 : Operation 50 [1/1] (0.00ns) (grouped into LUT with out node tempReg)   --->   "%xor_ln105 = xor i64 %lo, i64 %v_152" [src/config.h:105->src/generic/fp_generic.cpp:297]   --->   Operation 50 'xor' 'xor_ln105' <Predicate = (icmp_ln292)> <Delay = 0.00> <CoreInst = "LogicGate">   --->   Core 74 'LogicGate' <Latency = 0> <II = 1> <Delay = 0.28> <FuncUnit> <Opcode : 'and' 'or' 'xor'> <InPorts = 2> <OutPorts = 1>
ST_3 : Operation 51 [1/1] (0.00ns) (grouped into LUT with out node tempReg)   --->   "%xor_ln105_283 = xor i64 %v_load_18, i64 %lo" [src/config.h:105->src/generic/fp_generic.cpp:297]   --->   Operation 51 'xor' 'xor_ln105_283' <Predicate = (icmp_ln292)> <Delay = 0.00> <CoreInst = "LogicGate">   --->   Core 74 'LogicGate' <Latency = 0> <II = 1> <Delay = 0.28> <FuncUnit> <Opcode : 'and' 'or' 'xor'> <InPorts = 2> <OutPorts = 1>
ST_3 : Operation 52 [1/1] (0.00ns) (grouped into LUT with out node tempReg)   --->   "%or_ln105 = or i64 %xor_ln105_283, i64 %xor_ln105" [src/config.h:105->src/generic/fp_generic.cpp:297]   --->   Operation 52 'or' 'or_ln105' <Predicate = (icmp_ln292)> <Delay = 0.00> <CoreInst = "LogicGate">   --->   Core 74 'LogicGate' <Latency = 0> <II = 1> <Delay = 0.28> <FuncUnit> <Opcode : 'and' 'or' 'xor'> <InPorts = 2> <OutPorts = 1>
ST_3 : Operation 53 [1/1] (0.00ns) (grouped into LUT with out node tempReg)   --->   "%xor_ln105_284 = xor i64 %or_ln105, i64 %v_152" [src/config.h:105->src/generic/fp_generic.cpp:297]   --->   Operation 53 'xor' 'xor_ln105_284' <Predicate = (icmp_ln292)> <Delay = 0.00> <CoreInst = "LogicGate">   --->   Core 74 'LogicGate' <Latency = 0> <II = 1> <Delay = 0.28> <FuncUnit> <Opcode : 'and' 'or' 'xor'> <InPorts = 2> <OutPorts = 1>
ST_3 : Operation 54 [1/1] (0.00ns) (grouped into LUT with out node tempReg)   --->   "%carry = bitselect i1 @_ssdm_op_BitSelect.i1.i64.i32, i64 %xor_ln105_284, i32 63" [src/config.h:105->src/generic/fp_generic.cpp:297]   --->   Operation 54 'bitselect' 'carry' <Predicate = (icmp_ln292)> <Delay = 0.00>
ST_3 : Operation 55 [1/1] (0.00ns) (grouped into LUT with out node tempReg)   --->   "%zext_ln105 = zext i1 %carry" [src/config.h:105->src/generic/fp_generic.cpp:297]   --->   Operation 55 'zext' 'zext_ln105' <Predicate = (icmp_ln292)> <Delay = 0.00>
ST_3 : Operation 56 [1/1] (1.14ns) (out node of the LUT)   --->   "%tempReg = add i64 %hi, i64 %zext_ln105" [src/generic/fp_generic.cpp:298]   --->   Operation 56 'add' 'tempReg' <Predicate = (icmp_ln292)> <Delay = 1.14> <CoreInst = "Adder">   --->   Core 1 'Adder' <Latency = 0> <II = 1> <Delay = 1.14> <FuncUnit> <Opcode : 'add' 'sub'> <InPorts = 2> <OutPorts = 1>
ST_3 : Operation 57 [1/1] (1.14ns)   --->   "%u_106 = add i64 %tempReg, i64 %u_86_load" [src/generic/fp_generic.cpp:298]   --->   Operation 57 'add' 'u_106' <Predicate = (icmp_ln292)> <Delay = 1.14> <CoreInst = "Adder">   --->   Core 1 'Adder' <Latency = 0> <II = 1> <Delay = 1.14> <FuncUnit> <Opcode : 'add' 'sub'> <InPorts = 2> <OutPorts = 1>
ST_3 : Operation 58 [1/1] (0.00ns) (grouped into LUT with out node t_50)   --->   "%bit_sel = bitselect i1 @_ssdm_op_BitSelect.i1.i64.i64, i64 %tempReg, i64 63" [src/config.h:105->src/generic/fp_generic.cpp:298]   --->   Operation 58 'bitselect' 'bit_sel' <Predicate = (icmp_ln292)> <Delay = 0.00>
ST_3 : Operation 59 [1/1] (0.00ns) (grouped into LUT with out node t_50)   --->   "%xor_ln105_285 = xor i1 %bit_sel, i1 1" [src/config.h:105->src/generic/fp_generic.cpp:298]   --->   Operation 59 'xor' 'xor_ln105_285' <Predicate = (icmp_ln292)> <Delay = 0.00> <CoreInst = "LogicGate">   --->   Core 74 'LogicGate' <Latency = 0> <II = 1> <Delay = 0.12> <FuncUnit> <Opcode : 'and' 'or' 'xor'> <InPorts = 2> <OutPorts = 1>
ST_3 : Operation 60 [1/1] (0.00ns) (grouped into LUT with out node t_50)   --->   "%trunc_ln105 = trunc i64 %tempReg" [src/config.h:105->src/generic/fp_generic.cpp:298]   --->   Operation 60 'trunc' 'trunc_ln105' <Predicate = (icmp_ln292)> <Delay = 0.00>
ST_3 : Operation 61 [1/1] (0.00ns) (grouped into LUT with out node t_50)   --->   "%xor_ln105_s = bitconcatenate i64 @_ssdm_op_BitConcatenate.i64.i1.i63, i1 %xor_ln105_285, i63 %trunc_ln105" [src/config.h:105->src/generic/fp_generic.cpp:298]   --->   Operation 61 'bitconcatenate' 'xor_ln105_s' <Predicate = (icmp_ln292)> <Delay = 0.00>
ST_3 : Operation 62 [1/1] (0.00ns) (grouped into LUT with out node t_50)   --->   "%and_ln105 = and i64 %hi, i64 %xor_ln105_s" [src/config.h:105->src/generic/fp_generic.cpp:298]   --->   Operation 62 'and' 'and_ln105' <Predicate = (icmp_ln292)> <Delay = 0.00> <CoreInst = "LogicGate">   --->   Core 74 'LogicGate' <Latency = 0> <II = 1> <Delay = 0.28> <FuncUnit> <Opcode : 'and' 'or' 'xor'> <InPorts = 2> <OutPorts = 1>
ST_3 : Operation 63 [1/1] (0.00ns) (grouped into LUT with out node t_50)   --->   "%tmp_126 = bitselect i1 @_ssdm_op_BitSelect.i1.i64.i32, i64 %and_ln105, i32 63" [src/config.h:103->src/generic/fp_generic.cpp:298]   --->   Operation 63 'bitselect' 'tmp_126' <Predicate = (icmp_ln292)> <Delay = 0.00>
ST_3 : Operation 64 [1/1] (0.00ns) (grouped into LUT with out node tmp_127)   --->   "%xor_ln105_286 = xor i64 %tempReg, i64 %u_106" [src/config.h:105->src/generic/fp_generic.cpp:298]   --->   Operation 64 'xor' 'xor_ln105_286' <Predicate = (icmp_ln292)> <Delay = 0.00> <CoreInst = "LogicGate">   --->   Core 74 'LogicGate' <Latency = 0> <II = 1> <Delay = 0.28> <FuncUnit> <Opcode : 'and' 'or' 'xor'> <InPorts = 2> <OutPorts = 1>
ST_3 : Operation 65 [1/1] (0.00ns) (grouped into LUT with out node tmp_127)   --->   "%xor_ln105_287 = xor i64 %u_86_load, i64 %tempReg" [src/config.h:105->src/generic/fp_generic.cpp:298]   --->   Operation 65 'xor' 'xor_ln105_287' <Predicate = (icmp_ln292)> <Delay = 0.00> <CoreInst = "LogicGate">   --->   Core 74 'LogicGate' <Latency = 0> <II = 1> <Delay = 0.28> <FuncUnit> <Opcode : 'and' 'or' 'xor'> <InPorts = 2> <OutPorts = 1>
ST_3 : Operation 66 [1/1] (0.00ns) (grouped into LUT with out node tmp_127)   --->   "%or_ln105_47 = or i64 %xor_ln105_287, i64 %xor_ln105_286" [src/config.h:105->src/generic/fp_generic.cpp:298]   --->   Operation 66 'or' 'or_ln105_47' <Predicate = (icmp_ln292)> <Delay = 0.00> <CoreInst = "LogicGate">   --->   Core 74 'LogicGate' <Latency = 0> <II = 1> <Delay = 0.28> <FuncUnit> <Opcode : 'and' 'or' 'xor'> <InPorts = 2> <OutPorts = 1>
ST_3 : Operation 67 [1/1] (0.00ns) (grouped into LUT with out node tmp_127)   --->   "%xor_ln105_288 = xor i64 %or_ln105_47, i64 %u_106" [src/config.h:105->src/generic/fp_generic.cpp:298]   --->   Operation 67 'xor' 'xor_ln105_288' <Predicate = (icmp_ln292)> <Delay = 0.00> <CoreInst = "LogicGate">   --->   Core 74 'LogicGate' <Latency = 0> <II = 1> <Delay = 0.28> <FuncUnit> <Opcode : 'and' 'or' 'xor'> <InPorts = 2> <OutPorts = 1>
ST_3 : Operation 68 [1/1] (0.28ns) (out node of the LUT)   --->   "%tmp_127 = bitselect i1 @_ssdm_op_BitSelect.i1.i64.i32, i64 %xor_ln105_288, i32 63" [src/generic/fp_generic.cpp:298]   --->   Operation 68 'bitselect' 'tmp_127' <Predicate = (icmp_ln292)> <Delay = 0.28>
ST_3 : Operation 69 [1/1] (0.00ns) (grouped into LUT with out node t_50)   --->   "%carry_79 = or i1 %tmp_127, i1 %tmp_126" [src/generic/fp_generic.cpp:298]   --->   Operation 69 'or' 'carry_79' <Predicate = (icmp_ln292)> <Delay = 0.00> <CoreInst = "LogicGate">   --->   Core 74 'LogicGate' <Latency = 0> <II = 1> <Delay = 0.12> <FuncUnit> <Opcode : 'and' 'or' 'xor'> <InPorts = 2> <OutPorts = 1>
ST_3 : Operation 70 [1/1] (0.00ns) (grouped into LUT with out node t_50)   --->   "%zext_ln299 = zext i1 %carry_79" [src/generic/fp_generic.cpp:299]   --->   Operation 70 'zext' 'zext_ln299' <Predicate = (icmp_ln292)> <Delay = 0.00>
ST_3 : Operation 71 [1/1] (1.14ns) (out node of the LUT)   --->   "%t_50 = add i64 %t_load, i64 %zext_ln299" [src/generic/fp_generic.cpp:299]   --->   Operation 71 'add' 't_50' <Predicate = (icmp_ln292)> <Delay = 1.14> <CoreInst = "Adder">   --->   Core 1 'Adder' <Latency = 0> <II = 1> <Delay = 1.14> <FuncUnit> <Opcode : 'add' 'sub'> <InPorts = 2> <OutPorts = 1>
ST_3 : Operation 72 [1/1] (0.38ns)   --->   "%store_ln278 = store i64 %v_152, i64 %v" [src/generic/fp_generic.cpp:278]   --->   Operation 72 'store' 'store_ln278' <Predicate = (icmp_ln292)> <Delay = 0.38>
ST_3 : Operation 73 [1/1] (0.38ns)   --->   "%store_ln278 = store i64 %u_106, i64 %u_86" [src/generic/fp_generic.cpp:278]   --->   Operation 73 'store' 'store_ln278' <Predicate = (icmp_ln292)> <Delay = 0.38>
ST_3 : Operation 74 [1/1] (0.38ns)   --->   "%store_ln278 = store i64 %t_50, i64 %t" [src/generic/fp_generic.cpp:278]   --->   Operation 74 'store' 'store_ln278' <Predicate = (icmp_ln292)> <Delay = 0.38>
ST_3 : Operation 75 [1/1] (0.00ns)   --->   "%br_ln300 = br void %for.inc30" [src/generic/fp_generic.cpp:300]   --->   Operation 75 'br' 'br_ln300' <Predicate = (icmp_ln292)> <Delay = 0.00>


============================================================
+ Verbose Summary: Binding
============================================================
STG Binding: 
---------------- STG Properties BEGIN ----------------
- Is combinational: 0
- Is one-state seq: 0
- Is datapath-only: 0
- Is pipelined: 0
- Is top level: 0
Port [ Return ] is wired: 1; IO mode=ap_ctrl_hs:ce=0
Port [ v_088]:  wired=1; compound=0; hidden=0; nouse=0; global=0; static=0; extern=0; dir=0; type=0; pingpong=0; private_global=0; IO mode=ap_none:ce=0
Port [ u]:  wired=1; compound=0; hidden=0; nouse=0; global=0; static=0; extern=0; dir=0; type=0; pingpong=0; private_global=0; IO mode=ap_none:ce=0
Port [ i_19]:  wired=1; compound=0; hidden=0; nouse=0; global=0; static=0; extern=0; dir=0; type=0; pingpong=0; private_global=0; IO mode=ap_none:ce=0
Port [ mc_offset]:  wired=1; compound=0; hidden=0; nouse=0; global=0; static=0; extern=0; dir=0; type=0; pingpong=0; private_global=0; IO mode=ap_none:ce=0
Port [ mc]:  wired=1; compound=1; hidden=0; nouse=0; global=0; static=0; extern=0; dir=0; type=1; pingpong=0; private_global=0; MemPort=[13]; IO mode=ap_memory:ce=0
Port [ add_ln290]:  wired=1; compound=0; hidden=0; nouse=0; global=0; static=0; extern=0; dir=0; type=0; pingpong=0; private_global=0; IO mode=ap_none:ce=0
Port [ empty]:  wired=1; compound=0; hidden=0; nouse=0; global=0; static=0; extern=0; dir=0; type=0; pingpong=0; private_global=0; IO mode=ap_none:ce=0
Port [ v_153_out]:  wired=1; compound=0; hidden=0; nouse=0; global=0; static=0; extern=0; dir=1; type=0; pingpong=0; private_global=0; IO mode=ap_vld:ce=0
Port [ u_86_out]:  wired=1; compound=0; hidden=0; nouse=0; global=0; static=0; extern=0; dir=1; type=0; pingpong=0; private_global=0; IO mode=ap_vld:ce=0
Port [ t_out]:  wired=1; compound=0; hidden=0; nouse=0; global=0; static=0; extern=0; dir=1; type=0; pingpong=0; private_global=0; IO mode=ap_vld:ce=0
Port [ p503p1_1]:  wired=0; compound=1; hidden=1; nouse=0; global=1; static=1; extern=0; dir=0; type=1; pingpong=0; private_global=0; MemPort=[1]; IO mode=ap_memory:ce=0
---------------- STG Properties END ------------------

---------------- Datapath Model BEGIN ----------------

<LifeTime>
<method=bitvector/>
j                       (alloca           ) [ 0100]
t                       (alloca           ) [ 0111]
u_86                    (alloca           ) [ 0111]
v                       (alloca           ) [ 0111]
tmp_124                 (read             ) [ 0000]
add_ln290_read          (read             ) [ 0000]
mc_offset_read          (read             ) [ 0000]
i_19_read               (read             ) [ 0000]
u_read                  (read             ) [ 0000]
v_088_read              (read             ) [ 0000]
store_ln278             (store            ) [ 0000]
store_ln278             (store            ) [ 0000]
store_ln278             (store            ) [ 0000]
store_ln277             (store            ) [ 0000]
br_ln0                  (br               ) [ 0000]
j_18                    (load             ) [ 0000]
zext_ln290              (zext             ) [ 0000]
icmp_ln290              (icmp             ) [ 0110]
add_ln290_9             (add              ) [ 0000]
br_ln290                (br               ) [ 0000]
tmp_s                   (bitconcatenate   ) [ 0000]
zext_ln294_4            (zext             ) [ 0000]
mc_addr                 (getelementptr    ) [ 0110]
specpipeline_ln278      (specpipeline     ) [ 0000]
speclooptripcount_ln278 (speclooptripcount) [ 0000]
specloopname_ln290      (specloopname     ) [ 0000]
icmp_ln292              (icmp             ) [ 0111]
br_ln292                (br               ) [ 0000]
sub_ln294               (sub              ) [ 0000]
zext_ln294              (zext             ) [ 0000]
p503p1_1_addr           (getelementptr    ) [ 0110]
store_ln277             (store            ) [ 0000]
br_ln290                (br               ) [ 0000]
mc_load                 (load             ) [ 0000]
p503p1_1_load           (load             ) [ 0000]
tmp                     (call             ) [ 0000]
lo                      (trunc            ) [ 0101]
hi                      (partselect       ) [ 0101]
t_load                  (load             ) [ 0000]
u_86_load               (load             ) [ 0000]
v_load_18               (load             ) [ 0000]
v_152                   (add              ) [ 0000]
xor_ln105               (xor              ) [ 0000]
xor_ln105_283           (xor              ) [ 0000]
or_ln105                (or               ) [ 0000]
xor_ln105_284           (xor              ) [ 0000]
carry                   (bitselect        ) [ 0000]
zext_ln105              (zext             ) [ 0000]
tempReg                 (add              ) [ 0000]
u_106                   (add              ) [ 0000]
bit_sel                 (bitselect        ) [ 0000]
xor_ln105_285           (xor              ) [ 0000]
trunc_ln105             (trunc            ) [ 0000]
xor_ln105_s             (bitconcatenate   ) [ 0000]
and_ln105               (and              ) [ 0000]
tmp_126                 (bitselect        ) [ 0000]
xor_ln105_286           (xor              ) [ 0000]
xor_ln105_287           (xor              ) [ 0000]
or_ln105_47             (or               ) [ 0000]
xor_ln105_288           (xor              ) [ 0000]
tmp_127                 (bitselect        ) [ 0000]
carry_79                (or               ) [ 0000]
zext_ln299              (zext             ) [ 0000]
t_50                    (add              ) [ 0000]
store_ln278             (store            ) [ 0000]
store_ln278             (store            ) [ 0000]
store_ln278             (store            ) [ 0000]
br_ln300                (br               ) [ 0000]
t_load_13               (load             ) [ 0000]
u_86_load_2             (load             ) [ 0000]
v_load                  (load             ) [ 0000]
write_ln0               (write            ) [ 0000]
write_ln0               (write            ) [ 0000]
write_ln0               (write            ) [ 0000]
ret_ln0                 (ret              ) [ 0000]
</LifeTime>

<model>

<comp_list>
<comp id="0" class="1000" name="v_088">
<pin_list>
<pin id="1" dir="1" index="0" bw="1" slack="0"/>
</pin_list>
<bind>
<StgValue><ssdm name="v_088"/></StgValue>
</bind>
</comp>

<comp id="2" class="1000" name="u">
<pin_list>
<pin id="3" dir="1" index="0" bw="1" slack="0"/>
</pin_list>
<bind>
<StgValue><ssdm name="u"/></StgValue>
</bind>
</comp>

<comp id="4" class="1000" name="i_19">
<pin_list>
<pin id="5" dir="1" index="0" bw="1" slack="0"/>
</pin_list>
<bind>
<StgValue><ssdm name="i_19"/></StgValue>
</bind>
</comp>

<comp id="6" class="1000" name="mc_offset">
<pin_list>
<pin id="7" dir="1" index="0" bw="1" slack="0"/>
</pin_list>
<bind>
<StgValue><ssdm name="mc_offset"/></StgValue>
</bind>
</comp>

<comp id="8" class="1000" name="mc">
<pin_list>
<pin id="9" dir="1" index="0" bw="1" slack="0"/>
</pin_list>
<bind>
<StgValue><ssdm name="mc"/><MemPortTyVec>1 3 </MemPortTyVec>
</StgValue>
</bind>
</comp>

<comp id="10" class="1000" name="add_ln290">
<pin_list>
<pin id="11" dir="1" index="0" bw="1" slack="0"/>
</pin_list>
<bind>
<StgValue><ssdm name="add_ln290"/></StgValue>
</bind>
</comp>

<comp id="12" class="1000" name="empty">
<pin_list>
<pin id="13" dir="1" index="0" bw="1" slack="0"/>
</pin_list>
<bind>
<StgValue><ssdm name="empty"/></StgValue>
</bind>
</comp>

<comp id="14" class="1000" name="v_153_out">
<pin_list>
<pin id="15" dir="1" index="0" bw="1" slack="0"/>
</pin_list>
<bind>
<StgValue><ssdm name="v_153_out"/></StgValue>
</bind>
</comp>

<comp id="16" class="1000" name="u_86_out">
<pin_list>
<pin id="17" dir="1" index="0" bw="1" slack="0"/>
</pin_list>
<bind>
<StgValue><ssdm name="u_86_out"/></StgValue>
</bind>
</comp>

<comp id="18" class="1000" name="t_out">
<pin_list>
<pin id="19" dir="1" index="0" bw="1" slack="0"/>
</pin_list>
<bind>
<StgValue><ssdm name="t_out"/></StgValue>
</bind>
</comp>

<comp id="20" class="1000" name="p503p1_1">
<pin_list>
<pin id="21" dir="1" index="0" bw="1" slack="0"/>
</pin_list>
<bind>
<StgValue><ssdm name="p503p1_1"/><MemPortTyVec>1 </MemPortTyVec>
</StgValue>
</bind>
</comp>

<comp id="22" class="1001" name="const_22">
<pin_list>
<pin id="23" dir="1" index="0" bw="1" slack="0"/>
</pin_list>
<bind>
<StgValue><ssdm name=""/></StgValue>
</bind>
</comp>

<comp id="24" class="1001" name="const_24">
<pin_list>
<pin id="25" dir="1" index="0" bw="1" slack="0"/>
</pin_list>
<bind>
<StgValue><ssdm name="_ssdm_op_Read.ap_auto.i3"/></StgValue>
</bind>
</comp>

<comp id="26" class="1001" name="const_26">
<pin_list>
<pin id="27" dir="1" index="0" bw="1" slack="0"/>
</pin_list>
<bind>
<StgValue><ssdm name="_ssdm_op_Read.ap_auto.i4"/></StgValue>
</bind>
</comp>

<comp id="28" class="1001" name="const_28">
<pin_list>
<pin id="29" dir="1" index="0" bw="1" slack="0"/>
</pin_list>
<bind>
<StgValue><ssdm name="_ssdm_op_Read.ap_auto.i1"/></StgValue>
</bind>
</comp>

<comp id="30" class="1001" name="const_30">
<pin_list>
<pin id="31" dir="1" index="0" bw="1" slack="0"/>
</pin_list>
<bind>
<StgValue><ssdm name="_ssdm_op_Read.ap_auto.i64"/></StgValue>
</bind>
</comp>

<comp id="32" class="1001" name="const_32">
<pin_list>
<pin id="33" dir="1" index="0" bw="1" slack="0"/>
</pin_list>
<bind>
<StgValue><ssdm name=""/></StgValue>
</bind>
</comp>

<comp id="34" class="1001" name="const_34">
<pin_list>
<pin id="35" dir="1" index="0" bw="1" slack="0"/>
</pin_list>
<bind>
<StgValue><ssdm name=""/></StgValue>
</bind>
</comp>

<comp id="36" class="1001" name="const_36">
<pin_list>
<pin id="37" dir="1" index="0" bw="1" slack="0"/>
</pin_list>
<bind>
<StgValue><ssdm name=""/></StgValue>
</bind>
</comp>

<comp id="38" class="1001" name="const_38">
<pin_list>
<pin id="39" dir="1" index="0" bw="1" slack="0"/>
</pin_list>
<bind>
<StgValue><ssdm name="_ssdm_op_BitConcatenate.i4.i1.i3"/></StgValue>
</bind>
</comp>

<comp id="40" class="1001" name="const_40">
<pin_list>
<pin id="41" dir="1" index="0" bw="1" slack="2147483647"/>
</pin_list>
<bind>
<StgValue><ssdm name="_ssdm_op_SpecPipeline"/></StgValue>
</bind>
</comp>

<comp id="42" class="1001" name="const_42">
<pin_list>
<pin id="43" dir="1" index="0" bw="1" slack="2147483647"/>
</pin_list>
<bind>
<StgValue><ssdm name=""/></StgValue>
</bind>
</comp>

<comp id="44" class="1001" name="const_44">
<pin_list>
<pin id="45" dir="1" index="0" bw="1" slack="2147483647"/>
</pin_list>
<bind>
<StgValue><ssdm name=""/></StgValue>
</bind>
</comp>

<comp id="46" class="1001" name="const_46">
<pin_list>
<pin id="47" dir="1" index="0" bw="1" slack="2147483647"/>
</pin_list>
<bind>
<StgValue><ssdm name="empty_34"/></StgValue>
</bind>
</comp>

<comp id="48" class="1001" name="const_48">
<pin_list>
<pin id="49" dir="1" index="0" bw="1" slack="2147483647"/>
</pin_list>
<bind>
<StgValue><ssdm name="_ssdm_op_SpecLoopTripCount"/></StgValue>
</bind>
</comp>

<comp id="50" class="1001" name="const_50">
<pin_list>
<pin id="51" dir="1" index="0" bw="1" slack="2147483647"/>
</pin_list>
<bind>
<StgValue><ssdm name=""/></StgValue>
</bind>
</comp>

<comp id="52" class="1001" name="const_52">
<pin_list>
<pin id="53" dir="1" index="0" bw="1" slack="2147483647"/>
</pin_list>
<bind>
<StgValue><ssdm name=""/></StgValue>
</bind>
</comp>

<comp id="54" class="1001" name="const_54">
<pin_list>
<pin id="55" dir="1" index="0" bw="1" slack="2147483647"/>
</pin_list>
<bind>
<StgValue><ssdm name="_ssdm_op_SpecLoopName"/></StgValue>
</bind>
</comp>

<comp id="56" class="1001" name="const_56">
<pin_list>
<pin id="57" dir="1" index="0" bw="1" slack="2147483647"/>
</pin_list>
<bind>
<StgValue><ssdm name="empty_26"/></StgValue>
</bind>
</comp>

<comp id="58" class="1001" name="const_58">
<pin_list>
<pin id="59" dir="1" index="0" bw="1" slack="0"/>
</pin_list>
<bind>
<StgValue><ssdm name="digit_x_digit_hls"/></StgValue>
</bind>
</comp>

<comp id="60" class="1001" name="const_60">
<pin_list>
<pin id="61" dir="1" index="0" bw="1" slack="0"/>
</pin_list>
<bind>
<StgValue><ssdm name="_ssdm_op_PartSelect.i64.i128.i32"/></StgValue>
</bind>
</comp>

<comp id="62" class="1001" name="const_62">
<pin_list>
<pin id="63" dir="1" index="0" bw="1" slack="0"/>
</pin_list>
<bind>
<StgValue><ssdm name=""/></StgValue>
</bind>
</comp>

<comp id="64" class="1001" name="const_64">
<pin_list>
<pin id="65" dir="1" index="0" bw="1" slack="0"/>
</pin_list>
<bind>
<StgValue><ssdm name="_ssdm_op_BitSelect.i1.i64.i32"/></StgValue>
</bind>
</comp>

<comp id="66" class="1001" name="const_66">
<pin_list>
<pin id="67" dir="1" index="0" bw="1" slack="0"/>
</pin_list>
<bind>
<StgValue><ssdm name=""/></StgValue>
</bind>
</comp>

<comp id="68" class="1001" name="const_68">
<pin_list>
<pin id="69" dir="1" index="0" bw="1" slack="0"/>
</pin_list>
<bind>
<StgValue><ssdm name="_ssdm_op_BitSelect.i1.i64.i64"/></StgValue>
</bind>
</comp>

<comp id="70" class="1001" name="const_70">
<pin_list>
<pin id="71" dir="1" index="0" bw="1" slack="0"/>
</pin_list>
<bind>
<StgValue><ssdm name=""/></StgValue>
</bind>
</comp>

<comp id="72" class="1001" name="const_72">
<pin_list>
<pin id="73" dir="1" index="0" bw="1" slack="0"/>
</pin_list>
<bind>
<StgValue><ssdm name=""/></StgValue>
</bind>
</comp>

<comp id="74" class="1001" name="const_74">
<pin_list>
<pin id="75" dir="1" index="0" bw="1" slack="0"/>
</pin_list>
<bind>
<StgValue><ssdm name="_ssdm_op_BitConcatenate.i64.i1.i63"/></StgValue>
</bind>
</comp>

<comp id="76" class="1001" name="const_76">
<pin_list>
<pin id="77" dir="1" index="0" bw="1" slack="0"/>
</pin_list>
<bind>
<StgValue><ssdm name="_ssdm_op_Write.ap_auto.i64P0A"/></StgValue>
</bind>
</comp>

<comp id="78" class="1004" name="j_fu_78">
<pin_list>
<pin id="79" dir="0" index="0" bw="1" slack="0"/>
<pin id="80" dir="1" index="1" bw="3" slack="0"/>
</pin_list>
<bind>
<opcode="alloca(26) " fcode="alloca"/>
<opset="j/1 "/>
</bind>
</comp>

<comp id="82" class="1004" name="t_fu_82">
<pin_list>
<pin id="83" dir="0" index="0" bw="1" slack="0"/>
<pin id="84" dir="1" index="1" bw="64" slack="0"/>
</pin_list>
<bind>
<opcode="alloca(26) " fcode="alloca"/>
<opset="t/1 "/>
</bind>
</comp>

<comp id="86" class="1004" name="u_86_fu_86">
<pin_list>
<pin id="87" dir="0" index="0" bw="1" slack="0"/>
<pin id="88" dir="1" index="1" bw="64" slack="0"/>
</pin_list>
<bind>
<opcode="alloca(26) " fcode="alloca"/>
<opset="u_86/1 "/>
</bind>
</comp>

<comp id="90" class="1004" name="v_fu_90">
<pin_list>
<pin id="91" dir="0" index="0" bw="1" slack="0"/>
<pin id="92" dir="1" index="1" bw="64" slack="0"/>
</pin_list>
<bind>
<opcode="alloca(26) " fcode="alloca"/>
<opset="v/1 "/>
</bind>
</comp>

<comp id="94" class="1004" name="tmp_124_read_fu_94">
<pin_list>
<pin id="95" dir="0" index="0" bw="3" slack="0"/>
<pin id="96" dir="0" index="1" bw="3" slack="0"/>
<pin id="97" dir="1" index="2" bw="3" slack="0"/>
</pin_list>
<bind>
<opcode="read(1150) " fcode="read"/>
<opset="tmp_124/1 "/>
</bind>
</comp>

<comp id="100" class="1004" name="add_ln290_read_read_fu_100">
<pin_list>
<pin id="101" dir="0" index="0" bw="4" slack="0"/>
<pin id="102" dir="0" index="1" bw="4" slack="0"/>
<pin id="103" dir="1" index="2" bw="4" slack="0"/>
</pin_list>
<bind>
<opcode="read(1150) " fcode="read"/>
<opset="add_ln290_read/1 "/>
</bind>
</comp>

<comp id="106" class="1004" name="mc_offset_read_read_fu_106">
<pin_list>
<pin id="107" dir="0" index="0" bw="1" slack="0"/>
<pin id="108" dir="0" index="1" bw="1" slack="0"/>
<pin id="109" dir="1" index="2" bw="1" slack="0"/>
</pin_list>
<bind>
<opcode="read(1150) " fcode="read"/>
<opset="mc_offset_read/1 "/>
</bind>
</comp>

<comp id="112" class="1004" name="i_19_read_read_fu_112">
<pin_list>
<pin id="113" dir="0" index="0" bw="3" slack="0"/>
<pin id="114" dir="0" index="1" bw="3" slack="0"/>
<pin id="115" dir="1" index="2" bw="3" slack="0"/>
</pin_list>
<bind>
<opcode="read(1150) " fcode="read"/>
<opset="i_19_read/1 "/>
</bind>
</comp>

<comp id="118" class="1004" name="u_read_read_fu_118">
<pin_list>
<pin id="119" dir="0" index="0" bw="64" slack="0"/>
<pin id="120" dir="0" index="1" bw="64" slack="0"/>
<pin id="121" dir="1" index="2" bw="64" slack="0"/>
</pin_list>
<bind>
<opcode="read(1150) " fcode="read"/>
<opset="u_read/1 "/>
</bind>
</comp>

<comp id="124" class="1004" name="v_088_read_read_fu_124">
<pin_list>
<pin id="125" dir="0" index="0" bw="64" slack="0"/>
<pin id="126" dir="0" index="1" bw="64" slack="0"/>
<pin id="127" dir="1" index="2" bw="64" slack="0"/>
</pin_list>
<bind>
<opcode="read(1150) " fcode="read"/>
<opset="v_088_read/1 "/>
</bind>
</comp>

<comp id="130" class="1004" name="write_ln0_write_fu_130">
<pin_list>
<pin id="131" dir="0" index="0" bw="0" slack="0"/>
<pin id="132" dir="0" index="1" bw="64" slack="0"/>
<pin id="133" dir="0" index="2" bw="64" slack="0"/>
<pin id="134" dir="1" index="3" bw="0" slack="2147483647"/>
</pin_list>
<bind>
<opcode="write(1151) " fcode="write"/>
<opset="write_ln0/2 "/>
</bind>
</comp>

<comp id="137" class="1004" name="write_ln0_write_fu_137">
<pin_list>
<pin id="138" dir="0" index="0" bw="0" slack="0"/>
<pin id="139" dir="0" index="1" bw="64" slack="0"/>
<pin id="140" dir="0" index="2" bw="64" slack="0"/>
<pin id="141" dir="1" index="3" bw="0" slack="2147483647"/>
</pin_list>
<bind>
<opcode="write(1151) " fcode="write"/>
<opset="write_ln0/2 "/>
</bind>
</comp>

<comp id="144" class="1004" name="write_ln0_write_fu_144">
<pin_list>
<pin id="145" dir="0" index="0" bw="0" slack="0"/>
<pin id="146" dir="0" index="1" bw="64" slack="0"/>
<pin id="147" dir="0" index="2" bw="64" slack="0"/>
<pin id="148" dir="1" index="3" bw="0" slack="2147483647"/>
</pin_list>
<bind>
<opcode="write(1151) " fcode="write"/>
<opset="write_ln0/2 "/>
</bind>
</comp>

<comp id="151" class="1004" name="mc_addr_gep_fu_151">
<pin_list>
<pin id="152" dir="0" index="0" bw="64" slack="0"/>
<pin id="153" dir="0" index="1" bw="1" slack="0"/>
<pin id="154" dir="0" index="2" bw="4" slack="0"/>
<pin id="155" dir="1" index="3" bw="4" slack="0"/>
</pin_list>
<bind>
<opcode="getelementptr(29) " fcode="getelementptr"/>
<opset="mc_addr/1 "/>
</bind>
</comp>

<comp id="158" class="1004" name="grp_access_fu_158">
<pin_list>
<pin id="159" dir="0" index="0" bw="4" slack="0"/>
<pin id="160" dir="0" index="1" bw="64" slack="2147483647"/>
<pin id="161" dir="0" index="2" bw="0" slack="2147483647"/>
<pin id="162" dir="1" index="3" bw="64" slack="0"/>
</pin_list>
<bind>
<opcode="load(27) " fcode="load"/>
<opset="mc_load/1 "/>
</bind>
</comp>

<comp id="164" class="1004" name="p503p1_1_addr_gep_fu_164">
<pin_list>
<pin id="165" dir="0" index="0" bw="64" slack="0"/>
<pin id="166" dir="0" index="1" bw="1" slack="0"/>
<pin id="167" dir="0" index="2" bw="3" slack="0"/>
<pin id="168" dir="1" index="3" bw="3" slack="0"/>
</pin_list>
<bind>
<opcode="getelementptr(29) " fcode="getelementptr"/>
<opset="p503p1_1_addr/1 "/>
</bind>
</comp>

<comp id="171" class="1004" name="grp_access_fu_171">
<pin_list>
<pin id="172" dir="0" index="0" bw="3" slack="0"/>
<pin id="173" dir="0" index="1" bw="64" slack="2147483647"/>
<pin id="174" dir="0" index="2" bw="0" slack="2147483647"/>
<pin id="175" dir="1" index="3" bw="64" slack="0"/>
</pin_list>
<bind>
<opcode="load(27) " fcode="load"/>
<opset="p503p1_1_load/1 "/>
</bind>
</comp>

<comp id="177" class="1004" name="tmp_digit_x_digit_hls_fu_177">
<pin_list>
<pin id="178" dir="0" index="0" bw="128" slack="0"/>
<pin id="179" dir="0" index="1" bw="64" slack="0"/>
<pin id="180" dir="0" index="2" bw="64" slack="0"/>
<pin id="181" dir="1" index="3" bw="128" slack="0"/>
</pin_list>
<bind>
<opcode="call(48) " fcode="call"/>
<opset="tmp/2 "/>
</bind>
</comp>

<comp id="185" class="1004" name="store_ln278_store_fu_185">
<pin_list>
<pin id="186" dir="0" index="0" bw="64" slack="0"/>
<pin id="187" dir="0" index="1" bw="64" slack="0"/>
<pin id="188" dir="1" index="2" bw="0" slack="2147483647"/>
</pin_list>
<bind>
<opcode="store(28) " fcode="store"/>
<opset="store_ln278/1 "/>
</bind>
</comp>

<comp id="190" class="1004" name="store_ln278_store_fu_190">
<pin_list>
<pin id="191" dir="0" index="0" bw="64" slack="0"/>
<pin id="192" dir="0" index="1" bw="64" slack="0"/>
<pin id="193" dir="1" index="2" bw="0" slack="2147483647"/>
</pin_list>
<bind>
<opcode="store(28) " fcode="store"/>
<opset="store_ln278/1 "/>
</bind>
</comp>

<comp id="195" class="1004" name="store_ln278_store_fu_195">
<pin_list>
<pin id="196" dir="0" index="0" bw="1" slack="0"/>
<pin id="197" dir="0" index="1" bw="64" slack="0"/>
<pin id="198" dir="1" index="2" bw="0" slack="2147483647"/>
</pin_list>
<bind>
<opcode="store(28) " fcode="store"/>
<opset="store_ln278/1 "/>
</bind>
</comp>

<comp id="200" class="1004" name="store_ln277_store_fu_200">
<pin_list>
<pin id="201" dir="0" index="0" bw="1" slack="0"/>
<pin id="202" dir="0" index="1" bw="3" slack="0"/>
<pin id="203" dir="1" index="2" bw="0" slack="2147483647"/>
</pin_list>
<bind>
<opcode="store(28) " fcode="store"/>
<opset="store_ln277/1 "/>
</bind>
</comp>

<comp id="205" class="1004" name="j_18_load_fu_205">
<pin_list>
<pin id="206" dir="0" index="0" bw="3" slack="0"/>
<pin id="207" dir="1" index="1" bw="3" slack="0"/>
</pin_list>
<bind>
<opcode="load(27) " fcode="load"/>
<opset="j_18/1 "/>
</bind>
</comp>

<comp id="208" class="1004" name="zext_ln290_fu_208">
<pin_list>
<pin id="209" dir="0" index="0" bw="3" slack="0"/>
<pin id="210" dir="1" index="1" bw="4" slack="0"/>
</pin_list>
<bind>
<opcode="zext(34) " fcode="zext"/>
<opset="zext_ln290/1 "/>
</bind>
</comp>

<comp id="212" class="1004" name="icmp_ln290_fu_212">
<pin_list>
<pin id="213" dir="0" index="0" bw="3" slack="0"/>
<pin id="214" dir="0" index="1" bw="3" slack="0"/>
<pin id="215" dir="1" index="2" bw="1" slack="1"/>
</pin_list>
<bind>
<opcode="icmp(45) " fcode="icmp"/>
<opset="icmp_ln290/1 "/>
</bind>
</comp>

<comp id="218" class="1004" name="add_ln290_9_fu_218">
<pin_list>
<pin id="219" dir="0" index="0" bw="3" slack="0"/>
<pin id="220" dir="0" index="1" bw="1" slack="0"/>
<pin id="221" dir="1" index="2" bw="3" slack="0"/>
</pin_list>
<bind>
<opcode="add(8) " fcode="add"/>
<opset="add_ln290_9/1 "/>
</bind>
</comp>

<comp id="224" class="1004" name="tmp_s_fu_224">
<pin_list>
<pin id="225" dir="0" index="0" bw="4" slack="0"/>
<pin id="226" dir="0" index="1" bw="1" slack="0"/>
<pin id="227" dir="0" index="2" bw="3" slack="0"/>
<pin id="228" dir="1" index="3" bw="4" slack="0"/>
</pin_list>
<bind>
<opcode="bitconcatenate(1004) " fcode="bitconcatenate"/>
<opset="tmp_s/1 "/>
</bind>
</comp>

<comp id="232" class="1004" name="zext_ln294_4_fu_232">
<pin_list>
<pin id="233" dir="0" index="0" bw="4" slack="0"/>
<pin id="234" dir="1" index="1" bw="64" slack="0"/>
</pin_list>
<bind>
<opcode="zext(34) " fcode="zext"/>
<opset="zext_ln294_4/1 "/>
</bind>
</comp>

<comp id="237" class="1004" name="icmp_ln292_fu_237">
<pin_list>
<pin id="238" dir="0" index="0" bw="3" slack="0"/>
<pin id="239" dir="0" index="1" bw="4" slack="0"/>
<pin id="240" dir="1" index="2" bw="1" slack="1"/>
</pin_list>
<bind>
<opcode="icmp(45) " fcode="icmp"/>
<opset="icmp_ln292/1 "/>
</bind>
</comp>

<comp id="243" class="1004" name="sub_ln294_fu_243">
<pin_list>
<pin id="244" dir="0" index="0" bw="3" slack="0"/>
<pin id="245" dir="0" index="1" bw="3" slack="0"/>
<pin id="246" dir="1" index="2" bw="3" slack="0"/>
</pin_list>
<bind>
<opcode="sub(10) " fcode="sub"/>
<opset="sub_ln294/1 "/>
</bind>
</comp>

<comp id="249" class="1004" name="zext_ln294_fu_249">
<pin_list>
<pin id="250" dir="0" index="0" bw="3" slack="0"/>
<pin id="251" dir="1" index="1" bw="64" slack="0"/>
</pin_list>
<bind>
<opcode="zext(34) " fcode="zext"/>
<opset="zext_ln294/1 "/>
</bind>
</comp>

<comp id="254" class="1004" name="store_ln277_store_fu_254">
<pin_list>
<pin id="255" dir="0" index="0" bw="3" slack="0"/>
<pin id="256" dir="0" index="1" bw="3" slack="0"/>
<pin id="257" dir="1" index="2" bw="0" slack="2147483647"/>
</pin_list>
<bind>
<opcode="store(28) " fcode="store"/>
<opset="store_ln277/1 "/>
</bind>
</comp>

<comp id="259" class="1004" name="lo_fu_259">
<pin_list>
<pin id="260" dir="0" index="0" bw="128" slack="0"/>
<pin id="261" dir="1" index="1" bw="64" slack="1"/>
</pin_list>
<bind>
<opcode="trunc(33) " fcode="trunc"/>
<opset="lo/2 "/>
</bind>
</comp>

<comp id="263" class="1004" name="hi_fu_263">
<pin_list>
<pin id="264" dir="0" index="0" bw="64" slack="0"/>
<pin id="265" dir="0" index="1" bw="128" slack="0"/>
<pin id="266" dir="0" index="2" bw="8" slack="0"/>
<pin id="267" dir="1" index="3" bw="64" slack="1"/>
</pin_list>
<bind>
<opcode="partselect(1002) " fcode="partselect"/>
<opset="hi/2 "/>
</bind>
</comp>

<comp id="271" class="1004" name="t_load_load_fu_271">
<pin_list>
<pin id="272" dir="0" index="0" bw="64" slack="2"/>
<pin id="273" dir="1" index="1" bw="64" slack="0"/>
</pin_list>
<bind>
<opcode="load(27) " fcode="load"/>
<opset="t_load/3 "/>
</bind>
</comp>

<comp id="274" class="1004" name="u_86_load_load_fu_274">
<pin_list>
<pin id="275" dir="0" index="0" bw="64" slack="2"/>
<pin id="276" dir="1" index="1" bw="64" slack="0"/>
</pin_list>
<bind>
<opcode="load(27) " fcode="load"/>
<opset="u_86_load/3 "/>
</bind>
</comp>

<comp id="277" class="1004" name="v_load_18_load_fu_277">
<pin_list>
<pin id="278" dir="0" index="0" bw="64" slack="2"/>
<pin id="279" dir="1" index="1" bw="64" slack="0"/>
</pin_list>
<bind>
<opcode="load(27) " fcode="load"/>
<opset="v_load_18/3 "/>
</bind>
</comp>

<comp id="280" class="1004" name="v_152_fu_280">
<pin_list>
<pin id="281" dir="0" index="0" bw="64" slack="1"/>
<pin id="282" dir="0" index="1" bw="64" slack="0"/>
<pin id="283" dir="1" index="2" bw="64" slack="0"/>
</pin_list>
<bind>
<opcode="add(8) " fcode="add"/>
<opset="v_152/3 "/>
</bind>
</comp>

<comp id="285" class="1004" name="xor_ln105_fu_285">
<pin_list>
<pin id="286" dir="0" index="0" bw="64" slack="1"/>
<pin id="287" dir="0" index="1" bw="64" slack="0"/>
<pin id="288" dir="1" index="2" bw="64" slack="0"/>
</pin_list>
<bind>
<opcode="xor(25) " fcode="xor"/>
<opset="xor_ln105/3 "/>
</bind>
</comp>

<comp id="290" class="1004" name="xor_ln105_283_fu_290">
<pin_list>
<pin id="291" dir="0" index="0" bw="64" slack="0"/>
<pin id="292" dir="0" index="1" bw="64" slack="1"/>
<pin id="293" dir="1" index="2" bw="64" slack="0"/>
</pin_list>
<bind>
<opcode="xor(25) " fcode="xor"/>
<opset="xor_ln105_283/3 "/>
</bind>
</comp>

<comp id="295" class="1004" name="or_ln105_fu_295">
<pin_list>
<pin id="296" dir="0" index="0" bw="64" slack="0"/>
<pin id="297" dir="0" index="1" bw="64" slack="0"/>
<pin id="298" dir="1" index="2" bw="64" slack="0"/>
</pin_list>
<bind>
<opcode="or(24) " fcode="or"/>
<opset="or_ln105/3 "/>
</bind>
</comp>

<comp id="301" class="1004" name="xor_ln105_284_fu_301">
<pin_list>
<pin id="302" dir="0" index="0" bw="64" slack="0"/>
<pin id="303" dir="0" index="1" bw="64" slack="0"/>
<pin id="304" dir="1" index="2" bw="64" slack="0"/>
</pin_list>
<bind>
<opcode="xor(25) " fcode="xor"/>
<opset="xor_ln105_284/3 "/>
</bind>
</comp>

<comp id="307" class="1004" name="carry_fu_307">
<pin_list>
<pin id="308" dir="0" index="0" bw="1" slack="0"/>
<pin id="309" dir="0" index="1" bw="64" slack="0"/>
<pin id="310" dir="0" index="2" bw="7" slack="0"/>
<pin id="311" dir="1" index="3" bw="1" slack="0"/>
</pin_list>
<bind>
<opcode="bitselect(1000) " fcode="bitselect"/>
<opset="carry/3 "/>
</bind>
</comp>

<comp id="315" class="1004" name="zext_ln105_fu_315">
<pin_list>
<pin id="316" dir="0" index="0" bw="1" slack="0"/>
<pin id="317" dir="1" index="1" bw="64" slack="0"/>
</pin_list>
<bind>
<opcode="zext(34) " fcode="zext"/>
<opset="zext_ln105/3 "/>
</bind>
</comp>

<comp id="319" class="1004" name="tempReg_fu_319">
<pin_list>
<pin id="320" dir="0" index="0" bw="64" slack="1"/>
<pin id="321" dir="0" index="1" bw="1" slack="0"/>
<pin id="322" dir="1" index="2" bw="64" slack="0"/>
</pin_list>
<bind>
<opcode="add(8) " fcode="add"/>
<opset="tempReg/3 "/>
</bind>
</comp>

<comp id="324" class="1004" name="u_106_fu_324">
<pin_list>
<pin id="325" dir="0" index="0" bw="64" slack="0"/>
<pin id="326" dir="0" index="1" bw="64" slack="0"/>
<pin id="327" dir="1" index="2" bw="64" slack="0"/>
</pin_list>
<bind>
<opcode="add(8) " fcode="add"/>
<opset="u_106/3 "/>
</bind>
</comp>

<comp id="330" class="1004" name="bit_sel_fu_330">
<pin_list>
<pin id="331" dir="0" index="0" bw="1" slack="0"/>
<pin id="332" dir="0" index="1" bw="64" slack="0"/>
<pin id="333" dir="0" index="2" bw="7" slack="0"/>
<pin id="334" dir="1" index="3" bw="1" slack="0"/>
</pin_list>
<bind>
<opcode="bitselect(1000) " fcode="bitselect"/>
<opset="bit_sel/3 "/>
</bind>
</comp>

<comp id="338" class="1004" name="xor_ln105_285_fu_338">
<pin_list>
<pin id="339" dir="0" index="0" bw="1" slack="0"/>
<pin id="340" dir="0" index="1" bw="1" slack="0"/>
<pin id="341" dir="1" index="2" bw="1" slack="0"/>
</pin_list>
<bind>
<opcode="xor(25) " fcode="xor"/>
<opset="xor_ln105_285/3 "/>
</bind>
</comp>

<comp id="344" class="1004" name="trunc_ln105_fu_344">
<pin_list>
<pin id="345" dir="0" index="0" bw="64" slack="0"/>
<pin id="346" dir="1" index="1" bw="63" slack="0"/>
</pin_list>
<bind>
<opcode="trunc(33) " fcode="trunc"/>
<opset="trunc_ln105/3 "/>
</bind>
</comp>

<comp id="348" class="1004" name="xor_ln105_s_fu_348">
<pin_list>
<pin id="349" dir="0" index="0" bw="64" slack="0"/>
<pin id="350" dir="0" index="1" bw="1" slack="0"/>
<pin id="351" dir="0" index="2" bw="63" slack="0"/>
<pin id="352" dir="1" index="3" bw="64" slack="0"/>
</pin_list>
<bind>
<opcode="bitconcatenate(1004) " fcode="bitconcatenate"/>
<opset="xor_ln105_s/3 "/>
</bind>
</comp>

<comp id="356" class="1004" name="and_ln105_fu_356">
<pin_list>
<pin id="357" dir="0" index="0" bw="64" slack="1"/>
<pin id="358" dir="0" index="1" bw="64" slack="0"/>
<pin id="359" dir="1" index="2" bw="64" slack="0"/>
</pin_list>
<bind>
<opcode="and(23) " fcode="and"/>
<opset="and_ln105/3 "/>
</bind>
</comp>

<comp id="361" class="1004" name="tmp_126_fu_361">
<pin_list>
<pin id="362" dir="0" index="0" bw="1" slack="0"/>
<pin id="363" dir="0" index="1" bw="64" slack="0"/>
<pin id="364" dir="0" index="2" bw="7" slack="0"/>
<pin id="365" dir="1" index="3" bw="1" slack="0"/>
</pin_list>
<bind>
<opcode="bitselect(1000) " fcode="bitselect"/>
<opset="tmp_126/3 "/>
</bind>
</comp>

<comp id="369" class="1004" name="xor_ln105_286_fu_369">
<pin_list>
<pin id="370" dir="0" index="0" bw="64" slack="0"/>
<pin id="371" dir="0" index="1" bw="64" slack="0"/>
<pin id="372" dir="1" index="2" bw="64" slack="0"/>
</pin_list>
<bind>
<opcode="xor(25) " fcode="xor"/>
<opset="xor_ln105_286/3 "/>
</bind>
</comp>

<comp id="375" class="1004" name="xor_ln105_287_fu_375">
<pin_list>
<pin id="376" dir="0" index="0" bw="64" slack="0"/>
<pin id="377" dir="0" index="1" bw="64" slack="0"/>
<pin id="378" dir="1" index="2" bw="64" slack="0"/>
</pin_list>
<bind>
<opcode="xor(25) " fcode="xor"/>
<opset="xor_ln105_287/3 "/>
</bind>
</comp>

<comp id="381" class="1004" name="or_ln105_47_fu_381">
<pin_list>
<pin id="382" dir="0" index="0" bw="64" slack="0"/>
<pin id="383" dir="0" index="1" bw="64" slack="0"/>
<pin id="384" dir="1" index="2" bw="64" slack="0"/>
</pin_list>
<bind>
<opcode="or(24) " fcode="or"/>
<opset="or_ln105_47/3 "/>
</bind>
</comp>

<comp id="387" class="1004" name="xor_ln105_288_fu_387">
<pin_list>
<pin id="388" dir="0" index="0" bw="64" slack="0"/>
<pin id="389" dir="0" index="1" bw="64" slack="0"/>
<pin id="390" dir="1" index="2" bw="64" slack="0"/>
</pin_list>
<bind>
<opcode="xor(25) " fcode="xor"/>
<opset="xor_ln105_288/3 "/>
</bind>
</comp>

<comp id="393" class="1004" name="tmp_127_fu_393">
<pin_list>
<pin id="394" dir="0" index="0" bw="1" slack="0"/>
<pin id="395" dir="0" index="1" bw="64" slack="0"/>
<pin id="396" dir="0" index="2" bw="7" slack="0"/>
<pin id="397" dir="1" index="3" bw="1" slack="0"/>
</pin_list>
<bind>
<opcode="bitselect(1000) " fcode="bitselect"/>
<opset="tmp_127/3 "/>
</bind>
</comp>

<comp id="401" class="1004" name="carry_79_fu_401">
<pin_list>
<pin id="402" dir="0" index="0" bw="1" slack="0"/>
<pin id="403" dir="0" index="1" bw="1" slack="0"/>
<pin id="404" dir="1" index="2" bw="1" slack="0"/>
</pin_list>
<bind>
<opcode="or(24) " fcode="or"/>
<opset="carry_79/3 "/>
</bind>
</comp>

<comp id="407" class="1004" name="zext_ln299_fu_407">
<pin_list>
<pin id="408" dir="0" index="0" bw="1" slack="0"/>
<pin id="409" dir="1" index="1" bw="64" slack="0"/>
</pin_list>
<bind>
<opcode="zext(34) " fcode="zext"/>
<opset="zext_ln299/3 "/>
</bind>
</comp>

<comp id="411" class="1004" name="t_50_fu_411">
<pin_list>
<pin id="412" dir="0" index="0" bw="64" slack="0"/>
<pin id="413" dir="0" index="1" bw="1" slack="0"/>
<pin id="414" dir="1" index="2" bw="64" slack="0"/>
</pin_list>
<bind>
<opcode="add(8) " fcode="add"/>
<opset="t_50/3 "/>
</bind>
</comp>

<comp id="417" class="1004" name="store_ln278_store_fu_417">
<pin_list>
<pin id="418" dir="0" index="0" bw="64" slack="0"/>
<pin id="419" dir="0" index="1" bw="64" slack="2"/>
<pin id="420" dir="1" index="2" bw="0" slack="2147483647"/>
</pin_list>
<bind>
<opcode="store(28) " fcode="store"/>
<opset="store_ln278/3 "/>
</bind>
</comp>

<comp id="422" class="1004" name="store_ln278_store_fu_422">
<pin_list>
<pin id="423" dir="0" index="0" bw="64" slack="0"/>
<pin id="424" dir="0" index="1" bw="64" slack="2"/>
<pin id="425" dir="1" index="2" bw="0" slack="2147483647"/>
</pin_list>
<bind>
<opcode="store(28) " fcode="store"/>
<opset="store_ln278/3 "/>
</bind>
</comp>

<comp id="427" class="1004" name="store_ln278_store_fu_427">
<pin_list>
<pin id="428" dir="0" index="0" bw="64" slack="0"/>
<pin id="429" dir="0" index="1" bw="64" slack="2"/>
<pin id="430" dir="1" index="2" bw="0" slack="2147483647"/>
</pin_list>
<bind>
<opcode="store(28) " fcode="store"/>
<opset="store_ln278/3 "/>
</bind>
</comp>

<comp id="432" class="1004" name="t_load_13_load_fu_432">
<pin_list>
<pin id="433" dir="0" index="0" bw="64" slack="1"/>
<pin id="434" dir="1" index="1" bw="64" slack="0"/>
</pin_list>
<bind>
<opcode="load(27) " fcode="load"/>
<opset="t_load_13/2 "/>
</bind>
</comp>

<comp id="436" class="1004" name="u_86_load_2_load_fu_436">
<pin_list>
<pin id="437" dir="0" index="0" bw="64" slack="1"/>
<pin id="438" dir="1" index="1" bw="64" slack="0"/>
</pin_list>
<bind>
<opcode="load(27) " fcode="load"/>
<opset="u_86_load_2/2 "/>
</bind>
</comp>

<comp id="440" class="1004" name="v_load_load_fu_440">
<pin_list>
<pin id="441" dir="0" index="0" bw="64" slack="1"/>
<pin id="442" dir="1" index="1" bw="64" slack="0"/>
</pin_list>
<bind>
<opcode="load(27) " fcode="load"/>
<opset="v_load/2 "/>
</bind>
</comp>

<comp id="444" class="1005" name="j_reg_444">
<pin_list>
<pin id="445" dir="0" index="0" bw="3" slack="0"/>
<pin id="446" dir="1" index="1" bw="3" slack="0"/>
</pin_list>
<bind>
<opset="j "/>
</bind>
</comp>

<comp id="451" class="1005" name="t_reg_451">
<pin_list>
<pin id="452" dir="0" index="0" bw="64" slack="0"/>
<pin id="453" dir="1" index="1" bw="64" slack="0"/>
</pin_list>
<bind>
<opset="t "/>
</bind>
</comp>

<comp id="459" class="1005" name="u_86_reg_459">
<pin_list>
<pin id="460" dir="0" index="0" bw="64" slack="0"/>
<pin id="461" dir="1" index="1" bw="64" slack="0"/>
</pin_list>
<bind>
<opset="u_86 "/>
</bind>
</comp>

<comp id="467" class="1005" name="v_reg_467">
<pin_list>
<pin id="468" dir="0" index="0" bw="64" slack="0"/>
<pin id="469" dir="1" index="1" bw="64" slack="0"/>
</pin_list>
<bind>
<opset="v "/>
</bind>
</comp>

<comp id="475" class="1005" name="icmp_ln290_reg_475">
<pin_list>
<pin id="476" dir="0" index="0" bw="1" slack="1"/>
<pin id="477" dir="1" index="1" bw="1" slack="2147483647"/>
</pin_list>
<bind>
<opset="icmp_ln290 "/>
</bind>
</comp>

<comp id="479" class="1005" name="mc_addr_reg_479">
<pin_list>
<pin id="480" dir="0" index="0" bw="4" slack="1"/>
<pin id="481" dir="1" index="1" bw="4" slack="1"/>
</pin_list>
<bind>
<opset="mc_addr "/>
</bind>
</comp>

<comp id="484" class="1005" name="icmp_ln292_reg_484">
<pin_list>
<pin id="485" dir="0" index="0" bw="1" slack="1"/>
<pin id="486" dir="1" index="1" bw="1" slack="2147483647"/>
</pin_list>
<bind>
<opset="icmp_ln292 "/>
</bind>
</comp>

<comp id="488" class="1005" name="p503p1_1_addr_reg_488">
<pin_list>
<pin id="489" dir="0" index="0" bw="3" slack="1"/>
<pin id="490" dir="1" index="1" bw="3" slack="1"/>
</pin_list>
<bind>
<opset="p503p1_1_addr "/>
</bind>
</comp>

<comp id="493" class="1005" name="lo_reg_493">
<pin_list>
<pin id="494" dir="0" index="0" bw="64" slack="1"/>
<pin id="495" dir="1" index="1" bw="64" slack="1"/>
</pin_list>
<bind>
<opset="lo "/>
</bind>
</comp>

<comp id="500" class="1005" name="hi_reg_500">
<pin_list>
<pin id="501" dir="0" index="0" bw="64" slack="1"/>
<pin id="502" dir="1" index="1" bw="64" slack="1"/>
</pin_list>
<bind>
<opset="hi "/>
</bind>
</comp>

</comp_list>

<net_list>
<net id="81"><net_src comp="22" pin="0"/><net_sink comp="78" pin=0"/></net>

<net id="85"><net_src comp="22" pin="0"/><net_sink comp="82" pin=0"/></net>

<net id="89"><net_src comp="22" pin="0"/><net_sink comp="86" pin=0"/></net>

<net id="93"><net_src comp="22" pin="0"/><net_sink comp="90" pin=0"/></net>

<net id="98"><net_src comp="24" pin="0"/><net_sink comp="94" pin=0"/></net>

<net id="99"><net_src comp="12" pin="0"/><net_sink comp="94" pin=1"/></net>

<net id="104"><net_src comp="26" pin="0"/><net_sink comp="100" pin=0"/></net>

<net id="105"><net_src comp="10" pin="0"/><net_sink comp="100" pin=1"/></net>

<net id="110"><net_src comp="28" pin="0"/><net_sink comp="106" pin=0"/></net>

<net id="111"><net_src comp="6" pin="0"/><net_sink comp="106" pin=1"/></net>

<net id="116"><net_src comp="24" pin="0"/><net_sink comp="112" pin=0"/></net>

<net id="117"><net_src comp="4" pin="0"/><net_sink comp="112" pin=1"/></net>

<net id="122"><net_src comp="30" pin="0"/><net_sink comp="118" pin=0"/></net>

<net id="123"><net_src comp="2" pin="0"/><net_sink comp="118" pin=1"/></net>

<net id="128"><net_src comp="30" pin="0"/><net_sink comp="124" pin=0"/></net>

<net id="129"><net_src comp="0" pin="0"/><net_sink comp="124" pin=1"/></net>

<net id="135"><net_src comp="76" pin="0"/><net_sink comp="130" pin=0"/></net>

<net id="136"><net_src comp="14" pin="0"/><net_sink comp="130" pin=1"/></net>

<net id="142"><net_src comp="76" pin="0"/><net_sink comp="137" pin=0"/></net>

<net id="143"><net_src comp="16" pin="0"/><net_sink comp="137" pin=1"/></net>

<net id="149"><net_src comp="76" pin="0"/><net_sink comp="144" pin=0"/></net>

<net id="150"><net_src comp="18" pin="0"/><net_sink comp="144" pin=1"/></net>

<net id="156"><net_src comp="8" pin="0"/><net_sink comp="151" pin=0"/></net>

<net id="157"><net_src comp="32" pin="0"/><net_sink comp="151" pin=1"/></net>

<net id="163"><net_src comp="151" pin="3"/><net_sink comp="158" pin=0"/></net>

<net id="169"><net_src comp="20" pin="0"/><net_sink comp="164" pin=0"/></net>

<net id="170"><net_src comp="32" pin="0"/><net_sink comp="164" pin=1"/></net>

<net id="176"><net_src comp="164" pin="3"/><net_sink comp="171" pin=0"/></net>

<net id="182"><net_src comp="58" pin="0"/><net_sink comp="177" pin=0"/></net>

<net id="183"><net_src comp="158" pin="3"/><net_sink comp="177" pin=1"/></net>

<net id="184"><net_src comp="171" pin="3"/><net_sink comp="177" pin=2"/></net>

<net id="189"><net_src comp="124" pin="2"/><net_sink comp="185" pin=0"/></net>

<net id="194"><net_src comp="118" pin="2"/><net_sink comp="190" pin=0"/></net>

<net id="199"><net_src comp="32" pin="0"/><net_sink comp="195" pin=0"/></net>

<net id="204"><net_src comp="34" pin="0"/><net_sink comp="200" pin=0"/></net>

<net id="211"><net_src comp="205" pin="1"/><net_sink comp="208" pin=0"/></net>

<net id="216"><net_src comp="205" pin="1"/><net_sink comp="212" pin=0"/></net>

<net id="217"><net_src comp="112" pin="2"/><net_sink comp="212" pin=1"/></net>

<net id="222"><net_src comp="205" pin="1"/><net_sink comp="218" pin=0"/></net>

<net id="223"><net_src comp="36" pin="0"/><net_sink comp="218" pin=1"/></net>

<net id="229"><net_src comp="38" pin="0"/><net_sink comp="224" pin=0"/></net>

<net id="230"><net_src comp="106" pin="2"/><net_sink comp="224" pin=1"/></net>

<net id="231"><net_src comp="205" pin="1"/><net_sink comp="224" pin=2"/></net>

<net id="235"><net_src comp="224" pin="3"/><net_sink comp="232" pin=0"/></net>

<net id="236"><net_src comp="232" pin="1"/><net_sink comp="151" pin=2"/></net>

<net id="241"><net_src comp="208" pin="1"/><net_sink comp="237" pin=0"/></net>

<net id="242"><net_src comp="100" pin="2"/><net_sink comp="237" pin=1"/></net>

<net id="247"><net_src comp="94" pin="2"/><net_sink comp="243" pin=0"/></net>

<net id="248"><net_src comp="205" pin="1"/><net_sink comp="243" pin=1"/></net>

<net id="252"><net_src comp="243" pin="2"/><net_sink comp="249" pin=0"/></net>

<net id="253"><net_src comp="249" pin="1"/><net_sink comp="164" pin=2"/></net>

<net id="258"><net_src comp="218" pin="2"/><net_sink comp="254" pin=0"/></net>

<net id="262"><net_src comp="177" pin="3"/><net_sink comp="259" pin=0"/></net>

<net id="268"><net_src comp="60" pin="0"/><net_sink comp="263" pin=0"/></net>

<net id="269"><net_src comp="177" pin="3"/><net_sink comp="263" pin=1"/></net>

<net id="270"><net_src comp="62" pin="0"/><net_sink comp="263" pin=2"/></net>

<net id="284"><net_src comp="277" pin="1"/><net_sink comp="280" pin=1"/></net>

<net id="289"><net_src comp="280" pin="2"/><net_sink comp="285" pin=1"/></net>

<net id="294"><net_src comp="277" pin="1"/><net_sink comp="290" pin=0"/></net>

<net id="299"><net_src comp="290" pin="2"/><net_sink comp="295" pin=0"/></net>

<net id="300"><net_src comp="285" pin="2"/><net_sink comp="295" pin=1"/></net>

<net id="305"><net_src comp="295" pin="2"/><net_sink comp="301" pin=0"/></net>

<net id="306"><net_src comp="280" pin="2"/><net_sink comp="301" pin=1"/></net>

<net id="312"><net_src comp="64" pin="0"/><net_sink comp="307" pin=0"/></net>

<net id="313"><net_src comp="301" pin="2"/><net_sink comp="307" pin=1"/></net>

<net id="314"><net_src comp="66" pin="0"/><net_sink comp="307" pin=2"/></net>

<net id="318"><net_src comp="307" pin="3"/><net_sink comp="315" pin=0"/></net>

<net id="323"><net_src comp="315" pin="1"/><net_sink comp="319" pin=1"/></net>

<net id="328"><net_src comp="319" pin="2"/><net_sink comp="324" pin=0"/></net>

<net id="329"><net_src comp="274" pin="1"/><net_sink comp="324" pin=1"/></net>

<net id="335"><net_src comp="68" pin="0"/><net_sink comp="330" pin=0"/></net>

<net id="336"><net_src comp="319" pin="2"/><net_sink comp="330" pin=1"/></net>

<net id="337"><net_src comp="70" pin="0"/><net_sink comp="330" pin=2"/></net>

<net id="342"><net_src comp="330" pin="3"/><net_sink comp="338" pin=0"/></net>

<net id="343"><net_src comp="72" pin="0"/><net_sink comp="338" pin=1"/></net>

<net id="347"><net_src comp="319" pin="2"/><net_sink comp="344" pin=0"/></net>

<net id="353"><net_src comp="74" pin="0"/><net_sink comp="348" pin=0"/></net>

<net id="354"><net_src comp="338" pin="2"/><net_sink comp="348" pin=1"/></net>

<net id="355"><net_src comp="344" pin="1"/><net_sink comp="348" pin=2"/></net>

<net id="360"><net_src comp="348" pin="3"/><net_sink comp="356" pin=1"/></net>

<net id="366"><net_src comp="64" pin="0"/><net_sink comp="361" pin=0"/></net>

<net id="367"><net_src comp="356" pin="2"/><net_sink comp="361" pin=1"/></net>

<net id="368"><net_src comp="66" pin="0"/><net_sink comp="361" pin=2"/></net>

<net id="373"><net_src comp="319" pin="2"/><net_sink comp="369" pin=0"/></net>

<net id="374"><net_src comp="324" pin="2"/><net_sink comp="369" pin=1"/></net>

<net id="379"><net_src comp="274" pin="1"/><net_sink comp="375" pin=0"/></net>

<net id="380"><net_src comp="319" pin="2"/><net_sink comp="375" pin=1"/></net>

<net id="385"><net_src comp="375" pin="2"/><net_sink comp="381" pin=0"/></net>

<net id="386"><net_src comp="369" pin="2"/><net_sink comp="381" pin=1"/></net>

<net id="391"><net_src comp="381" pin="2"/><net_sink comp="387" pin=0"/></net>

<net id="392"><net_src comp="324" pin="2"/><net_sink comp="387" pin=1"/></net>

<net id="398"><net_src comp="64" pin="0"/><net_sink comp="393" pin=0"/></net>

<net id="399"><net_src comp="387" pin="2"/><net_sink comp="393" pin=1"/></net>

<net id="400"><net_src comp="66" pin="0"/><net_sink comp="393" pin=2"/></net>

<net id="405"><net_src comp="393" pin="3"/><net_sink comp="401" pin=0"/></net>

<net id="406"><net_src comp="361" pin="3"/><net_sink comp="401" pin=1"/></net>

<net id="410"><net_src comp="401" pin="2"/><net_sink comp="407" pin=0"/></net>

<net id="415"><net_src comp="271" pin="1"/><net_sink comp="411" pin=0"/></net>

<net id="416"><net_src comp="407" pin="1"/><net_sink comp="411" pin=1"/></net>

<net id="421"><net_src comp="280" pin="2"/><net_sink comp="417" pin=0"/></net>

<net id="426"><net_src comp="324" pin="2"/><net_sink comp="422" pin=0"/></net>

<net id="431"><net_src comp="411" pin="2"/><net_sink comp="427" pin=0"/></net>

<net id="435"><net_src comp="432" pin="1"/><net_sink comp="144" pin=2"/></net>

<net id="439"><net_src comp="436" pin="1"/><net_sink comp="137" pin=2"/></net>

<net id="443"><net_src comp="440" pin="1"/><net_sink comp="130" pin=2"/></net>

<net id="447"><net_src comp="78" pin="1"/><net_sink comp="444" pin=0"/></net>

<net id="448"><net_src comp="444" pin="1"/><net_sink comp="200" pin=1"/></net>

<net id="449"><net_src comp="444" pin="1"/><net_sink comp="205" pin=0"/></net>

<net id="450"><net_src comp="444" pin="1"/><net_sink comp="254" pin=1"/></net>

<net id="454"><net_src comp="82" pin="1"/><net_sink comp="451" pin=0"/></net>

<net id="455"><net_src comp="451" pin="1"/><net_sink comp="195" pin=1"/></net>

<net id="456"><net_src comp="451" pin="1"/><net_sink comp="271" pin=0"/></net>

<net id="457"><net_src comp="451" pin="1"/><net_sink comp="427" pin=1"/></net>

<net id="458"><net_src comp="451" pin="1"/><net_sink comp="432" pin=0"/></net>

<net id="462"><net_src comp="86" pin="1"/><net_sink comp="459" pin=0"/></net>

<net id="463"><net_src comp="459" pin="1"/><net_sink comp="190" pin=1"/></net>

<net id="464"><net_src comp="459" pin="1"/><net_sink comp="274" pin=0"/></net>

<net id="465"><net_src comp="459" pin="1"/><net_sink comp="422" pin=1"/></net>

<net id="466"><net_src comp="459" pin="1"/><net_sink comp="436" pin=0"/></net>

<net id="470"><net_src comp="90" pin="1"/><net_sink comp="467" pin=0"/></net>

<net id="471"><net_src comp="467" pin="1"/><net_sink comp="185" pin=1"/></net>

<net id="472"><net_src comp="467" pin="1"/><net_sink comp="277" pin=0"/></net>

<net id="473"><net_src comp="467" pin="1"/><net_sink comp="417" pin=1"/></net>

<net id="474"><net_src comp="467" pin="1"/><net_sink comp="440" pin=0"/></net>

<net id="478"><net_src comp="212" pin="2"/><net_sink comp="475" pin=0"/></net>

<net id="482"><net_src comp="151" pin="3"/><net_sink comp="479" pin=0"/></net>

<net id="483"><net_src comp="479" pin="1"/><net_sink comp="158" pin=0"/></net>

<net id="487"><net_src comp="237" pin="2"/><net_sink comp="484" pin=0"/></net>

<net id="491"><net_src comp="164" pin="3"/><net_sink comp="488" pin=0"/></net>

<net id="492"><net_src comp="488" pin="1"/><net_sink comp="171" pin=0"/></net>

<net id="496"><net_src comp="259" pin="1"/><net_sink comp="493" pin=0"/></net>

<net id="497"><net_src comp="493" pin="1"/><net_sink comp="280" pin=0"/></net>

<net id="498"><net_src comp="493" pin="1"/><net_sink comp="285" pin=0"/></net>

<net id="499"><net_src comp="493" pin="1"/><net_sink comp="290" pin=1"/></net>

<net id="503"><net_src comp="263" pin="3"/><net_sink comp="500" pin=0"/></net>

<net id="504"><net_src comp="500" pin="1"/><net_sink comp="319" pin=0"/></net>

<net id="505"><net_src comp="500" pin="1"/><net_sink comp="356" pin=0"/></net>

</net_list>

</model> 
---------------- Datapath Model END ------------------

* FSMD analyzer results:
  - Output states:
	Port: v_153_out | {2 }
	Port: u_86_out | {2 }
	Port: t_out | {2 }
 - Input state : 
	Port: rdc_mont.3_Pipeline_VITIS_LOOP_290_3 : v_088 | {1 }
	Port: rdc_mont.3_Pipeline_VITIS_LOOP_290_3 : u | {1 }
	Port: rdc_mont.3_Pipeline_VITIS_LOOP_290_3 : i_19 | {1 }
	Port: rdc_mont.3_Pipeline_VITIS_LOOP_290_3 : mc_offset | {1 }
	Port: rdc_mont.3_Pipeline_VITIS_LOOP_290_3 : mc | {1 2 }
	Port: rdc_mont.3_Pipeline_VITIS_LOOP_290_3 : add_ln290 | {1 }
	Port: rdc_mont.3_Pipeline_VITIS_LOOP_290_3 : empty | {1 }
	Port: rdc_mont.3_Pipeline_VITIS_LOOP_290_3 : p503p1_1 | {1 2 }
  - Chain level:
	State 1
		store_ln278 : 1
		store_ln277 : 1
		j_18 : 1
		zext_ln290 : 2
		icmp_ln290 : 2
		add_ln290_9 : 2
		br_ln290 : 3
		tmp_s : 2
		zext_ln294_4 : 3
		mc_addr : 4
		icmp_ln292 : 3
		br_ln292 : 4
		mc_load : 5
		sub_ln294 : 2
		zext_ln294 : 3
		p503p1_1_addr : 4
		p503p1_1_load : 5
		store_ln277 : 3
	State 2
		tmp : 1
		lo : 2
		hi : 2
		write_ln0 : 1
		write_ln0 : 1
		write_ln0 : 1
	State 3
		v_152 : 1
		xor_ln105 : 2
		xor_ln105_283 : 1
		or_ln105 : 2
		xor_ln105_284 : 2
		carry : 2
		zext_ln105 : 3
		tempReg : 4
		u_106 : 5
		bit_sel : 5
		xor_ln105_285 : 6
		trunc_ln105 : 5
		xor_ln105_s : 6
		and_ln105 : 7
		tmp_126 : 7
		xor_ln105_286 : 6
		xor_ln105_287 : 5
		or_ln105_47 : 6
		xor_ln105_288 : 6
		tmp_127 : 6
		carry_79 : 8
		zext_ln299 : 8
		t_50 : 9
		store_ln278 : 2
		store_ln278 : 6
		store_ln278 : 10


============================================================
+ Verbose Summary: Datapath Resource usage 
============================================================

* Functional unit list:
|----------|------------------------------|---------|---------|---------|
| Operation|        Functional Unit       |   DSP   |    FF   |   LUT   |
|----------|------------------------------|---------|---------|---------|
|          |       xor_ln105_fu_285       |    0    |    0    |    64   |
|          |     xor_ln105_283_fu_290     |    0    |    0    |    64   |
|          |     xor_ln105_284_fu_301     |    0    |    0    |    64   |
|    xor   |     xor_ln105_285_fu_338     |    0    |    0    |    2    |
|          |     xor_ln105_286_fu_369     |    0    |    0    |    64   |
|          |     xor_ln105_287_fu_375     |    0    |    0    |    64   |
|          |     xor_ln105_288_fu_387     |    0    |    0    |    64   |
|----------|------------------------------|---------|---------|---------|
|          |      add_ln290_9_fu_218      |    0    |    0    |    10   |
|          |         v_152_fu_280         |    0    |    0    |    71   |
|    add   |        tempReg_fu_319        |    0    |    0    |    71   |
|          |         u_106_fu_324         |    0    |    0    |    71   |
|          |          t_50_fu_411         |    0    |    0    |    71   |
|----------|------------------------------|---------|---------|---------|
|          |        or_ln105_fu_295       |    0    |    0    |    64   |
|    or    |      or_ln105_47_fu_381      |    0    |    0    |    64   |
|          |        carry_79_fu_401       |    0    |    0    |    2    |
|----------|------------------------------|---------|---------|---------|
|    and   |       and_ln105_fu_356       |    0    |    0    |    64   |
|----------|------------------------------|---------|---------|---------|
|   call   | tmp_digit_x_digit_hls_fu_177 |    16   |    0    |    45   |
|----------|------------------------------|---------|---------|---------|
|   icmp   |       icmp_ln290_fu_212      |    0    |    0    |    10   |
|          |       icmp_ln292_fu_237      |    0    |    0    |    12   |
|----------|------------------------------|---------|---------|---------|
|    sub   |       sub_ln294_fu_243       |    0    |    0    |    10   |
|----------|------------------------------|---------|---------|---------|
|          |      tmp_124_read_fu_94      |    0    |    0    |    0    |
|          |  add_ln290_read_read_fu_100  |    0    |    0    |    0    |
|   read   |  mc_offset_read_read_fu_106  |    0    |    0    |    0    |
|          |     i_19_read_read_fu_112    |    0    |    0    |    0    |
|          |      u_read_read_fu_118      |    0    |    0    |    0    |
|          |    v_088_read_read_fu_124    |    0    |    0    |    0    |
|----------|------------------------------|---------|---------|---------|
|          |    write_ln0_write_fu_130    |    0    |    0    |    0    |
|   write  |    write_ln0_write_fu_137    |    0    |    0    |    0    |
|          |    write_ln0_write_fu_144    |    0    |    0    |    0    |
|----------|------------------------------|---------|---------|---------|
|          |       zext_ln290_fu_208      |    0    |    0    |    0    |
|          |      zext_ln294_4_fu_232     |    0    |    0    |    0    |
|   zext   |       zext_ln294_fu_249      |    0    |    0    |    0    |
|          |       zext_ln105_fu_315      |    0    |    0    |    0    |
|          |       zext_ln299_fu_407      |    0    |    0    |    0    |
|----------|------------------------------|---------|---------|---------|
|bitconcatenate|         tmp_s_fu_224         |    0    |    0    |    0    |
|          |      xor_ln105_s_fu_348      |    0    |    0    |    0    |
|----------|------------------------------|---------|---------|---------|
|   trunc  |           lo_fu_259          |    0    |    0    |    0    |
|          |      trunc_ln105_fu_344      |    0    |    0    |    0    |
|----------|------------------------------|---------|---------|---------|
|partselect|           hi_fu_263          |    0    |    0    |    0    |
|----------|------------------------------|---------|---------|---------|
|          |         carry_fu_307         |    0    |    0    |    0    |
| bitselect|        bit_sel_fu_330        |    0    |    0    |    0    |
|          |        tmp_126_fu_361        |    0    |    0    |    0    |
|          |        tmp_127_fu_393        |    0    |    0    |    0    |
|----------|------------------------------|---------|---------|---------|
|   Total  |                              |    16   |    0    |   951   |
|----------|------------------------------|---------|---------|---------|

Memories:
N/A

* Register list:
+---------------------+--------+
|                     |   FF   |
+---------------------+--------+
|      hi_reg_500     |   64   |
|  icmp_ln290_reg_475 |    1   |
|  icmp_ln292_reg_484 |    1   |
|      j_reg_444      |    3   |
|      lo_reg_493     |   64   |
|   mc_addr_reg_479   |    4   |
|p503p1_1_addr_reg_488|    3   |
|      t_reg_451      |   64   |
|     u_86_reg_459    |   64   |
|      v_reg_467      |   64   |
+---------------------+--------+
|        Total        |   332  |
+---------------------+--------+

* Multiplexer (MUX) list: 
|-------------------|------|------|------|--------||---------||---------||---------|
|        Comp       |  Pin | Size |  BW  | S x BW ||  Delay  ||    FF   ||   LUT   |
|-------------------|------|------|------|--------||---------||---------||---------|
| grp_access_fu_158 |  p0  |   2  |   4  |    8   ||    0    ||    9    |
| grp_access_fu_171 |  p0  |   2  |   3  |    6   ||    0    ||    9    |
|-------------------|------|------|------|--------||---------||---------||---------|
|       Total       |      |      |      |   14   ||  0.774  ||    0    ||    18   |
|-------------------|------|------|------|--------||---------||---------||---------|



* Summary:
+-----------+--------+--------+--------+--------+
|           |   DSP  |  Delay |   FF   |   LUT  |
+-----------+--------+--------+--------+--------+
|  Function |   16   |    -   |    0   |   951  |
|   Memory  |    -   |    -   |    -   |    -   |
|Multiplexer|    -   |    0   |    0   |   18   |
|  Register |    -   |    -   |   332  |    -   |
+-----------+--------+--------+--------+--------+
|   Total   |   16   |    0   |   332  |   969  |
+-----------+--------+--------+--------+--------+
