

================================================================
== Vitis HLS Report for 'rdc_mont_47_Pipeline_VITIS_LOOP_276_3'
================================================================
* Date:           Wed Jul 30 17:01:01 2025

* Version:        2024.2.2 (Build 6049644 on Mar  5 2025)
* Project:        sikep503_hls
* Solution:       solution1 (Vivado IP Flow Target)
* Product family: virtexuplus58g
* Target device:  xcvu29p-fsga2577-2L-e


================================================================
== Performance Estimates
================================================================
+ Timing: 
    * Summary: 
    +--------+----------+----------+------------+
    |  Clock |  Target  | Estimated| Uncertainty|
    +--------+----------+----------+------------+
    |ap_clk  |  10.00 ns|  5.675 ns|     2.70 ns|
    +--------+----------+----------+------------+

+ Latency: 
    * Summary: 
    +---------+---------+-----------+----------+-----+-----+------------------------------------------------+
    |  Latency (cycles) |  Latency (absolute)  |  Interval |                    Pipeline                    |
    |   min   |   max   |    min    |    max   | min | max |                      Type                      |
    +---------+---------+-----------+----------+-----+-----+------------------------------------------------+
    |        2|       10|  20.000 ns|  0.100 us|    1|    8|  loop auto-rewind stp (delay=0 clock cycles(s))|
    +---------+---------+-----------+----------+-----+-----+------------------------------------------------+

    + Detail: 
        * Instance: 
        N/A

        * Loop: 
        +--------------------+---------+---------+----------+-----------+-----------+-------+----------+
        |                    |  Latency (cycles) | Iteration|  Initiation Interval  |  Trip |          |
        |      Loop Name     |   min   |   max   |  Latency |  achieved |   target  | Count | Pipelined|
        +--------------------+---------+---------+----------+-----------+-----------+-------+----------+
        |- VITIS_LOOP_276_3  |        0|        8|         3|          1|          1|  0 ~ 7|       yes|
        +--------------------+---------+---------+----------+-----------+-----------+-------+----------+



================================================================
== Utilization Estimates
================================================================
* Summary: 
+---------------------+---------+-------+---------+---------+------+
|         Name        | BRAM_18K|  DSP  |    FF   |   LUT   | URAM |
+---------------------+---------+-------+---------+---------+------+
|DSP                  |        -|      -|        -|        -|     -|
|Expression           |        -|      -|        0|     1097|     -|
|FIFO                 |        -|      -|        -|        -|     -|
|Instance             |        -|     16|        0|       45|     -|
|Memory               |        0|      -|       64|       65|     -|
|Multiplexer          |        -|      -|        0|       63|     -|
|Register             |        -|      -|      331|        -|     -|
+---------------------+---------+-------+---------+---------+------+
|Total                |        0|     16|      395|     1270|     0|
+---------------------+---------+-------+---------+---------+------+
|Available SLR        |     1344|   3072|   864000|   432000|   320|
+---------------------+---------+-------+---------+---------+------+
|Utilization SLR (%)  |        0|     ~0|       ~0|       ~0|     0|
+---------------------+---------+-------+---------+---------+------+
|Available            |     5376|  12288|  3456000|  1728000|  1280|
+---------------------+---------+-------+---------+---------+------+
|Utilization (%)      |        0|     ~0|       ~0|       ~0|     0|
+---------------------+---------+-------+---------+---------+------+

+ Detail: 
    * Instance: 
    +----------------------------+-----------------------+---------+----+---+----+-----+
    |          Instance          |         Module        | BRAM_18K| DSP| FF| LUT| URAM|
    +----------------------------+-----------------------+---------+----+---+----+-----+
    |mul_64ns_64ns_128_1_1_U914  |mul_64ns_64ns_128_1_1  |        0|  16|  0|  45|    0|
    +----------------------------+-----------------------+---------+----+---+----+-----+
    |Total                       |                       |        0|  16|  0|  45|    0|
    +----------------------------+-----------------------+---------+----+---+----+-----+

    * DSP: 
    N/A

    * Memory: 
    +------------+-------------------------------------------------------------+---------+----+----+-----+------+-----+------+-------------+
    |   Memory   |                            Module                           | BRAM_18K| FF | LUT| URAM| Words| Bits| Banks| W*Bits*Banks|
    +------------+-------------------------------------------------------------+---------+----+----+-----+------+-----+------+-------------+
    |p503p1_1_U  |rdc_mont_483_Pipeline_VITIS_LOOP_276_3_p503p1_1_ROM_AUTO_1R  |        0|  64|  65|    0|     8|   64|     1|          512|
    +------------+-------------------------------------------------------------+---------+----+----+-----+------+-----+------+-------------+
    |Total       |                                                             |        0|  64|  65|    0|     8|   64|     1|          512|
    +------------+-------------------------------------------------------------+---------+----+----+-----+------+-----+------+-------------+

    * FIFO: 
    N/A

    * Expression: 
    +------------------------+----------+----+---+----+------------+------------+
    |      Variable Name     | Operation| DSP| FF| LUT| Bitwidth P0| Bitwidth P1|
    +------------------------+----------+----+---+----+------------+------------+
    |add_ln276_4_fu_202_p2   |         +|   0|  0|  10|           3|           1|
    |t_20_fu_405_p2          |         +|   0|  0|  71|          64|          64|
    |tempReg_fu_313_p2       |         +|   0|  0|  71|          64|          64|
    |u_50_fu_318_p2          |         +|   0|  0|  71|          64|          64|
    |v_60_fu_274_p2          |         +|   0|  0|  71|          64|          64|
    |sub_ln280_fu_227_p2     |         -|   0|  0|  10|           3|           3|
    |and_ln105_fu_350_p2     |       and|   0|  0|  64|          64|          64|
    |icmp_ln276_fu_196_p2    |      icmp|   0|  0|  10|           3|           3|
    |icmp_ln278_fu_208_p2    |      icmp|   0|  0|  12|           4|           4|
    |carry_29_fu_395_p2      |        or|   0|  0|   2|           1|           1|
    |or_ln105_16_fu_375_p2   |        or|   0|  0|  64|          64|          64|
    |or_ln105_fu_289_p2      |        or|   0|  0|  64|          64|          64|
    |t_2_fu_411_p3           |    select|   0|  0|  63|           1|          64|
    |u_2_fu_418_p3           |    select|   0|  0|  63|           1|          64|
    |v_2_fu_425_p3           |    select|   0|  0|  63|           1|          64|
    |ap_enable_pp0           |       xor|   0|  0|   2|           1|           2|
    |xor_ln105_88_fu_279_p2  |       xor|   0|  0|  64|          64|          64|
    |xor_ln105_89_fu_295_p2  |       xor|   0|  0|  64|          64|          64|
    |xor_ln105_90_fu_332_p2  |       xor|   0|  0|   2|           1|           2|
    |xor_ln105_91_fu_363_p2  |       xor|   0|  0|  64|          64|          64|
    |xor_ln105_92_fu_369_p2  |       xor|   0|  0|  64|          64|          64|
    |xor_ln105_93_fu_381_p2  |       xor|   0|  0|  64|          64|          64|
    |xor_ln105_fu_284_p2     |       xor|   0|  0|  64|          64|          64|
    +------------------------+----------+----+---+----+------------+------------+
    |Total                   |          |   0|  0|1097|         851|        1040|
    +------------------------+----------+----+---+----+------------+------------+

    * Multiplexer: 
    +-------------------------+----+-----------+-----+-----------+
    |           Name          | LUT| Input Size| Bits| Total Bits|
    +-------------------------+----+-----------+-----+-----------+
    |ap_done_int              |   9|          2|    1|          2|
    |ap_enable_reg_pp0_iter1  |   9|          2|    1|          2|
    |ap_sig_allocacmp_j_9     |   9|          2|    3|          6|
    |j_fu_84                  |   9|          2|    3|          6|
    |t_fu_72                  |   9|          2|   64|        128|
    |u_37_fu_76               |   9|          2|   64|        128|
    |v_59_fu_80               |   9|          2|   64|        128|
    +-------------------------+----+-----------+-----+-----------+
    |Total                    |  63|         14|  200|        400|
    +-------------------------+----+-----------+-----+-----------+

    * Register: 
    +----------------------------------+----+----+-----+-----------+
    |               Name               | FF | LUT| Bits| Const Bits|
    +----------------------------------+----+----+-----+-----------+
    |ap_CS_fsm                         |   1|   0|    1|          0|
    |ap_done_reg                       |   1|   0|    1|          0|
    |ap_enable_reg_pp0_iter1           |   1|   0|    1|          0|
    |ap_enable_reg_pp0_iter2           |   1|   0|    1|          0|
    |ap_loop_exit_ready_pp0_iter1_reg  |   1|   0|    1|          0|
    |hi_reg_518                        |  64|   0|   64|          0|
    |icmp_ln276_reg_490                |   1|   0|    1|          0|
    |icmp_ln278_reg_494                |   1|   0|    1|          0|
    |icmp_ln278_reg_494_pp0_iter1_reg  |   1|   0|    1|          0|
    |j_fu_84                           |   3|   0|    3|          0|
    |lo_reg_511                        |  64|   0|   64|          0|
    |t_fu_72                           |  64|   0|   64|          0|
    |u_37_fu_76                        |  64|   0|   64|          0|
    |v_59_fu_80                        |  64|   0|   64|          0|
    +----------------------------------+----+----+-----+-----------+
    |Total                             | 331|   0|  331|          0|
    +----------------------------------+----+----+-----+-----------+



================================================================
== Interface
================================================================
* Summary: 
+-----------------+-----+-----+------------+---------------------------------------+--------------+
|    RTL Ports    | Dir | Bits|  Protocol  |             Source Object             |    C Type    |
+-----------------+-----+-----+------------+---------------------------------------+--------------+
|ap_clk           |   in|    1|  ap_ctrl_hs|  rdc_mont.47_Pipeline_VITIS_LOOP_276_3|  return value|
|ap_rst           |   in|    1|  ap_ctrl_hs|  rdc_mont.47_Pipeline_VITIS_LOOP_276_3|  return value|
|ap_start         |   in|    1|  ap_ctrl_hs|  rdc_mont.47_Pipeline_VITIS_LOOP_276_3|  return value|
|ap_done          |  out|    1|  ap_ctrl_hs|  rdc_mont.47_Pipeline_VITIS_LOOP_276_3|  return value|
|ap_idle          |  out|    1|  ap_ctrl_hs|  rdc_mont.47_Pipeline_VITIS_LOOP_276_3|  return value|
|ap_ready         |  out|    1|  ap_ctrl_hs|  rdc_mont.47_Pipeline_VITIS_LOOP_276_3|  return value|
|v                |   in|   64|     ap_none|                                      v|        scalar|
|u                |   in|   64|     ap_none|                                      u|        scalar|
|i_9              |   in|    3|     ap_none|                                    i_9|        scalar|
|add_ln276        |   in|    4|     ap_none|                              add_ln276|        scalar|
|R_Z_address0     |  out|    4|   ap_memory|                                    R_Z|         array|
|R_Z_ce0          |  out|    1|   ap_memory|                                    R_Z|         array|
|R_Z_q0           |   in|   64|   ap_memory|                                    R_Z|         array|
|empty            |   in|    3|     ap_none|                                  empty|        scalar|
|v_61_out         |  out|   64|      ap_vld|                               v_61_out|       pointer|
|v_61_out_ap_vld  |  out|    1|      ap_vld|                               v_61_out|       pointer|
|u_37_out         |  out|   64|      ap_vld|                               u_37_out|       pointer|
|u_37_out_ap_vld  |  out|    1|      ap_vld|                               u_37_out|       pointer|
|t_out            |  out|   64|      ap_vld|                                  t_out|       pointer|
|t_out_ap_vld     |  out|    1|      ap_vld|                                  t_out|       pointer|
+-----------------+-----+-----+------------+---------------------------------------+--------------+

============================================================
+ Verbose Summary: Synthesis Manager
============================================================
InlineROM: 1
ExposeGlobal: 0
============================================================
+ Verbose Summary: CDFG Model
============================================================
IsTopModel: 0
ResetActiveHigh: 1
IsCombinational: 2
IsDatapathOnly: 2
HasWiredReturn: 1
HasMFsm: 2
HasVarLatency: 1
IsPipeline: 0
IsRtlPipelined: 0
IsInstanceOverlapped: 0
IsDontTouch: 0
HasImplIP: 0
IsGatedGlobalClock: 0

+ Individual pipeline summary: 
  * Pipeline-0: initiation interval (II) = 1, depth = 3


============================================================
+ Verbose Summary: Schedule
============================================================
* Number of FSM states : 3
* Pipeline : 1
  Pipeline-0 : II = 1, D = 3, States = { 1 2 3 }
* Dataflow Pipeline: 0

* FSM state transitions: 
1 --> 2 
2 --> 3 
3 --> 

* FSM state operations: 

State 1 <SV = 0> <Delay = 1.67>
ST_1 : Operation 6 [1/1] (0.00ns)   --->   "%t = alloca i32 1" [src/generic/fp_generic.cpp:264]   --->   Operation 6 'alloca' 't' <Predicate = true> <Delay = 0.00>
ST_1 : Operation 7 [1/1] (0.00ns)   --->   "%u_37 = alloca i32 1" [src/generic/fp_generic.cpp:264]   --->   Operation 7 'alloca' 'u_37' <Predicate = true> <Delay = 0.00>
ST_1 : Operation 8 [1/1] (0.00ns)   --->   "%v_59 = alloca i32 1" [src/generic/fp_generic.cpp:264]   --->   Operation 8 'alloca' 'v_59' <Predicate = true> <Delay = 0.00>
ST_1 : Operation 9 [1/1] (0.00ns)   --->   "%j = alloca i32 1" [src/generic/fp_generic.cpp:263]   --->   Operation 9 'alloca' 'j' <Predicate = true> <Delay = 0.00>
ST_1 : Operation 10 [1/1] (0.00ns)   --->   "%tmp_57 = read i3 @_ssdm_op_Read.ap_auto.i3, i3 %empty"   --->   Operation 10 'read' 'tmp_57' <Predicate = true> <Delay = 0.00>
ST_1 : Operation 11 [1/1] (0.00ns)   --->   "%add_ln276_read = read i4 @_ssdm_op_Read.ap_auto.i4, i4 %add_ln276"   --->   Operation 11 'read' 'add_ln276_read' <Predicate = true> <Delay = 0.00>
ST_1 : Operation 12 [1/1] (0.00ns)   --->   "%i_9_read = read i3 @_ssdm_op_Read.ap_auto.i3, i3 %i_9"   --->   Operation 12 'read' 'i_9_read' <Predicate = true> <Delay = 0.00>
ST_1 : Operation 13 [1/1] (0.00ns)   --->   "%u_read = read i64 @_ssdm_op_Read.ap_auto.i64, i64 %u"   --->   Operation 13 'read' 'u_read' <Predicate = true> <Delay = 0.00>
ST_1 : Operation 14 [1/1] (0.00ns)   --->   "%v_read = read i64 @_ssdm_op_Read.ap_auto.i64, i64 %v"   --->   Operation 14 'read' 'v_read' <Predicate = true> <Delay = 0.00>
ST_1 : Operation 15 [1/1] (0.38ns)   --->   "%store_ln263 = store i3 0, i3 %j" [src/generic/fp_generic.cpp:263]   --->   Operation 15 'store' 'store_ln263' <Predicate = true> <Delay = 0.38>
ST_1 : Operation 16 [1/1] (0.38ns)   --->   "%store_ln264 = store i64 %v_read, i64 %v_59" [src/generic/fp_generic.cpp:264]   --->   Operation 16 'store' 'store_ln264' <Predicate = true> <Delay = 0.38>
ST_1 : Operation 17 [1/1] (0.38ns)   --->   "%store_ln264 = store i64 %u_read, i64 %u_37" [src/generic/fp_generic.cpp:264]   --->   Operation 17 'store' 'store_ln264' <Predicate = true> <Delay = 0.38>
ST_1 : Operation 18 [1/1] (0.38ns)   --->   "%store_ln264 = store i64 0, i64 %t" [src/generic/fp_generic.cpp:264]   --->   Operation 18 'store' 'store_ln264' <Predicate = true> <Delay = 0.38>
ST_1 : Operation 19 [1/1] (0.00ns)   --->   "%br_ln0 = br void %for.body6"   --->   Operation 19 'br' 'br_ln0' <Predicate = true> <Delay = 0.00>
ST_1 : Operation 20 [1/1] (0.00ns)   --->   "%j_9 = load i3 %j" [src/generic/fp_generic.cpp:276]   --->   Operation 20 'load' 'j_9' <Predicate = true> <Delay = 0.00>
ST_1 : Operation 21 [1/1] (0.00ns)   --->   "%zext_ln276 = zext i3 %j_9" [src/generic/fp_generic.cpp:276]   --->   Operation 21 'zext' 'zext_ln276' <Predicate = true> <Delay = 0.00>
ST_1 : Operation 22 [1/1] (0.57ns)   --->   "%icmp_ln276 = icmp_eq  i3 %j_9, i3 %i_9_read" [src/generic/fp_generic.cpp:276]   --->   Operation 22 'icmp' 'icmp_ln276' <Predicate = true> <Delay = 0.57> <CoreInst = "Cmp">   --->   Core 9 'Cmp' <Latency = 0> <II = 1> <Delay = 0.57> <FuncUnit> <Opcode : 'seteq' 'setne' 'setle' 'setge' 'setlt' 'setgt'> <InPorts = 2> <OutPorts = 1>
ST_1 : Operation 23 [1/1] (0.57ns)   --->   "%add_ln276_4 = add i3 %j_9, i3 1" [src/generic/fp_generic.cpp:276]   --->   Operation 23 'add' 'add_ln276_4' <Predicate = true> <Delay = 0.57> <CoreInst = "Adder">   --->   Core 1 'Adder' <Latency = 0> <II = 1> <Delay = 0.57> <FuncUnit> <Opcode : 'add' 'sub'> <InPorts = 2> <OutPorts = 1>
ST_1 : Operation 24 [1/1] (0.00ns)   --->   "%br_ln276 = br i1 %icmp_ln276, void %for.body6.split_ifconv, void %for.inc53.loopexit.exitStub" [src/generic/fp_generic.cpp:276]   --->   Operation 24 'br' 'br_ln276' <Predicate = true> <Delay = 0.00>
ST_1 : Operation 25 [1/1] (0.70ns)   --->   "%icmp_ln278 = icmp_ult  i4 %zext_ln276, i4 %add_ln276_read" [src/generic/fp_generic.cpp:278]   --->   Operation 25 'icmp' 'icmp_ln278' <Predicate = (!icmp_ln276)> <Delay = 0.70> <CoreInst = "Cmp">   --->   Core 9 'Cmp' <Latency = 0> <II = 1> <Delay = 0.70> <FuncUnit> <Opcode : 'seteq' 'setne' 'setle' 'setge' 'setlt' 'setgt'> <InPorts = 2> <OutPorts = 1>
ST_1 : Operation 26 [1/1] (0.00ns)   --->   "%zext_ln280_4 = bitconcatenate i4 @_ssdm_op_BitConcatenate.i4.i1.i3, i1 1, i3 %j_9" [src/generic/fp_generic.cpp:280]   --->   Operation 26 'bitconcatenate' 'zext_ln280_4' <Predicate = (!icmp_ln276)> <Delay = 0.00>
ST_1 : Operation 27 [1/1] (0.00ns)   --->   "%zext_ln280_5 = zext i4 %zext_ln280_4" [src/generic/fp_generic.cpp:280]   --->   Operation 27 'zext' 'zext_ln280_5' <Predicate = (!icmp_ln276)> <Delay = 0.00>
ST_1 : Operation 28 [1/1] (0.00ns)   --->   "%R_Z_addr = getelementptr i64 %R_Z, i64 0, i64 %zext_ln280_5" [src/generic/fp_generic.cpp:280]   --->   Operation 28 'getelementptr' 'R_Z_addr' <Predicate = (!icmp_ln276)> <Delay = 0.00>
ST_1 : Operation 29 [2/2] (0.71ns)   --->   "%a = load i4 %R_Z_addr" [src/generic/fp_generic.cpp:280]   --->   Operation 29 'load' 'a' <Predicate = (!icmp_ln276)> <Delay = 0.71> <CoreInst = "RAM">   --->   Core 82 'RAM' <Latency = 1> <II = 1> <Delay = 0.71> <Storage> <Opcode : 'load' 'store'> <Ports = 2> <Width = 64> <Depth = 16> <RAM>
ST_1 : Operation 30 [1/1] (0.57ns)   --->   "%sub_ln280 = sub i3 %tmp_57, i3 %j_9" [src/generic/fp_generic.cpp:280]   --->   Operation 30 'sub' 'sub_ln280' <Predicate = (!icmp_ln276)> <Delay = 0.57> <CoreInst = "Adder">   --->   Core 1 'Adder' <Latency = 0> <II = 1> <Delay = 0.57> <FuncUnit> <Opcode : 'add' 'sub'> <InPorts = 2> <OutPorts = 1>
ST_1 : Operation 31 [1/1] (0.00ns)   --->   "%zext_ln280 = zext i3 %sub_ln280" [src/generic/fp_generic.cpp:280]   --->   Operation 31 'zext' 'zext_ln280' <Predicate = (!icmp_ln276)> <Delay = 0.00>
ST_1 : Operation 32 [1/1] (0.00ns)   --->   "%p503p1_1_addr = getelementptr i64 %p503p1_1, i64 0, i64 %zext_ln280" [src/generic/fp_generic.cpp:280]   --->   Operation 32 'getelementptr' 'p503p1_1_addr' <Predicate = (!icmp_ln276)> <Delay = 0.00>
ST_1 : Operation 33 [2/2] (0.71ns)   --->   "%b = load i3 %p503p1_1_addr" [src/generic/fp_generic.cpp:280]   --->   Operation 33 'load' 'b' <Predicate = (!icmp_ln276)> <Delay = 0.71> <CoreInst = "ROM">   --->   Core 100 'ROM' <Latency = 1> <II = 1> <Delay = 0.71> <Storage> <Opcode : 'load'> <Ports = 0> <Width = 64> <Depth = 8> <ROM>
ST_1 : Operation 34 [1/1] (0.38ns)   --->   "%store_ln263 = store i3 %add_ln276_4, i3 %j" [src/generic/fp_generic.cpp:263]   --->   Operation 34 'store' 'store_ln263' <Predicate = (!icmp_ln276)> <Delay = 0.38>

State 2 <SV = 1> <Delay = 5.14>
ST_2 : Operation 35 [1/2] ( I:0.71ns O:0.71ns )   --->   "%a = load i4 %R_Z_addr" [src/generic/fp_generic.cpp:280]   --->   Operation 35 'load' 'a' <Predicate = true> <Delay = 0.71> <CoreInst = "RAM">   --->   Core 82 'RAM' <Latency = 1> <II = 1> <Delay = 0.71> <Storage> <Opcode : 'load' 'store'> <Ports = 2> <Width = 64> <Depth = 16> <RAM>
ST_2 : Operation 36 [1/2] ( I:0.71ns O:0.71ns )   --->   "%b = load i3 %p503p1_1_addr" [src/generic/fp_generic.cpp:280]   --->   Operation 36 'load' 'b' <Predicate = true> <Delay = 0.71> <CoreInst = "ROM">   --->   Core 100 'ROM' <Latency = 1> <II = 1> <Delay = 0.71> <Storage> <Opcode : 'load'> <Ports = 0> <Width = 64> <Depth = 8> <ROM>
ST_2 : Operation 37 [1/1] (0.00ns)   --->   "%zext_ln150 = zext i64 %a" [src/generic/fp_generic.cpp:150->src/generic/fp_generic.cpp:280]   --->   Operation 37 'zext' 'zext_ln150' <Predicate = true> <Delay = 0.00>
ST_2 : Operation 38 [1/1] (0.00ns)   --->   "%zext_ln150_10 = zext i64 %b" [src/generic/fp_generic.cpp:150->src/generic/fp_generic.cpp:280]   --->   Operation 38 'zext' 'zext_ln150_10' <Predicate = true> <Delay = 0.00>
ST_2 : Operation 39 [1/1] (4.43ns)   --->   "%tmp = mul i128 %zext_ln150_10, i128 %zext_ln150" [src/generic/fp_generic.cpp:150->src/generic/fp_generic.cpp:280]   --->   Operation 39 'mul' 'tmp' <Predicate = true> <Delay = 4.43> <CoreInst = "Multiplier">   --->   Core 3 'Multiplier' <Latency = 0> <II = 1> <Delay = 4.43> <FuncUnit> <Opcode : 'mul'> <InPorts = 2> <OutPorts = 1>
ST_2 : Operation 40 [1/1] (0.00ns)   --->   "%lo = trunc i128 %tmp" [src/generic/fp_generic.cpp:281]   --->   Operation 40 'trunc' 'lo' <Predicate = true> <Delay = 0.00>
ST_2 : Operation 41 [1/1] (0.00ns)   --->   "%hi = partselect i64 @_ssdm_op_PartSelect.i64.i128.i32, i128 %tmp, i32 64" [src/generic/fp_generic.cpp:282]   --->   Operation 41 'partselect' 'hi' <Predicate = true> <Delay = 0.00>
ST_2 : Operation 78 [1/1] (0.00ns)   --->   "%t_load_12 = load i64 %t"   --->   Operation 78 'load' 't_load_12' <Predicate = (icmp_ln276)> <Delay = 0.00>
ST_2 : Operation 79 [1/1] (0.00ns)   --->   "%u_37_load_1 = load i64 %u_37"   --->   Operation 79 'load' 'u_37_load_1' <Predicate = (icmp_ln276)> <Delay = 0.00>
ST_2 : Operation 80 [1/1] (0.00ns)   --->   "%v_59_load = load i64 %v_59"   --->   Operation 80 'load' 'v_59_load' <Predicate = (icmp_ln276)> <Delay = 0.00>
ST_2 : Operation 81 [1/1] (0.00ns)   --->   "%write_ln0 = write void @_ssdm_op_Write.ap_auto.i64P0A, i64 %v_61_out, i64 %v_59_load"   --->   Operation 81 'write' 'write_ln0' <Predicate = (icmp_ln276)> <Delay = 0.00>
ST_2 : Operation 82 [1/1] (0.00ns)   --->   "%write_ln0 = write void @_ssdm_op_Write.ap_auto.i64P0A, i64 %u_37_out, i64 %u_37_load_1"   --->   Operation 82 'write' 'write_ln0' <Predicate = (icmp_ln276)> <Delay = 0.00>
ST_2 : Operation 83 [1/1] (0.00ns)   --->   "%write_ln0 = write void @_ssdm_op_Write.ap_auto.i64P0A, i64 %t_out, i64 %t_load_12"   --->   Operation 83 'write' 'write_ln0' <Predicate = (icmp_ln276)> <Delay = 0.00>
ST_2 : Operation 84 [1/1] (0.38ns)   --->   "%ret_ln0 = ret"   --->   Operation 84 'ret' 'ret_ln0' <Predicate = (icmp_ln276)> <Delay = 0.38>

State 3 <SV = 2> <Delay = 5.67>
ST_3 : Operation 42 [1/1] (0.00ns)   --->   "%t_load = load i64 %t" [src/generic/fp_generic.cpp:285]   --->   Operation 42 'load' 't_load' <Predicate = true> <Delay = 0.00>
ST_3 : Operation 43 [1/1] (0.00ns)   --->   "%u_37_load = load i64 %u_37" [src/generic/fp_generic.cpp:284]   --->   Operation 43 'load' 'u_37_load' <Predicate = true> <Delay = 0.00>
ST_3 : Operation 44 [1/1] (0.00ns)   --->   "%v_59_load_1 = load i64 %v_59" [src/generic/fp_generic.cpp:283]   --->   Operation 44 'load' 'v_59_load_1' <Predicate = true> <Delay = 0.00>
ST_3 : Operation 45 [1/1] (0.00ns)   --->   "%specpipeline_ln264 = specpipeline void @_ssdm_op_SpecPipeline, i32 4294967295, i32 0, i32 0, i32 0, void @empty_73" [src/generic/fp_generic.cpp:264]   --->   Operation 45 'specpipeline' 'specpipeline_ln264' <Predicate = true> <Delay = 0.00>
ST_3 : Operation 46 [1/1] (0.00ns)   --->   "%speclooptripcount_ln264 = speclooptripcount void @_ssdm_op_SpecLoopTripCount, i64 0, i64 7, i64 3" [src/generic/fp_generic.cpp:264]   --->   Operation 46 'speclooptripcount' 'speclooptripcount_ln264' <Predicate = true> <Delay = 0.00>
ST_3 : Operation 47 [1/1] (0.00ns)   --->   "%specloopname_ln276 = specloopname void @_ssdm_op_SpecLoopName, void @empty_20" [src/generic/fp_generic.cpp:276]   --->   Operation 47 'specloopname' 'specloopname_ln276' <Predicate = true> <Delay = 0.00>
ST_3 : Operation 48 [1/1] (1.14ns)   --->   "%v_60 = add i64 %lo, i64 %v_59_load_1" [src/generic/fp_generic.cpp:283]   --->   Operation 48 'add' 'v_60' <Predicate = true> <Delay = 1.14> <CoreInst = "Adder">   --->   Core 1 'Adder' <Latency = 0> <II = 1> <Delay = 1.14> <FuncUnit> <Opcode : 'add' 'sub'> <InPorts = 2> <OutPorts = 1>
ST_3 : Operation 49 [1/1] (0.00ns) (grouped into LUT with out node tempReg)   --->   "%xor_ln105_88 = xor i64 %lo, i64 %v_60" [src/config.h:105->src/generic/fp_generic.cpp:283]   --->   Operation 49 'xor' 'xor_ln105_88' <Predicate = true> <Delay = 0.00> <CoreInst = "LogicGate">   --->   Core 74 'LogicGate' <Latency = 0> <II = 1> <Delay = 0.28> <FuncUnit> <Opcode : 'and' 'or' 'xor'> <InPorts = 2> <OutPorts = 1>
ST_3 : Operation 50 [1/1] (0.00ns) (grouped into LUT with out node tempReg)   --->   "%xor_ln105 = xor i64 %v_59_load_1, i64 %lo" [src/config.h:105->src/generic/fp_generic.cpp:283]   --->   Operation 50 'xor' 'xor_ln105' <Predicate = true> <Delay = 0.00> <CoreInst = "LogicGate">   --->   Core 74 'LogicGate' <Latency = 0> <II = 1> <Delay = 0.28> <FuncUnit> <Opcode : 'and' 'or' 'xor'> <InPorts = 2> <OutPorts = 1>
ST_3 : Operation 51 [1/1] (0.00ns) (grouped into LUT with out node tempReg)   --->   "%or_ln105 = or i64 %xor_ln105, i64 %xor_ln105_88" [src/config.h:105->src/generic/fp_generic.cpp:283]   --->   Operation 51 'or' 'or_ln105' <Predicate = true> <Delay = 0.00> <CoreInst = "LogicGate">   --->   Core 74 'LogicGate' <Latency = 0> <II = 1> <Delay = 0.28> <FuncUnit> <Opcode : 'and' 'or' 'xor'> <InPorts = 2> <OutPorts = 1>
ST_3 : Operation 52 [1/1] (0.00ns) (grouped into LUT with out node tempReg)   --->   "%xor_ln105_89 = xor i64 %or_ln105, i64 %v_60" [src/config.h:105->src/generic/fp_generic.cpp:283]   --->   Operation 52 'xor' 'xor_ln105_89' <Predicate = true> <Delay = 0.00> <CoreInst = "LogicGate">   --->   Core 74 'LogicGate' <Latency = 0> <II = 1> <Delay = 0.28> <FuncUnit> <Opcode : 'and' 'or' 'xor'> <InPorts = 2> <OutPorts = 1>
ST_3 : Operation 53 [1/1] (0.00ns) (grouped into LUT with out node tempReg)   --->   "%carry = bitselect i1 @_ssdm_op_BitSelect.i1.i64.i32, i64 %xor_ln105_89, i32 63" [src/config.h:105->src/generic/fp_generic.cpp:283]   --->   Operation 53 'bitselect' 'carry' <Predicate = true> <Delay = 0.00>
ST_3 : Operation 54 [1/1] (0.00ns) (grouped into LUT with out node tempReg)   --->   "%zext_ln105 = zext i1 %carry" [src/config.h:105->src/generic/fp_generic.cpp:283]   --->   Operation 54 'zext' 'zext_ln105' <Predicate = true> <Delay = 0.00>
ST_3 : Operation 55 [1/1] (1.14ns) (out node of the LUT)   --->   "%tempReg = add i64 %hi, i64 %zext_ln105" [src/generic/fp_generic.cpp:284]   --->   Operation 55 'add' 'tempReg' <Predicate = true> <Delay = 1.14> <CoreInst = "Adder">   --->   Core 1 'Adder' <Latency = 0> <II = 1> <Delay = 1.14> <FuncUnit> <Opcode : 'add' 'sub'> <InPorts = 2> <OutPorts = 1>
ST_3 : Operation 56 [1/1] (1.14ns)   --->   "%u_50 = add i64 %tempReg, i64 %u_37_load" [src/generic/fp_generic.cpp:284]   --->   Operation 56 'add' 'u_50' <Predicate = true> <Delay = 1.14> <CoreInst = "Adder">   --->   Core 1 'Adder' <Latency = 0> <II = 1> <Delay = 1.14> <FuncUnit> <Opcode : 'add' 'sub'> <InPorts = 2> <OutPorts = 1>
ST_3 : Operation 57 [1/1] (0.00ns) (grouped into LUT with out node t_20)   --->   "%bit_sel = bitselect i1 @_ssdm_op_BitSelect.i1.i64.i64, i64 %tempReg, i64 63" [src/config.h:105->src/generic/fp_generic.cpp:284]   --->   Operation 57 'bitselect' 'bit_sel' <Predicate = (icmp_ln278)> <Delay = 0.00>
ST_3 : Operation 58 [1/1] (0.00ns) (grouped into LUT with out node t_20)   --->   "%xor_ln105_90 = xor i1 %bit_sel, i1 1" [src/config.h:105->src/generic/fp_generic.cpp:284]   --->   Operation 58 'xor' 'xor_ln105_90' <Predicate = (icmp_ln278)> <Delay = 0.00> <CoreInst = "LogicGate">   --->   Core 74 'LogicGate' <Latency = 0> <II = 1> <Delay = 0.12> <FuncUnit> <Opcode : 'and' 'or' 'xor'> <InPorts = 2> <OutPorts = 1>
ST_3 : Operation 59 [1/1] (0.00ns) (grouped into LUT with out node t_20)   --->   "%trunc_ln105 = trunc i64 %tempReg" [src/config.h:105->src/generic/fp_generic.cpp:284]   --->   Operation 59 'trunc' 'trunc_ln105' <Predicate = (icmp_ln278)> <Delay = 0.00>
ST_3 : Operation 60 [1/1] (0.00ns) (grouped into LUT with out node t_20)   --->   "%xor_ln105_s = bitconcatenate i64 @_ssdm_op_BitConcatenate.i64.i1.i63, i1 %xor_ln105_90, i63 %trunc_ln105" [src/config.h:105->src/generic/fp_generic.cpp:284]   --->   Operation 60 'bitconcatenate' 'xor_ln105_s' <Predicate = (icmp_ln278)> <Delay = 0.00>
ST_3 : Operation 61 [1/1] (0.00ns) (grouped into LUT with out node t_20)   --->   "%and_ln105 = and i64 %hi, i64 %xor_ln105_s" [src/config.h:105->src/generic/fp_generic.cpp:284]   --->   Operation 61 'and' 'and_ln105' <Predicate = (icmp_ln278)> <Delay = 0.00> <CoreInst = "LogicGate">   --->   Core 74 'LogicGate' <Latency = 0> <II = 1> <Delay = 0.28> <FuncUnit> <Opcode : 'and' 'or' 'xor'> <InPorts = 2> <OutPorts = 1>
ST_3 : Operation 62 [1/1] (0.00ns) (grouped into LUT with out node t_20)   --->   "%tmp_59 = bitselect i1 @_ssdm_op_BitSelect.i1.i64.i32, i64 %and_ln105, i32 63" [src/config.h:103->src/generic/fp_generic.cpp:284]   --->   Operation 62 'bitselect' 'tmp_59' <Predicate = (icmp_ln278)> <Delay = 0.00>
ST_3 : Operation 63 [1/1] (0.00ns) (grouped into LUT with out node tmp_60)   --->   "%xor_ln105_91 = xor i64 %tempReg, i64 %u_50" [src/config.h:105->src/generic/fp_generic.cpp:284]   --->   Operation 63 'xor' 'xor_ln105_91' <Predicate = (icmp_ln278)> <Delay = 0.00> <CoreInst = "LogicGate">   --->   Core 74 'LogicGate' <Latency = 0> <II = 1> <Delay = 0.28> <FuncUnit> <Opcode : 'and' 'or' 'xor'> <InPorts = 2> <OutPorts = 1>
ST_3 : Operation 64 [1/1] (0.00ns) (grouped into LUT with out node tmp_60)   --->   "%xor_ln105_92 = xor i64 %u_37_load, i64 %tempReg" [src/config.h:105->src/generic/fp_generic.cpp:284]   --->   Operation 64 'xor' 'xor_ln105_92' <Predicate = (icmp_ln278)> <Delay = 0.00> <CoreInst = "LogicGate">   --->   Core 74 'LogicGate' <Latency = 0> <II = 1> <Delay = 0.28> <FuncUnit> <Opcode : 'and' 'or' 'xor'> <InPorts = 2> <OutPorts = 1>
ST_3 : Operation 65 [1/1] (0.00ns) (grouped into LUT with out node tmp_60)   --->   "%or_ln105_16 = or i64 %xor_ln105_92, i64 %xor_ln105_91" [src/config.h:105->src/generic/fp_generic.cpp:284]   --->   Operation 65 'or' 'or_ln105_16' <Predicate = (icmp_ln278)> <Delay = 0.00> <CoreInst = "LogicGate">   --->   Core 74 'LogicGate' <Latency = 0> <II = 1> <Delay = 0.28> <FuncUnit> <Opcode : 'and' 'or' 'xor'> <InPorts = 2> <OutPorts = 1>
ST_3 : Operation 66 [1/1] (0.00ns) (grouped into LUT with out node tmp_60)   --->   "%xor_ln105_93 = xor i64 %or_ln105_16, i64 %u_50" [src/config.h:105->src/generic/fp_generic.cpp:284]   --->   Operation 66 'xor' 'xor_ln105_93' <Predicate = (icmp_ln278)> <Delay = 0.00> <CoreInst = "LogicGate">   --->   Core 74 'LogicGate' <Latency = 0> <II = 1> <Delay = 0.28> <FuncUnit> <Opcode : 'and' 'or' 'xor'> <InPorts = 2> <OutPorts = 1>
ST_3 : Operation 67 [1/1] (0.28ns) (out node of the LUT)   --->   "%tmp_60 = bitselect i1 @_ssdm_op_BitSelect.i1.i64.i32, i64 %xor_ln105_93, i32 63" [src/generic/fp_generic.cpp:284]   --->   Operation 67 'bitselect' 'tmp_60' <Predicate = (icmp_ln278)> <Delay = 0.28>
ST_3 : Operation 68 [1/1] (0.00ns) (grouped into LUT with out node t_20)   --->   "%carry_29 = or i1 %tmp_60, i1 %tmp_59" [src/generic/fp_generic.cpp:284]   --->   Operation 68 'or' 'carry_29' <Predicate = (icmp_ln278)> <Delay = 0.00> <CoreInst = "LogicGate">   --->   Core 74 'LogicGate' <Latency = 0> <II = 1> <Delay = 0.12> <FuncUnit> <Opcode : 'and' 'or' 'xor'> <InPorts = 2> <OutPorts = 1>
ST_3 : Operation 69 [1/1] (0.00ns) (grouped into LUT with out node t_20)   --->   "%zext_ln285 = zext i1 %carry_29" [src/generic/fp_generic.cpp:285]   --->   Operation 69 'zext' 'zext_ln285' <Predicate = (icmp_ln278)> <Delay = 0.00>
ST_3 : Operation 70 [1/1] (1.14ns) (out node of the LUT)   --->   "%t_20 = add i64 %t_load, i64 %zext_ln285" [src/generic/fp_generic.cpp:285]   --->   Operation 70 'add' 't_20' <Predicate = (icmp_ln278)> <Delay = 1.14> <CoreInst = "Adder">   --->   Core 1 'Adder' <Latency = 0> <II = 1> <Delay = 1.14> <FuncUnit> <Opcode : 'add' 'sub'> <InPorts = 2> <OutPorts = 1>
ST_3 : Operation 71 [1/1] (0.41ns)   --->   "%t_2 = select i1 %icmp_ln278, i64 %t_20, i64 %t_load" [src/generic/fp_generic.cpp:278]   --->   Operation 71 'select' 't_2' <Predicate = true> <Delay = 0.41> <CoreInst = "Sel">   --->   Core 73 'Sel' <Latency = 0> <II = 1> <Delay = 0.41> <FuncUnit> <Opcode : 'select'> <InPorts = 3> <OutPorts = 1>
ST_3 : Operation 72 [1/1] (0.41ns)   --->   "%u_2 = select i1 %icmp_ln278, i64 %u_50, i64 %u_37_load" [src/generic/fp_generic.cpp:278]   --->   Operation 72 'select' 'u_2' <Predicate = true> <Delay = 0.41> <CoreInst = "Sel">   --->   Core 73 'Sel' <Latency = 0> <II = 1> <Delay = 0.41> <FuncUnit> <Opcode : 'select'> <InPorts = 3> <OutPorts = 1>
ST_3 : Operation 73 [1/1] (0.41ns)   --->   "%v_2 = select i1 %icmp_ln278, i64 %v_60, i64 %v_59_load_1" [src/generic/fp_generic.cpp:278]   --->   Operation 73 'select' 'v_2' <Predicate = true> <Delay = 0.41> <CoreInst = "Sel">   --->   Core 73 'Sel' <Latency = 0> <II = 1> <Delay = 0.41> <FuncUnit> <Opcode : 'select'> <InPorts = 3> <OutPorts = 1>
ST_3 : Operation 74 [1/1] (0.38ns)   --->   "%store_ln264 = store i64 %v_2, i64 %v_59" [src/generic/fp_generic.cpp:264]   --->   Operation 74 'store' 'store_ln264' <Predicate = true> <Delay = 0.38>
ST_3 : Operation 75 [1/1] (0.38ns)   --->   "%store_ln264 = store i64 %u_2, i64 %u_37" [src/generic/fp_generic.cpp:264]   --->   Operation 75 'store' 'store_ln264' <Predicate = true> <Delay = 0.38>
ST_3 : Operation 76 [1/1] (0.38ns)   --->   "%store_ln264 = store i64 %t_2, i64 %t" [src/generic/fp_generic.cpp:264]   --->   Operation 76 'store' 'store_ln264' <Predicate = true> <Delay = 0.38>
ST_3 : Operation 77 [1/1] (0.00ns)   --->   "%br_ln276 = br void %for.body6" [src/generic/fp_generic.cpp:276]   --->   Operation 77 'br' 'br_ln276' <Predicate = true> <Delay = 0.00>


============================================================
+ Verbose Summary: Binding
============================================================
STG Binding: 
---------------- STG Properties BEGIN ----------------
- Is combinational: 0
- Is one-state seq: 0
- Is datapath-only: 0
- Is pipelined: 0
- Is top level: 0
Port [ Return ] is wired: 1; IO mode=ap_ctrl_hs:ce=0
Port [ v]:  wired=1; compound=0; hidden=0; nouse=0; global=0; static=0; extern=0; dir=0; type=0; pingpong=0; private_global=0; IO mode=ap_none:ce=0
Port [ u]:  wired=1; compound=0; hidden=0; nouse=0; global=0; static=0; extern=0; dir=0; type=0; pingpong=0; private_global=0; IO mode=ap_none:ce=0
Port [ i_9]:  wired=1; compound=0; hidden=0; nouse=0; global=0; static=0; extern=0; dir=0; type=0; pingpong=0; private_global=0; IO mode=ap_none:ce=0
Port [ add_ln276]:  wired=1; compound=0; hidden=0; nouse=0; global=0; static=0; extern=0; dir=0; type=0; pingpong=0; private_global=0; IO mode=ap_none:ce=0
Port [ R_Z]:  wired=1; compound=1; hidden=0; nouse=0; global=0; static=0; extern=0; dir=0; type=1; pingpong=0; private_global=0; MemPort=[13]; IO mode=ap_memory:ce=0
Port [ empty]:  wired=1; compound=0; hidden=0; nouse=0; global=0; static=0; extern=0; dir=0; type=0; pingpong=0; private_global=0; IO mode=ap_none:ce=0
Port [ v_61_out]:  wired=1; compound=0; hidden=0; nouse=0; global=0; static=0; extern=0; dir=1; type=0; pingpong=0; private_global=0; IO mode=ap_vld:ce=0
Port [ u_37_out]:  wired=1; compound=0; hidden=0; nouse=0; global=0; static=0; extern=0; dir=1; type=0; pingpong=0; private_global=0; IO mode=ap_vld:ce=0
Port [ t_out]:  wired=1; compound=0; hidden=0; nouse=0; global=0; static=0; extern=0; dir=1; type=0; pingpong=0; private_global=0; IO mode=ap_vld:ce=0
Port [ p503p1_1]:  wired=0; compound=1; hidden=1; nouse=0; global=1; static=1; extern=0; dir=0; type=1; pingpong=0; private_global=0; MemPort=[1]; IO mode=ap_memory:ce=0
---------------- STG Properties END ------------------

---------------- Datapath Model BEGIN ----------------

<LifeTime>
<method=bitvector/>
t                       (alloca           ) [ 0111]
u_37                    (alloca           ) [ 0111]
v_59                    (alloca           ) [ 0111]
j                       (alloca           ) [ 0100]
tmp_57                  (read             ) [ 0000]
add_ln276_read          (read             ) [ 0000]
i_9_read                (read             ) [ 0000]
u_read                  (read             ) [ 0000]
v_read                  (read             ) [ 0000]
store_ln263             (store            ) [ 0000]
store_ln264             (store            ) [ 0000]
store_ln264             (store            ) [ 0000]
store_ln264             (store            ) [ 0000]
br_ln0                  (br               ) [ 0000]
j_9                     (load             ) [ 0000]
zext_ln276              (zext             ) [ 0000]
icmp_ln276              (icmp             ) [ 0110]
add_ln276_4             (add              ) [ 0000]
br_ln276                (br               ) [ 0000]
icmp_ln278              (icmp             ) [ 0111]
zext_ln280_4            (bitconcatenate   ) [ 0000]
zext_ln280_5            (zext             ) [ 0000]
R_Z_addr                (getelementptr    ) [ 0110]
sub_ln280               (sub              ) [ 0000]
zext_ln280              (zext             ) [ 0000]
p503p1_1_addr           (getelementptr    ) [ 0110]
store_ln263             (store            ) [ 0000]
a                       (load             ) [ 0000]
b                       (load             ) [ 0000]
zext_ln150              (zext             ) [ 0000]
zext_ln150_10           (zext             ) [ 0000]
tmp                     (mul              ) [ 0000]
lo                      (trunc            ) [ 0101]
hi                      (partselect       ) [ 0101]
t_load                  (load             ) [ 0000]
u_37_load               (load             ) [ 0000]
v_59_load_1             (load             ) [ 0000]
specpipeline_ln264      (specpipeline     ) [ 0000]
speclooptripcount_ln264 (speclooptripcount) [ 0000]
specloopname_ln276      (specloopname     ) [ 0000]
v_60                    (add              ) [ 0000]
xor_ln105_88            (xor              ) [ 0000]
xor_ln105               (xor              ) [ 0000]
or_ln105                (or               ) [ 0000]
xor_ln105_89            (xor              ) [ 0000]
carry                   (bitselect        ) [ 0000]
zext_ln105              (zext             ) [ 0000]
tempReg                 (add              ) [ 0000]
u_50                    (add              ) [ 0000]
bit_sel                 (bitselect        ) [ 0000]
xor_ln105_90            (xor              ) [ 0000]
trunc_ln105             (trunc            ) [ 0000]
xor_ln105_s             (bitconcatenate   ) [ 0000]
and_ln105               (and              ) [ 0000]
tmp_59                  (bitselect        ) [ 0000]
xor_ln105_91            (xor              ) [ 0000]
xor_ln105_92            (xor              ) [ 0000]
or_ln105_16             (or               ) [ 0000]
xor_ln105_93            (xor              ) [ 0000]
tmp_60                  (bitselect        ) [ 0000]
carry_29                (or               ) [ 0000]
zext_ln285              (zext             ) [ 0000]
t_20                    (add              ) [ 0000]
t_2                     (select           ) [ 0000]
u_2                     (select           ) [ 0000]
v_2                     (select           ) [ 0000]
store_ln264             (store            ) [ 0000]
store_ln264             (store            ) [ 0000]
store_ln264             (store            ) [ 0000]
br_ln276                (br               ) [ 0000]
t_load_12               (load             ) [ 0000]
u_37_load_1             (load             ) [ 0000]
v_59_load               (load             ) [ 0000]
write_ln0               (write            ) [ 0000]
write_ln0               (write            ) [ 0000]
write_ln0               (write            ) [ 0000]
ret_ln0                 (ret              ) [ 0000]
</LifeTime>

<model>

<comp_list>
<comp id="0" class="1000" name="v">
<pin_list>
<pin id="1" dir="1" index="0" bw="1" slack="0"/>
</pin_list>
<bind>
<StgValue><ssdm name="v"/></StgValue>
</bind>
</comp>

<comp id="2" class="1000" name="u">
<pin_list>
<pin id="3" dir="1" index="0" bw="1" slack="0"/>
</pin_list>
<bind>
<StgValue><ssdm name="u"/></StgValue>
</bind>
</comp>

<comp id="4" class="1000" name="i_9">
<pin_list>
<pin id="5" dir="1" index="0" bw="1" slack="0"/>
</pin_list>
<bind>
<StgValue><ssdm name="i_9"/></StgValue>
</bind>
</comp>

<comp id="6" class="1000" name="add_ln276">
<pin_list>
<pin id="7" dir="1" index="0" bw="1" slack="0"/>
</pin_list>
<bind>
<StgValue><ssdm name="add_ln276"/></StgValue>
</bind>
</comp>

<comp id="8" class="1000" name="R_Z">
<pin_list>
<pin id="9" dir="1" index="0" bw="1" slack="0"/>
</pin_list>
<bind>
<StgValue><ssdm name="R_Z"/><MemPortTyVec>1 3 </MemPortTyVec>
</StgValue>
</bind>
</comp>

<comp id="10" class="1000" name="empty">
<pin_list>
<pin id="11" dir="1" index="0" bw="1" slack="0"/>
</pin_list>
<bind>
<StgValue><ssdm name="empty"/></StgValue>
</bind>
</comp>

<comp id="12" class="1000" name="v_61_out">
<pin_list>
<pin id="13" dir="1" index="0" bw="1" slack="0"/>
</pin_list>
<bind>
<StgValue><ssdm name="v_61_out"/></StgValue>
</bind>
</comp>

<comp id="14" class="1000" name="u_37_out">
<pin_list>
<pin id="15" dir="1" index="0" bw="1" slack="0"/>
</pin_list>
<bind>
<StgValue><ssdm name="u_37_out"/></StgValue>
</bind>
</comp>

<comp id="16" class="1000" name="t_out">
<pin_list>
<pin id="17" dir="1" index="0" bw="1" slack="0"/>
</pin_list>
<bind>
<StgValue><ssdm name="t_out"/></StgValue>
</bind>
</comp>

<comp id="18" class="1000" name="p503p1_1">
<pin_list>
<pin id="19" dir="1" index="0" bw="1" slack="0"/>
</pin_list>
<bind>
<StgValue><ssdm name="p503p1_1"/><MemPortTyVec>1 </MemPortTyVec>
</StgValue>
</bind>
</comp>

<comp id="20" class="1001" name="const_20">
<pin_list>
<pin id="21" dir="1" index="0" bw="1" slack="0"/>
</pin_list>
<bind>
<StgValue><ssdm name=""/></StgValue>
</bind>
</comp>

<comp id="22" class="1001" name="const_22">
<pin_list>
<pin id="23" dir="1" index="0" bw="1" slack="0"/>
</pin_list>
<bind>
<StgValue><ssdm name="_ssdm_op_Read.ap_auto.i3"/></StgValue>
</bind>
</comp>

<comp id="24" class="1001" name="const_24">
<pin_list>
<pin id="25" dir="1" index="0" bw="1" slack="0"/>
</pin_list>
<bind>
<StgValue><ssdm name="_ssdm_op_Read.ap_auto.i4"/></StgValue>
</bind>
</comp>

<comp id="26" class="1001" name="const_26">
<pin_list>
<pin id="27" dir="1" index="0" bw="1" slack="0"/>
</pin_list>
<bind>
<StgValue><ssdm name="_ssdm_op_Read.ap_auto.i64"/></StgValue>
</bind>
</comp>

<comp id="28" class="1001" name="const_28">
<pin_list>
<pin id="29" dir="1" index="0" bw="1" slack="0"/>
</pin_list>
<bind>
<StgValue><ssdm name=""/></StgValue>
</bind>
</comp>

<comp id="30" class="1001" name="const_30">
<pin_list>
<pin id="31" dir="1" index="0" bw="1" slack="0"/>
</pin_list>
<bind>
<StgValue><ssdm name=""/></StgValue>
</bind>
</comp>

<comp id="32" class="1001" name="const_32">
<pin_list>
<pin id="33" dir="1" index="0" bw="1" slack="0"/>
</pin_list>
<bind>
<StgValue><ssdm name=""/></StgValue>
</bind>
</comp>

<comp id="34" class="1001" name="const_34">
<pin_list>
<pin id="35" dir="1" index="0" bw="1" slack="0"/>
</pin_list>
<bind>
<StgValue><ssdm name="_ssdm_op_BitConcatenate.i4.i1.i3"/></StgValue>
</bind>
</comp>

<comp id="36" class="1001" name="const_36">
<pin_list>
<pin id="37" dir="1" index="0" bw="1" slack="0"/>
</pin_list>
<bind>
<StgValue><ssdm name=""/></StgValue>
</bind>
</comp>

<comp id="38" class="1001" name="const_38">
<pin_list>
<pin id="39" dir="1" index="0" bw="1" slack="0"/>
</pin_list>
<bind>
<StgValue><ssdm name="_ssdm_op_PartSelect.i64.i128.i32"/></StgValue>
</bind>
</comp>

<comp id="40" class="1001" name="const_40">
<pin_list>
<pin id="41" dir="1" index="0" bw="1" slack="0"/>
</pin_list>
<bind>
<StgValue><ssdm name=""/></StgValue>
</bind>
</comp>

<comp id="42" class="1001" name="const_42">
<pin_list>
<pin id="43" dir="1" index="0" bw="1" slack="2147483647"/>
</pin_list>
<bind>
<StgValue><ssdm name="_ssdm_op_SpecPipeline"/></StgValue>
</bind>
</comp>

<comp id="44" class="1001" name="const_44">
<pin_list>
<pin id="45" dir="1" index="0" bw="1" slack="2147483647"/>
</pin_list>
<bind>
<StgValue><ssdm name=""/></StgValue>
</bind>
</comp>

<comp id="46" class="1001" name="const_46">
<pin_list>
<pin id="47" dir="1" index="0" bw="1" slack="2147483647"/>
</pin_list>
<bind>
<StgValue><ssdm name=""/></StgValue>
</bind>
</comp>

<comp id="48" class="1001" name="const_48">
<pin_list>
<pin id="49" dir="1" index="0" bw="1" slack="2147483647"/>
</pin_list>
<bind>
<StgValue><ssdm name="empty_73"/></StgValue>
</bind>
</comp>

<comp id="50" class="1001" name="const_50">
<pin_list>
<pin id="51" dir="1" index="0" bw="1" slack="2147483647"/>
</pin_list>
<bind>
<StgValue><ssdm name="_ssdm_op_SpecLoopTripCount"/></StgValue>
</bind>
</comp>

<comp id="52" class="1001" name="const_52">
<pin_list>
<pin id="53" dir="1" index="0" bw="1" slack="2147483647"/>
</pin_list>
<bind>
<StgValue><ssdm name=""/></StgValue>
</bind>
</comp>

<comp id="54" class="1001" name="const_54">
<pin_list>
<pin id="55" dir="1" index="0" bw="1" slack="2147483647"/>
</pin_list>
<bind>
<StgValue><ssdm name=""/></StgValue>
</bind>
</comp>

<comp id="56" class="1001" name="const_56">
<pin_list>
<pin id="57" dir="1" index="0" bw="1" slack="2147483647"/>
</pin_list>
<bind>
<StgValue><ssdm name="_ssdm_op_SpecLoopName"/></StgValue>
</bind>
</comp>

<comp id="58" class="1001" name="const_58">
<pin_list>
<pin id="59" dir="1" index="0" bw="1" slack="2147483647"/>
</pin_list>
<bind>
<StgValue><ssdm name="empty_20"/></StgValue>
</bind>
</comp>

<comp id="60" class="1001" name="const_60">
<pin_list>
<pin id="61" dir="1" index="0" bw="1" slack="0"/>
</pin_list>
<bind>
<StgValue><ssdm name="_ssdm_op_BitSelect.i1.i64.i32"/></StgValue>
</bind>
</comp>

<comp id="62" class="1001" name="const_62">
<pin_list>
<pin id="63" dir="1" index="0" bw="1" slack="0"/>
</pin_list>
<bind>
<StgValue><ssdm name=""/></StgValue>
</bind>
</comp>

<comp id="64" class="1001" name="const_64">
<pin_list>
<pin id="65" dir="1" index="0" bw="1" slack="0"/>
</pin_list>
<bind>
<StgValue><ssdm name="_ssdm_op_BitSelect.i1.i64.i64"/></StgValue>
</bind>
</comp>

<comp id="66" class="1001" name="const_66">
<pin_list>
<pin id="67" dir="1" index="0" bw="1" slack="0"/>
</pin_list>
<bind>
<StgValue><ssdm name=""/></StgValue>
</bind>
</comp>

<comp id="68" class="1001" name="const_68">
<pin_list>
<pin id="69" dir="1" index="0" bw="1" slack="0"/>
</pin_list>
<bind>
<StgValue><ssdm name="_ssdm_op_BitConcatenate.i64.i1.i63"/></StgValue>
</bind>
</comp>

<comp id="70" class="1001" name="const_70">
<pin_list>
<pin id="71" dir="1" index="0" bw="1" slack="0"/>
</pin_list>
<bind>
<StgValue><ssdm name="_ssdm_op_Write.ap_auto.i64P0A"/></StgValue>
</bind>
</comp>

<comp id="72" class="1004" name="t_fu_72">
<pin_list>
<pin id="73" dir="0" index="0" bw="1" slack="0"/>
<pin id="74" dir="1" index="1" bw="64" slack="0"/>
</pin_list>
<bind>
<opcode="alloca(26) " fcode="alloca"/>
<opset="t/1 "/>
</bind>
</comp>

<comp id="76" class="1004" name="u_37_fu_76">
<pin_list>
<pin id="77" dir="0" index="0" bw="1" slack="0"/>
<pin id="78" dir="1" index="1" bw="64" slack="0"/>
</pin_list>
<bind>
<opcode="alloca(26) " fcode="alloca"/>
<opset="u_37/1 "/>
</bind>
</comp>

<comp id="80" class="1004" name="v_59_fu_80">
<pin_list>
<pin id="81" dir="0" index="0" bw="1" slack="0"/>
<pin id="82" dir="1" index="1" bw="64" slack="0"/>
</pin_list>
<bind>
<opcode="alloca(26) " fcode="alloca"/>
<opset="v_59/1 "/>
</bind>
</comp>

<comp id="84" class="1004" name="j_fu_84">
<pin_list>
<pin id="85" dir="0" index="0" bw="1" slack="0"/>
<pin id="86" dir="1" index="1" bw="3" slack="0"/>
</pin_list>
<bind>
<opcode="alloca(26) " fcode="alloca"/>
<opset="j/1 "/>
</bind>
</comp>

<comp id="88" class="1004" name="tmp_57_read_fu_88">
<pin_list>
<pin id="89" dir="0" index="0" bw="3" slack="0"/>
<pin id="90" dir="0" index="1" bw="3" slack="0"/>
<pin id="91" dir="1" index="2" bw="3" slack="0"/>
</pin_list>
<bind>
<opcode="read(1150) " fcode="read"/>
<opset="tmp_57/1 "/>
</bind>
</comp>

<comp id="94" class="1004" name="add_ln276_read_read_fu_94">
<pin_list>
<pin id="95" dir="0" index="0" bw="4" slack="0"/>
<pin id="96" dir="0" index="1" bw="4" slack="0"/>
<pin id="97" dir="1" index="2" bw="4" slack="0"/>
</pin_list>
<bind>
<opcode="read(1150) " fcode="read"/>
<opset="add_ln276_read/1 "/>
</bind>
</comp>

<comp id="100" class="1004" name="i_9_read_read_fu_100">
<pin_list>
<pin id="101" dir="0" index="0" bw="3" slack="0"/>
<pin id="102" dir="0" index="1" bw="3" slack="0"/>
<pin id="103" dir="1" index="2" bw="3" slack="0"/>
</pin_list>
<bind>
<opcode="read(1150) " fcode="read"/>
<opset="i_9_read/1 "/>
</bind>
</comp>

<comp id="106" class="1004" name="u_read_read_fu_106">
<pin_list>
<pin id="107" dir="0" index="0" bw="64" slack="0"/>
<pin id="108" dir="0" index="1" bw="64" slack="0"/>
<pin id="109" dir="1" index="2" bw="64" slack="0"/>
</pin_list>
<bind>
<opcode="read(1150) " fcode="read"/>
<opset="u_read/1 "/>
</bind>
</comp>

<comp id="112" class="1004" name="v_read_read_fu_112">
<pin_list>
<pin id="113" dir="0" index="0" bw="64" slack="0"/>
<pin id="114" dir="0" index="1" bw="64" slack="0"/>
<pin id="115" dir="1" index="2" bw="64" slack="0"/>
</pin_list>
<bind>
<opcode="read(1150) " fcode="read"/>
<opset="v_read/1 "/>
</bind>
</comp>

<comp id="118" class="1004" name="write_ln0_write_fu_118">
<pin_list>
<pin id="119" dir="0" index="0" bw="0" slack="0"/>
<pin id="120" dir="0" index="1" bw="64" slack="0"/>
<pin id="121" dir="0" index="2" bw="64" slack="0"/>
<pin id="122" dir="1" index="3" bw="0" slack="2147483647"/>
</pin_list>
<bind>
<opcode="write(1151) " fcode="write"/>
<opset="write_ln0/2 "/>
</bind>
</comp>

<comp id="125" class="1004" name="write_ln0_write_fu_125">
<pin_list>
<pin id="126" dir="0" index="0" bw="0" slack="0"/>
<pin id="127" dir="0" index="1" bw="64" slack="0"/>
<pin id="128" dir="0" index="2" bw="64" slack="0"/>
<pin id="129" dir="1" index="3" bw="0" slack="2147483647"/>
</pin_list>
<bind>
<opcode="write(1151) " fcode="write"/>
<opset="write_ln0/2 "/>
</bind>
</comp>

<comp id="132" class="1004" name="write_ln0_write_fu_132">
<pin_list>
<pin id="133" dir="0" index="0" bw="0" slack="0"/>
<pin id="134" dir="0" index="1" bw="64" slack="0"/>
<pin id="135" dir="0" index="2" bw="64" slack="0"/>
<pin id="136" dir="1" index="3" bw="0" slack="2147483647"/>
</pin_list>
<bind>
<opcode="write(1151) " fcode="write"/>
<opset="write_ln0/2 "/>
</bind>
</comp>

<comp id="139" class="1004" name="R_Z_addr_gep_fu_139">
<pin_list>
<pin id="140" dir="0" index="0" bw="64" slack="0"/>
<pin id="141" dir="0" index="1" bw="1" slack="0"/>
<pin id="142" dir="0" index="2" bw="4" slack="0"/>
<pin id="143" dir="1" index="3" bw="4" slack="0"/>
</pin_list>
<bind>
<opcode="getelementptr(29) " fcode="getelementptr"/>
<opset="R_Z_addr/1 "/>
</bind>
</comp>

<comp id="146" class="1004" name="grp_access_fu_146">
<pin_list>
<pin id="147" dir="0" index="0" bw="4" slack="0"/>
<pin id="148" dir="0" index="1" bw="64" slack="2147483647"/>
<pin id="149" dir="0" index="2" bw="0" slack="2147483647"/>
<pin id="150" dir="1" index="3" bw="64" slack="0"/>
</pin_list>
<bind>
<opcode="load(27) " fcode="load"/>
<opset="a/1 "/>
</bind>
</comp>

<comp id="152" class="1004" name="p503p1_1_addr_gep_fu_152">
<pin_list>
<pin id="153" dir="0" index="0" bw="64" slack="0"/>
<pin id="154" dir="0" index="1" bw="1" slack="0"/>
<pin id="155" dir="0" index="2" bw="3" slack="0"/>
<pin id="156" dir="1" index="3" bw="3" slack="0"/>
</pin_list>
<bind>
<opcode="getelementptr(29) " fcode="getelementptr"/>
<opset="p503p1_1_addr/1 "/>
</bind>
</comp>

<comp id="159" class="1004" name="grp_access_fu_159">
<pin_list>
<pin id="160" dir="0" index="0" bw="3" slack="0"/>
<pin id="161" dir="0" index="1" bw="64" slack="2147483647"/>
<pin id="162" dir="0" index="2" bw="0" slack="2147483647"/>
<pin id="163" dir="1" index="3" bw="64" slack="0"/>
</pin_list>
<bind>
<opcode="load(27) " fcode="load"/>
<opset="b/1 "/>
</bind>
</comp>

<comp id="165" class="1004" name="tmp_fu_165">
<pin_list>
<pin id="166" dir="0" index="0" bw="64" slack="0"/>
<pin id="167" dir="0" index="1" bw="64" slack="0"/>
<pin id="168" dir="1" index="2" bw="128" slack="0"/>
</pin_list>
<bind>
<opcode="mul(12) " fcode="mul"/>
<opset="tmp/2 "/>
</bind>
</comp>

<comp id="169" class="1004" name="store_ln263_store_fu_169">
<pin_list>
<pin id="170" dir="0" index="0" bw="1" slack="0"/>
<pin id="171" dir="0" index="1" bw="3" slack="0"/>
<pin id="172" dir="1" index="2" bw="0" slack="2147483647"/>
</pin_list>
<bind>
<opcode="store(28) " fcode="store"/>
<opset="store_ln263/1 "/>
</bind>
</comp>

<comp id="174" class="1004" name="store_ln264_store_fu_174">
<pin_list>
<pin id="175" dir="0" index="0" bw="64" slack="0"/>
<pin id="176" dir="0" index="1" bw="64" slack="0"/>
<pin id="177" dir="1" index="2" bw="0" slack="2147483647"/>
</pin_list>
<bind>
<opcode="store(28) " fcode="store"/>
<opset="store_ln264/1 "/>
</bind>
</comp>

<comp id="179" class="1004" name="store_ln264_store_fu_179">
<pin_list>
<pin id="180" dir="0" index="0" bw="64" slack="0"/>
<pin id="181" dir="0" index="1" bw="64" slack="0"/>
<pin id="182" dir="1" index="2" bw="0" slack="2147483647"/>
</pin_list>
<bind>
<opcode="store(28) " fcode="store"/>
<opset="store_ln264/1 "/>
</bind>
</comp>

<comp id="184" class="1004" name="store_ln264_store_fu_184">
<pin_list>
<pin id="185" dir="0" index="0" bw="1" slack="0"/>
<pin id="186" dir="0" index="1" bw="64" slack="0"/>
<pin id="187" dir="1" index="2" bw="0" slack="2147483647"/>
</pin_list>
<bind>
<opcode="store(28) " fcode="store"/>
<opset="store_ln264/1 "/>
</bind>
</comp>

<comp id="189" class="1004" name="j_9_load_fu_189">
<pin_list>
<pin id="190" dir="0" index="0" bw="3" slack="0"/>
<pin id="191" dir="1" index="1" bw="3" slack="0"/>
</pin_list>
<bind>
<opcode="load(27) " fcode="load"/>
<opset="j_9/1 "/>
</bind>
</comp>

<comp id="192" class="1004" name="zext_ln276_fu_192">
<pin_list>
<pin id="193" dir="0" index="0" bw="3" slack="0"/>
<pin id="194" dir="1" index="1" bw="4" slack="0"/>
</pin_list>
<bind>
<opcode="zext(34) " fcode="zext"/>
<opset="zext_ln276/1 "/>
</bind>
</comp>

<comp id="196" class="1004" name="icmp_ln276_fu_196">
<pin_list>
<pin id="197" dir="0" index="0" bw="3" slack="0"/>
<pin id="198" dir="0" index="1" bw="3" slack="0"/>
<pin id="199" dir="1" index="2" bw="1" slack="1"/>
</pin_list>
<bind>
<opcode="icmp(45) " fcode="icmp"/>
<opset="icmp_ln276/1 "/>
</bind>
</comp>

<comp id="202" class="1004" name="add_ln276_4_fu_202">
<pin_list>
<pin id="203" dir="0" index="0" bw="3" slack="0"/>
<pin id="204" dir="0" index="1" bw="1" slack="0"/>
<pin id="205" dir="1" index="2" bw="3" slack="0"/>
</pin_list>
<bind>
<opcode="add(8) " fcode="add"/>
<opset="add_ln276_4/1 "/>
</bind>
</comp>

<comp id="208" class="1004" name="icmp_ln278_fu_208">
<pin_list>
<pin id="209" dir="0" index="0" bw="4" slack="0"/>
<pin id="210" dir="0" index="1" bw="4" slack="0"/>
<pin id="211" dir="1" index="2" bw="1" slack="2"/>
</pin_list>
<bind>
<opcode="icmp(45) " fcode="icmp"/>
<opset="icmp_ln278/1 "/>
</bind>
</comp>

<comp id="214" class="1004" name="zext_ln280_4_fu_214">
<pin_list>
<pin id="215" dir="0" index="0" bw="4" slack="0"/>
<pin id="216" dir="0" index="1" bw="1" slack="0"/>
<pin id="217" dir="0" index="2" bw="3" slack="0"/>
<pin id="218" dir="1" index="3" bw="4" slack="0"/>
</pin_list>
<bind>
<opcode="bitconcatenate(1004) " fcode="bitconcatenate"/>
<opset="zext_ln280_4/1 "/>
</bind>
</comp>

<comp id="222" class="1004" name="zext_ln280_5_fu_222">
<pin_list>
<pin id="223" dir="0" index="0" bw="4" slack="0"/>
<pin id="224" dir="1" index="1" bw="64" slack="0"/>
</pin_list>
<bind>
<opcode="zext(34) " fcode="zext"/>
<opset="zext_ln280_5/1 "/>
</bind>
</comp>

<comp id="227" class="1004" name="sub_ln280_fu_227">
<pin_list>
<pin id="228" dir="0" index="0" bw="3" slack="0"/>
<pin id="229" dir="0" index="1" bw="3" slack="0"/>
<pin id="230" dir="1" index="2" bw="3" slack="0"/>
</pin_list>
<bind>
<opcode="sub(10) " fcode="sub"/>
<opset="sub_ln280/1 "/>
</bind>
</comp>

<comp id="233" class="1004" name="zext_ln280_fu_233">
<pin_list>
<pin id="234" dir="0" index="0" bw="3" slack="0"/>
<pin id="235" dir="1" index="1" bw="64" slack="0"/>
</pin_list>
<bind>
<opcode="zext(34) " fcode="zext"/>
<opset="zext_ln280/1 "/>
</bind>
</comp>

<comp id="238" class="1004" name="store_ln263_store_fu_238">
<pin_list>
<pin id="239" dir="0" index="0" bw="3" slack="0"/>
<pin id="240" dir="0" index="1" bw="3" slack="0"/>
<pin id="241" dir="1" index="2" bw="0" slack="2147483647"/>
</pin_list>
<bind>
<opcode="store(28) " fcode="store"/>
<opset="store_ln263/1 "/>
</bind>
</comp>

<comp id="243" class="1004" name="zext_ln150_fu_243">
<pin_list>
<pin id="244" dir="0" index="0" bw="64" slack="0"/>
<pin id="245" dir="1" index="1" bw="128" slack="0"/>
</pin_list>
<bind>
<opcode="zext(34) " fcode="zext"/>
<opset="zext_ln150/2 "/>
</bind>
</comp>

<comp id="248" class="1004" name="zext_ln150_10_fu_248">
<pin_list>
<pin id="249" dir="0" index="0" bw="64" slack="0"/>
<pin id="250" dir="1" index="1" bw="128" slack="0"/>
</pin_list>
<bind>
<opcode="zext(34) " fcode="zext"/>
<opset="zext_ln150_10/2 "/>
</bind>
</comp>

<comp id="253" class="1004" name="lo_fu_253">
<pin_list>
<pin id="254" dir="0" index="0" bw="128" slack="0"/>
<pin id="255" dir="1" index="1" bw="64" slack="1"/>
</pin_list>
<bind>
<opcode="trunc(33) " fcode="trunc"/>
<opset="lo/2 "/>
</bind>
</comp>

<comp id="257" class="1004" name="hi_fu_257">
<pin_list>
<pin id="258" dir="0" index="0" bw="64" slack="0"/>
<pin id="259" dir="0" index="1" bw="128" slack="0"/>
<pin id="260" dir="0" index="2" bw="8" slack="0"/>
<pin id="261" dir="1" index="3" bw="64" slack="1"/>
</pin_list>
<bind>
<opcode="partselect(1002) " fcode="partselect"/>
<opset="hi/2 "/>
</bind>
</comp>

<comp id="265" class="1004" name="t_load_load_fu_265">
<pin_list>
<pin id="266" dir="0" index="0" bw="64" slack="2"/>
<pin id="267" dir="1" index="1" bw="64" slack="0"/>
</pin_list>
<bind>
<opcode="load(27) " fcode="load"/>
<opset="t_load/3 "/>
</bind>
</comp>

<comp id="268" class="1004" name="u_37_load_load_fu_268">
<pin_list>
<pin id="269" dir="0" index="0" bw="64" slack="2"/>
<pin id="270" dir="1" index="1" bw="64" slack="0"/>
</pin_list>
<bind>
<opcode="load(27) " fcode="load"/>
<opset="u_37_load/3 "/>
</bind>
</comp>

<comp id="271" class="1004" name="v_59_load_1_load_fu_271">
<pin_list>
<pin id="272" dir="0" index="0" bw="64" slack="2"/>
<pin id="273" dir="1" index="1" bw="64" slack="0"/>
</pin_list>
<bind>
<opcode="load(27) " fcode="load"/>
<opset="v_59_load_1/3 "/>
</bind>
</comp>

<comp id="274" class="1004" name="v_60_fu_274">
<pin_list>
<pin id="275" dir="0" index="0" bw="64" slack="1"/>
<pin id="276" dir="0" index="1" bw="64" slack="0"/>
<pin id="277" dir="1" index="2" bw="64" slack="0"/>
</pin_list>
<bind>
<opcode="add(8) " fcode="add"/>
<opset="v_60/3 "/>
</bind>
</comp>

<comp id="279" class="1004" name="xor_ln105_88_fu_279">
<pin_list>
<pin id="280" dir="0" index="0" bw="64" slack="1"/>
<pin id="281" dir="0" index="1" bw="64" slack="0"/>
<pin id="282" dir="1" index="2" bw="64" slack="0"/>
</pin_list>
<bind>
<opcode="xor(25) " fcode="xor"/>
<opset="xor_ln105_88/3 "/>
</bind>
</comp>

<comp id="284" class="1004" name="xor_ln105_fu_284">
<pin_list>
<pin id="285" dir="0" index="0" bw="64" slack="0"/>
<pin id="286" dir="0" index="1" bw="64" slack="1"/>
<pin id="287" dir="1" index="2" bw="64" slack="0"/>
</pin_list>
<bind>
<opcode="xor(25) " fcode="xor"/>
<opset="xor_ln105/3 "/>
</bind>
</comp>

<comp id="289" class="1004" name="or_ln105_fu_289">
<pin_list>
<pin id="290" dir="0" index="0" bw="64" slack="0"/>
<pin id="291" dir="0" index="1" bw="64" slack="0"/>
<pin id="292" dir="1" index="2" bw="64" slack="0"/>
</pin_list>
<bind>
<opcode="or(24) " fcode="or"/>
<opset="or_ln105/3 "/>
</bind>
</comp>

<comp id="295" class="1004" name="xor_ln105_89_fu_295">
<pin_list>
<pin id="296" dir="0" index="0" bw="64" slack="0"/>
<pin id="297" dir="0" index="1" bw="64" slack="0"/>
<pin id="298" dir="1" index="2" bw="64" slack="0"/>
</pin_list>
<bind>
<opcode="xor(25) " fcode="xor"/>
<opset="xor_ln105_89/3 "/>
</bind>
</comp>

<comp id="301" class="1004" name="carry_fu_301">
<pin_list>
<pin id="302" dir="0" index="0" bw="1" slack="0"/>
<pin id="303" dir="0" index="1" bw="64" slack="0"/>
<pin id="304" dir="0" index="2" bw="7" slack="0"/>
<pin id="305" dir="1" index="3" bw="1" slack="0"/>
</pin_list>
<bind>
<opcode="bitselect(1000) " fcode="bitselect"/>
<opset="carry/3 "/>
</bind>
</comp>

<comp id="309" class="1004" name="zext_ln105_fu_309">
<pin_list>
<pin id="310" dir="0" index="0" bw="1" slack="0"/>
<pin id="311" dir="1" index="1" bw="64" slack="0"/>
</pin_list>
<bind>
<opcode="zext(34) " fcode="zext"/>
<opset="zext_ln105/3 "/>
</bind>
</comp>

<comp id="313" class="1004" name="tempReg_fu_313">
<pin_list>
<pin id="314" dir="0" index="0" bw="64" slack="1"/>
<pin id="315" dir="0" index="1" bw="1" slack="0"/>
<pin id="316" dir="1" index="2" bw="64" slack="0"/>
</pin_list>
<bind>
<opcode="add(8) " fcode="add"/>
<opset="tempReg/3 "/>
</bind>
</comp>

<comp id="318" class="1004" name="u_50_fu_318">
<pin_list>
<pin id="319" dir="0" index="0" bw="64" slack="0"/>
<pin id="320" dir="0" index="1" bw="64" slack="0"/>
<pin id="321" dir="1" index="2" bw="64" slack="0"/>
</pin_list>
<bind>
<opcode="add(8) " fcode="add"/>
<opset="u_50/3 "/>
</bind>
</comp>

<comp id="324" class="1004" name="bit_sel_fu_324">
<pin_list>
<pin id="325" dir="0" index="0" bw="1" slack="0"/>
<pin id="326" dir="0" index="1" bw="64" slack="0"/>
<pin id="327" dir="0" index="2" bw="7" slack="0"/>
<pin id="328" dir="1" index="3" bw="1" slack="0"/>
</pin_list>
<bind>
<opcode="bitselect(1000) " fcode="bitselect"/>
<opset="bit_sel/3 "/>
</bind>
</comp>

<comp id="332" class="1004" name="xor_ln105_90_fu_332">
<pin_list>
<pin id="333" dir="0" index="0" bw="1" slack="0"/>
<pin id="334" dir="0" index="1" bw="1" slack="0"/>
<pin id="335" dir="1" index="2" bw="1" slack="0"/>
</pin_list>
<bind>
<opcode="xor(25) " fcode="xor"/>
<opset="xor_ln105_90/3 "/>
</bind>
</comp>

<comp id="338" class="1004" name="trunc_ln105_fu_338">
<pin_list>
<pin id="339" dir="0" index="0" bw="64" slack="0"/>
<pin id="340" dir="1" index="1" bw="63" slack="0"/>
</pin_list>
<bind>
<opcode="trunc(33) " fcode="trunc"/>
<opset="trunc_ln105/3 "/>
</bind>
</comp>

<comp id="342" class="1004" name="xor_ln105_s_fu_342">
<pin_list>
<pin id="343" dir="0" index="0" bw="64" slack="0"/>
<pin id="344" dir="0" index="1" bw="1" slack="0"/>
<pin id="345" dir="0" index="2" bw="63" slack="0"/>
<pin id="346" dir="1" index="3" bw="64" slack="0"/>
</pin_list>
<bind>
<opcode="bitconcatenate(1004) " fcode="bitconcatenate"/>
<opset="xor_ln105_s/3 "/>
</bind>
</comp>

<comp id="350" class="1004" name="and_ln105_fu_350">
<pin_list>
<pin id="351" dir="0" index="0" bw="64" slack="1"/>
<pin id="352" dir="0" index="1" bw="64" slack="0"/>
<pin id="353" dir="1" index="2" bw="64" slack="0"/>
</pin_list>
<bind>
<opcode="and(23) " fcode="and"/>
<opset="and_ln105/3 "/>
</bind>
</comp>

<comp id="355" class="1004" name="tmp_59_fu_355">
<pin_list>
<pin id="356" dir="0" index="0" bw="1" slack="0"/>
<pin id="357" dir="0" index="1" bw="64" slack="0"/>
<pin id="358" dir="0" index="2" bw="7" slack="0"/>
<pin id="359" dir="1" index="3" bw="1" slack="0"/>
</pin_list>
<bind>
<opcode="bitselect(1000) " fcode="bitselect"/>
<opset="tmp_59/3 "/>
</bind>
</comp>

<comp id="363" class="1004" name="xor_ln105_91_fu_363">
<pin_list>
<pin id="364" dir="0" index="0" bw="64" slack="0"/>
<pin id="365" dir="0" index="1" bw="64" slack="0"/>
<pin id="366" dir="1" index="2" bw="64" slack="0"/>
</pin_list>
<bind>
<opcode="xor(25) " fcode="xor"/>
<opset="xor_ln105_91/3 "/>
</bind>
</comp>

<comp id="369" class="1004" name="xor_ln105_92_fu_369">
<pin_list>
<pin id="370" dir="0" index="0" bw="64" slack="0"/>
<pin id="371" dir="0" index="1" bw="64" slack="0"/>
<pin id="372" dir="1" index="2" bw="64" slack="0"/>
</pin_list>
<bind>
<opcode="xor(25) " fcode="xor"/>
<opset="xor_ln105_92/3 "/>
</bind>
</comp>

<comp id="375" class="1004" name="or_ln105_16_fu_375">
<pin_list>
<pin id="376" dir="0" index="0" bw="64" slack="0"/>
<pin id="377" dir="0" index="1" bw="64" slack="0"/>
<pin id="378" dir="1" index="2" bw="64" slack="0"/>
</pin_list>
<bind>
<opcode="or(24) " fcode="or"/>
<opset="or_ln105_16/3 "/>
</bind>
</comp>

<comp id="381" class="1004" name="xor_ln105_93_fu_381">
<pin_list>
<pin id="382" dir="0" index="0" bw="64" slack="0"/>
<pin id="383" dir="0" index="1" bw="64" slack="0"/>
<pin id="384" dir="1" index="2" bw="64" slack="0"/>
</pin_list>
<bind>
<opcode="xor(25) " fcode="xor"/>
<opset="xor_ln105_93/3 "/>
</bind>
</comp>

<comp id="387" class="1004" name="tmp_60_fu_387">
<pin_list>
<pin id="388" dir="0" index="0" bw="1" slack="0"/>
<pin id="389" dir="0" index="1" bw="64" slack="0"/>
<pin id="390" dir="0" index="2" bw="7" slack="0"/>
<pin id="391" dir="1" index="3" bw="1" slack="0"/>
</pin_list>
<bind>
<opcode="bitselect(1000) " fcode="bitselect"/>
<opset="tmp_60/3 "/>
</bind>
</comp>

<comp id="395" class="1004" name="carry_29_fu_395">
<pin_list>
<pin id="396" dir="0" index="0" bw="1" slack="0"/>
<pin id="397" dir="0" index="1" bw="1" slack="0"/>
<pin id="398" dir="1" index="2" bw="1" slack="0"/>
</pin_list>
<bind>
<opcode="or(24) " fcode="or"/>
<opset="carry_29/3 "/>
</bind>
</comp>

<comp id="401" class="1004" name="zext_ln285_fu_401">
<pin_list>
<pin id="402" dir="0" index="0" bw="1" slack="0"/>
<pin id="403" dir="1" index="1" bw="64" slack="0"/>
</pin_list>
<bind>
<opcode="zext(34) " fcode="zext"/>
<opset="zext_ln285/3 "/>
</bind>
</comp>

<comp id="405" class="1004" name="t_20_fu_405">
<pin_list>
<pin id="406" dir="0" index="0" bw="64" slack="0"/>
<pin id="407" dir="0" index="1" bw="1" slack="0"/>
<pin id="408" dir="1" index="2" bw="64" slack="0"/>
</pin_list>
<bind>
<opcode="add(8) " fcode="add"/>
<opset="t_20/3 "/>
</bind>
</comp>

<comp id="411" class="1004" name="t_2_fu_411">
<pin_list>
<pin id="412" dir="0" index="0" bw="1" slack="2"/>
<pin id="413" dir="0" index="1" bw="64" slack="0"/>
<pin id="414" dir="0" index="2" bw="64" slack="0"/>
<pin id="415" dir="1" index="3" bw="64" slack="0"/>
</pin_list>
<bind>
<opcode="select(49) " fcode="select"/>
<opset="t_2/3 "/>
</bind>
</comp>

<comp id="418" class="1004" name="u_2_fu_418">
<pin_list>
<pin id="419" dir="0" index="0" bw="1" slack="2"/>
<pin id="420" dir="0" index="1" bw="64" slack="0"/>
<pin id="421" dir="0" index="2" bw="64" slack="0"/>
<pin id="422" dir="1" index="3" bw="64" slack="0"/>
</pin_list>
<bind>
<opcode="select(49) " fcode="select"/>
<opset="u_2/3 "/>
</bind>
</comp>

<comp id="425" class="1004" name="v_2_fu_425">
<pin_list>
<pin id="426" dir="0" index="0" bw="1" slack="2"/>
<pin id="427" dir="0" index="1" bw="64" slack="0"/>
<pin id="428" dir="0" index="2" bw="64" slack="0"/>
<pin id="429" dir="1" index="3" bw="64" slack="0"/>
</pin_list>
<bind>
<opcode="select(49) " fcode="select"/>
<opset="v_2/3 "/>
</bind>
</comp>

<comp id="432" class="1004" name="store_ln264_store_fu_432">
<pin_list>
<pin id="433" dir="0" index="0" bw="64" slack="0"/>
<pin id="434" dir="0" index="1" bw="64" slack="2"/>
<pin id="435" dir="1" index="2" bw="0" slack="2147483647"/>
</pin_list>
<bind>
<opcode="store(28) " fcode="store"/>
<opset="store_ln264/3 "/>
</bind>
</comp>

<comp id="437" class="1004" name="store_ln264_store_fu_437">
<pin_list>
<pin id="438" dir="0" index="0" bw="64" slack="0"/>
<pin id="439" dir="0" index="1" bw="64" slack="2"/>
<pin id="440" dir="1" index="2" bw="0" slack="2147483647"/>
</pin_list>
<bind>
<opcode="store(28) " fcode="store"/>
<opset="store_ln264/3 "/>
</bind>
</comp>

<comp id="442" class="1004" name="store_ln264_store_fu_442">
<pin_list>
<pin id="443" dir="0" index="0" bw="64" slack="0"/>
<pin id="444" dir="0" index="1" bw="64" slack="2"/>
<pin id="445" dir="1" index="2" bw="0" slack="2147483647"/>
</pin_list>
<bind>
<opcode="store(28) " fcode="store"/>
<opset="store_ln264/3 "/>
</bind>
</comp>

<comp id="447" class="1004" name="t_load_12_load_fu_447">
<pin_list>
<pin id="448" dir="0" index="0" bw="64" slack="1"/>
<pin id="449" dir="1" index="1" bw="64" slack="0"/>
</pin_list>
<bind>
<opcode="load(27) " fcode="load"/>
<opset="t_load_12/2 "/>
</bind>
</comp>

<comp id="451" class="1004" name="u_37_load_1_load_fu_451">
<pin_list>
<pin id="452" dir="0" index="0" bw="64" slack="1"/>
<pin id="453" dir="1" index="1" bw="64" slack="0"/>
</pin_list>
<bind>
<opcode="load(27) " fcode="load"/>
<opset="u_37_load_1/2 "/>
</bind>
</comp>

<comp id="455" class="1004" name="v_59_load_load_fu_455">
<pin_list>
<pin id="456" dir="0" index="0" bw="64" slack="1"/>
<pin id="457" dir="1" index="1" bw="64" slack="0"/>
</pin_list>
<bind>
<opcode="load(27) " fcode="load"/>
<opset="v_59_load/2 "/>
</bind>
</comp>

<comp id="459" class="1005" name="t_reg_459">
<pin_list>
<pin id="460" dir="0" index="0" bw="64" slack="0"/>
<pin id="461" dir="1" index="1" bw="64" slack="0"/>
</pin_list>
<bind>
<opset="t "/>
</bind>
</comp>

<comp id="467" class="1005" name="u_37_reg_467">
<pin_list>
<pin id="468" dir="0" index="0" bw="64" slack="0"/>
<pin id="469" dir="1" index="1" bw="64" slack="0"/>
</pin_list>
<bind>
<opset="u_37 "/>
</bind>
</comp>

<comp id="475" class="1005" name="v_59_reg_475">
<pin_list>
<pin id="476" dir="0" index="0" bw="64" slack="0"/>
<pin id="477" dir="1" index="1" bw="64" slack="0"/>
</pin_list>
<bind>
<opset="v_59 "/>
</bind>
</comp>

<comp id="483" class="1005" name="j_reg_483">
<pin_list>
<pin id="484" dir="0" index="0" bw="3" slack="0"/>
<pin id="485" dir="1" index="1" bw="3" slack="0"/>
</pin_list>
<bind>
<opset="j "/>
</bind>
</comp>

<comp id="490" class="1005" name="icmp_ln276_reg_490">
<pin_list>
<pin id="491" dir="0" index="0" bw="1" slack="1"/>
<pin id="492" dir="1" index="1" bw="1" slack="2147483647"/>
</pin_list>
<bind>
<opset="icmp_ln276 "/>
</bind>
</comp>

<comp id="494" class="1005" name="icmp_ln278_reg_494">
<pin_list>
<pin id="495" dir="0" index="0" bw="1" slack="2"/>
<pin id="496" dir="1" index="1" bw="1" slack="2"/>
</pin_list>
<bind>
<opset="icmp_ln278 "/>
</bind>
</comp>

<comp id="501" class="1005" name="R_Z_addr_reg_501">
<pin_list>
<pin id="502" dir="0" index="0" bw="4" slack="1"/>
<pin id="503" dir="1" index="1" bw="4" slack="1"/>
</pin_list>
<bind>
<opset="R_Z_addr "/>
</bind>
</comp>

<comp id="506" class="1005" name="p503p1_1_addr_reg_506">
<pin_list>
<pin id="507" dir="0" index="0" bw="3" slack="1"/>
<pin id="508" dir="1" index="1" bw="3" slack="1"/>
</pin_list>
<bind>
<opset="p503p1_1_addr "/>
</bind>
</comp>

<comp id="511" class="1005" name="lo_reg_511">
<pin_list>
<pin id="512" dir="0" index="0" bw="64" slack="1"/>
<pin id="513" dir="1" index="1" bw="64" slack="1"/>
</pin_list>
<bind>
<opset="lo "/>
</bind>
</comp>

<comp id="518" class="1005" name="hi_reg_518">
<pin_list>
<pin id="519" dir="0" index="0" bw="64" slack="1"/>
<pin id="520" dir="1" index="1" bw="64" slack="1"/>
</pin_list>
<bind>
<opset="hi "/>
</bind>
</comp>

</comp_list>

<net_list>
<net id="75"><net_src comp="20" pin="0"/><net_sink comp="72" pin=0"/></net>

<net id="79"><net_src comp="20" pin="0"/><net_sink comp="76" pin=0"/></net>

<net id="83"><net_src comp="20" pin="0"/><net_sink comp="80" pin=0"/></net>

<net id="87"><net_src comp="20" pin="0"/><net_sink comp="84" pin=0"/></net>

<net id="92"><net_src comp="22" pin="0"/><net_sink comp="88" pin=0"/></net>

<net id="93"><net_src comp="10" pin="0"/><net_sink comp="88" pin=1"/></net>

<net id="98"><net_src comp="24" pin="0"/><net_sink comp="94" pin=0"/></net>

<net id="99"><net_src comp="6" pin="0"/><net_sink comp="94" pin=1"/></net>

<net id="104"><net_src comp="22" pin="0"/><net_sink comp="100" pin=0"/></net>

<net id="105"><net_src comp="4" pin="0"/><net_sink comp="100" pin=1"/></net>

<net id="110"><net_src comp="26" pin="0"/><net_sink comp="106" pin=0"/></net>

<net id="111"><net_src comp="2" pin="0"/><net_sink comp="106" pin=1"/></net>

<net id="116"><net_src comp="26" pin="0"/><net_sink comp="112" pin=0"/></net>

<net id="117"><net_src comp="0" pin="0"/><net_sink comp="112" pin=1"/></net>

<net id="123"><net_src comp="70" pin="0"/><net_sink comp="118" pin=0"/></net>

<net id="124"><net_src comp="12" pin="0"/><net_sink comp="118" pin=1"/></net>

<net id="130"><net_src comp="70" pin="0"/><net_sink comp="125" pin=0"/></net>

<net id="131"><net_src comp="14" pin="0"/><net_sink comp="125" pin=1"/></net>

<net id="137"><net_src comp="70" pin="0"/><net_sink comp="132" pin=0"/></net>

<net id="138"><net_src comp="16" pin="0"/><net_sink comp="132" pin=1"/></net>

<net id="144"><net_src comp="8" pin="0"/><net_sink comp="139" pin=0"/></net>

<net id="145"><net_src comp="30" pin="0"/><net_sink comp="139" pin=1"/></net>

<net id="151"><net_src comp="139" pin="3"/><net_sink comp="146" pin=0"/></net>

<net id="157"><net_src comp="18" pin="0"/><net_sink comp="152" pin=0"/></net>

<net id="158"><net_src comp="30" pin="0"/><net_sink comp="152" pin=1"/></net>

<net id="164"><net_src comp="152" pin="3"/><net_sink comp="159" pin=0"/></net>

<net id="173"><net_src comp="28" pin="0"/><net_sink comp="169" pin=0"/></net>

<net id="178"><net_src comp="112" pin="2"/><net_sink comp="174" pin=0"/></net>

<net id="183"><net_src comp="106" pin="2"/><net_sink comp="179" pin=0"/></net>

<net id="188"><net_src comp="30" pin="0"/><net_sink comp="184" pin=0"/></net>

<net id="195"><net_src comp="189" pin="1"/><net_sink comp="192" pin=0"/></net>

<net id="200"><net_src comp="189" pin="1"/><net_sink comp="196" pin=0"/></net>

<net id="201"><net_src comp="100" pin="2"/><net_sink comp="196" pin=1"/></net>

<net id="206"><net_src comp="189" pin="1"/><net_sink comp="202" pin=0"/></net>

<net id="207"><net_src comp="32" pin="0"/><net_sink comp="202" pin=1"/></net>

<net id="212"><net_src comp="192" pin="1"/><net_sink comp="208" pin=0"/></net>

<net id="213"><net_src comp="94" pin="2"/><net_sink comp="208" pin=1"/></net>

<net id="219"><net_src comp="34" pin="0"/><net_sink comp="214" pin=0"/></net>

<net id="220"><net_src comp="36" pin="0"/><net_sink comp="214" pin=1"/></net>

<net id="221"><net_src comp="189" pin="1"/><net_sink comp="214" pin=2"/></net>

<net id="225"><net_src comp="214" pin="3"/><net_sink comp="222" pin=0"/></net>

<net id="226"><net_src comp="222" pin="1"/><net_sink comp="139" pin=2"/></net>

<net id="231"><net_src comp="88" pin="2"/><net_sink comp="227" pin=0"/></net>

<net id="232"><net_src comp="189" pin="1"/><net_sink comp="227" pin=1"/></net>

<net id="236"><net_src comp="227" pin="2"/><net_sink comp="233" pin=0"/></net>

<net id="237"><net_src comp="233" pin="1"/><net_sink comp="152" pin=2"/></net>

<net id="242"><net_src comp="202" pin="2"/><net_sink comp="238" pin=0"/></net>

<net id="246"><net_src comp="146" pin="3"/><net_sink comp="243" pin=0"/></net>

<net id="247"><net_src comp="243" pin="1"/><net_sink comp="165" pin=1"/></net>

<net id="251"><net_src comp="159" pin="3"/><net_sink comp="248" pin=0"/></net>

<net id="252"><net_src comp="248" pin="1"/><net_sink comp="165" pin=0"/></net>

<net id="256"><net_src comp="165" pin="2"/><net_sink comp="253" pin=0"/></net>

<net id="262"><net_src comp="38" pin="0"/><net_sink comp="257" pin=0"/></net>

<net id="263"><net_src comp="165" pin="2"/><net_sink comp="257" pin=1"/></net>

<net id="264"><net_src comp="40" pin="0"/><net_sink comp="257" pin=2"/></net>

<net id="278"><net_src comp="271" pin="1"/><net_sink comp="274" pin=1"/></net>

<net id="283"><net_src comp="274" pin="2"/><net_sink comp="279" pin=1"/></net>

<net id="288"><net_src comp="271" pin="1"/><net_sink comp="284" pin=0"/></net>

<net id="293"><net_src comp="284" pin="2"/><net_sink comp="289" pin=0"/></net>

<net id="294"><net_src comp="279" pin="2"/><net_sink comp="289" pin=1"/></net>

<net id="299"><net_src comp="289" pin="2"/><net_sink comp="295" pin=0"/></net>

<net id="300"><net_src comp="274" pin="2"/><net_sink comp="295" pin=1"/></net>

<net id="306"><net_src comp="60" pin="0"/><net_sink comp="301" pin=0"/></net>

<net id="307"><net_src comp="295" pin="2"/><net_sink comp="301" pin=1"/></net>

<net id="308"><net_src comp="62" pin="0"/><net_sink comp="301" pin=2"/></net>

<net id="312"><net_src comp="301" pin="3"/><net_sink comp="309" pin=0"/></net>

<net id="317"><net_src comp="309" pin="1"/><net_sink comp="313" pin=1"/></net>

<net id="322"><net_src comp="313" pin="2"/><net_sink comp="318" pin=0"/></net>

<net id="323"><net_src comp="268" pin="1"/><net_sink comp="318" pin=1"/></net>

<net id="329"><net_src comp="64" pin="0"/><net_sink comp="324" pin=0"/></net>

<net id="330"><net_src comp="313" pin="2"/><net_sink comp="324" pin=1"/></net>

<net id="331"><net_src comp="66" pin="0"/><net_sink comp="324" pin=2"/></net>

<net id="336"><net_src comp="324" pin="3"/><net_sink comp="332" pin=0"/></net>

<net id="337"><net_src comp="36" pin="0"/><net_sink comp="332" pin=1"/></net>

<net id="341"><net_src comp="313" pin="2"/><net_sink comp="338" pin=0"/></net>

<net id="347"><net_src comp="68" pin="0"/><net_sink comp="342" pin=0"/></net>

<net id="348"><net_src comp="332" pin="2"/><net_sink comp="342" pin=1"/></net>

<net id="349"><net_src comp="338" pin="1"/><net_sink comp="342" pin=2"/></net>

<net id="354"><net_src comp="342" pin="3"/><net_sink comp="350" pin=1"/></net>

<net id="360"><net_src comp="60" pin="0"/><net_sink comp="355" pin=0"/></net>

<net id="361"><net_src comp="350" pin="2"/><net_sink comp="355" pin=1"/></net>

<net id="362"><net_src comp="62" pin="0"/><net_sink comp="355" pin=2"/></net>

<net id="367"><net_src comp="313" pin="2"/><net_sink comp="363" pin=0"/></net>

<net id="368"><net_src comp="318" pin="2"/><net_sink comp="363" pin=1"/></net>

<net id="373"><net_src comp="268" pin="1"/><net_sink comp="369" pin=0"/></net>

<net id="374"><net_src comp="313" pin="2"/><net_sink comp="369" pin=1"/></net>

<net id="379"><net_src comp="369" pin="2"/><net_sink comp="375" pin=0"/></net>

<net id="380"><net_src comp="363" pin="2"/><net_sink comp="375" pin=1"/></net>

<net id="385"><net_src comp="375" pin="2"/><net_sink comp="381" pin=0"/></net>

<net id="386"><net_src comp="318" pin="2"/><net_sink comp="381" pin=1"/></net>

<net id="392"><net_src comp="60" pin="0"/><net_sink comp="387" pin=0"/></net>

<net id="393"><net_src comp="381" pin="2"/><net_sink comp="387" pin=1"/></net>

<net id="394"><net_src comp="62" pin="0"/><net_sink comp="387" pin=2"/></net>

<net id="399"><net_src comp="387" pin="3"/><net_sink comp="395" pin=0"/></net>

<net id="400"><net_src comp="355" pin="3"/><net_sink comp="395" pin=1"/></net>

<net id="404"><net_src comp="395" pin="2"/><net_sink comp="401" pin=0"/></net>

<net id="409"><net_src comp="265" pin="1"/><net_sink comp="405" pin=0"/></net>

<net id="410"><net_src comp="401" pin="1"/><net_sink comp="405" pin=1"/></net>

<net id="416"><net_src comp="405" pin="2"/><net_sink comp="411" pin=1"/></net>

<net id="417"><net_src comp="265" pin="1"/><net_sink comp="411" pin=2"/></net>

<net id="423"><net_src comp="318" pin="2"/><net_sink comp="418" pin=1"/></net>

<net id="424"><net_src comp="268" pin="1"/><net_sink comp="418" pin=2"/></net>

<net id="430"><net_src comp="274" pin="2"/><net_sink comp="425" pin=1"/></net>

<net id="431"><net_src comp="271" pin="1"/><net_sink comp="425" pin=2"/></net>

<net id="436"><net_src comp="425" pin="3"/><net_sink comp="432" pin=0"/></net>

<net id="441"><net_src comp="418" pin="3"/><net_sink comp="437" pin=0"/></net>

<net id="446"><net_src comp="411" pin="3"/><net_sink comp="442" pin=0"/></net>

<net id="450"><net_src comp="447" pin="1"/><net_sink comp="132" pin=2"/></net>

<net id="454"><net_src comp="451" pin="1"/><net_sink comp="125" pin=2"/></net>

<net id="458"><net_src comp="455" pin="1"/><net_sink comp="118" pin=2"/></net>

<net id="462"><net_src comp="72" pin="1"/><net_sink comp="459" pin=0"/></net>

<net id="463"><net_src comp="459" pin="1"/><net_sink comp="184" pin=1"/></net>

<net id="464"><net_src comp="459" pin="1"/><net_sink comp="265" pin=0"/></net>

<net id="465"><net_src comp="459" pin="1"/><net_sink comp="442" pin=1"/></net>

<net id="466"><net_src comp="459" pin="1"/><net_sink comp="447" pin=0"/></net>

<net id="470"><net_src comp="76" pin="1"/><net_sink comp="467" pin=0"/></net>

<net id="471"><net_src comp="467" pin="1"/><net_sink comp="179" pin=1"/></net>

<net id="472"><net_src comp="467" pin="1"/><net_sink comp="268" pin=0"/></net>

<net id="473"><net_src comp="467" pin="1"/><net_sink comp="437" pin=1"/></net>

<net id="474"><net_src comp="467" pin="1"/><net_sink comp="451" pin=0"/></net>

<net id="478"><net_src comp="80" pin="1"/><net_sink comp="475" pin=0"/></net>

<net id="479"><net_src comp="475" pin="1"/><net_sink comp="174" pin=1"/></net>

<net id="480"><net_src comp="475" pin="1"/><net_sink comp="271" pin=0"/></net>

<net id="481"><net_src comp="475" pin="1"/><net_sink comp="432" pin=1"/></net>

<net id="482"><net_src comp="475" pin="1"/><net_sink comp="455" pin=0"/></net>

<net id="486"><net_src comp="84" pin="1"/><net_sink comp="483" pin=0"/></net>

<net id="487"><net_src comp="483" pin="1"/><net_sink comp="169" pin=1"/></net>

<net id="488"><net_src comp="483" pin="1"/><net_sink comp="189" pin=0"/></net>

<net id="489"><net_src comp="483" pin="1"/><net_sink comp="238" pin=1"/></net>

<net id="493"><net_src comp="196" pin="2"/><net_sink comp="490" pin=0"/></net>

<net id="497"><net_src comp="208" pin="2"/><net_sink comp="494" pin=0"/></net>

<net id="498"><net_src comp="494" pin="1"/><net_sink comp="411" pin=0"/></net>

<net id="499"><net_src comp="494" pin="1"/><net_sink comp="418" pin=0"/></net>

<net id="500"><net_src comp="494" pin="1"/><net_sink comp="425" pin=0"/></net>

<net id="504"><net_src comp="139" pin="3"/><net_sink comp="501" pin=0"/></net>

<net id="505"><net_src comp="501" pin="1"/><net_sink comp="146" pin=0"/></net>

<net id="509"><net_src comp="152" pin="3"/><net_sink comp="506" pin=0"/></net>

<net id="510"><net_src comp="506" pin="1"/><net_sink comp="159" pin=0"/></net>

<net id="514"><net_src comp="253" pin="1"/><net_sink comp="511" pin=0"/></net>

<net id="515"><net_src comp="511" pin="1"/><net_sink comp="274" pin=0"/></net>

<net id="516"><net_src comp="511" pin="1"/><net_sink comp="279" pin=0"/></net>

<net id="517"><net_src comp="511" pin="1"/><net_sink comp="284" pin=1"/></net>

<net id="521"><net_src comp="257" pin="3"/><net_sink comp="518" pin=0"/></net>

<net id="522"><net_src comp="518" pin="1"/><net_sink comp="313" pin=0"/></net>

<net id="523"><net_src comp="518" pin="1"/><net_sink comp="350" pin=0"/></net>

</net_list>

</model> 
---------------- Datapath Model END ------------------

* FSMD analyzer results:
  - Output states:
	Port: R_Z | {}
	Port: v_61_out | {2 }
	Port: u_37_out | {2 }
	Port: t_out | {2 }
	Port: p503p1_1 | {}
 - Input state : 
	Port: rdc_mont.47_Pipeline_VITIS_LOOP_276_3 : v | {1 }
	Port: rdc_mont.47_Pipeline_VITIS_LOOP_276_3 : u | {1 }
	Port: rdc_mont.47_Pipeline_VITIS_LOOP_276_3 : i_9 | {1 }
	Port: rdc_mont.47_Pipeline_VITIS_LOOP_276_3 : add_ln276 | {1 }
	Port: rdc_mont.47_Pipeline_VITIS_LOOP_276_3 : R_Z | {1 2 }
	Port: rdc_mont.47_Pipeline_VITIS_LOOP_276_3 : empty | {1 }
	Port: rdc_mont.47_Pipeline_VITIS_LOOP_276_3 : p503p1_1 | {1 2 }
  - Chain level:
	State 1
		store_ln263 : 1
		store_ln264 : 1
		j_9 : 1
		zext_ln276 : 2
		icmp_ln276 : 2
		add_ln276_4 : 2
		br_ln276 : 3
		icmp_ln278 : 3
		zext_ln280_4 : 2
		zext_ln280_5 : 3
		R_Z_addr : 4
		a : 5
		sub_ln280 : 2
		zext_ln280 : 3
		p503p1_1_addr : 4
		b : 5
		store_ln263 : 3
	State 2
		zext_ln150 : 1
		zext_ln150_10 : 1
		tmp : 2
		lo : 3
		hi : 3
		write_ln0 : 1
		write_ln0 : 1
		write_ln0 : 1
	State 3
		v_60 : 1
		xor_ln105_88 : 2
		xor_ln105 : 1
		or_ln105 : 2
		xor_ln105_89 : 2
		carry : 2
		zext_ln105 : 3
		tempReg : 4
		u_50 : 5
		bit_sel : 5
		xor_ln105_90 : 6
		trunc_ln105 : 5
		xor_ln105_s : 6
		and_ln105 : 7
		tmp_59 : 7
		xor_ln105_91 : 6
		xor_ln105_92 : 5
		or_ln105_16 : 6
		xor_ln105_93 : 6
		tmp_60 : 6
		carry_29 : 8
		zext_ln285 : 8
		t_20 : 9
		t_2 : 10
		u_2 : 6
		v_2 : 2
		store_ln264 : 3
		store_ln264 : 7
		store_ln264 : 11


============================================================
+ Verbose Summary: Datapath Resource usage 
============================================================

* Functional unit list:
|----------|---------------------------|---------|---------|---------|
| Operation|      Functional Unit      |   DSP   |    FF   |   LUT   |
|----------|---------------------------|---------|---------|---------|
|          |    xor_ln105_88_fu_279    |    0    |    0    |    64   |
|          |      xor_ln105_fu_284     |    0    |    0    |    64   |
|          |    xor_ln105_89_fu_295    |    0    |    0    |    64   |
|    xor   |    xor_ln105_90_fu_332    |    0    |    0    |    2    |
|          |    xor_ln105_91_fu_363    |    0    |    0    |    64   |
|          |    xor_ln105_92_fu_369    |    0    |    0    |    64   |
|          |    xor_ln105_93_fu_381    |    0    |    0    |    64   |
|----------|---------------------------|---------|---------|---------|
|          |     add_ln276_4_fu_202    |    0    |    0    |    10   |
|          |        v_60_fu_274        |    0    |    0    |    71   |
|    add   |       tempReg_fu_313      |    0    |    0    |    71   |
|          |        u_50_fu_318        |    0    |    0    |    71   |
|          |        t_20_fu_405        |    0    |    0    |    71   |
|----------|---------------------------|---------|---------|---------|
|          |         t_2_fu_411        |    0    |    0    |    63   |
|  select  |         u_2_fu_418        |    0    |    0    |    63   |
|          |         v_2_fu_425        |    0    |    0    |    63   |
|----------|---------------------------|---------|---------|---------|
|          |      or_ln105_fu_289      |    0    |    0    |    64   |
|    or    |     or_ln105_16_fu_375    |    0    |    0    |    64   |
|          |      carry_29_fu_395      |    0    |    0    |    2    |
|----------|---------------------------|---------|---------|---------|
|    and   |      and_ln105_fu_350     |    0    |    0    |    64   |
|----------|---------------------------|---------|---------|---------|
|    mul   |         tmp_fu_165        |    16   |    0    |    45   |
|----------|---------------------------|---------|---------|---------|
|   icmp   |     icmp_ln276_fu_196     |    0    |    0    |    10   |
|          |     icmp_ln278_fu_208     |    0    |    0    |    12   |
|----------|---------------------------|---------|---------|---------|
|    sub   |      sub_ln280_fu_227     |    0    |    0    |    10   |
|----------|---------------------------|---------|---------|---------|
|          |     tmp_57_read_fu_88     |    0    |    0    |    0    |
|          | add_ln276_read_read_fu_94 |    0    |    0    |    0    |
|   read   |    i_9_read_read_fu_100   |    0    |    0    |    0    |
|          |     u_read_read_fu_106    |    0    |    0    |    0    |
|          |     v_read_read_fu_112    |    0    |    0    |    0    |
|----------|---------------------------|---------|---------|---------|
|          |   write_ln0_write_fu_118  |    0    |    0    |    0    |
|   write  |   write_ln0_write_fu_125  |    0    |    0    |    0    |
|          |   write_ln0_write_fu_132  |    0    |    0    |    0    |
|----------|---------------------------|---------|---------|---------|
|          |     zext_ln276_fu_192     |    0    |    0    |    0    |
|          |    zext_ln280_5_fu_222    |    0    |    0    |    0    |
|          |     zext_ln280_fu_233     |    0    |    0    |    0    |
|   zext   |     zext_ln150_fu_243     |    0    |    0    |    0    |
|          |    zext_ln150_10_fu_248   |    0    |    0    |    0    |
|          |     zext_ln105_fu_309     |    0    |    0    |    0    |
|          |     zext_ln285_fu_401     |    0    |    0    |    0    |
|----------|---------------------------|---------|---------|---------|
|bitconcatenate|    zext_ln280_4_fu_214    |    0    |    0    |    0    |
|          |     xor_ln105_s_fu_342    |    0    |    0    |    0    |
|----------|---------------------------|---------|---------|---------|
|   trunc  |         lo_fu_253         |    0    |    0    |    0    |
|          |     trunc_ln105_fu_338    |    0    |    0    |    0    |
|----------|---------------------------|---------|---------|---------|
|partselect|         hi_fu_257         |    0    |    0    |    0    |
|----------|---------------------------|---------|---------|---------|
|          |        carry_fu_301       |    0    |    0    |    0    |
| bitselect|       bit_sel_fu_324      |    0    |    0    |    0    |
|          |       tmp_59_fu_355       |    0    |    0    |    0    |
|          |       tmp_60_fu_387       |    0    |    0    |    0    |
|----------|---------------------------|---------|---------|---------|
|   Total  |                           |    16   |    0    |   1140  |
|----------|---------------------------|---------|---------|---------|

Memories:
N/A

* Register list:
+---------------------+--------+
|                     |   FF   |
+---------------------+--------+
|   R_Z_addr_reg_501  |    4   |
|      hi_reg_518     |   64   |
|  icmp_ln276_reg_490 |    1   |
|  icmp_ln278_reg_494 |    1   |
|      j_reg_483      |    3   |
|      lo_reg_511     |   64   |
|p503p1_1_addr_reg_506|    3   |
|      t_reg_459      |   64   |
|     u_37_reg_467    |   64   |
|     v_59_reg_475    |   64   |
+---------------------+--------+
|        Total        |   332  |
+---------------------+--------+

* Multiplexer (MUX) list: 
|-------------------|------|------|------|--------||---------||---------||---------|
|        Comp       |  Pin | Size |  BW  | S x BW ||  Delay  ||    FF   ||   LUT   |
|-------------------|------|------|------|--------||---------||---------||---------|
| grp_access_fu_146 |  p0  |   2  |   4  |    8   ||    0    ||    9    |
| grp_access_fu_159 |  p0  |   2  |   3  |    6   ||    0    ||    9    |
|-------------------|------|------|------|--------||---------||---------||---------|
|       Total       |      |      |      |   14   ||  0.774  ||    0    ||    18   |
|-------------------|------|------|------|--------||---------||---------||---------|



* Summary:
+-----------+--------+--------+--------+--------+
|           |   DSP  |  Delay |   FF   |   LUT  |
+-----------+--------+--------+--------+--------+
|  Function |   16   |    -   |    0   |  1140  |
|   Memory  |    -   |    -   |    -   |    -   |
|Multiplexer|    -   |    0   |    0   |   18   |
|  Register |    -   |    -   |   332  |    -   |
+-----------+--------+--------+--------+--------+
|   Total   |   16   |    0   |   332  |  1158  |
+-----------+--------+--------+--------+--------+
