

================================================================
== Vitis HLS Report for 'rdc_mont_126'
================================================================
* Date:           Thu Sep 10 17:48:39 2026

* Version:        2024.2.2 (Build 6049644 on Mar  5 2025)
* Project:        sikep503_hls_fixed
* Solution:       solution1 (Vivado IP Flow Target)
* Product family: virtexuplus58g
* Target device:  xcvu29p-fsga2577-2L-e


================================================================
== Performance Estimates
================================================================
+ Timing: 
    * Summary: 
    +--------+----------+----------+------------+
    |  Clock |  Target  | Estimated| Uncertainty|
    +--------+----------+----------+------------+
    |ap_clk  |  10.00 ns|  7.293 ns|     2.70 ns|
    +--------+----------+----------+------------+

+ Latency: 
    * Summary: 
    +---------+---------+----------+----------+-----+-----+---------+
    |  Latency (cycles) |  Latency (absolute) |  Interval | Pipeline|
    |   min   |   max   |    min   |    max   | min | max |   Type  |
    +---------+---------+----------+----------+-----+-----+---------+
    |      170|      170|  1.700 us|  1.700 us|  170|  170|       no|
    +---------+---------+----------+----------+-----+-----+---------+

    + Detail: 
        * Instance: 
        +---------------------------------------------------+----------------------------------------+---------+---------+----------+----------+-----+-----+------------------------------------------------+
        |                                                   |                                        |  Latency (cycles) |  Latency (absolute) |  Interval |                    Pipeline                    |
        |                      Instance                     |                 Module                 |   min   |   max   |    min   |    max   | min | max |                      Type                      |
        +---------------------------------------------------+----------------------------------------+---------+---------+----------+----------+-----+-----+------------------------------------------------+
        |grp_rdc_mont_126_Pipeline_VITIS_LOOP_306_1_fu_286  |rdc_mont_126_Pipeline_VITIS_LOOP_306_1  |       10|       10|  0.100 us|  0.100 us|    9|    9|  loop auto-rewind stp (delay=0 clock cycles(s))|
        |grp_is_digit_lessthan_ct_fu_292                    |is_digit_lessthan_ct                    |        0|        0|      0 ns|      0 ns|    0|    0|                                              no|
        |grp_is_digit_lessthan_ct_fu_299                    |is_digit_lessthan_ct                    |        0|        0|      0 ns|      0 ns|    0|    0|                                              no|
        |grp_is_digit_lessthan_ct_fu_306                    |is_digit_lessthan_ct                    |        0|        0|      0 ns|      0 ns|    0|    0|                                              no|
        |grp_is_digit_lessthan_ct_fu_312                    |is_digit_lessthan_ct                    |        0|        0|      0 ns|      0 ns|    0|    0|                                              no|
        |grp_is_digit_lessthan_ct_fu_318                    |is_digit_lessthan_ct                    |        0|        0|      0 ns|      0 ns|    0|    0|                                              no|
        |grp_is_digit_lessthan_ct_fu_325                    |is_digit_lessthan_ct                    |        0|        0|      0 ns|      0 ns|    0|    0|                                              no|
        |grp_is_digit_lessthan_ct_fu_332                    |is_digit_lessthan_ct                    |        0|        0|      0 ns|      0 ns|    0|    0|                                              no|
        |grp_is_digit_lessthan_ct_fu_338                    |is_digit_lessthan_ct                    |        0|        0|      0 ns|      0 ns|    0|    0|                                              no|
        |grp_is_digit_lessthan_ct_fu_345                    |is_digit_lessthan_ct                    |        0|        0|      0 ns|      0 ns|    0|    0|                                              no|
        |grp_is_digit_lessthan_ct_fu_354                    |is_digit_lessthan_ct                    |        0|        0|      0 ns|      0 ns|    0|    0|                                              no|
        |grp_is_digit_lessthan_ct_fu_361                    |is_digit_lessthan_ct                    |        0|        0|      0 ns|      0 ns|    0|    0|                                              no|
        |tmp_909_is_digit_lessthan_ct_fu_367                |is_digit_lessthan_ct                    |        0|        0|      0 ns|      0 ns|    0|    0|                                              no|
        |tmp_910_is_digit_lessthan_ct_fu_374                |is_digit_lessthan_ct                    |        0|        0|      0 ns|      0 ns|    0|    0|                                              no|
        |grp_digit_x_digit_fu_381                           |digit_x_digit                           |       14|       14|  0.140 us|  0.140 us|   14|   14|                                              no|
        |grp_digit_x_digit_fu_388                           |digit_x_digit                           |       14|       14|  0.140 us|  0.140 us|   14|   14|                                              no|
        |grp_digit_x_digit_fu_395                           |digit_x_digit                           |       14|       14|  0.140 us|  0.140 us|   14|   14|                                              no|
        |grp_digit_x_digit_fu_402                           |digit_x_digit                           |       14|       14|  0.140 us|  0.140 us|   14|   14|                                              no|
        |grp_digit_x_digit_fu_409                           |digit_x_digit                           |       14|       14|  0.140 us|  0.140 us|   14|   14|                                              no|
        |grp_digit_x_digit_fu_416                           |digit_x_digit                           |       14|       14|  0.140 us|  0.140 us|   14|   14|                                              no|
        +---------------------------------------------------+----------------------------------------+---------+---------+----------+----------+-----+-----+------------------------------------------------+

        * Loop: 
        N/A



================================================================
== Utilization Estimates
================================================================
* Summary: 
+---------------------+---------+-------+---------+---------+------+
|         Name        | BRAM_18K|  DSP  |    FF   |   LUT   | URAM |
+---------------------+---------+-------+---------+---------+------+
|DSP                  |        -|      -|        -|        -|     -|
|Expression           |        -|      -|        0|    11497|     -|
|FIFO                 |        -|      -|        -|        -|     -|
|Instance             |        -|      -|        6|       51|     -|
|Memory               |        -|      -|        -|        -|     -|
|Multiplexer          |        -|      -|        0|     2291|     -|
|Register             |        -|      -|     5465|        -|     -|
+---------------------+---------+-------+---------+---------+------+
|Total                |        0|      0|     5471|    13839|     0|
+---------------------+---------+-------+---------+---------+------+
|Available SLR        |     1344|   3072|   864000|   432000|   320|
+---------------------+---------+-------+---------+---------+------+
|Utilization SLR (%)  |        0|      0|       ~0|        3|     0|
+---------------------+---------+-------+---------+---------+------+
|Available            |     5376|  12288|  3456000|  1728000|  1280|
+---------------------+---------+-------+---------+---------+------+
|Utilization (%)      |        0|      0|       ~0|       ~0|     0|
+---------------------+---------+-------+---------+---------+------+

+ Detail: 
    * Instance: 
    +---------------------------------------------------+----------------------------------------+---------+----+---+----+-----+
    |                      Instance                     |                 Module                 | BRAM_18K| DSP| FF| LUT| URAM|
    +---------------------------------------------------+----------------------------------------+---------+----+---+----+-----+
    |grp_rdc_mont_126_Pipeline_VITIS_LOOP_306_1_fu_286  |rdc_mont_126_Pipeline_VITIS_LOOP_306_1  |        0|   0|  6|  51|    0|
    +---------------------------------------------------+----------------------------------------+---------+----+---+----+-----+
    |Total                                              |                                        |        0|   0|  6|  51|    0|
    +---------------------------------------------------+----------------------------------------+---------+----+---+----+-----+

    * DSP: 
    N/A

    * Memory: 
    N/A

    * FIFO: 
    N/A

    * Expression: 
    +----------------------------------+----------+----+---+-----+------------+------------+
    |           Variable Name          | Operation| DSP| FF| LUT | Bitwidth P0| Bitwidth P1|
    +----------------------------------+----------+----+---+-----+------------+------------+
    |add_ln327_329_fu_849_p2           |         +|   0|  0|   64|          64|          64|
    |add_ln327_330_fu_855_p2           |         +|   0|  0|    9|           2|           2|
    |add_ln327_337_fu_1024_p2          |         +|   0|  0|   64|          64|          64|
    |add_ln327_338_fu_988_p2           |         +|   0|  0|    2|           2|           2|
    |add_ln327_339_fu_994_p2           |         +|   0|  0|    2|           2|           2|
    |add_ln327_348_fu_1175_p2          |         +|   0|  0|    9|           2|           2|
    |add_ln327_349_fu_1217_p2          |         +|   0|  0|   64|          64|          64|
    |add_ln327_350_fu_1181_p2          |         +|   0|  0|    2|           2|           2|
    |add_ln327_351_fu_1187_p2          |         +|   0|  0|    2|           2|           2|
    |add_ln327_fu_725_p2               |         +|   0|  0|    9|           2|           2|
    |add_ln332_fu_624_p2               |         +|   0|  0|    2|           2|           2|
    |add_ln356_658_fu_1474_p2          |         +|   0|  0|   64|          64|          64|
    |add_ln356_659_fu_1364_p2          |         +|   0|  0|    9|           2|           2|
    |add_ln356_660_fu_1374_p2          |         +|   0|  0|    9|           2|           2|
    |add_ln356_661_fu_1384_p2          |         +|   0|  0|   10|           3|           3|
    |add_ln356_672_fu_1702_p2          |         +|   0|  0|    9|           2|           2|
    |add_ln356_673_fu_1732_p2          |         +|   0|  0|   64|          64|          64|
    |add_ln356_674_fu_1622_p2          |         +|   0|  0|    9|           2|           2|
    |add_ln356_675_fu_1632_p2          |         +|   0|  0|    9|           2|           2|
    |add_ln356_676_fu_1642_p2          |         +|   0|  0|   10|           3|           3|
    |add_ln356_687_fu_1960_p2          |         +|   0|  0|    9|           2|           2|
    |add_ln356_688_fu_1990_p2          |         +|   0|  0|   64|          64|          64|
    |add_ln356_689_fu_1880_p2          |         +|   0|  0|    9|           2|           2|
    |add_ln356_690_fu_1890_p2          |         +|   0|  0|    9|           2|           2|
    |add_ln356_691_fu_1900_p2          |         +|   0|  0|   10|           3|           3|
    |add_ln356_702_fu_2218_p2          |         +|   0|  0|    9|           2|           2|
    |add_ln356_703_fu_2248_p2          |         +|   0|  0|   64|          64|          64|
    |add_ln356_704_fu_2138_p2          |         +|   0|  0|    9|           2|           2|
    |add_ln356_705_fu_2148_p2          |         +|   0|  0|    9|           2|           2|
    |add_ln356_706_fu_2158_p2          |         +|   0|  0|   10|           3|           3|
    |add_ln356_715_fu_2407_p2          |         +|   0|  0|    9|           2|           2|
    |add_ln356_716_fu_2449_p2          |         +|   0|  0|   64|          64|          64|
    |add_ln356_717_fu_2413_p2          |         +|   0|  0|    2|           2|           2|
    |add_ln356_718_fu_2419_p2          |         +|   0|  0|    2|           2|           2|
    |add_ln356_725_fu_2604_p2          |         +|   0|  0|   64|          64|          64|
    |add_ln356_726_fu_2558_p2          |         +|   0|  0|    2|           2|           2|
    |add_ln356_727_fu_2564_p2          |         +|   0|  0|    2|           2|           2|
    |add_ln356_fu_1444_p2              |         +|   0|  0|    9|           2|           2|
    |add_ln368_46_fu_2716_p2           |         +|   0|  0|   64|          64|          64|
    |add_ln368_47_fu_2694_p2           |         +|   0|  0|    9|           2|           2|
    |add_ln368_48_fu_2724_p2           |         +|   0|  0|    9|           2|           2|
    |add_ln368_49_fu_2734_p2           |         +|   0|  0|   10|           3|           3|
    |add_ln368_fu_2688_p2              |         +|   0|  0|   71|          64|          64|
    |tempReg_1338_fu_545_p2            |         +|   0|  0|   71|          64|          64|
    |tempReg_1342_fu_664_p2            |         +|   0|  0|   71|          64|          64|
    |tempReg_1345_fu_738_p2            |         +|   0|  0|   71|          64|          64|
    |tempReg_1347_fu_773_p2            |         +|   0|  0|   71|          64|          64|
    |tempReg_1350_fu_841_p2            |         +|   0|  0|   71|          64|          64|
    |tempReg_1352_fu_887_p2            |         +|   0|  0|   71|          64|          64|
    |tempReg_1354_fu_916_p2            |         +|   0|  0|   71|          64|          64|
    |tempReg_1355_fu_982_p2            |         +|   0|  0|   71|          64|          64|
    |tempReg_1357_fu_1015_p2           |         +|   0|  0|   71|          64|          64|
    |tempReg_1359_fu_1060_p2           |         +|   0|  0|   71|          64|          64|
    |tempReg_1361_fu_1090_p2           |         +|   0|  0|   71|          64|          64|
    |tempReg_1364_fu_1169_p2           |         +|   0|  0|   71|          64|          64|
    |tempReg_1366_fu_1208_p2           |         +|   0|  0|   71|          64|          64|
    |tempReg_1368_fu_1253_p2           |         +|   0|  0|   71|          64|          64|
    |tempReg_1370_fu_1281_p2           |         +|   0|  0|   71|          64|          64|
    |tempReg_1372_fu_1344_p2           |         +|   0|  0|   71|          64|          64|
    |tempReg_1375_fu_1437_p2           |         +|   0|  0|   71|          64|          64|
    |tempReg_1377_fu_1465_p2           |         +|   0|  0|   71|          64|          64|
    |tempReg_1379_fu_1510_p2           |         +|   0|  0|   71|          64|          64|
    |tempReg_1381_fu_1532_p2           |         +|   0|  0|   71|          64|          64|
    |tempReg_1383_fu_1601_p2           |         +|   0|  0|   71|          64|          64|
    |tempReg_1429_fu_594_p2            |         +|   0|  0|   71|          64|          64|
    |tempReg_1430_fu_630_p2            |         +|   0|  0|    2|           2|           2|
    |tempReg_1431_fu_700_p2            |         +|   0|  0|   71|          64|          64|
    |tempReg_1432_fu_809_p2            |         +|   0|  0|   71|          64|          64|
    |tempReg_1433_fu_956_p2            |         +|   0|  0|   71|          64|          64|
    |tempReg_1434_fu_1403_p2           |         +|   0|  0|   71|          64|          64|
    |tempReg_1435_fu_1661_p2           |         +|   0|  0|   71|          64|          64|
    |tempReg_1436_fu_1695_p2           |         +|   0|  0|   71|          64|          64|
    |tempReg_1438_fu_1723_p2           |         +|   0|  0|   71|          64|          64|
    |tempReg_1440_fu_1768_p2           |         +|   0|  0|   71|          64|          64|
    |tempReg_1442_fu_1796_p2           |         +|   0|  0|   71|          64|          64|
    |tempReg_1444_fu_1867_p2           |         +|   0|  0|   71|          64|          64|
    |tempReg_1445_fu_1919_p2           |         +|   0|  0|   71|          64|          64|
    |tempReg_1447_fu_1953_p2           |         +|   0|  0|   71|          64|          64|
    |tempReg_1449_fu_1981_p2           |         +|   0|  0|   71|          64|          64|
    |tempReg_1451_fu_2026_p2           |         +|   0|  0|   71|          64|          64|
    |tempReg_1453_fu_2054_p2           |         +|   0|  0|   71|          64|          64|
    |tempReg_1455_fu_2125_p2           |         +|   0|  0|   71|          64|          64|
    |tempReg_1456_fu_2177_p2           |         +|   0|  0|   71|          64|          64|
    |tempReg_1458_fu_2211_p2           |         +|   0|  0|   71|          64|          64|
    |tempReg_1460_fu_2239_p2           |         +|   0|  0|   71|          64|          64|
    |tempReg_1462_fu_2289_p2           |         +|   0|  0|   71|          64|          64|
    |tempReg_1464_fu_2327_p2           |         +|   0|  0|   71|          64|          64|
    |tempReg_1465_fu_2367_p2           |         +|   0|  0|   71|          64|          64|
    |tempReg_1467_fu_2401_p2           |         +|   0|  0|   71|          64|          64|
    |tempReg_1469_fu_2440_p2           |         +|   0|  0|   71|          64|          64|
    |tempReg_1471_fu_2495_p2           |         +|   0|  0|   71|          64|          64|
    |tempReg_1472_fu_2523_p2           |         +|   0|  0|   71|          64|          64|
    |tempReg_1474_fu_2551_p2           |         +|   0|  0|   71|          64|          64|
    |tempReg_1476_fu_2595_p2           |         +|   0|  0|   71|          64|          64|
    |tempReg_1477_fu_2648_p2           |         +|   0|  0|   71|          64|          64|
    |tempReg_fu_1137_p2                |         +|   0|  0|   71|          64|          64|
    |u_660_fu_552_p2                   |         +|   0|  0|   71|          64|          64|
    |u_664_fu_672_p2                   |         +|   0|  0|   71|          64|          64|
    |u_666_fu_749_p2                   |         +|   0|  0|   71|          64|          64|
    |u_667_fu_780_p2                   |         +|   0|  0|   71|          64|          64|
    |u_669_fu_865_p2                   |         +|   0|  0|   64|          64|          64|
    |u_670_fu_893_p2                   |         +|   0|  0|   71|          64|          64|
    |u_671_fu_947_p2                   |         +|   0|  0|   71|          64|          64|
    |u_673_fu_1032_p2                  |         +|   0|  0|   64|          64|          64|
    |u_674_fu_1039_p2                  |         +|   0|  0|   71|          64|          64|
    |u_675_fu_1067_p2                  |         +|   0|  0|   71|          64|          64|
    |u_676_fu_1118_p2                  |         +|   0|  0|   71|          64|          64|
    |u_678_fu_1225_p2                  |         +|   0|  0|   64|          64|          64|
    |u_679_fu_1232_p2                  |         +|   0|  0|   71|          64|          64|
    |u_680_fu_1260_p2                  |         +|   0|  0|   71|          64|          64|
    |u_681_fu_1312_p2                  |         +|   0|  0|   71|          64|          64|
    |u_682_fu_1351_p2                  |         +|   0|  0|   71|          64|          64|
    |u_684_fu_1482_p2                  |         +|   0|  0|   64|          64|          64|
    |u_685_fu_1489_p2                  |         +|   0|  0|   71|          64|          64|
    |u_686_fu_1554_p2                  |         +|   0|  0|   71|          64|          64|
    |u_687_fu_1568_p2                  |         +|   0|  0|   71|          64|          64|
    |u_688_fu_1608_p2                  |         +|   0|  0|   71|          64|          64|
    |u_713_fu_1747_p2                  |         +|   0|  0|   71|          64|          64|
    |u_714_fu_1775_p2                  |         +|   0|  0|   71|          64|          64|
    |u_715_fu_1827_p2                  |         +|   0|  0|   71|          64|          64|
    |u_716_fu_1874_p2                  |         +|   0|  0|   71|          64|          64|
    |u_717_fu_1998_p2                  |         +|   0|  0|   64|          64|          64|
    |u_718_fu_2005_p2                  |         +|   0|  0|   71|          64|          64|
    |u_719_fu_2033_p2                  |         +|   0|  0|   71|          64|          64|
    |u_720_fu_2085_p2                  |         +|   0|  0|   71|          64|          64|
    |u_721_fu_2132_p2                  |         +|   0|  0|   71|          64|          64|
    |u_722_fu_2256_p2                  |         +|   0|  0|   64|          64|          64|
    |u_723_fu_2268_p2                  |         +|   0|  0|   71|          64|          64|
    |u_724_fu_2296_p2                  |         +|   0|  0|   71|          64|          64|
    |u_725_fu_2352_p2                  |         +|   0|  0|   71|          64|          64|
    |u_726_fu_2457_p2                  |         +|   0|  0|   64|          64|          64|
    |u_727_fu_2464_p2                  |         +|   0|  0|   71|          64|          64|
    |u_728_fu_2502_p2                  |         +|   0|  0|   71|          64|          64|
    |u_729_fu_2612_p2                  |         +|   0|  0|   64|          64|          64|
    |u_730_fu_2632_p2                  |         +|   0|  0|   71|          64|          64|
    |u_fu_1740_p2                      |         +|   0|  0|   64|          64|          64|
    |v_875_fu_531_p2                   |         +|   0|  0|   71|          64|          64|
    |v_876_fu_558_p2                   |         +|   0|  0|   71|          64|          64|
    |v_878_fu_608_p2                   |         +|   0|  0|   71|          64|          64|
    |v_880_fu_643_p2                   |         +|   0|  0|   71|          64|          64|
    |v_881_fu_689_p2                   |         +|   0|  0|   71|          64|          64|
    |v_883_fu_719_p2                   |         +|   0|  0|   71|          64|          64|
    |v_884_fu_760_p2                   |         +|   0|  0|   71|          64|          64|
    |v_885_fu_786_p2                   |         +|   0|  0|   71|          64|          64|
    |v_887_fu_830_p2                   |         +|   0|  0|   71|          64|          64|
    |v_888_fu_876_p2                   |         +|   0|  0|   71|          64|          64|
    |v_889_fu_903_p2                   |         +|   0|  0|   71|          64|          64|
    |v_890_fu_922_p2                   |         +|   0|  0|   71|          64|          64|
    |v_892_fu_972_p2                   |         +|   0|  0|   71|          64|          64|
    |v_893_fu_1004_p2                  |         +|   0|  0|   71|          64|          64|
    |v_894_fu_1049_p2                  |         +|   0|  0|   71|          64|          64|
    |v_895_fu_1077_p2                  |         +|   0|  0|   71|          64|          64|
    |v_896_fu_1096_p2                  |         +|   0|  0|   71|          64|          64|
    |v_898_fu_1159_p2                  |         +|   0|  0|   71|          64|          64|
    |v_899_fu_1197_p2                  |         +|   0|  0|   71|          64|          64|
    |v_900_fu_1242_p2                  |         +|   0|  0|   71|          64|          64|
    |v_901_fu_1270_p2                  |         +|   0|  0|   71|          64|          64|
    |v_902_fu_1331_p2                  |         +|   0|  0|   71|          64|          64|
    |v_903_fu_1357_p2                  |         +|   0|  0|   71|          64|          64|
    |v_905_fu_1425_p2                  |         +|   0|  0|   71|          64|          64|
    |v_906_fu_1454_p2                  |         +|   0|  0|   71|          64|          64|
    |v_907_fu_1499_p2                  |         +|   0|  0|   71|          64|          64|
    |v_908_fu_1521_p2                  |         +|   0|  0|   71|          64|          64|
    |v_909_fu_1588_p2                  |         +|   0|  0|   71|          64|          64|
    |v_910_fu_1614_p2                  |         +|   0|  0|   71|          64|          64|
    |v_944_fu_1683_p2                  |         +|   0|  0|   71|          64|          64|
    |v_945_fu_1712_p2                  |         +|   0|  0|   71|          64|          64|
    |v_946_fu_1757_p2                  |         +|   0|  0|   71|          64|          64|
    |v_947_fu_1785_p2                  |         +|   0|  0|   71|          64|          64|
    |v_948_fu_1846_p2                  |         +|   0|  0|   71|          64|          64|
    |v_949_fu_1859_p2                  |         +|   0|  0|   71|          64|          64|
    |v_950_fu_1941_p2                  |         +|   0|  0|   71|          64|          64|
    |v_951_fu_1970_p2                  |         +|   0|  0|   71|          64|          64|
    |v_952_fu_2015_p2                  |         +|   0|  0|   71|          64|          64|
    |v_953_fu_2043_p2                  |         +|   0|  0|   71|          64|          64|
    |v_954_fu_2104_p2                  |         +|   0|  0|   71|          64|          64|
    |v_955_fu_2117_p2                  |         +|   0|  0|   71|          64|          64|
    |v_956_fu_2199_p2                  |         +|   0|  0|   71|          64|          64|
    |v_957_fu_2228_p2                  |         +|   0|  0|   71|          64|          64|
    |v_958_fu_2278_p2                  |         +|   0|  0|   71|          64|          64|
    |v_959_fu_2306_p2                  |         +|   0|  0|   71|          64|          64|
    |v_960_fu_2319_p2                  |         +|   0|  0|   71|          64|          64|
    |v_961_fu_2390_p2                  |         +|   0|  0|   71|          64|          64|
    |v_962_fu_2429_p2                  |         +|   0|  0|   71|          64|          64|
    |v_963_fu_2474_p2                  |         +|   0|  0|   71|          64|          64|
    |v_964_fu_2487_p2                  |         +|   0|  0|   71|          64|          64|
    |v_965_fu_2539_p2                  |         +|   0|  0|   71|          64|          64|
    |v_966_fu_2574_p2                  |         +|   0|  0|   71|          64|          64|
    |v_967_fu_2587_p2                  |         +|   0|  0|   71|          64|          64|
    |v_968_fu_2671_p2                  |         +|   0|  0|   71|          64|          64|
    |v_969_fu_2680_p2                  |         +|   0|  0|   71|          64|          64|
    |v_970_fu_2744_p2                  |         +|   0|  0|   64|          64|          64|
    |ap_block_state10_on_subcall_done  |        or|   0|  0|    2|           1|           1|
    |ap_block_state4_on_subcall_done   |        or|   0|  0|    2|           1|           1|
    |carry_1632_fu_709_p2              |        or|   0|  0|    2|           1|           1|
    |carry_1636_fu_796_p2              |        or|   0|  0|    2|           1|           1|
    |carry_1638_fu_817_p2              |        or|   0|  0|    2|           1|           1|
    |carry_1645_fu_929_p2              |        or|   0|  0|    2|           1|           1|
    |carry_1652_fu_1109_p2             |        or|   0|  0|    2|           1|           1|
    |carry_1654_fu_1123_p2             |        or|   0|  0|    2|           1|           1|
    |carry_1656_fu_1146_p2             |        or|   0|  0|    2|           1|           1|
    |carry_1660_fu_1295_p2             |        or|   0|  0|    2|           1|           1|
    |carry_1662_fu_1303_p2             |        or|   0|  0|    2|           1|           1|
    |carry_1664_fu_1317_p2             |        or|   0|  0|    2|           1|           1|
    |carry_1666_fu_1390_p2             |        or|   0|  0|    2|           1|           1|
    |carry_1668_fu_1411_p2             |        or|   0|  0|    2|           1|           1|
    |carry_1672_fu_1546_p2             |        or|   0|  0|    2|           1|           1|
    |carry_1674_fu_1559_p2             |        or|   0|  0|    2|           1|           1|
    |carry_1676_fu_1574_p2             |        or|   0|  0|    2|           1|           1|
    |carry_1678_fu_1648_p2             |        or|   0|  0|    2|           1|           1|
    |carry_1680_fu_1669_p2             |        or|   0|  0|    2|           1|           1|
    |carry_1683_fu_581_p2              |        or|   0|  0|    2|           1|           1|
    |carry_1684_fu_649_p2              |        or|   0|  0|    2|           1|           1|
    |carry_1685_fu_679_p2              |        or|   0|  0|    2|           1|           1|
    |carry_1687_fu_935_p2              |        or|   0|  0|    2|           1|           1|
    |carry_1689_fu_1287_p2             |        or|   0|  0|    2|           1|           1|
    |carry_1690_fu_1538_p2             |        or|   0|  0|    2|           1|           1|
    |carry_1692_fu_1802_p2             |        or|   0|  0|    2|           1|           1|
    |carry_1694_fu_1810_p2             |        or|   0|  0|    2|           1|           1|
    |carry_1696_fu_1818_p2             |        or|   0|  0|    2|           1|           1|
    |carry_1698_fu_1832_p2             |        or|   0|  0|    2|           1|           1|
    |carry_1700_fu_1910_p2             |        or|   0|  0|    2|           1|           1|
    |carry_1702_fu_1927_p2             |        or|   0|  0|    2|           1|           1|
    |carry_1704_fu_2060_p2             |        or|   0|  0|    2|           1|           1|
    |carry_1706_fu_2068_p2             |        or|   0|  0|    2|           1|           1|
    |carry_1708_fu_2076_p2             |        or|   0|  0|    2|           1|           1|
    |carry_1710_fu_2090_p2             |        or|   0|  0|    2|           1|           1|
    |carry_1712_fu_2168_p2             |        or|   0|  0|    2|           1|           1|
    |carry_1714_fu_2185_p2             |        or|   0|  0|    2|           1|           1|
    |carry_1716_fu_2263_p2             |        or|   0|  0|    2|           1|           1|
    |carry_1720_fu_2339_p2             |        or|   0|  0|    2|           1|           1|
    |carry_1722_fu_2357_p2             |        or|   0|  0|    2|           1|           1|
    |carry_1724_fu_2376_p2             |        or|   0|  0|    2|           1|           1|
    |carry_1730_fu_2518_p2             |        or|   0|  0|    2|           1|           1|
    |carry_1734_fu_2619_p2             |        or|   0|  0|    2|           1|           1|
    |carry_1736_fu_2638_p2             |        or|   0|  0|    2|           1|           1|
    |carry_1738_fu_2657_p2             |        or|   0|  0|    2|           1|           1|
    |carry_1739_fu_2700_p2             |        or|   0|  0|    2|           1|           1|
    |carry_1740_fu_2708_p2             |        or|   0|  0|    2|           1|           1|
    |grp_fu_448_p2                     |        or|   0|  0|    2|           1|           1|
    |grp_fu_454_p2                     |        or|   0|  0|    2|           1|           1|
    |grp_fu_470_p2                     |        or|   0|  0|    2|           1|           1|
    |grp_fu_476_p2                     |        or|   0|  0|    2|           1|           1|
    |grp_fu_482_p2                     |        or|   0|  0|    2|           1|           1|
    |grp_fu_488_p2                     |        or|   0|  0|    2|           1|           1|
    |grp_fu_494_p2                     |        or|   0|  0|    2|           1|           1|
    |grp_fu_500_p2                     |        or|   0|  0|    2|           1|           1|
    |grp_fu_506_p2                     |        or|   0|  0|    2|           1|           1|
    |grp_fu_512_p2                     |        or|   0|  0|    2|           1|           1|
    |mc_we0                            |        or|   0|  0|    2|           1|           1|
    +----------------------------------+----------+----+---+-----+------------+------------+
    |Total                             |          |   0|  0|11497|       10305|       10305|
    +----------------------------------+----------+----+---+-----+------------+------------+

    * Multiplexer: 
    +-----------------------------------+-----+-----------+-----+-----------+
    |                Name               | LUT | Input Size| Bits| Total Bits|
    +-----------------------------------+-----+-----------+-----+-----------+
    |ap_NS_fsm                          |  145|         30|    1|         30|
    |grp_digit_x_digit_fu_381_a         |   49|          9|   64|        576|
    |grp_digit_x_digit_fu_381_b         |   37|          7|   64|        448|
    |grp_digit_x_digit_fu_388_a         |   43|          8|   64|        512|
    |grp_digit_x_digit_fu_388_b         |   20|          4|   64|        256|
    |grp_is_digit_lessthan_ct_fu_292_x  |  134|         27|   64|       1728|
    |grp_is_digit_lessthan_ct_fu_292_y  |  134|         27|   64|       1728|
    |grp_is_digit_lessthan_ct_fu_299_x  |  129|         26|   64|       1664|
    |grp_is_digit_lessthan_ct_fu_299_y  |  129|         26|   64|       1664|
    |grp_is_digit_lessthan_ct_fu_306_x  |  129|         26|   64|       1664|
    |grp_is_digit_lessthan_ct_fu_306_y  |  123|         25|   64|       1600|
    |grp_is_digit_lessthan_ct_fu_312_x  |   65|         14|   64|        896|
    |grp_is_digit_lessthan_ct_fu_312_y  |   65|         12|   64|        768|
    |grp_is_digit_lessthan_ct_fu_318_x  |  118|         24|   64|       1536|
    |grp_is_digit_lessthan_ct_fu_318_y  |   59|         11|   64|        704|
    |grp_is_digit_lessthan_ct_fu_325_x  |  123|         25|   64|       1600|
    |grp_is_digit_lessthan_ct_fu_325_y  |   91|         19|   64|       1216|
    |grp_is_digit_lessthan_ct_fu_332_x  |   81|         17|   64|       1088|
    |grp_is_digit_lessthan_ct_fu_332_y  |   59|         11|   64|        704|
    |grp_is_digit_lessthan_ct_fu_338_x  |  102|         21|   64|       1344|
    |grp_is_digit_lessthan_ct_fu_338_y  |   54|         10|   64|        640|
    |grp_is_digit_lessthan_ct_fu_345_x  |   65|         12|   64|        768|
    |grp_is_digit_lessthan_ct_fu_345_y  |   37|          7|   64|        448|
    |grp_is_digit_lessthan_ct_fu_354_x  |   31|          6|   64|        384|
    |grp_is_digit_lessthan_ct_fu_354_y  |   26|          5|   64|        320|
    |grp_is_digit_lessthan_ct_fu_361_x  |   14|          3|   64|        192|
    |grp_is_digit_lessthan_ct_fu_361_y  |   14|          3|   64|        192|
    |ma_address0_local                  |   81|         17|    4|         68|
    |mc_address0                        |    9|          2|    4|          8|
    |mc_address0_local                  |   49|          9|    4|         36|
    |mc_ce0                             |    9|          2|    1|          2|
    |mc_d0                              |    9|          2|   64|        128|
    |mc_d0_local                        |   49|          9|   64|        576|
    |mc_we0                             |    9|          2|    1|          2|
    +-----------------------------------+-----+-----------+-----+-----------+
    |Total                              | 2291|        458| 1807|      25490|
    +-----------------------------------+-----+-----------+-----+-----------+

    * Register: 
    +----------------------------------------------------------------+----+----+-----+-----------+
    |                              Name                              | FF | LUT| Bits| Const Bits|
    +----------------------------------------------------------------+----+----+-----+-----------+
    |UV_790_reg_2813                                                 |  64|   0|   64|          0|
    |UV_791_reg_2825                                                 |  64|   0|   64|          0|
    |UV_793_reg_2837                                                 |  64|   0|   64|          0|
    |UV_796_reg_2849                                                 |  64|   0|   64|          0|
    |UV_800_reg_2861                                                 |  64|   0|   64|          0|
    |add_ln327_339_reg_3031                                          |   2|   0|    2|          0|
    |add_ln327_348_reg_3119                                          |   2|   0|    2|          0|
    |add_ln327_351_reg_3124                                          |   2|   0|    2|          0|
    |add_ln327_reg_2917                                              |   2|   0|    2|          0|
    |add_ln356_661_reg_3231                                          |   3|   0|    3|          0|
    |add_ln356_672_reg_3354                                          |   2|   0|    2|          0|
    |add_ln356_676_reg_3343                                          |   3|   0|    3|          0|
    |add_ln356_687_reg_3466                                          |   2|   0|    2|          0|
    |add_ln356_691_reg_3455                                          |   3|   0|    3|          0|
    |add_ln356_702_reg_3583                                          |   2|   0|    2|          0|
    |add_ln356_706_reg_3567                                          |   3|   0|    3|          0|
    |add_ln356_715_reg_3670                                          |   2|   0|    2|          0|
    |add_ln356_718_reg_3675                                          |   2|   0|    2|          0|
    |add_ln356_727_reg_3749                                          |   2|   0|    2|          0|
    |add_ln356_reg_3242                                              |   2|   0|    2|          0|
    |add_ln368_47_reg_3806                                           |   2|   0|    2|          0|
    |add_ln368_reg_3801                                              |  64|   0|   64|          0|
    |ap_CS_fsm                                                       |  29|   0|   29|          0|
    |call_ret126_reg_2808_1                                          |  64|   0|   64|          0|
    |call_ret129_reg_2820_1                                          |  64|   0|   64|          0|
    |call_ret135_reg_2832_1                                          |  64|   0|   64|          0|
    |call_ret144_reg_2844_1                                          |  64|   0|   64|          0|
    |call_ret156_reg_2856_1                                          |  64|   0|   64|          0|
    |carry_1549_reg_2798                                             |   1|   0|    1|          0|
    |carry_1574_reg_2891                                             |   1|   0|    1|          0|
    |carry_1633_reg_2912                                             |   1|   0|    1|          0|
    |carry_1637_reg_2954                                             |   1|   0|    1|          0|
    |carry_1644_reg_3014                                             |   1|   0|    1|          0|
    |carry_1645_reg_3009                                             |   1|   0|    1|          0|
    |carry_1650_reg_3063                                             |   1|   0|    1|          0|
    |carry_1655_reg_3102                                             |   1|   0|    1|          0|
    |carry_1667_reg_3226                                             |   1|   0|    1|          0|
    |carry_1679_reg_3338                                             |   1|   0|    1|          0|
    |carry_1681_reg_2767                                             |   1|   0|    1|          0|
    |carry_1686_reg_2927                                             |   1|   0|    1|          0|
    |carry_1688_reg_3058                                             |   1|   0|    1|          0|
    |carry_1701_reg_3434                                             |   1|   0|    1|          0|
    |carry_1713_reg_3546                                             |   1|   0|    1|          0|
    |carry_1716_reg_3610                                             |   1|   0|    1|          0|
    |carry_1718_reg_3615                                             |   1|   0|    1|          0|
    |carry_1723_reg_3641                                             |   1|   0|    1|          0|
    |carry_1726_reg_3702                                             |   1|   0|    1|          0|
    |carry_1728_reg_3707                                             |   1|   0|    1|          0|
    |carry_1730_reg_3738                                             |   1|   0|    1|          0|
    |carry_1731_reg_3712                                             |   1|   0|    1|          0|
    |carry_1737_reg_3764                                             |   1|   0|    1|          0|
    |grp_digit_x_digit_fu_381_ap_start_reg                           |   1|   0|    1|          0|
    |grp_digit_x_digit_fu_388_ap_start_reg                           |   1|   0|    1|          0|
    |grp_digit_x_digit_fu_395_ap_start_reg                           |   1|   0|    1|          0|
    |grp_digit_x_digit_fu_402_ap_start_reg                           |   1|   0|    1|          0|
    |grp_digit_x_digit_fu_409_ap_start_reg                           |   1|   0|    1|          0|
    |grp_digit_x_digit_fu_416_ap_start_reg                           |   1|   0|    1|          0|
    |grp_rdc_mont_126_Pipeline_VITIS_LOOP_306_1_fu_286_ap_start_reg  |   1|   0|    1|          0|
    |tempReg_1338_reg_2777                                           |  64|   0|   64|          0|
    |tempReg_1347_reg_2932                                           |  64|   0|   64|          0|
    |tempReg_1352_reg_2979                                           |  64|   0|   64|          0|
    |tempReg_1354_reg_2996                                           |  64|   0|   64|          0|
    |tempReg_1355_reg_3024                                           |  64|   0|   64|          0|
    |tempReg_1357_reg_3046                                           |  64|   0|   64|          0|
    |tempReg_1359_reg_3068                                           |  64|   0|   64|          0|
    |tempReg_1361_reg_3089                                           |  64|   0|   64|          0|
    |tempReg_1364_reg_3112                                           |  64|   0|   64|          0|
    |tempReg_1366_reg_3139                                           |  64|   0|   64|          0|
    |tempReg_1368_reg_3166                                           |  64|   0|   64|          0|
    |tempReg_1370_reg_3192                                           |  64|   0|   64|          0|
    |tempReg_1372_reg_3204                                           |  64|   0|   64|          0|
    |tempReg_1375_reg_3236                                           |  64|   0|   64|          0|
    |tempReg_1377_reg_3262                                           |  64|   0|   64|          0|
    |tempReg_1379_reg_3289                                           |  64|   0|   64|          0|
    |tempReg_1381_reg_3310                                           |  64|   0|   64|          0|
    |tempReg_1383_reg_3322                                           |  64|   0|   64|          0|
    |tempReg_1436_reg_3348                                           |  64|   0|   64|          0|
    |tempReg_1438_reg_3374                                           |  64|   0|   64|          0|
    |tempReg_1440_reg_3401                                           |  64|   0|   64|          0|
    |tempReg_1442_reg_3427                                           |  64|   0|   64|          0|
    |tempReg_1444_reg_3439                                           |  64|   0|   64|          0|
    |tempReg_1447_reg_3460                                           |  64|   0|   64|          0|
    |tempReg_1449_reg_3486                                           |  64|   0|   64|          0|
    |tempReg_1451_reg_3513                                           |  64|   0|   64|          0|
    |tempReg_1453_reg_3539                                           |  64|   0|   64|          0|
    |tempReg_1455_reg_3551                                           |  64|   0|   64|          0|
    |tempReg_1458_reg_3577                                           |  64|   0|   64|          0|
    |tempReg_1460_reg_3603                                           |  64|   0|   64|          0|
    |tempReg_1462_reg_3620                                           |  64|   0|   64|          0|
    |tempReg_1464_reg_3646                                           |  64|   0|   64|          0|
    |tempReg_1467_reg_3663                                           |  64|   0|   64|          0|
    |tempReg_1469_reg_3690                                           |  64|   0|   64|          0|
    |tempReg_1471_reg_3717                                           |  64|   0|   64|          0|
    |tempReg_1474_reg_3743                                           |  64|   0|   64|          0|
    |tempReg_1476_reg_3769                                           |  64|   0|   64|          0|
    |tmp_1001_reg_3450                                               |   1|   0|    1|          0|
    |tmp_1007_reg_3471                                               |   1|   0|    1|          0|
    |tmp_1008_reg_3498                                               |   1|   0|    1|          0|
    |tmp_1011_reg_3503                                               |   1|   0|    1|          0|
    |tmp_1012_reg_3508                                               |   1|   0|    1|          0|
    |tmp_1015_reg_3524                                               |   1|   0|    1|          0|
    |tmp_1025_reg_3562                                               |   1|   0|    1|          0|
    |tmp_1031_reg_3588                                               |   1|   0|    1|          0|
    |tmp_1039_reg_3631                                               |   1|   0|    1|          0|
    |tmp_1061_reg_3728                                               |   1|   0|    1|          0|
    |tmp_1067_reg_3754                                               |   1|   0|    1|          0|
    |tmp_1077_reg_3781                                               |   1|   0|    1|          0|
    |tmp_1078_reg_3786                                               |   1|   0|    1|          0|
    |tmp_1079_reg_3796                                               |   1|   0|    1|          0|
    |tmp_867_reg_2788                                                |   1|   0|    1|          0|
    |tmp_875_reg_2874                                                |   1|   0|    1|          0|
    |tmp_876_reg_2879                                                |   1|   0|    1|          0|
    |tmp_891_reg_2943                                                |   1|   0|    1|          0|
    |tmp_899_reg_2964                                                |   1|   0|    1|          0|
    |tmp_900_reg_2969                                                |   1|   0|    1|          0|
    |tmp_923_reg_3079                                                |   1|   0|    1|          0|
    |tmp_935_reg_3146                                                |   1|   0|    1|          0|
    |tmp_936_reg_3151                                                |   1|   0|    1|          0|
    |tmp_939_reg_3156                                                |   1|   0|    1|          0|
    |tmp_940_reg_3161                                                |   1|   0|    1|          0|
    |tmp_943_reg_3177                                                |   1|   0|    1|          0|
    |tmp_951_reg_3215                                                |   1|   0|    1|          0|
    |tmp_959_reg_3247                                                |   1|   0|    1|          0|
    |tmp_960_reg_3269                                                |   1|   0|    1|          0|
    |tmp_963_reg_3279                                                |   1|   0|    1|          0|
    |tmp_964_reg_3284                                                |   1|   0|    1|          0|
    |tmp_967_reg_3295                                                |   1|   0|    1|          0|
    |tmp_975_reg_3333                                                |   1|   0|    1|          0|
    |tmp_983_reg_3359                                                |   1|   0|    1|          0|
    |tmp_984_reg_3386                                                |   1|   0|    1|          0|
    |tmp_987_reg_3391                                                |   1|   0|    1|          0|
    |tmp_988_reg_3396                                                |   1|   0|    1|          0|
    |tmp_991_reg_3412                                                |   1|   0|    1|          0|
    |tmp_s_reg_3791                                                  |   1|   0|    1|          0|
    |u_660_reg_2782                                                  |  64|   0|   64|          0|
    |u_667_reg_2937                                                  |  64|   0|   64|          0|
    |u_670_reg_2985                                                  |  64|   0|   64|          0|
    |u_675_reg_3073                                                  |  64|   0|   64|          0|
    |u_680_reg_3171                                                  |  64|   0|   64|          0|
    |u_682_reg_3209                                                  |  64|   0|   64|          0|
    |u_685_reg_3274                                                  |  64|   0|   64|          0|
    |u_688_reg_3327                                                  |  64|   0|   64|          0|
    |u_714_reg_3406                                                  |  64|   0|   64|          0|
    |u_716_reg_3444                                                  |  64|   0|   64|          0|
    |u_719_reg_3518                                                  |  64|   0|   64|          0|
    |u_721_reg_3556                                                  |  64|   0|   64|          0|
    |u_724_reg_3625                                                  |  64|   0|   64|          0|
    |u_728_reg_3722                                                  |  64|   0|   64|          0|
    |v_876_reg_2793                                                  |  64|   0|   64|          0|
    |v_878_reg_2868                                                  |  64|   0|   64|          0|
    |v_880_reg_2884                                                  |  64|   0|   64|          0|
    |v_881_reg_2901                                                  |  64|   0|   64|          0|
    |v_883_reg_2907                                                  |  64|   0|   64|          0|
    |v_885_reg_2948                                                  |  64|   0|   64|          0|
    |v_890_reg_3003                                                  |  64|   0|   64|          0|
    |v_893_reg_3036                                                  |  64|   0|   64|          0|
    |v_896_reg_3096                                                  |  64|   0|   64|          0|
    |v_899_reg_3129                                                  |  64|   0|   64|          0|
    |v_901_reg_3182                                                  |  64|   0|   64|          0|
    |v_903_reg_3220                                                  |  64|   0|   64|          0|
    |v_906_reg_3252                                                  |  64|   0|   64|          0|
    |v_908_reg_3300                                                  |  64|   0|   64|          0|
    |v_945_reg_3364                                                  |  64|   0|   64|          0|
    |v_947_reg_3417                                                  |  64|   0|   64|          0|
    |v_951_reg_3476                                                  |  64|   0|   64|          0|
    |v_953_reg_3529                                                  |  64|   0|   64|          0|
    |v_957_reg_3593                                                  |  64|   0|   64|          0|
    |v_962_reg_3680                                                  |  64|   0|   64|          0|
    |v_reg_2756                                                      |  64|   0|   64|          0|
    |zext_ln327_65_reg_2974                                          |   1|   0|   64|         63|
    |zext_ln327_66_reg_2991                                          |   1|   0|   64|         63|
    |zext_ln327_67_reg_3019                                          |   1|   0|   64|         63|
    |zext_ln327_68_reg_3041                                          |   1|   0|   64|         63|
    |zext_ln327_70_reg_3084                                          |   1|   0|   64|         63|
    |zext_ln327_71_reg_3107                                          |   1|   0|   64|         63|
    |zext_ln327_72_reg_3134                                          |   1|   0|   64|         63|
    |zext_ln327_74_reg_3187                                          |   1|   0|   64|         63|
    |zext_ln356_102_reg_3369                                         |   1|   0|   64|         63|
    |zext_ln356_104_reg_3422                                         |   1|   0|   64|         63|
    |zext_ln356_107_reg_3481                                         |   1|   0|   64|         63|
    |zext_ln356_109_reg_3534                                         |   1|   0|   64|         63|
    |zext_ln356_112_reg_3598                                         |   1|   0|   64|         63|
    |zext_ln356_114_reg_3636                                         |   1|   0|   64|         63|
    |zext_ln356_115_reg_3658                                         |   1|   0|   64|         63|
    |zext_ln356_116_reg_3685                                         |   1|   0|   64|         63|
    |zext_ln356_119_reg_3759                                         |   1|   0|   64|         63|
    |zext_ln356_97_reg_3257                                          |   1|   0|   64|         63|
    |zext_ln356_99_reg_3305                                          |   1|   0|   64|         63|
    +----------------------------------------------------------------+----+----+-----+-----------+
    |Total                                                           |5465|   0| 6662|       1197|
    +----------------------------------------------------------------+----+----+-----+-----------+



================================================================
== Interface
================================================================
* Summary: 
+---------------------------------------------+-----+-----+------------+--------------+--------------+
|                  RTL Ports                  | Dir | Bits|  Protocol  | Source Object|    C Type    |
+---------------------------------------------+-----+-----+------------+--------------+--------------+
|ap_clk                                       |   in|    1|  ap_ctrl_hs|  rdc_mont.126|  return value|
|ap_rst                                       |   in|    1|  ap_ctrl_hs|  rdc_mont.126|  return value|
|ap_start                                     |   in|    1|  ap_ctrl_hs|  rdc_mont.126|  return value|
|ap_done                                      |  out|    1|  ap_ctrl_hs|  rdc_mont.126|  return value|
|ap_idle                                      |  out|    1|  ap_ctrl_hs|  rdc_mont.126|  return value|
|ap_ready                                     |  out|    1|  ap_ctrl_hs|  rdc_mont.126|  return value|
|grp_digit_x_digit_fu_188_p_din1              |  out|   64|  ap_ctrl_hs|  rdc_mont.126|  return value|
|grp_digit_x_digit_fu_188_p_din2              |  out|   64|  ap_ctrl_hs|  rdc_mont.126|  return value|
|grp_digit_x_digit_fu_188_p_dout0_0           |   in|   64|  ap_ctrl_hs|  rdc_mont.126|  return value|
|grp_digit_x_digit_fu_188_p_dout0_1           |   in|   64|  ap_ctrl_hs|  rdc_mont.126|  return value|
|grp_digit_x_digit_fu_188_p_start             |  out|    1|  ap_ctrl_hs|  rdc_mont.126|  return value|
|grp_digit_x_digit_fu_188_p_ready             |   in|    1|  ap_ctrl_hs|  rdc_mont.126|  return value|
|grp_digit_x_digit_fu_188_p_done              |   in|    1|  ap_ctrl_hs|  rdc_mont.126|  return value|
|grp_digit_x_digit_fu_188_p_idle              |   in|    1|  ap_ctrl_hs|  rdc_mont.126|  return value|
|grp_digit_x_digit_fu_193_p_din1              |  out|   64|  ap_ctrl_hs|  rdc_mont.126|  return value|
|grp_digit_x_digit_fu_193_p_din2              |  out|   64|  ap_ctrl_hs|  rdc_mont.126|  return value|
|grp_digit_x_digit_fu_193_p_dout0_0           |   in|   64|  ap_ctrl_hs|  rdc_mont.126|  return value|
|grp_digit_x_digit_fu_193_p_dout0_1           |   in|   64|  ap_ctrl_hs|  rdc_mont.126|  return value|
|grp_digit_x_digit_fu_193_p_start             |  out|    1|  ap_ctrl_hs|  rdc_mont.126|  return value|
|grp_digit_x_digit_fu_193_p_ready             |   in|    1|  ap_ctrl_hs|  rdc_mont.126|  return value|
|grp_digit_x_digit_fu_193_p_done              |   in|    1|  ap_ctrl_hs|  rdc_mont.126|  return value|
|grp_digit_x_digit_fu_193_p_idle              |   in|    1|  ap_ctrl_hs|  rdc_mont.126|  return value|
|grp_digit_x_digit_fu_198_p_din1              |  out|   64|  ap_ctrl_hs|  rdc_mont.126|  return value|
|grp_digit_x_digit_fu_198_p_din2              |  out|   64|  ap_ctrl_hs|  rdc_mont.126|  return value|
|grp_digit_x_digit_fu_198_p_dout0_0           |   in|   64|  ap_ctrl_hs|  rdc_mont.126|  return value|
|grp_digit_x_digit_fu_198_p_dout0_1           |   in|   64|  ap_ctrl_hs|  rdc_mont.126|  return value|
|grp_digit_x_digit_fu_198_p_start             |  out|    1|  ap_ctrl_hs|  rdc_mont.126|  return value|
|grp_digit_x_digit_fu_198_p_ready             |   in|    1|  ap_ctrl_hs|  rdc_mont.126|  return value|
|grp_digit_x_digit_fu_198_p_done              |   in|    1|  ap_ctrl_hs|  rdc_mont.126|  return value|
|grp_digit_x_digit_fu_198_p_idle              |   in|    1|  ap_ctrl_hs|  rdc_mont.126|  return value|
|grp_digit_x_digit_fu_203_p_din1              |  out|   64|  ap_ctrl_hs|  rdc_mont.126|  return value|
|grp_digit_x_digit_fu_203_p_din2              |  out|   64|  ap_ctrl_hs|  rdc_mont.126|  return value|
|grp_digit_x_digit_fu_203_p_dout0_0           |   in|   64|  ap_ctrl_hs|  rdc_mont.126|  return value|
|grp_digit_x_digit_fu_203_p_dout0_1           |   in|   64|  ap_ctrl_hs|  rdc_mont.126|  return value|
|grp_digit_x_digit_fu_203_p_start             |  out|    1|  ap_ctrl_hs|  rdc_mont.126|  return value|
|grp_digit_x_digit_fu_203_p_ready             |   in|    1|  ap_ctrl_hs|  rdc_mont.126|  return value|
|grp_digit_x_digit_fu_203_p_done              |   in|    1|  ap_ctrl_hs|  rdc_mont.126|  return value|
|grp_digit_x_digit_fu_203_p_idle              |   in|    1|  ap_ctrl_hs|  rdc_mont.126|  return value|
|grp_digit_x_digit_fu_208_p_din1              |  out|   64|  ap_ctrl_hs|  rdc_mont.126|  return value|
|grp_digit_x_digit_fu_208_p_din2              |  out|   64|  ap_ctrl_hs|  rdc_mont.126|  return value|
|grp_digit_x_digit_fu_208_p_dout0_0           |   in|   64|  ap_ctrl_hs|  rdc_mont.126|  return value|
|grp_digit_x_digit_fu_208_p_dout0_1           |   in|   64|  ap_ctrl_hs|  rdc_mont.126|  return value|
|grp_digit_x_digit_fu_208_p_start             |  out|    1|  ap_ctrl_hs|  rdc_mont.126|  return value|
|grp_digit_x_digit_fu_208_p_ready             |   in|    1|  ap_ctrl_hs|  rdc_mont.126|  return value|
|grp_digit_x_digit_fu_208_p_done              |   in|    1|  ap_ctrl_hs|  rdc_mont.126|  return value|
|grp_digit_x_digit_fu_208_p_idle              |   in|    1|  ap_ctrl_hs|  rdc_mont.126|  return value|
|grp_digit_x_digit_fu_213_p_din1              |  out|   64|  ap_ctrl_hs|  rdc_mont.126|  return value|
|grp_digit_x_digit_fu_213_p_din2              |  out|   64|  ap_ctrl_hs|  rdc_mont.126|  return value|
|grp_digit_x_digit_fu_213_p_dout0_0           |   in|   64|  ap_ctrl_hs|  rdc_mont.126|  return value|
|grp_digit_x_digit_fu_213_p_dout0_1           |   in|   64|  ap_ctrl_hs|  rdc_mont.126|  return value|
|grp_digit_x_digit_fu_213_p_start             |  out|    1|  ap_ctrl_hs|  rdc_mont.126|  return value|
|grp_digit_x_digit_fu_213_p_ready             |   in|    1|  ap_ctrl_hs|  rdc_mont.126|  return value|
|grp_digit_x_digit_fu_213_p_done              |   in|    1|  ap_ctrl_hs|  rdc_mont.126|  return value|
|grp_digit_x_digit_fu_213_p_idle              |   in|    1|  ap_ctrl_hs|  rdc_mont.126|  return value|
|grp_is_digit_lessthan_ct_fu_218_p_din1       |  out|   64|  ap_ctrl_hs|  rdc_mont.126|  return value|
|grp_is_digit_lessthan_ct_fu_218_p_din2       |  out|   64|  ap_ctrl_hs|  rdc_mont.126|  return value|
|grp_is_digit_lessthan_ct_fu_218_p_dout0      |   in|    1|  ap_ctrl_hs|  rdc_mont.126|  return value|
|grp_is_digit_lessthan_ct_fu_218_p_ready      |   in|    1|  ap_ctrl_hs|  rdc_mont.126|  return value|
|grp_is_digit_lessthan_ct_fu_223_p_din1       |  out|   64|  ap_ctrl_hs|  rdc_mont.126|  return value|
|grp_is_digit_lessthan_ct_fu_223_p_din2       |  out|   64|  ap_ctrl_hs|  rdc_mont.126|  return value|
|grp_is_digit_lessthan_ct_fu_223_p_dout0      |   in|    1|  ap_ctrl_hs|  rdc_mont.126|  return value|
|grp_is_digit_lessthan_ct_fu_223_p_ready      |   in|    1|  ap_ctrl_hs|  rdc_mont.126|  return value|
|grp_is_digit_lessthan_ct_fu_228_p_din1       |  out|   64|  ap_ctrl_hs|  rdc_mont.126|  return value|
|grp_is_digit_lessthan_ct_fu_228_p_din2       |  out|   64|  ap_ctrl_hs|  rdc_mont.126|  return value|
|grp_is_digit_lessthan_ct_fu_228_p_dout0      |   in|    1|  ap_ctrl_hs|  rdc_mont.126|  return value|
|grp_is_digit_lessthan_ct_fu_228_p_ready      |   in|    1|  ap_ctrl_hs|  rdc_mont.126|  return value|
|grp_is_digit_lessthan_ct_fu_233_p_din1       |  out|   64|  ap_ctrl_hs|  rdc_mont.126|  return value|
|grp_is_digit_lessthan_ct_fu_233_p_din2       |  out|   64|  ap_ctrl_hs|  rdc_mont.126|  return value|
|grp_is_digit_lessthan_ct_fu_233_p_dout0      |   in|    1|  ap_ctrl_hs|  rdc_mont.126|  return value|
|grp_is_digit_lessthan_ct_fu_233_p_ready      |   in|    1|  ap_ctrl_hs|  rdc_mont.126|  return value|
|grp_is_digit_lessthan_ct_fu_238_p_din1       |  out|   64|  ap_ctrl_hs|  rdc_mont.126|  return value|
|grp_is_digit_lessthan_ct_fu_238_p_din2       |  out|   64|  ap_ctrl_hs|  rdc_mont.126|  return value|
|grp_is_digit_lessthan_ct_fu_238_p_dout0      |   in|    1|  ap_ctrl_hs|  rdc_mont.126|  return value|
|grp_is_digit_lessthan_ct_fu_238_p_ready      |   in|    1|  ap_ctrl_hs|  rdc_mont.126|  return value|
|grp_is_digit_lessthan_ct_fu_243_p_din1       |  out|   64|  ap_ctrl_hs|  rdc_mont.126|  return value|
|grp_is_digit_lessthan_ct_fu_243_p_din2       |  out|   64|  ap_ctrl_hs|  rdc_mont.126|  return value|
|grp_is_digit_lessthan_ct_fu_243_p_dout0      |   in|    1|  ap_ctrl_hs|  rdc_mont.126|  return value|
|grp_is_digit_lessthan_ct_fu_243_p_ready      |   in|    1|  ap_ctrl_hs|  rdc_mont.126|  return value|
|grp_is_digit_lessthan_ct_fu_248_p_din1       |  out|   64|  ap_ctrl_hs|  rdc_mont.126|  return value|
|grp_is_digit_lessthan_ct_fu_248_p_din2       |  out|   64|  ap_ctrl_hs|  rdc_mont.126|  return value|
|grp_is_digit_lessthan_ct_fu_248_p_dout0      |   in|    1|  ap_ctrl_hs|  rdc_mont.126|  return value|
|grp_is_digit_lessthan_ct_fu_248_p_ready      |   in|    1|  ap_ctrl_hs|  rdc_mont.126|  return value|
|grp_is_digit_lessthan_ct_fu_253_p_din1       |  out|   64|  ap_ctrl_hs|  rdc_mont.126|  return value|
|grp_is_digit_lessthan_ct_fu_253_p_din2       |  out|   64|  ap_ctrl_hs|  rdc_mont.126|  return value|
|grp_is_digit_lessthan_ct_fu_253_p_dout0      |   in|    1|  ap_ctrl_hs|  rdc_mont.126|  return value|
|grp_is_digit_lessthan_ct_fu_253_p_ready      |   in|    1|  ap_ctrl_hs|  rdc_mont.126|  return value|
|grp_is_digit_lessthan_ct_fu_258_p_din1       |  out|   64|  ap_ctrl_hs|  rdc_mont.126|  return value|
|grp_is_digit_lessthan_ct_fu_258_p_din2       |  out|   64|  ap_ctrl_hs|  rdc_mont.126|  return value|
|grp_is_digit_lessthan_ct_fu_258_p_dout0      |   in|    1|  ap_ctrl_hs|  rdc_mont.126|  return value|
|grp_is_digit_lessthan_ct_fu_258_p_ready      |   in|    1|  ap_ctrl_hs|  rdc_mont.126|  return value|
|grp_is_digit_lessthan_ct_fu_263_p_din1       |  out|   64|  ap_ctrl_hs|  rdc_mont.126|  return value|
|grp_is_digit_lessthan_ct_fu_263_p_din2       |  out|   64|  ap_ctrl_hs|  rdc_mont.126|  return value|
|grp_is_digit_lessthan_ct_fu_263_p_dout0      |   in|    1|  ap_ctrl_hs|  rdc_mont.126|  return value|
|grp_is_digit_lessthan_ct_fu_263_p_ready      |   in|    1|  ap_ctrl_hs|  rdc_mont.126|  return value|
|grp_is_digit_lessthan_ct_fu_268_p_din1       |  out|   64|  ap_ctrl_hs|  rdc_mont.126|  return value|
|grp_is_digit_lessthan_ct_fu_268_p_din2       |  out|   64|  ap_ctrl_hs|  rdc_mont.126|  return value|
|grp_is_digit_lessthan_ct_fu_268_p_dout0      |   in|    1|  ap_ctrl_hs|  rdc_mont.126|  return value|
|grp_is_digit_lessthan_ct_fu_268_p_ready      |   in|    1|  ap_ctrl_hs|  rdc_mont.126|  return value|
|tmp_909_is_digit_lessthan_ct_fu_273_p_din1   |  out|   64|  ap_ctrl_hs|  rdc_mont.126|  return value|
|tmp_909_is_digit_lessthan_ct_fu_273_p_din2   |  out|   64|  ap_ctrl_hs|  rdc_mont.126|  return value|
|tmp_909_is_digit_lessthan_ct_fu_273_p_dout0  |   in|    1|  ap_ctrl_hs|  rdc_mont.126|  return value|
|tmp_909_is_digit_lessthan_ct_fu_273_p_ready  |   in|    1|  ap_ctrl_hs|  rdc_mont.126|  return value|
|tmp_910_is_digit_lessthan_ct_fu_278_p_din1   |  out|   64|  ap_ctrl_hs|  rdc_mont.126|  return value|
|tmp_910_is_digit_lessthan_ct_fu_278_p_din2   |  out|   64|  ap_ctrl_hs|  rdc_mont.126|  return value|
|tmp_910_is_digit_lessthan_ct_fu_278_p_dout0  |   in|    1|  ap_ctrl_hs|  rdc_mont.126|  return value|
|tmp_910_is_digit_lessthan_ct_fu_278_p_ready  |   in|    1|  ap_ctrl_hs|  rdc_mont.126|  return value|
|ma_address0                                  |  out|    4|   ap_memory|            ma|         array|
|ma_ce0                                       |  out|    1|   ap_memory|            ma|         array|
|ma_q0                                        |   in|   64|   ap_memory|            ma|         array|
|mc_address0                                  |  out|    4|   ap_memory|            mc|         array|
|mc_ce0                                       |  out|    1|   ap_memory|            mc|         array|
|mc_we0                                       |  out|    1|   ap_memory|            mc|         array|
|mc_d0                                        |  out|   64|   ap_memory|            mc|         array|
+---------------------------------------------+-----+-----+------------+--------------+--------------+

