

================================================================
== Vitis HLS Report for 'mul'
================================================================
* Date:           Tue Oct 28 22:11:54 2025

* Version:        2024.2.2 (Build 6049644 on Mar  5 2025)
* Project:        proj_comba_bits256
* Solution:       solution1 (Vivado IP Flow Target)
* Product family: virtexuplus
* Target device:  xcvu9p-flga2104-2-i


================================================================
== Performance Estimates
================================================================
+ Timing: 
    * Summary: 
    +--------+----------+----------+------------+
    |  Clock |  Target  | Estimated| Uncertainty|
    +--------+----------+----------+------------+
    |ap_clk  |  10.00 ns|  6.286 ns|     2.70 ns|
    +--------+----------+----------+------------+

+ Latency: 
    * Summary: 
    +---------+---------+----------+----------+-----+-----+---------+
    |  Latency (cycles) |  Latency (absolute) |  Interval | Pipeline|
    |   min   |   max   |    min   |    max   | min | max |   Type  |
    +---------+---------+----------+----------+-----+-----+---------+
    |       77|      228|  0.770 us|  2.280 us|   77|  228|       no|
    +---------+---------+----------+----------+-----+-----+---------+

    + Detail: 
        * Instance: 
        +-------------------------------------------+--------------------------------+---------+---------+-----------+-----------+-----+-----+------------------------------------------------+
        |                                           |                                |  Latency (cycles) |   Latency (absolute)  |  Interval |                    Pipeline                    |
        |                  Instance                 |             Module             |   min   |   max   |    min    |    max    | min | max |                      Type                      |
        +-------------------------------------------+--------------------------------+---------+---------+-----------+-----------+-----+-----+------------------------------------------------+
        |grp_mul_Pipeline_VITIS_LOOP_188_1_fu_143   |mul_Pipeline_VITIS_LOOP_188_1   |       18|       18|   0.180 us|   0.180 us|   17|   17|  loop auto-rewind stp (delay=0 clock cycles(s))|
        |grp_mul_Pipeline_VITIS_LOOP_219_3_fu_149   |mul_Pipeline_VITIS_LOOP_219_3   |        6|       36|  60.000 ns|   0.360 us|    4|   34|  loop auto-rewind stp (delay=0 clock cycles(s))|
        |grp_mul_Pipeline_VITIS_LOOP_126_11_fu_163  |mul_Pipeline_VITIS_LOOP_126_11  |        3|        6|  30.000 ns|  60.000 ns|    2|    5|  loop auto-rewind stp (delay=0 clock cycles(s))|
        |grp_mul_Pipeline_VITIS_LOOP_126_1_fu_176   |mul_Pipeline_VITIS_LOOP_126_1   |        2|        5|  20.000 ns|  50.000 ns|    1|    4|  loop auto-rewind stp (delay=0 clock cycles(s))|
        |grp_mul_Pipeline_VITIS_LOOP_175_1_fu_186   |mul_Pipeline_VITIS_LOOP_175_1   |        2|       18|  20.000 ns|   0.180 us|    1|   17|  loop auto-rewind stp (delay=0 clock cycles(s))|
        +-------------------------------------------+--------------------------------+---------+---------+-----------+-----------+-----+-----+------------------------------------------------+

        * Loop: 
        +--------------------+---------+---------+----------+-----------+-----------+------+----------+
        |                    |  Latency (cycles) | Iteration|  Initiation Interval  | Trip |          |
        |      Loop Name     |   min   |   max   |  Latency |  achieved |   target  | Count| Pipelined|
        +--------------------+---------+---------+----------+-----------+-----------+------+----------+
        |- VITIS_LOOP_210_2  |       48|      180|   12 ~ 45|          -|          -|     4|        no|
        +--------------------+---------+---------+----------+-----------+-----------+------+----------+



================================================================
== Utilization Estimates
================================================================
* Summary: 
+---------------------+---------+------+---------+---------+-----+
|         Name        | BRAM_18K|  DSP |    FF   |   LUT   | URAM|
+---------------------+---------+------+---------+---------+-----+
|DSP                  |        -|     -|        -|        -|    -|
|Expression           |        -|     -|        0|      179|    -|
|FIFO                 |        -|     -|        -|        -|    -|
|Instance             |        -|   225|     1996|     7251|    -|
|Memory               |        -|     -|        -|        -|    -|
|Multiplexer          |        -|     -|        0|      235|    -|
|Register             |        -|     -|      956|        -|    -|
+---------------------+---------+------+---------+---------+-----+
|Total                |        0|   225|     2952|     7665|    0|
+---------------------+---------+------+---------+---------+-----+
|Available SLR        |     1440|  2280|   788160|   394080|  320|
+---------------------+---------+------+---------+---------+-----+
|Utilization SLR (%)  |        0|     9|       ~0|        1|    0|
+---------------------+---------+------+---------+---------+-----+
|Available            |     4320|  6840|  2364480|  1182240|  960|
+---------------------+---------+------+---------+---------+-----+
|Utilization (%)      |        0|     3|       ~0|       ~0|    0|
+---------------------+---------+------+---------+---------+-----+

+ Detail: 
    * Instance: 
    +-------------------------------------------+--------------------------------+---------+-----+------+------+-----+
    |                  Instance                 |             Module             | BRAM_18K| DSP |  FF  |  LUT | URAM|
    +-------------------------------------------+--------------------------------+---------+-----+------+------+-----+
    |grp_mul_Pipeline_VITIS_LOOP_126_1_fu_176   |mul_Pipeline_VITIS_LOOP_126_1   |        0|    0|    67|  2829|    0|
    |grp_mul_Pipeline_VITIS_LOOP_126_11_fu_163  |mul_Pipeline_VITIS_LOOP_126_11  |        0|    0|   195|  2842|    0|
    |grp_mul_Pipeline_VITIS_LOOP_175_1_fu_186   |mul_Pipeline_VITIS_LOOP_175_1   |        0|    0|    34|   110|    0|
    |grp_mul_Pipeline_VITIS_LOOP_188_1_fu_143   |mul_Pipeline_VITIS_LOOP_188_1   |        0|    0|     7|    61|    0|
    |grp_mul_Pipeline_VITIS_LOOP_219_3_fu_149   |mul_Pipeline_VITIS_LOOP_219_3   |        0|  225|  1693|  1409|    0|
    +-------------------------------------------+--------------------------------+---------+-----+------+------+-----+
    |Total                                      |                                |        0|  225|  1996|  7251|    0|
    +-------------------------------------------+--------------------------------+---------+-----+------+------+-----+

    * DSP: 
    N/A

    * Memory: 
    N/A

    * FIFO: 
    N/A

    * Expression: 
    +------------------------+----------+----+---+----+------------+------------+
    |      Variable Name     | Operation| DSP| FF| LUT| Bitwidth P0| Bitwidth P1|
    +------------------------+----------+----+---+----+------------+------------+
    |add_ln210_fu_264_p2     |         +|   0|  0|   9|           2|           2|
    |pack_wi_5_fu_403_p2     |         +|   0|  0|  39|          32|           1|
    |t_2_fu_233_p2           |         +|   0|  0|  10|           3|           1|
    |and_ln168_fu_392_p2     |       and|   0|  0|   2|           1|           1|
    |icmp_ln168_1_fu_386_p2  |      icmp|   0|  0|  35|          28|           1|
    |icmp_ln168_fu_370_p2    |      icmp|   0|  0|  39|          32|           1|
    |icmp_ln210_1_fu_258_p2  |      icmp|   0|  0|   9|           2|           1|
    |icmp_ln210_fu_227_p2    |      icmp|   0|  0|  12|           3|           4|
    |icmp_ln214_fu_279_p2    |      icmp|   0|  0|  10|           3|           1|
    |c_WEN_A                 |        or|   0|  0|   8|           8|           1|
    |j_start_fu_285_p3       |    select|   0|  0|   2|           1|           1|
    |select_ln210_fu_270_p3  |    select|   0|  0|   2|           1|           2|
    |xor_ln219_fu_294_p2     |       xor|   0|  0|   2|           1|           2|
    +------------------------+----------+----+---+----+------------+------------+
    |Total                   |          |   0|  0| 179|         117|          19|
    +------------------------+----------+----+---+----+------------+------------+

    * Multiplexer: 
    +----------------------+----+-----------+-----+-----------+
    |         Name         | LUT| Input Size| Bits| Total Bits|
    +----------------------+----+-----------+-----+-----------+
    |ap_NS_fsm             |  59|         11|    1|         11|
    |c_Addr_A              |  26|          5|   32|        160|
    |c_Din_A               |  26|          5|   64|        320|
    |c_EN_A                |  26|          5|    1|          5|
    |c_WEN_A               |  26|          5|    8|         40|
    |c_WEN_A_local         |   9|          2|    8|         16|
    |pack_cur_fu_92        |   9|          2|   64|        128|
    |pack_used_fu_88       |   9|          2|   32|         64|
    |pack_wi_7_ph_reg_133  |   9|          2|   32|         64|
    |pack_wi_fu_84         |   9|          2|   32|         64|
    |sum_fu_96             |   9|          2|  259|        518|
    |t_fu_100              |   9|          2|    3|          6|
    |x_fu_80               |   9|          2|  256|        512|
    +----------------------+----+-----------+-----+-----------+
    |Total                 | 235|         47|  792|       1908|
    +----------------------+----+-----------+-----+-----------+

    * Register: 
    +--------------------------------------------------------+-----+----+-----+-----------+
    |                          Name                          |  FF | LUT| Bits| Const Bits|
    +--------------------------------------------------------+-----+----+-----+-----------+
    |ap_CS_fsm                                               |   10|   0|   10|          0|
    |grp_mul_Pipeline_VITIS_LOOP_126_11_fu_163_ap_start_reg  |    1|   0|    1|          0|
    |grp_mul_Pipeline_VITIS_LOOP_126_1_fu_176_ap_start_reg   |    1|   0|    1|          0|
    |grp_mul_Pipeline_VITIS_LOOP_175_1_fu_186_ap_start_reg   |    1|   0|    1|          0|
    |grp_mul_Pipeline_VITIS_LOOP_188_1_fu_143_ap_start_reg   |    1|   0|    1|          0|
    |grp_mul_Pipeline_VITIS_LOOP_219_3_fu_149_ap_start_reg   |    1|   0|    1|          0|
    |j_start_reg_491                                         |    2|   0|    2|          0|
    |out_reg_521                                             |  256|   0|  256|          0|
    |pack_cur_fu_92                                          |   64|   0|   64|          0|
    |pack_used_fu_88                                         |   32|   0|   32|          0|
    |pack_wi_7_ph_reg_133                                    |   32|   0|   32|          0|
    |pack_wi_fu_84                                           |   32|   0|   32|          0|
    |select_ln210_reg_486                                    |    2|   0|    2|          0|
    |sum_fu_96                                               |  259|   0|  259|          0|
    |t_fu_100                                                |    3|   0|    3|          0|
    |trunc_ln210_reg_481                                     |    2|   0|    2|          0|
    |x_fu_80                                                 |  256|   0|  256|          0|
    |xor_ln219_reg_496                                       |    1|   0|    1|          0|
    +--------------------------------------------------------+-----+----+-----+-----------+
    |Total                                                   |  956|   0|  956|          0|
    +--------------------------------------------------------+-----+----+-----+-----------+



================================================================
== Interface
================================================================
* Summary: 
+----------+-----+-----+------------+--------------+--------------+
| RTL Ports| Dir | Bits|  Protocol  | Source Object|    C Type    |
+----------+-----+-----+------------+--------------+--------------+
|ap_clk    |   in|    1|  ap_ctrl_hs|           mul|  return value|
|ap_rst    |   in|    1|  ap_ctrl_hs|           mul|  return value|
|ap_start  |   in|    1|  ap_ctrl_hs|           mul|  return value|
|ap_done   |  out|    1|  ap_ctrl_hs|           mul|  return value|
|ap_idle   |  out|    1|  ap_ctrl_hs|           mul|  return value|
|ap_ready  |  out|    1|  ap_ctrl_hs|           mul|  return value|
|a_Addr_A  |  out|   32|        bram|             a|         array|
|a_EN_A    |  out|    1|        bram|             a|         array|
|a_WEN_A   |  out|    8|        bram|             a|         array|
|a_Din_A   |  out|   64|        bram|             a|         array|
|a_Dout_A  |   in|   64|        bram|             a|         array|
|a_Addr_B  |  out|   32|        bram|             a|         array|
|a_EN_B    |  out|    1|        bram|             a|         array|
|a_WEN_B   |  out|    8|        bram|             a|         array|
|a_Din_B   |  out|   64|        bram|             a|         array|
|a_Dout_B  |   in|   64|        bram|             a|         array|
|b_Addr_A  |  out|   32|        bram|             b|         array|
|b_EN_A    |  out|    1|        bram|             b|         array|
|b_WEN_A   |  out|    8|        bram|             b|         array|
|b_Din_A   |  out|   64|        bram|             b|         array|
|b_Dout_A  |   in|   64|        bram|             b|         array|
|b_Addr_B  |  out|   32|        bram|             b|         array|
|b_EN_B    |  out|    1|        bram|             b|         array|
|b_WEN_B   |  out|    8|        bram|             b|         array|
|b_Din_B   |  out|   64|        bram|             b|         array|
|b_Dout_B  |   in|   64|        bram|             b|         array|
|c_Addr_A  |  out|   32|        bram|             c|         array|
|c_EN_A    |  out|    1|        bram|             c|         array|
|c_WEN_A   |  out|    8|        bram|             c|         array|
|c_Din_A   |  out|   64|        bram|             c|         array|
|c_Dout_A  |   in|   64|        bram|             c|         array|
+----------+-----+-----+------------+--------------+--------------+

============================================================
+ Verbose Summary: Synthesis Manager
============================================================
InlineROM: 1
ExposeGlobal: 0
============================================================
+ Verbose Summary: CDFG Model
============================================================
IsTopModel: 0
ResetActiveHigh: 1
IsCombinational: 2
IsDatapathOnly: 2
HasWiredReturn: 1
HasMFsm: 0
HasVarLatency: 1
IsPipeline: 0
IsRtlPipelined: 0
IsInstanceOverlapped: 0
IsDontTouch: 0
HasImplIP: 0
IsGatedGlobalClock: 0


============================================================
+ Verbose Summary: Schedule
============================================================
* Number of FSM states : 10
* Pipeline : 0
* Dataflow Pipeline: 0

* FSM state transitions: 
1 --> 2 
2 --> 3 
3 --> 4 7 
4 --> 5 
5 --> 6 
6 --> 3 
7 --> 8 
8 --> 9 
9 --> 10 
10 --> 

* FSM state operations: 

State 1 <SV = 0> <Delay = 0.38>
ST_1 : Operation 11 [1/1] (0.00ns)   --->   "%x = alloca i32 1" [test_comba_bits256.cpp:121->test_comba_bits256.cpp:241]   --->   Operation 11 'alloca' 'x' <Predicate = true> <Delay = 0.00>
ST_1 : Operation 12 [1/1] (0.00ns)   --->   "%pack_wi = alloca i32 1" [test_comba_bits256.cpp:204]   --->   Operation 12 'alloca' 'pack_wi' <Predicate = true> <Delay = 0.00>
ST_1 : Operation 13 [1/1] (0.00ns)   --->   "%pack_used = alloca i32 1" [test_comba_bits256.cpp:204]   --->   Operation 13 'alloca' 'pack_used' <Predicate = true> <Delay = 0.00>
ST_1 : Operation 14 [1/1] (0.00ns)   --->   "%pack_cur = alloca i32 1" [test_comba_bits256.cpp:204]   --->   Operation 14 'alloca' 'pack_cur' <Predicate = true> <Delay = 0.00>
ST_1 : Operation 15 [1/1] (0.00ns)   --->   "%sum = alloca i32 1" [test_comba_bits256.cpp:217]   --->   Operation 15 'alloca' 'sum' <Predicate = true> <Delay = 0.00>
ST_1 : Operation 16 [1/1] (0.00ns)   --->   "%t = alloca i32 1" [test_comba_bits256.cpp:210]   --->   Operation 16 'alloca' 't' <Predicate = true> <Delay = 0.00>
ST_1 : Operation 17 [1/1] (0.00ns)   --->   "%pack_cur_1_loc = alloca i64 1"   --->   Operation 17 'alloca' 'pack_cur_1_loc' <Predicate = true> <Delay = 0.00>
ST_1 : Operation 18 [1/1] (0.00ns)   --->   "%pack_used_1_loc = alloca i64 1"   --->   Operation 18 'alloca' 'pack_used_1_loc' <Predicate = true> <Delay = 0.00>
ST_1 : Operation 19 [1/1] (0.00ns)   --->   "%pack_wi_1_loc = alloca i64 1"   --->   Operation 19 'alloca' 'pack_wi_1_loc' <Predicate = true> <Delay = 0.00>
ST_1 : Operation 20 [1/1] (0.00ns)   --->   "%sum_1_loc = alloca i64 1"   --->   Operation 20 'alloca' 'sum_1_loc' <Predicate = true> <Delay = 0.00>
ST_1 : Operation 21 [2/2] (0.00ns)   --->   "%call_ln0 = call void @mul_Pipeline_VITIS_LOOP_188_1, i64 %c"   --->   Operation 21 'call' 'call_ln0' <Predicate = true> <Delay = 0.00> <CoreType = "Generic">   --->   Generic Core
ST_1 : Operation 22 [1/1] (0.38ns)   --->   "%store_ln210 = store i3 0, i3 %t" [test_comba_bits256.cpp:210]   --->   Operation 22 'store' 'store_ln210' <Predicate = true> <Delay = 0.38>
ST_1 : Operation 23 [1/1] (0.38ns)   --->   "%store_ln217 = store i259 0, i259 %sum" [test_comba_bits256.cpp:217]   --->   Operation 23 'store' 'store_ln217' <Predicate = true> <Delay = 0.38>
ST_1 : Operation 24 [1/1] (0.00ns)   --->   "%store_ln204 = store i64 0, i64 %pack_cur" [test_comba_bits256.cpp:204]   --->   Operation 24 'store' 'store_ln204' <Predicate = true> <Delay = 0.00>
ST_1 : Operation 25 [1/1] (0.00ns)   --->   "%store_ln204 = store i32 0, i32 %pack_used" [test_comba_bits256.cpp:204]   --->   Operation 25 'store' 'store_ln204' <Predicate = true> <Delay = 0.00>
ST_1 : Operation 26 [1/1] (0.00ns)   --->   "%store_ln204 = store i32 0, i32 %pack_wi" [test_comba_bits256.cpp:204]   --->   Operation 26 'store' 'store_ln204' <Predicate = true> <Delay = 0.00>
ST_1 : Operation 27 [1/1] (0.38ns)   --->   "%store_ln121 = store i256 0, i256 %x" [test_comba_bits256.cpp:121->test_comba_bits256.cpp:241]   --->   Operation 27 'store' 'store_ln121' <Predicate = true> <Delay = 0.38>

State 2 <SV = 1> <Delay = 1.48>
ST_2 : Operation 28 [1/1] (0.00ns)   --->   "%specinterface_ln0 = specinterface void @_ssdm_op_SpecInterface, i64 %c, void @empty, i32 0, i32 0, void @empty_0, i32 4294967295, i32 0, void @empty_0, void @empty_0, void @empty_0, i32 0, i32 0, i32 0, i32 0, void @empty_0, void @empty_0, i32 4294967295, i32 0, i32 0"   --->   Operation 28 'specinterface' 'specinterface_ln0' <Predicate = true> <Delay = 0.00>
ST_2 : Operation 29 [1/1] (0.00ns)   --->   "%specinterface_ln0 = specinterface void @_ssdm_op_SpecInterface, i64 %b, void @empty, i32 0, i32 0, void @empty_0, i32 4294967295, i32 0, void @empty_0, void @empty_0, void @empty_0, i32 0, i32 0, i32 0, i32 0, void @empty_0, void @empty_0, i32 4294967295, i32 0, i32 0"   --->   Operation 29 'specinterface' 'specinterface_ln0' <Predicate = true> <Delay = 0.00>
ST_2 : Operation 30 [1/1] (0.00ns)   --->   "%specinterface_ln0 = specinterface void @_ssdm_op_SpecInterface, i64 %a, void @empty, i32 0, i32 0, void @empty_0, i32 4294967295, i32 0, void @empty_0, void @empty_0, void @empty_0, i32 0, i32 0, i32 0, i32 0, void @empty_0, void @empty_0, i32 4294967295, i32 0, i32 0"   --->   Operation 30 'specinterface' 'specinterface_ln0' <Predicate = true> <Delay = 0.00>
ST_2 : Operation 31 [1/2] (1.48ns)   --->   "%call_ln0 = call void @mul_Pipeline_VITIS_LOOP_188_1, i64 %c"   --->   Operation 31 'call' 'call_ln0' <Predicate = true> <Delay = 1.48> <CoreType = "Generic">   --->   Generic Core
ST_2 : Operation 32 [1/1] (0.00ns)   --->   "%br_ln121 = br void %for.body8" [test_comba_bits256.cpp:121->test_comba_bits256.cpp:241]   --->   Operation 32 'br' 'br_ln121' <Predicate = true> <Delay = 0.00>

State 3 <SV = 2> <Delay = 1.23>
ST_3 : Operation 33 [1/1] (0.00ns)   --->   "%t_1 = load i3 %t" [test_comba_bits256.cpp:210]   --->   Operation 33 'load' 't_1' <Predicate = true> <Delay = 0.00>
ST_3 : Operation 34 [1/1] (0.57ns)   --->   "%icmp_ln210 = icmp_eq  i3 %t_1, i3 4" [test_comba_bits256.cpp:210]   --->   Operation 34 'icmp' 'icmp_ln210' <Predicate = true> <Delay = 0.57> <CoreInst = "Cmp">   --->   Core 9 'Cmp' <Latency = 0> <II = 1> <Delay = 0.70> <FuncUnit> <Opcode : 'seteq' 'setne' 'setle' 'setge' 'setlt' 'setgt'> <InPorts = 2> <OutPorts = 1>
ST_3 : Operation 35 [1/1] (0.57ns)   --->   "%t_2 = add i3 %t_1, i3 1" [test_comba_bits256.cpp:210]   --->   Operation 35 'add' 't_2' <Predicate = true> <Delay = 0.57> <CoreInst = "Adder">   --->   Core 1 'Adder' <Latency = 0> <II = 1> <Delay = 0.57> <FuncUnit> <Opcode : 'add' 'sub'> <InPorts = 2> <OutPorts = 1>
ST_3 : Operation 36 [1/1] (0.00ns)   --->   "%br_ln210 = br i1 %icmp_ln210, void %for.body8.split, void %while.cond.i8.preheader" [test_comba_bits256.cpp:210]   --->   Operation 36 'br' 'br_ln210' <Predicate = true> <Delay = 0.00>
ST_3 : Operation 37 [1/1] (0.00ns)   --->   "%sum_load = load i259 %sum"   --->   Operation 37 'load' 'sum_load' <Predicate = (!icmp_ln210)> <Delay = 0.00>
ST_3 : Operation 38 [1/1] (0.00ns)   --->   "%trunc_ln210 = trunc i3 %t_1" [test_comba_bits256.cpp:210]   --->   Operation 38 'trunc' 'trunc_ln210' <Predicate = (!icmp_ln210)> <Delay = 0.00>
ST_3 : Operation 39 [1/1] (0.00ns)   --->   "%tmp_5 = partselect i2 @_ssdm_op_PartSelect.i2.i3.i32.i32, i3 %t_1, i32 1, i32 2" [test_comba_bits256.cpp:210]   --->   Operation 39 'partselect' 'tmp_5' <Predicate = (!icmp_ln210)> <Delay = 0.00>
ST_3 : Operation 40 [1/1] (0.43ns)   --->   "%icmp_ln210_1 = icmp_ne  i2 %tmp_5, i2 0" [test_comba_bits256.cpp:210]   --->   Operation 40 'icmp' 'icmp_ln210_1' <Predicate = (!icmp_ln210)> <Delay = 0.43> <CoreInst = "Cmp">   --->   Core 9 'Cmp' <Latency = 0> <II = 1> <Delay = 0.43> <FuncUnit> <Opcode : 'seteq' 'setne' 'setle' 'setge' 'setlt' 'setgt'> <InPorts = 2> <OutPorts = 1>
ST_3 : Operation 41 [1/1] (0.43ns)   --->   "%add_ln210 = add i2 %trunc_ln210, i2 3" [test_comba_bits256.cpp:210]   --->   Operation 41 'add' 'add_ln210' <Predicate = (!icmp_ln210)> <Delay = 0.43> <CoreInst = "Adder">   --->   Core 1 'Adder' <Latency = 0> <II = 1> <Delay = 0.43> <FuncUnit> <Opcode : 'add' 'sub'> <InPorts = 2> <OutPorts = 1>
ST_3 : Operation 42 [1/1] (0.27ns)   --->   "%select_ln210 = select i1 %icmp_ln210_1, i2 %add_ln210, i2 0" [test_comba_bits256.cpp:210]   --->   Operation 42 'select' 'select_ln210' <Predicate = (!icmp_ln210)> <Delay = 0.27> <CoreInst = "Sel">   --->   Core 73 'Sel' <Latency = 0> <II = 1> <Delay = 0.27> <FuncUnit> <Opcode : 'select'> <InPorts = 3> <OutPorts = 1>
ST_3 : Operation 43 [1/1] (0.57ns)   --->   "%icmp_ln214 = icmp_eq  i3 %t_1, i3 0" [test_comba_bits256.cpp:214]   --->   Operation 43 'icmp' 'icmp_ln214' <Predicate = (!icmp_ln210)> <Delay = 0.57> <CoreInst = "Cmp">   --->   Core 9 'Cmp' <Latency = 0> <II = 1> <Delay = 0.57> <FuncUnit> <Opcode : 'seteq' 'setne' 'setle' 'setge' 'setlt' 'setgt'> <InPorts = 2> <OutPorts = 1>
ST_3 : Operation 44 [1/1] (0.27ns)   --->   "%j_start = select i1 %icmp_ln214, i2 0, i2 %add_ln210" [test_comba_bits256.cpp:214]   --->   Operation 44 'select' 'j_start' <Predicate = (!icmp_ln210)> <Delay = 0.27> <CoreInst = "Sel">   --->   Core 73 'Sel' <Latency = 0> <II = 1> <Delay = 0.27> <FuncUnit> <Opcode : 'select'> <InPorts = 3> <OutPorts = 1>
ST_3 : Operation 45 [1/1] (0.12ns)   --->   "%xor_ln219 = xor i1 %icmp_ln214, i1 1" [test_comba_bits256.cpp:219]   --->   Operation 45 'xor' 'xor_ln219' <Predicate = (!icmp_ln210)> <Delay = 0.12> <CoreInst = "LogicGate">   --->   Core 74 'LogicGate' <Latency = 0> <II = 1> <Delay = 0.12> <FuncUnit> <Opcode : 'and' 'or' 'xor'> <InPorts = 2> <OutPorts = 1>
ST_3 : Operation 46 [2/2] (0.38ns)   --->   "%call_ln210 = call void @mul_Pipeline_VITIS_LOOP_219_3, i2 %select_ln210, i2 %j_start, i259 %sum_load, i1 %xor_ln219, i2 %trunc_ln210, i64 %a, i64 %b, i515 %sum_1_loc" [test_comba_bits256.cpp:210]   --->   Operation 46 'call' 'call_ln210' <Predicate = (!icmp_ln210)> <Delay = 0.38> <CoreType = "Generic">   --->   Generic Core
ST_3 : Operation 47 [1/1] (0.38ns)   --->   "%store_ln210 = store i3 %t_2, i3 %t" [test_comba_bits256.cpp:210]   --->   Operation 47 'store' 'store_ln210' <Predicate = (!icmp_ln210)> <Delay = 0.38>
ST_3 : Operation 48 [1/1] (0.00ns)   --->   "%x_load = load i256 %x"   --->   Operation 48 'load' 'x_load' <Predicate = (icmp_ln210)> <Delay = 0.00>
ST_3 : Operation 49 [1/1] (0.00ns)   --->   "%pack_wi_load = load i32 %pack_wi"   --->   Operation 49 'load' 'pack_wi_load' <Predicate = (icmp_ln210)> <Delay = 0.00>
ST_3 : Operation 50 [1/1] (0.00ns)   --->   "%pack_used_load = load i32 %pack_used"   --->   Operation 50 'load' 'pack_used_load' <Predicate = (icmp_ln210)> <Delay = 0.00>
ST_3 : Operation 51 [1/1] (0.00ns)   --->   "%pack_cur_load = load i64 %pack_cur"   --->   Operation 51 'load' 'pack_cur_load' <Predicate = (icmp_ln210)> <Delay = 0.00>
ST_3 : Operation 52 [2/2] (0.41ns)   --->   "%call_ln0 = call void @mul_Pipeline_VITIS_LOOP_126_11, i32 %pack_wi_load, i32 %pack_used_load, i64 %pack_cur_load, i256 %x_load, i64 %c, i32 %pack_wi_1_loc, i32 %pack_used_1_loc, i64 %pack_cur_1_loc"   --->   Operation 52 'call' 'call_ln0' <Predicate = (icmp_ln210)> <Delay = 0.41> <CoreType = "Generic">   --->   Generic Core

State 4 <SV = 3> <Delay = 0.00>
ST_4 : Operation 53 [1/2] (0.00ns)   --->   "%call_ln210 = call void @mul_Pipeline_VITIS_LOOP_219_3, i2 %select_ln210, i2 %j_start, i259 %sum_load, i1 %xor_ln219, i2 %trunc_ln210, i64 %a, i64 %b, i515 %sum_1_loc" [test_comba_bits256.cpp:210]   --->   Operation 53 'call' 'call_ln210' <Predicate = true> <Delay = 0.00> <CoreType = "Generic">   --->   Generic Core

State 5 <SV = 4> <Delay = 0.38>
ST_5 : Operation 54 [1/1] (0.00ns)   --->   "%sum_1_loc_load = load i515 %sum_1_loc"   --->   Operation 54 'load' 'sum_1_loc_load' <Predicate = true> <Delay = 0.00>
ST_5 : Operation 55 [1/1] (0.00ns)   --->   "%out = trunc i515 %sum_1_loc_load" [test_comba_bits256.cpp:235]   --->   Operation 55 'trunc' 'out' <Predicate = true> <Delay = 0.00>
ST_5 : Operation 56 [2/2] (0.00ns)   --->   "%call_ln235 = call void @mul_Pipeline_VITIS_LOOP_126_1, i256 %out, i64 %c, i32 %pack_wi, i32 %pack_used, i64 %pack_cur" [test_comba_bits256.cpp:235]   --->   Operation 56 'call' 'call_ln235' <Predicate = true> <Delay = 0.00> <CoreType = "Generic">   --->   Generic Core
ST_5 : Operation 57 [1/1] (0.00ns)   --->   "%trunc_ln210_1 = partselect i259 @_ssdm_op_PartSelect.i259.i515.i32.i32, i515 %sum_1_loc_load, i32 256, i32 514" [test_comba_bits256.cpp:210]   --->   Operation 57 'partselect' 'trunc_ln210_1' <Predicate = true> <Delay = 0.00>
ST_5 : Operation 58 [1/1] (0.00ns)   --->   "%trunc_ln210_2 = partselect i256 @_ssdm_op_PartSelect.i256.i515.i32.i32, i515 %sum_1_loc_load, i32 256, i32 511" [test_comba_bits256.cpp:210]   --->   Operation 58 'partselect' 'trunc_ln210_2' <Predicate = true> <Delay = 0.00>
ST_5 : Operation 59 [1/1] (0.38ns)   --->   "%store_ln217 = store i259 %trunc_ln210_1, i259 %sum" [test_comba_bits256.cpp:217]   --->   Operation 59 'store' 'store_ln217' <Predicate = true> <Delay = 0.38>
ST_5 : Operation 60 [1/1] (0.38ns)   --->   "%store_ln121 = store i256 %trunc_ln210_2, i256 %x" [test_comba_bits256.cpp:121->test_comba_bits256.cpp:241]   --->   Operation 60 'store' 'store_ln121' <Predicate = true> <Delay = 0.38>

State 6 <SV = 5> <Delay = 3.25>
ST_6 : Operation 61 [1/1] (0.00ns)   --->   "%specpipeline_ln212 = specpipeline void @_ssdm_op_SpecPipeline, i32 1, i32 0, i32 0, i32 0, void @empty_0" [test_comba_bits256.cpp:212]   --->   Operation 61 'specpipeline' 'specpipeline_ln212' <Predicate = true> <Delay = 0.00>
ST_6 : Operation 62 [1/1] (0.00ns)   --->   "%speclooptripcount_ln204 = speclooptripcount void @_ssdm_op_SpecLoopTripCount, i64 4, i64 4, i64 4" [test_comba_bits256.cpp:204]   --->   Operation 62 'speclooptripcount' 'speclooptripcount_ln204' <Predicate = true> <Delay = 0.00>
ST_6 : Operation 63 [1/1] (0.00ns)   --->   "%specloopname_ln210 = specloopname void @_ssdm_op_SpecLoopName, void @empty_7" [test_comba_bits256.cpp:210]   --->   Operation 63 'specloopname' 'specloopname_ln210' <Predicate = true> <Delay = 0.00>
ST_6 : Operation 64 [1/2] (3.25ns)   --->   "%call_ln235 = call void @mul_Pipeline_VITIS_LOOP_126_1, i256 %out, i64 %c, i32 %pack_wi, i32 %pack_used, i64 %pack_cur" [test_comba_bits256.cpp:235]   --->   Operation 64 'call' 'call_ln235' <Predicate = true> <Delay = 3.25> <CoreType = "Generic">   --->   Generic Core
ST_6 : Operation 65 [1/1] (0.00ns)   --->   "%br_ln210 = br void %for.body8" [test_comba_bits256.cpp:210]   --->   Operation 65 'br' 'br_ln210' <Predicate = true> <Delay = 0.00>

State 7 <SV = 3> <Delay = 1.26>
ST_7 : Operation 66 [1/2] (1.26ns)   --->   "%call_ln0 = call void @mul_Pipeline_VITIS_LOOP_126_11, i32 %pack_wi_load, i32 %pack_used_load, i64 %pack_cur_load, i256 %x_load, i64 %c, i32 %pack_wi_1_loc, i32 %pack_used_1_loc, i64 %pack_cur_1_loc"   --->   Operation 66 'call' 'call_ln0' <Predicate = true> <Delay = 1.26> <CoreType = "Generic">   --->   Generic Core

State 8 <SV = 4> <Delay = 1.71>
ST_8 : Operation 67 [1/1] (0.00ns)   --->   "%pack_wi_1_loc_load = load i32 %pack_wi_1_loc"   --->   Operation 67 'load' 'pack_wi_1_loc_load' <Predicate = true> <Delay = 0.00>
ST_8 : Operation 68 [1/1] (0.00ns)   --->   "%pack_used_1_loc_load = load i32 %pack_used_1_loc"   --->   Operation 68 'load' 'pack_used_1_loc_load' <Predicate = true> <Delay = 0.00>
ST_8 : Operation 69 [1/1] (0.00ns)   --->   "%pack_cur_1_loc_load = load i64 %pack_cur_1_loc"   --->   Operation 69 'load' 'pack_cur_1_loc_load' <Predicate = true> <Delay = 0.00>
ST_8 : Operation 70 [1/1] (0.88ns)   --->   "%icmp_ln168 = icmp_ne  i32 %pack_used_1_loc_load, i32 0" [test_comba_bits256.cpp:168->test_comba_bits256.cpp:242]   --->   Operation 70 'icmp' 'icmp_ln168' <Predicate = true> <Delay = 0.88> <CoreInst = "Cmp">   --->   Core 9 'Cmp' <Latency = 0> <II = 1> <Delay = 0.88> <FuncUnit> <Opcode : 'seteq' 'setne' 'setle' 'setge' 'setlt' 'setgt'> <InPorts = 2> <OutPorts = 1>
ST_8 : Operation 71 [1/1] (0.00ns)   --->   "%tmp = partselect i28 @_ssdm_op_PartSelect.i28.i32.i32.i32, i32 %pack_wi_1_loc_load, i32 4, i32 31" [test_comba_bits256.cpp:168->test_comba_bits256.cpp:242]   --->   Operation 71 'partselect' 'tmp' <Predicate = true> <Delay = 0.00>
ST_8 : Operation 72 [1/1] (0.85ns)   --->   "%icmp_ln168_1 = icmp_eq  i28 %tmp, i28 0" [test_comba_bits256.cpp:168->test_comba_bits256.cpp:242]   --->   Operation 72 'icmp' 'icmp_ln168_1' <Predicate = true> <Delay = 0.85> <CoreInst = "Cmp">   --->   Core 9 'Cmp' <Latency = 0> <II = 1> <Delay = 0.85> <FuncUnit> <Opcode : 'seteq' 'setne' 'setle' 'setge' 'setlt' 'setgt'> <InPorts = 2> <OutPorts = 1>
ST_8 : Operation 73 [1/1] (0.12ns)   --->   "%and_ln168 = and i1 %icmp_ln168, i1 %icmp_ln168_1" [test_comba_bits256.cpp:168->test_comba_bits256.cpp:242]   --->   Operation 73 'and' 'and_ln168' <Predicate = true> <Delay = 0.12> <CoreInst = "LogicGate">   --->   Core 74 'LogicGate' <Latency = 0> <II = 1> <Delay = 0.12> <FuncUnit> <Opcode : 'and' 'or' 'xor'> <InPorts = 2> <OutPorts = 1>
ST_8 : Operation 74 [1/1] (0.38ns)   --->   "%br_ln168 = br i1 %and_ln168, void %while.body.i.preheader, void %if.then.i" [test_comba_bits256.cpp:168->test_comba_bits256.cpp:242]   --->   Operation 74 'br' 'br_ln168' <Predicate = true> <Delay = 0.38>
ST_8 : Operation 75 [1/1] (0.00ns)   --->   "%zext_ln170 = zext i32 %pack_wi_1_loc_load" [test_comba_bits256.cpp:170->test_comba_bits256.cpp:242]   --->   Operation 75 'zext' 'zext_ln170' <Predicate = (and_ln168)> <Delay = 0.00>
ST_8 : Operation 76 [1/1] (0.00ns)   --->   "%c_addr = getelementptr i64 %c, i64 0, i64 %zext_ln170" [test_comba_bits256.cpp:170->test_comba_bits256.cpp:242]   --->   Operation 76 'getelementptr' 'c_addr' <Predicate = (and_ln168)> <Delay = 0.00>
ST_8 : Operation 77 [1/1] ( I:0.71ns O:0.71ns )   --->   "%store_ln170 = store i64 %pack_cur_1_loc_load, i4 %c_addr" [test_comba_bits256.cpp:170->test_comba_bits256.cpp:242]   --->   Operation 77 'store' 'store_ln170' <Predicate = (and_ln168)> <Delay = 0.71> <CoreInst = "RAM">   --->   Core 82 'RAM' <Latency = 1> <II = 1> <Delay = 0.71> <Storage> <Opcode : 'load' 'store'> <Ports = 2> <Width = 64> <Depth = 16> <RAM>
ST_8 : Operation 78 [1/1] (0.88ns)   --->   "%pack_wi_5 = add i32 %pack_wi_1_loc_load, i32 1" [test_comba_bits256.cpp:171->test_comba_bits256.cpp:242]   --->   Operation 78 'add' 'pack_wi_5' <Predicate = (and_ln168)> <Delay = 0.88> <CoreInst = "Adder">   --->   Core 1 'Adder' <Latency = 0> <II = 1> <Delay = 0.88> <FuncUnit> <Opcode : 'add' 'sub'> <InPorts = 2> <OutPorts = 1>
ST_8 : Operation 79 [1/1] (0.38ns)   --->   "%br_ln174 = br void %while.body.i.preheader" [test_comba_bits256.cpp:174->test_comba_bits256.cpp:242]   --->   Operation 79 'br' 'br_ln174' <Predicate = (and_ln168)> <Delay = 0.38>

State 9 <SV = 5> <Delay = 1.95>
ST_9 : Operation 80 [1/1] (0.00ns)   --->   "%pack_wi_7_ph = phi i32 %pack_wi_1_loc_load, void %while.cond.i8.preheader, i32 %pack_wi_5, void %if.then.i"   --->   Operation 80 'phi' 'pack_wi_7_ph' <Predicate = true> <Delay = 0.00>
ST_9 : Operation 81 [2/2] (1.95ns)   --->   "%call_ln171 = call void @mul_Pipeline_VITIS_LOOP_175_1, i32 %pack_wi_7_ph, i64 %c" [test_comba_bits256.cpp:171->test_comba_bits256.cpp:242]   --->   Operation 81 'call' 'call_ln171' <Predicate = true> <Delay = 1.95> <CoreType = "Generic">   --->   Generic Core

State 10 <SV = 6> <Delay = 1.63>
ST_10 : Operation 82 [1/2] (1.63ns)   --->   "%call_ln171 = call void @mul_Pipeline_VITIS_LOOP_175_1, i32 %pack_wi_7_ph, i64 %c" [test_comba_bits256.cpp:171->test_comba_bits256.cpp:242]   --->   Operation 82 'call' 'call_ln171' <Predicate = true> <Delay = 1.63> <CoreType = "Generic">   --->   Generic Core
ST_10 : Operation 83 [1/1] (0.38ns)   --->   "%ret_ln243 = ret" [test_comba_bits256.cpp:243]   --->   Operation 83 'ret' 'ret_ln243' <Predicate = true> <Delay = 0.38>


============================================================
+ Verbose Summary: Binding
============================================================
STG Binding: 
---------------- STG Properties BEGIN ----------------
- Is combinational: 0
- Is one-state seq: 0
- Is datapath-only: 0
- Is pipelined: 0
- Is top level: 0
Port [ Return ] is wired: 1; IO mode=ap_ctrl_hs:ce=0
Port [ a]:  wired=1; compound=1; hidden=0; nouse=0; global=0; static=0; extern=0; dir=0; type=1; pingpong=0; private_global=0; MemPort=[11]; IO mode=bram:ce=0
Port [ b]:  wired=1; compound=1; hidden=0; nouse=0; global=0; static=0; extern=0; dir=0; type=1; pingpong=0; private_global=0; MemPort=[11]; IO mode=bram:ce=0
Port [ c]:  wired=1; compound=1; hidden=0; nouse=0; global=0; static=0; extern=0; dir=1; type=1; pingpong=0; private_global=0; MemPort=[03]; IO mode=bram:ce=0
---------------- STG Properties END ------------------

---------------- Datapath Model BEGIN ----------------

<LifeTime>
<method=bitvector/>
x                       (alloca           ) [ 01111110000]
pack_wi                 (alloca           ) [ 01111110000]
pack_used               (alloca           ) [ 01111110000]
pack_cur                (alloca           ) [ 01111110000]
sum                     (alloca           ) [ 01111110000]
t                       (alloca           ) [ 01111110000]
pack_cur_1_loc          (alloca           ) [ 00111111100]
pack_used_1_loc         (alloca           ) [ 00111111100]
pack_wi_1_loc           (alloca           ) [ 00111111100]
sum_1_loc               (alloca           ) [ 00111110000]
store_ln210             (store            ) [ 00000000000]
store_ln217             (store            ) [ 00000000000]
store_ln204             (store            ) [ 00000000000]
store_ln204             (store            ) [ 00000000000]
store_ln204             (store            ) [ 00000000000]
store_ln121             (store            ) [ 00000000000]
specinterface_ln0       (specinterface    ) [ 00000000000]
specinterface_ln0       (specinterface    ) [ 00000000000]
specinterface_ln0       (specinterface    ) [ 00000000000]
call_ln0                (call             ) [ 00000000000]
br_ln121                (br               ) [ 00000000000]
t_1                     (load             ) [ 00000000000]
icmp_ln210              (icmp             ) [ 00011110000]
t_2                     (add              ) [ 00000000000]
br_ln210                (br               ) [ 00000000000]
sum_load                (load             ) [ 00001000000]
trunc_ln210             (trunc            ) [ 00001000000]
tmp_5                   (partselect       ) [ 00000000000]
icmp_ln210_1            (icmp             ) [ 00000000000]
add_ln210               (add              ) [ 00000000000]
select_ln210            (select           ) [ 00001000000]
icmp_ln214              (icmp             ) [ 00000000000]
j_start                 (select           ) [ 00001000000]
xor_ln219               (xor              ) [ 00001000000]
store_ln210             (store            ) [ 00000000000]
x_load                  (load             ) [ 00000001000]
pack_wi_load            (load             ) [ 00000001000]
pack_used_load          (load             ) [ 00000001000]
pack_cur_load           (load             ) [ 00000001000]
call_ln210              (call             ) [ 00000000000]
sum_1_loc_load          (load             ) [ 00000000000]
out                     (trunc            ) [ 00000010000]
trunc_ln210_1           (partselect       ) [ 00000000000]
trunc_ln210_2           (partselect       ) [ 00000000000]
store_ln217             (store            ) [ 00000000000]
store_ln121             (store            ) [ 00000000000]
specpipeline_ln212      (specpipeline     ) [ 00000000000]
speclooptripcount_ln204 (speclooptripcount) [ 00000000000]
specloopname_ln210      (specloopname     ) [ 00000000000]
call_ln235              (call             ) [ 00000000000]
br_ln210                (br               ) [ 00000000000]
call_ln0                (call             ) [ 00000000000]
pack_wi_1_loc_load      (load             ) [ 00000000110]
pack_used_1_loc_load    (load             ) [ 00000000000]
pack_cur_1_loc_load     (load             ) [ 00000000000]
icmp_ln168              (icmp             ) [ 00000000000]
tmp                     (partselect       ) [ 00000000000]
icmp_ln168_1            (icmp             ) [ 00000000000]
and_ln168               (and              ) [ 00000000100]
br_ln168                (br               ) [ 00000000110]
zext_ln170              (zext             ) [ 00000000000]
c_addr                  (getelementptr    ) [ 00000000000]
store_ln170             (store            ) [ 00000000000]
pack_wi_5               (add              ) [ 00000000110]
br_ln174                (br               ) [ 00000000110]
pack_wi_7_ph            (phi              ) [ 00000000011]
call_ln171              (call             ) [ 00000000000]
ret_ln243               (ret              ) [ 00000000000]
</LifeTime>

<model>

<comp_list>
<comp id="0" class="1000" name="a">
<pin_list>
<pin id="1" dir="1" index="0" bw="1" slack="0"/>
</pin_list>
<bind>
<StgValue><ssdm name="a"/><MemPortTyVec>1 1 </MemPortTyVec>
</StgValue>
</bind>
</comp>

<comp id="2" class="1000" name="b">
<pin_list>
<pin id="3" dir="1" index="0" bw="1" slack="0"/>
</pin_list>
<bind>
<StgValue><ssdm name="b"/><MemPortTyVec>1 1 </MemPortTyVec>
</StgValue>
</bind>
</comp>

<comp id="4" class="1000" name="c">
<pin_list>
<pin id="5" dir="1" index="0" bw="1" slack="0"/>
</pin_list>
<bind>
<StgValue><ssdm name="c"/><MemPortTyVec>0 3 </MemPortTyVec>
</StgValue>
</bind>
</comp>

<comp id="6" class="1001" name="const_6">
<pin_list>
<pin id="7" dir="1" index="0" bw="1" slack="0"/>
</pin_list>
<bind>
<StgValue><ssdm name=""/></StgValue>
</bind>
</comp>

<comp id="8" class="1001" name="const_8">
<pin_list>
<pin id="9" dir="1" index="0" bw="1" slack="0"/>
</pin_list>
<bind>
<StgValue><ssdm name=""/></StgValue>
</bind>
</comp>

<comp id="10" class="1001" name="const_10">
<pin_list>
<pin id="11" dir="1" index="0" bw="1" slack="0"/>
</pin_list>
<bind>
<StgValue><ssdm name="mul_Pipeline_VITIS_LOOP_188_1"/></StgValue>
</bind>
</comp>

<comp id="12" class="1001" name="const_12">
<pin_list>
<pin id="13" dir="1" index="0" bw="1" slack="0"/>
</pin_list>
<bind>
<StgValue><ssdm name=""/></StgValue>
</bind>
</comp>

<comp id="14" class="1001" name="const_14">
<pin_list>
<pin id="15" dir="1" index="0" bw="1" slack="0"/>
</pin_list>
<bind>
<StgValue><ssdm name=""/></StgValue>
</bind>
</comp>

<comp id="16" class="1001" name="const_16">
<pin_list>
<pin id="17" dir="1" index="0" bw="1" slack="0"/>
</pin_list>
<bind>
<StgValue><ssdm name=""/></StgValue>
</bind>
</comp>

<comp id="18" class="1001" name="const_18">
<pin_list>
<pin id="19" dir="1" index="0" bw="1" slack="0"/>
</pin_list>
<bind>
<StgValue><ssdm name=""/></StgValue>
</bind>
</comp>

<comp id="20" class="1001" name="const_20">
<pin_list>
<pin id="21" dir="1" index="0" bw="1" slack="0"/>
</pin_list>
<bind>
<StgValue><ssdm name=""/></StgValue>
</bind>
</comp>

<comp id="22" class="1001" name="const_22">
<pin_list>
<pin id="23" dir="1" index="0" bw="1" slack="2147483647"/>
</pin_list>
<bind>
<StgValue><ssdm name="_ssdm_op_SpecInterface"/></StgValue>
</bind>
</comp>

<comp id="24" class="1001" name="const_24">
<pin_list>
<pin id="25" dir="1" index="0" bw="1" slack="2147483647"/>
</pin_list>
<bind>
<StgValue><ssdm name="empty"/></StgValue>
</bind>
</comp>

<comp id="26" class="1001" name="const_26">
<pin_list>
<pin id="27" dir="1" index="0" bw="1" slack="2147483647"/>
</pin_list>
<bind>
<StgValue><ssdm name="empty_0"/></StgValue>
</bind>
</comp>

<comp id="28" class="1001" name="const_28">
<pin_list>
<pin id="29" dir="1" index="0" bw="1" slack="2147483647"/>
</pin_list>
<bind>
<StgValue><ssdm name=""/></StgValue>
</bind>
</comp>

<comp id="30" class="1001" name="const_30">
<pin_list>
<pin id="31" dir="1" index="0" bw="1" slack="0"/>
</pin_list>
<bind>
<StgValue><ssdm name=""/></StgValue>
</bind>
</comp>

<comp id="32" class="1001" name="const_32">
<pin_list>
<pin id="33" dir="1" index="0" bw="1" slack="0"/>
</pin_list>
<bind>
<StgValue><ssdm name=""/></StgValue>
</bind>
</comp>

<comp id="34" class="1001" name="const_34">
<pin_list>
<pin id="35" dir="1" index="0" bw="1" slack="0"/>
</pin_list>
<bind>
<StgValue><ssdm name="_ssdm_op_PartSelect.i2.i3.i32.i32"/></StgValue>
</bind>
</comp>

<comp id="36" class="1001" name="const_36">
<pin_list>
<pin id="37" dir="1" index="0" bw="1" slack="0"/>
</pin_list>
<bind>
<StgValue><ssdm name=""/></StgValue>
</bind>
</comp>

<comp id="38" class="1001" name="const_38">
<pin_list>
<pin id="39" dir="1" index="0" bw="1" slack="0"/>
</pin_list>
<bind>
<StgValue><ssdm name=""/></StgValue>
</bind>
</comp>

<comp id="40" class="1001" name="const_40">
<pin_list>
<pin id="41" dir="1" index="0" bw="1" slack="0"/>
</pin_list>
<bind>
<StgValue><ssdm name=""/></StgValue>
</bind>
</comp>

<comp id="42" class="1001" name="const_42">
<pin_list>
<pin id="43" dir="1" index="0" bw="1" slack="0"/>
</pin_list>
<bind>
<StgValue><ssdm name=""/></StgValue>
</bind>
</comp>

<comp id="44" class="1001" name="const_44">
<pin_list>
<pin id="45" dir="1" index="0" bw="1" slack="0"/>
</pin_list>
<bind>
<StgValue><ssdm name="mul_Pipeline_VITIS_LOOP_219_3"/></StgValue>
</bind>
</comp>

<comp id="46" class="1001" name="const_46">
<pin_list>
<pin id="47" dir="1" index="0" bw="1" slack="0"/>
</pin_list>
<bind>
<StgValue><ssdm name="mul_Pipeline_VITIS_LOOP_126_11"/></StgValue>
</bind>
</comp>

<comp id="48" class="1001" name="const_48">
<pin_list>
<pin id="49" dir="1" index="0" bw="1" slack="0"/>
</pin_list>
<bind>
<StgValue><ssdm name="mul_Pipeline_VITIS_LOOP_126_1"/></StgValue>
</bind>
</comp>

<comp id="50" class="1001" name="const_50">
<pin_list>
<pin id="51" dir="1" index="0" bw="1" slack="0"/>
</pin_list>
<bind>
<StgValue><ssdm name="_ssdm_op_PartSelect.i259.i515.i32.i32"/></StgValue>
</bind>
</comp>

<comp id="52" class="1001" name="const_52">
<pin_list>
<pin id="53" dir="1" index="0" bw="1" slack="0"/>
</pin_list>
<bind>
<StgValue><ssdm name=""/></StgValue>
</bind>
</comp>

<comp id="54" class="1001" name="const_54">
<pin_list>
<pin id="55" dir="1" index="0" bw="1" slack="0"/>
</pin_list>
<bind>
<StgValue><ssdm name=""/></StgValue>
</bind>
</comp>

<comp id="56" class="1001" name="const_56">
<pin_list>
<pin id="57" dir="1" index="0" bw="1" slack="0"/>
</pin_list>
<bind>
<StgValue><ssdm name="_ssdm_op_PartSelect.i256.i515.i32.i32"/></StgValue>
</bind>
</comp>

<comp id="58" class="1001" name="const_58">
<pin_list>
<pin id="59" dir="1" index="0" bw="1" slack="0"/>
</pin_list>
<bind>
<StgValue><ssdm name=""/></StgValue>
</bind>
</comp>

<comp id="60" class="1001" name="const_60">
<pin_list>
<pin id="61" dir="1" index="0" bw="1" slack="2147483647"/>
</pin_list>
<bind>
<StgValue><ssdm name="_ssdm_op_SpecPipeline"/></StgValue>
</bind>
</comp>

<comp id="62" class="1001" name="const_62">
<pin_list>
<pin id="63" dir="1" index="0" bw="1" slack="2147483647"/>
</pin_list>
<bind>
<StgValue><ssdm name="_ssdm_op_SpecLoopTripCount"/></StgValue>
</bind>
</comp>

<comp id="64" class="1001" name="const_64">
<pin_list>
<pin id="65" dir="1" index="0" bw="1" slack="2147483647"/>
</pin_list>
<bind>
<StgValue><ssdm name=""/></StgValue>
</bind>
</comp>

<comp id="66" class="1001" name="const_66">
<pin_list>
<pin id="67" dir="1" index="0" bw="1" slack="2147483647"/>
</pin_list>
<bind>
<StgValue><ssdm name="_ssdm_op_SpecLoopName"/></StgValue>
</bind>
</comp>

<comp id="68" class="1001" name="const_68">
<pin_list>
<pin id="69" dir="1" index="0" bw="1" slack="2147483647"/>
</pin_list>
<bind>
<StgValue><ssdm name="empty_7"/></StgValue>
</bind>
</comp>

<comp id="70" class="1001" name="const_70">
<pin_list>
<pin id="71" dir="1" index="0" bw="1" slack="0"/>
</pin_list>
<bind>
<StgValue><ssdm name="_ssdm_op_PartSelect.i28.i32.i32.i32"/></StgValue>
</bind>
</comp>

<comp id="72" class="1001" name="const_72">
<pin_list>
<pin id="73" dir="1" index="0" bw="1" slack="0"/>
</pin_list>
<bind>
<StgValue><ssdm name=""/></StgValue>
</bind>
</comp>

<comp id="74" class="1001" name="const_74">
<pin_list>
<pin id="75" dir="1" index="0" bw="1" slack="0"/>
</pin_list>
<bind>
<StgValue><ssdm name=""/></StgValue>
</bind>
</comp>

<comp id="76" class="1001" name="const_76">
<pin_list>
<pin id="77" dir="1" index="0" bw="1" slack="0"/>
</pin_list>
<bind>
<StgValue><ssdm name=""/></StgValue>
</bind>
</comp>

<comp id="78" class="1001" name="const_78">
<pin_list>
<pin id="79" dir="1" index="0" bw="1" slack="0"/>
</pin_list>
<bind>
<StgValue><ssdm name="mul_Pipeline_VITIS_LOOP_175_1"/></StgValue>
</bind>
</comp>

<comp id="80" class="1004" name="x_fu_80">
<pin_list>
<pin id="81" dir="0" index="0" bw="1" slack="0"/>
<pin id="82" dir="1" index="1" bw="256" slack="0"/>
</pin_list>
<bind>
<opcode="alloca(26) " fcode="alloca"/>
<opset="x/1 "/>
</bind>
</comp>

<comp id="84" class="1004" name="pack_wi_fu_84">
<pin_list>
<pin id="85" dir="0" index="0" bw="1" slack="0"/>
<pin id="86" dir="1" index="1" bw="32" slack="0"/>
</pin_list>
<bind>
<opcode="alloca(26) " fcode="alloca"/>
<opset="pack_wi/1 "/>
</bind>
</comp>

<comp id="88" class="1004" name="pack_used_fu_88">
<pin_list>
<pin id="89" dir="0" index="0" bw="1" slack="0"/>
<pin id="90" dir="1" index="1" bw="32" slack="0"/>
</pin_list>
<bind>
<opcode="alloca(26) " fcode="alloca"/>
<opset="pack_used/1 "/>
</bind>
</comp>

<comp id="92" class="1004" name="pack_cur_fu_92">
<pin_list>
<pin id="93" dir="0" index="0" bw="1" slack="0"/>
<pin id="94" dir="1" index="1" bw="64" slack="0"/>
</pin_list>
<bind>
<opcode="alloca(26) " fcode="alloca"/>
<opset="pack_cur/1 "/>
</bind>
</comp>

<comp id="96" class="1004" name="sum_fu_96">
<pin_list>
<pin id="97" dir="0" index="0" bw="1" slack="0"/>
<pin id="98" dir="1" index="1" bw="259" slack="0"/>
</pin_list>
<bind>
<opcode="alloca(26) " fcode="alloca"/>
<opset="sum/1 "/>
</bind>
</comp>

<comp id="100" class="1004" name="t_fu_100">
<pin_list>
<pin id="101" dir="0" index="0" bw="1" slack="0"/>
<pin id="102" dir="1" index="1" bw="3" slack="0"/>
</pin_list>
<bind>
<opcode="alloca(26) " fcode="alloca"/>
<opset="t/1 "/>
</bind>
</comp>

<comp id="104" class="1004" name="pack_cur_1_loc_fu_104">
<pin_list>
<pin id="105" dir="0" index="0" bw="1" slack="0"/>
<pin id="106" dir="1" index="1" bw="64" slack="2"/>
</pin_list>
<bind>
<opcode="alloca(26) " fcode="alloca"/>
<opset="pack_cur_1_loc/1 "/>
</bind>
</comp>

<comp id="108" class="1004" name="pack_used_1_loc_fu_108">
<pin_list>
<pin id="109" dir="0" index="0" bw="1" slack="0"/>
<pin id="110" dir="1" index="1" bw="32" slack="2"/>
</pin_list>
<bind>
<opcode="alloca(26) " fcode="alloca"/>
<opset="pack_used_1_loc/1 "/>
</bind>
</comp>

<comp id="112" class="1004" name="pack_wi_1_loc_fu_112">
<pin_list>
<pin id="113" dir="0" index="0" bw="1" slack="0"/>
<pin id="114" dir="1" index="1" bw="32" slack="2"/>
</pin_list>
<bind>
<opcode="alloca(26) " fcode="alloca"/>
<opset="pack_wi_1_loc/1 "/>
</bind>
</comp>

<comp id="116" class="1004" name="sum_1_loc_fu_116">
<pin_list>
<pin id="117" dir="0" index="0" bw="1" slack="0"/>
<pin id="118" dir="1" index="1" bw="515" slack="2"/>
</pin_list>
<bind>
<opcode="alloca(26) " fcode="alloca"/>
<opset="sum_1_loc/1 "/>
</bind>
</comp>

<comp id="120" class="1004" name="c_addr_gep_fu_120">
<pin_list>
<pin id="121" dir="0" index="0" bw="64" slack="0"/>
<pin id="122" dir="0" index="1" bw="1" slack="0"/>
<pin id="123" dir="0" index="2" bw="32" slack="0"/>
<pin id="124" dir="1" index="3" bw="4" slack="0"/>
</pin_list>
<bind>
<opcode="getelementptr(29) " fcode="getelementptr"/>
<opset="c_addr/8 "/>
</bind>
</comp>

<comp id="127" class="1004" name="store_ln170_access_fu_127">
<pin_list>
<pin id="128" dir="0" index="0" bw="4" slack="0"/>
<pin id="129" dir="0" index="1" bw="64" slack="0"/>
<pin id="130" dir="0" index="2" bw="0" slack="2147483647"/>
<pin id="131" dir="1" index="3" bw="64" slack="2147483647"/>
</pin_list>
<bind>
<opcode="store(28) " fcode="store"/>
<opset="store_ln170/8 "/>
</bind>
</comp>

<comp id="133" class="1005" name="pack_wi_7_ph_reg_133">
<pin_list>
<pin id="134" dir="0" index="0" bw="32" slack="1"/>
<pin id="135" dir="1" index="1" bw="32" slack="2147483647"/>
</pin_list>
<bind>
<opset="pack_wi_7_ph (phireg) "/>
</bind>
</comp>

<comp id="136" class="1004" name="pack_wi_7_ph_phi_fu_136">
<pin_list>
<pin id="137" dir="0" index="0" bw="32" slack="2147483647"/>
<pin id="138" dir="0" index="1" bw="0" slack="2147483647"/>
<pin id="139" dir="0" index="2" bw="32" slack="1"/>
<pin id="140" dir="0" index="3" bw="0" slack="2147483647"/>
<pin id="141" dir="1" index="4" bw="32" slack="0"/>
</pin_list>
<bind>
<opcode="phi(47) " fcode="phi"/>
<opset="pack_wi_7_ph/9 "/>
</bind>
</comp>

<comp id="143" class="1004" name="grp_mul_Pipeline_VITIS_LOOP_188_1_fu_143">
<pin_list>
<pin id="144" dir="0" index="0" bw="0" slack="0"/>
<pin id="145" dir="0" index="1" bw="64" slack="0"/>
<pin id="146" dir="1" index="2" bw="0" slack="2147483647"/>
</pin_list>
<bind>
<opcode="call(48) " fcode="call"/>
<opset="call_ln0/1 "/>
</bind>
</comp>

<comp id="149" class="1004" name="grp_mul_Pipeline_VITIS_LOOP_219_3_fu_149">
<pin_list>
<pin id="150" dir="0" index="0" bw="0" slack="0"/>
<pin id="151" dir="0" index="1" bw="2" slack="0"/>
<pin id="152" dir="0" index="2" bw="2" slack="0"/>
<pin id="153" dir="0" index="3" bw="259" slack="0"/>
<pin id="154" dir="0" index="4" bw="1" slack="0"/>
<pin id="155" dir="0" index="5" bw="2" slack="0"/>
<pin id="156" dir="0" index="6" bw="64" slack="0"/>
<pin id="157" dir="0" index="7" bw="64" slack="0"/>
<pin id="158" dir="0" index="8" bw="515" slack="2"/>
<pin id="159" dir="1" index="9" bw="0" slack="2147483647"/>
</pin_list>
<bind>
<opcode="call(48) " fcode="call"/>
<opset="call_ln210/3 "/>
</bind>
</comp>

<comp id="163" class="1004" name="grp_mul_Pipeline_VITIS_LOOP_126_11_fu_163">
<pin_list>
<pin id="164" dir="0" index="0" bw="0" slack="0"/>
<pin id="165" dir="0" index="1" bw="32" slack="0"/>
<pin id="166" dir="0" index="2" bw="32" slack="0"/>
<pin id="167" dir="0" index="3" bw="64" slack="0"/>
<pin id="168" dir="0" index="4" bw="256" slack="0"/>
<pin id="169" dir="0" index="5" bw="64" slack="0"/>
<pin id="170" dir="0" index="6" bw="32" slack="2"/>
<pin id="171" dir="0" index="7" bw="32" slack="2"/>
<pin id="172" dir="0" index="8" bw="64" slack="2"/>
<pin id="173" dir="1" index="9" bw="0" slack="2147483647"/>
</pin_list>
<bind>
<opcode="call(48) " fcode="call"/>
<opset="call_ln0/3 "/>
</bind>
</comp>

<comp id="176" class="1004" name="grp_mul_Pipeline_VITIS_LOOP_126_1_fu_176">
<pin_list>
<pin id="177" dir="0" index="0" bw="0" slack="0"/>
<pin id="178" dir="0" index="1" bw="256" slack="0"/>
<pin id="179" dir="0" index="2" bw="64" slack="0"/>
<pin id="180" dir="0" index="3" bw="32" slack="4"/>
<pin id="181" dir="0" index="4" bw="32" slack="4"/>
<pin id="182" dir="0" index="5" bw="64" slack="4"/>
<pin id="183" dir="1" index="6" bw="0" slack="2147483647"/>
</pin_list>
<bind>
<opcode="call(48) " fcode="call"/>
<opset="call_ln235/5 "/>
</bind>
</comp>

<comp id="186" class="1004" name="grp_mul_Pipeline_VITIS_LOOP_175_1_fu_186">
<pin_list>
<pin id="187" dir="0" index="0" bw="0" slack="0"/>
<pin id="188" dir="0" index="1" bw="32" slack="0"/>
<pin id="189" dir="0" index="2" bw="64" slack="0"/>
<pin id="190" dir="1" index="3" bw="0" slack="2147483647"/>
</pin_list>
<bind>
<opcode="call(48) " fcode="call"/>
<opset="call_ln171/9 "/>
</bind>
</comp>

<comp id="194" class="1004" name="store_ln210_store_fu_194">
<pin_list>
<pin id="195" dir="0" index="0" bw="1" slack="0"/>
<pin id="196" dir="0" index="1" bw="3" slack="0"/>
<pin id="197" dir="1" index="2" bw="0" slack="2147483647"/>
</pin_list>
<bind>
<opcode="store(28) " fcode="store"/>
<opset="store_ln210/1 "/>
</bind>
</comp>

<comp id="199" class="1004" name="store_ln217_store_fu_199">
<pin_list>
<pin id="200" dir="0" index="0" bw="1" slack="0"/>
<pin id="201" dir="0" index="1" bw="259" slack="0"/>
<pin id="202" dir="1" index="2" bw="0" slack="2147483647"/>
</pin_list>
<bind>
<opcode="store(28) " fcode="store"/>
<opset="store_ln217/1 "/>
</bind>
</comp>

<comp id="204" class="1004" name="store_ln204_store_fu_204">
<pin_list>
<pin id="205" dir="0" index="0" bw="1" slack="0"/>
<pin id="206" dir="0" index="1" bw="64" slack="0"/>
<pin id="207" dir="1" index="2" bw="0" slack="2147483647"/>
</pin_list>
<bind>
<opcode="store(28) " fcode="store"/>
<opset="store_ln204/1 "/>
</bind>
</comp>

<comp id="209" class="1004" name="store_ln204_store_fu_209">
<pin_list>
<pin id="210" dir="0" index="0" bw="1" slack="0"/>
<pin id="211" dir="0" index="1" bw="32" slack="0"/>
<pin id="212" dir="1" index="2" bw="0" slack="2147483647"/>
</pin_list>
<bind>
<opcode="store(28) " fcode="store"/>
<opset="store_ln204/1 "/>
</bind>
</comp>

<comp id="214" class="1004" name="store_ln204_store_fu_214">
<pin_list>
<pin id="215" dir="0" index="0" bw="1" slack="0"/>
<pin id="216" dir="0" index="1" bw="32" slack="0"/>
<pin id="217" dir="1" index="2" bw="0" slack="2147483647"/>
</pin_list>
<bind>
<opcode="store(28) " fcode="store"/>
<opset="store_ln204/1 "/>
</bind>
</comp>

<comp id="219" class="1004" name="store_ln121_store_fu_219">
<pin_list>
<pin id="220" dir="0" index="0" bw="1" slack="0"/>
<pin id="221" dir="0" index="1" bw="256" slack="0"/>
<pin id="222" dir="1" index="2" bw="0" slack="2147483647"/>
</pin_list>
<bind>
<opcode="store(28) " fcode="store"/>
<opset="store_ln121/1 "/>
</bind>
</comp>

<comp id="224" class="1004" name="t_1_load_fu_224">
<pin_list>
<pin id="225" dir="0" index="0" bw="3" slack="2"/>
<pin id="226" dir="1" index="1" bw="3" slack="0"/>
</pin_list>
<bind>
<opcode="load(27) " fcode="load"/>
<opset="t_1/3 "/>
</bind>
</comp>

<comp id="227" class="1004" name="icmp_ln210_fu_227">
<pin_list>
<pin id="228" dir="0" index="0" bw="3" slack="0"/>
<pin id="229" dir="0" index="1" bw="3" slack="0"/>
<pin id="230" dir="1" index="2" bw="1" slack="2147483647"/>
</pin_list>
<bind>
<opcode="icmp(45) " fcode="icmp"/>
<opset="icmp_ln210/3 "/>
</bind>
</comp>

<comp id="233" class="1004" name="t_2_fu_233">
<pin_list>
<pin id="234" dir="0" index="0" bw="3" slack="0"/>
<pin id="235" dir="0" index="1" bw="1" slack="0"/>
<pin id="236" dir="1" index="2" bw="3" slack="0"/>
</pin_list>
<bind>
<opcode="add(8) " fcode="add"/>
<opset="t_2/3 "/>
</bind>
</comp>

<comp id="239" class="1004" name="sum_load_load_fu_239">
<pin_list>
<pin id="240" dir="0" index="0" bw="259" slack="2"/>
<pin id="241" dir="1" index="1" bw="259" slack="0"/>
</pin_list>
<bind>
<opcode="load(27) " fcode="load"/>
<opset="sum_load/3 "/>
</bind>
</comp>

<comp id="243" class="1004" name="trunc_ln210_fu_243">
<pin_list>
<pin id="244" dir="0" index="0" bw="3" slack="0"/>
<pin id="245" dir="1" index="1" bw="2" slack="0"/>
</pin_list>
<bind>
<opcode="trunc(33) " fcode="trunc"/>
<opset="trunc_ln210/3 "/>
</bind>
</comp>

<comp id="248" class="1004" name="tmp_5_fu_248">
<pin_list>
<pin id="249" dir="0" index="0" bw="2" slack="0"/>
<pin id="250" dir="0" index="1" bw="3" slack="0"/>
<pin id="251" dir="0" index="2" bw="1" slack="0"/>
<pin id="252" dir="0" index="3" bw="3" slack="0"/>
<pin id="253" dir="1" index="4" bw="2" slack="0"/>
</pin_list>
<bind>
<opcode="partselect(1002) " fcode="partselect"/>
<opset="tmp_5/3 "/>
</bind>
</comp>

<comp id="258" class="1004" name="icmp_ln210_1_fu_258">
<pin_list>
<pin id="259" dir="0" index="0" bw="2" slack="0"/>
<pin id="260" dir="0" index="1" bw="2" slack="0"/>
<pin id="261" dir="1" index="2" bw="1" slack="0"/>
</pin_list>
<bind>
<opcode="icmp(45) " fcode="icmp"/>
<opset="icmp_ln210_1/3 "/>
</bind>
</comp>

<comp id="264" class="1004" name="add_ln210_fu_264">
<pin_list>
<pin id="265" dir="0" index="0" bw="2" slack="0"/>
<pin id="266" dir="0" index="1" bw="1" slack="0"/>
<pin id="267" dir="1" index="2" bw="2" slack="0"/>
</pin_list>
<bind>
<opcode="add(8) " fcode="add"/>
<opset="add_ln210/3 "/>
</bind>
</comp>

<comp id="270" class="1004" name="select_ln210_fu_270">
<pin_list>
<pin id="271" dir="0" index="0" bw="1" slack="0"/>
<pin id="272" dir="0" index="1" bw="2" slack="0"/>
<pin id="273" dir="0" index="2" bw="2" slack="0"/>
<pin id="274" dir="1" index="3" bw="2" slack="0"/>
</pin_list>
<bind>
<opcode="select(49) " fcode="select"/>
<opset="select_ln210/3 "/>
</bind>
</comp>

<comp id="279" class="1004" name="icmp_ln214_fu_279">
<pin_list>
<pin id="280" dir="0" index="0" bw="3" slack="0"/>
<pin id="281" dir="0" index="1" bw="3" slack="0"/>
<pin id="282" dir="1" index="2" bw="1" slack="0"/>
</pin_list>
<bind>
<opcode="icmp(45) " fcode="icmp"/>
<opset="icmp_ln214/3 "/>
</bind>
</comp>

<comp id="285" class="1004" name="j_start_fu_285">
<pin_list>
<pin id="286" dir="0" index="0" bw="1" slack="0"/>
<pin id="287" dir="0" index="1" bw="2" slack="0"/>
<pin id="288" dir="0" index="2" bw="2" slack="0"/>
<pin id="289" dir="1" index="3" bw="2" slack="0"/>
</pin_list>
<bind>
<opcode="select(49) " fcode="select"/>
<opset="j_start/3 "/>
</bind>
</comp>

<comp id="294" class="1004" name="xor_ln219_fu_294">
<pin_list>
<pin id="295" dir="0" index="0" bw="1" slack="0"/>
<pin id="296" dir="0" index="1" bw="1" slack="0"/>
<pin id="297" dir="1" index="2" bw="1" slack="0"/>
</pin_list>
<bind>
<opcode="xor(25) " fcode="xor"/>
<opset="xor_ln219/3 "/>
</bind>
</comp>

<comp id="301" class="1004" name="store_ln210_store_fu_301">
<pin_list>
<pin id="302" dir="0" index="0" bw="3" slack="0"/>
<pin id="303" dir="0" index="1" bw="3" slack="2"/>
<pin id="304" dir="1" index="2" bw="0" slack="2147483647"/>
</pin_list>
<bind>
<opcode="store(28) " fcode="store"/>
<opset="store_ln210/3 "/>
</bind>
</comp>

<comp id="306" class="1004" name="x_load_load_fu_306">
<pin_list>
<pin id="307" dir="0" index="0" bw="256" slack="2"/>
<pin id="308" dir="1" index="1" bw="256" slack="0"/>
</pin_list>
<bind>
<opcode="load(27) " fcode="load"/>
<opset="x_load/3 "/>
</bind>
</comp>

<comp id="310" class="1004" name="pack_wi_load_load_fu_310">
<pin_list>
<pin id="311" dir="0" index="0" bw="32" slack="2"/>
<pin id="312" dir="1" index="1" bw="32" slack="0"/>
</pin_list>
<bind>
<opcode="load(27) " fcode="load"/>
<opset="pack_wi_load/3 "/>
</bind>
</comp>

<comp id="314" class="1004" name="pack_used_load_load_fu_314">
<pin_list>
<pin id="315" dir="0" index="0" bw="32" slack="2"/>
<pin id="316" dir="1" index="1" bw="32" slack="0"/>
</pin_list>
<bind>
<opcode="load(27) " fcode="load"/>
<opset="pack_used_load/3 "/>
</bind>
</comp>

<comp id="318" class="1004" name="pack_cur_load_load_fu_318">
<pin_list>
<pin id="319" dir="0" index="0" bw="64" slack="2"/>
<pin id="320" dir="1" index="1" bw="64" slack="0"/>
</pin_list>
<bind>
<opcode="load(27) " fcode="load"/>
<opset="pack_cur_load/3 "/>
</bind>
</comp>

<comp id="322" class="1004" name="sum_1_loc_load_load_fu_322">
<pin_list>
<pin id="323" dir="0" index="0" bw="515" slack="4"/>
<pin id="324" dir="1" index="1" bw="515" slack="0"/>
</pin_list>
<bind>
<opcode="load(27) " fcode="load"/>
<opset="sum_1_loc_load/5 "/>
</bind>
</comp>

<comp id="325" class="1004" name="out_fu_325">
<pin_list>
<pin id="326" dir="0" index="0" bw="515" slack="0"/>
<pin id="327" dir="1" index="1" bw="256" slack="0"/>
</pin_list>
<bind>
<opcode="trunc(33) " fcode="trunc"/>
<opset="out/5 "/>
</bind>
</comp>

<comp id="330" class="1004" name="trunc_ln210_1_fu_330">
<pin_list>
<pin id="331" dir="0" index="0" bw="259" slack="0"/>
<pin id="332" dir="0" index="1" bw="515" slack="0"/>
<pin id="333" dir="0" index="2" bw="10" slack="0"/>
<pin id="334" dir="0" index="3" bw="11" slack="0"/>
<pin id="335" dir="1" index="4" bw="259" slack="0"/>
</pin_list>
<bind>
<opcode="partselect(1002) " fcode="partselect"/>
<opset="trunc_ln210_1/5 "/>
</bind>
</comp>

<comp id="340" class="1004" name="trunc_ln210_2_fu_340">
<pin_list>
<pin id="341" dir="0" index="0" bw="256" slack="0"/>
<pin id="342" dir="0" index="1" bw="515" slack="0"/>
<pin id="343" dir="0" index="2" bw="10" slack="0"/>
<pin id="344" dir="0" index="3" bw="10" slack="0"/>
<pin id="345" dir="1" index="4" bw="256" slack="0"/>
</pin_list>
<bind>
<opcode="partselect(1002) " fcode="partselect"/>
<opset="trunc_ln210_2/5 "/>
</bind>
</comp>

<comp id="350" class="1004" name="store_ln217_store_fu_350">
<pin_list>
<pin id="351" dir="0" index="0" bw="259" slack="0"/>
<pin id="352" dir="0" index="1" bw="259" slack="4"/>
<pin id="353" dir="1" index="2" bw="0" slack="2147483647"/>
</pin_list>
<bind>
<opcode="store(28) " fcode="store"/>
<opset="store_ln217/5 "/>
</bind>
</comp>

<comp id="355" class="1004" name="store_ln121_store_fu_355">
<pin_list>
<pin id="356" dir="0" index="0" bw="256" slack="0"/>
<pin id="357" dir="0" index="1" bw="256" slack="4"/>
<pin id="358" dir="1" index="2" bw="0" slack="2147483647"/>
</pin_list>
<bind>
<opcode="store(28) " fcode="store"/>
<opset="store_ln121/5 "/>
</bind>
</comp>

<comp id="360" class="1004" name="pack_wi_1_loc_load_load_fu_360">
<pin_list>
<pin id="361" dir="0" index="0" bw="32" slack="4"/>
<pin id="362" dir="1" index="1" bw="32" slack="0"/>
</pin_list>
<bind>
<opcode="load(27) " fcode="load"/>
<opset="pack_wi_1_loc_load/8 "/>
</bind>
</comp>

<comp id="363" class="1004" name="pack_used_1_loc_load_load_fu_363">
<pin_list>
<pin id="364" dir="0" index="0" bw="32" slack="4"/>
<pin id="365" dir="1" index="1" bw="32" slack="0"/>
</pin_list>
<bind>
<opcode="load(27) " fcode="load"/>
<opset="pack_used_1_loc_load/8 "/>
</bind>
</comp>

<comp id="366" class="1004" name="pack_cur_1_loc_load_load_fu_366">
<pin_list>
<pin id="367" dir="0" index="0" bw="64" slack="4"/>
<pin id="368" dir="1" index="1" bw="64" slack="0"/>
</pin_list>
<bind>
<opcode="load(27) " fcode="load"/>
<opset="pack_cur_1_loc_load/8 "/>
</bind>
</comp>

<comp id="370" class="1004" name="icmp_ln168_fu_370">
<pin_list>
<pin id="371" dir="0" index="0" bw="32" slack="0"/>
<pin id="372" dir="0" index="1" bw="32" slack="0"/>
<pin id="373" dir="1" index="2" bw="1" slack="0"/>
</pin_list>
<bind>
<opcode="icmp(45) " fcode="icmp"/>
<opset="icmp_ln168/8 "/>
</bind>
</comp>

<comp id="376" class="1004" name="tmp_fu_376">
<pin_list>
<pin id="377" dir="0" index="0" bw="28" slack="0"/>
<pin id="378" dir="0" index="1" bw="32" slack="0"/>
<pin id="379" dir="0" index="2" bw="4" slack="0"/>
<pin id="380" dir="0" index="3" bw="6" slack="0"/>
<pin id="381" dir="1" index="4" bw="28" slack="0"/>
</pin_list>
<bind>
<opcode="partselect(1002) " fcode="partselect"/>
<opset="tmp/8 "/>
</bind>
</comp>

<comp id="386" class="1004" name="icmp_ln168_1_fu_386">
<pin_list>
<pin id="387" dir="0" index="0" bw="28" slack="0"/>
<pin id="388" dir="0" index="1" bw="28" slack="0"/>
<pin id="389" dir="1" index="2" bw="1" slack="0"/>
</pin_list>
<bind>
<opcode="icmp(45) " fcode="icmp"/>
<opset="icmp_ln168_1/8 "/>
</bind>
</comp>

<comp id="392" class="1004" name="and_ln168_fu_392">
<pin_list>
<pin id="393" dir="0" index="0" bw="1" slack="0"/>
<pin id="394" dir="0" index="1" bw="1" slack="0"/>
<pin id="395" dir="1" index="2" bw="1" slack="2147483647"/>
</pin_list>
<bind>
<opcode="and(23) " fcode="and"/>
<opset="and_ln168/8 "/>
</bind>
</comp>

<comp id="398" class="1004" name="zext_ln170_fu_398">
<pin_list>
<pin id="399" dir="0" index="0" bw="32" slack="0"/>
<pin id="400" dir="1" index="1" bw="64" slack="0"/>
</pin_list>
<bind>
<opcode="zext(34) " fcode="zext"/>
<opset="zext_ln170/8 "/>
</bind>
</comp>

<comp id="403" class="1004" name="pack_wi_5_fu_403">
<pin_list>
<pin id="404" dir="0" index="0" bw="32" slack="0"/>
<pin id="405" dir="0" index="1" bw="1" slack="0"/>
<pin id="406" dir="1" index="2" bw="32" slack="1"/>
</pin_list>
<bind>
<opcode="add(8) " fcode="add"/>
<opset="pack_wi_5/8 "/>
</bind>
</comp>

<comp id="409" class="1005" name="x_reg_409">
<pin_list>
<pin id="410" dir="0" index="0" bw="256" slack="0"/>
<pin id="411" dir="1" index="1" bw="256" slack="0"/>
</pin_list>
<bind>
<opset="x "/>
</bind>
</comp>

<comp id="416" class="1005" name="pack_wi_reg_416">
<pin_list>
<pin id="417" dir="0" index="0" bw="32" slack="0"/>
<pin id="418" dir="1" index="1" bw="32" slack="0"/>
</pin_list>
<bind>
<opset="pack_wi "/>
</bind>
</comp>

<comp id="423" class="1005" name="pack_used_reg_423">
<pin_list>
<pin id="424" dir="0" index="0" bw="32" slack="0"/>
<pin id="425" dir="1" index="1" bw="32" slack="0"/>
</pin_list>
<bind>
<opset="pack_used "/>
</bind>
</comp>

<comp id="430" class="1005" name="pack_cur_reg_430">
<pin_list>
<pin id="431" dir="0" index="0" bw="64" slack="0"/>
<pin id="432" dir="1" index="1" bw="64" slack="0"/>
</pin_list>
<bind>
<opset="pack_cur "/>
</bind>
</comp>

<comp id="437" class="1005" name="sum_reg_437">
<pin_list>
<pin id="438" dir="0" index="0" bw="259" slack="0"/>
<pin id="439" dir="1" index="1" bw="259" slack="0"/>
</pin_list>
<bind>
<opset="sum "/>
</bind>
</comp>

<comp id="444" class="1005" name="t_reg_444">
<pin_list>
<pin id="445" dir="0" index="0" bw="3" slack="0"/>
<pin id="446" dir="1" index="1" bw="3" slack="0"/>
</pin_list>
<bind>
<opset="t "/>
</bind>
</comp>

<comp id="451" class="1005" name="pack_cur_1_loc_reg_451">
<pin_list>
<pin id="452" dir="0" index="0" bw="64" slack="2"/>
<pin id="453" dir="1" index="1" bw="64" slack="2"/>
</pin_list>
<bind>
<opset="pack_cur_1_loc "/>
</bind>
</comp>

<comp id="457" class="1005" name="pack_used_1_loc_reg_457">
<pin_list>
<pin id="458" dir="0" index="0" bw="32" slack="2"/>
<pin id="459" dir="1" index="1" bw="32" slack="2"/>
</pin_list>
<bind>
<opset="pack_used_1_loc "/>
</bind>
</comp>

<comp id="463" class="1005" name="pack_wi_1_loc_reg_463">
<pin_list>
<pin id="464" dir="0" index="0" bw="32" slack="2"/>
<pin id="465" dir="1" index="1" bw="32" slack="2"/>
</pin_list>
<bind>
<opset="pack_wi_1_loc "/>
</bind>
</comp>

<comp id="469" class="1005" name="sum_1_loc_reg_469">
<pin_list>
<pin id="470" dir="0" index="0" bw="515" slack="2"/>
<pin id="471" dir="1" index="1" bw="515" slack="2"/>
</pin_list>
<bind>
<opset="sum_1_loc "/>
</bind>
</comp>

<comp id="481" class="1005" name="trunc_ln210_reg_481">
<pin_list>
<pin id="482" dir="0" index="0" bw="2" slack="1"/>
<pin id="483" dir="1" index="1" bw="2" slack="1"/>
</pin_list>
<bind>
<opset="trunc_ln210 "/>
</bind>
</comp>

<comp id="486" class="1005" name="select_ln210_reg_486">
<pin_list>
<pin id="487" dir="0" index="0" bw="2" slack="1"/>
<pin id="488" dir="1" index="1" bw="2" slack="1"/>
</pin_list>
<bind>
<opset="select_ln210 "/>
</bind>
</comp>

<comp id="491" class="1005" name="j_start_reg_491">
<pin_list>
<pin id="492" dir="0" index="0" bw="2" slack="1"/>
<pin id="493" dir="1" index="1" bw="2" slack="1"/>
</pin_list>
<bind>
<opset="j_start "/>
</bind>
</comp>

<comp id="496" class="1005" name="xor_ln219_reg_496">
<pin_list>
<pin id="497" dir="0" index="0" bw="1" slack="1"/>
<pin id="498" dir="1" index="1" bw="1" slack="1"/>
</pin_list>
<bind>
<opset="xor_ln219 "/>
</bind>
</comp>

<comp id="501" class="1005" name="x_load_reg_501">
<pin_list>
<pin id="502" dir="0" index="0" bw="256" slack="1"/>
<pin id="503" dir="1" index="1" bw="256" slack="1"/>
</pin_list>
<bind>
<opset="x_load "/>
</bind>
</comp>

<comp id="506" class="1005" name="pack_wi_load_reg_506">
<pin_list>
<pin id="507" dir="0" index="0" bw="32" slack="1"/>
<pin id="508" dir="1" index="1" bw="32" slack="1"/>
</pin_list>
<bind>
<opset="pack_wi_load "/>
</bind>
</comp>

<comp id="511" class="1005" name="pack_used_load_reg_511">
<pin_list>
<pin id="512" dir="0" index="0" bw="32" slack="1"/>
<pin id="513" dir="1" index="1" bw="32" slack="1"/>
</pin_list>
<bind>
<opset="pack_used_load "/>
</bind>
</comp>

<comp id="516" class="1005" name="pack_cur_load_reg_516">
<pin_list>
<pin id="517" dir="0" index="0" bw="64" slack="1"/>
<pin id="518" dir="1" index="1" bw="64" slack="1"/>
</pin_list>
<bind>
<opset="pack_cur_load "/>
</bind>
</comp>

<comp id="521" class="1005" name="out_reg_521">
<pin_list>
<pin id="522" dir="0" index="0" bw="256" slack="1"/>
<pin id="523" dir="1" index="1" bw="256" slack="1"/>
</pin_list>
<bind>
<opset="out "/>
</bind>
</comp>

<comp id="532" class="1005" name="pack_wi_5_reg_532">
<pin_list>
<pin id="533" dir="0" index="0" bw="32" slack="1"/>
<pin id="534" dir="1" index="1" bw="32" slack="1"/>
</pin_list>
<bind>
<opset="pack_wi_5 "/>
</bind>
</comp>

</comp_list>

<net_list>
<net id="83"><net_src comp="6" pin="0"/><net_sink comp="80" pin=0"/></net>

<net id="87"><net_src comp="6" pin="0"/><net_sink comp="84" pin=0"/></net>

<net id="91"><net_src comp="6" pin="0"/><net_sink comp="88" pin=0"/></net>

<net id="95"><net_src comp="6" pin="0"/><net_sink comp="92" pin=0"/></net>

<net id="99"><net_src comp="6" pin="0"/><net_sink comp="96" pin=0"/></net>

<net id="103"><net_src comp="6" pin="0"/><net_sink comp="100" pin=0"/></net>

<net id="107"><net_src comp="8" pin="0"/><net_sink comp="104" pin=0"/></net>

<net id="111"><net_src comp="8" pin="0"/><net_sink comp="108" pin=0"/></net>

<net id="115"><net_src comp="8" pin="0"/><net_sink comp="112" pin=0"/></net>

<net id="119"><net_src comp="8" pin="0"/><net_sink comp="116" pin=0"/></net>

<net id="125"><net_src comp="4" pin="0"/><net_sink comp="120" pin=0"/></net>

<net id="126"><net_src comp="16" pin="0"/><net_sink comp="120" pin=1"/></net>

<net id="132"><net_src comp="120" pin="3"/><net_sink comp="127" pin=0"/></net>

<net id="142"><net_src comp="136" pin="4"/><net_sink comp="133" pin=0"/></net>

<net id="147"><net_src comp="10" pin="0"/><net_sink comp="143" pin=0"/></net>

<net id="148"><net_src comp="4" pin="0"/><net_sink comp="143" pin=1"/></net>

<net id="160"><net_src comp="44" pin="0"/><net_sink comp="149" pin=0"/></net>

<net id="161"><net_src comp="0" pin="0"/><net_sink comp="149" pin=6"/></net>

<net id="162"><net_src comp="2" pin="0"/><net_sink comp="149" pin=7"/></net>

<net id="174"><net_src comp="46" pin="0"/><net_sink comp="163" pin=0"/></net>

<net id="175"><net_src comp="4" pin="0"/><net_sink comp="163" pin=5"/></net>

<net id="184"><net_src comp="48" pin="0"/><net_sink comp="176" pin=0"/></net>

<net id="185"><net_src comp="4" pin="0"/><net_sink comp="176" pin=2"/></net>

<net id="191"><net_src comp="78" pin="0"/><net_sink comp="186" pin=0"/></net>

<net id="192"><net_src comp="136" pin="4"/><net_sink comp="186" pin=1"/></net>

<net id="193"><net_src comp="4" pin="0"/><net_sink comp="186" pin=2"/></net>

<net id="198"><net_src comp="12" pin="0"/><net_sink comp="194" pin=0"/></net>

<net id="203"><net_src comp="14" pin="0"/><net_sink comp="199" pin=0"/></net>

<net id="208"><net_src comp="16" pin="0"/><net_sink comp="204" pin=0"/></net>

<net id="213"><net_src comp="18" pin="0"/><net_sink comp="209" pin=0"/></net>

<net id="218"><net_src comp="18" pin="0"/><net_sink comp="214" pin=0"/></net>

<net id="223"><net_src comp="20" pin="0"/><net_sink comp="219" pin=0"/></net>

<net id="231"><net_src comp="224" pin="1"/><net_sink comp="227" pin=0"/></net>

<net id="232"><net_src comp="30" pin="0"/><net_sink comp="227" pin=1"/></net>

<net id="237"><net_src comp="224" pin="1"/><net_sink comp="233" pin=0"/></net>

<net id="238"><net_src comp="32" pin="0"/><net_sink comp="233" pin=1"/></net>

<net id="242"><net_src comp="239" pin="1"/><net_sink comp="149" pin=3"/></net>

<net id="246"><net_src comp="224" pin="1"/><net_sink comp="243" pin=0"/></net>

<net id="247"><net_src comp="243" pin="1"/><net_sink comp="149" pin=5"/></net>

<net id="254"><net_src comp="34" pin="0"/><net_sink comp="248" pin=0"/></net>

<net id="255"><net_src comp="224" pin="1"/><net_sink comp="248" pin=1"/></net>

<net id="256"><net_src comp="6" pin="0"/><net_sink comp="248" pin=2"/></net>

<net id="257"><net_src comp="36" pin="0"/><net_sink comp="248" pin=3"/></net>

<net id="262"><net_src comp="248" pin="4"/><net_sink comp="258" pin=0"/></net>

<net id="263"><net_src comp="38" pin="0"/><net_sink comp="258" pin=1"/></net>

<net id="268"><net_src comp="243" pin="1"/><net_sink comp="264" pin=0"/></net>

<net id="269"><net_src comp="40" pin="0"/><net_sink comp="264" pin=1"/></net>

<net id="275"><net_src comp="258" pin="2"/><net_sink comp="270" pin=0"/></net>

<net id="276"><net_src comp="264" pin="2"/><net_sink comp="270" pin=1"/></net>

<net id="277"><net_src comp="38" pin="0"/><net_sink comp="270" pin=2"/></net>

<net id="278"><net_src comp="270" pin="3"/><net_sink comp="149" pin=1"/></net>

<net id="283"><net_src comp="224" pin="1"/><net_sink comp="279" pin=0"/></net>

<net id="284"><net_src comp="12" pin="0"/><net_sink comp="279" pin=1"/></net>

<net id="290"><net_src comp="279" pin="2"/><net_sink comp="285" pin=0"/></net>

<net id="291"><net_src comp="38" pin="0"/><net_sink comp="285" pin=1"/></net>

<net id="292"><net_src comp="264" pin="2"/><net_sink comp="285" pin=2"/></net>

<net id="293"><net_src comp="285" pin="3"/><net_sink comp="149" pin=2"/></net>

<net id="298"><net_src comp="279" pin="2"/><net_sink comp="294" pin=0"/></net>

<net id="299"><net_src comp="42" pin="0"/><net_sink comp="294" pin=1"/></net>

<net id="300"><net_src comp="294" pin="2"/><net_sink comp="149" pin=4"/></net>

<net id="305"><net_src comp="233" pin="2"/><net_sink comp="301" pin=0"/></net>

<net id="309"><net_src comp="306" pin="1"/><net_sink comp="163" pin=4"/></net>

<net id="313"><net_src comp="310" pin="1"/><net_sink comp="163" pin=1"/></net>

<net id="317"><net_src comp="314" pin="1"/><net_sink comp="163" pin=2"/></net>

<net id="321"><net_src comp="318" pin="1"/><net_sink comp="163" pin=3"/></net>

<net id="328"><net_src comp="322" pin="1"/><net_sink comp="325" pin=0"/></net>

<net id="329"><net_src comp="325" pin="1"/><net_sink comp="176" pin=1"/></net>

<net id="336"><net_src comp="50" pin="0"/><net_sink comp="330" pin=0"/></net>

<net id="337"><net_src comp="322" pin="1"/><net_sink comp="330" pin=1"/></net>

<net id="338"><net_src comp="52" pin="0"/><net_sink comp="330" pin=2"/></net>

<net id="339"><net_src comp="54" pin="0"/><net_sink comp="330" pin=3"/></net>

<net id="346"><net_src comp="56" pin="0"/><net_sink comp="340" pin=0"/></net>

<net id="347"><net_src comp="322" pin="1"/><net_sink comp="340" pin=1"/></net>

<net id="348"><net_src comp="52" pin="0"/><net_sink comp="340" pin=2"/></net>

<net id="349"><net_src comp="58" pin="0"/><net_sink comp="340" pin=3"/></net>

<net id="354"><net_src comp="330" pin="4"/><net_sink comp="350" pin=0"/></net>

<net id="359"><net_src comp="340" pin="4"/><net_sink comp="355" pin=0"/></net>

<net id="369"><net_src comp="366" pin="1"/><net_sink comp="127" pin=1"/></net>

<net id="374"><net_src comp="363" pin="1"/><net_sink comp="370" pin=0"/></net>

<net id="375"><net_src comp="18" pin="0"/><net_sink comp="370" pin=1"/></net>

<net id="382"><net_src comp="70" pin="0"/><net_sink comp="376" pin=0"/></net>

<net id="383"><net_src comp="360" pin="1"/><net_sink comp="376" pin=1"/></net>

<net id="384"><net_src comp="72" pin="0"/><net_sink comp="376" pin=2"/></net>

<net id="385"><net_src comp="74" pin="0"/><net_sink comp="376" pin=3"/></net>

<net id="390"><net_src comp="376" pin="4"/><net_sink comp="386" pin=0"/></net>

<net id="391"><net_src comp="76" pin="0"/><net_sink comp="386" pin=1"/></net>

<net id="396"><net_src comp="370" pin="2"/><net_sink comp="392" pin=0"/></net>

<net id="397"><net_src comp="386" pin="2"/><net_sink comp="392" pin=1"/></net>

<net id="401"><net_src comp="360" pin="1"/><net_sink comp="398" pin=0"/></net>

<net id="402"><net_src comp="398" pin="1"/><net_sink comp="120" pin=2"/></net>

<net id="407"><net_src comp="360" pin="1"/><net_sink comp="403" pin=0"/></net>

<net id="408"><net_src comp="6" pin="0"/><net_sink comp="403" pin=1"/></net>

<net id="412"><net_src comp="80" pin="1"/><net_sink comp="409" pin=0"/></net>

<net id="413"><net_src comp="409" pin="1"/><net_sink comp="219" pin=1"/></net>

<net id="414"><net_src comp="409" pin="1"/><net_sink comp="306" pin=0"/></net>

<net id="415"><net_src comp="409" pin="1"/><net_sink comp="355" pin=1"/></net>

<net id="419"><net_src comp="84" pin="1"/><net_sink comp="416" pin=0"/></net>

<net id="420"><net_src comp="416" pin="1"/><net_sink comp="214" pin=1"/></net>

<net id="421"><net_src comp="416" pin="1"/><net_sink comp="310" pin=0"/></net>

<net id="422"><net_src comp="416" pin="1"/><net_sink comp="176" pin=3"/></net>

<net id="426"><net_src comp="88" pin="1"/><net_sink comp="423" pin=0"/></net>

<net id="427"><net_src comp="423" pin="1"/><net_sink comp="209" pin=1"/></net>

<net id="428"><net_src comp="423" pin="1"/><net_sink comp="314" pin=0"/></net>

<net id="429"><net_src comp="423" pin="1"/><net_sink comp="176" pin=4"/></net>

<net id="433"><net_src comp="92" pin="1"/><net_sink comp="430" pin=0"/></net>

<net id="434"><net_src comp="430" pin="1"/><net_sink comp="204" pin=1"/></net>

<net id="435"><net_src comp="430" pin="1"/><net_sink comp="318" pin=0"/></net>

<net id="436"><net_src comp="430" pin="1"/><net_sink comp="176" pin=5"/></net>

<net id="440"><net_src comp="96" pin="1"/><net_sink comp="437" pin=0"/></net>

<net id="441"><net_src comp="437" pin="1"/><net_sink comp="199" pin=1"/></net>

<net id="442"><net_src comp="437" pin="1"/><net_sink comp="239" pin=0"/></net>

<net id="443"><net_src comp="437" pin="1"/><net_sink comp="350" pin=1"/></net>

<net id="447"><net_src comp="100" pin="1"/><net_sink comp="444" pin=0"/></net>

<net id="448"><net_src comp="444" pin="1"/><net_sink comp="194" pin=1"/></net>

<net id="449"><net_src comp="444" pin="1"/><net_sink comp="224" pin=0"/></net>

<net id="450"><net_src comp="444" pin="1"/><net_sink comp="301" pin=1"/></net>

<net id="454"><net_src comp="104" pin="1"/><net_sink comp="451" pin=0"/></net>

<net id="455"><net_src comp="451" pin="1"/><net_sink comp="163" pin=8"/></net>

<net id="456"><net_src comp="451" pin="1"/><net_sink comp="366" pin=0"/></net>

<net id="460"><net_src comp="108" pin="1"/><net_sink comp="457" pin=0"/></net>

<net id="461"><net_src comp="457" pin="1"/><net_sink comp="163" pin=7"/></net>

<net id="462"><net_src comp="457" pin="1"/><net_sink comp="363" pin=0"/></net>

<net id="466"><net_src comp="112" pin="1"/><net_sink comp="463" pin=0"/></net>

<net id="467"><net_src comp="463" pin="1"/><net_sink comp="163" pin=6"/></net>

<net id="468"><net_src comp="463" pin="1"/><net_sink comp="360" pin=0"/></net>

<net id="472"><net_src comp="116" pin="1"/><net_sink comp="469" pin=0"/></net>

<net id="473"><net_src comp="469" pin="1"/><net_sink comp="149" pin=8"/></net>

<net id="474"><net_src comp="469" pin="1"/><net_sink comp="322" pin=0"/></net>

<net id="484"><net_src comp="243" pin="1"/><net_sink comp="481" pin=0"/></net>

<net id="485"><net_src comp="481" pin="1"/><net_sink comp="149" pin=5"/></net>

<net id="489"><net_src comp="270" pin="3"/><net_sink comp="486" pin=0"/></net>

<net id="490"><net_src comp="486" pin="1"/><net_sink comp="149" pin=1"/></net>

<net id="494"><net_src comp="285" pin="3"/><net_sink comp="491" pin=0"/></net>

<net id="495"><net_src comp="491" pin="1"/><net_sink comp="149" pin=2"/></net>

<net id="499"><net_src comp="294" pin="2"/><net_sink comp="496" pin=0"/></net>

<net id="500"><net_src comp="496" pin="1"/><net_sink comp="149" pin=4"/></net>

<net id="504"><net_src comp="306" pin="1"/><net_sink comp="501" pin=0"/></net>

<net id="505"><net_src comp="501" pin="1"/><net_sink comp="163" pin=4"/></net>

<net id="509"><net_src comp="310" pin="1"/><net_sink comp="506" pin=0"/></net>

<net id="510"><net_src comp="506" pin="1"/><net_sink comp="163" pin=1"/></net>

<net id="514"><net_src comp="314" pin="1"/><net_sink comp="511" pin=0"/></net>

<net id="515"><net_src comp="511" pin="1"/><net_sink comp="163" pin=2"/></net>

<net id="519"><net_src comp="318" pin="1"/><net_sink comp="516" pin=0"/></net>

<net id="520"><net_src comp="516" pin="1"/><net_sink comp="163" pin=3"/></net>

<net id="524"><net_src comp="325" pin="1"/><net_sink comp="521" pin=0"/></net>

<net id="525"><net_src comp="521" pin="1"/><net_sink comp="176" pin=1"/></net>

<net id="535"><net_src comp="403" pin="2"/><net_sink comp="532" pin=0"/></net>

<net id="536"><net_src comp="532" pin="1"/><net_sink comp="136" pin=2"/></net>

</net_list>

</model> 
---------------- Datapath Model END ------------------

* FSMD analyzer results:
  - Output states:
	Port: a | {}
	Port: b | {}
	Port: c | {1 2 3 5 6 7 8 9 10 }
 - Input state : 
	Port: mul : a | {3 4 }
	Port: mul : b | {3 4 }
	Port: mul : c | {}
  - Chain level:
	State 1
		store_ln210 : 1
		store_ln217 : 1
		store_ln204 : 1
		store_ln204 : 1
		store_ln204 : 1
		store_ln121 : 1
	State 2
	State 3
		icmp_ln210 : 1
		t_2 : 1
		br_ln210 : 2
		trunc_ln210 : 1
		tmp_5 : 1
		icmp_ln210_1 : 2
		add_ln210 : 2
		select_ln210 : 3
		icmp_ln214 : 1
		j_start : 3
		xor_ln219 : 2
		call_ln210 : 4
		store_ln210 : 2
		call_ln0 : 1
	State 4
	State 5
		out : 1
		call_ln235 : 2
		trunc_ln210_1 : 1
		trunc_ln210_2 : 1
		store_ln217 : 2
		store_ln121 : 2
	State 6
	State 7
	State 8
		icmp_ln168 : 1
		tmp : 1
		icmp_ln168_1 : 2
		and_ln168 : 3
		br_ln168 : 3
		zext_ln170 : 1
		c_addr : 2
		store_ln170 : 3
		pack_wi_5 : 1
	State 9
		call_ln171 : 1
	State 10


============================================================
+ Verbose Summary: Datapath Resource usage 
============================================================

* Functional unit list:
|----------|-------------------------------------------|---------|---------|---------|---------|
| Operation|              Functional Unit              |   DSP   |  Delay  |    FF   |   LUT   |
|----------|-------------------------------------------|---------|---------|---------|---------|
|          |  grp_mul_Pipeline_VITIS_LOOP_188_1_fu_143 |    0    |    0    |    5    |    24   |
|          |  grp_mul_Pipeline_VITIS_LOOP_219_3_fu_149 |   225   | 2.58486 |   2757  |   1381  |
|   call   | grp_mul_Pipeline_VITIS_LOOP_126_11_fu_163 |    0    |    0    |   448   |   1896  |
|          |  grp_mul_Pipeline_VITIS_LOOP_126_1_fu_176 |    0    |    0    |   320   |   1885  |
|          |  grp_mul_Pipeline_VITIS_LOOP_175_1_fu_186 |    0    |    0    |    32   |    74   |
|----------|-------------------------------------------|---------|---------|---------|---------|
|          |             icmp_ln210_fu_227             |    0    |    0    |    0    |    10   |
|          |            icmp_ln210_1_fu_258            |    0    |    0    |    0    |    9    |
|   icmp   |             icmp_ln214_fu_279             |    0    |    0    |    0    |    10   |
|          |             icmp_ln168_fu_370             |    0    |    0    |    0    |    39   |
|          |            icmp_ln168_1_fu_386            |    0    |    0    |    0    |    35   |
|----------|-------------------------------------------|---------|---------|---------|---------|
|          |                 t_2_fu_233                |    0    |    0    |    0    |    10   |
|    add   |              add_ln210_fu_264             |    0    |    0    |    0    |    9    |
|          |              pack_wi_5_fu_403             |    0    |    0    |    0    |    39   |
|----------|-------------------------------------------|---------|---------|---------|---------|
|  select  |            select_ln210_fu_270            |    0    |    0    |    0    |    2    |
|          |               j_start_fu_285              |    0    |    0    |    0    |    2    |
|----------|-------------------------------------------|---------|---------|---------|---------|
|    xor   |              xor_ln219_fu_294             |    0    |    0    |    0    |    2    |
|----------|-------------------------------------------|---------|---------|---------|---------|
|    and   |              and_ln168_fu_392             |    0    |    0    |    0    |    2    |
|----------|-------------------------------------------|---------|---------|---------|---------|
|   trunc  |             trunc_ln210_fu_243            |    0    |    0    |    0    |    0    |
|          |                 out_fu_325                |    0    |    0    |    0    |    0    |
|----------|-------------------------------------------|---------|---------|---------|---------|
|          |                tmp_5_fu_248               |    0    |    0    |    0    |    0    |
|partselect|            trunc_ln210_1_fu_330           |    0    |    0    |    0    |    0    |
|          |            trunc_ln210_2_fu_340           |    0    |    0    |    0    |    0    |
|          |                 tmp_fu_376                |    0    |    0    |    0    |    0    |
|----------|-------------------------------------------|---------|---------|---------|---------|
|   zext   |             zext_ln170_fu_398             |    0    |    0    |    0    |    0    |
|----------|-------------------------------------------|---------|---------|---------|---------|
|   Total  |                                           |   225   | 2.58486 |   3562  |   5429  |
|----------|-------------------------------------------|---------|---------|---------|---------|

Memories:
N/A

* Register list:
+-----------------------+--------+
|                       |   FF   |
+-----------------------+--------+
|    j_start_reg_491    |    2   |
|      out_reg_521      |   256  |
| pack_cur_1_loc_reg_451|   64   |
| pack_cur_load_reg_516 |   64   |
|    pack_cur_reg_430   |   64   |
|pack_used_1_loc_reg_457|   32   |
| pack_used_load_reg_511|   32   |
|   pack_used_reg_423   |   32   |
| pack_wi_1_loc_reg_463 |   32   |
|   pack_wi_5_reg_532   |   32   |
|  pack_wi_7_ph_reg_133 |   32   |
|  pack_wi_load_reg_506 |   32   |
|    pack_wi_reg_416    |   32   |
|  select_ln210_reg_486 |    2   |
|   sum_1_loc_reg_469   |   515  |
|      sum_reg_437      |   259  |
|       t_reg_444       |    3   |
|  trunc_ln210_reg_481  |    2   |
|     x_load_reg_501    |   256  |
|       x_reg_409       |   256  |
|   xor_ln219_reg_496   |    1   |
+-----------------------+--------+
|         Total         |  2000  |
+-----------------------+--------+

* Multiplexer (MUX) list: 
|-------------------------------------------|------|------|------|--------||---------||---------||---------|
|                    Comp                   |  Pin | Size |  BW  | S x BW ||  Delay  ||    FF   ||   LUT   |
|-------------------------------------------|------|------|------|--------||---------||---------||---------|
|  grp_mul_Pipeline_VITIS_LOOP_219_3_fu_149 |  p1  |   2  |   2  |    4   ||    0    ||    9    |
|  grp_mul_Pipeline_VITIS_LOOP_219_3_fu_149 |  p2  |   2  |   2  |    4   ||    0    ||    9    |
|  grp_mul_Pipeline_VITIS_LOOP_219_3_fu_149 |  p4  |   2  |   1  |    2   ||    0    ||    9    |
|  grp_mul_Pipeline_VITIS_LOOP_219_3_fu_149 |  p5  |   2  |   2  |    4   ||    0    ||    9    |
| grp_mul_Pipeline_VITIS_LOOP_126_11_fu_163 |  p1  |   2  |  32  |   64   ||    0    ||    9    |
| grp_mul_Pipeline_VITIS_LOOP_126_11_fu_163 |  p2  |   2  |  32  |   64   ||    0    ||    9    |
| grp_mul_Pipeline_VITIS_LOOP_126_11_fu_163 |  p3  |   2  |  64  |   128  ||    0    ||    9    |
| grp_mul_Pipeline_VITIS_LOOP_126_11_fu_163 |  p4  |   2  |  256 |   512  ||    0    ||    9    |
|  grp_mul_Pipeline_VITIS_LOOP_126_1_fu_176 |  p1  |   2  |  256 |   512  ||    0    ||    9    |
|-------------------------------------------|------|------|------|--------||---------||---------||---------|
|                   Total                   |      |      |      |  1294  ||  3.483  ||    0    ||    81   |
|-------------------------------------------|------|------|------|--------||---------||---------||---------|



* Summary:
+-----------+--------+--------+--------+--------+
|           |   DSP  |  Delay |   FF   |   LUT  |
+-----------+--------+--------+--------+--------+
|  Function |   225  |    2   |  3562  |  5429  |
|   Memory  |    -   |    -   |    -   |    -   |
|Multiplexer|    -   |    3   |    0   |   81   |
|  Register |    -   |    -   |  2000  |    -   |
+-----------+--------+--------+--------+--------+
|   Total   |   225  |    6   |  5562  |  5510  |
+-----------+--------+--------+--------+--------+
