

================================================================
== Vitis HLS Report for 'mul_Pipeline_VITIS_LOOP_56_121'
================================================================
* Date:           Thu Jun 25 13:51:08 2026

* Version:        2024.2.2 (Build 6049644 on Mar  5 2025)
* Project:        proj_kara_base2
* Solution:       solution1 (Vivado IP Flow Target)
* Product family: virtexuplus
* Target device:  xcvu9p-flga2104-2-i


================================================================
== Performance Estimates
================================================================
+ Timing: 
    * Summary: 
    +--------+----------+----------+------------+
    |  Clock |  Target  | Estimated| Uncertainty|
    +--------+----------+----------+------------+
    |ap_clk  |  10.00 ns|  3.526 ns|     2.70 ns|
    +--------+----------+----------+------------+

+ Latency: 
    * Summary: 
    +---------+---------+-----------+-----------+-----+-----+------------------------------------------------+
    |  Latency (cycles) |   Latency (absolute)  |  Interval |                    Pipeline                    |
    |   min   |   max   |    min    |    max    | min | max |                      Type                      |
    +---------+---------+-----------+-----------+-----+-----+------------------------------------------------+
    |        6|        6|  60.000 ns|  60.000 ns|    5|    5|  loop auto-rewind stp (delay=0 clock cycles(s))|
    +---------+---------+-----------+-----------+-----+-----+------------------------------------------------+

    + Detail: 
        * Instance: 
        N/A

        * Loop: 
        +-------------------+---------+---------+----------+-----------+-----------+------+----------+
        |                   |  Latency (cycles) | Iteration|  Initiation Interval  | Trip |          |
        |     Loop Name     |   min   |   max   |  Latency |  achieved |   target  | Count| Pipelined|
        +-------------------+---------+---------+----------+-----------+-----------+------+----------+
        |- VITIS_LOOP_56_1  |        4|        4|         1|          1|          1|     4|       yes|
        +-------------------+---------+---------+----------+-----------+-----------+------+----------+



================================================================
== Utilization Estimates
================================================================
* Summary: 
+---------------------+---------+------+---------+---------+-----+
|         Name        | BRAM_18K|  DSP |    FF   |   LUT   | URAM|
+---------------------+---------+------+---------+---------+-----+
|DSP                  |        -|     -|        -|        -|    -|
|Expression           |        -|     -|        0|      167|    -|
|FIFO                 |        -|     -|        -|        -|    -|
|Instance             |        -|     -|        0|       40|    -|
|Memory               |        -|     -|        -|        -|    -|
|Multiplexer          |        -|     -|        0|       45|    -|
|Register             |        -|     -|      263|        -|    -|
+---------------------+---------+------+---------+---------+-----+
|Total                |        0|     0|      263|      252|    0|
+---------------------+---------+------+---------+---------+-----+
|Available SLR        |     1440|  2280|   788160|   394080|  320|
+---------------------+---------+------+---------+---------+-----+
|Utilization SLR (%)  |        0|     0|       ~0|       ~0|    0|
+---------------------+---------+------+---------+---------+-----+
|Available            |     4320|  6840|  2364480|  1182240|  960|
+---------------------+---------+------+---------+---------+-----+
|Utilization (%)      |        0|     0|       ~0|       ~0|    0|
+---------------------+---------+------+---------+---------+-----+

+ Detail: 
    * Instance: 
    +---------------------------+----------------------+---------+----+---+----+-----+
    |          Instance         |        Module        | BRAM_18K| DSP| FF| LUT| URAM|
    +---------------------------+----------------------+---------+----+---+----+-----+
    |sparsemux_9_2_64_1_1_U197  |sparsemux_9_2_64_1_1  |        0|   0|  0|  20|    0|
    |sparsemux_9_2_64_1_1_U198  |sparsemux_9_2_64_1_1  |        0|   0|  0|  20|    0|
    +---------------------------+----------------------+---------+----+---+----+-----+
    |Total                      |                      |        0|   0|  0|  40|    0|
    +---------------------------+----------------------+---------+----+---+----+-----+

    * DSP: 
    N/A

    * Memory: 
    N/A

    * FIFO: 
    N/A

    * Expression: 
    +---------------------+----------+----+---+----+------------+------------+
    |    Variable Name    | Operation| DSP| FF| LUT| Bitwidth P0| Bitwidth P1|
    +---------------------+----------+----+---+----+------------+------------+
    |add_ln56_fu_196_p2   |         +|   0|  0|  10|           3|           1|
    |add_ln61_fu_269_p2   |         +|   0|  0|  72|          65|          65|
    |s_fu_279_p2          |         +|   0|  0|  73|          66|          66|
    |icmp_ln56_fu_190_p2  |      icmp|   0|  0|  12|           3|           4|
    +---------------------+----------+----+---+----+------------+------------+
    |Total                |          |   0|  0| 167|         137|         136|
    +---------------------+----------+----+---+----+------------+------------+

    * Multiplexer: 
    +-------------------------------+----+-----------+-----+-----------+
    |              Name             | LUT| Input Size| Bits| Total Bits|
    +-------------------------------+----+-----------+-----+-----------+
    |ap_done_int                    |   9|          2|    1|          2|
    |ap_sig_allocacmp_carry_load_5  |   9|          2|    2|          4|
    |ap_sig_allocacmp_i_24          |   9|          2|    3|          6|
    |carry_fu_70                    |   9|          2|    2|          4|
    |i_fu_74                        |   9|          2|    3|          6|
    +-------------------------------+----+-----------+-----+-----------+
    |Total                          |  45|         10|   11|         22|
    +-------------------------------+----+-----------+-----+-----------+

    * Register: 
    +-------------+----+----+-----+-----------+
    |     Name    | FF | LUT| Bits| Const Bits|
    +-------------+----+----+-----+-----------+
    |Sal_5_fu_82  |  64|   0|   64|          0|
    |Sal_6_fu_86  |  64|   0|   64|          0|
    |Sal_7_fu_90  |  64|   0|   64|          0|
    |Sal_fu_78    |  64|   0|   64|          0|
    |ap_CS_fsm    |   1|   0|    1|          0|
    |ap_done_reg  |   1|   0|    1|          0|
    |carry_fu_70  |   2|   0|    2|          0|
    |i_fu_74      |   3|   0|    3|          0|
    +-------------+----+----+-----+-----------+
    |Total        | 263|   0|  263|          0|
    +-------------+----+----+-----+-----------+



================================================================
== Interface
================================================================
* Summary: 
+---------------------+-----+-----+------------+--------------------------------+--------------+
|      RTL Ports      | Dir | Bits|  Protocol  |          Source Object         |    C Type    |
+---------------------+-----+-----+------------+--------------------------------+--------------+
|ap_clk               |   in|    1|  ap_ctrl_hs|  mul_Pipeline_VITIS_LOOP_56_121|  return value|
|ap_rst               |   in|    1|  ap_ctrl_hs|  mul_Pipeline_VITIS_LOOP_56_121|  return value|
|ap_start             |   in|    1|  ap_ctrl_hs|  mul_Pipeline_VITIS_LOOP_56_121|  return value|
|ap_done              |  out|    1|  ap_ctrl_hs|  mul_Pipeline_VITIS_LOOP_56_121|  return value|
|ap_idle              |  out|    1|  ap_ctrl_hs|  mul_Pipeline_VITIS_LOOP_56_121|  return value|
|ap_ready             |  out|    1|  ap_ctrl_hs|  mul_Pipeline_VITIS_LOOP_56_121|  return value|
|Al_reload            |   in|   64|     ap_none|                       Al_reload|        scalar|
|Al_1_reload          |   in|   64|     ap_none|                     Al_1_reload|        scalar|
|Al_2_reload          |   in|   64|     ap_none|                     Al_2_reload|        scalar|
|Al_3_reload          |   in|   64|     ap_none|                     Al_3_reload|        scalar|
|Ah_reload            |   in|   64|     ap_none|                       Ah_reload|        scalar|
|Ah_1_reload          |   in|   64|     ap_none|                     Ah_1_reload|        scalar|
|Ah_2_reload          |   in|   64|     ap_none|                     Ah_2_reload|        scalar|
|Ah_3_reload          |   in|   64|     ap_none|                     Ah_3_reload|        scalar|
|Sal_11_out           |  out|   64|      ap_vld|                      Sal_11_out|       pointer|
|Sal_11_out_ap_vld    |  out|    1|      ap_vld|                      Sal_11_out|       pointer|
|Sal_10_out           |  out|   64|      ap_vld|                      Sal_10_out|       pointer|
|Sal_10_out_ap_vld    |  out|    1|      ap_vld|                      Sal_10_out|       pointer|
|Sal_9_out            |  out|   64|      ap_vld|                       Sal_9_out|       pointer|
|Sal_9_out_ap_vld     |  out|    1|      ap_vld|                       Sal_9_out|       pointer|
|Sal_8_out            |  out|   64|      ap_vld|                       Sal_8_out|       pointer|
|Sal_8_out_ap_vld     |  out|    1|      ap_vld|                       Sal_8_out|       pointer|
|carry_16_out         |  out|    2|      ap_vld|                    carry_16_out|       pointer|
|carry_16_out_ap_vld  |  out|    1|      ap_vld|                    carry_16_out|       pointer|
+---------------------+-----+-----+------------+--------------------------------+--------------+

============================================================
+ Verbose Summary: Synthesis Manager
============================================================
InlineROM: 1
ExposeGlobal: 0
============================================================
+ Verbose Summary: CDFG Model
============================================================
IsTopModel: 0
ResetActiveHigh: 1
IsCombinational: 2
IsDatapathOnly: 2
HasWiredReturn: 1
HasMFsm: 2
HasVarLatency: 1
IsPipeline: 0
IsRtlPipelined: 0
IsInstanceOverlapped: 0
IsDontTouch: 0
HasImplIP: 0
IsGatedGlobalClock: 0

+ Individual pipeline summary: 
  * Pipeline-0: initiation interval (II) = 1, depth = 1


============================================================
+ Verbose Summary: Schedule
============================================================
* Number of FSM states : 1
* Pipeline : 1
  Pipeline-0 : II = 1, D = 1, States = { 1 }
* Dataflow Pipeline: 0

* FSM state transitions: 
1 --> 

* FSM state operations: 

State 1 <SV = 0> <Delay = 3.52>
ST_1 : Operation 4 [1/1] (0.00ns)   --->   "%carry = alloca i32 1" [mp_mul_rewriter/auto/mpx_packed_karatsuba.hpp:55->mp_mul_rewriter/auto/mpx_packed_karatsuba.hpp:166->mp_mul_rewriter/auto/mpx_packed_karatsuba.hpp:176]   --->   Operation 4 'alloca' 'carry' <Predicate = true> <Delay = 0.00>
ST_1 : Operation 5 [1/1] (0.00ns)   --->   "%i = alloca i32 1" [mp_mul_rewriter/auto/mpx_packed_karatsuba.hpp:56->mp_mul_rewriter/auto/mpx_packed_karatsuba.hpp:166->mp_mul_rewriter/auto/mpx_packed_karatsuba.hpp:176]   --->   Operation 5 'alloca' 'i' <Predicate = true> <Delay = 0.00>
ST_1 : Operation 6 [1/1] (0.00ns)   --->   "%Sal = alloca i32 1" [mp_mul_rewriter/auto/mpx_packed_karatsuba.hpp:147->mp_mul_rewriter/auto/mpx_packed_karatsuba.hpp:176]   --->   Operation 6 'alloca' 'Sal' <Predicate = true> <Delay = 0.00>
ST_1 : Operation 7 [1/1] (0.00ns)   --->   "%Sal_5 = alloca i32 1" [mp_mul_rewriter/auto/mpx_packed_karatsuba.hpp:147->mp_mul_rewriter/auto/mpx_packed_karatsuba.hpp:176]   --->   Operation 7 'alloca' 'Sal_5' <Predicate = true> <Delay = 0.00>
ST_1 : Operation 8 [1/1] (0.00ns)   --->   "%Sal_6 = alloca i32 1" [mp_mul_rewriter/auto/mpx_packed_karatsuba.hpp:147->mp_mul_rewriter/auto/mpx_packed_karatsuba.hpp:176]   --->   Operation 8 'alloca' 'Sal_6' <Predicate = true> <Delay = 0.00>
ST_1 : Operation 9 [1/1] (0.00ns)   --->   "%Sal_7 = alloca i32 1" [mp_mul_rewriter/auto/mpx_packed_karatsuba.hpp:147->mp_mul_rewriter/auto/mpx_packed_karatsuba.hpp:176]   --->   Operation 9 'alloca' 'Sal_7' <Predicate = true> <Delay = 0.00>
ST_1 : Operation 10 [1/1] (0.00ns)   --->   "%Ah_3_reload_read = read i64 @_ssdm_op_Read.ap_auto.i64, i64 %Ah_3_reload"   --->   Operation 10 'read' 'Ah_3_reload_read' <Predicate = true> <Delay = 0.00>
ST_1 : Operation 11 [1/1] (0.00ns)   --->   "%Ah_2_reload_read = read i64 @_ssdm_op_Read.ap_auto.i64, i64 %Ah_2_reload"   --->   Operation 11 'read' 'Ah_2_reload_read' <Predicate = true> <Delay = 0.00>
ST_1 : Operation 12 [1/1] (0.00ns)   --->   "%Ah_1_reload_read = read i64 @_ssdm_op_Read.ap_auto.i64, i64 %Ah_1_reload"   --->   Operation 12 'read' 'Ah_1_reload_read' <Predicate = true> <Delay = 0.00>
ST_1 : Operation 13 [1/1] (0.00ns)   --->   "%Ah_reload_read = read i64 @_ssdm_op_Read.ap_auto.i64, i64 %Ah_reload"   --->   Operation 13 'read' 'Ah_reload_read' <Predicate = true> <Delay = 0.00>
ST_1 : Operation 14 [1/1] (0.00ns)   --->   "%Al_3_reload_read = read i64 @_ssdm_op_Read.ap_auto.i64, i64 %Al_3_reload"   --->   Operation 14 'read' 'Al_3_reload_read' <Predicate = true> <Delay = 0.00>
ST_1 : Operation 15 [1/1] (0.00ns)   --->   "%Al_2_reload_read = read i64 @_ssdm_op_Read.ap_auto.i64, i64 %Al_2_reload"   --->   Operation 15 'read' 'Al_2_reload_read' <Predicate = true> <Delay = 0.00>
ST_1 : Operation 16 [1/1] (0.00ns)   --->   "%Al_1_reload_read = read i64 @_ssdm_op_Read.ap_auto.i64, i64 %Al_1_reload"   --->   Operation 16 'read' 'Al_1_reload_read' <Predicate = true> <Delay = 0.00>
ST_1 : Operation 17 [1/1] (0.00ns)   --->   "%Al_reload_read = read i64 @_ssdm_op_Read.ap_auto.i64, i64 %Al_reload"   --->   Operation 17 'read' 'Al_reload_read' <Predicate = true> <Delay = 0.00>
ST_1 : Operation 18 [1/1] (0.38ns)   --->   "%store_ln56 = store i3 0, i3 %i" [mp_mul_rewriter/auto/mpx_packed_karatsuba.hpp:56->mp_mul_rewriter/auto/mpx_packed_karatsuba.hpp:166->mp_mul_rewriter/auto/mpx_packed_karatsuba.hpp:176]   --->   Operation 18 'store' 'store_ln56' <Predicate = true> <Delay = 0.38>
ST_1 : Operation 19 [1/1] (0.38ns)   --->   "%store_ln55 = store i2 0, i2 %carry" [mp_mul_rewriter/auto/mpx_packed_karatsuba.hpp:55->mp_mul_rewriter/auto/mpx_packed_karatsuba.hpp:166->mp_mul_rewriter/auto/mpx_packed_karatsuba.hpp:176]   --->   Operation 19 'store' 'store_ln55' <Predicate = true> <Delay = 0.38>
ST_1 : Operation 20 [1/1] (0.00ns)   --->   "%br_ln0 = br void %for.body.i178.i"   --->   Operation 20 'br' 'br_ln0' <Predicate = true> <Delay = 0.00>
ST_1 : Operation 21 [1/1] (0.00ns)   --->   "%i_24 = load i3 %i" [mp_mul_rewriter/auto/mpx_packed_karatsuba.hpp:56->mp_mul_rewriter/auto/mpx_packed_karatsuba.hpp:166->mp_mul_rewriter/auto/mpx_packed_karatsuba.hpp:176]   --->   Operation 21 'load' 'i_24' <Predicate = true> <Delay = 0.00>
ST_1 : Operation 22 [1/1] (0.57ns)   --->   "%icmp_ln56 = icmp_eq  i3 %i_24, i3 4" [mp_mul_rewriter/auto/mpx_packed_karatsuba.hpp:56->mp_mul_rewriter/auto/mpx_packed_karatsuba.hpp:166->mp_mul_rewriter/auto/mpx_packed_karatsuba.hpp:176]   --->   Operation 22 'icmp' 'icmp_ln56' <Predicate = true> <Delay = 0.57> <CoreInst = "Cmp">   --->   Core 9 'Cmp' <Latency = 0> <II = 1> <Delay = 0.70> <FuncUnit> <Opcode : 'seteq' 'setne' 'setle' 'setge' 'setlt' 'setgt'> <InPorts = 2> <OutPorts = 1>
ST_1 : Operation 23 [1/1] (0.57ns)   --->   "%add_ln56 = add i3 %i_24, i3 1" [mp_mul_rewriter/auto/mpx_packed_karatsuba.hpp:56->mp_mul_rewriter/auto/mpx_packed_karatsuba.hpp:166->mp_mul_rewriter/auto/mpx_packed_karatsuba.hpp:176]   --->   Operation 23 'add' 'add_ln56' <Predicate = true> <Delay = 0.57> <CoreInst = "Adder">   --->   Core 1 'Adder' <Latency = 0> <II = 1> <Delay = 0.57> <FuncUnit> <Opcode : 'add' 'sub'> <InPorts = 2> <OutPorts = 1>
ST_1 : Operation 24 [1/1] (0.00ns)   --->   "%br_ln56 = br i1 %icmp_ln56, void %for.body.i178.i.split, void %for.body.i104.i.preheader.exitStub" [mp_mul_rewriter/auto/mpx_packed_karatsuba.hpp:56->mp_mul_rewriter/auto/mpx_packed_karatsuba.hpp:166->mp_mul_rewriter/auto/mpx_packed_karatsuba.hpp:176]   --->   Operation 24 'br' 'br_ln56' <Predicate = true> <Delay = 0.00>
ST_1 : Operation 25 [1/1] (0.00ns)   --->   "%carry_load_5 = load i2 %carry" [mp_mul_rewriter/auto/mpx_packed_karatsuba.hpp:61->mp_mul_rewriter/auto/mpx_packed_karatsuba.hpp:166->mp_mul_rewriter/auto/mpx_packed_karatsuba.hpp:176]   --->   Operation 25 'load' 'carry_load_5' <Predicate = (!icmp_ln56)> <Delay = 0.00>
ST_1 : Operation 26 [1/1] (0.00ns)   --->   "%trunc_ln56 = trunc i3 %i_24" [mp_mul_rewriter/auto/mpx_packed_karatsuba.hpp:56->mp_mul_rewriter/auto/mpx_packed_karatsuba.hpp:166->mp_mul_rewriter/auto/mpx_packed_karatsuba.hpp:176]   --->   Operation 26 'trunc' 'trunc_ln56' <Predicate = (!icmp_ln56)> <Delay = 0.00>
ST_1 : Operation 27 [1/1] (0.00ns)   --->   "%specpipeline_ln58 = specpipeline void @_ssdm_op_SpecPipeline, i32 1, i32 0, i32 0, i32 0, void @empty_0" [mp_mul_rewriter/auto/mpx_packed_karatsuba.hpp:58->mp_mul_rewriter/auto/mpx_packed_karatsuba.hpp:166->mp_mul_rewriter/auto/mpx_packed_karatsuba.hpp:176]   --->   Operation 27 'specpipeline' 'specpipeline_ln58' <Predicate = (!icmp_ln56)> <Delay = 0.00>
ST_1 : Operation 28 [1/1] (0.00ns)   --->   "%speclooptripcount_ln147 = speclooptripcount void @_ssdm_op_SpecLoopTripCount, i64 4, i64 4, i64 4" [mp_mul_rewriter/auto/mpx_packed_karatsuba.hpp:147->mp_mul_rewriter/auto/mpx_packed_karatsuba.hpp:176]   --->   Operation 28 'speclooptripcount' 'speclooptripcount_ln147' <Predicate = (!icmp_ln56)> <Delay = 0.00>
ST_1 : Operation 29 [1/1] (0.00ns)   --->   "%specloopname_ln56 = specloopname void @_ssdm_op_SpecLoopName, void @empty_9" [mp_mul_rewriter/auto/mpx_packed_karatsuba.hpp:56->mp_mul_rewriter/auto/mpx_packed_karatsuba.hpp:166->mp_mul_rewriter/auto/mpx_packed_karatsuba.hpp:176]   --->   Operation 29 'specloopname' 'specloopname_ln56' <Predicate = (!icmp_ln56)> <Delay = 0.00>
ST_1 : Operation 30 [1/1] (0.45ns)   --->   "%av = sparsemux i64 @_ssdm_op_SparseMux.ap_auto.4i64.i64.i2, i2 0, i64 %Al_reload_read, i2 1, i64 %Al_1_reload_read, i2 2, i64 %Al_2_reload_read, i2 3, i64 %Al_3_reload_read, i64 0, i2 %trunc_ln56" [mp_mul_rewriter/auto/mpx_packed_karatsuba.hpp:59->mp_mul_rewriter/auto/mpx_packed_karatsuba.hpp:166->mp_mul_rewriter/auto/mpx_packed_karatsuba.hpp:176]   --->   Operation 30 'sparsemux' 'av' <Predicate = (!icmp_ln56)> <Delay = 0.45> <CoreInst = "BinarySparseMux_DontCare">   --->   Core 159 'BinarySparseMux_DontCare' <Latency = 0> <II = 1> <Delay = 0.45> <FuncUnit> <Opcode : 'sparsemux'> <InPorts = 2> <OutPorts = 1>
ST_1 : Operation 31 [1/1] (0.45ns)   --->   "%bv = sparsemux i64 @_ssdm_op_SparseMux.ap_auto.4i64.i64.i2, i2 0, i64 %Ah_reload_read, i2 1, i64 %Ah_1_reload_read, i2 2, i64 %Ah_2_reload_read, i2 3, i64 %Ah_3_reload_read, i64 0, i2 %trunc_ln56" [mp_mul_rewriter/auto/mpx_packed_karatsuba.hpp:60->mp_mul_rewriter/auto/mpx_packed_karatsuba.hpp:166->mp_mul_rewriter/auto/mpx_packed_karatsuba.hpp:176]   --->   Operation 31 'sparsemux' 'bv' <Predicate = (!icmp_ln56)> <Delay = 0.45> <CoreInst = "BinarySparseMux_DontCare">   --->   Core 159 'BinarySparseMux_DontCare' <Latency = 0> <II = 1> <Delay = 0.45> <FuncUnit> <Opcode : 'sparsemux'> <InPorts = 2> <OutPorts = 1>
ST_1 : Operation 32 [1/1] (0.00ns)   --->   "%zext_ln61 = zext i64 %av" [mp_mul_rewriter/auto/mpx_packed_karatsuba.hpp:61->mp_mul_rewriter/auto/mpx_packed_karatsuba.hpp:166->mp_mul_rewriter/auto/mpx_packed_karatsuba.hpp:176]   --->   Operation 32 'zext' 'zext_ln61' <Predicate = (!icmp_ln56)> <Delay = 0.00>
ST_1 : Operation 33 [1/1] (0.00ns)   --->   "%zext_ln61_13 = zext i64 %bv" [mp_mul_rewriter/auto/mpx_packed_karatsuba.hpp:61->mp_mul_rewriter/auto/mpx_packed_karatsuba.hpp:166->mp_mul_rewriter/auto/mpx_packed_karatsuba.hpp:176]   --->   Operation 33 'zext' 'zext_ln61_13' <Predicate = (!icmp_ln56)> <Delay = 0.00>
ST_1 : Operation 34 [1/1] (0.00ns)   --->   "%zext_ln61_14 = zext i2 %carry_load_5" [mp_mul_rewriter/auto/mpx_packed_karatsuba.hpp:61->mp_mul_rewriter/auto/mpx_packed_karatsuba.hpp:166->mp_mul_rewriter/auto/mpx_packed_karatsuba.hpp:176]   --->   Operation 34 'zext' 'zext_ln61_14' <Predicate = (!icmp_ln56)> <Delay = 0.00>
ST_1 : Operation 35 [1/1] (1.14ns)   --->   "%add_ln61 = add i65 %zext_ln61, i65 %zext_ln61_13" [mp_mul_rewriter/auto/mpx_packed_karatsuba.hpp:61->mp_mul_rewriter/auto/mpx_packed_karatsuba.hpp:166->mp_mul_rewriter/auto/mpx_packed_karatsuba.hpp:176]   --->   Operation 35 'add' 'add_ln61' <Predicate = (!icmp_ln56)> <Delay = 1.14> <CoreInst = "Adder">   --->   Core 1 'Adder' <Latency = 0> <II = 1> <Delay = 1.15> <FuncUnit> <Opcode : 'add' 'sub'> <InPorts = 2> <OutPorts = 1>
ST_1 : Operation 36 [1/1] (0.00ns)   --->   "%zext_ln61_15 = zext i65 %add_ln61" [mp_mul_rewriter/auto/mpx_packed_karatsuba.hpp:61->mp_mul_rewriter/auto/mpx_packed_karatsuba.hpp:166->mp_mul_rewriter/auto/mpx_packed_karatsuba.hpp:176]   --->   Operation 36 'zext' 'zext_ln61_15' <Predicate = (!icmp_ln56)> <Delay = 0.00>
ST_1 : Operation 37 [1/1] (1.15ns)   --->   "%s = add i66 %zext_ln61_15, i66 %zext_ln61_14" [mp_mul_rewriter/auto/mpx_packed_karatsuba.hpp:61->mp_mul_rewriter/auto/mpx_packed_karatsuba.hpp:166->mp_mul_rewriter/auto/mpx_packed_karatsuba.hpp:176]   --->   Operation 37 'add' 's' <Predicate = (!icmp_ln56)> <Delay = 1.15> <CoreInst = "Adder">   --->   Core 1 'Adder' <Latency = 0> <II = 1> <Delay = 1.15> <FuncUnit> <Opcode : 'add' 'sub'> <InPorts = 2> <OutPorts = 1>
ST_1 : Operation 38 [1/1] (0.00ns)   --->   "%Sal_8 = trunc i66 %s" [mp_mul_rewriter/auto/mpx_packed_karatsuba.hpp:62->mp_mul_rewriter/auto/mpx_packed_karatsuba.hpp:166->mp_mul_rewriter/auto/mpx_packed_karatsuba.hpp:176]   --->   Operation 38 'trunc' 'Sal_8' <Predicate = (!icmp_ln56)> <Delay = 0.00>
ST_1 : Operation 39 [1/1] (0.43ns)   --->   "%switch_ln62 = switch i2 %trunc_ln56, void %arrayidx17.i269.i422.case.3, i2 0, void %arrayidx17.i269.i422.case.0, i2 1, void %arrayidx17.i269.i422.case.1, i2 2, void %for.body.i178.i.split.arrayidx17.i269.i422.exit_crit_edge" [mp_mul_rewriter/auto/mpx_packed_karatsuba.hpp:62->mp_mul_rewriter/auto/mpx_packed_karatsuba.hpp:166->mp_mul_rewriter/auto/mpx_packed_karatsuba.hpp:176]   --->   Operation 39 'switch' 'switch_ln62' <Predicate = (!icmp_ln56)> <Delay = 0.43>
ST_1 : Operation 40 [1/1] (0.00ns)   --->   "%store_ln147 = store i64 %Sal_8, i64 %Sal_5" [mp_mul_rewriter/auto/mpx_packed_karatsuba.hpp:147->mp_mul_rewriter/auto/mpx_packed_karatsuba.hpp:176]   --->   Operation 40 'store' 'store_ln147' <Predicate = (!icmp_ln56 & trunc_ln56 == 2)> <Delay = 0.00>
ST_1 : Operation 41 [1/1] (0.00ns)   --->   "%br_ln62 = br void %arrayidx17.i269.i422.exit" [mp_mul_rewriter/auto/mpx_packed_karatsuba.hpp:62->mp_mul_rewriter/auto/mpx_packed_karatsuba.hpp:166->mp_mul_rewriter/auto/mpx_packed_karatsuba.hpp:176]   --->   Operation 41 'br' 'br_ln62' <Predicate = (!icmp_ln56 & trunc_ln56 == 2)> <Delay = 0.00>
ST_1 : Operation 42 [1/1] (0.00ns)   --->   "%store_ln147 = store i64 %Sal_8, i64 %Sal_6" [mp_mul_rewriter/auto/mpx_packed_karatsuba.hpp:147->mp_mul_rewriter/auto/mpx_packed_karatsuba.hpp:176]   --->   Operation 42 'store' 'store_ln147' <Predicate = (!icmp_ln56 & trunc_ln56 == 1)> <Delay = 0.00>
ST_1 : Operation 43 [1/1] (0.00ns)   --->   "%br_ln62 = br void %arrayidx17.i269.i422.exit" [mp_mul_rewriter/auto/mpx_packed_karatsuba.hpp:62->mp_mul_rewriter/auto/mpx_packed_karatsuba.hpp:166->mp_mul_rewriter/auto/mpx_packed_karatsuba.hpp:176]   --->   Operation 43 'br' 'br_ln62' <Predicate = (!icmp_ln56 & trunc_ln56 == 1)> <Delay = 0.00>
ST_1 : Operation 44 [1/1] (0.00ns)   --->   "%store_ln147 = store i64 %Sal_8, i64 %Sal_7" [mp_mul_rewriter/auto/mpx_packed_karatsuba.hpp:147->mp_mul_rewriter/auto/mpx_packed_karatsuba.hpp:176]   --->   Operation 44 'store' 'store_ln147' <Predicate = (!icmp_ln56 & trunc_ln56 == 0)> <Delay = 0.00>
ST_1 : Operation 45 [1/1] (0.00ns)   --->   "%br_ln62 = br void %arrayidx17.i269.i422.exit" [mp_mul_rewriter/auto/mpx_packed_karatsuba.hpp:62->mp_mul_rewriter/auto/mpx_packed_karatsuba.hpp:166->mp_mul_rewriter/auto/mpx_packed_karatsuba.hpp:176]   --->   Operation 45 'br' 'br_ln62' <Predicate = (!icmp_ln56 & trunc_ln56 == 0)> <Delay = 0.00>
ST_1 : Operation 46 [1/1] (0.00ns)   --->   "%store_ln147 = store i64 %Sal_8, i64 %Sal" [mp_mul_rewriter/auto/mpx_packed_karatsuba.hpp:147->mp_mul_rewriter/auto/mpx_packed_karatsuba.hpp:176]   --->   Operation 46 'store' 'store_ln147' <Predicate = (!icmp_ln56 & trunc_ln56 == 3)> <Delay = 0.00>
ST_1 : Operation 47 [1/1] (0.00ns)   --->   "%br_ln62 = br void %arrayidx17.i269.i422.exit" [mp_mul_rewriter/auto/mpx_packed_karatsuba.hpp:62->mp_mul_rewriter/auto/mpx_packed_karatsuba.hpp:166->mp_mul_rewriter/auto/mpx_packed_karatsuba.hpp:176]   --->   Operation 47 'br' 'br_ln62' <Predicate = (!icmp_ln56 & trunc_ln56 == 3)> <Delay = 0.00>
ST_1 : Operation 48 [1/1] (0.00ns)   --->   "%carry_5 = partselect i2 @_ssdm_op_PartSelect.i2.i66.i32, i66 %s, i32 64" [mp_mul_rewriter/auto/mpx_packed_karatsuba.hpp:63->mp_mul_rewriter/auto/mpx_packed_karatsuba.hpp:166->mp_mul_rewriter/auto/mpx_packed_karatsuba.hpp:176]   --->   Operation 48 'partselect' 'carry_5' <Predicate = (!icmp_ln56)> <Delay = 0.00>
ST_1 : Operation 49 [1/1] (0.38ns)   --->   "%store_ln56 = store i3 %add_ln56, i3 %i" [mp_mul_rewriter/auto/mpx_packed_karatsuba.hpp:56->mp_mul_rewriter/auto/mpx_packed_karatsuba.hpp:166->mp_mul_rewriter/auto/mpx_packed_karatsuba.hpp:176]   --->   Operation 49 'store' 'store_ln56' <Predicate = (!icmp_ln56)> <Delay = 0.38>
ST_1 : Operation 50 [1/1] (0.38ns)   --->   "%store_ln55 = store i2 %carry_5, i2 %carry" [mp_mul_rewriter/auto/mpx_packed_karatsuba.hpp:55->mp_mul_rewriter/auto/mpx_packed_karatsuba.hpp:166->mp_mul_rewriter/auto/mpx_packed_karatsuba.hpp:176]   --->   Operation 50 'store' 'store_ln55' <Predicate = (!icmp_ln56)> <Delay = 0.38>
ST_1 : Operation 51 [1/1] (0.00ns)   --->   "%br_ln56 = br void %for.body.i178.i" [mp_mul_rewriter/auto/mpx_packed_karatsuba.hpp:56->mp_mul_rewriter/auto/mpx_packed_karatsuba.hpp:166->mp_mul_rewriter/auto/mpx_packed_karatsuba.hpp:176]   --->   Operation 51 'br' 'br_ln56' <Predicate = (!icmp_ln56)> <Delay = 0.00>
ST_1 : Operation 52 [1/1] (0.00ns)   --->   "%carry_load = load i2 %carry"   --->   Operation 52 'load' 'carry_load' <Predicate = (icmp_ln56)> <Delay = 0.00>
ST_1 : Operation 53 [1/1] (0.00ns)   --->   "%Sal_load = load i64 %Sal"   --->   Operation 53 'load' 'Sal_load' <Predicate = (icmp_ln56)> <Delay = 0.00>
ST_1 : Operation 54 [1/1] (0.00ns)   --->   "%Sal_5_load = load i64 %Sal_5"   --->   Operation 54 'load' 'Sal_5_load' <Predicate = (icmp_ln56)> <Delay = 0.00>
ST_1 : Operation 55 [1/1] (0.00ns)   --->   "%Sal_6_load = load i64 %Sal_6"   --->   Operation 55 'load' 'Sal_6_load' <Predicate = (icmp_ln56)> <Delay = 0.00>
ST_1 : Operation 56 [1/1] (0.00ns)   --->   "%Sal_7_load = load i64 %Sal_7"   --->   Operation 56 'load' 'Sal_7_load' <Predicate = (icmp_ln56)> <Delay = 0.00>
ST_1 : Operation 57 [1/1] (0.00ns)   --->   "%write_ln0 = write void @_ssdm_op_Write.ap_auto.i64P0A, i64 %Sal_11_out, i64 %Sal_7_load"   --->   Operation 57 'write' 'write_ln0' <Predicate = (icmp_ln56)> <Delay = 0.00>
ST_1 : Operation 58 [1/1] (0.00ns)   --->   "%write_ln0 = write void @_ssdm_op_Write.ap_auto.i64P0A, i64 %Sal_10_out, i64 %Sal_6_load"   --->   Operation 58 'write' 'write_ln0' <Predicate = (icmp_ln56)> <Delay = 0.00>
ST_1 : Operation 59 [1/1] (0.00ns)   --->   "%write_ln0 = write void @_ssdm_op_Write.ap_auto.i64P0A, i64 %Sal_9_out, i64 %Sal_5_load"   --->   Operation 59 'write' 'write_ln0' <Predicate = (icmp_ln56)> <Delay = 0.00>
ST_1 : Operation 60 [1/1] (0.00ns)   --->   "%write_ln0 = write void @_ssdm_op_Write.ap_auto.i64P0A, i64 %Sal_8_out, i64 %Sal_load"   --->   Operation 60 'write' 'write_ln0' <Predicate = (icmp_ln56)> <Delay = 0.00>
ST_1 : Operation 61 [1/1] (0.00ns)   --->   "%write_ln0 = write void @_ssdm_op_Write.ap_auto.i2P0A, i2 %carry_16_out, i2 %carry_load"   --->   Operation 61 'write' 'write_ln0' <Predicate = (icmp_ln56)> <Delay = 0.00>
ST_1 : Operation 62 [1/1] (0.38ns)   --->   "%ret_ln0 = ret"   --->   Operation 62 'ret' 'ret_ln0' <Predicate = (icmp_ln56)> <Delay = 0.38>


============================================================
+ Verbose Summary: Binding
============================================================
STG Binding: 
---------------- STG Properties BEGIN ----------------
- Is combinational: 0
- Is one-state seq: 0
- Is datapath-only: 0
- Is pipelined: 0
- Is top level: 0
Port [ Return ] is wired: 1; IO mode=ap_ctrl_hs:ce=0
Port [ Al_reload]:  wired=1; compound=0; hidden=0; nouse=0; global=0; static=0; extern=0; dir=0; type=0; pingpong=0; private_global=0; IO mode=ap_none:ce=0
Port [ Al_1_reload]:  wired=1; compound=0; hidden=0; nouse=0; global=0; static=0; extern=0; dir=0; type=0; pingpong=0; private_global=0; IO mode=ap_none:ce=0
Port [ Al_2_reload]:  wired=1; compound=0; hidden=0; nouse=0; global=0; static=0; extern=0; dir=0; type=0; pingpong=0; private_global=0; IO mode=ap_none:ce=0
Port [ Al_3_reload]:  wired=1; compound=0; hidden=0; nouse=0; global=0; static=0; extern=0; dir=0; type=0; pingpong=0; private_global=0; IO mode=ap_none:ce=0
Port [ Ah_reload]:  wired=1; compound=0; hidden=0; nouse=0; global=0; static=0; extern=0; dir=0; type=0; pingpong=0; private_global=0; IO mode=ap_none:ce=0
Port [ Ah_1_reload]:  wired=1; compound=0; hidden=0; nouse=0; global=0; static=0; extern=0; dir=0; type=0; pingpong=0; private_global=0; IO mode=ap_none:ce=0
Port [ Ah_2_reload]:  wired=1; compound=0; hidden=0; nouse=0; global=0; static=0; extern=0; dir=0; type=0; pingpong=0; private_global=0; IO mode=ap_none:ce=0
Port [ Ah_3_reload]:  wired=1; compound=0; hidden=0; nouse=0; global=0; static=0; extern=0; dir=0; type=0; pingpong=0; private_global=0; IO mode=ap_none:ce=0
Port [ Sal_11_out]:  wired=1; compound=0; hidden=0; nouse=0; global=0; static=0; extern=0; dir=1; type=0; pingpong=0; private_global=0; IO mode=ap_vld:ce=0
Port [ Sal_10_out]:  wired=1; compound=0; hidden=0; nouse=0; global=0; static=0; extern=0; dir=1; type=0; pingpong=0; private_global=0; IO mode=ap_vld:ce=0
Port [ Sal_9_out]:  wired=1; compound=0; hidden=0; nouse=0; global=0; static=0; extern=0; dir=1; type=0; pingpong=0; private_global=0; IO mode=ap_vld:ce=0
Port [ Sal_8_out]:  wired=1; compound=0; hidden=0; nouse=0; global=0; static=0; extern=0; dir=1; type=0; pingpong=0; private_global=0; IO mode=ap_vld:ce=0
Port [ carry_16_out]:  wired=1; compound=0; hidden=0; nouse=0; global=0; static=0; extern=0; dir=1; type=0; pingpong=0; private_global=0; IO mode=ap_vld:ce=0
---------------- STG Properties END ------------------

---------------- Datapath Model BEGIN ----------------

<LifeTime>
<method=bitvector/>
carry                   (alloca           ) [ 01]
i                       (alloca           ) [ 01]
Sal                     (alloca           ) [ 01]
Sal_5                   (alloca           ) [ 01]
Sal_6                   (alloca           ) [ 01]
Sal_7                   (alloca           ) [ 01]
Ah_3_reload_read        (read             ) [ 00]
Ah_2_reload_read        (read             ) [ 00]
Ah_1_reload_read        (read             ) [ 00]
Ah_reload_read          (read             ) [ 00]
Al_3_reload_read        (read             ) [ 00]
Al_2_reload_read        (read             ) [ 00]
Al_1_reload_read        (read             ) [ 00]
Al_reload_read          (read             ) [ 00]
store_ln56              (store            ) [ 00]
store_ln55              (store            ) [ 00]
br_ln0                  (br               ) [ 00]
i_24                    (load             ) [ 00]
icmp_ln56               (icmp             ) [ 01]
add_ln56                (add              ) [ 00]
br_ln56                 (br               ) [ 00]
carry_load_5            (load             ) [ 00]
trunc_ln56              (trunc            ) [ 01]
specpipeline_ln58       (specpipeline     ) [ 00]
speclooptripcount_ln147 (speclooptripcount) [ 00]
specloopname_ln56       (specloopname     ) [ 00]
av                      (sparsemux        ) [ 00]
bv                      (sparsemux        ) [ 00]
zext_ln61               (zext             ) [ 00]
zext_ln61_13            (zext             ) [ 00]
zext_ln61_14            (zext             ) [ 00]
add_ln61                (add              ) [ 00]
zext_ln61_15            (zext             ) [ 00]
s                       (add              ) [ 00]
Sal_8                   (trunc            ) [ 00]
switch_ln62             (switch           ) [ 00]
store_ln147             (store            ) [ 00]
br_ln62                 (br               ) [ 00]
store_ln147             (store            ) [ 00]
br_ln62                 (br               ) [ 00]
store_ln147             (store            ) [ 00]
br_ln62                 (br               ) [ 00]
store_ln147             (store            ) [ 00]
br_ln62                 (br               ) [ 00]
carry_5                 (partselect       ) [ 00]
store_ln56              (store            ) [ 00]
store_ln55              (store            ) [ 00]
br_ln56                 (br               ) [ 00]
carry_load              (load             ) [ 00]
Sal_load                (load             ) [ 00]
Sal_5_load              (load             ) [ 00]
Sal_6_load              (load             ) [ 00]
Sal_7_load              (load             ) [ 00]
write_ln0               (write            ) [ 00]
write_ln0               (write            ) [ 00]
write_ln0               (write            ) [ 00]
write_ln0               (write            ) [ 00]
write_ln0               (write            ) [ 00]
ret_ln0                 (ret              ) [ 00]
</LifeTime>

<model>

<comp_list>
<comp id="0" class="1000" name="Al_reload">
<pin_list>
<pin id="1" dir="1" index="0" bw="1" slack="0"/>
</pin_list>
<bind>
<StgValue><ssdm name="Al_reload"/></StgValue>
</bind>
</comp>

<comp id="2" class="1000" name="Al_1_reload">
<pin_list>
<pin id="3" dir="1" index="0" bw="1" slack="0"/>
</pin_list>
<bind>
<StgValue><ssdm name="Al_1_reload"/></StgValue>
</bind>
</comp>

<comp id="4" class="1000" name="Al_2_reload">
<pin_list>
<pin id="5" dir="1" index="0" bw="1" slack="0"/>
</pin_list>
<bind>
<StgValue><ssdm name="Al_2_reload"/></StgValue>
</bind>
</comp>

<comp id="6" class="1000" name="Al_3_reload">
<pin_list>
<pin id="7" dir="1" index="0" bw="1" slack="0"/>
</pin_list>
<bind>
<StgValue><ssdm name="Al_3_reload"/></StgValue>
</bind>
</comp>

<comp id="8" class="1000" name="Ah_reload">
<pin_list>
<pin id="9" dir="1" index="0" bw="1" slack="0"/>
</pin_list>
<bind>
<StgValue><ssdm name="Ah_reload"/></StgValue>
</bind>
</comp>

<comp id="10" class="1000" name="Ah_1_reload">
<pin_list>
<pin id="11" dir="1" index="0" bw="1" slack="0"/>
</pin_list>
<bind>
<StgValue><ssdm name="Ah_1_reload"/></StgValue>
</bind>
</comp>

<comp id="12" class="1000" name="Ah_2_reload">
<pin_list>
<pin id="13" dir="1" index="0" bw="1" slack="0"/>
</pin_list>
<bind>
<StgValue><ssdm name="Ah_2_reload"/></StgValue>
</bind>
</comp>

<comp id="14" class="1000" name="Ah_3_reload">
<pin_list>
<pin id="15" dir="1" index="0" bw="1" slack="0"/>
</pin_list>
<bind>
<StgValue><ssdm name="Ah_3_reload"/></StgValue>
</bind>
</comp>

<comp id="16" class="1000" name="Sal_11_out">
<pin_list>
<pin id="17" dir="1" index="0" bw="1" slack="0"/>
</pin_list>
<bind>
<StgValue><ssdm name="Sal_11_out"/></StgValue>
</bind>
</comp>

<comp id="18" class="1000" name="Sal_10_out">
<pin_list>
<pin id="19" dir="1" index="0" bw="1" slack="0"/>
</pin_list>
<bind>
<StgValue><ssdm name="Sal_10_out"/></StgValue>
</bind>
</comp>

<comp id="20" class="1000" name="Sal_9_out">
<pin_list>
<pin id="21" dir="1" index="0" bw="1" slack="0"/>
</pin_list>
<bind>
<StgValue><ssdm name="Sal_9_out"/></StgValue>
</bind>
</comp>

<comp id="22" class="1000" name="Sal_8_out">
<pin_list>
<pin id="23" dir="1" index="0" bw="1" slack="0"/>
</pin_list>
<bind>
<StgValue><ssdm name="Sal_8_out"/></StgValue>
</bind>
</comp>

<comp id="24" class="1000" name="carry_16_out">
<pin_list>
<pin id="25" dir="1" index="0" bw="1" slack="0"/>
</pin_list>
<bind>
<StgValue><ssdm name="carry_16_out"/></StgValue>
</bind>
</comp>

<comp id="26" class="1001" name="const_26">
<pin_list>
<pin id="27" dir="1" index="0" bw="1" slack="0"/>
</pin_list>
<bind>
<StgValue><ssdm name=""/></StgValue>
</bind>
</comp>

<comp id="28" class="1001" name="const_28">
<pin_list>
<pin id="29" dir="1" index="0" bw="1" slack="0"/>
</pin_list>
<bind>
<StgValue><ssdm name="_ssdm_op_Read.ap_auto.i64"/></StgValue>
</bind>
</comp>

<comp id="30" class="1001" name="const_30">
<pin_list>
<pin id="31" dir="1" index="0" bw="1" slack="0"/>
</pin_list>
<bind>
<StgValue><ssdm name=""/></StgValue>
</bind>
</comp>

<comp id="32" class="1001" name="const_32">
<pin_list>
<pin id="33" dir="1" index="0" bw="1" slack="0"/>
</pin_list>
<bind>
<StgValue><ssdm name=""/></StgValue>
</bind>
</comp>

<comp id="34" class="1001" name="const_34">
<pin_list>
<pin id="35" dir="1" index="0" bw="1" slack="0"/>
</pin_list>
<bind>
<StgValue><ssdm name=""/></StgValue>
</bind>
</comp>

<comp id="36" class="1001" name="const_36">
<pin_list>
<pin id="37" dir="1" index="0" bw="1" slack="0"/>
</pin_list>
<bind>
<StgValue><ssdm name=""/></StgValue>
</bind>
</comp>

<comp id="38" class="1001" name="const_38">
<pin_list>
<pin id="39" dir="1" index="0" bw="1" slack="2147483647"/>
</pin_list>
<bind>
<StgValue><ssdm name="_ssdm_op_SpecPipeline"/></StgValue>
</bind>
</comp>

<comp id="40" class="1001" name="const_40">
<pin_list>
<pin id="41" dir="1" index="0" bw="1" slack="2147483647"/>
</pin_list>
<bind>
<StgValue><ssdm name=""/></StgValue>
</bind>
</comp>

<comp id="42" class="1001" name="const_42">
<pin_list>
<pin id="43" dir="1" index="0" bw="1" slack="2147483647"/>
</pin_list>
<bind>
<StgValue><ssdm name="empty_0"/></StgValue>
</bind>
</comp>

<comp id="44" class="1001" name="const_44">
<pin_list>
<pin id="45" dir="1" index="0" bw="1" slack="2147483647"/>
</pin_list>
<bind>
<StgValue><ssdm name="_ssdm_op_SpecLoopTripCount"/></StgValue>
</bind>
</comp>

<comp id="46" class="1001" name="const_46">
<pin_list>
<pin id="47" dir="1" index="0" bw="1" slack="2147483647"/>
</pin_list>
<bind>
<StgValue><ssdm name=""/></StgValue>
</bind>
</comp>

<comp id="48" class="1001" name="const_48">
<pin_list>
<pin id="49" dir="1" index="0" bw="1" slack="2147483647"/>
</pin_list>
<bind>
<StgValue><ssdm name="_ssdm_op_SpecLoopName"/></StgValue>
</bind>
</comp>

<comp id="50" class="1001" name="const_50">
<pin_list>
<pin id="51" dir="1" index="0" bw="1" slack="2147483647"/>
</pin_list>
<bind>
<StgValue><ssdm name="empty_9"/></StgValue>
</bind>
</comp>

<comp id="52" class="1001" name="const_52">
<pin_list>
<pin id="53" dir="1" index="0" bw="1" slack="0"/>
</pin_list>
<bind>
<StgValue><ssdm name="_ssdm_op_SparseMux.ap_auto.4i64.i64.i2"/></StgValue>
</bind>
</comp>

<comp id="54" class="1001" name="const_54">
<pin_list>
<pin id="55" dir="1" index="0" bw="1" slack="0"/>
</pin_list>
<bind>
<StgValue><ssdm name=""/></StgValue>
</bind>
</comp>

<comp id="56" class="1001" name="const_56">
<pin_list>
<pin id="57" dir="1" index="0" bw="1" slack="0"/>
</pin_list>
<bind>
<StgValue><ssdm name=""/></StgValue>
</bind>
</comp>

<comp id="58" class="1001" name="const_58">
<pin_list>
<pin id="59" dir="1" index="0" bw="1" slack="0"/>
</pin_list>
<bind>
<StgValue><ssdm name=""/></StgValue>
</bind>
</comp>

<comp id="60" class="1001" name="const_60">
<pin_list>
<pin id="61" dir="1" index="0" bw="1" slack="0"/>
</pin_list>
<bind>
<StgValue><ssdm name=""/></StgValue>
</bind>
</comp>

<comp id="62" class="1001" name="const_62">
<pin_list>
<pin id="63" dir="1" index="0" bw="1" slack="0"/>
</pin_list>
<bind>
<StgValue><ssdm name="_ssdm_op_PartSelect.i2.i66.i32"/></StgValue>
</bind>
</comp>

<comp id="64" class="1001" name="const_64">
<pin_list>
<pin id="65" dir="1" index="0" bw="1" slack="0"/>
</pin_list>
<bind>
<StgValue><ssdm name=""/></StgValue>
</bind>
</comp>

<comp id="66" class="1001" name="const_66">
<pin_list>
<pin id="67" dir="1" index="0" bw="1" slack="0"/>
</pin_list>
<bind>
<StgValue><ssdm name="_ssdm_op_Write.ap_auto.i64P0A"/></StgValue>
</bind>
</comp>

<comp id="68" class="1001" name="const_68">
<pin_list>
<pin id="69" dir="1" index="0" bw="1" slack="0"/>
</pin_list>
<bind>
<StgValue><ssdm name="_ssdm_op_Write.ap_auto.i2P0A"/></StgValue>
</bind>
</comp>

<comp id="70" class="1004" name="carry_fu_70">
<pin_list>
<pin id="71" dir="0" index="0" bw="1" slack="0"/>
<pin id="72" dir="1" index="1" bw="2" slack="0"/>
</pin_list>
<bind>
<opcode="alloca(26) " fcode="alloca"/>
<opset="carry/1 "/>
</bind>
</comp>

<comp id="74" class="1004" name="i_fu_74">
<pin_list>
<pin id="75" dir="0" index="0" bw="1" slack="0"/>
<pin id="76" dir="1" index="1" bw="3" slack="0"/>
</pin_list>
<bind>
<opcode="alloca(26) " fcode="alloca"/>
<opset="i/1 "/>
</bind>
</comp>

<comp id="78" class="1004" name="Sal_fu_78">
<pin_list>
<pin id="79" dir="0" index="0" bw="1" slack="0"/>
<pin id="80" dir="1" index="1" bw="64" slack="0"/>
</pin_list>
<bind>
<opcode="alloca(26) " fcode="alloca"/>
<opset="Sal/1 "/>
</bind>
</comp>

<comp id="82" class="1004" name="Sal_5_fu_82">
<pin_list>
<pin id="83" dir="0" index="0" bw="1" slack="0"/>
<pin id="84" dir="1" index="1" bw="64" slack="0"/>
</pin_list>
<bind>
<opcode="alloca(26) " fcode="alloca"/>
<opset="Sal_5/1 "/>
</bind>
</comp>

<comp id="86" class="1004" name="Sal_6_fu_86">
<pin_list>
<pin id="87" dir="0" index="0" bw="1" slack="0"/>
<pin id="88" dir="1" index="1" bw="64" slack="0"/>
</pin_list>
<bind>
<opcode="alloca(26) " fcode="alloca"/>
<opset="Sal_6/1 "/>
</bind>
</comp>

<comp id="90" class="1004" name="Sal_7_fu_90">
<pin_list>
<pin id="91" dir="0" index="0" bw="1" slack="0"/>
<pin id="92" dir="1" index="1" bw="64" slack="0"/>
</pin_list>
<bind>
<opcode="alloca(26) " fcode="alloca"/>
<opset="Sal_7/1 "/>
</bind>
</comp>

<comp id="94" class="1004" name="Ah_3_reload_read_read_fu_94">
<pin_list>
<pin id="95" dir="0" index="0" bw="64" slack="0"/>
<pin id="96" dir="0" index="1" bw="64" slack="0"/>
<pin id="97" dir="1" index="2" bw="64" slack="0"/>
</pin_list>
<bind>
<opcode="read(1150) " fcode="read"/>
<opset="Ah_3_reload_read/1 "/>
</bind>
</comp>

<comp id="100" class="1004" name="Ah_2_reload_read_read_fu_100">
<pin_list>
<pin id="101" dir="0" index="0" bw="64" slack="0"/>
<pin id="102" dir="0" index="1" bw="64" slack="0"/>
<pin id="103" dir="1" index="2" bw="64" slack="0"/>
</pin_list>
<bind>
<opcode="read(1150) " fcode="read"/>
<opset="Ah_2_reload_read/1 "/>
</bind>
</comp>

<comp id="106" class="1004" name="Ah_1_reload_read_read_fu_106">
<pin_list>
<pin id="107" dir="0" index="0" bw="64" slack="0"/>
<pin id="108" dir="0" index="1" bw="64" slack="0"/>
<pin id="109" dir="1" index="2" bw="64" slack="0"/>
</pin_list>
<bind>
<opcode="read(1150) " fcode="read"/>
<opset="Ah_1_reload_read/1 "/>
</bind>
</comp>

<comp id="112" class="1004" name="Ah_reload_read_read_fu_112">
<pin_list>
<pin id="113" dir="0" index="0" bw="64" slack="0"/>
<pin id="114" dir="0" index="1" bw="64" slack="0"/>
<pin id="115" dir="1" index="2" bw="64" slack="0"/>
</pin_list>
<bind>
<opcode="read(1150) " fcode="read"/>
<opset="Ah_reload_read/1 "/>
</bind>
</comp>

<comp id="118" class="1004" name="Al_3_reload_read_read_fu_118">
<pin_list>
<pin id="119" dir="0" index="0" bw="64" slack="0"/>
<pin id="120" dir="0" index="1" bw="64" slack="0"/>
<pin id="121" dir="1" index="2" bw="64" slack="0"/>
</pin_list>
<bind>
<opcode="read(1150) " fcode="read"/>
<opset="Al_3_reload_read/1 "/>
</bind>
</comp>

<comp id="124" class="1004" name="Al_2_reload_read_read_fu_124">
<pin_list>
<pin id="125" dir="0" index="0" bw="64" slack="0"/>
<pin id="126" dir="0" index="1" bw="64" slack="0"/>
<pin id="127" dir="1" index="2" bw="64" slack="0"/>
</pin_list>
<bind>
<opcode="read(1150) " fcode="read"/>
<opset="Al_2_reload_read/1 "/>
</bind>
</comp>

<comp id="130" class="1004" name="Al_1_reload_read_read_fu_130">
<pin_list>
<pin id="131" dir="0" index="0" bw="64" slack="0"/>
<pin id="132" dir="0" index="1" bw="64" slack="0"/>
<pin id="133" dir="1" index="2" bw="64" slack="0"/>
</pin_list>
<bind>
<opcode="read(1150) " fcode="read"/>
<opset="Al_1_reload_read/1 "/>
</bind>
</comp>

<comp id="136" class="1004" name="Al_reload_read_read_fu_136">
<pin_list>
<pin id="137" dir="0" index="0" bw="64" slack="0"/>
<pin id="138" dir="0" index="1" bw="64" slack="0"/>
<pin id="139" dir="1" index="2" bw="64" slack="0"/>
</pin_list>
<bind>
<opcode="read(1150) " fcode="read"/>
<opset="Al_reload_read/1 "/>
</bind>
</comp>

<comp id="142" class="1004" name="write_ln0_write_fu_142">
<pin_list>
<pin id="143" dir="0" index="0" bw="0" slack="0"/>
<pin id="144" dir="0" index="1" bw="64" slack="0"/>
<pin id="145" dir="0" index="2" bw="64" slack="0"/>
<pin id="146" dir="1" index="3" bw="0" slack="2147483647"/>
</pin_list>
<bind>
<opcode="write(1151) " fcode="write"/>
<opset="write_ln0/1 "/>
</bind>
</comp>

<comp id="149" class="1004" name="write_ln0_write_fu_149">
<pin_list>
<pin id="150" dir="0" index="0" bw="0" slack="0"/>
<pin id="151" dir="0" index="1" bw="64" slack="0"/>
<pin id="152" dir="0" index="2" bw="64" slack="0"/>
<pin id="153" dir="1" index="3" bw="0" slack="2147483647"/>
</pin_list>
<bind>
<opcode="write(1151) " fcode="write"/>
<opset="write_ln0/1 "/>
</bind>
</comp>

<comp id="156" class="1004" name="write_ln0_write_fu_156">
<pin_list>
<pin id="157" dir="0" index="0" bw="0" slack="0"/>
<pin id="158" dir="0" index="1" bw="64" slack="0"/>
<pin id="159" dir="0" index="2" bw="64" slack="0"/>
<pin id="160" dir="1" index="3" bw="0" slack="2147483647"/>
</pin_list>
<bind>
<opcode="write(1151) " fcode="write"/>
<opset="write_ln0/1 "/>
</bind>
</comp>

<comp id="163" class="1004" name="write_ln0_write_fu_163">
<pin_list>
<pin id="164" dir="0" index="0" bw="0" slack="0"/>
<pin id="165" dir="0" index="1" bw="64" slack="0"/>
<pin id="166" dir="0" index="2" bw="64" slack="0"/>
<pin id="167" dir="1" index="3" bw="0" slack="2147483647"/>
</pin_list>
<bind>
<opcode="write(1151) " fcode="write"/>
<opset="write_ln0/1 "/>
</bind>
</comp>

<comp id="170" class="1004" name="write_ln0_write_fu_170">
<pin_list>
<pin id="171" dir="0" index="0" bw="0" slack="0"/>
<pin id="172" dir="0" index="1" bw="2" slack="0"/>
<pin id="173" dir="0" index="2" bw="2" slack="0"/>
<pin id="174" dir="1" index="3" bw="0" slack="2147483647"/>
</pin_list>
<bind>
<opcode="write(1151) " fcode="write"/>
<opset="write_ln0/1 "/>
</bind>
</comp>

<comp id="177" class="1004" name="store_ln56_store_fu_177">
<pin_list>
<pin id="178" dir="0" index="0" bw="1" slack="0"/>
<pin id="179" dir="0" index="1" bw="3" slack="0"/>
<pin id="180" dir="1" index="2" bw="0" slack="2147483647"/>
</pin_list>
<bind>
<opcode="store(28) " fcode="store"/>
<opset="store_ln56/1 "/>
</bind>
</comp>

<comp id="182" class="1004" name="store_ln55_store_fu_182">
<pin_list>
<pin id="183" dir="0" index="0" bw="1" slack="0"/>
<pin id="184" dir="0" index="1" bw="2" slack="0"/>
<pin id="185" dir="1" index="2" bw="0" slack="2147483647"/>
</pin_list>
<bind>
<opcode="store(28) " fcode="store"/>
<opset="store_ln55/1 "/>
</bind>
</comp>

<comp id="187" class="1004" name="i_24_load_fu_187">
<pin_list>
<pin id="188" dir="0" index="0" bw="3" slack="0"/>
<pin id="189" dir="1" index="1" bw="3" slack="0"/>
</pin_list>
<bind>
<opcode="load(27) " fcode="load"/>
<opset="i_24/1 "/>
</bind>
</comp>

<comp id="190" class="1004" name="icmp_ln56_fu_190">
<pin_list>
<pin id="191" dir="0" index="0" bw="3" slack="0"/>
<pin id="192" dir="0" index="1" bw="3" slack="0"/>
<pin id="193" dir="1" index="2" bw="1" slack="2147483647"/>
</pin_list>
<bind>
<opcode="icmp(45) " fcode="icmp"/>
<opset="icmp_ln56/1 "/>
</bind>
</comp>

<comp id="196" class="1004" name="add_ln56_fu_196">
<pin_list>
<pin id="197" dir="0" index="0" bw="3" slack="0"/>
<pin id="198" dir="0" index="1" bw="1" slack="0"/>
<pin id="199" dir="1" index="2" bw="3" slack="0"/>
</pin_list>
<bind>
<opcode="add(8) " fcode="add"/>
<opset="add_ln56/1 "/>
</bind>
</comp>

<comp id="202" class="1004" name="carry_load_5_load_fu_202">
<pin_list>
<pin id="203" dir="0" index="0" bw="2" slack="0"/>
<pin id="204" dir="1" index="1" bw="2" slack="0"/>
</pin_list>
<bind>
<opcode="load(27) " fcode="load"/>
<opset="carry_load_5/1 "/>
</bind>
</comp>

<comp id="205" class="1004" name="trunc_ln56_fu_205">
<pin_list>
<pin id="206" dir="0" index="0" bw="3" slack="0"/>
<pin id="207" dir="1" index="1" bw="2" slack="0"/>
</pin_list>
<bind>
<opcode="trunc(33) " fcode="trunc"/>
<opset="trunc_ln56/1 "/>
</bind>
</comp>

<comp id="209" class="1004" name="av_fu_209">
<pin_list>
<pin id="210" dir="0" index="0" bw="64" slack="0"/>
<pin id="211" dir="0" index="1" bw="2" slack="0"/>
<pin id="212" dir="0" index="2" bw="64" slack="0"/>
<pin id="213" dir="0" index="3" bw="2" slack="0"/>
<pin id="214" dir="0" index="4" bw="64" slack="0"/>
<pin id="215" dir="0" index="5" bw="2" slack="0"/>
<pin id="216" dir="0" index="6" bw="64" slack="0"/>
<pin id="217" dir="0" index="7" bw="2" slack="0"/>
<pin id="218" dir="0" index="8" bw="64" slack="0"/>
<pin id="219" dir="0" index="9" bw="64" slack="0"/>
<pin id="220" dir="0" index="10" bw="2" slack="0"/>
<pin id="221" dir="1" index="11" bw="64" slack="0"/>
</pin_list>
<bind>
<opcode="sparsemux(1197) " fcode="sparsemux"/>
<opset="av/1 "/>
</bind>
</comp>

<comp id="233" class="1004" name="bv_fu_233">
<pin_list>
<pin id="234" dir="0" index="0" bw="64" slack="0"/>
<pin id="235" dir="0" index="1" bw="2" slack="0"/>
<pin id="236" dir="0" index="2" bw="64" slack="0"/>
<pin id="237" dir="0" index="3" bw="2" slack="0"/>
<pin id="238" dir="0" index="4" bw="64" slack="0"/>
<pin id="239" dir="0" index="5" bw="2" slack="0"/>
<pin id="240" dir="0" index="6" bw="64" slack="0"/>
<pin id="241" dir="0" index="7" bw="2" slack="0"/>
<pin id="242" dir="0" index="8" bw="64" slack="0"/>
<pin id="243" dir="0" index="9" bw="64" slack="0"/>
<pin id="244" dir="0" index="10" bw="2" slack="0"/>
<pin id="245" dir="1" index="11" bw="64" slack="0"/>
</pin_list>
<bind>
<opcode="sparsemux(1197) " fcode="sparsemux"/>
<opset="bv/1 "/>
</bind>
</comp>

<comp id="257" class="1004" name="zext_ln61_fu_257">
<pin_list>
<pin id="258" dir="0" index="0" bw="64" slack="0"/>
<pin id="259" dir="1" index="1" bw="65" slack="0"/>
</pin_list>
<bind>
<opcode="zext(34) " fcode="zext"/>
<opset="zext_ln61/1 "/>
</bind>
</comp>

<comp id="261" class="1004" name="zext_ln61_13_fu_261">
<pin_list>
<pin id="262" dir="0" index="0" bw="64" slack="0"/>
<pin id="263" dir="1" index="1" bw="65" slack="0"/>
</pin_list>
<bind>
<opcode="zext(34) " fcode="zext"/>
<opset="zext_ln61_13/1 "/>
</bind>
</comp>

<comp id="265" class="1004" name="zext_ln61_14_fu_265">
<pin_list>
<pin id="266" dir="0" index="0" bw="2" slack="0"/>
<pin id="267" dir="1" index="1" bw="66" slack="0"/>
</pin_list>
<bind>
<opcode="zext(34) " fcode="zext"/>
<opset="zext_ln61_14/1 "/>
</bind>
</comp>

<comp id="269" class="1004" name="add_ln61_fu_269">
<pin_list>
<pin id="270" dir="0" index="0" bw="64" slack="0"/>
<pin id="271" dir="0" index="1" bw="64" slack="0"/>
<pin id="272" dir="1" index="2" bw="65" slack="0"/>
</pin_list>
<bind>
<opcode="add(8) " fcode="add"/>
<opset="add_ln61/1 "/>
</bind>
</comp>

<comp id="275" class="1004" name="zext_ln61_15_fu_275">
<pin_list>
<pin id="276" dir="0" index="0" bw="65" slack="0"/>
<pin id="277" dir="1" index="1" bw="66" slack="0"/>
</pin_list>
<bind>
<opcode="zext(34) " fcode="zext"/>
<opset="zext_ln61_15/1 "/>
</bind>
</comp>

<comp id="279" class="1004" name="s_fu_279">
<pin_list>
<pin id="280" dir="0" index="0" bw="65" slack="0"/>
<pin id="281" dir="0" index="1" bw="2" slack="0"/>
<pin id="282" dir="1" index="2" bw="66" slack="0"/>
</pin_list>
<bind>
<opcode="add(8) " fcode="add"/>
<opset="s/1 "/>
</bind>
</comp>

<comp id="285" class="1004" name="Sal_8_fu_285">
<pin_list>
<pin id="286" dir="0" index="0" bw="66" slack="0"/>
<pin id="287" dir="1" index="1" bw="64" slack="0"/>
</pin_list>
<bind>
<opcode="trunc(33) " fcode="trunc"/>
<opset="Sal_8/1 "/>
</bind>
</comp>

<comp id="289" class="1004" name="store_ln147_store_fu_289">
<pin_list>
<pin id="290" dir="0" index="0" bw="64" slack="0"/>
<pin id="291" dir="0" index="1" bw="64" slack="0"/>
<pin id="292" dir="1" index="2" bw="0" slack="2147483647"/>
</pin_list>
<bind>
<opcode="store(28) " fcode="store"/>
<opset="store_ln147/1 "/>
</bind>
</comp>

<comp id="294" class="1004" name="store_ln147_store_fu_294">
<pin_list>
<pin id="295" dir="0" index="0" bw="64" slack="0"/>
<pin id="296" dir="0" index="1" bw="64" slack="0"/>
<pin id="297" dir="1" index="2" bw="0" slack="2147483647"/>
</pin_list>
<bind>
<opcode="store(28) " fcode="store"/>
<opset="store_ln147/1 "/>
</bind>
</comp>

<comp id="299" class="1004" name="store_ln147_store_fu_299">
<pin_list>
<pin id="300" dir="0" index="0" bw="64" slack="0"/>
<pin id="301" dir="0" index="1" bw="64" slack="0"/>
<pin id="302" dir="1" index="2" bw="0" slack="2147483647"/>
</pin_list>
<bind>
<opcode="store(28) " fcode="store"/>
<opset="store_ln147/1 "/>
</bind>
</comp>

<comp id="304" class="1004" name="store_ln147_store_fu_304">
<pin_list>
<pin id="305" dir="0" index="0" bw="64" slack="0"/>
<pin id="306" dir="0" index="1" bw="64" slack="0"/>
<pin id="307" dir="1" index="2" bw="0" slack="2147483647"/>
</pin_list>
<bind>
<opcode="store(28) " fcode="store"/>
<opset="store_ln147/1 "/>
</bind>
</comp>

<comp id="309" class="1004" name="carry_5_fu_309">
<pin_list>
<pin id="310" dir="0" index="0" bw="2" slack="0"/>
<pin id="311" dir="0" index="1" bw="66" slack="0"/>
<pin id="312" dir="0" index="2" bw="8" slack="0"/>
<pin id="313" dir="1" index="3" bw="2" slack="0"/>
</pin_list>
<bind>
<opcode="partselect(1002) " fcode="partselect"/>
<opset="carry_5/1 "/>
</bind>
</comp>

<comp id="317" class="1004" name="store_ln56_store_fu_317">
<pin_list>
<pin id="318" dir="0" index="0" bw="3" slack="0"/>
<pin id="319" dir="0" index="1" bw="3" slack="0"/>
<pin id="320" dir="1" index="2" bw="0" slack="2147483647"/>
</pin_list>
<bind>
<opcode="store(28) " fcode="store"/>
<opset="store_ln56/1 "/>
</bind>
</comp>

<comp id="322" class="1004" name="store_ln55_store_fu_322">
<pin_list>
<pin id="323" dir="0" index="0" bw="2" slack="0"/>
<pin id="324" dir="0" index="1" bw="2" slack="0"/>
<pin id="325" dir="1" index="2" bw="0" slack="2147483647"/>
</pin_list>
<bind>
<opcode="store(28) " fcode="store"/>
<opset="store_ln55/1 "/>
</bind>
</comp>

<comp id="327" class="1004" name="carry_load_load_fu_327">
<pin_list>
<pin id="328" dir="0" index="0" bw="2" slack="0"/>
<pin id="329" dir="1" index="1" bw="2" slack="0"/>
</pin_list>
<bind>
<opcode="load(27) " fcode="load"/>
<opset="carry_load/1 "/>
</bind>
</comp>

<comp id="331" class="1004" name="Sal_load_load_fu_331">
<pin_list>
<pin id="332" dir="0" index="0" bw="64" slack="0"/>
<pin id="333" dir="1" index="1" bw="64" slack="0"/>
</pin_list>
<bind>
<opcode="load(27) " fcode="load"/>
<opset="Sal_load/1 "/>
</bind>
</comp>

<comp id="335" class="1004" name="Sal_5_load_load_fu_335">
<pin_list>
<pin id="336" dir="0" index="0" bw="64" slack="0"/>
<pin id="337" dir="1" index="1" bw="64" slack="0"/>
</pin_list>
<bind>
<opcode="load(27) " fcode="load"/>
<opset="Sal_5_load/1 "/>
</bind>
</comp>

<comp id="339" class="1004" name="Sal_6_load_load_fu_339">
<pin_list>
<pin id="340" dir="0" index="0" bw="64" slack="0"/>
<pin id="341" dir="1" index="1" bw="64" slack="0"/>
</pin_list>
<bind>
<opcode="load(27) " fcode="load"/>
<opset="Sal_6_load/1 "/>
</bind>
</comp>

<comp id="343" class="1004" name="Sal_7_load_load_fu_343">
<pin_list>
<pin id="344" dir="0" index="0" bw="64" slack="0"/>
<pin id="345" dir="1" index="1" bw="64" slack="0"/>
</pin_list>
<bind>
<opcode="load(27) " fcode="load"/>
<opset="Sal_7_load/1 "/>
</bind>
</comp>

<comp id="347" class="1005" name="carry_reg_347">
<pin_list>
<pin id="348" dir="0" index="0" bw="2" slack="0"/>
<pin id="349" dir="1" index="1" bw="2" slack="0"/>
</pin_list>
<bind>
<opset="carry "/>
</bind>
</comp>

<comp id="355" class="1005" name="i_reg_355">
<pin_list>
<pin id="356" dir="0" index="0" bw="3" slack="0"/>
<pin id="357" dir="1" index="1" bw="3" slack="0"/>
</pin_list>
<bind>
<opset="i "/>
</bind>
</comp>

<comp id="362" class="1005" name="Sal_reg_362">
<pin_list>
<pin id="363" dir="0" index="0" bw="64" slack="0"/>
<pin id="364" dir="1" index="1" bw="64" slack="0"/>
</pin_list>
<bind>
<opset="Sal "/>
</bind>
</comp>

<comp id="368" class="1005" name="Sal_5_reg_368">
<pin_list>
<pin id="369" dir="0" index="0" bw="64" slack="0"/>
<pin id="370" dir="1" index="1" bw="64" slack="0"/>
</pin_list>
<bind>
<opset="Sal_5 "/>
</bind>
</comp>

<comp id="374" class="1005" name="Sal_6_reg_374">
<pin_list>
<pin id="375" dir="0" index="0" bw="64" slack="0"/>
<pin id="376" dir="1" index="1" bw="64" slack="0"/>
</pin_list>
<bind>
<opset="Sal_6 "/>
</bind>
</comp>

<comp id="380" class="1005" name="Sal_7_reg_380">
<pin_list>
<pin id="381" dir="0" index="0" bw="64" slack="0"/>
<pin id="382" dir="1" index="1" bw="64" slack="0"/>
</pin_list>
<bind>
<opset="Sal_7 "/>
</bind>
</comp>

</comp_list>

<net_list>
<net id="73"><net_src comp="26" pin="0"/><net_sink comp="70" pin=0"/></net>

<net id="77"><net_src comp="26" pin="0"/><net_sink comp="74" pin=0"/></net>

<net id="81"><net_src comp="26" pin="0"/><net_sink comp="78" pin=0"/></net>

<net id="85"><net_src comp="26" pin="0"/><net_sink comp="82" pin=0"/></net>

<net id="89"><net_src comp="26" pin="0"/><net_sink comp="86" pin=0"/></net>

<net id="93"><net_src comp="26" pin="0"/><net_sink comp="90" pin=0"/></net>

<net id="98"><net_src comp="28" pin="0"/><net_sink comp="94" pin=0"/></net>

<net id="99"><net_src comp="14" pin="0"/><net_sink comp="94" pin=1"/></net>

<net id="104"><net_src comp="28" pin="0"/><net_sink comp="100" pin=0"/></net>

<net id="105"><net_src comp="12" pin="0"/><net_sink comp="100" pin=1"/></net>

<net id="110"><net_src comp="28" pin="0"/><net_sink comp="106" pin=0"/></net>

<net id="111"><net_src comp="10" pin="0"/><net_sink comp="106" pin=1"/></net>

<net id="116"><net_src comp="28" pin="0"/><net_sink comp="112" pin=0"/></net>

<net id="117"><net_src comp="8" pin="0"/><net_sink comp="112" pin=1"/></net>

<net id="122"><net_src comp="28" pin="0"/><net_sink comp="118" pin=0"/></net>

<net id="123"><net_src comp="6" pin="0"/><net_sink comp="118" pin=1"/></net>

<net id="128"><net_src comp="28" pin="0"/><net_sink comp="124" pin=0"/></net>

<net id="129"><net_src comp="4" pin="0"/><net_sink comp="124" pin=1"/></net>

<net id="134"><net_src comp="28" pin="0"/><net_sink comp="130" pin=0"/></net>

<net id="135"><net_src comp="2" pin="0"/><net_sink comp="130" pin=1"/></net>

<net id="140"><net_src comp="28" pin="0"/><net_sink comp="136" pin=0"/></net>

<net id="141"><net_src comp="0" pin="0"/><net_sink comp="136" pin=1"/></net>

<net id="147"><net_src comp="66" pin="0"/><net_sink comp="142" pin=0"/></net>

<net id="148"><net_src comp="16" pin="0"/><net_sink comp="142" pin=1"/></net>

<net id="154"><net_src comp="66" pin="0"/><net_sink comp="149" pin=0"/></net>

<net id="155"><net_src comp="18" pin="0"/><net_sink comp="149" pin=1"/></net>

<net id="161"><net_src comp="66" pin="0"/><net_sink comp="156" pin=0"/></net>

<net id="162"><net_src comp="20" pin="0"/><net_sink comp="156" pin=1"/></net>

<net id="168"><net_src comp="66" pin="0"/><net_sink comp="163" pin=0"/></net>

<net id="169"><net_src comp="22" pin="0"/><net_sink comp="163" pin=1"/></net>

<net id="175"><net_src comp="68" pin="0"/><net_sink comp="170" pin=0"/></net>

<net id="176"><net_src comp="24" pin="0"/><net_sink comp="170" pin=1"/></net>

<net id="181"><net_src comp="30" pin="0"/><net_sink comp="177" pin=0"/></net>

<net id="186"><net_src comp="32" pin="0"/><net_sink comp="182" pin=0"/></net>

<net id="194"><net_src comp="187" pin="1"/><net_sink comp="190" pin=0"/></net>

<net id="195"><net_src comp="34" pin="0"/><net_sink comp="190" pin=1"/></net>

<net id="200"><net_src comp="187" pin="1"/><net_sink comp="196" pin=0"/></net>

<net id="201"><net_src comp="36" pin="0"/><net_sink comp="196" pin=1"/></net>

<net id="208"><net_src comp="187" pin="1"/><net_sink comp="205" pin=0"/></net>

<net id="222"><net_src comp="52" pin="0"/><net_sink comp="209" pin=0"/></net>

<net id="223"><net_src comp="32" pin="0"/><net_sink comp="209" pin=1"/></net>

<net id="224"><net_src comp="136" pin="2"/><net_sink comp="209" pin=2"/></net>

<net id="225"><net_src comp="54" pin="0"/><net_sink comp="209" pin=3"/></net>

<net id="226"><net_src comp="130" pin="2"/><net_sink comp="209" pin=4"/></net>

<net id="227"><net_src comp="56" pin="0"/><net_sink comp="209" pin=5"/></net>

<net id="228"><net_src comp="124" pin="2"/><net_sink comp="209" pin=6"/></net>

<net id="229"><net_src comp="58" pin="0"/><net_sink comp="209" pin=7"/></net>

<net id="230"><net_src comp="118" pin="2"/><net_sink comp="209" pin=8"/></net>

<net id="231"><net_src comp="60" pin="0"/><net_sink comp="209" pin=9"/></net>

<net id="232"><net_src comp="205" pin="1"/><net_sink comp="209" pin=10"/></net>

<net id="246"><net_src comp="52" pin="0"/><net_sink comp="233" pin=0"/></net>

<net id="247"><net_src comp="32" pin="0"/><net_sink comp="233" pin=1"/></net>

<net id="248"><net_src comp="112" pin="2"/><net_sink comp="233" pin=2"/></net>

<net id="249"><net_src comp="54" pin="0"/><net_sink comp="233" pin=3"/></net>

<net id="250"><net_src comp="106" pin="2"/><net_sink comp="233" pin=4"/></net>

<net id="251"><net_src comp="56" pin="0"/><net_sink comp="233" pin=5"/></net>

<net id="252"><net_src comp="100" pin="2"/><net_sink comp="233" pin=6"/></net>

<net id="253"><net_src comp="58" pin="0"/><net_sink comp="233" pin=7"/></net>

<net id="254"><net_src comp="94" pin="2"/><net_sink comp="233" pin=8"/></net>

<net id="255"><net_src comp="60" pin="0"/><net_sink comp="233" pin=9"/></net>

<net id="256"><net_src comp="205" pin="1"/><net_sink comp="233" pin=10"/></net>

<net id="260"><net_src comp="209" pin="11"/><net_sink comp="257" pin=0"/></net>

<net id="264"><net_src comp="233" pin="11"/><net_sink comp="261" pin=0"/></net>

<net id="268"><net_src comp="202" pin="1"/><net_sink comp="265" pin=0"/></net>

<net id="273"><net_src comp="257" pin="1"/><net_sink comp="269" pin=0"/></net>

<net id="274"><net_src comp="261" pin="1"/><net_sink comp="269" pin=1"/></net>

<net id="278"><net_src comp="269" pin="2"/><net_sink comp="275" pin=0"/></net>

<net id="283"><net_src comp="275" pin="1"/><net_sink comp="279" pin=0"/></net>

<net id="284"><net_src comp="265" pin="1"/><net_sink comp="279" pin=1"/></net>

<net id="288"><net_src comp="279" pin="2"/><net_sink comp="285" pin=0"/></net>

<net id="293"><net_src comp="285" pin="1"/><net_sink comp="289" pin=0"/></net>

<net id="298"><net_src comp="285" pin="1"/><net_sink comp="294" pin=0"/></net>

<net id="303"><net_src comp="285" pin="1"/><net_sink comp="299" pin=0"/></net>

<net id="308"><net_src comp="285" pin="1"/><net_sink comp="304" pin=0"/></net>

<net id="314"><net_src comp="62" pin="0"/><net_sink comp="309" pin=0"/></net>

<net id="315"><net_src comp="279" pin="2"/><net_sink comp="309" pin=1"/></net>

<net id="316"><net_src comp="64" pin="0"/><net_sink comp="309" pin=2"/></net>

<net id="321"><net_src comp="196" pin="2"/><net_sink comp="317" pin=0"/></net>

<net id="326"><net_src comp="309" pin="3"/><net_sink comp="322" pin=0"/></net>

<net id="330"><net_src comp="327" pin="1"/><net_sink comp="170" pin=2"/></net>

<net id="334"><net_src comp="331" pin="1"/><net_sink comp="163" pin=2"/></net>

<net id="338"><net_src comp="335" pin="1"/><net_sink comp="156" pin=2"/></net>

<net id="342"><net_src comp="339" pin="1"/><net_sink comp="149" pin=2"/></net>

<net id="346"><net_src comp="343" pin="1"/><net_sink comp="142" pin=2"/></net>

<net id="350"><net_src comp="70" pin="1"/><net_sink comp="347" pin=0"/></net>

<net id="351"><net_src comp="347" pin="1"/><net_sink comp="182" pin=1"/></net>

<net id="352"><net_src comp="347" pin="1"/><net_sink comp="202" pin=0"/></net>

<net id="353"><net_src comp="347" pin="1"/><net_sink comp="322" pin=1"/></net>

<net id="354"><net_src comp="347" pin="1"/><net_sink comp="327" pin=0"/></net>

<net id="358"><net_src comp="74" pin="1"/><net_sink comp="355" pin=0"/></net>

<net id="359"><net_src comp="355" pin="1"/><net_sink comp="177" pin=1"/></net>

<net id="360"><net_src comp="355" pin="1"/><net_sink comp="187" pin=0"/></net>

<net id="361"><net_src comp="355" pin="1"/><net_sink comp="317" pin=1"/></net>

<net id="365"><net_src comp="78" pin="1"/><net_sink comp="362" pin=0"/></net>

<net id="366"><net_src comp="362" pin="1"/><net_sink comp="304" pin=1"/></net>

<net id="367"><net_src comp="362" pin="1"/><net_sink comp="331" pin=0"/></net>

<net id="371"><net_src comp="82" pin="1"/><net_sink comp="368" pin=0"/></net>

<net id="372"><net_src comp="368" pin="1"/><net_sink comp="289" pin=1"/></net>

<net id="373"><net_src comp="368" pin="1"/><net_sink comp="335" pin=0"/></net>

<net id="377"><net_src comp="86" pin="1"/><net_sink comp="374" pin=0"/></net>

<net id="378"><net_src comp="374" pin="1"/><net_sink comp="294" pin=1"/></net>

<net id="379"><net_src comp="374" pin="1"/><net_sink comp="339" pin=0"/></net>

<net id="383"><net_src comp="90" pin="1"/><net_sink comp="380" pin=0"/></net>

<net id="384"><net_src comp="380" pin="1"/><net_sink comp="299" pin=1"/></net>

<net id="385"><net_src comp="380" pin="1"/><net_sink comp="343" pin=0"/></net>

</net_list>

</model> 
---------------- Datapath Model END ------------------

* FSMD analyzer results:
  - Output states:
	Port: Sal_11_out | {1 }
	Port: Sal_10_out | {1 }
	Port: Sal_9_out | {1 }
	Port: Sal_8_out | {1 }
	Port: carry_16_out | {1 }
 - Input state : 
	Port: mul_Pipeline_VITIS_LOOP_56_121 : Al_reload | {1 }
	Port: mul_Pipeline_VITIS_LOOP_56_121 : Al_1_reload | {1 }
	Port: mul_Pipeline_VITIS_LOOP_56_121 : Al_2_reload | {1 }
	Port: mul_Pipeline_VITIS_LOOP_56_121 : Al_3_reload | {1 }
	Port: mul_Pipeline_VITIS_LOOP_56_121 : Ah_reload | {1 }
	Port: mul_Pipeline_VITIS_LOOP_56_121 : Ah_1_reload | {1 }
	Port: mul_Pipeline_VITIS_LOOP_56_121 : Ah_2_reload | {1 }
	Port: mul_Pipeline_VITIS_LOOP_56_121 : Ah_3_reload | {1 }
  - Chain level:
	State 1
		store_ln56 : 1
		store_ln55 : 1
		i_24 : 1
		icmp_ln56 : 2
		add_ln56 : 2
		br_ln56 : 3
		carry_load_5 : 1
		trunc_ln56 : 2
		av : 3
		bv : 3
		zext_ln61 : 4
		zext_ln61_13 : 4
		zext_ln61_14 : 2
		add_ln61 : 5
		zext_ln61_15 : 6
		s : 7
		Sal_8 : 8
		switch_ln62 : 3
		store_ln147 : 9
		store_ln147 : 9
		store_ln147 : 9
		store_ln147 : 9
		carry_5 : 8
		store_ln56 : 3
		store_ln55 : 9
		carry_load : 1
		Sal_load : 1
		Sal_5_load : 1
		Sal_6_load : 1
		Sal_7_load : 1
		write_ln0 : 2
		write_ln0 : 2
		write_ln0 : 2
		write_ln0 : 2
		write_ln0 : 2


============================================================
+ Verbose Summary: Datapath Resource usage 
============================================================

* Functional unit list:
|----------|------------------------------|---------|---------|
| Operation|        Functional Unit       |    FF   |   LUT   |
|----------|------------------------------|---------|---------|
|          |        add_ln56_fu_196       |    0    |    10   |
|    add   |        add_ln61_fu_269       |    0    |    71   |
|          |           s_fu_279           |    0    |    72   |
|----------|------------------------------|---------|---------|
| sparsemux|           av_fu_209          |    0    |    20   |
|          |           bv_fu_233          |    0    |    20   |
|----------|------------------------------|---------|---------|
|   icmp   |       icmp_ln56_fu_190       |    0    |    10   |
|----------|------------------------------|---------|---------|
|          |  Ah_3_reload_read_read_fu_94 |    0    |    0    |
|          | Ah_2_reload_read_read_fu_100 |    0    |    0    |
|          | Ah_1_reload_read_read_fu_106 |    0    |    0    |
|   read   |  Ah_reload_read_read_fu_112  |    0    |    0    |
|          | Al_3_reload_read_read_fu_118 |    0    |    0    |
|          | Al_2_reload_read_read_fu_124 |    0    |    0    |
|          | Al_1_reload_read_read_fu_130 |    0    |    0    |
|          |  Al_reload_read_read_fu_136  |    0    |    0    |
|----------|------------------------------|---------|---------|
|          |    write_ln0_write_fu_142    |    0    |    0    |
|          |    write_ln0_write_fu_149    |    0    |    0    |
|   write  |    write_ln0_write_fu_156    |    0    |    0    |
|          |    write_ln0_write_fu_163    |    0    |    0    |
|          |    write_ln0_write_fu_170    |    0    |    0    |
|----------|------------------------------|---------|---------|
|   trunc  |       trunc_ln56_fu_205      |    0    |    0    |
|          |         Sal_8_fu_285         |    0    |    0    |
|----------|------------------------------|---------|---------|
|          |       zext_ln61_fu_257       |    0    |    0    |
|   zext   |      zext_ln61_13_fu_261     |    0    |    0    |
|          |      zext_ln61_14_fu_265     |    0    |    0    |
|          |      zext_ln61_15_fu_275     |    0    |    0    |
|----------|------------------------------|---------|---------|
|partselect|        carry_5_fu_309        |    0    |    0    |
|----------|------------------------------|---------|---------|
|   Total  |                              |    0    |   203   |
|----------|------------------------------|---------|---------|

Memories:
N/A

* Register list:
+-------------+--------+
|             |   FF   |
+-------------+--------+
|Sal_5_reg_368|   64   |
|Sal_6_reg_374|   64   |
|Sal_7_reg_380|   64   |
| Sal_reg_362 |   64   |
|carry_reg_347|    2   |
|  i_reg_355  |    3   |
+-------------+--------+
|    Total    |   261  |
+-------------+--------+

* Multiplexer (MUX) list: 
|--------|------|------|------|--------|
|  Comp  |  Pin | Size |  BW  | S x BW |
|--------|------|------|------|--------|
|  Total |      |      |      |    0   |
|--------|------|------|------|--------|



* Summary:
+-----------+--------+--------+
|           |   FF   |   LUT  |
+-----------+--------+--------+
|  Function |    0   |   203  |
|   Memory  |    -   |    -   |
|Multiplexer|    -   |    -   |
|  Register |   261  |    -   |
+-----------+--------+--------+
|   Total   |   261  |   203  |
+-----------+--------+--------+
