

================================================================
== Vitis HLS Report for 'mul_Pipeline_CIOS_LOOP'
================================================================
* Date:           Tue Sep 15 21:37:33 2026

* Version:        2024.2.2 (Build 6049644 on Mar  5 2025)
* Project:        rsa_modexp_hls_converted_lean
* Solution:       solution1 (Vivado IP Flow Target)
* Product family: virtexuplus58g
* Target device:  xcvu29p-fsga2577-2L-e


================================================================
== Performance Estimates
================================================================
+ Timing: 
    * Summary: 
    +--------+----------+----------+------------+
    |  Clock |  Target  | Estimated| Uncertainty|
    +--------+----------+----------+------------+
    |ap_clk  |  10.00 ns|  7.228 ns|     2.70 ns|
    +--------+----------+----------+------------+

+ Latency: 
    * Summary: 
    +---------+---------+----------+----------+-----+-----+------------------------------------------------+
    |  Latency (cycles) |  Latency (absolute) |  Interval |                    Pipeline                    |
    |   min   |   max   |    min   |    max   | min | max |                      Type                      |
    +---------+---------+----------+----------+-----+-----+------------------------------------------------+
    |       40|       40|  0.400 us|  0.400 us|   34|   34|  loop auto-rewind stp (delay=0 clock cycles(s))|
    +---------+---------+----------+----------+-----+-----+------------------------------------------------+

    + Detail: 
        * Instance: 
        N/A

        * Loop: 
        +-------------+---------+---------+----------+-----------+-----------+------+----------+
        |             |  Latency (cycles) | Iteration|  Initiation Interval  | Trip |          |
        |  Loop Name  |   min   |   max   |  Latency |  achieved |   target  | Count| Pipelined|
        +-------------+---------+---------+----------+-----------+-----------+------+----------+
        |- CIOS_LOOP  |       38|       38|         9|          2|          1|    16|       yes|
        +-------------+---------+---------+----------+-----------+-----------+------+----------+



================================================================
== Utilization Estimates
================================================================
* Summary: 
+---------------------+---------+-------+---------+---------+------+
|         Name        | BRAM_18K|  DSP  |    FF   |   LUT   | URAM |
+---------------------+---------+-------+---------+---------+------+
|DSP                  |        -|      -|        -|        -|     -|
|Expression           |        -|      -|        0|     3639|     -|
|FIFO                 |        -|      -|        -|        -|     -|
|Instance             |        -|     71|        0|      360|     -|
|Memory               |        -|      -|        -|        -|     -|
|Multiplexer          |        -|      -|        0|      668|     -|
|Register             |        -|      -|     3385|       96|     -|
+---------------------+---------+-------+---------+---------+------+
|Total                |        0|     71|     3385|     4763|     0|
+---------------------+---------+-------+---------+---------+------+
|Available SLR        |     1344|   3072|   864000|   432000|   320|
+---------------------+---------+-------+---------+---------+------+
|Utilization SLR (%)  |        0|      2|       ~0|        1|     0|
+---------------------+---------+-------+---------+---------+------+
|Available            |     5376|  12288|  3456000|  1728000|  1280|
+---------------------+---------+-------+---------+---------+------+
|Utilization (%)      |        0|     ~0|       ~0|       ~0|     0|
+---------------------+---------+-------+---------+---------+------+

+ Detail: 
    * Instance: 
    +--------------------------+----------------------+---------+----+---+----+-----+
    |         Instance         |        Module        | BRAM_18K| DSP| FF| LUT| URAM|
    +--------------------------+----------------------+---------+----+---+----+-----+
    |mul_32ns_32ns_64_1_1_U12  |mul_32ns_32ns_64_1_1  |        0|   4|  0|  20|    0|
    |mul_32ns_32ns_64_1_1_U13  |mul_32ns_32ns_64_1_1  |        0|   4|  0|  20|    0|
    |mul_32ns_32ns_64_1_1_U14  |mul_32ns_32ns_64_1_1  |        0|   4|  0|  20|    0|
    |mul_32ns_32ns_64_1_1_U15  |mul_32ns_32ns_64_1_1  |        0|   4|  0|  20|    0|
    |mul_32ns_32ns_64_1_1_U16  |mul_32ns_32ns_64_1_1  |        0|   4|  0|  20|    0|
    |mul_32ns_32ns_64_1_1_U17  |mul_32ns_32ns_64_1_1  |        0|   4|  0|  20|    0|
    |mul_32ns_32ns_64_1_1_U18  |mul_32ns_32ns_64_1_1  |        0|   4|  0|  20|    0|
    |mul_32ns_32ns_64_1_1_U19  |mul_32ns_32ns_64_1_1  |        0|   4|  0|  20|    0|
    |mul_32ns_32ns_64_1_1_U20  |mul_32ns_32ns_64_1_1  |        0|   4|  0|  20|    0|
    |mul_32ns_32ns_64_1_1_U21  |mul_32ns_32ns_64_1_1  |        0|   4|  0|  20|    0|
    |mul_32ns_32ns_64_1_1_U22  |mul_32ns_32ns_64_1_1  |        0|   4|  0|  20|    0|
    |mul_32ns_32ns_64_1_1_U23  |mul_32ns_32ns_64_1_1  |        0|   4|  0|  20|    0|
    |mul_32ns_32ns_64_1_1_U24  |mul_32ns_32ns_64_1_1  |        0|   4|  0|  20|    0|
    |mul_32ns_32ns_64_1_1_U25  |mul_32ns_32ns_64_1_1  |        0|   4|  0|  20|    0|
    |mul_32ns_32ns_64_1_1_U26  |mul_32ns_32ns_64_1_1  |        0|   4|  0|  20|    0|
    |mul_32ns_32ns_64_1_1_U27  |mul_32ns_32ns_64_1_1  |        0|   4|  0|  20|    0|
    |mul_32ns_32ns_64_1_1_U28  |mul_32ns_32ns_64_1_1  |        0|   4|  0|  20|    0|
    |mul_32s_32s_32_1_1_U29    |mul_32s_32s_32_1_1    |        0|   3|  0|  20|    0|
    +--------------------------+----------------------+---------+----+---+----+-----+
    |Total                     |                      |        0|  71|  0| 360|    0|
    +--------------------------+----------------------+---------+----+---+----+-----+

    * DSP: 
    N/A

    * Memory: 
    N/A

    * FIFO: 
    N/A

    * Expression: 
    +-------------------------+----------+----+---+----+------------+------------+
    |      Variable Name      | Operation| DSP| FF| LUT| Bitwidth P0| Bitwidth P1|
    +-------------------------+----------+----+---+----+------------+------------+
    |add_ln119_10_fu_1415_p2  |         +|   0|  0|  40|          33|          33|
    |add_ln119_12_fu_1606_p2  |         +|   0|  0|  40|          33|          33|
    |add_ln119_14_fu_1643_p2  |         +|   0|  0|  40|          33|          33|
    |add_ln119_16_fu_1681_p2  |         +|   0|  0|  40|          33|          33|
    |add_ln119_18_fu_1870_p2  |         +|   0|  0|  40|          33|          33|
    |add_ln119_20_fu_1907_p2  |         +|   0|  0|  40|          33|          33|
    |add_ln119_22_fu_1944_p2  |         +|   0|  0|  40|          33|          33|
    |add_ln119_24_fu_1982_p2  |         +|   0|  0|  40|          33|          33|
    |add_ln119_26_fu_2132_p2  |         +|   0|  0|  40|          33|          33|
    |add_ln119_28_fu_2169_p2  |         +|   0|  0|  40|          33|          33|
    |add_ln119_2_fu_1135_p2   |         +|   0|  0|  40|          33|          33|
    |add_ln119_4_fu_1172_p2   |         +|   0|  0|  40|          33|          33|
    |add_ln119_6_fu_1339_p2   |         +|   0|  0|  40|          33|          33|
    |add_ln119_8_fu_1377_p2   |         +|   0|  0|  40|          33|          33|
    |add_ln119_fu_1012_p2     |         +|   0|  0|  40|          33|          33|
    |add_ln124_fu_2207_p2     |         +|   0|  0|  39|          32|          32|
    |add_ln127_fu_2231_p2     |         +|   0|  0|   9|           2|           2|
    |add_ln80_fu_867_p2       |         +|   0|  0|  12|           5|           1|
    |add_ln93_10_fu_1288_p2   |         +|   0|  0|  40|          33|          33|
    |add_ln93_12_fu_1326_p2   |         +|   0|  0|  40|          33|          33|
    |add_ln93_14_fu_1471_p2   |         +|   0|  0|  40|          33|          33|
    |add_ln93_16_fu_1508_p2   |         +|   0|  0|  40|          33|          33|
    |add_ln93_18_fu_1546_p2   |         +|   0|  0|  40|          33|          33|
    |add_ln93_20_fu_1745_p2   |         +|   0|  0|  40|          33|          33|
    |add_ln93_22_fu_1783_p2   |         +|   0|  0|  40|          33|          33|
    |add_ln93_24_fu_1821_p2   |         +|   0|  0|  40|          33|          33|
    |add_ln93_26_fu_1858_p2   |         +|   0|  0|  40|          33|          33|
    |add_ln93_28_fu_2043_p2   |         +|   0|  0|  40|          33|          33|
    |add_ln93_2_fu_972_p2     |         +|   0|  0|  40|          33|          33|
    |add_ln93_4_fu_1084_p2    |         +|   0|  0|  40|          33|          33|
    |add_ln93_6_fu_1122_p2    |         +|   0|  0|  40|          33|          33|
    |add_ln93_8_fu_1250_p2    |         +|   0|  0|  40|          33|          33|
    |add_ln93_fu_934_p2       |         +|   0|  0|  40|          33|          33|
    |empty_37_fu_873_p2       |         +|   0|  0|  12|           5|           5|
    |p0_fu_988_p2             |         +|   0|  0|  71|          64|          64|
    |p_10_fu_1556_p2          |         +|   0|  0|  71|          64|          64|
    |p_11_fu_1755_p2          |         +|   0|  0|  71|          64|          64|
    |p_12_fu_1793_p2          |         +|   0|  0|  71|          64|          64|
    |p_13_fu_1831_p2          |         +|   0|  0|  71|          64|          64|
    |p_14_fu_2016_p2          |         +|   0|  0|  71|          64|          64|
    |p_15_fu_2053_p2          |         +|   0|  0|  71|          64|          64|
    |p_16_fu_1022_p2          |         +|   0|  0|  71|          64|          64|
    |p_17_fu_1145_p2          |         +|   0|  0|  71|          64|          64|
    |p_18_fu_1182_p2          |         +|   0|  0|  71|          64|          64|
    |p_19_fu_1349_p2          |         +|   0|  0|  71|          64|          64|
    |p_1_fu_944_p2            |         +|   0|  0|  71|          64|          64|
    |p_20_fu_1387_p2          |         +|   0|  0|  71|          64|          64|
    |p_21_fu_1579_p2          |         +|   0|  0|  71|          64|          64|
    |p_22_fu_1616_p2          |         +|   0|  0|  71|          64|          64|
    |p_23_fu_1653_p2          |         +|   0|  0|  71|          64|          64|
    |p_24_fu_1691_p2          |         +|   0|  0|  71|          64|          64|
    |p_25_fu_1880_p2          |         +|   0|  0|  71|          64|          64|
    |p_26_fu_1917_p2          |         +|   0|  0|  71|          64|          64|
    |p_27_fu_1954_p2          |         +|   0|  0|  71|          64|          64|
    |p_28_fu_2105_p2          |         +|   0|  0|  71|          64|          64|
    |p_29_fu_2142_p2          |         +|   0|  0|  71|          64|          64|
    |p_2_fu_1056_p2           |         +|   0|  0|  71|          64|          64|
    |p_30_fu_2179_p2          |         +|   0|  0|  71|          64|          64|
    |p_3_fu_1094_p2           |         +|   0|  0|  71|          64|          64|
    |p_4_fu_1223_p2           |         +|   0|  0|  71|          64|          64|
    |p_5_fu_1260_p2           |         +|   0|  0|  71|          64|          64|
    |p_6_fu_1298_p2           |         +|   0|  0|  71|          64|          64|
    |p_7_fu_1443_p2           |         +|   0|  0|  71|          64|          64|
    |p_8_fu_1481_p2           |         +|   0|  0|  71|          64|          64|
    |p_9_fu_1518_p2           |         +|   0|  0|  71|          64|          64|
    |p_fu_901_p2              |         +|   0|  0|  71|          64|          64|
    |s_3_fu_2213_p2           |         +|   0|  0|  40|          33|          33|
    |s_fu_2080_p2             |         +|   0|  0|  40|          33|          33|
    |icmp_ln80_fu_861_p2      |      icmp|   0|  0|  13|           5|           6|
    |ap_enable_pp0            |       xor|   0|  0|   2|           1|           2|
    +-------------------------+----------+----+---+----+------------+------------+
    |Total                    |          |   0|  0|3639|        3154|        3152|
    +-------------------------+----------+----+---+----+------------+------------+

    * Multiplexer: 
    +----------------------------------+----+-----------+-----+-----------+
    |               Name               | LUT| Input Size| Bits| Total Bits|
    +----------------------------------+----+-----------+-----+-----------+
    |ap_NS_fsm                         |  14|          3|    1|          3|
    |ap_done_int                       |   9|          2|    1|          2|
    |ap_enable_reg_pp0_iter0           |   9|          2|    1|          2|
    |ap_enable_reg_pp0_iter1           |   9|          2|    1|          2|
    |ap_enable_reg_pp0_iter4           |   9|          2|    1|          2|
    |ap_loop_exit_ready_pp0_iter1_reg  |   9|          2|    1|          2|
    |ap_loop_exit_ready_pp0_iter2_reg  |   9|          2|    1|          2|
    |ap_loop_exit_ready_pp0_iter3_reg  |   9|          2|    1|          2|
    |ap_sig_allocacmp_i_3              |   9|          2|    5|         10|
    |conv6710_fu_152                   |   9|          2|   32|         64|
    |conv67_1020_fu_188                |   9|          2|   32|         64|
    |conv67_111_fu_148                 |   9|          2|   32|         64|
    |conv67_1121_fu_192                |   9|          2|   32|         64|
    |conv67_1222_fu_196                |   9|          2|   32|         64|
    |conv67_1323_fu_200                |   9|          2|   32|         64|
    |conv67_1424_fu_204                |   9|          2|   32|         64|
    |conv67_212_fu_156                 |   9|          2|   32|         64|
    |conv67_313_fu_160                 |   9|          2|   32|         64|
    |conv67_414_fu_164                 |   9|          2|   32|         64|
    |conv67_515_fu_168                 |   9|          2|   32|         64|
    |conv67_616_fu_172                 |   9|          2|   32|         64|
    |conv67_717_fu_176                 |   9|          2|   32|         64|
    |conv67_818_fu_180                 |   9|          2|   32|         64|
    |conv67_919_fu_184                 |   9|          2|   32|         64|
    |conv8525_fu_212                   |   9|          2|    2|          4|
    |empty_36_fu_208                   |   9|          2|   32|         64|
    |grp_fu_556_p0                     |  14|          3|   32|         96|
    |grp_fu_556_p1                     |  14|          3|   32|         96|
    |grp_fu_560_p0                     |  14|          3|   32|         96|
    |grp_fu_560_p1                     |  14|          3|   32|         96|
    |grp_fu_564_p0                     |  14|          3|   32|         96|
    |grp_fu_564_p1                     |  14|          3|   32|         96|
    |grp_fu_568_p0                     |  14|          3|   32|         96|
    |grp_fu_568_p1                     |  14|          3|   32|         96|
    |grp_fu_572_p0                     |  14|          3|   32|         96|
    |grp_fu_572_p1                     |  14|          3|   32|         96|
    |grp_fu_576_p0                     |  14|          3|   32|         96|
    |grp_fu_576_p1                     |  14|          3|   32|         96|
    |grp_fu_580_p0                     |  14|          3|   32|         96|
    |grp_fu_580_p1                     |  14|          3|   32|         96|
    |grp_fu_584_p0                     |  14|          3|   32|         96|
    |grp_fu_584_p1                     |  14|          3|   32|         96|
    |grp_fu_588_p0                     |  14|          3|   32|         96|
    |grp_fu_588_p1                     |  14|          3|   32|         96|
    |grp_fu_592_p0                     |  14|          3|   32|         96|
    |grp_fu_592_p1                     |  14|          3|   32|         96|
    |grp_fu_596_p0                     |  14|          3|   32|         96|
    |grp_fu_596_p1                     |  14|          3|   32|         96|
    |grp_fu_600_p0                     |  14|          3|   32|         96|
    |grp_fu_600_p1                     |  14|          3|   32|         96|
    |grp_fu_604_p0                     |  14|          3|   32|         96|
    |grp_fu_604_p1                     |  14|          3|   32|         96|
    |grp_fu_608_p0                     |  14|          3|   32|         96|
    |grp_fu_608_p1                     |  14|          3|   32|         96|
    |grp_fu_612_p0                     |  14|          3|   32|         96|
    |grp_fu_612_p1                     |  14|          3|   32|         96|
    |i_fu_216                          |   9|          2|    5|         10|
    +----------------------------------+----+-----------+-----+-----------+
    |Total                             | 668|        145| 1492|       3945|
    +----------------------------------+----+-----------+-----+-----------+

    * Register: 
    +----------------------------------+----+----+-----+-----------+
    |               Name               | FF | LUT| Bits| Const Bits|
    +----------------------------------+----+----+-----+-----------+
    |add_ln119_10_reg_2746             |  33|   0|   33|          0|
    |add_ln119_24_reg_2816             |  33|   0|   33|          0|
    |add_ln93_12_reg_2731              |  33|   0|   33|          0|
    |add_ln93_26_reg_2811              |  33|   0|   33|          0|
    |add_ln93_2_reg_2682               |  33|   0|   33|          0|
    |add_ln93_6_reg_2721               |  33|   0|   33|          0|
    |ap_CS_fsm                         |   2|   0|    2|          0|
    |ap_done_reg                       |   1|   0|    1|          0|
    |ap_enable_reg_pp0_iter0_reg       |   1|   0|    1|          0|
    |ap_enable_reg_pp0_iter1           |   1|   0|    1|          0|
    |ap_enable_reg_pp0_iter2           |   1|   0|    1|          0|
    |ap_enable_reg_pp0_iter3           |   1|   0|    1|          0|
    |ap_enable_reg_pp0_iter4           |   1|   0|    1|          0|
    |ap_loop_exit_ready_pp0_iter1_reg  |   1|   0|    1|          0|
    |ap_loop_exit_ready_pp0_iter2_reg  |   1|   0|    1|          0|
    |ap_loop_exit_ready_pp0_iter3_reg  |   1|   0|    1|          0|
    |conv13_10_cast_reg_2583           |  32|   0|   64|         32|
    |conv13_11_cast_reg_2578           |  32|   0|   64|         32|
    |conv13_12_cast_reg_2573           |  32|   0|   64|         32|
    |conv13_13_cast_reg_2568           |  32|   0|   64|         32|
    |conv13_14_cast_reg_2563           |  32|   0|   64|         32|
    |conv13_15_cast_reg_2558           |  32|   0|   64|         32|
    |conv13_1_cast_reg_2628            |  32|   0|   64|         32|
    |conv13_2_cast_reg_2623            |  32|   0|   64|         32|
    |conv13_3_cast_reg_2618            |  32|   0|   64|         32|
    |conv13_4_cast_reg_2613            |  32|   0|   64|         32|
    |conv13_5_cast_reg_2608            |  32|   0|   64|         32|
    |conv13_6_cast_reg_2603            |  32|   0|   64|         32|
    |conv13_7_cast_reg_2598            |  32|   0|   64|         32|
    |conv13_8_cast_reg_2593            |  32|   0|   64|         32|
    |conv13_9_cast_reg_2588            |  32|   0|   64|         32|
    |conv13_cast_reg_2633              |  32|   0|   64|         32|
    |conv16_reg_2647                   |  32|   0|   64|         32|
    |conv46_cast_reg_2553              |  32|   0|   64|         32|
    |conv62_10_cast_reg_2498           |  32|   0|   64|         32|
    |conv62_11_cast_reg_2493           |  32|   0|   64|         32|
    |conv62_12_cast_reg_2488           |  32|   0|   64|         32|
    |conv62_13_cast_reg_2483           |  32|   0|   64|         32|
    |conv62_14_cast_reg_2478           |  32|   0|   64|         32|
    |conv62_1_cast_reg_2543            |  32|   0|   64|         32|
    |conv62_2_cast_reg_2538            |  32|   0|   64|         32|
    |conv62_3_cast_reg_2533            |  32|   0|   64|         32|
    |conv62_4_cast_reg_2528            |  32|   0|   64|         32|
    |conv62_5_cast_reg_2523            |  32|   0|   64|         32|
    |conv62_6_cast_reg_2518            |  32|   0|   64|         32|
    |conv62_7_cast_reg_2513            |  32|   0|   64|         32|
    |conv62_8_cast_reg_2508            |  32|   0|   64|         32|
    |conv62_9_cast_reg_2503            |  32|   0|   64|         32|
    |conv62_cast_reg_2548              |  32|   0|   64|         32|
    |conv6710_fu_152                   |  32|   0|   32|          0|
    |conv67_1020_fu_188                |  32|   0|   32|          0|
    |conv67_111_fu_148                 |  32|   0|   32|          0|
    |conv67_1121_fu_192                |  32|   0|   32|          0|
    |conv67_1222_fu_196                |  32|   0|   32|          0|
    |conv67_1323_fu_200                |  32|   0|   32|          0|
    |conv67_1424_fu_204                |  32|   0|   32|          0|
    |conv67_212_fu_156                 |  32|   0|   32|          0|
    |conv67_313_fu_160                 |  32|   0|   32|          0|
    |conv67_414_fu_164                 |  32|   0|   32|          0|
    |conv67_515_fu_168                 |  32|   0|   32|          0|
    |conv67_616_fu_172                 |  32|   0|   32|          0|
    |conv67_717_fu_176                 |  32|   0|   32|          0|
    |conv67_818_fu_180                 |  32|   0|   32|          0|
    |conv67_919_fu_184                 |  32|   0|   32|          0|
    |conv8525_fu_212                   |   2|   0|    2|          0|
    |empty_36_fu_208                   |  32|   0|   32|          0|
    |i_fu_216                          |   5|   0|    5|          0|
    |icmp_ln80_reg_2638                |   1|   0|    1|          0|
    |m_reg_2677                        |  32|   0|   32|          0|
    |mul_ln119_10_reg_2796             |  64|   0|   64|          0|
    |mul_ln119_12_reg_2801             |  64|   0|   64|          0|
    |mul_ln119_13_reg_2806             |  64|   0|   64|          0|
    |mul_ln119_1_reg_2711              |  64|   0|   64|          0|
    |mul_ln119_2_reg_2716              |  64|   0|   64|          0|
    |mul_ln119_5_reg_2741              |  64|   0|   64|          0|
    |mul_ln119_6_reg_2751              |  64|   0|   64|          0|
    |mul_ln119_9_reg_2791              |  64|   0|   64|          0|
    |mul_ln92_reg_2662                 |  64|   0|   64|          0|
    |mul_ln93_12_reg_2766              |  64|   0|   64|          0|
    |mul_ln93_13_reg_2771              |  64|   0|   64|          0|
    |mul_ln93_14_reg_2776              |  64|   0|   64|          0|
    |mul_ln93_3_reg_2687               |  64|   0|   64|          0|
    |mul_ln93_7_reg_2736               |  64|   0|   64|          0|
    |reg_628                           |  64|   0|   64|          0|
    |reg_632                           |  64|   0|   64|          0|
    |reg_636                           |  64|   0|   64|          0|
    |tmp_10_reg_2761                   |  32|   0|   32|          0|
    |tmp_18_reg_2706                   |  32|   0|   32|          0|
    |tmp_20_reg_2726                   |  32|   0|   32|          0|
    |tmp_26_reg_2786                   |  32|   0|   32|          0|
    |tmp_s_reg_2672                    |  32|   0|   32|          0|
    |trunc_ln120_8_reg_2781            |  32|   0|   32|          0|
    |trunc_ln94_10_reg_2756            |  32|   0|   32|          0|
    |trunc_ln94_reg_2667               |  32|   0|   32|          0|
    |zext_ln112_reg_2692               |  32|   0|   64|         32|
    |conv16_reg_2647                   |  64|  32|   64|         32|
    |icmp_ln80_reg_2638                |  64|  32|    1|          0|
    |zext_ln112_reg_2692               |  64|  32|   64|         32|
    +----------------------------------+----+----+-----+-----------+
    |Total                             |3385|  96| 4410|       1152|
    +----------------------------------+----+----+-----+-----------+



================================================================
== Interface
================================================================
* Summary: 
+------------------------+-----+-----+------------+------------------------+--------------+
|        RTL Ports       | Dir | Bits|  Protocol  |      Source Object     |    C Type    |
+------------------------+-----+-----+------------+------------------------+--------------+
|ap_clk                  |   in|    1|  ap_ctrl_hs|  mul_Pipeline_CIOS_LOOP|  return value|
|ap_rst                  |   in|    1|  ap_ctrl_hs|  mul_Pipeline_CIOS_LOOP|  return value|
|ap_start                |   in|    1|  ap_ctrl_hs|  mul_Pipeline_CIOS_LOOP|  return value|
|ap_done                 |  out|    1|  ap_ctrl_hs|  mul_Pipeline_CIOS_LOOP|  return value|
|ap_idle                 |  out|    1|  ap_ctrl_hs|  mul_Pipeline_CIOS_LOOP|  return value|
|ap_ready                |  out|    1|  ap_ctrl_hs|  mul_Pipeline_CIOS_LOOP|  return value|
|empty                   |   in|    5|     ap_none|                   empty|        scalar|
|b_address0              |  out|    5|   ap_memory|                       b|         array|
|b_ce0                   |  out|    1|   ap_memory|                       b|         array|
|b_q0                    |   in|   32|   ap_memory|                       b|         array|
|conv13                  |   in|   32|     ap_none|                  conv13|        scalar|
|conv13_1                |   in|   32|     ap_none|                conv13_1|        scalar|
|conv13_2                |   in|   32|     ap_none|                conv13_2|        scalar|
|conv13_3                |   in|   32|     ap_none|                conv13_3|        scalar|
|conv13_4                |   in|   32|     ap_none|                conv13_4|        scalar|
|conv13_5                |   in|   32|     ap_none|                conv13_5|        scalar|
|conv13_6                |   in|   32|     ap_none|                conv13_6|        scalar|
|conv13_7                |   in|   32|     ap_none|                conv13_7|        scalar|
|conv13_8                |   in|   32|     ap_none|                conv13_8|        scalar|
|conv13_9                |   in|   32|     ap_none|                conv13_9|        scalar|
|conv13_10               |   in|   32|     ap_none|               conv13_10|        scalar|
|conv13_11               |   in|   32|     ap_none|               conv13_11|        scalar|
|conv13_12               |   in|   32|     ap_none|               conv13_12|        scalar|
|conv13_13               |   in|   32|     ap_none|               conv13_13|        scalar|
|conv13_14               |   in|   32|     ap_none|               conv13_14|        scalar|
|conv13_15               |   in|   32|     ap_none|               conv13_15|        scalar|
|mprime                  |   in|   32|     ap_none|                  mprime|        scalar|
|conv46                  |   in|   32|     ap_none|                  conv46|        scalar|
|conv62                  |   in|   32|     ap_none|                  conv62|        scalar|
|conv62_1                |   in|   32|     ap_none|                conv62_1|        scalar|
|conv62_2                |   in|   32|     ap_none|                conv62_2|        scalar|
|conv62_3                |   in|   32|     ap_none|                conv62_3|        scalar|
|conv62_4                |   in|   32|     ap_none|                conv62_4|        scalar|
|conv62_5                |   in|   32|     ap_none|                conv62_5|        scalar|
|conv62_6                |   in|   32|     ap_none|                conv62_6|        scalar|
|conv62_7                |   in|   32|     ap_none|                conv62_7|        scalar|
|conv62_8                |   in|   32|     ap_none|                conv62_8|        scalar|
|conv62_9                |   in|   32|     ap_none|                conv62_9|        scalar|
|conv62_10               |   in|   32|     ap_none|               conv62_10|        scalar|
|conv62_11               |   in|   32|     ap_none|               conv62_11|        scalar|
|conv62_12               |   in|   32|     ap_none|               conv62_12|        scalar|
|conv62_13               |   in|   32|     ap_none|               conv62_13|        scalar|
|conv62_14               |   in|   32|     ap_none|               conv62_14|        scalar|
|conv8525_out            |  out|    2|      ap_vld|            conv8525_out|       pointer|
|conv8525_out_ap_vld     |  out|    1|      ap_vld|            conv8525_out|       pointer|
|p_out                   |  out|   32|      ap_vld|                   p_out|       pointer|
|p_out_ap_vld            |  out|    1|      ap_vld|                   p_out|       pointer|
|conv67_1424_out         |  out|   32|      ap_vld|         conv67_1424_out|       pointer|
|conv67_1424_out_ap_vld  |  out|    1|      ap_vld|         conv67_1424_out|       pointer|
|conv67_1323_out         |  out|   32|      ap_vld|         conv67_1323_out|       pointer|
|conv67_1323_out_ap_vld  |  out|    1|      ap_vld|         conv67_1323_out|       pointer|
|conv67_1222_out         |  out|   32|      ap_vld|         conv67_1222_out|       pointer|
|conv67_1222_out_ap_vld  |  out|    1|      ap_vld|         conv67_1222_out|       pointer|
|conv67_1121_out         |  out|   32|      ap_vld|         conv67_1121_out|       pointer|
|conv67_1121_out_ap_vld  |  out|    1|      ap_vld|         conv67_1121_out|       pointer|
|conv67_1020_out         |  out|   32|      ap_vld|         conv67_1020_out|       pointer|
|conv67_1020_out_ap_vld  |  out|    1|      ap_vld|         conv67_1020_out|       pointer|
|conv67_919_out          |  out|   32|      ap_vld|          conv67_919_out|       pointer|
|conv67_919_out_ap_vld   |  out|    1|      ap_vld|          conv67_919_out|       pointer|
|conv67_818_out          |  out|   32|      ap_vld|          conv67_818_out|       pointer|
|conv67_818_out_ap_vld   |  out|    1|      ap_vld|          conv67_818_out|       pointer|
|conv67_717_out          |  out|   32|      ap_vld|          conv67_717_out|       pointer|
|conv67_717_out_ap_vld   |  out|    1|      ap_vld|          conv67_717_out|       pointer|
|conv67_616_out          |  out|   32|      ap_vld|          conv67_616_out|       pointer|
|conv67_616_out_ap_vld   |  out|    1|      ap_vld|          conv67_616_out|       pointer|
|conv67_515_out          |  out|   32|      ap_vld|          conv67_515_out|       pointer|
|conv67_515_out_ap_vld   |  out|    1|      ap_vld|          conv67_515_out|       pointer|
|conv67_414_out          |  out|   32|      ap_vld|          conv67_414_out|       pointer|
|conv67_414_out_ap_vld   |  out|    1|      ap_vld|          conv67_414_out|       pointer|
|conv67_313_out          |  out|   32|      ap_vld|          conv67_313_out|       pointer|
|conv67_313_out_ap_vld   |  out|    1|      ap_vld|          conv67_313_out|       pointer|
|conv67_212_out          |  out|   32|      ap_vld|          conv67_212_out|       pointer|
|conv67_212_out_ap_vld   |  out|    1|      ap_vld|          conv67_212_out|       pointer|
|conv67_111_out          |  out|   32|      ap_vld|          conv67_111_out|       pointer|
|conv67_111_out_ap_vld   |  out|    1|      ap_vld|          conv67_111_out|       pointer|
|conv6710_out            |  out|   32|      ap_vld|            conv6710_out|       pointer|
|conv6710_out_ap_vld     |  out|    1|      ap_vld|            conv6710_out|       pointer|
+------------------------+-----+-----+------------+------------------------+--------------+

