

================================================================
== Vitis HLS Report for 'fpmul503_mont_9'
================================================================
* Date:           Mon Sep 14 16:33:03 2026

* Version:        2024.2.2 (Build 6049644 on Mar  5 2025)
* Project:        sikep503_hls_montcsa_flat_shared
* Solution:       solution1 (Vivado IP Flow Target)
* Product family: virtexuplus58g
* Target device:  xcvu29p-fsga2577-2L-e


================================================================
== Performance Estimates
================================================================
+ Timing: 
    * Summary: 
    +--------+----------+----------+------------+
    |  Clock |  Target  | Estimated| Uncertainty|
    +--------+----------+----------+------------+
    |ap_clk  |  10.00 ns|  7.165 ns|     2.70 ns|
    +--------+----------+----------+------------+

+ Latency: 
    * Summary: 
    +---------+---------+----------+----------+-----+-----+---------+
    |  Latency (cycles) |  Latency (absolute) |  Interval | Pipeline|
    |   min   |   max   |    min   |    max   | min | max |   Type  |
    +---------+---------+----------+----------+-----+-----+---------+
    |       17|       17|  0.170 us|  0.170 us|   17|   17|       no|
    +---------+---------+----------+----------+-----+-----+---------+

    + Detail: 
        * Instance: 
        +-----------------+-------+---------+---------+----------+----------+-----+-----+---------+
        |                 |       |  Latency (cycles) |  Latency (absolute) |  Interval | Pipeline|
        |     Instance    | Module|   min   |   max   |    min   |    max   | min | max |   Type  |
        +-----------------+-------+---------+---------+----------+----------+-----+-----+---------+
        |grp_mul_8_fu_22  |mul_8  |       16|       16|  0.160 us|  0.160 us|   16|   16|       no|
        +-----------------+-------+---------+---------+----------+----------+-----+-----+---------+

        * Loop: 
        N/A

============================================================
+ Verbose Summary: Synthesis Manager
============================================================
InlineROM: 1
ExposeGlobal: 0
============================================================
+ Verbose Summary: CDFG Model
============================================================
IsTopModel: 0
ResetActiveHigh: 1
IsCombinational: 0
IsDatapathOnly: 0
HasWiredReturn: 1
HasMFsm: 0
HasVarLatency: 1
IsPipeline: 0
IsRtlPipelined: 0
IsInstanceOverlapped: 0
IsDontTouch: 0
HasImplIP: 0
IsGatedGlobalClock: 0


============================================================
+ Verbose Summary: Schedule
============================================================
* Number of FSM states : 2
* Pipeline : 0
* Dataflow Pipeline: 0

* FSM state transitions: 
1 --> 2 
2 --> 

* FSM state operations: 

State 1 <SV = 0> <Delay = 0.00>
ST_1 : Operation 3 [2/2] (0.00ns)   --->   "%call_ln77 = call void @mul.8, i64 %ma, i64 %mb, i64 %mc_0, i64 %mc_1, i64 %mc_2, i64 %mc_3, i64 %mc_4, i64 %mc_5, i64 %mc_6, i64 %mc_7" [src_montcsa_flat/fpx.cpp:77]   --->   Operation 3 'call' 'call_ln77' <Predicate = true> <Delay = 0.00> <CoreType = "Generic">   --->   Generic Core

State 2 <SV = 1> <Delay = 0.00>
ST_2 : Operation 4 [1/2] (0.00ns)   --->   "%call_ln77 = call void @mul.8, i64 %ma, i64 %mb, i64 %mc_0, i64 %mc_1, i64 %mc_2, i64 %mc_3, i64 %mc_4, i64 %mc_5, i64 %mc_6, i64 %mc_7" [src_montcsa_flat/fpx.cpp:77]   --->   Operation 4 'call' 'call_ln77' <Predicate = true> <Delay = 0.00> <CoreType = "Generic">   --->   Generic Core
ST_2 : Operation 5 [1/1] (0.00ns)   --->   "%ret_ln79 = ret" [src_montcsa_flat/fpx.cpp:79]   --->   Operation 5 'ret' 'ret_ln79' <Predicate = true> <Delay = 0.00>


============================================================
+ Verbose Summary: Binding
============================================================
STG Binding: 
---------------- STG Properties BEGIN ----------------
- Is combinational: 0
- Is one-state seq: 0
- Is datapath-only: 0
- Is pipelined: 0
- Is top level: 0
Port [ Return ] is wired: 1; IO mode=ap_ctrl_hs:ce=0
Port [ ma]:  wired=1; compound=1; hidden=0; nouse=0; global=0; static=0; extern=0; dir=0; type=1; pingpong=0; private_global=0; MemPort=[11]; IO mode=ap_memory:ce=0
Port [ mb]:  wired=1; compound=1; hidden=0; nouse=0; global=0; static=0; extern=0; dir=0; type=1; pingpong=0; private_global=0; MemPort=[13]; IO mode=ap_memory:ce=0
Port [ mc_0]:  wired=1; compound=1; hidden=0; nouse=0; global=0; static=0; extern=0; dir=1; type=1; pingpong=0; private_global=0; MemPort=[03]; IO mode=ap_memory:ce=0
Port [ mc_1]:  wired=1; compound=1; hidden=0; nouse=0; global=0; static=0; extern=0; dir=1; type=1; pingpong=0; private_global=0; MemPort=[03]; IO mode=ap_memory:ce=0
Port [ mc_2]:  wired=1; compound=1; hidden=0; nouse=0; global=0; static=0; extern=0; dir=1; type=1; pingpong=0; private_global=0; MemPort=[03]; IO mode=ap_memory:ce=0
Port [ mc_3]:  wired=1; compound=1; hidden=0; nouse=0; global=0; static=0; extern=0; dir=1; type=1; pingpong=0; private_global=0; MemPort=[03]; IO mode=ap_memory:ce=0
Port [ mc_4]:  wired=1; compound=1; hidden=0; nouse=0; global=0; static=0; extern=0; dir=1; type=1; pingpong=0; private_global=0; MemPort=[03]; IO mode=ap_memory:ce=0
Port [ mc_5]:  wired=1; compound=1; hidden=0; nouse=0; global=0; static=0; extern=0; dir=1; type=1; pingpong=0; private_global=0; MemPort=[03]; IO mode=ap_memory:ce=0
Port [ mc_6]:  wired=1; compound=1; hidden=0; nouse=0; global=0; static=0; extern=0; dir=1; type=1; pingpong=0; private_global=0; MemPort=[03]; IO mode=ap_memory:ce=0
Port [ mc_7]:  wired=1; compound=1; hidden=0; nouse=0; global=0; static=0; extern=0; dir=1; type=1; pingpong=0; private_global=0; MemPort=[03]; IO mode=ap_memory:ce=0
---------------- STG Properties END ------------------

---------------- Datapath Model BEGIN ----------------

<LifeTime>
<method=bitvector/>
call_ln77 (call) [ 000]
ret_ln79  (ret ) [ 000]
</LifeTime>

<model>

<comp_list>
<comp id="0" class="1000" name="ma">
<pin_list>
<pin id="1" dir="1" index="0" bw="1" slack="0"/>
</pin_list>
<bind>
<StgValue><ssdm name="ma"/><MemPortTyVec>1 1 </MemPortTyVec>
</StgValue>
</bind>
</comp>

<comp id="2" class="1000" name="mb">
<pin_list>
<pin id="3" dir="1" index="0" bw="1" slack="0"/>
</pin_list>
<bind>
<StgValue><ssdm name="mb"/><MemPortTyVec>1 3 </MemPortTyVec>
</StgValue>
</bind>
</comp>

<comp id="4" class="1000" name="mc_0">
<pin_list>
<pin id="5" dir="1" index="0" bw="1" slack="0"/>
</pin_list>
<bind>
<StgValue><ssdm name="mc_0"/><MemPortTyVec>0 3 </MemPortTyVec>
</StgValue>
</bind>
</comp>

<comp id="6" class="1000" name="mc_1">
<pin_list>
<pin id="7" dir="1" index="0" bw="1" slack="0"/>
</pin_list>
<bind>
<StgValue><ssdm name="mc_1"/><MemPortTyVec>0 3 </MemPortTyVec>
</StgValue>
</bind>
</comp>

<comp id="8" class="1000" name="mc_2">
<pin_list>
<pin id="9" dir="1" index="0" bw="1" slack="0"/>
</pin_list>
<bind>
<StgValue><ssdm name="mc_2"/><MemPortTyVec>0 3 </MemPortTyVec>
</StgValue>
</bind>
</comp>

<comp id="10" class="1000" name="mc_3">
<pin_list>
<pin id="11" dir="1" index="0" bw="1" slack="0"/>
</pin_list>
<bind>
<StgValue><ssdm name="mc_3"/><MemPortTyVec>0 3 </MemPortTyVec>
</StgValue>
</bind>
</comp>

<comp id="12" class="1000" name="mc_4">
<pin_list>
<pin id="13" dir="1" index="0" bw="1" slack="0"/>
</pin_list>
<bind>
<StgValue><ssdm name="mc_4"/><MemPortTyVec>0 3 </MemPortTyVec>
</StgValue>
</bind>
</comp>

<comp id="14" class="1000" name="mc_5">
<pin_list>
<pin id="15" dir="1" index="0" bw="1" slack="0"/>
</pin_list>
<bind>
<StgValue><ssdm name="mc_5"/><MemPortTyVec>0 3 </MemPortTyVec>
</StgValue>
</bind>
</comp>

<comp id="16" class="1000" name="mc_6">
<pin_list>
<pin id="17" dir="1" index="0" bw="1" slack="0"/>
</pin_list>
<bind>
<StgValue><ssdm name="mc_6"/><MemPortTyVec>0 3 </MemPortTyVec>
</StgValue>
</bind>
</comp>

<comp id="18" class="1000" name="mc_7">
<pin_list>
<pin id="19" dir="1" index="0" bw="1" slack="0"/>
</pin_list>
<bind>
<StgValue><ssdm name="mc_7"/><MemPortTyVec>0 3 </MemPortTyVec>
</StgValue>
</bind>
</comp>

<comp id="20" class="1001" name="const_20">
<pin_list>
<pin id="21" dir="1" index="0" bw="1" slack="0"/>
</pin_list>
<bind>
<StgValue><ssdm name="mul.8"/></StgValue>
</bind>
</comp>

<comp id="22" class="1004" name="grp_mul_8_fu_22">
<pin_list>
<pin id="23" dir="0" index="0" bw="0" slack="0"/>
<pin id="24" dir="0" index="1" bw="64" slack="0"/>
<pin id="25" dir="0" index="2" bw="64" slack="0"/>
<pin id="26" dir="0" index="3" bw="64" slack="0"/>
<pin id="27" dir="0" index="4" bw="64" slack="0"/>
<pin id="28" dir="0" index="5" bw="64" slack="0"/>
<pin id="29" dir="0" index="6" bw="64" slack="0"/>
<pin id="30" dir="0" index="7" bw="64" slack="0"/>
<pin id="31" dir="0" index="8" bw="64" slack="0"/>
<pin id="32" dir="0" index="9" bw="64" slack="0"/>
<pin id="33" dir="0" index="10" bw="64" slack="0"/>
<pin id="34" dir="1" index="11" bw="0" slack="2147483647"/>
</pin_list>
<bind>
<opcode="call(48) " fcode="call"/>
<opset="call_ln77/1 "/>
</bind>
</comp>

</comp_list>

<net_list>
<net id="35"><net_src comp="20" pin="0"/><net_sink comp="22" pin=0"/></net>

<net id="36"><net_src comp="0" pin="0"/><net_sink comp="22" pin=1"/></net>

<net id="37"><net_src comp="2" pin="0"/><net_sink comp="22" pin=2"/></net>

<net id="38"><net_src comp="4" pin="0"/><net_sink comp="22" pin=3"/></net>

<net id="39"><net_src comp="6" pin="0"/><net_sink comp="22" pin=4"/></net>

<net id="40"><net_src comp="8" pin="0"/><net_sink comp="22" pin=5"/></net>

<net id="41"><net_src comp="10" pin="0"/><net_sink comp="22" pin=6"/></net>

<net id="42"><net_src comp="12" pin="0"/><net_sink comp="22" pin=7"/></net>

<net id="43"><net_src comp="14" pin="0"/><net_sink comp="22" pin=8"/></net>

<net id="44"><net_src comp="16" pin="0"/><net_sink comp="22" pin=9"/></net>

<net id="45"><net_src comp="18" pin="0"/><net_sink comp="22" pin=10"/></net>

</net_list>

</model> 
---------------- Datapath Model END ------------------

* FSMD analyzer results:
  - Output states:
	Port: mc_0 | {1 2 }
	Port: mc_1 | {1 2 }
	Port: mc_2 | {1 2 }
	Port: mc_3 | {1 2 }
	Port: mc_4 | {1 2 }
	Port: mc_5 | {1 2 }
	Port: mc_6 | {1 2 }
	Port: mc_7 | {1 2 }
 - Input state : 
	Port: fpmul503_mont.9 : ma | {1 2 }
	Port: fpmul503_mont.9 : mb | {1 2 }
  - Chain level:
	State 1
	State 2


============================================================
+ Verbose Summary: Datapath Resource usage 
============================================================

* Functional unit list:
|----------|-----------------|---------|---------|---------|---------|
| Operation| Functional Unit |   DSP   |  Delay  |    FF   |   LUT   |
|----------|-----------------|---------|---------|---------|---------|
|   call   | grp_mul_8_fu_22 |   254   | 16.2115 |  10862  |  41349  |
|----------|-----------------|---------|---------|---------|---------|
|   Total  |                 |   254   | 16.2115 |  10862  |  41349  |
|----------|-----------------|---------|---------|---------|---------|

Memories:
N/A

* Register list:
N/A

* Multiplexer (MUX) list: 
|--------|------|------|------|--------|
|  Comp  |  Pin | Size |  BW  | S x BW |
|--------|------|------|------|--------|
|  Total |      |      |      |    0   |
|--------|------|------|------|--------|



* Summary:
+-----------+--------+--------+--------+--------+
|           |   DSP  |  Delay |   FF   |   LUT  |
+-----------+--------+--------+--------+--------+
|  Function |   254  |   16   |  10862 |  41349 |
|   Memory  |    -   |    -   |    -   |    -   |
|Multiplexer|    -   |    -   |    -   |    -   |
|  Register |    -   |    -   |    -   |    -   |
+-----------+--------+--------+--------+--------+
|   Total   |   254  |   16   |  10862 |  41349 |
+-----------+--------+--------+--------+--------+
