

================================================================
== Vitis HLS Report for 'fpadd503_43_Pipeline_VITIS_LOOP_33_1'
================================================================
* Date:           Wed Aug 26 17:08:16 2026

* Version:        2024.2.2 (Build 6049644 on Mar  5 2025)
* Project:        sikep503_hls_montcsa
* Solution:       solution1 (Vivado IP Flow Target)
* Product family: virtexuplus58g
* Target device:  xcvu29p-fsga2577-2L-e


================================================================
== Performance Estimates
================================================================
+ Timing: 
    * Summary: 
    +--------+----------+----------+------------+
    |  Clock |  Target  | Estimated| Uncertainty|
    +--------+----------+----------+------------+
    |ap_clk  |  10.00 ns|  4.133 ns|     2.70 ns|
    +--------+----------+----------+------------+

+ Latency: 
    * Summary: 
    +---------+---------+----------+----------+-----+-----+------------------------------------------------+
    |  Latency (cycles) |  Latency (absolute) |  Interval |                    Pipeline                    |
    |   min   |   max   |    min   |    max   | min | max |                      Type                      |
    +---------+---------+----------+----------+-----+-----+------------------------------------------------+
    |       18|       18|  0.180 us|  0.180 us|   17|   17|  loop auto-rewind stp (delay=0 clock cycles(s))|
    +---------+---------+----------+----------+-----+-----+------------------------------------------------+

    + Detail: 
        * Instance: 
        N/A

        * Loop: 
        +-------------------+---------+---------+----------+-----------+-----------+------+----------+
        |                   |  Latency (cycles) | Iteration|  Initiation Interval  | Trip |          |
        |     Loop Name     |   min   |   max   |  Latency |  achieved |   target  | Count| Pipelined|
        +-------------------+---------+---------+----------+-----------+-----------+------+----------+
        |- VITIS_LOOP_33_1  |       16|       16|         2|          2|          1|     8|       yes|
        +-------------------+---------+---------+----------+-----------+-----------+------+----------+



================================================================
== Utilization Estimates
================================================================
* Summary: 
+---------------------+---------+-------+---------+---------+------+
|         Name        | BRAM_18K|  DSP  |    FF   |   LUT   | URAM |
+---------------------+---------+-------+---------+---------+------+
|DSP                  |        -|      -|        -|        -|     -|
|Expression           |        -|      -|        0|      688|     -|
|FIFO                 |        -|      -|        -|        -|     -|
|Instance             |        -|      -|        -|        -|     -|
|Memory               |        -|      -|        -|        -|     -|
|Multiplexer          |        -|      -|        0|       91|     -|
|Register             |        -|      -|      141|        -|     -|
+---------------------+---------+-------+---------+---------+------+
|Total                |        0|      0|      141|      779|     0|
+---------------------+---------+-------+---------+---------+------+
|Available SLR        |     1344|   3072|   864000|   432000|   320|
+---------------------+---------+-------+---------+---------+------+
|Utilization SLR (%)  |        0|      0|       ~0|       ~0|     0|
+---------------------+---------+-------+---------+---------+------+
|Available            |     5376|  12288|  3456000|  1728000|  1280|
+---------------------+---------+-------+---------+---------+------+
|Utilization (%)      |        0|      0|       ~0|       ~0|     0|
+---------------------+---------+-------+---------+---------+------+

+ Detail: 
    * Instance: 
    N/A

    * DSP: 
    N/A

    * Memory: 
    N/A

    * FIFO: 
    N/A

    * Expression: 
    +------------------------+----------+----+---+----+------------+------------+
    |      Variable Name     | Operation| DSP| FF| LUT| Bitwidth P0| Bitwidth P1|
    +------------------------+----------+----+---+----+------------+------------+
    |add_ln33_fu_130_p2      |         +|   0|  0|  12|           4|           1|
    |add_ln35_fu_197_p2      |         +|   0|  0|  71|          64|          64|
    |tempReg_fu_191_p2       |         +|   0|  0|  71|          64|          64|
    |and_ln35_fu_253_p2      |       and|   0|  0|  64|          64|          64|
    |addr_cmp_fu_161_p2      |      icmp|   0|  0|  71|          64|          64|
    |icmp_ln33_fu_124_p2     |      icmp|   0|  0|  12|           4|           5|
    |or_ln35_5_fu_265_p2     |        or|   0|  0|  64|          64|          64|
    |or_ln35_fu_221_p2       |        or|   0|  0|  64|          64|          64|
    |reuse_select_fu_180_p3  |    select|   0|  0|  63|           1|          64|
    |ap_enable_pp0           |       xor|   0|  0|   2|           1|           2|
    |xor_ln35_13_fu_215_p2   |       xor|   0|  0|  64|          64|          64|
    |xor_ln35_14_fu_235_p2   |       xor|   0|  0|   2|           1|           2|
    |xor_ln35_15_fu_259_p2   |       xor|   0|  0|  64|          64|          64|
    |xor_ln35_fu_209_p2      |       xor|   0|  0|  64|          64|          64|
    +------------------------+----------+----+---+----+------------+------------+
    |Total                   |          |   0|  0| 688|         587|         650|
    +------------------------+----------+----+---+----+------------+------------+

    * Multiplexer: 
    +-------------------------+----+-----------+-----+-----------+
    |           Name          | LUT| Input Size| Bits| Total Bits|
    +-------------------------+----+-----------+-----+-----------+
    |R_Z_address0_local       |  14|          3|    4|         12|
    |ap_NS_fsm                |  14|          3|    1|          3|
    |ap_done_int              |   9|          2|    1|          2|
    |ap_enable_reg_pp0_iter0  |   9|          2|    1|          2|
    |ap_enable_reg_pp0_iter1  |   9|          2|    1|          2|
    |carry_reg_94             |   9|          2|    1|          2|
    |i_fu_64                  |   9|          2|    4|          8|
    |reuse_addr_reg_fu_56     |   9|          2|   63|        126|
    |reuse_reg_fu_60          |   9|          2|   64|        128|
    +-------------------------+----+-----------+-----+-----------+
    |Total                    |  91|         20|  140|        285|
    +-------------------------+----+-----------+-----+-----------+

    * Register: 
    +-----------------------------+----+----+-----+-----------+
    |             Name            | FF | LUT| Bits| Const Bits|
    +-----------------------------+----+----+-----+-----------+
    |R_Z_addr_reg_303             |   3|   0|    4|          1|
    |addr_cmp_reg_308             |   1|   0|    1|          0|
    |ap_CS_fsm                    |   2|   0|    2|          0|
    |ap_done_reg                  |   1|   0|    1|          0|
    |ap_enable_reg_pp0_iter0_reg  |   1|   0|    1|          0|
    |ap_enable_reg_pp0_iter1      |   1|   0|    1|          0|
    |carry_reg_94                 |   1|   0|    1|          0|
    |i_fu_64                      |   4|   0|    4|          0|
    |reuse_addr_reg_fu_56         |  63|   0|   64|          1|
    |reuse_reg_fu_60              |  64|   0|   64|          0|
    +-----------------------------+----+----+-----+-----------+
    |Total                        | 141|   0|  143|          2|
    +-----------------------------+----+----+-----+-----------+



================================================================
== Interface
================================================================
* Summary: 
+--------------+-----+-----+------------+--------------------------------------+--------------+
|   RTL Ports  | Dir | Bits|  Protocol  |             Source Object            |    C Type    |
+--------------+-----+-----+------------+--------------------------------------+--------------+
|ap_clk        |   in|    1|  ap_ctrl_hs|  fpadd503.43_Pipeline_VITIS_LOOP_33_1|  return value|
|ap_rst        |   in|    1|  ap_ctrl_hs|  fpadd503.43_Pipeline_VITIS_LOOP_33_1|  return value|
|ap_start      |   in|    1|  ap_ctrl_hs|  fpadd503.43_Pipeline_VITIS_LOOP_33_1|  return value|
|ap_done       |  out|    1|  ap_ctrl_hs|  fpadd503.43_Pipeline_VITIS_LOOP_33_1|  return value|
|ap_idle       |  out|    1|  ap_ctrl_hs|  fpadd503.43_Pipeline_VITIS_LOOP_33_1|  return value|
|ap_ready      |  out|    1|  ap_ctrl_hs|  fpadd503.43_Pipeline_VITIS_LOOP_33_1|  return value|
|R_Z_address0  |  out|    4|   ap_memory|                                   R_Z|         array|
|R_Z_ce0       |  out|    1|   ap_memory|                                   R_Z|         array|
|R_Z_we0       |  out|    1|   ap_memory|                                   R_Z|         array|
|R_Z_d0        |  out|   64|   ap_memory|                                   R_Z|         array|
|R_Z_q0        |   in|   64|   ap_memory|                                   R_Z|         array|
|b_address0    |  out|    3|   ap_memory|                                     b|         array|
|b_ce0         |  out|    1|   ap_memory|                                     b|         array|
|b_q0          |   in|   64|   ap_memory|                                     b|         array|
+--------------+-----+-----+------------+--------------------------------------+--------------+

============================================================
+ Verbose Summary: Synthesis Manager
============================================================
InlineROM: 1
ExposeGlobal: 0
============================================================
+ Verbose Summary: CDFG Model
============================================================
IsTopModel: 0
ResetActiveHigh: 1
IsCombinational: 2
IsDatapathOnly: 2
HasWiredReturn: 1
HasMFsm: 2
HasVarLatency: 1
IsPipeline: 0
IsRtlPipelined: 0
IsInstanceOverlapped: 0
IsDontTouch: 0
HasImplIP: 0
IsGatedGlobalClock: 0

+ Individual pipeline summary: 
  * Pipeline-0: initiation interval (II) = 2, depth = 3


============================================================
+ Verbose Summary: Schedule
============================================================
* Number of FSM states : 3
* Pipeline : 1
  Pipeline-0 : II = 2, D = 3, States = { 1 2 3 }
* Dataflow Pipeline: 0

* FSM state transitions: 
1 --> 2 
2 --> 3 
3 --> 

* FSM state operations: 

State 1 <SV = 0> <Delay = 0.38>
ST_1 : Operation 5 [1/1] (0.00ns)   --->   "%reuse_addr_reg = alloca i32 1"   --->   Operation 5 'alloca' 'reuse_addr_reg' <Predicate = true> <Delay = 0.00>
ST_1 : Operation 6 [1/1] (0.00ns)   --->   "%reuse_reg = alloca i32 1"   --->   Operation 6 'alloca' 'reuse_reg' <Predicate = true> <Delay = 0.00>
ST_1 : Operation 7 [1/1] (0.00ns)   --->   "%i = alloca i32 1" [src_montcsa/generic/fp_generic.cpp:28]   --->   Operation 7 'alloca' 'i' <Predicate = true> <Delay = 0.00>
ST_1 : Operation 8 [1/1] (0.00ns)   --->   "%specmemcore_ln0 = specmemcore void @_ssdm_op_SpecMemCore, i64 %R_Z, i64 666, i64 207, i64 18446744073709551615"   --->   Operation 8 'specmemcore' 'specmemcore_ln0' <Predicate = true> <Delay = 0.00>
ST_1 : Operation 9 [1/1] (0.00ns)   --->   "%specmemcore_ln0 = specmemcore void @_ssdm_op_SpecMemCore, i64 %b, i64 666, i64 17, i64 18446744073709551615"   --->   Operation 9 'specmemcore' 'specmemcore_ln0' <Predicate = true> <Delay = 0.00>
ST_1 : Operation 10 [1/1] (0.38ns)   --->   "%store_ln28 = store i4 0, i4 %i" [src_montcsa/generic/fp_generic.cpp:28]   --->   Operation 10 'store' 'store_ln28' <Predicate = true> <Delay = 0.38>
ST_1 : Operation 11 [1/1] (0.38ns)   --->   "%store_ln0 = store i64 0, i64 %reuse_reg"   --->   Operation 11 'store' 'store_ln0' <Predicate = true> <Delay = 0.38>
ST_1 : Operation 12 [1/1] (0.38ns)   --->   "%store_ln0 = store i64 18446744073709551615, i64 %reuse_addr_reg"   --->   Operation 12 'store' 'store_ln0' <Predicate = true> <Delay = 0.38>
ST_1 : Operation 13 [1/1] (0.38ns)   --->   "%br_ln0 = br void %for.inc"   --->   Operation 13 'br' 'br_ln0' <Predicate = true> <Delay = 0.38>

State 2 <SV = 1> <Delay = 1.14>
ST_2 : Operation 14 [1/1] (0.00ns)   --->   "%carry = phi i1 0, void %newFuncRoot, i1 %tmp, void %for.inc.split" [src_montcsa/generic/fp_generic.cpp:33]   --->   Operation 14 'phi' 'carry' <Predicate = true> <Delay = 0.00>
ST_2 : Operation 15 [1/1] (0.00ns)   --->   "%i_151 = load i4 %i" [src_montcsa/generic/fp_generic.cpp:35]   --->   Operation 15 'load' 'i_151' <Predicate = true> <Delay = 0.00>
ST_2 : Operation 16 [1/1] (0.70ns)   --->   "%icmp_ln33 = icmp_eq  i4 %i_151, i4 8" [src_montcsa/generic/fp_generic.cpp:33]   --->   Operation 16 'icmp' 'icmp_ln33' <Predicate = true> <Delay = 0.70> <CoreInst = "Cmp">   --->   Core 9 'Cmp' <Latency = 0> <II = 1> <Delay = 0.70> <FuncUnit> <Opcode : 'seteq' 'setne' 'setle' 'setge' 'setlt' 'setgt'> <InPorts = 2> <OutPorts = 1>
ST_2 : Operation 17 [1/1] (0.70ns)   --->   "%add_ln33 = add i4 %i_151, i4 1" [src_montcsa/generic/fp_generic.cpp:33]   --->   Operation 17 'add' 'add_ln33' <Predicate = true> <Delay = 0.70> <CoreInst = "Adder">   --->   Core 1 'Adder' <Latency = 0> <II = 1> <Delay = 0.70> <FuncUnit> <Opcode : 'add' 'sub'> <InPorts = 2> <OutPorts = 1>
ST_2 : Operation 18 [1/1] (0.00ns)   --->   "%br_ln33 = br i1 %icmp_ln33, void %for.inc.split, void %for.inc29.preheader.exitStub" [src_montcsa/generic/fp_generic.cpp:33]   --->   Operation 18 'br' 'br_ln33' <Predicate = true> <Delay = 0.00>
ST_2 : Operation 19 [1/1] (0.00ns)   --->   "%zext_ln33 = zext i4 %i_151" [src_montcsa/generic/fp_generic.cpp:33]   --->   Operation 19 'zext' 'zext_ln33' <Predicate = (!icmp_ln33)> <Delay = 0.00>
ST_2 : Operation 20 [1/1] (0.00ns)   --->   "%trunc_ln35 = trunc i4 %i_151" [src_montcsa/generic/fp_generic.cpp:35]   --->   Operation 20 'trunc' 'trunc_ln35' <Predicate = (!icmp_ln33)> <Delay = 0.00>
ST_2 : Operation 21 [1/1] (0.00ns)   --->   "%zext_ln = bitconcatenate i4 @_ssdm_op_BitConcatenate.i4.i1.i3, i1 1, i3 %trunc_ln35" [src_montcsa/generic/fp_generic.cpp:35]   --->   Operation 21 'bitconcatenate' 'zext_ln' <Predicate = (!icmp_ln33)> <Delay = 0.00>
ST_2 : Operation 22 [1/1] (0.00ns)   --->   "%zext_ln35 = zext i4 %zext_ln" [src_montcsa/generic/fp_generic.cpp:35]   --->   Operation 22 'zext' 'zext_ln35' <Predicate = (!icmp_ln33)> <Delay = 0.00>
ST_2 : Operation 23 [1/1] (0.00ns)   --->   "%R_Z_addr = getelementptr i64 %R_Z, i64 0, i64 %zext_ln35" [src_montcsa/generic/fp_generic.cpp:35]   --->   Operation 23 'getelementptr' 'R_Z_addr' <Predicate = (!icmp_ln33)> <Delay = 0.00>
ST_2 : Operation 24 [1/1] (0.00ns)   --->   "%reuse_addr_reg_load = load i64 %reuse_addr_reg"   --->   Operation 24 'load' 'reuse_addr_reg_load' <Predicate = (!icmp_ln33)> <Delay = 0.00>
ST_2 : Operation 25 [2/2] (0.71ns)   --->   "%R_Z_load = load i4 %R_Z_addr" [src_montcsa/generic/fp_generic.cpp:35]   --->   Operation 25 'load' 'R_Z_load' <Predicate = (!icmp_ln33)> <Delay = 0.71> <CoreInst = "RAM_1P">   --->   Core 87 'RAM_1P' <Latency = 1> <II = 1> <Delay = 0.71> <Storage> <Opcode : 'load' 'store'> <Ports = 1> <Width = 64> <Depth = 16> <RAM>
ST_2 : Operation 26 [1/1] (1.14ns)   --->   "%addr_cmp = icmp_eq  i64 %reuse_addr_reg_load, i64 %zext_ln35" [src_montcsa/generic/fp_generic.cpp:35]   --->   Operation 26 'icmp' 'addr_cmp' <Predicate = (!icmp_ln33)> <Delay = 1.14> <CoreInst = "Cmp">   --->   Core 9 'Cmp' <Latency = 0> <II = 1> <Delay = 1.14> <FuncUnit> <Opcode : 'seteq' 'setne' 'setle' 'setge' 'setlt' 'setgt'> <InPorts = 2> <OutPorts = 1>
ST_2 : Operation 27 [1/1] (0.00ns)   --->   "%b_addr = getelementptr i64 %b, i64 0, i64 %zext_ln33" [src_montcsa/generic/fp_generic.cpp:35]   --->   Operation 27 'getelementptr' 'b_addr' <Predicate = (!icmp_ln33)> <Delay = 0.00>
ST_2 : Operation 28 [2/2] (0.71ns)   --->   "%b_load = load i3 %b_addr" [src_montcsa/generic/fp_generic.cpp:35]   --->   Operation 28 'load' 'b_load' <Predicate = (!icmp_ln33)> <Delay = 0.71> <CoreInst = "RAM_1P">   --->   Core 87 'RAM_1P' <Latency = 1> <II = 1> <Delay = 0.71> <Storage> <Opcode : 'load' 'store'> <Ports = 1> <Width = 64> <Depth = 8> <RAM>
ST_2 : Operation 29 [1/1] (0.38ns)   --->   "%store_ln35 = store i64 %zext_ln35, i64 %reuse_addr_reg" [src_montcsa/generic/fp_generic.cpp:35]   --->   Operation 29 'store' 'store_ln35' <Predicate = (!icmp_ln33)> <Delay = 0.38>
ST_2 : Operation 30 [1/1] (0.38ns)   --->   "%store_ln28 = store i4 %add_ln33, i4 %i" [src_montcsa/generic/fp_generic.cpp:28]   --->   Operation 30 'store' 'store_ln28' <Predicate = (!icmp_ln33)> <Delay = 0.38>
ST_2 : Operation 55 [1/1] (0.38ns)   --->   "%ret_ln0 = ret"   --->   Operation 55 'ret' 'ret_ln0' <Predicate = (icmp_ln33)> <Delay = 0.38>

State 3 <SV = 2> <Delay = 4.13>
ST_3 : Operation 31 [1/1] (0.00ns)   --->   "%specpipeline_ln28 = specpipeline void @_ssdm_op_SpecPipeline, i32 4294967295, i32 0, i32 0, i32 0, void @empty_77" [src_montcsa/generic/fp_generic.cpp:28]   --->   Operation 31 'specpipeline' 'specpipeline_ln28' <Predicate = true> <Delay = 0.00>
ST_3 : Operation 32 [1/1] (0.00ns)   --->   "%speclooptripcount_ln28 = speclooptripcount void @_ssdm_op_SpecLoopTripCount, i64 8, i64 8, i64 8" [src_montcsa/generic/fp_generic.cpp:28]   --->   Operation 32 'speclooptripcount' 'speclooptripcount_ln28' <Predicate = true> <Delay = 0.00>
ST_3 : Operation 33 [1/1] (0.00ns)   --->   "%specloopname_ln33 = specloopname void @_ssdm_op_SpecLoopName, void @empty_24" [src_montcsa/generic/fp_generic.cpp:33]   --->   Operation 33 'specloopname' 'specloopname_ln33' <Predicate = true> <Delay = 0.00>
ST_3 : Operation 34 [1/1] (0.00ns)   --->   "%reuse_reg_load = load i64 %reuse_reg"   --->   Operation 34 'load' 'reuse_reg_load' <Predicate = (addr_cmp)> <Delay = 0.00>
ST_3 : Operation 35 [1/2] ( I:0.71ns O:0.71ns )   --->   "%R_Z_load = load i4 %R_Z_addr" [src_montcsa/generic/fp_generic.cpp:35]   --->   Operation 35 'load' 'R_Z_load' <Predicate = true> <Delay = 0.71> <CoreInst = "RAM_1P">   --->   Core 87 'RAM_1P' <Latency = 1> <II = 1> <Delay = 0.71> <Storage> <Opcode : 'load' 'store'> <Ports = 1> <Width = 64> <Depth = 16> <RAM>
ST_3 : Operation 36 [1/1] (0.41ns)   --->   "%reuse_select = select i1 %addr_cmp, i64 %reuse_reg_load, i64 %R_Z_load" [src_montcsa/generic/fp_generic.cpp:35]   --->   Operation 36 'select' 'reuse_select' <Predicate = true> <Delay = 0.41> <CoreInst = "Sel">   --->   Core 73 'Sel' <Latency = 0> <II = 1> <Delay = 0.41> <FuncUnit> <Opcode : 'select'> <InPorts = 3> <OutPorts = 1>
ST_3 : Operation 37 [1/1] (0.00ns)   --->   "%zext_ln35_6 = zext i1 %carry" [src_montcsa/generic/fp_generic.cpp:35]   --->   Operation 37 'zext' 'zext_ln35_6' <Predicate = true> <Delay = 0.00>
ST_3 : Operation 38 [1/1] (1.14ns)   --->   "%tempReg = add i64 %reuse_select, i64 %zext_ln35_6" [src_montcsa/generic/fp_generic.cpp:35]   --->   Operation 38 'add' 'tempReg' <Predicate = true> <Delay = 1.14> <CoreInst = "Adder">   --->   Core 1 'Adder' <Latency = 0> <II = 1> <Delay = 1.14> <FuncUnit> <Opcode : 'add' 'sub'> <InPorts = 2> <OutPorts = 1>
ST_3 : Operation 39 [1/2] ( I:0.71ns O:0.71ns )   --->   "%b_load = load i3 %b_addr" [src_montcsa/generic/fp_generic.cpp:35]   --->   Operation 39 'load' 'b_load' <Predicate = true> <Delay = 0.71> <CoreInst = "RAM_1P">   --->   Core 87 'RAM_1P' <Latency = 1> <II = 1> <Delay = 0.71> <Storage> <Opcode : 'load' 'store'> <Ports = 1> <Width = 64> <Depth = 8> <RAM>
ST_3 : Operation 40 [1/1] (1.14ns)   --->   "%add_ln35 = add i64 %b_load, i64 %tempReg" [src_montcsa/generic/fp_generic.cpp:35]   --->   Operation 40 'add' 'add_ln35' <Predicate = true> <Delay = 1.14> <CoreInst = "Adder">   --->   Core 1 'Adder' <Latency = 0> <II = 1> <Delay = 1.14> <FuncUnit> <Opcode : 'add' 'sub'> <InPorts = 2> <OutPorts = 1>
ST_3 : Operation 41 [1/1] ( I:0.71ns O:0.71ns )   --->   "%store_ln35 = store i64 %add_ln35, i4 %R_Z_addr" [src_montcsa/generic/fp_generic.cpp:35]   --->   Operation 41 'store' 'store_ln35' <Predicate = true> <Delay = 0.71> <CoreInst = "RAM_1P">   --->   Core 87 'RAM_1P' <Latency = 1> <II = 1> <Delay = 0.71> <Storage> <Opcode : 'load' 'store'> <Ports = 1> <Width = 64> <Depth = 16> <RAM>
ST_3 : Operation 42 [1/1] (0.38ns)   --->   "%store_ln35 = store i64 %add_ln35, i64 %reuse_reg" [src_montcsa/generic/fp_generic.cpp:35]   --->   Operation 42 'store' 'store_ln35' <Predicate = true> <Delay = 0.38>
ST_3 : Operation 43 [1/1] (0.00ns) (grouped into LUT with out node xor_ln35_15)   --->   "%xor_ln35 = xor i64 %add_ln35, i64 %tempReg" [src_montcsa/generic/fp_generic.cpp:35]   --->   Operation 43 'xor' 'xor_ln35' <Predicate = true> <Delay = 0.00> <CoreInst = "LogicGate">   --->   Core 74 'LogicGate' <Latency = 0> <II = 1> <Delay = 0.28> <FuncUnit> <Opcode : 'and' 'or' 'xor'> <InPorts = 2> <OutPorts = 1>
ST_3 : Operation 44 [1/1] (0.00ns) (grouped into LUT with out node xor_ln35_15)   --->   "%xor_ln35_13 = xor i64 %b_load, i64 %tempReg" [src_montcsa/generic/fp_generic.cpp:35]   --->   Operation 44 'xor' 'xor_ln35_13' <Predicate = true> <Delay = 0.00> <CoreInst = "LogicGate">   --->   Core 74 'LogicGate' <Latency = 0> <II = 1> <Delay = 0.28> <FuncUnit> <Opcode : 'and' 'or' 'xor'> <InPorts = 2> <OutPorts = 1>
ST_3 : Operation 45 [1/1] (0.00ns) (grouped into LUT with out node xor_ln35_15)   --->   "%or_ln35 = or i64 %xor_ln35, i64 %xor_ln35_13" [src_montcsa/generic/fp_generic.cpp:35]   --->   Operation 45 'or' 'or_ln35' <Predicate = true> <Delay = 0.00> <CoreInst = "LogicGate">   --->   Core 74 'LogicGate' <Latency = 0> <II = 1> <Delay = 0.28> <FuncUnit> <Opcode : 'and' 'or' 'xor'> <InPorts = 2> <OutPorts = 1>
ST_3 : Operation 46 [1/1] (0.00ns) (grouped into LUT with out node or_ln35_5)   --->   "%bit_sel = bitselect i1 @_ssdm_op_BitSelect.i1.i64.i64, i64 %tempReg, i64 63" [src_montcsa/generic/fp_generic.cpp:35]   --->   Operation 46 'bitselect' 'bit_sel' <Predicate = true> <Delay = 0.00>
ST_3 : Operation 47 [1/1] (0.00ns) (grouped into LUT with out node or_ln35_5)   --->   "%xor_ln35_14 = xor i1 %bit_sel, i1 1" [src_montcsa/generic/fp_generic.cpp:35]   --->   Operation 47 'xor' 'xor_ln35_14' <Predicate = true> <Delay = 0.00> <CoreInst = "LogicGate">   --->   Core 74 'LogicGate' <Latency = 0> <II = 1> <Delay = 0.12> <FuncUnit> <Opcode : 'and' 'or' 'xor'> <InPorts = 2> <OutPorts = 1>
ST_3 : Operation 48 [1/1] (0.00ns) (grouped into LUT with out node or_ln35_5)   --->   "%trunc_ln35_4 = trunc i64 %tempReg" [src_montcsa/generic/fp_generic.cpp:35]   --->   Operation 48 'trunc' 'trunc_ln35_4' <Predicate = true> <Delay = 0.00>
ST_3 : Operation 49 [1/1] (0.00ns) (grouped into LUT with out node or_ln35_5)   --->   "%xor_ln35_s = bitconcatenate i64 @_ssdm_op_BitConcatenate.i64.i1.i63, i1 %xor_ln35_14, i63 %trunc_ln35_4" [src_montcsa/generic/fp_generic.cpp:35]   --->   Operation 49 'bitconcatenate' 'xor_ln35_s' <Predicate = true> <Delay = 0.00>
ST_3 : Operation 50 [1/1] (0.00ns) (grouped into LUT with out node or_ln35_5)   --->   "%and_ln35 = and i64 %reuse_select, i64 %xor_ln35_s" [src_montcsa/generic/fp_generic.cpp:35]   --->   Operation 50 'and' 'and_ln35' <Predicate = true> <Delay = 0.00> <CoreInst = "LogicGate">   --->   Core 74 'LogicGate' <Latency = 0> <II = 1> <Delay = 0.28> <FuncUnit> <Opcode : 'and' 'or' 'xor'> <InPorts = 2> <OutPorts = 1>
ST_3 : Operation 51 [1/1] (0.28ns) (out node of the LUT)   --->   "%xor_ln35_15 = xor i64 %or_ln35, i64 %add_ln35" [src_montcsa/generic/fp_generic.cpp:35]   --->   Operation 51 'xor' 'xor_ln35_15' <Predicate = true> <Delay = 0.28> <CoreInst = "LogicGate">   --->   Core 74 'LogicGate' <Latency = 0> <II = 1> <Delay = 0.28> <FuncUnit> <Opcode : 'and' 'or' 'xor'> <InPorts = 2> <OutPorts = 1>
ST_3 : Operation 52 [1/1] (0.28ns) (out node of the LUT)   --->   "%or_ln35_5 = or i64 %xor_ln35_15, i64 %and_ln35" [src_montcsa/generic/fp_generic.cpp:35]   --->   Operation 52 'or' 'or_ln35_5' <Predicate = true> <Delay = 0.28> <CoreInst = "LogicGate">   --->   Core 74 'LogicGate' <Latency = 0> <II = 1> <Delay = 0.28> <FuncUnit> <Opcode : 'and' 'or' 'xor'> <InPorts = 2> <OutPorts = 1>
ST_3 : Operation 53 [1/1] (0.00ns)   --->   "%tmp = bitselect i1 @_ssdm_op_BitSelect.i1.i64.i32, i64 %or_ln35_5, i32 63" [src_montcsa/generic/fp_generic.cpp:33]   --->   Operation 53 'bitselect' 'tmp' <Predicate = true> <Delay = 0.00>
ST_3 : Operation 54 [1/1] (0.00ns)   --->   "%br_ln33 = br void %for.inc" [src_montcsa/generic/fp_generic.cpp:33]   --->   Operation 54 'br' 'br_ln33' <Predicate = true> <Delay = 0.00>


============================================================
+ Verbose Summary: Binding
============================================================
STG Binding: 
---------------- STG Properties BEGIN ----------------
- Is combinational: 0
- Is one-state seq: 0
- Is datapath-only: 0
- Is pipelined: 0
- Is top level: 0
Port [ Return ] is wired: 1; IO mode=ap_ctrl_hs:ce=0
Port [ R_Z]:  wired=1; compound=1; hidden=0; nouse=0; global=0; static=0; extern=0; dir=2; type=1; pingpong=0; private_global=0; MemPort=[2]; IO mode=ap_memory:ce=0
Port [ b]:  wired=1; compound=1; hidden=0; nouse=0; global=0; static=0; extern=0; dir=0; type=1; pingpong=0; private_global=0; MemPort=[1]; IO mode=ap_memory:ce=0
---------------- STG Properties END ------------------

---------------- Datapath Model BEGIN ----------------

<LifeTime>
<method=bitvector/>
reuse_addr_reg         (alloca           ) [ 0110]
reuse_reg              (alloca           ) [ 0111]
i                      (alloca           ) [ 0110]
specmemcore_ln0        (specmemcore      ) [ 0000]
specmemcore_ln0        (specmemcore      ) [ 0000]
store_ln28             (store            ) [ 0000]
store_ln0              (store            ) [ 0000]
store_ln0              (store            ) [ 0000]
br_ln0                 (br               ) [ 0111]
carry                  (phi              ) [ 0111]
i_151                  (load             ) [ 0000]
icmp_ln33              (icmp             ) [ 0010]
add_ln33               (add              ) [ 0000]
br_ln33                (br               ) [ 0000]
zext_ln33              (zext             ) [ 0000]
trunc_ln35             (trunc            ) [ 0000]
zext_ln                (bitconcatenate   ) [ 0000]
zext_ln35              (zext             ) [ 0000]
R_Z_addr               (getelementptr    ) [ 0101]
reuse_addr_reg_load    (load             ) [ 0000]
addr_cmp               (icmp             ) [ 0101]
b_addr                 (getelementptr    ) [ 0101]
store_ln35             (store            ) [ 0000]
store_ln28             (store            ) [ 0000]
specpipeline_ln28      (specpipeline     ) [ 0000]
speclooptripcount_ln28 (speclooptripcount) [ 0000]
specloopname_ln33      (specloopname     ) [ 0000]
reuse_reg_load         (load             ) [ 0000]
R_Z_load               (load             ) [ 0000]
reuse_select           (select           ) [ 0000]
zext_ln35_6            (zext             ) [ 0000]
tempReg                (add              ) [ 0000]
b_load                 (load             ) [ 0000]
add_ln35               (add              ) [ 0000]
store_ln35             (store            ) [ 0000]
store_ln35             (store            ) [ 0000]
xor_ln35               (xor              ) [ 0000]
xor_ln35_13            (xor              ) [ 0000]
or_ln35                (or               ) [ 0000]
bit_sel                (bitselect        ) [ 0000]
xor_ln35_14            (xor              ) [ 0000]
trunc_ln35_4           (trunc            ) [ 0000]
xor_ln35_s             (bitconcatenate   ) [ 0000]
and_ln35               (and              ) [ 0000]
xor_ln35_15            (xor              ) [ 0000]
or_ln35_5              (or               ) [ 0000]
tmp                    (bitselect        ) [ 0111]
br_ln33                (br               ) [ 0111]
ret_ln0                (ret              ) [ 0000]
</LifeTime>

<model>

<comp_list>
<comp id="0" class="1000" name="R_Z">
<pin_list>
<pin id="1" dir="1" index="0" bw="1" slack="0"/>
</pin_list>
<bind>
<StgValue><ssdm name="R_Z"/><MemPortTyVec>2 </MemPortTyVec>
</StgValue>
</bind>
</comp>

<comp id="2" class="1000" name="b">
<pin_list>
<pin id="3" dir="1" index="0" bw="1" slack="0"/>
</pin_list>
<bind>
<StgValue><ssdm name="b"/><MemPortTyVec>1 </MemPortTyVec>
</StgValue>
</bind>
</comp>

<comp id="4" class="1001" name="const_4">
<pin_list>
<pin id="5" dir="1" index="0" bw="1" slack="0"/>
</pin_list>
<bind>
<StgValue><ssdm name=""/></StgValue>
</bind>
</comp>

<comp id="6" class="1001" name="const_6">
<pin_list>
<pin id="7" dir="1" index="0" bw="1" slack="2147483647"/>
</pin_list>
<bind>
<StgValue><ssdm name="_ssdm_op_SpecMemCore"/></StgValue>
</bind>
</comp>

<comp id="8" class="1001" name="const_8">
<pin_list>
<pin id="9" dir="1" index="0" bw="1" slack="2147483647"/>
</pin_list>
<bind>
<StgValue><ssdm name=""/></StgValue>
</bind>
</comp>

<comp id="10" class="1001" name="const_10">
<pin_list>
<pin id="11" dir="1" index="0" bw="1" slack="2147483647"/>
</pin_list>
<bind>
<StgValue><ssdm name=""/></StgValue>
</bind>
</comp>

<comp id="12" class="1001" name="const_12">
<pin_list>
<pin id="13" dir="1" index="0" bw="1" slack="0"/>
</pin_list>
<bind>
<StgValue><ssdm name=""/></StgValue>
</bind>
</comp>

<comp id="14" class="1001" name="const_14">
<pin_list>
<pin id="15" dir="1" index="0" bw="1" slack="2147483647"/>
</pin_list>
<bind>
<StgValue><ssdm name=""/></StgValue>
</bind>
</comp>

<comp id="16" class="1001" name="const_16">
<pin_list>
<pin id="17" dir="1" index="0" bw="1" slack="0"/>
</pin_list>
<bind>
<StgValue><ssdm name=""/></StgValue>
</bind>
</comp>

<comp id="18" class="1001" name="const_18">
<pin_list>
<pin id="19" dir="1" index="0" bw="1" slack="0"/>
</pin_list>
<bind>
<StgValue><ssdm name=""/></StgValue>
</bind>
</comp>

<comp id="20" class="1001" name="const_20">
<pin_list>
<pin id="21" dir="1" index="0" bw="1" slack="1"/>
</pin_list>
<bind>
<StgValue><ssdm name=""/></StgValue>
</bind>
</comp>

<comp id="22" class="1001" name="const_22">
<pin_list>
<pin id="23" dir="1" index="0" bw="1" slack="0"/>
</pin_list>
<bind>
<StgValue><ssdm name=""/></StgValue>
</bind>
</comp>

<comp id="24" class="1001" name="const_24">
<pin_list>
<pin id="25" dir="1" index="0" bw="1" slack="0"/>
</pin_list>
<bind>
<StgValue><ssdm name=""/></StgValue>
</bind>
</comp>

<comp id="26" class="1001" name="const_26">
<pin_list>
<pin id="27" dir="1" index="0" bw="1" slack="0"/>
</pin_list>
<bind>
<StgValue><ssdm name="_ssdm_op_BitConcatenate.i4.i1.i3"/></StgValue>
</bind>
</comp>

<comp id="28" class="1001" name="const_28">
<pin_list>
<pin id="29" dir="1" index="0" bw="1" slack="0"/>
</pin_list>
<bind>
<StgValue><ssdm name=""/></StgValue>
</bind>
</comp>

<comp id="30" class="1001" name="const_30">
<pin_list>
<pin id="31" dir="1" index="0" bw="1" slack="2147483647"/>
</pin_list>
<bind>
<StgValue><ssdm name="_ssdm_op_SpecPipeline"/></StgValue>
</bind>
</comp>

<comp id="32" class="1001" name="const_32">
<pin_list>
<pin id="33" dir="1" index="0" bw="1" slack="2147483647"/>
</pin_list>
<bind>
<StgValue><ssdm name=""/></StgValue>
</bind>
</comp>

<comp id="34" class="1001" name="const_34">
<pin_list>
<pin id="35" dir="1" index="0" bw="1" slack="2147483647"/>
</pin_list>
<bind>
<StgValue><ssdm name=""/></StgValue>
</bind>
</comp>

<comp id="36" class="1001" name="const_36">
<pin_list>
<pin id="37" dir="1" index="0" bw="1" slack="2147483647"/>
</pin_list>
<bind>
<StgValue><ssdm name="empty_77"/></StgValue>
</bind>
</comp>

<comp id="38" class="1001" name="const_38">
<pin_list>
<pin id="39" dir="1" index="0" bw="1" slack="2147483647"/>
</pin_list>
<bind>
<StgValue><ssdm name="_ssdm_op_SpecLoopTripCount"/></StgValue>
</bind>
</comp>

<comp id="40" class="1001" name="const_40">
<pin_list>
<pin id="41" dir="1" index="0" bw="1" slack="2147483647"/>
</pin_list>
<bind>
<StgValue><ssdm name=""/></StgValue>
</bind>
</comp>

<comp id="42" class="1001" name="const_42">
<pin_list>
<pin id="43" dir="1" index="0" bw="1" slack="2147483647"/>
</pin_list>
<bind>
<StgValue><ssdm name="_ssdm_op_SpecLoopName"/></StgValue>
</bind>
</comp>

<comp id="44" class="1001" name="const_44">
<pin_list>
<pin id="45" dir="1" index="0" bw="1" slack="2147483647"/>
</pin_list>
<bind>
<StgValue><ssdm name="empty_24"/></StgValue>
</bind>
</comp>

<comp id="46" class="1001" name="const_46">
<pin_list>
<pin id="47" dir="1" index="0" bw="1" slack="0"/>
</pin_list>
<bind>
<StgValue><ssdm name="_ssdm_op_BitSelect.i1.i64.i64"/></StgValue>
</bind>
</comp>

<comp id="48" class="1001" name="const_48">
<pin_list>
<pin id="49" dir="1" index="0" bw="1" slack="0"/>
</pin_list>
<bind>
<StgValue><ssdm name=""/></StgValue>
</bind>
</comp>

<comp id="50" class="1001" name="const_50">
<pin_list>
<pin id="51" dir="1" index="0" bw="1" slack="0"/>
</pin_list>
<bind>
<StgValue><ssdm name="_ssdm_op_BitConcatenate.i64.i1.i63"/></StgValue>
</bind>
</comp>

<comp id="52" class="1001" name="const_52">
<pin_list>
<pin id="53" dir="1" index="0" bw="1" slack="0"/>
</pin_list>
<bind>
<StgValue><ssdm name="_ssdm_op_BitSelect.i1.i64.i32"/></StgValue>
</bind>
</comp>

<comp id="54" class="1001" name="const_54">
<pin_list>
<pin id="55" dir="1" index="0" bw="1" slack="0"/>
</pin_list>
<bind>
<StgValue><ssdm name=""/></StgValue>
</bind>
</comp>

<comp id="56" class="1004" name="reuse_addr_reg_fu_56">
<pin_list>
<pin id="57" dir="0" index="0" bw="1" slack="0"/>
<pin id="58" dir="1" index="1" bw="64" slack="0"/>
</pin_list>
<bind>
<opcode="alloca(26) " fcode="alloca"/>
<opset="reuse_addr_reg/1 "/>
</bind>
</comp>

<comp id="60" class="1004" name="reuse_reg_fu_60">
<pin_list>
<pin id="61" dir="0" index="0" bw="1" slack="0"/>
<pin id="62" dir="1" index="1" bw="64" slack="0"/>
</pin_list>
<bind>
<opcode="alloca(26) " fcode="alloca"/>
<opset="reuse_reg/1 "/>
</bind>
</comp>

<comp id="64" class="1004" name="i_fu_64">
<pin_list>
<pin id="65" dir="0" index="0" bw="1" slack="0"/>
<pin id="66" dir="1" index="1" bw="4" slack="0"/>
</pin_list>
<bind>
<opcode="alloca(26) " fcode="alloca"/>
<opset="i/1 "/>
</bind>
</comp>

<comp id="68" class="1004" name="R_Z_addr_gep_fu_68">
<pin_list>
<pin id="69" dir="0" index="0" bw="64" slack="0"/>
<pin id="70" dir="0" index="1" bw="1" slack="0"/>
<pin id="71" dir="0" index="2" bw="4" slack="0"/>
<pin id="72" dir="1" index="3" bw="4" slack="0"/>
</pin_list>
<bind>
<opcode="getelementptr(29) " fcode="getelementptr"/>
<opset="R_Z_addr/2 "/>
</bind>
</comp>

<comp id="75" class="1004" name="grp_access_fu_75">
<pin_list>
<pin id="76" dir="0" index="0" bw="4" slack="0"/>
<pin id="77" dir="0" index="1" bw="64" slack="0"/>
<pin id="78" dir="0" index="2" bw="0" slack="2147483647"/>
<pin id="79" dir="1" index="3" bw="64" slack="0"/>
</pin_list>
<bind>
<opcode="load(27) store(28) " fcode="store"/>
<opset="R_Z_load/2 store_ln35/3 "/>
</bind>
</comp>

<comp id="81" class="1004" name="b_addr_gep_fu_81">
<pin_list>
<pin id="82" dir="0" index="0" bw="64" slack="0"/>
<pin id="83" dir="0" index="1" bw="1" slack="0"/>
<pin id="84" dir="0" index="2" bw="4" slack="0"/>
<pin id="85" dir="1" index="3" bw="3" slack="0"/>
</pin_list>
<bind>
<opcode="getelementptr(29) " fcode="getelementptr"/>
<opset="b_addr/2 "/>
</bind>
</comp>

<comp id="88" class="1004" name="grp_access_fu_88">
<pin_list>
<pin id="89" dir="0" index="0" bw="3" slack="0"/>
<pin id="90" dir="0" index="1" bw="64" slack="2147483647"/>
<pin id="91" dir="0" index="2" bw="0" slack="2147483647"/>
<pin id="92" dir="1" index="3" bw="64" slack="0"/>
</pin_list>
<bind>
<opcode="load(27) " fcode="load"/>
<opset="b_load/2 "/>
</bind>
</comp>

<comp id="94" class="1005" name="carry_reg_94">
<pin_list>
<pin id="95" dir="0" index="0" bw="1" slack="1"/>
<pin id="96" dir="1" index="1" bw="1" slack="1"/>
</pin_list>
<bind>
<opset="carry (phireg) "/>
</bind>
</comp>

<comp id="98" class="1004" name="carry_phi_fu_98">
<pin_list>
<pin id="99" dir="0" index="0" bw="1" slack="1"/>
<pin id="100" dir="0" index="1" bw="0" slack="2147483647"/>
<pin id="101" dir="0" index="2" bw="1" slack="1"/>
<pin id="102" dir="0" index="3" bw="0" slack="2147483647"/>
<pin id="103" dir="1" index="4" bw="1" slack="1"/>
</pin_list>
<bind>
<opcode="phi(47) " fcode="phi"/>
<opset="carry/2 "/>
</bind>
</comp>

<comp id="106" class="1004" name="store_ln28_store_fu_106">
<pin_list>
<pin id="107" dir="0" index="0" bw="1" slack="0"/>
<pin id="108" dir="0" index="1" bw="4" slack="0"/>
<pin id="109" dir="1" index="2" bw="0" slack="2147483647"/>
</pin_list>
<bind>
<opcode="store(28) " fcode="store"/>
<opset="store_ln28/1 "/>
</bind>
</comp>

<comp id="111" class="1004" name="store_ln0_store_fu_111">
<pin_list>
<pin id="112" dir="0" index="0" bw="1" slack="0"/>
<pin id="113" dir="0" index="1" bw="64" slack="0"/>
<pin id="114" dir="1" index="2" bw="0" slack="2147483647"/>
</pin_list>
<bind>
<opcode="store(28) " fcode="store"/>
<opset="store_ln0/1 "/>
</bind>
</comp>

<comp id="116" class="1004" name="store_ln0_store_fu_116">
<pin_list>
<pin id="117" dir="0" index="0" bw="1" slack="0"/>
<pin id="118" dir="0" index="1" bw="64" slack="0"/>
<pin id="119" dir="1" index="2" bw="0" slack="2147483647"/>
</pin_list>
<bind>
<opcode="store(28) " fcode="store"/>
<opset="store_ln0/1 "/>
</bind>
</comp>

<comp id="121" class="1004" name="i_151_load_fu_121">
<pin_list>
<pin id="122" dir="0" index="0" bw="4" slack="1"/>
<pin id="123" dir="1" index="1" bw="4" slack="0"/>
</pin_list>
<bind>
<opcode="load(27) " fcode="load"/>
<opset="i_151/2 "/>
</bind>
</comp>

<comp id="124" class="1004" name="icmp_ln33_fu_124">
<pin_list>
<pin id="125" dir="0" index="0" bw="4" slack="0"/>
<pin id="126" dir="0" index="1" bw="4" slack="0"/>
<pin id="127" dir="1" index="2" bw="1" slack="2147483647"/>
</pin_list>
<bind>
<opcode="icmp(45) " fcode="icmp"/>
<opset="icmp_ln33/2 "/>
</bind>
</comp>

<comp id="130" class="1004" name="add_ln33_fu_130">
<pin_list>
<pin id="131" dir="0" index="0" bw="4" slack="0"/>
<pin id="132" dir="0" index="1" bw="1" slack="0"/>
<pin id="133" dir="1" index="2" bw="4" slack="0"/>
</pin_list>
<bind>
<opcode="add(8) " fcode="add"/>
<opset="add_ln33/2 "/>
</bind>
</comp>

<comp id="136" class="1004" name="zext_ln33_fu_136">
<pin_list>
<pin id="137" dir="0" index="0" bw="4" slack="0"/>
<pin id="138" dir="1" index="1" bw="64" slack="0"/>
</pin_list>
<bind>
<opcode="zext(34) " fcode="zext"/>
<opset="zext_ln33/2 "/>
</bind>
</comp>

<comp id="141" class="1004" name="trunc_ln35_fu_141">
<pin_list>
<pin id="142" dir="0" index="0" bw="4" slack="0"/>
<pin id="143" dir="1" index="1" bw="3" slack="0"/>
</pin_list>
<bind>
<opcode="trunc(33) " fcode="trunc"/>
<opset="trunc_ln35/2 "/>
</bind>
</comp>

<comp id="145" class="1004" name="zext_ln_fu_145">
<pin_list>
<pin id="146" dir="0" index="0" bw="4" slack="0"/>
<pin id="147" dir="0" index="1" bw="1" slack="0"/>
<pin id="148" dir="0" index="2" bw="3" slack="0"/>
<pin id="149" dir="1" index="3" bw="4" slack="0"/>
</pin_list>
<bind>
<opcode="bitconcatenate(1004) " fcode="bitconcatenate"/>
<opset="zext_ln/2 "/>
</bind>
</comp>

<comp id="153" class="1004" name="zext_ln35_fu_153">
<pin_list>
<pin id="154" dir="0" index="0" bw="4" slack="0"/>
<pin id="155" dir="1" index="1" bw="64" slack="0"/>
</pin_list>
<bind>
<opcode="zext(34) " fcode="zext"/>
<opset="zext_ln35/2 "/>
</bind>
</comp>

<comp id="158" class="1004" name="reuse_addr_reg_load_load_fu_158">
<pin_list>
<pin id="159" dir="0" index="0" bw="64" slack="1"/>
<pin id="160" dir="1" index="1" bw="64" slack="0"/>
</pin_list>
<bind>
<opcode="load(27) " fcode="load"/>
<opset="reuse_addr_reg_load/2 "/>
</bind>
</comp>

<comp id="161" class="1004" name="addr_cmp_fu_161">
<pin_list>
<pin id="162" dir="0" index="0" bw="64" slack="0"/>
<pin id="163" dir="0" index="1" bw="64" slack="0"/>
<pin id="164" dir="1" index="2" bw="1" slack="1"/>
</pin_list>
<bind>
<opcode="icmp(45) " fcode="icmp"/>
<opset="addr_cmp/2 "/>
</bind>
</comp>

<comp id="167" class="1004" name="store_ln35_store_fu_167">
<pin_list>
<pin id="168" dir="0" index="0" bw="4" slack="0"/>
<pin id="169" dir="0" index="1" bw="64" slack="1"/>
<pin id="170" dir="1" index="2" bw="0" slack="2147483647"/>
</pin_list>
<bind>
<opcode="store(28) " fcode="store"/>
<opset="store_ln35/2 "/>
</bind>
</comp>

<comp id="172" class="1004" name="store_ln28_store_fu_172">
<pin_list>
<pin id="173" dir="0" index="0" bw="4" slack="0"/>
<pin id="174" dir="0" index="1" bw="4" slack="1"/>
<pin id="175" dir="1" index="2" bw="0" slack="2147483647"/>
</pin_list>
<bind>
<opcode="store(28) " fcode="store"/>
<opset="store_ln28/2 "/>
</bind>
</comp>

<comp id="177" class="1004" name="reuse_reg_load_load_fu_177">
<pin_list>
<pin id="178" dir="0" index="0" bw="64" slack="2"/>
<pin id="179" dir="1" index="1" bw="64" slack="0"/>
</pin_list>
<bind>
<opcode="load(27) " fcode="load"/>
<opset="reuse_reg_load/3 "/>
</bind>
</comp>

<comp id="180" class="1004" name="reuse_select_fu_180">
<pin_list>
<pin id="181" dir="0" index="0" bw="1" slack="1"/>
<pin id="182" dir="0" index="1" bw="64" slack="0"/>
<pin id="183" dir="0" index="2" bw="64" slack="0"/>
<pin id="184" dir="1" index="3" bw="64" slack="0"/>
</pin_list>
<bind>
<opcode="select(49) " fcode="select"/>
<opset="reuse_select/3 "/>
</bind>
</comp>

<comp id="187" class="1004" name="zext_ln35_6_fu_187">
<pin_list>
<pin id="188" dir="0" index="0" bw="1" slack="1"/>
<pin id="189" dir="1" index="1" bw="64" slack="0"/>
</pin_list>
<bind>
<opcode="zext(34) " fcode="zext"/>
<opset="zext_ln35_6/3 "/>
</bind>
</comp>

<comp id="191" class="1004" name="tempReg_fu_191">
<pin_list>
<pin id="192" dir="0" index="0" bw="64" slack="0"/>
<pin id="193" dir="0" index="1" bw="1" slack="0"/>
<pin id="194" dir="1" index="2" bw="64" slack="0"/>
</pin_list>
<bind>
<opcode="add(8) " fcode="add"/>
<opset="tempReg/3 "/>
</bind>
</comp>

<comp id="197" class="1004" name="add_ln35_fu_197">
<pin_list>
<pin id="198" dir="0" index="0" bw="64" slack="0"/>
<pin id="199" dir="0" index="1" bw="64" slack="0"/>
<pin id="200" dir="1" index="2" bw="64" slack="0"/>
</pin_list>
<bind>
<opcode="add(8) " fcode="add"/>
<opset="add_ln35/3 "/>
</bind>
</comp>

<comp id="204" class="1004" name="store_ln35_store_fu_204">
<pin_list>
<pin id="205" dir="0" index="0" bw="64" slack="0"/>
<pin id="206" dir="0" index="1" bw="64" slack="2"/>
<pin id="207" dir="1" index="2" bw="0" slack="2147483647"/>
</pin_list>
<bind>
<opcode="store(28) " fcode="store"/>
<opset="store_ln35/3 "/>
</bind>
</comp>

<comp id="209" class="1004" name="xor_ln35_fu_209">
<pin_list>
<pin id="210" dir="0" index="0" bw="64" slack="0"/>
<pin id="211" dir="0" index="1" bw="64" slack="0"/>
<pin id="212" dir="1" index="2" bw="64" slack="0"/>
</pin_list>
<bind>
<opcode="xor(25) " fcode="xor"/>
<opset="xor_ln35/3 "/>
</bind>
</comp>

<comp id="215" class="1004" name="xor_ln35_13_fu_215">
<pin_list>
<pin id="216" dir="0" index="0" bw="64" slack="0"/>
<pin id="217" dir="0" index="1" bw="64" slack="0"/>
<pin id="218" dir="1" index="2" bw="64" slack="0"/>
</pin_list>
<bind>
<opcode="xor(25) " fcode="xor"/>
<opset="xor_ln35_13/3 "/>
</bind>
</comp>

<comp id="221" class="1004" name="or_ln35_fu_221">
<pin_list>
<pin id="222" dir="0" index="0" bw="64" slack="0"/>
<pin id="223" dir="0" index="1" bw="64" slack="0"/>
<pin id="224" dir="1" index="2" bw="64" slack="0"/>
</pin_list>
<bind>
<opcode="or(24) " fcode="or"/>
<opset="or_ln35/3 "/>
</bind>
</comp>

<comp id="227" class="1004" name="bit_sel_fu_227">
<pin_list>
<pin id="228" dir="0" index="0" bw="1" slack="0"/>
<pin id="229" dir="0" index="1" bw="64" slack="0"/>
<pin id="230" dir="0" index="2" bw="7" slack="0"/>
<pin id="231" dir="1" index="3" bw="1" slack="0"/>
</pin_list>
<bind>
<opcode="bitselect(1000) " fcode="bitselect"/>
<opset="bit_sel/3 "/>
</bind>
</comp>

<comp id="235" class="1004" name="xor_ln35_14_fu_235">
<pin_list>
<pin id="236" dir="0" index="0" bw="1" slack="0"/>
<pin id="237" dir="0" index="1" bw="1" slack="0"/>
<pin id="238" dir="1" index="2" bw="1" slack="0"/>
</pin_list>
<bind>
<opcode="xor(25) " fcode="xor"/>
<opset="xor_ln35_14/3 "/>
</bind>
</comp>

<comp id="241" class="1004" name="trunc_ln35_4_fu_241">
<pin_list>
<pin id="242" dir="0" index="0" bw="64" slack="0"/>
<pin id="243" dir="1" index="1" bw="63" slack="0"/>
</pin_list>
<bind>
<opcode="trunc(33) " fcode="trunc"/>
<opset="trunc_ln35_4/3 "/>
</bind>
</comp>

<comp id="245" class="1004" name="xor_ln35_s_fu_245">
<pin_list>
<pin id="246" dir="0" index="0" bw="64" slack="0"/>
<pin id="247" dir="0" index="1" bw="1" slack="0"/>
<pin id="248" dir="0" index="2" bw="63" slack="0"/>
<pin id="249" dir="1" index="3" bw="64" slack="0"/>
</pin_list>
<bind>
<opcode="bitconcatenate(1004) " fcode="bitconcatenate"/>
<opset="xor_ln35_s/3 "/>
</bind>
</comp>

<comp id="253" class="1004" name="and_ln35_fu_253">
<pin_list>
<pin id="254" dir="0" index="0" bw="64" slack="0"/>
<pin id="255" dir="0" index="1" bw="64" slack="0"/>
<pin id="256" dir="1" index="2" bw="64" slack="0"/>
</pin_list>
<bind>
<opcode="and(23) " fcode="and"/>
<opset="and_ln35/3 "/>
</bind>
</comp>

<comp id="259" class="1004" name="xor_ln35_15_fu_259">
<pin_list>
<pin id="260" dir="0" index="0" bw="64" slack="0"/>
<pin id="261" dir="0" index="1" bw="64" slack="0"/>
<pin id="262" dir="1" index="2" bw="64" slack="0"/>
</pin_list>
<bind>
<opcode="xor(25) " fcode="xor"/>
<opset="xor_ln35_15/3 "/>
</bind>
</comp>

<comp id="265" class="1004" name="or_ln35_5_fu_265">
<pin_list>
<pin id="266" dir="0" index="0" bw="64" slack="0"/>
<pin id="267" dir="0" index="1" bw="64" slack="0"/>
<pin id="268" dir="1" index="2" bw="64" slack="0"/>
</pin_list>
<bind>
<opcode="or(24) " fcode="or"/>
<opset="or_ln35_5/3 "/>
</bind>
</comp>

<comp id="271" class="1004" name="tmp_fu_271">
<pin_list>
<pin id="272" dir="0" index="0" bw="1" slack="0"/>
<pin id="273" dir="0" index="1" bw="64" slack="0"/>
<pin id="274" dir="0" index="2" bw="7" slack="0"/>
<pin id="275" dir="1" index="3" bw="1" slack="1"/>
</pin_list>
<bind>
<opcode="bitselect(1000) " fcode="bitselect"/>
<opset="tmp/3 "/>
</bind>
</comp>

<comp id="279" class="1005" name="reuse_addr_reg_reg_279">
<pin_list>
<pin id="280" dir="0" index="0" bw="64" slack="0"/>
<pin id="281" dir="1" index="1" bw="64" slack="0"/>
</pin_list>
<bind>
<opset="reuse_addr_reg "/>
</bind>
</comp>

<comp id="286" class="1005" name="reuse_reg_reg_286">
<pin_list>
<pin id="287" dir="0" index="0" bw="64" slack="0"/>
<pin id="288" dir="1" index="1" bw="64" slack="0"/>
</pin_list>
<bind>
<opset="reuse_reg "/>
</bind>
</comp>

<comp id="293" class="1005" name="i_reg_293">
<pin_list>
<pin id="294" dir="0" index="0" bw="4" slack="0"/>
<pin id="295" dir="1" index="1" bw="4" slack="0"/>
</pin_list>
<bind>
<opset="i "/>
</bind>
</comp>

<comp id="303" class="1005" name="R_Z_addr_reg_303">
<pin_list>
<pin id="304" dir="0" index="0" bw="4" slack="1"/>
<pin id="305" dir="1" index="1" bw="4" slack="1"/>
</pin_list>
<bind>
<opset="R_Z_addr "/>
</bind>
</comp>

<comp id="308" class="1005" name="addr_cmp_reg_308">
<pin_list>
<pin id="309" dir="0" index="0" bw="1" slack="1"/>
<pin id="310" dir="1" index="1" bw="1" slack="1"/>
</pin_list>
<bind>
<opset="addr_cmp "/>
</bind>
</comp>

<comp id="313" class="1005" name="b_addr_reg_313">
<pin_list>
<pin id="314" dir="0" index="0" bw="3" slack="1"/>
<pin id="315" dir="1" index="1" bw="3" slack="1"/>
</pin_list>
<bind>
<opset="b_addr "/>
</bind>
</comp>

<comp id="318" class="1005" name="tmp_reg_318">
<pin_list>
<pin id="319" dir="0" index="0" bw="1" slack="1"/>
<pin id="320" dir="1" index="1" bw="1" slack="1"/>
</pin_list>
<bind>
<opset="tmp "/>
</bind>
</comp>

</comp_list>

<net_list>
<net id="59"><net_src comp="4" pin="0"/><net_sink comp="56" pin=0"/></net>

<net id="63"><net_src comp="4" pin="0"/><net_sink comp="60" pin=0"/></net>

<net id="67"><net_src comp="4" pin="0"/><net_sink comp="64" pin=0"/></net>

<net id="73"><net_src comp="0" pin="0"/><net_sink comp="68" pin=0"/></net>

<net id="74"><net_src comp="18" pin="0"/><net_sink comp="68" pin=1"/></net>

<net id="80"><net_src comp="68" pin="3"/><net_sink comp="75" pin=0"/></net>

<net id="86"><net_src comp="2" pin="0"/><net_sink comp="81" pin=0"/></net>

<net id="87"><net_src comp="18" pin="0"/><net_sink comp="81" pin=1"/></net>

<net id="93"><net_src comp="81" pin="3"/><net_sink comp="88" pin=0"/></net>

<net id="97"><net_src comp="20" pin="0"/><net_sink comp="94" pin=0"/></net>

<net id="104"><net_src comp="94" pin="1"/><net_sink comp="98" pin=0"/></net>

<net id="105"><net_src comp="98" pin="4"/><net_sink comp="94" pin=0"/></net>

<net id="110"><net_src comp="16" pin="0"/><net_sink comp="106" pin=0"/></net>

<net id="115"><net_src comp="18" pin="0"/><net_sink comp="111" pin=0"/></net>

<net id="120"><net_src comp="12" pin="0"/><net_sink comp="116" pin=0"/></net>

<net id="128"><net_src comp="121" pin="1"/><net_sink comp="124" pin=0"/></net>

<net id="129"><net_src comp="22" pin="0"/><net_sink comp="124" pin=1"/></net>

<net id="134"><net_src comp="121" pin="1"/><net_sink comp="130" pin=0"/></net>

<net id="135"><net_src comp="24" pin="0"/><net_sink comp="130" pin=1"/></net>

<net id="139"><net_src comp="121" pin="1"/><net_sink comp="136" pin=0"/></net>

<net id="140"><net_src comp="136" pin="1"/><net_sink comp="81" pin=2"/></net>

<net id="144"><net_src comp="121" pin="1"/><net_sink comp="141" pin=0"/></net>

<net id="150"><net_src comp="26" pin="0"/><net_sink comp="145" pin=0"/></net>

<net id="151"><net_src comp="28" pin="0"/><net_sink comp="145" pin=1"/></net>

<net id="152"><net_src comp="141" pin="1"/><net_sink comp="145" pin=2"/></net>

<net id="156"><net_src comp="145" pin="3"/><net_sink comp="153" pin=0"/></net>

<net id="157"><net_src comp="153" pin="1"/><net_sink comp="68" pin=2"/></net>

<net id="165"><net_src comp="158" pin="1"/><net_sink comp="161" pin=0"/></net>

<net id="166"><net_src comp="153" pin="1"/><net_sink comp="161" pin=1"/></net>

<net id="171"><net_src comp="153" pin="1"/><net_sink comp="167" pin=0"/></net>

<net id="176"><net_src comp="130" pin="2"/><net_sink comp="172" pin=0"/></net>

<net id="185"><net_src comp="177" pin="1"/><net_sink comp="180" pin=1"/></net>

<net id="186"><net_src comp="75" pin="3"/><net_sink comp="180" pin=2"/></net>

<net id="190"><net_src comp="94" pin="1"/><net_sink comp="187" pin=0"/></net>

<net id="195"><net_src comp="180" pin="3"/><net_sink comp="191" pin=0"/></net>

<net id="196"><net_src comp="187" pin="1"/><net_sink comp="191" pin=1"/></net>

<net id="201"><net_src comp="88" pin="3"/><net_sink comp="197" pin=0"/></net>

<net id="202"><net_src comp="191" pin="2"/><net_sink comp="197" pin=1"/></net>

<net id="203"><net_src comp="197" pin="2"/><net_sink comp="75" pin=1"/></net>

<net id="208"><net_src comp="197" pin="2"/><net_sink comp="204" pin=0"/></net>

<net id="213"><net_src comp="197" pin="2"/><net_sink comp="209" pin=0"/></net>

<net id="214"><net_src comp="191" pin="2"/><net_sink comp="209" pin=1"/></net>

<net id="219"><net_src comp="88" pin="3"/><net_sink comp="215" pin=0"/></net>

<net id="220"><net_src comp="191" pin="2"/><net_sink comp="215" pin=1"/></net>

<net id="225"><net_src comp="209" pin="2"/><net_sink comp="221" pin=0"/></net>

<net id="226"><net_src comp="215" pin="2"/><net_sink comp="221" pin=1"/></net>

<net id="232"><net_src comp="46" pin="0"/><net_sink comp="227" pin=0"/></net>

<net id="233"><net_src comp="191" pin="2"/><net_sink comp="227" pin=1"/></net>

<net id="234"><net_src comp="48" pin="0"/><net_sink comp="227" pin=2"/></net>

<net id="239"><net_src comp="227" pin="3"/><net_sink comp="235" pin=0"/></net>

<net id="240"><net_src comp="28" pin="0"/><net_sink comp="235" pin=1"/></net>

<net id="244"><net_src comp="191" pin="2"/><net_sink comp="241" pin=0"/></net>

<net id="250"><net_src comp="50" pin="0"/><net_sink comp="245" pin=0"/></net>

<net id="251"><net_src comp="235" pin="2"/><net_sink comp="245" pin=1"/></net>

<net id="252"><net_src comp="241" pin="1"/><net_sink comp="245" pin=2"/></net>

<net id="257"><net_src comp="180" pin="3"/><net_sink comp="253" pin=0"/></net>

<net id="258"><net_src comp="245" pin="3"/><net_sink comp="253" pin=1"/></net>

<net id="263"><net_src comp="221" pin="2"/><net_sink comp="259" pin=0"/></net>

<net id="264"><net_src comp="197" pin="2"/><net_sink comp="259" pin=1"/></net>

<net id="269"><net_src comp="259" pin="2"/><net_sink comp="265" pin=0"/></net>

<net id="270"><net_src comp="253" pin="2"/><net_sink comp="265" pin=1"/></net>

<net id="276"><net_src comp="52" pin="0"/><net_sink comp="271" pin=0"/></net>

<net id="277"><net_src comp="265" pin="2"/><net_sink comp="271" pin=1"/></net>

<net id="278"><net_src comp="54" pin="0"/><net_sink comp="271" pin=2"/></net>

<net id="282"><net_src comp="56" pin="1"/><net_sink comp="279" pin=0"/></net>

<net id="283"><net_src comp="279" pin="1"/><net_sink comp="116" pin=1"/></net>

<net id="284"><net_src comp="279" pin="1"/><net_sink comp="158" pin=0"/></net>

<net id="285"><net_src comp="279" pin="1"/><net_sink comp="167" pin=1"/></net>

<net id="289"><net_src comp="60" pin="1"/><net_sink comp="286" pin=0"/></net>

<net id="290"><net_src comp="286" pin="1"/><net_sink comp="111" pin=1"/></net>

<net id="291"><net_src comp="286" pin="1"/><net_sink comp="177" pin=0"/></net>

<net id="292"><net_src comp="286" pin="1"/><net_sink comp="204" pin=1"/></net>

<net id="296"><net_src comp="64" pin="1"/><net_sink comp="293" pin=0"/></net>

<net id="297"><net_src comp="293" pin="1"/><net_sink comp="106" pin=1"/></net>

<net id="298"><net_src comp="293" pin="1"/><net_sink comp="121" pin=0"/></net>

<net id="299"><net_src comp="293" pin="1"/><net_sink comp="172" pin=1"/></net>

<net id="306"><net_src comp="68" pin="3"/><net_sink comp="303" pin=0"/></net>

<net id="307"><net_src comp="303" pin="1"/><net_sink comp="75" pin=0"/></net>

<net id="311"><net_src comp="161" pin="2"/><net_sink comp="308" pin=0"/></net>

<net id="312"><net_src comp="308" pin="1"/><net_sink comp="180" pin=0"/></net>

<net id="316"><net_src comp="81" pin="3"/><net_sink comp="313" pin=0"/></net>

<net id="317"><net_src comp="313" pin="1"/><net_sink comp="88" pin=0"/></net>

<net id="321"><net_src comp="271" pin="3"/><net_sink comp="318" pin=0"/></net>

<net id="322"><net_src comp="318" pin="1"/><net_sink comp="98" pin=2"/></net>

</net_list>

</model> 
---------------- Datapath Model END ------------------

* FSMD analyzer results:
  - Output states:
	Port: R_Z | {3 }
	Port: b | {}
 - Input state : 
	Port: fpadd503.43_Pipeline_VITIS_LOOP_33_1 : R_Z | {2 3 }
	Port: fpadd503.43_Pipeline_VITIS_LOOP_33_1 : b | {2 3 }
  - Chain level:
	State 1
		store_ln28 : 1
		store_ln0 : 1
		store_ln0 : 1
	State 2
		icmp_ln33 : 1
		add_ln33 : 1
		br_ln33 : 2
		zext_ln33 : 1
		trunc_ln35 : 1
		zext_ln : 2
		zext_ln35 : 3
		R_Z_addr : 4
		R_Z_load : 5
		addr_cmp : 4
		b_addr : 2
		b_load : 3
		store_ln35 : 4
		store_ln28 : 2
	State 3
		reuse_select : 1
		tempReg : 2
		add_ln35 : 3
		store_ln35 : 4
		store_ln35 : 4
		xor_ln35 : 4
		xor_ln35_13 : 3
		or_ln35 : 4
		bit_sel : 3
		xor_ln35_14 : 4
		trunc_ln35_4 : 3
		xor_ln35_s : 4
		and_ln35 : 5
		xor_ln35_15 : 4
		or_ln35_5 : 5
		tmp : 5


============================================================
+ Verbose Summary: Datapath Resource usage 
============================================================

* Functional unit list:
|----------|---------------------|---------|---------|
| Operation|   Functional Unit   |    FF   |   LUT   |
|----------|---------------------|---------|---------|
|          |   xor_ln35_fu_209   |    0    |    64   |
|    xor   |  xor_ln35_13_fu_215 |    0    |    64   |
|          |  xor_ln35_14_fu_235 |    0    |    2    |
|          |  xor_ln35_15_fu_259 |    0    |    64   |
|----------|---------------------|---------|---------|
|          |   add_ln33_fu_130   |    0    |    12   |
|    add   |    tempReg_fu_191   |    0    |    71   |
|          |   add_ln35_fu_197   |    0    |    71   |
|----------|---------------------|---------|---------|
|    or    |    or_ln35_fu_221   |    0    |    64   |
|          |   or_ln35_5_fu_265  |    0    |    64   |
|----------|---------------------|---------|---------|
|   icmp   |   icmp_ln33_fu_124  |    0    |    12   |
|          |   addr_cmp_fu_161   |    0    |    71   |
|----------|---------------------|---------|---------|
|    and   |   and_ln35_fu_253   |    0    |    64   |
|----------|---------------------|---------|---------|
|  select  | reuse_select_fu_180 |    0    |    63   |
|----------|---------------------|---------|---------|
|          |   zext_ln33_fu_136  |    0    |    0    |
|   zext   |   zext_ln35_fu_153  |    0    |    0    |
|          |  zext_ln35_6_fu_187 |    0    |    0    |
|----------|---------------------|---------|---------|
|   trunc  |  trunc_ln35_fu_141  |    0    |    0    |
|          | trunc_ln35_4_fu_241 |    0    |    0    |
|----------|---------------------|---------|---------|
|bitconcatenate|    zext_ln_fu_145   |    0    |    0    |
|          |  xor_ln35_s_fu_245  |    0    |    0    |
|----------|---------------------|---------|---------|
| bitselect|    bit_sel_fu_227   |    0    |    0    |
|          |      tmp_fu_271     |    0    |    0    |
|----------|---------------------|---------|---------|
|   Total  |                     |    0    |   686   |
|----------|---------------------|---------|---------|

Memories:
N/A

* Register list:
+----------------------+--------+
|                      |   FF   |
+----------------------+--------+
|   R_Z_addr_reg_303   |    4   |
|   addr_cmp_reg_308   |    1   |
|    b_addr_reg_313    |    3   |
|     carry_reg_94     |    1   |
|       i_reg_293      |    4   |
|reuse_addr_reg_reg_279|   64   |
|   reuse_reg_reg_286  |   64   |
|      tmp_reg_318     |    1   |
+----------------------+--------+
|         Total        |   142  |
+----------------------+--------+

* Multiplexer (MUX) list: 
|------------------|------|------|------|--------||---------||---------||---------|
|       Comp       |  Pin | Size |  BW  | S x BW ||  Delay  ||    FF   ||   LUT   |
|------------------|------|------|------|--------||---------||---------||---------|
| grp_access_fu_75 |  p0  |   2  |   4  |    8   ||    0    ||    9    |
| grp_access_fu_88 |  p0  |   2  |   3  |    6   ||    0    ||    9    |
|   carry_reg_94   |  p0  |   2  |   1  |    2   ||    0    ||    9    |
|------------------|------|------|------|--------||---------||---------||---------|
|       Total      |      |      |      |   16   ||  1.161  ||    0    ||    27   |
|------------------|------|------|------|--------||---------||---------||---------|



* Summary:
+-----------+--------+--------+--------+
|           |  Delay |   FF   |   LUT  |
+-----------+--------+--------+--------+
|  Function |    -   |    0   |   686  |
|   Memory  |    -   |    -   |    -   |
|Multiplexer|    1   |    0   |   27   |
|  Register |    -   |   142  |    -   |
+-----------+--------+--------+--------+
|   Total   |    1   |   142  |   713  |
+-----------+--------+--------+--------+
