

================================================================
== Vitis HLS Report for 'mul_Pipeline_VITIS_LOOP_151_11'
================================================================
* Date:           Thu Jun 25 13:50:34 2026

* Version:        2024.2.2 (Build 6049644 on Mar  5 2025)
* Project:        proj_kara_base1
* Solution:       solution1 (Vivado IP Flow Target)
* Product family: virtexuplus
* Target device:  xcvu9p-flga2104-2-i


================================================================
== Performance Estimates
================================================================
+ Timing: 
    * Summary: 
    +--------+----------+----------+------------+
    |  Clock |  Target  | Estimated| Uncertainty|
    +--------+----------+----------+------------+
    |ap_clk  |  10.00 ns|  1.645 ns|     2.70 ns|
    +--------+----------+----------+------------+

+ Latency: 
    * Summary: 
    +---------+---------+-----------+-----------+-----+-----+------------------------------------------------+
    |  Latency (cycles) |   Latency (absolute)  |  Interval |                    Pipeline                    |
    |   min   |   max   |    min    |    max    | min | max |                      Type                      |
    +---------+---------+-----------+-----------+-----+-----+------------------------------------------------+
    |        4|        4|  40.000 ns|  40.000 ns|    3|    3|  loop auto-rewind stp (delay=0 clock cycles(s))|
    +---------+---------+-----------+-----------+-----+-----+------------------------------------------------+

    + Detail: 
        * Instance: 
        N/A

        * Loop: 
        +--------------------+---------+---------+----------+-----------+-----------+------+----------+
        |                    |  Latency (cycles) | Iteration|  Initiation Interval  | Trip |          |
        |      Loop Name     |   min   |   max   |  Latency |  achieved |   target  | Count| Pipelined|
        +--------------------+---------+---------+----------+-----------+-----------+------+----------+
        |- VITIS_LOOP_151_1  |        2|        2|         1|          1|          1|     2|       yes|
        +--------------------+---------+---------+----------+-----------+-----------+------+----------+

============================================================
+ Verbose Summary: Synthesis Manager
============================================================
InlineROM: 1
ExposeGlobal: 0
============================================================
+ Verbose Summary: CDFG Model
============================================================
IsTopModel: 0
ResetActiveHigh: 1
IsCombinational: 0
IsDatapathOnly: 0
HasWiredReturn: 1
HasMFsm: 2
HasVarLatency: 1
IsPipeline: 0
IsRtlPipelined: 0
IsInstanceOverlapped: 0
IsDontTouch: 0
HasImplIP: 0
IsGatedGlobalClock: 0

+ Individual pipeline summary: 
  * Pipeline-0: initiation interval (II) = 1, depth = 1


============================================================
+ Verbose Summary: Schedule
============================================================
* Number of FSM states : 1
* Pipeline : 1
  Pipeline-0 : II = 1, D = 1, States = { 1 }
* Dataflow Pipeline: 0

* FSM state transitions: 
1 --> 

* FSM state operations: 

State 1 <SV = 0> <Delay = 1.64>
ST_1 : Operation 4 [1/1] (0.00ns)   --->   "%i_2 = alloca i32 1" [mp_mul_rewriter/auto/mpx_packed_karatsuba.hpp:151->mp_mul_rewriter/auto/mpx_packed_karatsuba.hpp:164->mp_mul_rewriter/auto/mpx_packed_karatsuba.hpp:176]   --->   Operation 4 'alloca' 'i_2' <Predicate = true> <Delay = 0.00>
ST_1 : Operation 5 [1/1] (0.00ns)   --->   "%av = alloca i32 1"   --->   Operation 5 'alloca' 'av' <Predicate = true> <Delay = 0.00>
ST_1 : Operation 6 [1/1] (0.00ns)   --->   "%empty = alloca i32 1"   --->   Operation 6 'alloca' 'empty' <Predicate = true> <Delay = 0.00>
ST_1 : Operation 7 [1/1] (0.00ns)   --->   "%empty_34 = alloca i32 1"   --->   Operation 7 'alloca' 'empty_34' <Predicate = true> <Delay = 0.00>
ST_1 : Operation 8 [1/1] (0.00ns)   --->   "%empty_35 = alloca i32 1"   --->   Operation 8 'alloca' 'empty_35' <Predicate = true> <Delay = 0.00>
ST_1 : Operation 9 [1/1] (0.00ns)   --->   "%Al = alloca i32 1" [mp_mul_rewriter/auto/mpx_packed_karatsuba.hpp:140->mp_mul_rewriter/auto/mpx_packed_karatsuba.hpp:164->mp_mul_rewriter/auto/mpx_packed_karatsuba.hpp:176]   --->   Operation 9 'alloca' 'Al' <Predicate = true> <Delay = 0.00>
ST_1 : Operation 10 [1/1] (0.00ns)   --->   "%Al_7 = alloca i32 1" [mp_mul_rewriter/auto/mpx_packed_karatsuba.hpp:140->mp_mul_rewriter/auto/mpx_packed_karatsuba.hpp:164->mp_mul_rewriter/auto/mpx_packed_karatsuba.hpp:176]   --->   Operation 10 'alloca' 'Al_7' <Predicate = true> <Delay = 0.00>
ST_1 : Operation 11 [1/1] (0.00ns)   --->   "%Bl = alloca i32 1" [mp_mul_rewriter/auto/mpx_packed_karatsuba.hpp:140->mp_mul_rewriter/auto/mpx_packed_karatsuba.hpp:164->mp_mul_rewriter/auto/mpx_packed_karatsuba.hpp:176]   --->   Operation 11 'alloca' 'Bl' <Predicate = true> <Delay = 0.00>
ST_1 : Operation 12 [1/1] (0.00ns)   --->   "%Bl_7 = alloca i32 1" [mp_mul_rewriter/auto/mpx_packed_karatsuba.hpp:140->mp_mul_rewriter/auto/mpx_packed_karatsuba.hpp:164->mp_mul_rewriter/auto/mpx_packed_karatsuba.hpp:176]   --->   Operation 12 'alloca' 'Bl_7' <Predicate = true> <Delay = 0.00>
ST_1 : Operation 13 [1/1] (0.00ns)   --->   "%Bl_3_reload_read = read i64 @_ssdm_op_Read.ap_auto.i64, i64 %Bl_3_reload"   --->   Operation 13 'read' 'Bl_3_reload_read' <Predicate = true> <Delay = 0.00>
ST_1 : Operation 14 [1/1] (0.00ns)   --->   "%Bl_2_reload_read = read i64 @_ssdm_op_Read.ap_auto.i64, i64 %Bl_2_reload"   --->   Operation 14 'read' 'Bl_2_reload_read' <Predicate = true> <Delay = 0.00>
ST_1 : Operation 15 [1/1] (0.00ns)   --->   "%Al_3_reload_read = read i64 @_ssdm_op_Read.ap_auto.i64, i64 %Al_3_reload"   --->   Operation 15 'read' 'Al_3_reload_read' <Predicate = true> <Delay = 0.00>
ST_1 : Operation 16 [1/1] (0.00ns)   --->   "%Al_2_reload_read = read i64 @_ssdm_op_Read.ap_auto.i64, i64 %Al_2_reload"   --->   Operation 16 'read' 'Al_2_reload_read' <Predicate = true> <Delay = 0.00>
ST_1 : Operation 17 [1/1] (0.38ns)   --->   "%store_ln151 = store i2 0, i2 %i_2" [mp_mul_rewriter/auto/mpx_packed_karatsuba.hpp:151->mp_mul_rewriter/auto/mpx_packed_karatsuba.hpp:164->mp_mul_rewriter/auto/mpx_packed_karatsuba.hpp:176]   --->   Operation 17 'store' 'store_ln151' <Predicate = true> <Delay = 0.38>
ST_1 : Operation 18 [1/1] (0.00ns)   --->   "%br_ln0 = br void %for.body.i5251.i"   --->   Operation 18 'br' 'br_ln0' <Predicate = true> <Delay = 0.00>
ST_1 : Operation 19 [1/1] (0.00ns)   --->   "%i = load i2 %i_2" [mp_mul_rewriter/auto/mpx_packed_karatsuba.hpp:151->mp_mul_rewriter/auto/mpx_packed_karatsuba.hpp:164->mp_mul_rewriter/auto/mpx_packed_karatsuba.hpp:176]   --->   Operation 19 'load' 'i' <Predicate = true> <Delay = 0.00>
ST_1 : Operation 20 [1/1] (0.43ns)   --->   "%icmp_ln151 = icmp_eq  i2 %i, i2 2" [mp_mul_rewriter/auto/mpx_packed_karatsuba.hpp:151->mp_mul_rewriter/auto/mpx_packed_karatsuba.hpp:164->mp_mul_rewriter/auto/mpx_packed_karatsuba.hpp:176]   --->   Operation 20 'icmp' 'icmp_ln151' <Predicate = true> <Delay = 0.43> <CoreInst = "Cmp">   --->   Core 9 'Cmp' <Latency = 0> <II = 1> <Delay = 0.43> <FuncUnit> <Opcode : 'seteq' 'setne' 'setle' 'setge' 'setlt' 'setgt'> <InPorts = 2> <OutPorts = 1>
ST_1 : Operation 21 [1/1] (0.43ns)   --->   "%add_ln151 = add i2 %i, i2 1" [mp_mul_rewriter/auto/mpx_packed_karatsuba.hpp:151->mp_mul_rewriter/auto/mpx_packed_karatsuba.hpp:164->mp_mul_rewriter/auto/mpx_packed_karatsuba.hpp:176]   --->   Operation 21 'add' 'add_ln151' <Predicate = true> <Delay = 0.43> <CoreInst = "Adder">   --->   Core 1 'Adder' <Latency = 0> <II = 1> <Delay = 0.43> <FuncUnit> <Opcode : 'add' 'sub'> <InPorts = 2> <OutPorts = 1>
ST_1 : Operation 22 [1/1] (0.00ns)   --->   "%br_ln151 = br i1 %icmp_ln151, void %for.body.i5251.i.split, void %for.body15.i5267.i.preheader.exitStub" [mp_mul_rewriter/auto/mpx_packed_karatsuba.hpp:151->mp_mul_rewriter/auto/mpx_packed_karatsuba.hpp:164->mp_mul_rewriter/auto/mpx_packed_karatsuba.hpp:176]   --->   Operation 22 'br' 'br_ln151' <Predicate = true> <Delay = 0.00>
ST_1 : Operation 23 [1/1] (0.00ns)   --->   "%av_load_1 = load i64 %av" [mp_mul_rewriter/auto/mpx_packed_karatsuba.hpp:154->mp_mul_rewriter/auto/mpx_packed_karatsuba.hpp:164->mp_mul_rewriter/auto/mpx_packed_karatsuba.hpp:176]   --->   Operation 23 'load' 'av_load_1' <Predicate = (!icmp_ln151)> <Delay = 0.00>
ST_1 : Operation 24 [1/1] (0.00ns)   --->   "%p_load15 = load i64 %empty" [mp_mul_rewriter/auto/mpx_packed_karatsuba.hpp:154->mp_mul_rewriter/auto/mpx_packed_karatsuba.hpp:164->mp_mul_rewriter/auto/mpx_packed_karatsuba.hpp:176]   --->   Operation 24 'load' 'p_load15' <Predicate = (!icmp_ln151)> <Delay = 0.00>
ST_1 : Operation 25 [1/1] (0.00ns)   --->   "%p_load13 = load i64 %empty_34" [mp_mul_rewriter/auto/mpx_packed_karatsuba.hpp:154->mp_mul_rewriter/auto/mpx_packed_karatsuba.hpp:164->mp_mul_rewriter/auto/mpx_packed_karatsuba.hpp:176]   --->   Operation 25 'load' 'p_load13' <Predicate = (!icmp_ln151)> <Delay = 0.00>
ST_1 : Operation 26 [1/1] (0.00ns)   --->   "%p_load11 = load i64 %empty_35" [mp_mul_rewriter/auto/mpx_packed_karatsuba.hpp:154->mp_mul_rewriter/auto/mpx_packed_karatsuba.hpp:164->mp_mul_rewriter/auto/mpx_packed_karatsuba.hpp:176]   --->   Operation 26 'load' 'p_load11' <Predicate = (!icmp_ln151)> <Delay = 0.00>
ST_1 : Operation 27 [1/1] (0.00ns)   --->   "%Al_load_3 = load i64 %Al" [mp_mul_rewriter/auto/mpx_packed_karatsuba.hpp:154->mp_mul_rewriter/auto/mpx_packed_karatsuba.hpp:164->mp_mul_rewriter/auto/mpx_packed_karatsuba.hpp:176]   --->   Operation 27 'load' 'Al_load_3' <Predicate = (!icmp_ln151)> <Delay = 0.00>
ST_1 : Operation 28 [1/1] (0.00ns)   --->   "%Al_7_load_1 = load i64 %Al_7" [mp_mul_rewriter/auto/mpx_packed_karatsuba.hpp:154->mp_mul_rewriter/auto/mpx_packed_karatsuba.hpp:164->mp_mul_rewriter/auto/mpx_packed_karatsuba.hpp:176]   --->   Operation 28 'load' 'Al_7_load_1' <Predicate = (!icmp_ln151)> <Delay = 0.00>
ST_1 : Operation 29 [1/1] (0.00ns)   --->   "%Bl_load_3 = load i64 %Bl" [mp_mul_rewriter/auto/mpx_packed_karatsuba.hpp:154->mp_mul_rewriter/auto/mpx_packed_karatsuba.hpp:164->mp_mul_rewriter/auto/mpx_packed_karatsuba.hpp:176]   --->   Operation 29 'load' 'Bl_load_3' <Predicate = (!icmp_ln151)> <Delay = 0.00>
ST_1 : Operation 30 [1/1] (0.00ns)   --->   "%Bl_7_load_1 = load i64 %Bl_7" [mp_mul_rewriter/auto/mpx_packed_karatsuba.hpp:154->mp_mul_rewriter/auto/mpx_packed_karatsuba.hpp:164->mp_mul_rewriter/auto/mpx_packed_karatsuba.hpp:176]   --->   Operation 30 'load' 'Bl_7_load_1' <Predicate = (!icmp_ln151)> <Delay = 0.00>
ST_1 : Operation 31 [1/1] (0.00ns)   --->   "%specpipeline_ln153 = specpipeline void @_ssdm_op_SpecPipeline, i32 1, i32 0, i32 0, i32 0, void @empty_0" [mp_mul_rewriter/auto/mpx_packed_karatsuba.hpp:153->mp_mul_rewriter/auto/mpx_packed_karatsuba.hpp:164->mp_mul_rewriter/auto/mpx_packed_karatsuba.hpp:176]   --->   Operation 31 'specpipeline' 'specpipeline_ln153' <Predicate = (!icmp_ln151)> <Delay = 0.00>
ST_1 : Operation 32 [1/1] (0.00ns)   --->   "%speclooptripcount_ln140 = speclooptripcount void @_ssdm_op_SpecLoopTripCount, i64 2, i64 2, i64 2" [mp_mul_rewriter/auto/mpx_packed_karatsuba.hpp:140->mp_mul_rewriter/auto/mpx_packed_karatsuba.hpp:164->mp_mul_rewriter/auto/mpx_packed_karatsuba.hpp:176]   --->   Operation 32 'speclooptripcount' 'speclooptripcount_ln140' <Predicate = (!icmp_ln151)> <Delay = 0.00>
ST_1 : Operation 33 [1/1] (0.00ns)   --->   "%specloopname_ln151 = specloopname void @_ssdm_op_SpecLoopName, void @empty_11" [mp_mul_rewriter/auto/mpx_packed_karatsuba.hpp:151->mp_mul_rewriter/auto/mpx_packed_karatsuba.hpp:164->mp_mul_rewriter/auto/mpx_packed_karatsuba.hpp:176]   --->   Operation 33 'specloopname' 'specloopname_ln151' <Predicate = (!icmp_ln151)> <Delay = 0.00>
ST_1 : Operation 34 [1/1] (0.43ns)   --->   "%icmp_ln154 = icmp_eq  i2 %i, i2 1" [mp_mul_rewriter/auto/mpx_packed_karatsuba.hpp:154->mp_mul_rewriter/auto/mpx_packed_karatsuba.hpp:164->mp_mul_rewriter/auto/mpx_packed_karatsuba.hpp:176]   --->   Operation 34 'icmp' 'icmp_ln154' <Predicate = (!icmp_ln151)> <Delay = 0.43> <CoreInst = "Cmp">   --->   Core 9 'Cmp' <Latency = 0> <II = 1> <Delay = 0.43> <FuncUnit> <Opcode : 'seteq' 'setne' 'setle' 'setge' 'setlt' 'setgt'> <InPorts = 2> <OutPorts = 1>
ST_1 : Operation 35 [1/1] (0.41ns)   --->   "%select_ln154 = select i1 %icmp_ln154, i64 %Al_2_reload_read, i64 %Al_3_reload_read" [mp_mul_rewriter/auto/mpx_packed_karatsuba.hpp:154->mp_mul_rewriter/auto/mpx_packed_karatsuba.hpp:164->mp_mul_rewriter/auto/mpx_packed_karatsuba.hpp:176]   --->   Operation 35 'select' 'select_ln154' <Predicate = (!icmp_ln151)> <Delay = 0.41> <CoreInst = "Sel">   --->   Core 73 'Sel' <Latency = 0> <II = 1> <Delay = 0.41> <FuncUnit> <Opcode : 'select'> <InPorts = 3> <OutPorts = 1>
ST_1 : Operation 36 [1/1] (0.43ns)   --->   "%icmp_ln154_1 = icmp_eq  i2 %i, i2 0" [mp_mul_rewriter/auto/mpx_packed_karatsuba.hpp:154->mp_mul_rewriter/auto/mpx_packed_karatsuba.hpp:164->mp_mul_rewriter/auto/mpx_packed_karatsuba.hpp:176]   --->   Operation 36 'icmp' 'icmp_ln154_1' <Predicate = (!icmp_ln151)> <Delay = 0.43> <CoreInst = "Cmp">   --->   Core 9 'Cmp' <Latency = 0> <II = 1> <Delay = 0.43> <FuncUnit> <Opcode : 'seteq' 'setne' 'setle' 'setge' 'setlt' 'setgt'> <InPorts = 2> <OutPorts = 1>
ST_1 : Operation 37 [1/1] (0.41ns)   --->   "%select_ln155 = select i1 %icmp_ln154, i64 %Bl_2_reload_read, i64 %Bl_3_reload_read" [mp_mul_rewriter/auto/mpx_packed_karatsuba.hpp:155->mp_mul_rewriter/auto/mpx_packed_karatsuba.hpp:164->mp_mul_rewriter/auto/mpx_packed_karatsuba.hpp:176]   --->   Operation 37 'select' 'select_ln155' <Predicate = (!icmp_ln151)> <Delay = 0.41> <CoreInst = "Sel">   --->   Core 73 'Sel' <Latency = 0> <II = 1> <Delay = 0.41> <FuncUnit> <Opcode : 'select'> <InPorts = 3> <OutPorts = 1>
ST_1 : Operation 38 [1/1] (0.41ns)   --->   "%Bl_9 = select i1 %icmp_ln154_1, i64 %Bl_7_load_1, i64 %select_ln155" [mp_mul_rewriter/auto/mpx_packed_karatsuba.hpp:154->mp_mul_rewriter/auto/mpx_packed_karatsuba.hpp:164->mp_mul_rewriter/auto/mpx_packed_karatsuba.hpp:176]   --->   Operation 38 'select' 'Bl_9' <Predicate = (!icmp_ln151)> <Delay = 0.41> <CoreInst = "Sel">   --->   Core 73 'Sel' <Latency = 0> <II = 1> <Delay = 0.41> <FuncUnit> <Opcode : 'select'> <InPorts = 3> <OutPorts = 1>
ST_1 : Operation 39 [1/1] (0.41ns)   --->   "%Bl_8 = select i1 %icmp_ln154_1, i64 %select_ln155, i64 %Bl_load_3" [mp_mul_rewriter/auto/mpx_packed_karatsuba.hpp:154->mp_mul_rewriter/auto/mpx_packed_karatsuba.hpp:164->mp_mul_rewriter/auto/mpx_packed_karatsuba.hpp:176]   --->   Operation 39 'select' 'Bl_8' <Predicate = (!icmp_ln151)> <Delay = 0.41> <CoreInst = "Sel">   --->   Core 73 'Sel' <Latency = 0> <II = 1> <Delay = 0.41> <FuncUnit> <Opcode : 'select'> <InPorts = 3> <OutPorts = 1>
ST_1 : Operation 40 [1/1] (0.41ns)   --->   "%Al_9 = select i1 %icmp_ln154_1, i64 %Al_7_load_1, i64 %select_ln154" [mp_mul_rewriter/auto/mpx_packed_karatsuba.hpp:154->mp_mul_rewriter/auto/mpx_packed_karatsuba.hpp:164->mp_mul_rewriter/auto/mpx_packed_karatsuba.hpp:176]   --->   Operation 40 'select' 'Al_9' <Predicate = (!icmp_ln151)> <Delay = 0.41> <CoreInst = "Sel">   --->   Core 73 'Sel' <Latency = 0> <II = 1> <Delay = 0.41> <FuncUnit> <Opcode : 'select'> <InPorts = 3> <OutPorts = 1>
ST_1 : Operation 41 [1/1] (0.41ns)   --->   "%Al_8 = select i1 %icmp_ln154_1, i64 %select_ln154, i64 %Al_load_3" [mp_mul_rewriter/auto/mpx_packed_karatsuba.hpp:154->mp_mul_rewriter/auto/mpx_packed_karatsuba.hpp:164->mp_mul_rewriter/auto/mpx_packed_karatsuba.hpp:176]   --->   Operation 41 'select' 'Al_8' <Predicate = (!icmp_ln151)> <Delay = 0.41> <CoreInst = "Sel">   --->   Core 73 'Sel' <Latency = 0> <II = 1> <Delay = 0.41> <FuncUnit> <Opcode : 'select'> <InPorts = 3> <OutPorts = 1>
ST_1 : Operation 42 [1/1] (0.41ns)   --->   "%select_ln154_21 = select i1 %icmp_ln154_1, i64 %select_ln154, i64 %av_load_1" [mp_mul_rewriter/auto/mpx_packed_karatsuba.hpp:154->mp_mul_rewriter/auto/mpx_packed_karatsuba.hpp:164->mp_mul_rewriter/auto/mpx_packed_karatsuba.hpp:176]   --->   Operation 42 'select' 'select_ln154_21' <Predicate = (!icmp_ln151)> <Delay = 0.41> <CoreInst = "Sel">   --->   Core 73 'Sel' <Latency = 0> <II = 1> <Delay = 0.41> <FuncUnit> <Opcode : 'select'> <InPorts = 3> <OutPorts = 1>
ST_1 : Operation 43 [1/1] (0.41ns)   --->   "%select_ln154_22 = select i1 %icmp_ln154_1, i64 %p_load13, i64 %select_ln154" [mp_mul_rewriter/auto/mpx_packed_karatsuba.hpp:154->mp_mul_rewriter/auto/mpx_packed_karatsuba.hpp:164->mp_mul_rewriter/auto/mpx_packed_karatsuba.hpp:176]   --->   Operation 43 'select' 'select_ln154_22' <Predicate = (!icmp_ln151)> <Delay = 0.41> <CoreInst = "Sel">   --->   Core 73 'Sel' <Latency = 0> <II = 1> <Delay = 0.41> <FuncUnit> <Opcode : 'select'> <InPorts = 3> <OutPorts = 1>
ST_1 : Operation 44 [1/1] (0.41ns)   --->   "%select_ln154_23 = select i1 %icmp_ln154_1, i64 %p_load11, i64 %select_ln155" [mp_mul_rewriter/auto/mpx_packed_karatsuba.hpp:154->mp_mul_rewriter/auto/mpx_packed_karatsuba.hpp:164->mp_mul_rewriter/auto/mpx_packed_karatsuba.hpp:176]   --->   Operation 44 'select' 'select_ln154_23' <Predicate = (!icmp_ln151)> <Delay = 0.41> <CoreInst = "Sel">   --->   Core 73 'Sel' <Latency = 0> <II = 1> <Delay = 0.41> <FuncUnit> <Opcode : 'select'> <InPorts = 3> <OutPorts = 1>
ST_1 : Operation 45 [1/1] (0.41ns)   --->   "%select_ln154_24 = select i1 %icmp_ln154_1, i64 %select_ln155, i64 %p_load15" [mp_mul_rewriter/auto/mpx_packed_karatsuba.hpp:154->mp_mul_rewriter/auto/mpx_packed_karatsuba.hpp:164->mp_mul_rewriter/auto/mpx_packed_karatsuba.hpp:176]   --->   Operation 45 'select' 'select_ln154_24' <Predicate = (!icmp_ln151)> <Delay = 0.41> <CoreInst = "Sel">   --->   Core 73 'Sel' <Latency = 0> <II = 1> <Delay = 0.41> <FuncUnit> <Opcode : 'select'> <InPorts = 3> <OutPorts = 1>
ST_1 : Operation 46 [1/1] (0.00ns)   --->   "%store_ln140 = store i64 %Bl_9, i64 %Bl_7" [mp_mul_rewriter/auto/mpx_packed_karatsuba.hpp:140->mp_mul_rewriter/auto/mpx_packed_karatsuba.hpp:164->mp_mul_rewriter/auto/mpx_packed_karatsuba.hpp:176]   --->   Operation 46 'store' 'store_ln140' <Predicate = (!icmp_ln151)> <Delay = 0.00>
ST_1 : Operation 47 [1/1] (0.00ns)   --->   "%store_ln140 = store i64 %Bl_8, i64 %Bl" [mp_mul_rewriter/auto/mpx_packed_karatsuba.hpp:140->mp_mul_rewriter/auto/mpx_packed_karatsuba.hpp:164->mp_mul_rewriter/auto/mpx_packed_karatsuba.hpp:176]   --->   Operation 47 'store' 'store_ln140' <Predicate = (!icmp_ln151)> <Delay = 0.00>
ST_1 : Operation 48 [1/1] (0.00ns)   --->   "%store_ln140 = store i64 %Al_9, i64 %Al_7" [mp_mul_rewriter/auto/mpx_packed_karatsuba.hpp:140->mp_mul_rewriter/auto/mpx_packed_karatsuba.hpp:164->mp_mul_rewriter/auto/mpx_packed_karatsuba.hpp:176]   --->   Operation 48 'store' 'store_ln140' <Predicate = (!icmp_ln151)> <Delay = 0.00>
ST_1 : Operation 49 [1/1] (0.00ns)   --->   "%store_ln140 = store i64 %Al_8, i64 %Al" [mp_mul_rewriter/auto/mpx_packed_karatsuba.hpp:140->mp_mul_rewriter/auto/mpx_packed_karatsuba.hpp:164->mp_mul_rewriter/auto/mpx_packed_karatsuba.hpp:176]   --->   Operation 49 'store' 'store_ln140' <Predicate = (!icmp_ln151)> <Delay = 0.00>
ST_1 : Operation 50 [1/1] (0.00ns)   --->   "%store_ln154 = store i64 %select_ln154_23, i64 %empty_35" [mp_mul_rewriter/auto/mpx_packed_karatsuba.hpp:154->mp_mul_rewriter/auto/mpx_packed_karatsuba.hpp:164->mp_mul_rewriter/auto/mpx_packed_karatsuba.hpp:176]   --->   Operation 50 'store' 'store_ln154' <Predicate = (!icmp_ln151)> <Delay = 0.00>
ST_1 : Operation 51 [1/1] (0.00ns)   --->   "%store_ln154 = store i64 %select_ln154_22, i64 %empty_34" [mp_mul_rewriter/auto/mpx_packed_karatsuba.hpp:154->mp_mul_rewriter/auto/mpx_packed_karatsuba.hpp:164->mp_mul_rewriter/auto/mpx_packed_karatsuba.hpp:176]   --->   Operation 51 'store' 'store_ln154' <Predicate = (!icmp_ln151)> <Delay = 0.00>
ST_1 : Operation 52 [1/1] (0.00ns)   --->   "%store_ln154 = store i64 %select_ln154_24, i64 %empty" [mp_mul_rewriter/auto/mpx_packed_karatsuba.hpp:154->mp_mul_rewriter/auto/mpx_packed_karatsuba.hpp:164->mp_mul_rewriter/auto/mpx_packed_karatsuba.hpp:176]   --->   Operation 52 'store' 'store_ln154' <Predicate = (!icmp_ln151)> <Delay = 0.00>
ST_1 : Operation 53 [1/1] (0.00ns)   --->   "%store_ln154 = store i64 %select_ln154_21, i64 %av" [mp_mul_rewriter/auto/mpx_packed_karatsuba.hpp:154->mp_mul_rewriter/auto/mpx_packed_karatsuba.hpp:164->mp_mul_rewriter/auto/mpx_packed_karatsuba.hpp:176]   --->   Operation 53 'store' 'store_ln154' <Predicate = (!icmp_ln151)> <Delay = 0.00>
ST_1 : Operation 54 [1/1] (0.38ns)   --->   "%store_ln151 = store i2 %add_ln151, i2 %i_2" [mp_mul_rewriter/auto/mpx_packed_karatsuba.hpp:151->mp_mul_rewriter/auto/mpx_packed_karatsuba.hpp:164->mp_mul_rewriter/auto/mpx_packed_karatsuba.hpp:176]   --->   Operation 54 'store' 'store_ln151' <Predicate = (!icmp_ln151)> <Delay = 0.38>
ST_1 : Operation 55 [1/1] (0.00ns)   --->   "%br_ln151 = br void %for.body.i5251.i" [mp_mul_rewriter/auto/mpx_packed_karatsuba.hpp:151->mp_mul_rewriter/auto/mpx_packed_karatsuba.hpp:164->mp_mul_rewriter/auto/mpx_packed_karatsuba.hpp:176]   --->   Operation 55 'br' 'br_ln151' <Predicate = (!icmp_ln151)> <Delay = 0.00>
ST_1 : Operation 56 [1/1] (0.00ns)   --->   "%av_load = load i64 %av"   --->   Operation 56 'load' 'av_load' <Predicate = (icmp_ln151)> <Delay = 0.00>
ST_1 : Operation 57 [1/1] (0.00ns)   --->   "%p_load14 = load i64 %empty"   --->   Operation 57 'load' 'p_load14' <Predicate = (icmp_ln151)> <Delay = 0.00>
ST_1 : Operation 58 [1/1] (0.00ns)   --->   "%p_load12 = load i64 %empty_34"   --->   Operation 58 'load' 'p_load12' <Predicate = (icmp_ln151)> <Delay = 0.00>
ST_1 : Operation 59 [1/1] (0.00ns)   --->   "%p_load = load i64 %empty_35"   --->   Operation 59 'load' 'p_load' <Predicate = (icmp_ln151)> <Delay = 0.00>
ST_1 : Operation 60 [1/1] (0.00ns)   --->   "%Al_load = load i64 %Al"   --->   Operation 60 'load' 'Al_load' <Predicate = (icmp_ln151)> <Delay = 0.00>
ST_1 : Operation 61 [1/1] (0.00ns)   --->   "%Al_7_load = load i64 %Al_7"   --->   Operation 61 'load' 'Al_7_load' <Predicate = (icmp_ln151)> <Delay = 0.00>
ST_1 : Operation 62 [1/1] (0.00ns)   --->   "%Bl_load = load i64 %Bl"   --->   Operation 62 'load' 'Bl_load' <Predicate = (icmp_ln151)> <Delay = 0.00>
ST_1 : Operation 63 [1/1] (0.00ns)   --->   "%Bl_7_load = load i64 %Bl_7"   --->   Operation 63 'load' 'Bl_7_load' <Predicate = (icmp_ln151)> <Delay = 0.00>
ST_1 : Operation 64 [1/1] (0.00ns)   --->   "%write_ln0 = write void @_ssdm_op_Write.ap_auto.i64P0A, i64 %Bl_10_out, i64 %Bl_7_load"   --->   Operation 64 'write' 'write_ln0' <Predicate = (icmp_ln151)> <Delay = 0.00>
ST_1 : Operation 65 [1/1] (0.00ns)   --->   "%write_ln0 = write void @_ssdm_op_Write.ap_auto.i64P0A, i64 %Bl_9_out, i64 %Bl_load"   --->   Operation 65 'write' 'write_ln0' <Predicate = (icmp_ln151)> <Delay = 0.00>
ST_1 : Operation 66 [1/1] (0.00ns)   --->   "%write_ln0 = write void @_ssdm_op_Write.ap_auto.i64P0A, i64 %Al_10_out, i64 %Al_7_load"   --->   Operation 66 'write' 'write_ln0' <Predicate = (icmp_ln151)> <Delay = 0.00>
ST_1 : Operation 67 [1/1] (0.00ns)   --->   "%write_ln0 = write void @_ssdm_op_Write.ap_auto.i64P0A, i64 %Al_9_out, i64 %Al_load"   --->   Operation 67 'write' 'write_ln0' <Predicate = (icmp_ln151)> <Delay = 0.00>
ST_1 : Operation 68 [1/1] (0.00ns)   --->   "%write_ln0 = write void @_ssdm_op_Write.ap_auto.i64P0A, i64 %p_out, i64 %p_load"   --->   Operation 68 'write' 'write_ln0' <Predicate = (icmp_ln151)> <Delay = 0.00>
ST_1 : Operation 69 [1/1] (0.00ns)   --->   "%write_ln0 = write void @_ssdm_op_Write.ap_auto.i64P0A, i64 %p_out1, i64 %p_load12"   --->   Operation 69 'write' 'write_ln0' <Predicate = (icmp_ln151)> <Delay = 0.00>
ST_1 : Operation 70 [1/1] (0.00ns)   --->   "%write_ln0 = write void @_ssdm_op_Write.ap_auto.i64P0A, i64 %p_out2, i64 %p_load14"   --->   Operation 70 'write' 'write_ln0' <Predicate = (icmp_ln151)> <Delay = 0.00>
ST_1 : Operation 71 [1/1] (0.00ns)   --->   "%write_ln0 = write void @_ssdm_op_Write.ap_auto.i64P0A, i64 %av_out, i64 %av_load"   --->   Operation 71 'write' 'write_ln0' <Predicate = (icmp_ln151)> <Delay = 0.00>
ST_1 : Operation 72 [1/1] (0.38ns)   --->   "%ret_ln0 = ret"   --->   Operation 72 'ret' 'ret_ln0' <Predicate = (icmp_ln151)> <Delay = 0.38>


============================================================
+ Verbose Summary: Timing violations
============================================================
Target clock period: 10.000ns, clock uncertainty: 2.700ns.

 <State 1>: 1.645ns
The critical path consists of the following:
	'store' operation 0 bit ('store_ln151', mp_mul_rewriter/auto/mpx_packed_karatsuba.hpp:151->mp_mul_rewriter/auto/mpx_packed_karatsuba.hpp:164->mp_mul_rewriter/auto/mpx_packed_karatsuba.hpp:176) of constant 0 on local variable 'i', mp_mul_rewriter/auto/mpx_packed_karatsuba.hpp:151->mp_mul_rewriter/auto/mpx_packed_karatsuba.hpp:164->mp_mul_rewriter/auto/mpx_packed_karatsuba.hpp:176 [26]  (0.387 ns)
	'load' operation 2 bit ('i', mp_mul_rewriter/auto/mpx_packed_karatsuba.hpp:151->mp_mul_rewriter/auto/mpx_packed_karatsuba.hpp:164->mp_mul_rewriter/auto/mpx_packed_karatsuba.hpp:176) on local variable 'i', mp_mul_rewriter/auto/mpx_packed_karatsuba.hpp:151->mp_mul_rewriter/auto/mpx_packed_karatsuba.hpp:164->mp_mul_rewriter/auto/mpx_packed_karatsuba.hpp:176 [29]  (0.000 ns)
	'icmp' operation 1 bit ('icmp_ln154', mp_mul_rewriter/auto/mpx_packed_karatsuba.hpp:154->mp_mul_rewriter/auto/mpx_packed_karatsuba.hpp:164->mp_mul_rewriter/auto/mpx_packed_karatsuba.hpp:176) [45]  (0.436 ns)
	'select' operation 64 bit ('select_ln155', mp_mul_rewriter/auto/mpx_packed_karatsuba.hpp:155->mp_mul_rewriter/auto/mpx_packed_karatsuba.hpp:164->mp_mul_rewriter/auto/mpx_packed_karatsuba.hpp:176) [48]  (0.411 ns)
	'select' operation 64 bit ('Bl', mp_mul_rewriter/auto/mpx_packed_karatsuba.hpp:154->mp_mul_rewriter/auto/mpx_packed_karatsuba.hpp:164->mp_mul_rewriter/auto/mpx_packed_karatsuba.hpp:176) [49]  (0.411 ns)


============================================================
+ Verbose Summary: Binding
============================================================
N/A
* FSMD analyzer results:
  - Output states:
 - Input state : 
  - Chain level:
	State 1


============================================================
+ Verbose Summary: Datapath Resource usage 
============================================================
N/A
