

================================================================
== Vitis HLS Report for 'EphemeralKeyGeneration_A_1_Pipeline_VITIS_LOOP_17_1215'
================================================================
* Date:           Thu Sep 10 18:13:31 2026

* Version:        2024.2.2 (Build 6049644 on Mar  5 2025)
* Project:        sikep503_hls_montcsa
* Solution:       solution1 (Vivado IP Flow Target)
* Product family: virtexuplus58g
* Target device:  xcvu29p-fsga2577-2L-e


================================================================
== Performance Estimates
================================================================
+ Timing: 
    * Summary: 
    +--------+----------+----------+------------+
    |  Clock |  Target  | Estimated| Uncertainty|
    +--------+----------+----------+------------+
    |ap_clk  |  10.00 ns|  1.807 ns|     2.70 ns|
    +--------+----------+----------+------------+

+ Latency: 
    * Summary: 
    +---------+---------+----------+----------+-----+-----+------------------------------------------------+
    |  Latency (cycles) |  Latency (absolute) |  Interval |                    Pipeline                    |
    |   min   |   max   |    min   |    max   | min | max |                      Type                      |
    +---------+---------+----------+----------+-----+-----+------------------------------------------------+
    |       10|       10|  0.100 us|  0.100 us|    9|    9|  loop auto-rewind stp (delay=0 clock cycles(s))|
    +---------+---------+----------+----------+-----+-----+------------------------------------------------+

    + Detail: 
        * Instance: 
        N/A

        * Loop: 
        +-------------------+---------+---------+----------+-----------+-----------+------+----------+
        |                   |  Latency (cycles) | Iteration|  Initiation Interval  | Trip |          |
        |     Loop Name     |   min   |   max   |  Latency |  achieved |   target  | Count| Pipelined|
        +-------------------+---------+---------+----------+-----------+-----------+------+----------+
        |- VITIS_LOOP_17_1  |        8|        8|         2|          1|          1|     8|       yes|
        +-------------------+---------+---------+----------+-----------+-----------+------+----------+



================================================================
== Utilization Estimates
================================================================
* Summary: 
+---------------------+---------+-------+---------+---------+------+
|         Name        | BRAM_18K|  DSP  |    FF   |   LUT   | URAM |
+---------------------+---------+-------+---------+---------+------+
|DSP                  |        -|      -|        -|        -|     -|
|Expression           |        -|      -|        0|       39|     -|
|FIFO                 |        -|      -|        -|        -|     -|
|Instance             |        -|      -|        -|        -|     -|
|Memory               |        -|      -|        -|        -|     -|
|Multiplexer          |        -|      -|        0|       36|     -|
|Register             |        -|      -|       10|        -|     -|
+---------------------+---------+-------+---------+---------+------+
|Total                |        0|      0|       10|       75|     0|
+---------------------+---------+-------+---------+---------+------+
|Available SLR        |     1344|   3072|   864000|   432000|   320|
+---------------------+---------+-------+---------+---------+------+
|Utilization SLR (%)  |        0|      0|       ~0|       ~0|     0|
+---------------------+---------+-------+---------+---------+------+
|Available            |     5376|  12288|  3456000|  1728000|  1280|
+---------------------+---------+-------+---------+---------+------+
|Utilization (%)      |        0|      0|       ~0|       ~0|     0|
+---------------------+---------+-------+---------+---------+------+

+ Detail: 
    * Instance: 
    N/A

    * DSP: 
    N/A

    * Memory: 
    N/A

    * FIFO: 
    N/A

    * Expression: 
    +--------------------+----------+----+---+----+------------+------------+
    |    Variable Name   | Operation| DSP| FF| LUT| Bitwidth P0| Bitwidth P1|
    +--------------------+----------+----+---+----+------------+------------+
    |add_ln17_fu_97_p2   |         +|   0|  0|  12|           4|           1|
    |add_ln18_fu_107_p2  |         +|   0|  0|  13|           6|           6|
    |icmp_ln17_fu_91_p2  |      icmp|   0|  0|  12|           4|           5|
    |ap_enable_pp0       |       xor|   0|  0|   2|           1|           2|
    +--------------------+----------+----+---+----+------------+------------+
    |Total               |          |   0|  0|  39|          15|          14|
    +--------------------+----------+----+---+----+------------+------------+

    * Multiplexer: 
    +-------------------------+----+-----------+-----+-----------+
    |           Name          | LUT| Input Size| Bits| Total Bits|
    +-------------------------+----+-----------+-----+-----------+
    |ap_done_int              |   9|          2|    1|          2|
    |ap_enable_reg_pp0_iter1  |   9|          2|    1|          2|
    |ap_sig_allocacmp_i_264   |   9|          2|    4|          8|
    |i_fu_46                  |   9|          2|    4|          8|
    +-------------------------+----+-----------+-----+-----------+
    |Total                    |  36|          8|   10|         20|
    +-------------------------+----+-----------+-----+-----------+

    * Register: 
    +-------------------------+---+----+-----+-----------+
    |           Name          | FF| LUT| Bits| Const Bits|
    +-------------------------+---+----+-----+-----------+
    |ap_CS_fsm                |  1|   0|    1|          0|
    |ap_done_reg              |  1|   0|    1|          0|
    |ap_enable_reg_pp0_iter1  |  1|   0|    1|          0|
    |i_fu_46                  |  4|   0|    4|          0|
    |trunc_ln18_reg_154       |  3|   0|    3|          0|
    +-------------------------+---+----+-----+-----------+
    |Total                    | 10|   0|   10|          0|
    +-------------------------+---+----+-----+-----------+



================================================================
== Interface
================================================================
* Summary: 
+------------------+-----+-----+------------+--------------------------------------------------------+--------------+
|     RTL Ports    | Dir | Bits|  Protocol  |                      Source Object                     |    C Type    |
+------------------+-----+-----+------------+--------------------------------------------------------+--------------+
|ap_clk            |   in|    1|  ap_ctrl_hs|  EphemeralKeyGeneration_A.1_Pipeline_VITIS_LOOP_17_1215|  return value|
|ap_rst            |   in|    1|  ap_ctrl_hs|  EphemeralKeyGeneration_A.1_Pipeline_VITIS_LOOP_17_1215|  return value|
|ap_start          |   in|    1|  ap_ctrl_hs|  EphemeralKeyGeneration_A.1_Pipeline_VITIS_LOOP_17_1215|  return value|
|ap_done           |  out|    1|  ap_ctrl_hs|  EphemeralKeyGeneration_A.1_Pipeline_VITIS_LOOP_17_1215|  return value|
|ap_idle           |  out|    1|  ap_ctrl_hs|  EphemeralKeyGeneration_A.1_Pipeline_VITIS_LOOP_17_1215|  return value|
|ap_ready          |  out|    1|  ap_ctrl_hs|  EphemeralKeyGeneration_A.1_Pipeline_VITIS_LOOP_17_1215|  return value|
|zext_ln18_12      |   in|    6|     ap_none|                                            zext_ln18_12|        scalar|
|pts_X_4_address0  |  out|    6|   ap_memory|                                                 pts_X_4|         array|
|pts_X_4_ce0       |  out|    1|   ap_memory|                                                 pts_X_4|         array|
|pts_X_4_q0        |   in|   64|   ap_memory|                                                 pts_X_4|         array|
|R_X_address0      |  out|    4|   ap_memory|                                                     R_X|         array|
|R_X_ce0           |  out|    1|   ap_memory|                                                     R_X|         array|
|R_X_we0           |  out|    1|   ap_memory|                                                     R_X|         array|
|R_X_d0            |  out|   64|   ap_memory|                                                     R_X|         array|
+------------------+-----+-----+------------+--------------------------------------------------------+--------------+

