

================================================================
== Vitis HLS Report for 'fp2mul503_mont_631'
================================================================
* Date:           Thu Sep 10 18:12:41 2026

* Version:        2024.2.2 (Build 6049644 on Mar  5 2025)
* Project:        sikep503_hls_montcsa
* Solution:       solution1 (Vivado IP Flow Target)
* Product family: virtexuplus58g
* Target device:  xcvu29p-fsga2577-2L-e


================================================================
== Performance Estimates
================================================================
+ Timing: 
    * Summary: 
    +--------+----------+----------+------------+
    |  Clock |  Target  | Estimated| Uncertainty|
    +--------+----------+----------+------------+
    |ap_clk  |  10.00 ns|  7.293 ns|     2.70 ns|
    +--------+----------+----------+------------+

+ Latency: 
    * Summary: 
    +---------+---------+----------+----------+-----+-----+---------+
    |  Latency (cycles) |  Latency (absolute) |  Interval | Pipeline|
    |   min   |   max   |    min   |    max   | min | max |   Type  |
    +---------+---------+----------+----------+-----+-----+---------+
    |      711|      711|  7.110 us|  7.110 us|  711|  711|       no|
    +---------+---------+----------+----------+-----+-----+---------+

    + Detail: 
        * Instance: 
        +------------------------------------------------------------+-------------------------------------------------+---------+---------+----------+----------+-----+-----+------------------------------------------------+
        |                                                            |                                                 |  Latency (cycles) |  Latency (absolute) |  Interval |                    Pipeline                    |
        |                          Instance                          |                      Module                     |   min   |   max   |    min   |    max   | min | max |                      Type                      |
        +------------------------------------------------------------+-------------------------------------------------+---------+---------+----------+----------+-----+-----+------------------------------------------------+
        |grp_mp_mul_5120_fu_76                                       |mp_mul_5120                                      |      255|      255|  2.550 us|  2.550 us|  255|  255|                                              no|
        |grp_mp_mul_5120_fu_88                                       |mp_mul_5120                                      |      255|      255|  2.550 us|  2.550 us|  255|  255|                                              no|
        |grp_fp2mul503_mont_631_Pipeline_VITIS_LOOP_396_1_fu_100     |fp2mul503_mont_631_Pipeline_VITIS_LOOP_396_1     |       10|       10|  0.100 us|  0.100 us|    9|    9|  loop auto-rewind stp (delay=0 clock cycles(s))|
        |grp_fp2mul503_mont_631_Pipeline_VITIS_LOOP_396_1112_fu_109  |fp2mul503_mont_631_Pipeline_VITIS_LOOP_396_1112  |       10|       10|  0.100 us|  0.100 us|    9|    9|  loop auto-rewind stp (delay=0 clock cycles(s))|
        |grp_fp2mul503_mont_631_Pipeline_VITIS_LOOP_178_1_fu_118     |fp2mul503_mont_631_Pipeline_VITIS_LOOP_178_1     |       18|       18|  0.180 us|  0.180 us|   17|   17|  loop auto-rewind stp (delay=0 clock cycles(s))|
        |grp_fp2mul503_mont_631_Pipeline_VITIS_LOOP_205_1_fu_128     |fp2mul503_mont_631_Pipeline_VITIS_LOOP_205_1     |       10|       10|  0.100 us|  0.100 us|    9|    9|  loop auto-rewind stp (delay=0 clock cycles(s))|
        |grp_fp2mul503_mont_631_Pipeline_VITIS_LOOP_396_1113_fu_136  |fp2mul503_mont_631_Pipeline_VITIS_LOOP_396_1113  |       34|       34|  0.340 us|  0.340 us|   33|   33|  loop auto-rewind stp (delay=0 clock cycles(s))|
        |grp_rdc_mont_134_fu_144                                     |rdc_mont_134                                     |       82|       82|  0.820 us|  0.820 us|   82|   82|                                              no|
        |grp_fp2mul503_mont_631_Pipeline_VITIS_LOOP_178_1114_fu_151  |fp2mul503_mont_631_Pipeline_VITIS_LOOP_178_1114  |       34|       34|  0.340 us|  0.340 us|   33|   33|  loop auto-rewind stp (delay=0 clock cycles(s))|
        |grp_rdc_mont_4_fu_159                                       |rdc_mont_4                                       |      104|      104|  1.040 us|  1.040 us|  104|  104|                                              no|
        +------------------------------------------------------------+-------------------------------------------------+---------+---------+----------+----------+-----+-----+------------------------------------------------+

        * Loop: 
        N/A



================================================================
== Utilization Estimates
================================================================
* Summary: 
+---------------------+---------+-------+---------+---------+------+
|         Name        | BRAM_18K|  DSP  |    FF   |   LUT   | URAM |
+---------------------+---------+-------+---------+---------+------+
|DSP                  |        -|      -|        -|        -|     -|
|Expression           |        -|      -|        0|        8|     -|
|FIFO                 |        -|      -|        -|        -|     -|
|Instance             |        8|    224|    16203|    73485|     -|
|Memory               |        0|      -|      448|      455|     0|
|Multiplexer          |        -|      -|        0|      744|     -|
|Register             |        -|      -|       22|        -|     -|
+---------------------+---------+-------+---------+---------+------+
|Total                |        8|    224|    16673|    74692|     0|
+---------------------+---------+-------+---------+---------+------+
|Available SLR        |     1344|   3072|   864000|   432000|   320|
+---------------------+---------+-------+---------+---------+------+
|Utilization SLR (%)  |       ~0|      7|        1|       17|     0|
+---------------------+---------+-------+---------+---------+------+
|Available            |     5376|  12288|  3456000|  1728000|  1280|
+---------------------+---------+-------+---------+---------+------+
|Utilization (%)      |       ~0|      1|       ~0|        4|     0|
+---------------------+---------+-------+---------+---------+------+

+ Detail: 
    * Instance: 
    +------------------------------------------------------------+-------------------------------------------------+---------+----+------+-------+-----+
    |                          Instance                          |                      Module                     | BRAM_18K| DSP|  FF  |  LUT  | URAM|
    +------------------------------------------------------------+-------------------------------------------------+---------+----+------+-------+-----+
    |grp_fp2mul503_mont_631_Pipeline_VITIS_LOOP_178_1_fu_118     |fp2mul503_mont_631_Pipeline_VITIS_LOOP_178_1     |        0|   0|    15|    739|    0|
    |grp_fp2mul503_mont_631_Pipeline_VITIS_LOOP_178_1114_fu_151  |fp2mul503_mont_631_Pipeline_VITIS_LOOP_178_1114  |        0|   0|    21|    768|    0|
    |grp_fp2mul503_mont_631_Pipeline_VITIS_LOOP_205_1_fu_128     |fp2mul503_mont_631_Pipeline_VITIS_LOOP_205_1     |        0|   0|   140|    732|    0|
    |grp_fp2mul503_mont_631_Pipeline_VITIS_LOOP_396_1_fu_100     |fp2mul503_mont_631_Pipeline_VITIS_LOOP_396_1     |        0|   0|    13|    601|    0|
    |grp_fp2mul503_mont_631_Pipeline_VITIS_LOOP_396_1112_fu_109  |fp2mul503_mont_631_Pipeline_VITIS_LOOP_396_1112  |        0|   0|    13|    601|    0|
    |grp_fp2mul503_mont_631_Pipeline_VITIS_LOOP_396_1113_fu_136  |fp2mul503_mont_631_Pipeline_VITIS_LOOP_396_1113  |        0|   0|    21|    757|    0|
    |grp_mp_mul_5120_fu_76                                       |mp_mul_5120                                      |        4|  16|  1727|  13575|    0|
    |grp_mp_mul_5120_fu_88                                       |mp_mul_5120                                      |        4|  16|  1727|  13575|    0|
    |grp_rdc_mont_134_fu_144                                     |rdc_mont_134                                     |        0|  96|  6263|  21060|    0|
    |grp_rdc_mont_4_fu_159                                       |rdc_mont_4                                       |        0|  96|  6263|  21077|    0|
    +------------------------------------------------------------+-------------------------------------------------+---------+----+------+-------+-----+
    |Total                                                       |                                                 |        8| 224| 16203|  73485|    0|
    +------------------------------------------------------------+-------------------------------------------------+---------+----+------+-------+-----+

    * DSP: 
    N/A

    * Memory: 
    +---------+--------------------------------------+---------+----+----+-----+------+-----+------+-------------+
    |  Memory |                Module                | BRAM_18K| FF | LUT| URAM| Words| Bits| Banks| W*Bits*Banks|
    +---------+--------------------------------------+---------+----+----+-----+------+-----+------+-------------+
    |tt3_U    |fp2mul503_mont_631_tt3_RAM_AUTO_1R1W  |        0|  64|  65|    0|    16|   64|     1|         1024|
    |t1_U     |fp2sqr503_mont_1_t1_RAM_1P_AUTO_1R1W  |        0|  64|  65|    0|     8|   64|     1|          512|
    |t2_U     |fp2sqr503_mont_1_t1_RAM_1P_AUTO_1R1W  |        0|  64|  65|    0|     8|   64|     1|          512|
    |tt1_U    |fp2sqr503_mont_1_t1_RAM_1P_AUTO_1R1W  |        0|  64|  65|    0|     8|   64|     1|          512|
    |tt1_1_U  |fp2sqr503_mont_1_t1_RAM_1P_AUTO_1R1W  |        0|  64|  65|    0|     8|   64|     1|          512|
    |tt2_U    |fp2sqr503_mont_1_t1_RAM_1P_AUTO_1R1W  |        0|  64|  65|    0|     8|   64|     1|          512|
    |tt2_1_U  |fp2sqr503_mont_1_t1_RAM_1P_AUTO_1R1W  |        0|  64|  65|    0|     8|   64|     1|          512|
    +---------+--------------------------------------+---------+----+----+-----+------+-----+------+-------------+
    |Total    |                                      |        0| 448| 455|    0|    64|  448|     7|         4096|
    +---------+--------------------------------------+---------+----+----+-----+------+-----+------+-------------+

    * FIFO: 
    N/A

    * Expression: 
    +---------------------------------+----------+----+---+----+------------+------------+
    |          Variable Name          | Operation| DSP| FF| LUT| Bitwidth P0| Bitwidth P1|
    +---------------------------------+----------+----+---+----+------------+------------+
    |ap_block_state2_on_subcall_done  |        or|   0|  0|   2|           1|           1|
    |ap_block_state4_on_subcall_done  |        or|   0|  0|   2|           1|           1|
    |ap_block_state6_on_subcall_done  |        or|   0|  0|   2|           1|           1|
    |ap_block_state8_on_subcall_done  |        or|   0|  0|   2|           1|           1|
    +---------------------------------+----------+----+---+----+------------+------------+
    |Total                            |          |   0|  0|   8|           4|           4|
    +---------------------------------+----------+----+---+----+------------+------------+

    * Multiplexer: 
    +----------------------------+----+-----------+-----+-----------+
    |            Name            | LUT| Input Size| Bits| Total Bits|
    +----------------------------+----+-----------+-----+-----------+
    |a_0_address0                |  14|          3|    3|          9|
    |a_0_ce0                     |  14|          3|    1|          3|
    |a_1_address0                |  14|          3|    3|          9|
    |a_1_ce0                     |  14|          3|    1|          3|
    |ap_NS_fsm                   |  65|         13|    1|         13|
    |b_0_address0                |  14|          3|    3|          9|
    |b_0_ce0                     |  14|          3|    1|          3|
    |b_1_address0                |  14|          3|    3|          9|
    |b_1_ce0                     |  14|          3|    1|          3|
    |grp_mp_mul_5120_fu_76_a_q0  |  14|          3|   64|        192|
    |grp_mp_mul_5120_fu_76_b_q0  |  14|          3|   64|        192|
    |t1_address0                 |  14|          3|    3|          9|
    |t1_ce0                      |  14|          3|    1|          3|
    |t1_we0                      |   9|          2|    1|          2|
    |t2_address0                 |  14|          3|    3|          9|
    |t2_ce0                      |  14|          3|    1|          3|
    |t2_we0                      |   9|          2|    1|          2|
    |tt1_1_address0              |  26|          5|    3|         15|
    |tt1_1_ce0                   |  26|          5|    1|          5|
    |tt1_1_d0                    |  14|          3|   64|        192|
    |tt1_1_we0                   |  14|          3|    1|          3|
    |tt1_address0                |  26|          5|    3|         15|
    |tt1_ce0                     |  26|          5|    1|          5|
    |tt1_d0                      |  14|          3|   64|        192|
    |tt1_we0                     |  14|          3|    1|          3|
    |tt2_1_address0              |  37|          7|    3|         21|
    |tt2_1_ce0                   |  37|          7|    1|          7|
    |tt2_1_d0                    |  20|          4|   64|        256|
    |tt2_1_we0                   |  20|          4|    1|          4|
    |tt2_address0                |  37|          7|    3|         21|
    |tt2_ce0                     |  37|          7|    1|          7|
    |tt2_d0                      |  20|          4|   64|        256|
    |tt2_we0                     |  20|          4|    1|          4|
    |tt3_address0                |  20|          4|    4|         16|
    |tt3_ce0                     |  20|          4|    1|          4|
    |tt3_ce1                     |   9|          2|    1|          2|
    |tt3_d0                      |  14|          3|   64|        192|
    |tt3_we0                     |  14|          3|    1|          3|
    +----------------------------+----+-----------+-----+-----------+
    |Total                       | 744|        151|  502|       1696|
    +----------------------------+----+-----------+-----+-----------+

    * Register: 
    +-------------------------------------------------------------------------+----+----+-----+-----------+
    |                                   Name                                  | FF | LUT| Bits| Const Bits|
    +-------------------------------------------------------------------------+----+----+-----+-----------+
    |ap_CS_fsm                                                                |  12|   0|   12|          0|
    |grp_fp2mul503_mont_631_Pipeline_VITIS_LOOP_178_1114_fu_151_ap_start_reg  |   1|   0|    1|          0|
    |grp_fp2mul503_mont_631_Pipeline_VITIS_LOOP_178_1_fu_118_ap_start_reg     |   1|   0|    1|          0|
    |grp_fp2mul503_mont_631_Pipeline_VITIS_LOOP_205_1_fu_128_ap_start_reg     |   1|   0|    1|          0|
    |grp_fp2mul503_mont_631_Pipeline_VITIS_LOOP_396_1112_fu_109_ap_start_reg  |   1|   0|    1|          0|
    |grp_fp2mul503_mont_631_Pipeline_VITIS_LOOP_396_1113_fu_136_ap_start_reg  |   1|   0|    1|          0|
    |grp_fp2mul503_mont_631_Pipeline_VITIS_LOOP_396_1_fu_100_ap_start_reg     |   1|   0|    1|          0|
    |grp_mp_mul_5120_fu_76_ap_start_reg                                       |   1|   0|    1|          0|
    |grp_mp_mul_5120_fu_88_ap_start_reg                                       |   1|   0|    1|          0|
    |grp_rdc_mont_134_fu_144_ap_start_reg                                     |   1|   0|    1|          0|
    |grp_rdc_mont_4_fu_159_ap_start_reg                                       |   1|   0|    1|          0|
    +-------------------------------------------------------------------------+----+----+-----+-----------+
    |Total                                                                    |  22|   0|   22|          0|
    +-------------------------------------------------------------------------+----+----+-----+-----------+



================================================================
== Interface
================================================================
* Summary: 
+--------------+-----+-----+------------+--------------------+--------------+
|   RTL Ports  | Dir | Bits|  Protocol  |    Source Object   |    C Type    |
+--------------+-----+-----+------------+--------------------+--------------+
|ap_clk        |   in|    1|  ap_ctrl_hs|  fp2mul503_mont.631|  return value|
|ap_rst        |   in|    1|  ap_ctrl_hs|  fp2mul503_mont.631|  return value|
|ap_start      |   in|    1|  ap_ctrl_hs|  fp2mul503_mont.631|  return value|
|ap_done       |  out|    1|  ap_ctrl_hs|  fp2mul503_mont.631|  return value|
|ap_idle       |  out|    1|  ap_ctrl_hs|  fp2mul503_mont.631|  return value|
|ap_ready      |  out|    1|  ap_ctrl_hs|  fp2mul503_mont.631|  return value|
|a_0_address0  |  out|    3|   ap_memory|                 a_0|         array|
|a_0_ce0       |  out|    1|   ap_memory|                 a_0|         array|
|a_0_q0        |   in|   64|   ap_memory|                 a_0|         array|
|a_1_address0  |  out|    3|   ap_memory|                 a_1|         array|
|a_1_ce0       |  out|    1|   ap_memory|                 a_1|         array|
|a_1_q0        |   in|   64|   ap_memory|                 a_1|         array|
|b_0_address0  |  out|    3|   ap_memory|                 b_0|         array|
|b_0_ce0       |  out|    1|   ap_memory|                 b_0|         array|
|b_0_q0        |   in|   64|   ap_memory|                 b_0|         array|
|b_1_address0  |  out|    3|   ap_memory|                 b_1|         array|
|b_1_ce0       |  out|    1|   ap_memory|                 b_1|         array|
|b_1_q0        |   in|   64|   ap_memory|                 b_1|         array|
|c_0_address0  |  out|    3|   ap_memory|                 c_0|         array|
|c_0_ce0       |  out|    1|   ap_memory|                 c_0|         array|
|c_0_we0       |  out|    1|   ap_memory|                 c_0|         array|
|c_0_d0        |  out|   64|   ap_memory|                 c_0|         array|
|c_1_address0  |  out|    3|   ap_memory|                 c_1|         array|
|c_1_ce0       |  out|    1|   ap_memory|                 c_1|         array|
|c_1_we0       |  out|    1|   ap_memory|                 c_1|         array|
|c_1_d0        |  out|   64|   ap_memory|                 c_1|         array|
+--------------+-----+-----+------------+--------------------+--------------+

