

================================================================
== Vitis HLS Report for 'square_full'
================================================================
* Date:           Thu Sep 10 18:13:39 2026

* Version:        2024.2.2 (Build 6049644 on Mar  5 2025)
* Project:        sikep503_hls_montcsa
* Solution:       solution1 (Vivado IP Flow Target)
* Product family: virtexuplus58g
* Target device:  xcvu29p-fsga2577-2L-e


================================================================
== Performance Estimates
================================================================
+ Timing: 
    * Summary: 
    +--------+----------+----------+------------+
    |  Clock |  Target  | Estimated| Uncertainty|
    +--------+----------+----------+------------+
    |ap_clk  |  10.00 ns|  7.152 ns|     2.70 ns|
    +--------+----------+----------+------------+

+ Latency: 
    * Summary: 
    +---------+---------+----------+----------+-----+-----+---------+
    |  Latency (cycles) |  Latency (absolute) |  Interval | Pipeline|
    |   min   |   max   |    min   |    max   | min | max |   Type  |
    +---------+---------+----------+----------+-----+-----+---------+
    |       12|       12|  0.120 us|  0.120 us|    8|    8|      yes|
    +---------+---------+----------+----------+-----+-----+---------+

    + Detail: 
        * Instance: 
        N/A

        * Loop: 
        N/A



================================================================
== Utilization Estimates
================================================================
* Summary: 
+---------------------+---------+-------+---------+---------+------+
|         Name        | BRAM_18K|  DSP  |    FF   |   LUT   | URAM |
+---------------------+---------+-------+---------+---------+------+
|DSP                  |        -|      -|        -|        -|     -|
|Expression           |        -|      -|        0|     6208|     -|
|FIFO                 |        -|      -|        -|        -|     -|
|Instance             |        -|     80|        0|      225|     -|
|Memory               |        -|      -|        -|        -|     -|
|Multiplexer          |        -|      -|        0|      455|     -|
|Register             |        -|      -|     5494|        -|     -|
+---------------------+---------+-------+---------+---------+------+
|Total                |        0|     80|     5494|     6888|     0|
+---------------------+---------+-------+---------+---------+------+
|Available SLR        |     1344|   3072|   864000|   432000|   320|
+---------------------+---------+-------+---------+---------+------+
|Utilization SLR (%)  |        0|      2|       ~0|        1|     0|
+---------------------+---------+-------+---------+---------+------+
|Available            |     5376|  12288|  3456000|  1728000|  1280|
+---------------------+---------+-------+---------+---------+------+
|Utilization (%)      |        0|     ~0|       ~0|       ~0|     0|
+---------------------+---------+-------+---------+---------+------+

+ Detail: 
    * Instance: 
    +-----------------------------+-----------------------+---------+----+---+----+-----+
    |           Instance          |         Module        | BRAM_18K| DSP| FF| LUT| URAM|
    +-----------------------------+-----------------------+---------+----+---+----+-----+
    |mul_64ns_64ns_128_1_1_U1446  |mul_64ns_64ns_128_1_1  |        0|  16|  0|  45|    0|
    |mul_64ns_64ns_128_1_1_U1447  |mul_64ns_64ns_128_1_1  |        0|  16|  0|  45|    0|
    |mul_64ns_64ns_128_1_1_U1448  |mul_64ns_64ns_128_1_1  |        0|  16|  0|  45|    0|
    |mul_64ns_64ns_128_1_1_U1449  |mul_64ns_64ns_128_1_1  |        0|  16|  0|  45|    0|
    |mul_64ns_64ns_128_1_1_U1450  |mul_64ns_64ns_128_1_1  |        0|  16|  0|  45|    0|
    +-----------------------------+-----------------------+---------+----+---+----+-----+
    |Total                        |                       |        0|  80|  0| 225|    0|
    +-----------------------------+-----------------------+---------+----+---+----+-----+

    * DSP: 
    N/A

    * Memory: 
    N/A

    * FIFO: 
    N/A

    * Expression: 
    +------------------------+----------+----+---+----+------------+------------+
    |      Variable Name     | Operation| DSP| FF| LUT| Bitwidth P0| Bitwidth P1|
    +------------------------+----------+----+---+----+------------+------------+
    |add_ln76_fu_284_p2      |         +|   0|  0|  71|          64|          64|
    |add_ln85_10_fu_613_p2   |         +|   0|  0|  66|          66|          66|
    |add_ln85_12_fu_760_p2   |         +|   0|  0|  66|          66|          66|
    |add_ln85_13_fu_766_p2   |         +|   0|  0|  66|          66|          66|
    |add_ln85_14_fu_780_p2   |         +|   0|  0|  66|          66|          66|
    |add_ln85_15_fu_786_p2   |         +|   0|  0|  72|          65|          65|
    |add_ln85_16_fu_796_p2   |         +|   0|  0|  66|          66|          66|
    |add_ln85_18_fu_966_p2   |         +|   0|  0|  72|          65|          65|
    |add_ln85_19_fu_832_p2   |         +|   0|  0|  73|          66|          66|
    |add_ln85_1_fu_408_p2    |         +|   0|  0|  72|          65|          65|
    |add_ln85_20_fu_1136_p2  |         +|   0|  0|  74|          67|          67|
    |add_ln85_21_fu_649_p2   |         +|   0|  0|  73|          66|          66|
    |add_ln85_22_fu_972_p2   |         +|   0|  0|  72|          65|          65|
    |add_ln85_23_fu_1156_p2  |         +|   0|  0|  74|          67|          67|
    |add_ln85_25_fu_1196_p2  |         +|   0|  0|  72|          65|          65|
    |add_ln85_26_fu_978_p2   |         +|   0|  0|  73|          66|          66|
    |add_ln85_27_fu_1337_p2  |         +|   0|  0|  74|          67|          67|
    |add_ln85_28_fu_655_p2   |         +|   0|  0|  73|          66|          66|
    |add_ln85_29_fu_1205_p2  |         +|   0|  0|  72|          65|          65|
    |add_ln85_30_fu_1215_p2  |         +|   0|  0|  73|          66|          66|
    |add_ln85_31_fu_1230_p2  |         +|   0|  0|  74|          67|          67|
    |add_ln85_33_fu_1240_p2  |         +|   0|  0|  73|          66|          66|
    |add_ln85_34_fu_984_p2   |         +|   0|  0|  73|          66|          66|
    |add_ln85_35_fu_1389_p2  |         +|   0|  0|  74|          67|          67|
    |add_ln85_36_fu_661_p2   |         +|   0|  0|  73|          66|          66|
    |add_ln85_37_fu_1406_p2  |         +|   0|  0|  66|          66|          66|
    |add_ln85_38_fu_1412_p2  |         +|   0|  0|  66|          66|          66|
    |add_ln85_39_fu_1427_p2  |         +|   0|  0|  74|          67|          67|
    |add_ln85_3_fu_448_p2    |         +|   0|  0|  72|          65|          65|
    |add_ln85_41_fu_1246_p2  |         +|   0|  0|  73|          66|          66|
    |add_ln85_42_fu_990_p2   |         +|   0|  0|  73|          66|          66|
    |add_ln85_43_fu_1477_p2  |         +|   0|  0|  74|          67|          67|
    |add_ln85_44_fu_996_p2   |         +|   0|  0|  73|          66|          66|
    |add_ln85_45_fu_1487_p2  |         +|   0|  0|  72|          65|          65|
    |add_ln85_46_fu_1575_p2  |         +|   0|  0|  74|          67|          67|
    |add_ln85_48_fu_1252_p2  |         +|   0|  0|  72|          65|          65|
    |add_ln85_49_fu_1496_p2  |         +|   0|  0|  73|          66|          66|
    |add_ln85_4_fu_454_p2    |         +|   0|  0|  72|          65|          65|
    |add_ln85_50_fu_1002_p2  |         +|   0|  0|  73|          66|          66|
    |add_ln85_51_fu_1620_p2  |         +|   0|  0|  72|          65|          65|
    |add_ln85_52_fu_1630_p2  |         +|   0|  0|  74|          67|          67|
    |add_ln85_54_fu_1502_p2  |         +|   0|  0|  72|          65|          65|
    |add_ln85_55_fu_1672_p2  |         +|   0|  0|  73|          66|          66|
    |add_ln85_56_fu_1682_p2  |         +|   0|  0|  66|          66|          66|
    |add_ln85_57_fu_1688_p2  |         +|   0|  0|  66|          66|          66|
    |add_ln85_59_fu_1766_p2  |         +|   0|  0|  73|          66|          66|
    |add_ln85_5_fu_463_p2    |         +|   0|  0|  73|          66|          66|
    |add_ln85_60_fu_1780_p2  |         +|   0|  0|  66|          66|          66|
    |add_ln85_61_fu_1786_p2  |         +|   0|  0|  66|          66|          66|
    |add_ln85_63_fu_1698_p2  |         +|   0|  0|  72|          65|          65|
    |add_ln85_64_fu_1829_p2  |         +|   0|  0|  66|          66|          66|
    |add_ln85_66_fu_1859_p2  |         +|   0|  0|  72|          65|          65|
    |add_ln85_67_fu_1225_p2  |         +|   0|  0|  73|          66|          66|
    |add_ln85_6_fu_393_p2    |         +|   0|  0|  64|          64|          64|
    |add_ln85_70_fu_1385_p2  |         +|   0|  0|  73|          66|          66|
    |add_ln85_72_fu_1422_p2  |         +|   0|  0|  73|          66|          66|
    |add_ln85_75_fu_1473_p2  |         +|   0|  0|  73|          66|          66|
    |add_ln85_79_fu_1667_p2  |         +|   0|  0|  72|          65|          65|
    |add_ln85_7_fu_587_p2    |         +|   0|  0|  66|          66|          66|
    |add_ln85_8_fu_593_p2    |         +|   0|  0|  66|          66|          66|
    |add_ln85_9_fu_607_p2    |         +|   0|  0|  66|          66|          66|
    |add_ln85_fu_398_p2      |         +|   0|  0|  72|          65|          65|
    |add_ln86_10_fu_1873_p2  |         +|   0|  0|  71|          64|          64|
    |add_ln86_1_fu_422_p2    |         +|   0|  0|  64|          64|          64|
    |add_ln86_2_fu_627_p2    |         +|   0|  0|  71|          64|          64|
    |add_ln86_3_fu_810_p2    |         +|   0|  0|  71|          64|          64|
    |add_ln86_4_fu_1170_p2   |         +|   0|  0|  71|          64|          64|
    |add_ln86_5_fu_1354_p2   |         +|   0|  0|  71|          64|          64|
    |add_ln86_6_fu_1441_p2   |         +|   0|  0|  71|          64|          64|
    |add_ln86_7_fu_1589_p2   |         +|   0|  0|  71|          64|          64|
    |add_ln86_8_fu_1742_p2   |         +|   0|  0|  71|          64|          64|
    |add_ln86_9_fu_1800_p2   |         +|   0|  0|  71|          64|          64|
    |add_ln86_fu_1897_p2     |         +|   0|  0|  71|          64|          64|
    |s_10_fu_1746_p2         |         +|   0|  0|  74|          67|          67|
    |s_11_fu_1806_p2         |         +|   0|  0|  74|          67|          67|
    |s_12_fu_1835_p2         |         +|   0|  0|  66|          66|          66|
    |s_13_fu_1878_p2         |         +|   0|  0|  73|          66|          66|
    |s_1_fu_428_p2           |         +|   0|  0|  73|          66|          66|
    |s_2_fu_563_p2           |         +|   0|  0|  74|          67|          67|
    |s_3_fu_633_p2           |         +|   0|  0|  74|          67|          67|
    |s_4_fu_816_p2           |         +|   0|  0|  74|          67|          67|
    |s_5_fu_1176_p2          |         +|   0|  0|  75|          68|          68|
    |s_6_fu_1359_p2          |         +|   0|  0|  75|          68|          68|
    |s_7_fu_1447_p2          |         +|   0|  0|  75|          68|          68|
    |s_8_fu_1594_p2          |         +|   0|  0|  75|          68|          68|
    |s_9_fu_1640_p2          |         +|   0|  0|  75|          68|          68|
    |s_fu_290_p2             |         +|   0|  0|  72|          65|          65|
    |ap_enable_pp0           |       xor|   0|  0|   2|           1|           2|
    +------------------------+----------+----+---+----+------------+------------+
    |Total                   |          |   0|  0|6208|        5724|        5725|
    +------------------------+----------+----+---+----+------------+------------+

    * Multiplexer: 
    +-------------------------+----+-----------+-----+-----------+
    |           Name          | LUT| Input Size| Bits| Total Bits|
    +-------------------------+----+-----------+-----+-----------+
    |a_address0_local         |  49|          9|    3|         27|
    |ap_NS_fsm                |  49|          9|    1|          9|
    |ap_enable_reg_pp0_iter0  |   9|          2|    1|          2|
    |ap_enable_reg_pp0_iter1  |   9|          2|    1|          2|
    |grp_fu_135_p0            |  49|          9|   64|        576|
    |grp_fu_135_p1            |  43|          8|   64|        512|
    |grp_fu_139_p0            |  49|          9|   64|        576|
    |grp_fu_139_p1            |  20|          4|   64|        256|
    |grp_fu_143_p0            |  43|          8|   64|        512|
    |grp_fu_143_p1            |  26|          5|   64|        320|
    |grp_fu_147_p0            |  37|          7|   64|        448|
    |grp_fu_147_p1            |  26|          5|   64|        320|
    |grp_fu_151_p0            |  26|          5|   64|        320|
    |grp_fu_151_p1            |  20|          4|   64|        256|
    +-------------------------+----+-----------+-----+-----------+
    |Total                    | 455|         86|  646|       4136|
    +-------------------------+----+-----------+-----+-----------+

    * Register: 
    +-----------------------------------+----+----+-----+-----------+
    |                Name               | FF | LUT| Bits| Const Bits|
    +-----------------------------------+----+----+-----+-----------+
    |add_ln76_reg_2021                  |  64|   0|   64|          0|
    |add_ln76_reg_2021_pp0_iter1_reg    |  64|   0|   64|          0|
    |add_ln85_18_reg_2231               |  64|   0|   65|          1|
    |add_ln85_19_reg_2208               |  66|   0|   66|          0|
    |add_ln85_21_reg_2149               |  66|   0|   66|          0|
    |add_ln85_22_reg_2236               |  65|   0|   65|          0|
    |add_ln85_25_reg_2280               |  64|   0|   65|          1|
    |add_ln85_26_reg_2241               |  66|   0|   66|          0|
    |add_ln85_28_reg_2154               |  66|   0|   66|          0|
    |add_ln85_31_reg_2285               |  67|   0|   67|          0|
    |add_ln85_33_reg_2295               |  66|   0|   66|          0|
    |add_ln85_34_reg_2246               |  66|   0|   66|          0|
    |add_ln85_36_reg_2160               |  66|   0|   66|          0|
    |add_ln85_3_reg_2098                |  64|   0|   65|          1|
    |add_ln85_41_reg_2301               |  66|   0|   66|          0|
    |add_ln85_42_reg_2252               |  66|   0|   66|          0|
    |add_ln85_43_reg_2342               |  67|   0|   67|          0|
    |add_ln85_44_reg_2258               |  66|   0|   66|          0|
    |add_ln85_45_reg_2352               |  65|   0|   65|          0|
    |add_ln85_48_reg_2307               |  64|   0|   65|          1|
    |add_ln85_49_reg_2357               |  66|   0|   66|          0|
    |add_ln85_50_reg_2263               |  66|   0|   66|          0|
    |add_ln85_54_reg_2362               |  64|   0|   65|          1|
    |add_ln85_55_reg_2393               |  66|   0|   66|          0|
    |add_ln85_57_reg_2403               |  66|   0|   66|          0|
    |add_ln85_5_reg_2103                |  66|   0|   66|          0|
    |add_ln85_63_reg_2413               |  65|   0|   65|          0|
    |add_ln86_10_reg_2433               |  64|   0|   64|          0|
    |add_ln86_1_reg_2093                |  64|   0|   64|          0|
    |add_ln86_2_reg_2139                |  64|   0|   64|          0|
    |add_ln86_3_reg_2198                |  64|   0|   64|          0|
    |add_ln86_4_reg_2275                |  64|   0|   64|          0|
    |add_ln86_5_reg_2332                |  64|   0|   64|          0|
    |add_ln86_6_reg_2337                |  64|   0|   64|          0|
    |add_ln86_7_reg_2383                |  64|   0|   64|          0|
    |add_ln86_8_reg_2418                |  64|   0|   64|          0|
    |add_ln86_9_reg_2423                |  64|   0|   64|          0|
    |ap_CS_fsm                          |   8|   0|    8|          0|
    |ap_enable_reg_pp0_iter0_reg        |   1|   0|    1|          0|
    |ap_enable_reg_pp0_iter1            |   1|   0|    1|          0|
    |carry_reg_2026                     |   1|   0|    1|          0|
    |or_ln77_1_reg_2052                 |  65|   0|   65|          0|
    |or_ln77_24_reg_2327                |  65|   0|   65|          0|
    |or_ln77_26_cast_reg_2378           |  64|   0|   64|          0|
    |or_ln77_8_reg_2083                 |  65|   0|   65|          0|
    |reg_215                            |  64|   0|   64|          0|
    |reg_219                            |  65|   0|   65|          0|
    |reg_223                            |  64|   0|   64|          0|
    |reg_227                            |  65|   0|   65|          0|
    |reg_231                            |  65|   0|   65|          0|
    |reg_235                            |  65|   0|   65|          0|
    |reg_239                            |  65|   0|   65|          0|
    |tmp_17_reg_2438                    |   2|   0|    2|          0|
    |tmp_1_reg_2144                     |   3|   0|    3|          0|
    |tmp_2_reg_2203                     |   3|   0|    3|          0|
    |tmp_8_reg_2317                     |  64|   0|   64|          0|
    |trunc_ln1_reg_2368                 |  64|   0|   64|          0|
    |trunc_ln56_1_reg_2037              |  64|   0|   64|          0|
    |trunc_ln56_2_reg_2068              |  64|   0|   64|          0|
    |trunc_ln56_4_reg_2173              |  64|   0|   64|          0|
    |trunc_ln56_5_reg_2312              |  64|   0|   64|          0|
    |trunc_ln56_6_reg_2322              |  64|   0|   64|          0|
    |trunc_ln56_reg_2010                |  64|   0|   64|          0|
    |trunc_ln74_10_reg_2183             |  63|   0|   63|          0|
    |trunc_ln74_11_reg_2226             |  63|   0|   63|          0|
    |trunc_ln74_13_reg_2088             |  63|   0|   63|          0|
    |trunc_ln74_14_reg_2124             |  63|   0|   63|          0|
    |trunc_ln74_15_reg_2188             |  63|   0|   63|          0|
    |trunc_ln74_18_reg_2129             |  63|   0|   63|          0|
    |trunc_ln74_19_reg_2193             |  63|   0|   63|          0|
    |trunc_ln74_1_reg_2047              |  63|   0|   63|          0|
    |trunc_ln74_26_reg_2373             |  63|   0|   63|          0|
    |trunc_ln74_7_reg_2057              |  63|   0|   63|          0|
    |trunc_ln74_8_reg_2078              |  63|   0|   63|          0|
    |trunc_ln74_9_reg_2119              |  63|   0|   63|          0|
    |trunc_ln85_11_reg_2347             |  64|   0|   64|          0|
    |trunc_ln85_13_reg_2398             |  64|   0|   64|          0|
    |trunc_ln85_14_reg_2408             |  64|   0|   64|          0|
    |trunc_ln85_8_reg_2290              |  64|   0|   64|          0|
    |trunc_ln86_1_reg_2134              |  64|   0|   64|          0|
    |trunc_ln86_2_reg_2388              |  64|   0|   64|          0|
    |trunc_ln86_3_reg_2428              |  64|   0|   64|          0|
    |trunc_ln86_reg_1999                |  64|   0|   64|          0|
    |trunc_ln86_reg_1999_pp0_iter1_reg  |  64|   0|   64|          0|
    |zext_ln56_1_reg_2004               |  64|   0|  128|         64|
    |zext_ln56_2_reg_2031               |  64|   0|  128|         64|
    |zext_ln56_3_reg_2062               |  64|   0|  128|         64|
    |zext_ln56_4_reg_2108               |  64|   0|  128|         64|
    |zext_ln56_5_reg_2166               |  64|   0|  128|         64|
    |zext_ln56_6_reg_2213               |  64|   0|  128|         64|
    |zext_ln56_7_reg_2268               |  64|   0|  128|         64|
    |zext_ln56_reg_1988                 |  64|   0|  128|         64|
    +-----------------------------------+----+----+-----+-----------+
    |Total                              |5494|   0| 6011|        517|
    +-----------------------------------+----+----+-----+-----------+



================================================================
== Interface
================================================================
* Summary: 
+--------------+-----+-----+------------+--------------+--------------+
|   RTL Ports  | Dir | Bits|  Protocol  | Source Object|    C Type    |
+--------------+-----+-----+------------+--------------+--------------+
|ap_clk        |   in|    1|  ap_ctrl_hs|   square_full|  return value|
|ap_rst        |   in|    1|  ap_ctrl_hs|   square_full|  return value|
|ap_start      |   in|    1|  ap_ctrl_hs|   square_full|  return value|
|ap_done       |  out|    1|  ap_ctrl_hs|   square_full|  return value|
|ap_idle       |  out|    1|  ap_ctrl_hs|   square_full|  return value|
|ap_ready      |  out|    1|  ap_ctrl_hs|   square_full|  return value|
|ap_ce         |   in|    1|  ap_ctrl_hs|   square_full|  return value|
|ap_return_0   |  out|   64|  ap_ctrl_hs|   square_full|  return value|
|ap_return_1   |  out|   64|  ap_ctrl_hs|   square_full|  return value|
|ap_return_2   |  out|   64|  ap_ctrl_hs|   square_full|  return value|
|ap_return_3   |  out|   64|  ap_ctrl_hs|   square_full|  return value|
|ap_return_4   |  out|   64|  ap_ctrl_hs|   square_full|  return value|
|ap_return_5   |  out|   64|  ap_ctrl_hs|   square_full|  return value|
|ap_return_6   |  out|   64|  ap_ctrl_hs|   square_full|  return value|
|ap_return_7   |  out|   64|  ap_ctrl_hs|   square_full|  return value|
|ap_return_8   |  out|   64|  ap_ctrl_hs|   square_full|  return value|
|ap_return_9   |  out|   64|  ap_ctrl_hs|   square_full|  return value|
|ap_return_10  |  out|   64|  ap_ctrl_hs|   square_full|  return value|
|ap_return_11  |  out|   64|  ap_ctrl_hs|   square_full|  return value|
|ap_return_12  |  out|   64|  ap_ctrl_hs|   square_full|  return value|
|ap_return_13  |  out|   64|  ap_ctrl_hs|   square_full|  return value|
|ap_return_14  |  out|   64|  ap_ctrl_hs|   square_full|  return value|
|ap_return_15  |  out|   64|  ap_ctrl_hs|   square_full|  return value|
|a_address0    |  out|    3|   ap_memory|             a|         array|
|a_ce0         |  out|    1|   ap_memory|             a|         array|
|a_q0          |   in|   64|   ap_memory|             a|         array|
+--------------+-----+-----+------------+--------------+--------------+

