================================================================
== Design Size Report
================================================================

* Total Instructions per Compilation Phase
+---------------+-----------------------------+--------------+----------------------------------------------------------------------------------------+
| Phase         | Step                        | Instructions | Description                                                                            |
+---------------+-----------------------------+--------------+----------------------------------------------------------------------------------------+
| Compile/Link  |                             | 2,923        | After all functions are compiled and linked into a single design                       |
|               |                             |              |                                                                                        |
| Unroll/Inline |                             |              | After user unroll and inline pragmas are applied                                       |
|               | (1) unroll                  |   588        | user unroll pragmas are applied                                                        |
|               | (2) simplification          |   365        | simplification of applied user unroll pragmas                                          |
|               | (3) inline                  |   362        | user inline pragmas are applied                                                        |
|               | (4) simplification          |   362        | simplification of applied user inline pragmas                                          |
|               |                             |              |                                                                                        |
| Array/Struct  |                             |              | After user array partition and struct aggregate/disaggregate pragmas are applied       |
|               | (1) array partition         |   235        | user array partition pragmas are applied                                               |
|               | (2) simplification          |   235        | simplification of applied user array partition & struct aggregate/disaggregate pragmas |
|               | (3) aggregate/disaggregate  |   235        | user struct aggregate/disaggregate pragmas are applied                                 |
|               | (4) array reshape           |   235        | apply array reshape pragmas                                                            |
|               | (5) access patterns         |   249        | array access pattern optmizations                                                      |
|               |                             |              |                                                                                        |
| Performance   |                             |              | After transformations are applied to meet performance pragma targets                   |
|               | (1) loop simplification     |   249        | loop and instruction simplification                                                    |
|               | (2) parallelization         |   237        | loops are unrolled or pipelined to meet performance targets                            |
|               | (3) array partition         |   235        | arrays are partitioned to meet performance targets                                     |
|               | (4) simplification          |   235        | simplification of design after performance transformations                             |
|               |                             |              |                                                                                        |
| HW Transforms |                             |              | After hardware transfomations                                                          |
|               | (1) lowering                |   235        | initial conversion to HW specific instructions                                         |
|               | (2) optimizations           |   263        | high level synthesis optimizations                                                     |
+---------------+-----------------------------+--------------+----------------------------------------------------------------------------------------+

* Instructions per Function for each Compilation Phase
+-------------------------------+----------------------------+-----------------+---------------+--------------+-------------+---------------+
| Function                      | Location                   | Compile/Link    | Unroll/Inline | Array/Struct | Performance | HW Transforms |
+-------------------------------+----------------------------+-----------------+---------------+--------------+-------------+---------------+
| + test_mul_comba_configurable | test_comba_bits256.cpp:254 | 2,923           | 362           | 249          | 235         | 263           |
|  + mp_mul_comba_configurable  | test_comba_bits256.cpp:248 | 2,917           |               |              |             |               |
|   + mul                       | test_comba_bits256.cpp:184 | 2,915           |               |              |             |               |
|      ceil_div_u               | test_comba_bits256.cpp:19  |    8 (2 calls)  |               |              |             |               |
|      init                     | test_comba_bits256.cpp:111 |   11            |               |              |             |               |
|    + get_bits_as_chunk        | test_comba_bits256.cpp:48  | 1,352 (2 calls) |               |              |             |               |
|       ceil_div_u              | test_comba_bits256.cpp:19  |    8 (2 calls)  |               |              |             |               |
|      push                     | test_comba_bits256.cpp:121 |  936 (2 calls)  |               |              |             |               |
|      flush                    | test_comba_bits256.cpp:165 |   47            |               |              |             |               |
|    mul                        | test_comba_bits256.cpp:184 |                 | 356           | 240          | 226         | 253           |
+-------------------------------+----------------------------+-----------------+---------------+--------------+-------------+---------------+

* Design Size Message Settings
+---------------------------------------------+--------+------------------------------------------------------------------+
| Message Setting                             | Value  | Description                                                      |
+---------------------------------------------+--------+------------------------------------------------------------------+
| config_compile -design_size_maximum_warning | 100000 | Show a warning when total design instructions exceeds this value |
+---------------------------------------------+--------+------------------------------------------------------------------+


